*************************************
Mode:      resumption
Protocol:  tls
Auth Mode: single
SIG_ALG:   mldsa65
KEM_ALG:   p384_mlkem768
Network:   ideal (delay=0ms/interface, loss=0%)
Waves:      50
Early data: false
*************************************
Total reclaimed space: 0B
Error response from daemon: get cert: no such volume
Error response from daemon: network localNet not found
exit status 1

*** NETWORK AND VOLUME ***
56ddc9935fff1245802b5748c755897c453213defe0ccd7f6dba884bbffc3da3
cert

 ==> Creating Certs and Keys for SIG_ALG=mldsa65
Creating certificates
Using default procedure for mldsa65
-----
-----
Certificate request self-signature ok
subject=CN=localhost
-----
Certificate request self-signature ok
subject=CN=user
Running /opt/oqssa/bin/doCert.sh with SIG_ALG=mldsa65 and certificates created


 ==> Starting server...
493ef2873423f0d2eccb5cfb43566a96691b23bd78dc0d2ae3eb0dbcd00ba006
    Server IP: 172.18.0.2

 ==> Starting client container (idle, tests run via docker exec)...
2d649c868bb46d26c406dfcfedd299c53d8521409994f3c92bf99ca822fcb749
cliente
=== Session resumption test ===
  Protocol: tls | SIG_ALG: mldsa65 | KEM_ALG: p384_mlkem768 | Waves: 50 | 0-RTT: false
================================
  [!] Vague 1 : pas de ticket de session sauvegardé, reprise ignorée.
  [!] Vague 2 : pas de ticket de session sauvegardé, reprise ignorée.
  [!] Vague 3 : pas de ticket de session sauvegardé, reprise ignorée.
  [!] Vague 4 : pas de ticket de session sauvegardé, reprise ignorée.
  [!] Vague 5 : pas de ticket de session sauvegardé, reprise ignorée.
  [!] Vague 6 : pas de ticket de session sauvegardé, reprise ignorée.
  [!] Vague 7 : pas de ticket de session sauvegardé, reprise ignorée.
  [!] Vague 8 : pas de ticket de session sauvegardé, reprise ignorée.
  [!] Vague 9 : pas de ticket de session sauvegardé, reprise ignorée.
  [!] Vague 10 : pas de ticket de session sauvegardé, reprise ignorée.
  [!] Vague 11 : pas de ticket de session sauvegardé, reprise ignorée.
  [!] Vague 12 : pas de ticket de session sauvegardé, reprise ignorée.
  [!] Vague 13 : pas de ticket de session sauvegardé, reprise ignorée.
  [!] Vague 14 : pas de ticket de session sauvegardé, reprise ignorée.
  [!] Vague 15 : pas de ticket de session sauvegardé, reprise ignorée.
  [!] Vague 16 : pas de ticket de session sauvegardé, reprise ignorée.
  [!] Vague 17 : pas de ticket de session sauvegardé, reprise ignorée.
  [!] Vague 18 : pas de ticket de session sauvegardé, reprise ignorée.
  [!] Vague 19 : pas de ticket de session sauvegardé, reprise ignorée.
  [!] Vague 20 : pas de ticket de session sauvegardé, reprise ignorée.
  [!] Vague 21 : pas de ticket de session sauvegardé, reprise ignorée.
  [!] Vague 22 : pas de ticket de session sauvegardé, reprise ignorée.
  [!] Vague 23 : pas de ticket de session sauvegardé, reprise ignorée.
  [!] Vague 24 : pas de ticket de session sauvegardé, reprise ignorée.
  [!] Vague 25 : pas de ticket de session sauvegardé, reprise ignorée.
  [!] Vague 26 : pas de ticket de session sauvegardé, reprise ignorée.
  [!] Vague 27 : pas de ticket de session sauvegardé, reprise ignorée.
  [!] Vague 28 : pas de ticket de session sauvegardé, reprise ignorée.
  [!] Vague 29 : pas de ticket de session sauvegardé, reprise ignorée.
  [!] Vague 30 : pas de ticket de session sauvegardé, reprise ignorée.
  [!] Vague 31 : pas de ticket de session sauvegardé, reprise ignorée.
  [!] Vague 32 : pas de ticket de session sauvegardé, reprise ignorée.
  [!] Vague 33 : pas de ticket de session sauvegardé, reprise ignorée.
  [!] Vague 34 : pas de ticket de session sauvegardé, reprise ignorée.
  [!] Vague 35 : pas de ticket de session sauvegardé, reprise ignorée.
  [!] Vague 36 : pas de ticket de session sauvegardé, reprise ignorée.
  [!] Vague 37 : pas de ticket de session sauvegardé, reprise ignorée.
  [!] Vague 38 : pas de ticket de session sauvegardé, reprise ignorée.
  [!] Vague 39 : pas de ticket de session sauvegardé, reprise ignorée.
  [!] Vague 40 : pas de ticket de session sauvegardé, reprise ignorée.
  [!] Vague 41 : pas de ticket de session sauvegardé, reprise ignorée.
  [!] Vague 42 : pas de ticket de session sauvegardé, reprise ignorée.
  [!] Vague 43 : pas de ticket de session sauvegardé, reprise ignorée.
  [!] Vague 44 : pas de ticket de session sauvegardé, reprise ignorée.
  [!] Vague 45 : pas de ticket de session sauvegardé, reprise ignorée.
  [!] Vague 46 : pas de ticket de session sauvegardé, reprise ignorée.
  [!] Vague 47 : pas de ticket de session sauvegardé, reprise ignorée.
  [!] Vague 48 : pas de ticket de session sauvegardé, reprise ignorée.
  [!] Vague 49 : pas de ticket de session sauvegardé, reprise ignorée.
  [!] Vague 50 : pas de ticket de session sauvegardé, reprise ignorée.

Résultats : /tmp/resumption_summary_tls_mldsa65_p384_mlkem768.csv

 ==> Résultats copiés dans : /home/tolokoum/Documents/mldsa-mlkem-hqc-tls-quic-constrained-performance/captures/advanced_tests
Deleted Containers:
2d649c868bb46d26c406dfcfedd299c53d8521409994f3c92bf99ca822fcb749
493ef2873423f0d2eccb5cfb43566a96691b23bd78dc0d2ae3eb0dbcd00ba006

Total reclaimed space: 24.58kB
cert
localNet
✅  Cleanup complete. Advanced tests finished.
