Handshake timeout budget: 150s (identique TLS/QUIC)
Applying netem rules to lo...
Showing qdisc status for the interface: lo
qdisc netem 9991: root refcnt 2 limit 1000 seed 4762368096427502930
 Sent 0 bytes 0 pkt (dropped 0, overlimits 0 requeues 0) 
 backlog 0b 0p requeues 0
Running ./perftestClientTlsQuic.sh with SIG_ALG=secp384r1 and KEM_ALG=p384_mlkem768
Execution 1 - TLS Single
s_connection: verify depth is 1
Handshake duration: 1374.25 ms
Execution 2 - TLS Single
s_connection: verify depth is 1
Handshake duration: 361.54 ms
Execution 3 - TLS Single
s_connection: verify depth is 1
Handshake duration: 362.11 ms
Execution 4 - TLS Single
s_connection: verify depth is 1
Handshake duration: 362.57 ms
Execution 5 - TLS Single
s_connection: verify depth is 1
Handshake duration: 359.49 ms
Execution 6 - TLS Single
s_connection: verify depth is 1
Handshake duration: 362.15 ms
Execution 7 - TLS Single
s_connection: verify depth is 1
Handshake duration: 362.45 ms
Execution 8 - TLS Single
s_connection: verify depth is 1
Handshake duration: 364.76 ms
Execution 9 - TLS Single
s_connection: verify depth is 1
Handshake duration: 364.57 ms
Execution 10 - TLS Single
s_connection: verify depth is 1
Handshake duration: 357.63 ms
Execution 11 - TLS Single
s_connection: verify depth is 1
Handshake duration: 363.00 ms
Execution 12 - TLS Single
s_connection: verify depth is 1
Handshake duration: 360.24 ms
Execution 13 - TLS Single
s_connection: verify depth is 1
Handshake duration: 353.52 ms
Execution 14 - TLS Single
s_connection: verify depth is 1
Handshake duration: 353.24 ms
Execution 15 - TLS Single
s_connection: verify depth is 1
Handshake duration: 1547.78 ms
Execution 16 - TLS Single
s_connection: verify depth is 1
Handshake duration: 362.25 ms
Execution 17 - TLS Single
s_connection: verify depth is 1
Handshake duration: 361.48 ms
Execution 18 - TLS Single
s_connection: verify depth is 1
Handshake duration: 361.11 ms
Execution 19 - TLS Single
s_connection: verify depth is 1
Handshake duration: 364.39 ms
Execution 20 - TLS Single
s_connection: verify depth is 1
Handshake duration: 353.89 ms
Execution 21 - TLS Single
s_connection: verify depth is 1
Handshake duration: 361.39 ms
Execution 22 - TLS Single
s_connection: verify depth is 1
Handshake duration: 355.67 ms
Execution 23 - TLS Single
s_connection: verify depth is 1
Handshake duration: 361.72 ms
Execution 24 - TLS Single
s_connection: verify depth is 1
Handshake duration: 357.43 ms
Execution 25 - TLS Single
s_connection: verify depth is 1
Handshake duration: 1203.54 ms
Execution 26 - TLS Single
s_connection: verify depth is 1
Handshake duration: 356.27 ms
Execution 27 - TLS Single
s_connection: verify depth is 1
Handshake duration: 363.68 ms
Execution 28 - TLS Single
s_connection: verify depth is 1
Handshake duration: 363.14 ms
Execution 29 - TLS Single
s_connection: verify depth is 1
Handshake duration: 363.69 ms
Execution 30 - TLS Single
s_connection: verify depth is 1
Handshake duration: 354.87 ms
Execution 31 - TLS Single
s_connection: verify depth is 1
Handshake duration: 363.33 ms
Execution 32 - TLS Single
s_connection: verify depth is 1
Handshake duration: 365.32 ms
Execution 33 - TLS Single
s_connection: verify depth is 1
Handshake duration: 360.58 ms
Execution 34 - TLS Single
s_connection: verify depth is 1
Handshake duration: 356.20 ms
Execution 35 - TLS Single
s_connection: verify depth is 1
Handshake duration: 362.02 ms
Execution 36 - TLS Single
s_connection: verify depth is 1
Handshake duration: 360.32 ms
Execution 37 - TLS Single
s_connection: verify depth is 1
Handshake duration: 362.05 ms
Execution 38 - TLS Single
s_connection: verify depth is 1
Handshake duration: 367.12 ms
Execution 39 - TLS Single
s_connection: verify depth is 1
Handshake duration: 366.21 ms
Execution 40 - TLS Single
s_connection: verify depth is 1
Handshake duration: 363.70 ms
Execution 41 - TLS Single
s_connection: verify depth is 1
Handshake duration: 359.07 ms
Execution 42 - TLS Single
s_connection: verify depth is 1
Handshake duration: 362.87 ms
Execution 43 - TLS Single
s_connection: verify depth is 1
Handshake duration: 362.66 ms
Execution 44 - TLS Single
s_connection: verify depth is 1
Handshake duration: 354.95 ms
Execution 45 - TLS Single
s_connection: verify depth is 1
Handshake duration: 363.81 ms
Execution 46 - TLS Single
s_connection: verify depth is 1
Handshake duration: 357.68 ms
Execution 47 - TLS Single
s_connection: verify depth is 1
Handshake duration: 349.84 ms
Execution 48 - TLS Single
s_connection: verify depth is 1
Handshake duration: 359.35 ms
Execution 49 - TLS Single
s_connection: verify depth is 1
Handshake duration: 357.57 ms
Execution 50 - TLS Single
s_connection: verify depth is 1
Handshake duration: 363.38 ms
Execution 51 - TLS Single
s_connection: verify depth is 1
Handshake duration: 363.92 ms
Execution 52 - TLS Single
s_connection: verify depth is 1
Handshake duration: 359.78 ms
Execution 53 - TLS Single
s_connection: verify depth is 1
Handshake duration: 359.57 ms
Execution 54 - TLS Single
s_connection: verify depth is 1
Handshake duration: 363.41 ms
Execution 55 - TLS Single
s_connection: verify depth is 1
Handshake duration: 363.29 ms
Execution 56 - TLS Single
s_connection: verify depth is 1
Handshake duration: 355.17 ms
Execution 57 - TLS Single
s_connection: verify depth is 1
Handshake duration: 355.38 ms
Execution 58 - TLS Single
s_connection: verify depth is 1
Handshake duration: 362.42 ms
Execution 59 - TLS Single
s_connection: verify depth is 1
Handshake duration: 1371.82 ms
Execution 60 - TLS Single
s_connection: verify depth is 1
Handshake duration: 364.17 ms
Execution 61 - TLS Single
s_connection: verify depth is 1
Handshake duration: 358.80 ms
Execution 62 - TLS Single
s_connection: verify depth is 1
Handshake duration: 358.53 ms
Execution 63 - TLS Single
s_connection: verify depth is 1
Handshake duration: 359.80 ms
Execution 64 - TLS Single
s_connection: verify depth is 1
Handshake duration: 366.03 ms
Execution 65 - TLS Single
s_connection: verify depth is 1
Handshake duration: 363.72 ms
Execution 66 - TLS Single
s_connection: verify depth is 1
Handshake duration: 368.10 ms
Execution 67 - TLS Single
s_connection: verify depth is 1
Handshake duration: 361.91 ms
Execution 68 - TLS Single
s_connection: verify depth is 1
Handshake duration: 365.34 ms
Execution 69 - TLS Single
s_connection: verify depth is 1
Handshake duration: 365.69 ms
Execution 70 - TLS Single
s_connection: verify depth is 1
Handshake duration: 362.19 ms
Execution 71 - TLS Single
s_connection: verify depth is 1
Handshake duration: 362.22 ms
Execution 72 - TLS Single
s_connection: verify depth is 1
Handshake duration: 360.50 ms
Execution 73 - TLS Single
s_connection: verify depth is 1
Handshake duration: 1209.89 ms
Execution 74 - TLS Single
s_connection: verify depth is 1
Handshake duration: 361.28 ms
Execution 75 - TLS Single
s_connection: verify depth is 1
Handshake duration: 1203.36 ms
Execution 76 - TLS Single
s_connection: verify depth is 1
Handshake duration: 360.11 ms
Execution 77 - TLS Single
s_connection: verify depth is 1
Handshake duration: 366.95 ms
Execution 78 - TLS Single
s_connection: verify depth is 1
Handshake duration: 364.33 ms
Execution 79 - TLS Single
s_connection: verify depth is 1
Handshake duration: 361.93 ms
Execution 80 - TLS Single
s_connection: verify depth is 1
Handshake duration: 361.64 ms
Execution 81 - TLS Single
s_connection: verify depth is 1
Handshake duration: 355.91 ms
Execution 82 - TLS Single
s_connection: verify depth is 1
Handshake duration: 362.11 ms
Execution 83 - TLS Single
s_connection: verify depth is 1
Handshake duration: 366.59 ms
Execution 84 - TLS Single
s_connection: verify depth is 1
Handshake duration: 365.95 ms
Execution 85 - TLS Single
s_connection: verify depth is 1
Handshake duration: 366.13 ms
Execution 86 - TLS Single
s_connection: verify depth is 1
Handshake duration: 357.74 ms
Execution 87 - TLS Single
s_connection: verify depth is 1
Handshake duration: 361.94 ms
Execution 88 - TLS Single
s_connection: verify depth is 1
Handshake duration: 363.40 ms
Execution 89 - TLS Single
s_connection: verify depth is 1
Handshake duration: 346.12 ms
Execution 90 - TLS Single
s_connection: verify depth is 1
Handshake duration: 354.23 ms
Execution 91 - TLS Single
s_connection: verify depth is 1
Handshake duration: 363.70 ms
Execution 92 - TLS Single
s_connection: verify depth is 1
Handshake duration: 363.00 ms
Execution 93 - TLS Single
s_connection: verify depth is 1
Handshake duration: 365.88 ms
Execution 94 - TLS Single
s_connection: verify depth is 1
Handshake duration: 358.07 ms
Execution 95 - TLS Single
s_connection: verify depth is 1
Handshake duration: 363.11 ms
Execution 96 - TLS Single
s_connection: verify depth is 1
Handshake duration: 363.14 ms
Execution 97 - TLS Single
s_connection: verify depth is 1
Handshake duration: 367.08 ms
Execution 98 - TLS Single
s_connection: verify depth is 1
Handshake duration: 364.52 ms
Execution 99 - TLS Single
s_connection: verify depth is 1
Handshake duration: 362.41 ms
Execution 100 - TLS Single
s_connection: verify depth is 1
Handshake duration: 361.62 ms
Execution 101 - TLS Single
s_connection: verify depth is 1
Handshake duration: 364.44 ms
Execution 102 - TLS Single
s_connection: verify depth is 1
Handshake duration: 362.81 ms
Execution 103 - TLS Single
s_connection: verify depth is 1
Handshake duration: 356.64 ms
Execution 104 - TLS Single
s_connection: verify depth is 1
Handshake duration: 362.99 ms
Execution 105 - TLS Single
s_connection: verify depth is 1
Handshake duration: 363.38 ms
Execution 106 - TLS Single
s_connection: verify depth is 1
Handshake duration: 357.76 ms
Execution 107 - TLS Single
s_connection: verify depth is 1
Handshake duration: 362.50 ms
Execution 108 - TLS Single
s_connection: verify depth is 1
Handshake duration: 356.78 ms
Execution 109 - TLS Single
s_connection: verify depth is 1
Handshake duration: 363.01 ms
Execution 110 - TLS Single
s_connection: verify depth is 1
Handshake duration: 357.92 ms
Execution 111 - TLS Single
s_connection: verify depth is 1
Handshake duration: 361.94 ms
Execution 112 - TLS Single
s_connection: verify depth is 1
Handshake duration: 363.67 ms
Execution 113 - TLS Single
s_connection: verify depth is 1
Handshake duration: 360.69 ms
Execution 114 - TLS Single
s_connection: verify depth is 1
Handshake duration: 363.21 ms
Execution 115 - TLS Single
s_connection: verify depth is 1
Handshake duration: 373.01 ms
Execution 116 - TLS Single
s_connection: verify depth is 1
Handshake duration: 368.25 ms
Execution 117 - TLS Single
s_connection: verify depth is 1
Handshake duration: 359.64 ms
Execution 118 - TLS Single
s_connection: verify depth is 1
Handshake duration: 362.81 ms
Execution 119 - TLS Single
s_connection: verify depth is 1
Handshake duration: 363.65 ms
Execution 120 - TLS Single
s_connection: verify depth is 1
Handshake duration: 356.24 ms
Execution 121 - TLS Single
s_connection: verify depth is 1
Handshake duration: 358.91 ms
Execution 122 - TLS Single
s_connection: verify depth is 1
Handshake duration: 368.35 ms
Execution 123 - TLS Single
s_connection: verify depth is 1
Handshake duration: 1201.77 ms
Execution 124 - TLS Single
s_connection: verify depth is 1
Handshake duration: 361.75 ms
Execution 125 - TLS Single
s_connection: verify depth is 1
Handshake duration: 362.00 ms
