Handshake timeout budget: 150s (identique TLS/QUIC)
Applying netem rules to lo...
Showing qdisc status for the interface: lo
qdisc netem 8473: root refcnt 2 limit 1000 seed 2903506301200293581
 Sent 0 bytes 0 pkt (dropped 0, overlimits 0 requeues 0) 
 backlog 0b 0p requeues 0
Running ./perftestClientTlsQuic.sh with SIG_ALG=secp384r1 and KEM_ALG=p384_hqc192
Execution 1 - TLS Single
s_connection: verify depth is 1
Handshake duration: 696.77 ms
Execution 2 - TLS Single
s_connection: verify depth is 1
Handshake duration: 420.09 ms
Execution 3 - TLS Single
s_connection: verify depth is 1
Handshake duration: 515.18 ms
Execution 4 - TLS Single
s_connection: verify depth is 1
Handshake duration: 528.82 ms
Execution 5 - TLS Single
s_connection: verify depth is 1
Handshake duration: 532.89 ms
Execution 6 - TLS Single
s_connection: verify depth is 1
Handshake duration: 521.45 ms
Execution 7 - TLS Single
s_connection: verify depth is 1
Handshake duration: 528.32 ms
Execution 8 - TLS Single
s_connection: verify depth is 1
Handshake duration: 516.01 ms
Execution 9 - TLS Single
s_connection: verify depth is 1
Handshake duration: 491.30 ms
Execution 10 - TLS Single
s_connection: verify depth is 1
Handshake duration: 507.41 ms
Execution 11 - TLS Single
s_connection: verify depth is 1
Handshake duration: 526.19 ms
Execution 12 - TLS Single
s_connection: verify depth is 1
Handshake duration: 522.62 ms
Execution 13 - TLS Single
s_connection: verify depth is 1
Handshake duration: 525.33 ms
Execution 14 - TLS Single
s_connection: verify depth is 1
Handshake duration: 537.09 ms
Execution 15 - TLS Single
s_connection: verify depth is 1
Handshake duration: 693.15 ms
Execution 16 - TLS Single
s_connection: verify depth is 1
Handshake duration: 693.11 ms
Execution 17 - TLS Single
s_connection: verify depth is 1
Handshake duration: 521.18 ms
Execution 18 - TLS Single
s_connection: verify depth is 1
Handshake duration: 527.64 ms
Execution 19 - TLS Single
s_connection: verify depth is 1
Handshake duration: 527.33 ms
Execution 20 - TLS Single
s_connection: verify depth is 1
Handshake duration: 521.33 ms
Execution 21 - TLS Single
s_connection: verify depth is 1
Handshake duration: 520.38 ms
Execution 22 - TLS Single
s_connection: verify depth is 1
Handshake duration: 522.31 ms
Execution 23 - TLS Single
s_connection: verify depth is 1
Handshake duration: 527.14 ms
Execution 24 - TLS Single
s_connection: verify depth is 1
Handshake duration: 526.71 ms
Execution 25 - TLS Single
s_connection: verify depth is 1
Handshake duration: 523.50 ms
Execution 26 - TLS Single
s_connection: verify depth is 1
Handshake duration: 525.68 ms
Execution 27 - TLS Single
s_connection: verify depth is 1
Handshake duration: 515.71 ms
Execution 28 - TLS Single
s_connection: verify depth is 1
Handshake duration: 528.25 ms
Execution 29 - TLS Single
s_connection: verify depth is 1
Handshake duration: 523.55 ms
Execution 30 - TLS Single
s_connection: verify depth is 1
Handshake duration: 744.79 ms
Execution 31 - TLS Single
s_connection: verify depth is 1
Handshake duration: 527.70 ms
Execution 32 - TLS Single
s_connection: verify depth is 1
Handshake duration: 523.31 ms
Execution 33 - TLS Single
s_connection: verify depth is 1
Handshake duration: 525.42 ms
Execution 34 - TLS Single
s_connection: verify depth is 1
Handshake duration: 516.63 ms
Execution 35 - TLS Single
s_connection: verify depth is 1
Handshake duration: 516.30 ms
Execution 36 - TLS Single
s_connection: verify depth is 1
Handshake duration: 519.72 ms
Execution 37 - TLS Single
s_connection: verify depth is 1
Handshake duration: 527.09 ms
Execution 38 - TLS Single
s_connection: verify depth is 1
Handshake duration: 526.92 ms
Execution 39 - TLS Single
s_connection: verify depth is 1
Handshake duration: 521.44 ms
Execution 40 - TLS Single
s_connection: verify depth is 1
Handshake duration: 526.65 ms
Execution 41 - TLS Single
s_connection: verify depth is 1
Handshake duration: 524.82 ms
Execution 42 - TLS Single
s_connection: verify depth is 1
Handshake duration: 523.06 ms
Execution 43 - TLS Single
s_connection: verify depth is 1
Handshake duration: 690.73 ms
Execution 44 - TLS Single
s_connection: verify depth is 1
Handshake duration: 525.74 ms
Execution 45 - TLS Single
s_connection: verify depth is 1
Handshake duration: 516.13 ms
Execution 46 - TLS Single
s_connection: verify depth is 1
Handshake duration: 518.17 ms
Execution 47 - TLS Single
s_connection: verify depth is 1
Handshake duration: 521.77 ms
Execution 48 - TLS Single
s_connection: verify depth is 1
Handshake duration: 522.91 ms
Execution 49 - TLS Single
s_connection: verify depth is 1
Handshake duration: 517.66 ms
Execution 50 - TLS Single
s_connection: verify depth is 1
Handshake duration: 2206.62 ms
Execution 51 - TLS Single
s_connection: verify depth is 1
Handshake duration: 527.15 ms
Execution 52 - TLS Single
s_connection: verify depth is 1
Handshake duration: 521.65 ms
Execution 53 - TLS Single
s_connection: verify depth is 1
Handshake duration: 522.84 ms
Execution 54 - TLS Single
s_connection: verify depth is 1
Handshake duration: 522.76 ms
Execution 55 - TLS Single
s_connection: verify depth is 1
Handshake duration: 526.66 ms
Execution 56 - TLS Single
s_connection: verify depth is 1
Handshake duration: 527.88 ms
Execution 57 - TLS Single
s_connection: verify depth is 1
Handshake duration: 522.75 ms
Execution 58 - TLS Single
s_connection: verify depth is 1
Handshake duration: 521.66 ms
Execution 59 - TLS Single
s_connection: verify depth is 1
Handshake duration: 523.60 ms
Execution 60 - TLS Single
s_connection: verify depth is 1
Handshake duration: 522.09 ms
Execution 61 - TLS Single
s_connection: verify depth is 1
Handshake duration: 523.49 ms
Execution 62 - TLS Single
s_connection: verify depth is 1
Handshake duration: 521.23 ms
Execution 63 - TLS Single
s_connection: verify depth is 1
Handshake duration: 522.35 ms
Execution 64 - TLS Single
s_connection: verify depth is 1
Handshake duration: 528.22 ms
Execution 65 - TLS Single
s_connection: verify depth is 1
Handshake duration: 527.07 ms
Execution 66 - TLS Single
s_connection: verify depth is 1
Handshake duration: 528.17 ms
Execution 67 - TLS Single
s_connection: verify depth is 1
Handshake duration: 527.70 ms
Execution 68 - TLS Single
s_connection: verify depth is 1
Handshake duration: 526.17 ms
Execution 69 - TLS Single
s_connection: verify depth is 1
Handshake duration: 528.33 ms
Execution 70 - TLS Single
s_connection: verify depth is 1
Handshake duration: 528.88 ms
Execution 71 - TLS Single
s_connection: verify depth is 1
Handshake duration: 517.99 ms
Execution 72 - TLS Single
s_connection: verify depth is 1
Handshake duration: 527.30 ms
Execution 73 - TLS Single
s_connection: verify depth is 1
Handshake duration: 531.37 ms
Execution 74 - TLS Single
s_connection: verify depth is 1
Handshake duration: 522.42 ms
Execution 75 - TLS Single
s_connection: verify depth is 1
Handshake duration: 526.76 ms
Execution 76 - TLS Single
s_connection: verify depth is 1
Handshake duration: 527.54 ms
Execution 77 - TLS Single
s_connection: verify depth is 1
Handshake duration: 516.74 ms
Execution 78 - TLS Single
s_connection: verify depth is 1
Handshake duration: 532.20 ms
Execution 79 - TLS Single
s_connection: verify depth is 1
Handshake duration: 527.97 ms
Execution 80 - TLS Single
s_connection: verify depth is 1
Handshake duration: 530.13 ms
Execution 81 - TLS Single
s_connection: verify depth is 1
Handshake duration: 530.45 ms
Execution 82 - TLS Single
s_connection: verify depth is 1
Handshake duration: 521.67 ms
Execution 83 - TLS Single
s_connection: verify depth is 1
Handshake duration: 527.95 ms
Execution 84 - TLS Single
s_connection: verify depth is 1
Handshake duration: 521.08 ms
Execution 85 - TLS Single
s_connection: verify depth is 1
Handshake duration: 528.80 ms
Execution 86 - TLS Single
s_connection: verify depth is 1
Handshake duration: 521.55 ms
Execution 87 - TLS Single
s_connection: verify depth is 1
Handshake duration: 530.26 ms
Execution 88 - TLS Single
s_connection: verify depth is 1
Handshake duration: 520.58 ms
Execution 89 - TLS Single
s_connection: verify depth is 1
Handshake duration: 527.11 ms
Execution 90 - TLS Single
s_connection: verify depth is 1
Handshake duration: 522.09 ms
Execution 91 - TLS Single
s_connection: verify depth is 1
Handshake duration: 523.91 ms
Execution 92 - TLS Single
s_connection: verify depth is 1
Handshake duration: 519.05 ms
Execution 93 - TLS Single
s_connection: verify depth is 1
Handshake duration: 528.35 ms
Execution 94 - TLS Single
s_connection: verify depth is 1
Handshake duration: 520.56 ms
Execution 95 - TLS Single
s_connection: verify depth is 1
Handshake duration: 528.25 ms
Execution 96 - TLS Single
s_connection: verify depth is 1
Handshake duration: 526.86 ms
Execution 97 - TLS Single
s_connection: verify depth is 1
Handshake duration: 529.58 ms
Execution 98 - TLS Single
s_connection: verify depth is 1
Handshake duration: 526.50 ms
Execution 99 - TLS Single
s_connection: verify depth is 1
Handshake duration: 527.42 ms
Execution 100 - TLS Single
s_connection: verify depth is 1
Handshake duration: 527.85 ms
Execution 101 - TLS Single
s_connection: verify depth is 1
Handshake duration: 527.90 ms
Execution 102 - TLS Single
s_connection: verify depth is 1
Handshake duration: 529.48 ms
Execution 103 - TLS Single
s_connection: verify depth is 1
Handshake duration: 528.67 ms
Execution 104 - TLS Single
s_connection: verify depth is 1
Handshake duration: 523.48 ms
Execution 105 - TLS Single
s_connection: verify depth is 1
Handshake duration: 434.39 ms
Execution 106 - TLS Single
s_connection: verify depth is 1
Handshake duration: 459.11 ms
Execution 107 - TLS Single
s_connection: verify depth is 1
Handshake duration: 522.65 ms
Execution 108 - TLS Single
s_connection: verify depth is 1
Handshake duration: 526.88 ms
Execution 109 - TLS Single
s_connection: verify depth is 1
Handshake duration: 523.34 ms
Execution 110 - TLS Single
s_connection: verify depth is 1
Handshake duration: 523.32 ms
Execution 111 - TLS Single
s_connection: verify depth is 1
Handshake duration: 904.19 ms
Execution 112 - TLS Single
s_connection: verify depth is 1
Handshake duration: 527.12 ms
Execution 113 - TLS Single
s_connection: verify depth is 1
Handshake duration: 528.72 ms
Execution 114 - TLS Single
s_connection: verify depth is 1
Handshake duration: 527.42 ms
Execution 115 - TLS Single
s_connection: verify depth is 1
Handshake duration: 527.85 ms
Execution 116 - TLS Single
s_connection: verify depth is 1
Handshake duration: 522.00 ms
Execution 117 - TLS Single
s_connection: verify depth is 1
Handshake duration: 906.21 ms
Execution 118 - TLS Single
s_connection: verify depth is 1
Handshake duration: 524.67 ms
Execution 119 - TLS Single
s_connection: verify depth is 1
Handshake duration: 527.10 ms
Execution 120 - TLS Single
s_connection: verify depth is 1
Handshake duration: 521.36 ms
Execution 121 - TLS Single
s_connection: verify depth is 1
Handshake duration: 522.32 ms
Execution 122 - TLS Single
s_connection: verify depth is 1
Handshake duration: 527.20 ms
Execution 123 - TLS Single
s_connection: verify depth is 1
Handshake duration: 528.48 ms
Execution 124 - TLS Single
s_connection: verify depth is 1
Handshake duration: 532.49 ms
Execution 125 - TLS Single
s_connection: verify depth is 1
Handshake duration: 521.39 ms
