Handshake timeout budget: 150s (identique TLS/QUIC)
Applying netem rules to lo...
Showing qdisc status for the interface: lo
qdisc netem 9961: root refcnt 2 limit 1000 seed 16757626663397272219
 Sent 0 bytes 0 pkt (dropped 0, overlimits 0 requeues 0) 
 backlog 0b 0p requeues 0
Running ./perftestClientTlsQuic.sh with SIG_ALG=secp521r1 and KEM_ALG=hqc256
Execution 1 - TLS Single
s_connection: verify depth is 1
Handshake duration: 794.82 ms
Execution 2 - TLS Single
s_connection: verify depth is 1
Handshake duration: 625.42 ms
Execution 3 - TLS Single
s_connection: verify depth is 1
Handshake duration: 654.56 ms
Execution 4 - TLS Single
s_connection: verify depth is 1
Handshake duration: 647.11 ms
Execution 5 - TLS Single
s_connection: verify depth is 1
Handshake duration: 624.66 ms
Execution 6 - TLS Single
s_connection: verify depth is 1
Handshake duration: 606.92 ms
Execution 7 - TLS Single
s_connection: verify depth is 1
Handshake duration: 603.19 ms
Execution 8 - TLS Single
s_connection: verify depth is 1
Handshake duration: 619.26 ms
Execution 9 - TLS Single
s_connection: verify depth is 1
Handshake duration: 625.33 ms
Execution 10 - TLS Single
s_connection: verify depth is 1
Handshake duration: 603.70 ms
Execution 11 - TLS Single
s_connection: verify depth is 1
Handshake duration: 645.48 ms
Execution 12 - TLS Single
s_connection: verify depth is 1
Handshake duration: 624.75 ms
Execution 13 - TLS Single
s_connection: verify depth is 1
Handshake duration: 649.20 ms
Execution 14 - TLS Single
s_connection: verify depth is 1
Handshake duration: 628.40 ms
Execution 15 - TLS Single
s_connection: verify depth is 1
Handshake duration: 649.61 ms
Execution 16 - TLS Single
s_connection: verify depth is 1
Handshake duration: 624.79 ms
Execution 17 - TLS Single
s_connection: verify depth is 1
Handshake duration: 630.89 ms
Execution 18 - TLS Single
s_connection: verify depth is 1
Handshake duration: 647.53 ms
Execution 19 - TLS Single
s_connection: verify depth is 1
Handshake duration: 651.69 ms
Execution 20 - TLS Single
s_connection: verify depth is 1
Handshake duration: 1624.73 ms
Execution 21 - TLS Single
s_connection: verify depth is 1
Handshake duration: 1959.70 ms
Execution 22 - TLS Single
s_connection: verify depth is 1
Handshake duration: 648.32 ms
Execution 23 - TLS Single
s_connection: verify depth is 1
Handshake duration: 649.20 ms
Execution 24 - TLS Single
s_connection: verify depth is 1
Handshake duration: 623.87 ms
Execution 25 - TLS Single
s_connection: verify depth is 1
Handshake duration: 627.21 ms
Execution 26 - TLS Single
s_connection: verify depth is 1
Handshake duration: 648.00 ms
Execution 27 - TLS Single
s_connection: verify depth is 1
Handshake duration: 648.11 ms
Execution 28 - TLS Single
s_connection: verify depth is 1
Handshake duration: 603.38 ms
Execution 29 - TLS Single
s_connection: verify depth is 1
Handshake duration: 602.01 ms
Execution 30 - TLS Single
s_connection: verify depth is 1
Handshake duration: 794.77 ms
Execution 31 - TLS Single
s_connection: verify depth is 1
Handshake duration: 623.99 ms
Execution 32 - TLS Single
s_connection: verify depth is 1
Handshake duration: 623.66 ms
Execution 33 - TLS Single
s_connection: verify depth is 1
Handshake duration: 623.88 ms
Execution 34 - TLS Single
s_connection: verify depth is 1
Handshake duration: 604.59 ms
Execution 35 - TLS Single
s_connection: verify depth is 1
Handshake duration: 768.24 ms
Execution 36 - TLS Single
s_connection: verify depth is 1
Handshake duration: 623.69 ms
Execution 37 - TLS Single
s_connection: verify depth is 1
Handshake duration: 608.36 ms
Execution 38 - TLS Single
s_connection: verify depth is 1
Handshake duration: 605.33 ms
Execution 39 - TLS Single
s_connection: verify depth is 1
Handshake duration: 626.35 ms
Execution 40 - TLS Single
s_connection: verify depth is 1
Handshake duration: 650.53 ms
Execution 41 - TLS Single
s_connection: verify depth is 1
Handshake duration: 624.65 ms
Execution 42 - TLS Single
s_connection: verify depth is 1
Handshake duration: 2016.21 ms
Execution 43 - TLS Single
s_connection: verify depth is 1
Handshake duration: 602.30 ms
Execution 44 - TLS Single
s_connection: verify depth is 1
Handshake duration: 651.88 ms
Execution 45 - TLS Single
s_connection: verify depth is 1
Handshake duration: 625.06 ms
Execution 46 - TLS Single
s_connection: verify depth is 1
Handshake duration: 603.49 ms
Execution 47 - TLS Single
s_connection: verify depth is 1
Handshake duration: 626.54 ms
Execution 48 - TLS Single
s_connection: verify depth is 1
Handshake duration: 593.53 ms
Execution 49 - TLS Single
s_connection: verify depth is 1
Handshake duration: 625.65 ms
Execution 50 - TLS Single
s_connection: verify depth is 1
Handshake duration: 601.29 ms
Execution 51 - TLS Single
s_connection: verify depth is 1
Handshake duration: 652.20 ms
Execution 52 - TLS Single
s_connection: verify depth is 1
Handshake duration: 649.11 ms
Execution 53 - TLS Single
s_connection: verify depth is 1
Handshake duration: 629.76 ms
Execution 54 - TLS Single
s_connection: verify depth is 1
Handshake duration: 650.22 ms
Execution 55 - TLS Single
s_connection: verify depth is 1
Handshake duration: 647.17 ms
Execution 56 - TLS Single
s_connection: verify depth is 1
Handshake duration: 606.65 ms
Execution 57 - TLS Single
s_connection: verify depth is 1
Handshake duration: 627.34 ms
Execution 58 - TLS Single
s_connection: verify depth is 1
Handshake duration: 606.26 ms
Execution 59 - TLS Single
s_connection: verify depth is 1
Handshake duration: 628.57 ms
Execution 60 - TLS Single
s_connection: verify depth is 1
Handshake duration: 628.75 ms
Execution 61 - TLS Single
s_connection: verify depth is 1
Handshake duration: 646.41 ms
Execution 62 - TLS Single
s_connection: verify depth is 1
Handshake duration: 649.10 ms
Execution 63 - TLS Single
s_connection: verify depth is 1
Handshake duration: 624.16 ms
Execution 64 - TLS Single
s_connection: verify depth is 1
Handshake duration: 603.23 ms
Execution 65 - TLS Single
s_connection: verify depth is 1
Handshake duration: 653.90 ms
Execution 66 - TLS Single
s_connection: verify depth is 1
Handshake duration: 627.65 ms
Execution 67 - TLS Single
s_connection: verify depth is 1
Handshake duration: 627.91 ms
Execution 68 - TLS Single
s_connection: verify depth is 1
Handshake duration: 601.11 ms
Execution 69 - TLS Single
s_connection: verify depth is 1
Handshake duration: 647.71 ms
Execution 70 - TLS Single
s_connection: verify depth is 1
Handshake duration: 982.54 ms
Execution 71 - TLS Single
s_connection: verify depth is 1
Handshake duration: 650.94 ms
Execution 72 - TLS Single
s_connection: verify depth is 1
Handshake duration: 651.50 ms
Execution 73 - TLS Single
s_connection: verify depth is 1
Handshake duration: 1990.29 ms
Execution 74 - TLS Single
s_connection: verify depth is 1
Handshake duration: 624.15 ms
Execution 75 - TLS Single
s_connection: verify depth is 1
Handshake duration: 603.14 ms
Execution 76 - TLS Single
s_connection: verify depth is 1
Handshake duration: 624.66 ms
Execution 77 - TLS Single
s_connection: verify depth is 1
Handshake duration: 628.16 ms
Execution 78 - TLS Single
s_connection: verify depth is 1
Handshake duration: 649.00 ms
Execution 79 - TLS Single
s_connection: verify depth is 1
Handshake duration: 625.02 ms
Execution 80 - TLS Single
s_connection: verify depth is 1
Handshake duration: 604.53 ms
Execution 81 - TLS Single
s_connection: verify depth is 1
Handshake duration: 649.28 ms
Execution 82 - TLS Single
s_connection: verify depth is 1
Handshake duration: 625.02 ms
Execution 83 - TLS Single
s_connection: verify depth is 1
Handshake duration: 606.79 ms
Execution 84 - TLS Single
s_connection: verify depth is 1
Handshake duration: 653.74 ms
Execution 85 - TLS Single
s_connection: verify depth is 1
Handshake duration: 655.99 ms
Execution 86 - TLS Single
s_connection: verify depth is 1
Handshake duration: 604.12 ms
Execution 87 - TLS Single
s_connection: verify depth is 1
Handshake duration: 626.50 ms
Execution 88 - TLS Single
s_connection: verify depth is 1
Handshake duration: 626.88 ms
Execution 89 - TLS Single
s_connection: verify depth is 1
Handshake duration: 644.08 ms
Execution 90 - TLS Single
s_connection: verify depth is 1
Handshake duration: 649.13 ms
Execution 91 - TLS Single
s_connection: verify depth is 1
Handshake duration: 648.67 ms
Execution 92 - TLS Single
s_connection: verify depth is 1
Handshake duration: 648.71 ms
Execution 93 - TLS Single
s_connection: verify depth is 1
Handshake duration: 608.72 ms
Execution 94 - TLS Single
s_connection: verify depth is 1
Handshake duration: 1137.77 ms
Execution 95 - TLS Single
s_connection: verify depth is 1
Handshake duration: 628.85 ms
Execution 96 - TLS Single
s_connection: verify depth is 1
Handshake duration: 605.35 ms
Execution 97 - TLS Single
s_connection: verify depth is 1
Handshake duration: 649.14 ms
Execution 98 - TLS Single
s_connection: verify depth is 1
Handshake duration: 623.98 ms
Execution 99 - TLS Single
s_connection: verify depth is 1
Handshake duration: 628.20 ms
Execution 100 - TLS Single
s_connection: verify depth is 1
Handshake duration: 647.51 ms
Execution 101 - TLS Single
s_connection: verify depth is 1
Handshake duration: 625.28 ms
Execution 102 - TLS Single
s_connection: verify depth is 1
Handshake duration: 627.91 ms
Execution 103 - TLS Single
s_connection: verify depth is 1
Handshake duration: 647.28 ms
Execution 104 - TLS Single
s_connection: verify depth is 1
Handshake duration: 623.73 ms
Execution 105 - TLS Single
s_connection: verify depth is 1
Handshake duration: 621.86 ms
Execution 106 - TLS Single
s_connection: verify depth is 1
Handshake duration: 1135.20 ms
Execution 107 - TLS Single
s_connection: verify depth is 1
Handshake duration: 628.51 ms
Execution 108 - TLS Single
s_connection: verify depth is 1
Handshake duration: 1971.89 ms
Execution 109 - TLS Single
s_connection: verify depth is 1
Handshake duration: 623.18 ms
Execution 110 - TLS Single
s_connection: verify depth is 1
Handshake duration: 627.27 ms
Execution 111 - TLS Single
s_connection: verify depth is 1
Handshake duration: 652.99 ms
Execution 112 - TLS Single
s_connection: verify depth is 1
Handshake duration: 624.61 ms
Execution 113 - TLS Single
s_connection: verify depth is 1
Handshake duration: 647.62 ms
Execution 114 - TLS Single
s_connection: verify depth is 1
Handshake duration: 650.03 ms
Execution 115 - TLS Single
s_connection: verify depth is 1
Handshake duration: 650.58 ms
Execution 116 - TLS Single
s_connection: verify depth is 1
Handshake duration: 638.83 ms
Execution 117 - TLS Single
s_connection: verify depth is 1
Handshake duration: 626.89 ms
Execution 118 - TLS Single
s_connection: verify depth is 1
Handshake duration: 647.13 ms
Execution 119 - TLS Single
s_connection: verify depth is 1
Handshake duration: 649.84 ms
Execution 120 - TLS Single
s_connection: verify depth is 1
Handshake duration: 627.10 ms
Execution 121 - TLS Single
s_connection: verify depth is 1
Handshake duration: 649.55 ms
Execution 122 - TLS Single
s_connection: verify depth is 1
Handshake duration: 603.11 ms
Execution 123 - TLS Single
s_connection: verify depth is 1
Handshake duration: 604.06 ms
Execution 124 - TLS Single
s_connection: verify depth is 1
Handshake duration: 624.51 ms
Execution 125 - TLS Single
s_connection: verify depth is 1
Handshake duration: 623.61 ms
