Handshake timeout budget: 150s (identique TLS/QUIC)
Applying netem rules to lo...
Showing qdisc status for the interface: lo
qdisc netem 9985: root refcnt 2 limit 1000 seed 11890673526902407057
 Sent 0 bytes 0 pkt (dropped 0, overlimits 0 requeues 0) 
 backlog 0b 0p requeues 0
Running ./perftestClientTlsQuic.sh with SIG_ALG=secp384r1 and KEM_ALG=x448_hqc192
Execution 1 - TLS Single
s_connection: verify depth is 1
Handshake duration: 584.91 ms
Execution 2 - TLS Single
s_connection: verify depth is 1
Handshake duration: 448.57 ms
Execution 3 - TLS Single
s_connection: verify depth is 1
Handshake duration: 1281.74 ms
Execution 4 - TLS Single
s_connection: verify depth is 1
Handshake duration: 444.31 ms
Execution 5 - TLS Single
s_connection: verify depth is 1
Handshake duration: 446.66 ms
Execution 6 - TLS Single
s_connection: verify depth is 1
Handshake duration: 613.89 ms
Execution 7 - TLS Single
s_connection: verify depth is 1
Handshake duration: 423.96 ms
Execution 8 - TLS Single
s_connection: verify depth is 1
Handshake duration: 448.06 ms
Execution 9 - TLS Single
s_connection: verify depth is 1
Handshake duration: 654.88 ms
Execution 10 - TLS Single
s_connection: verify depth is 1
Handshake duration: 419.67 ms
Execution 11 - TLS Single
s_connection: verify depth is 1
Handshake duration: 943.58 ms
Execution 12 - TLS Single
s_connection: verify depth is 1
Handshake duration: 446.18 ms
Execution 13 - TLS Single
s_connection: verify depth is 1
Handshake duration: 385.59 ms
Execution 14 - TLS Single
s_connection: verify depth is 1
Handshake duration: 388.42 ms
Execution 15 - TLS Single
s_connection: verify depth is 1
Handshake duration: 443.63 ms
Execution 16 - TLS Single
s_connection: verify depth is 1
Handshake duration: 442.50 ms
Execution 17 - TLS Single
s_connection: verify depth is 1
Handshake duration: 429.86 ms
Execution 18 - TLS Single
s_connection: verify depth is 1
Handshake duration: 415.47 ms
Execution 19 - TLS Single
s_connection: verify depth is 1
Handshake duration: 417.12 ms
Execution 20 - TLS Single
s_connection: verify depth is 1
Handshake duration: 415.81 ms
Execution 21 - TLS Single
s_connection: verify depth is 1
Handshake duration: 442.16 ms
Execution 22 - TLS Single
s_connection: verify depth is 1
Handshake duration: 445.41 ms
Execution 23 - TLS Single
s_connection: verify depth is 1
Handshake duration: 442.97 ms
Execution 24 - TLS Single
s_connection: verify depth is 1
Handshake duration: 420.04 ms
Execution 25 - TLS Single
s_connection: verify depth is 1
Handshake duration: 444.74 ms
Execution 26 - TLS Single
s_connection: verify depth is 1
Handshake duration: 418.89 ms
Execution 27 - TLS Single
s_connection: verify depth is 1
Handshake duration: 438.93 ms
Execution 28 - TLS Single
s_connection: verify depth is 1
Handshake duration: 443.00 ms
Execution 29 - TLS Single
s_connection: verify depth is 1
Handshake duration: 445.91 ms
Execution 30 - TLS Single
s_connection: verify depth is 1
Handshake duration: 445.53 ms
Execution 31 - TLS Single
s_connection: verify depth is 1
Handshake duration: 445.25 ms
Execution 32 - TLS Single
s_connection: verify depth is 1
Handshake duration: 445.83 ms
Execution 33 - TLS Single
s_connection: verify depth is 1
Handshake duration: 418.57 ms
Execution 34 - TLS Single
s_connection: verify depth is 1
Handshake duration: 1122.31 ms
Execution 35 - TLS Single
s_connection: verify depth is 1
Handshake duration: 1045.19 ms
Execution 36 - TLS Single
s_connection: verify depth is 1
Handshake duration: 450.83 ms
Execution 37 - TLS Single
s_connection: verify depth is 1
Handshake duration: 395.97 ms
Execution 38 - TLS Single
s_connection: verify depth is 1
Handshake duration: 633.53 ms
Execution 39 - TLS Single
s_connection: verify depth is 1
Handshake duration: 454.15 ms
Execution 40 - TLS Single
s_connection: verify depth is 1
Handshake duration: 417.19 ms
Execution 41 - TLS Single
s_connection: verify depth is 1
Handshake duration: 417.97 ms
Execution 42 - TLS Single
s_connection: verify depth is 1
Handshake duration: 446.97 ms
Execution 43 - TLS Single
s_connection: verify depth is 1
Handshake duration: 418.38 ms
Execution 44 - TLS Single
s_connection: verify depth is 1
Handshake duration: 420.97 ms
Execution 45 - TLS Single
s_connection: verify depth is 1
Handshake duration: 447.79 ms
Execution 46 - TLS Single
s_connection: verify depth is 1
Handshake duration: 419.98 ms
Execution 47 - TLS Single
s_connection: verify depth is 1
Handshake duration: 443.26 ms
Execution 48 - TLS Single
s_connection: verify depth is 1
Handshake duration: 446.94 ms
Execution 49 - TLS Single
s_connection: verify depth is 1
Handshake duration: 445.36 ms
Execution 50 - TLS Single
s_connection: verify depth is 1
Handshake duration: 420.66 ms
Execution 51 - TLS Single
s_connection: verify depth is 1
Handshake duration: 1404.51 ms
Execution 52 - TLS Single
s_connection: verify depth is 1
Handshake duration: 445.21 ms
Execution 53 - TLS Single
s_connection: verify depth is 1
Handshake duration: 389.58 ms
Execution 54 - TLS Single
s_connection: verify depth is 1
Handshake duration: 443.57 ms
Execution 55 - TLS Single
s_connection: verify depth is 1
Handshake duration: 420.26 ms
Execution 56 - TLS Single
s_connection: verify depth is 1
Handshake duration: 420.87 ms
Execution 57 - TLS Single
s_connection: verify depth is 1
Handshake duration: 442.39 ms
Execution 58 - TLS Single
s_connection: verify depth is 1
Handshake duration: 657.38 ms
Execution 59 - TLS Single
s_connection: verify depth is 1
Handshake duration: 424.28 ms
Execution 60 - TLS Single
s_connection: verify depth is 1
Handshake duration: 444.29 ms
Execution 61 - TLS Single
s_connection: verify depth is 1
Handshake duration: 422.40 ms
Execution 62 - TLS Single
s_connection: verify depth is 1
Handshake duration: 430.40 ms
Execution 63 - TLS Single
s_connection: verify depth is 1
Handshake duration: 1783.91 ms
Execution 64 - TLS Single
s_connection: verify depth is 1
Handshake duration: 415.46 ms
Execution 65 - TLS Single
s_connection: verify depth is 1
Handshake duration: 442.06 ms
Execution 66 - TLS Single
s_connection: verify depth is 1
Handshake duration: 445.69 ms
Execution 67 - TLS Single
s_connection: verify depth is 1
Handshake duration: 419.75 ms
Execution 68 - TLS Single
s_connection: verify depth is 1
Handshake duration: 422.25 ms
Execution 69 - TLS Single
s_connection: verify depth is 1
Handshake duration: 446.84 ms
Execution 70 - TLS Single
s_connection: verify depth is 1
Handshake duration: 416.87 ms
Execution 71 - TLS Single
s_connection: verify depth is 1
Handshake duration: 447.51 ms
Execution 72 - TLS Single
s_connection: verify depth is 1
Handshake duration: 449.18 ms
Execution 73 - TLS Single
s_connection: verify depth is 1
Handshake duration: 446.33 ms
Execution 74 - TLS Single
s_connection: verify depth is 1
Handshake duration: 419.86 ms
Execution 75 - TLS Single
s_connection: verify depth is 1
Handshake duration: 443.90 ms
Execution 76 - TLS Single
s_connection: verify depth is 1
Handshake duration: 419.18 ms
Execution 77 - TLS Single
s_connection: verify depth is 1
Handshake duration: 444.33 ms
Execution 78 - TLS Single
s_connection: verify depth is 1
Handshake duration: 445.83 ms
Execution 79 - TLS Single
s_connection: verify depth is 1
Handshake duration: 443.65 ms
Execution 80 - TLS Single
s_connection: verify depth is 1
Handshake duration: 449.57 ms
Execution 81 - TLS Single
s_connection: verify depth is 1
Handshake duration: 451.57 ms
Execution 82 - TLS Single
s_connection: verify depth is 1
Handshake duration: 416.93 ms
Execution 83 - TLS Single
s_connection: verify depth is 1
Handshake duration: 1075.02 ms
Execution 84 - TLS Single
s_connection: verify depth is 1
Handshake duration: 445.91 ms
Execution 85 - TLS Single
s_connection: verify depth is 1
Handshake duration: 1626.86 ms
Execution 86 - TLS Single
s_connection: verify depth is 1
Handshake duration: 415.73 ms
Execution 87 - TLS Single
s_connection: verify depth is 1
Handshake duration: 1063.20 ms
Execution 88 - TLS Single
s_connection: verify depth is 1
Handshake duration: 423.93 ms
Execution 89 - TLS Single
s_connection: verify depth is 1
Handshake duration: 445.12 ms
Execution 90 - TLS Single
s_connection: verify depth is 1
Handshake duration: 445.46 ms
Execution 91 - TLS Single
s_connection: verify depth is 1
Handshake duration: 426.98 ms
Execution 92 - TLS Single
s_connection: verify depth is 1
Handshake duration: 418.02 ms
Execution 93 - TLS Single
s_connection: verify depth is 1
Handshake duration: 418.48 ms
Execution 94 - TLS Single
s_connection: verify depth is 1
Handshake duration: 451.47 ms
Execution 95 - TLS Single
s_connection: verify depth is 1
Handshake duration: 395.23 ms
Execution 96 - TLS Single
s_connection: verify depth is 1
Handshake duration: 445.40 ms
Execution 97 - TLS Single
s_connection: verify depth is 1
Handshake duration: 421.41 ms
Execution 98 - TLS Single
s_connection: verify depth is 1
Handshake duration: 445.29 ms
Execution 99 - TLS Single
s_connection: verify depth is 1
Handshake duration: 445.65 ms
Execution 100 - TLS Single
s_connection: verify depth is 1
Handshake duration: 445.49 ms
Execution 101 - TLS Single
s_connection: verify depth is 1
Handshake duration: 408.96 ms
Execution 102 - TLS Single
s_connection: verify depth is 1
Handshake duration: 446.39 ms
Execution 103 - TLS Single
s_connection: verify depth is 1
Handshake duration: 420.32 ms
Execution 104 - TLS Single
s_connection: verify depth is 1
Handshake duration: 446.44 ms
Execution 105 - TLS Single
s_connection: verify depth is 1
Handshake duration: 397.44 ms
Execution 106 - TLS Single
s_connection: verify depth is 1
Handshake duration: 446.09 ms
Execution 107 - TLS Single
s_connection: verify depth is 1
Handshake duration: 423.02 ms
Execution 108 - TLS Single
s_connection: verify depth is 1
Handshake duration: 444.96 ms
Execution 109 - TLS Single
s_connection: verify depth is 1
Handshake duration: 415.00 ms
Execution 110 - TLS Single
s_connection: verify depth is 1
Handshake duration: 446.99 ms
Execution 111 - TLS Single
s_connection: verify depth is 1
Handshake duration: 397.91 ms
Execution 112 - TLS Single
s_connection: verify depth is 1
Handshake duration: 445.59 ms
Execution 113 - TLS Single
s_connection: verify depth is 1
Handshake duration: 419.88 ms
Execution 114 - TLS Single
s_connection: verify depth is 1
Handshake duration: 449.52 ms
Execution 115 - TLS Single
s_connection: verify depth is 1
Handshake duration: 412.51 ms
Execution 116 - TLS Single
s_connection: verify depth is 1
Handshake duration: 420.12 ms
Execution 117 - TLS Single
s_connection: verify depth is 1
Handshake duration: 444.49 ms
Execution 118 - TLS Single
s_connection: verify depth is 1
Handshake duration: 445.04 ms
Execution 119 - TLS Single
s_connection: verify depth is 1
Handshake duration: 421.99 ms
Execution 120 - TLS Single
s_connection: verify depth is 1
Handshake duration: 444.66 ms
Execution 121 - TLS Single
s_connection: verify depth is 1
Handshake duration: 451.07 ms
Execution 122 - TLS Single
s_connection: verify depth is 1
Handshake duration: 447.80 ms
Execution 123 - TLS Single
s_connection: verify depth is 1
Handshake duration: 655.66 ms
Execution 124 - TLS Single
s_connection: verify depth is 1
Handshake duration: 421.90 ms
Execution 125 - TLS Single
s_connection: verify depth is 1
Handshake duration: 445.56 ms
