Handshake timeout budget: 150s (identique TLS/QUIC)
Applying netem rules to lo...
Showing qdisc status for the interface: lo
qdisc netem 8467: root refcnt 2 limit 1000 seed 12328045385077956204
 Sent 0 bytes 0 pkt (dropped 0, overlimits 0 requeues 0) 
 backlog 0b 0p requeues 0
Running ./perftestClientTlsQuic.sh with SIG_ALG=secp384r1 and KEM_ALG=p384_mlkem768
Execution 1 - TLS Single
s_connection: verify depth is 1
Handshake duration: 543.31 ms
Execution 2 - TLS Single
s_connection: verify depth is 1
Handshake duration: 368.91 ms
Execution 3 - TLS Single
s_connection: verify depth is 1
Handshake duration: 369.63 ms
Execution 4 - TLS Single
s_connection: verify depth is 1
Handshake duration: 370.35 ms
Execution 5 - TLS Single
s_connection: verify depth is 1
Handshake duration: 369.71 ms
Execution 6 - TLS Single
s_connection: verify depth is 1
Handshake duration: 369.70 ms
Execution 7 - TLS Single
s_connection: verify depth is 1
Handshake duration: 369.44 ms
Execution 8 - TLS Single
s_connection: verify depth is 1
Handshake duration: 372.55 ms
Execution 9 - TLS Single
s_connection: verify depth is 1
Handshake duration: 371.61 ms
Execution 10 - TLS Single
s_connection: verify depth is 1
Handshake duration: 370.90 ms
Execution 11 - TLS Single
s_connection: verify depth is 1
Handshake duration: 371.38 ms
Execution 12 - TLS Single
s_connection: verify depth is 1
Handshake duration: 371.84 ms
Execution 13 - TLS Single
s_connection: verify depth is 1
Handshake duration: 369.62 ms
Execution 14 - TLS Single
s_connection: verify depth is 1
Handshake duration: 371.76 ms
Execution 15 - TLS Single
s_connection: verify depth is 1
Handshake duration: 371.95 ms
Execution 16 - TLS Single
s_connection: verify depth is 1
Handshake duration: 370.25 ms
Execution 17 - TLS Single
s_connection: verify depth is 1
Handshake duration: 371.96 ms
Execution 18 - TLS Single
s_connection: verify depth is 1
Handshake duration: 369.49 ms
Execution 19 - TLS Single
s_connection: verify depth is 1
Handshake duration: 370.15 ms
Execution 20 - TLS Single
s_connection: verify depth is 1
Handshake duration: 370.69 ms
Execution 21 - TLS Single
s_connection: verify depth is 1
Handshake duration: 372.45 ms
Execution 22 - TLS Single
s_connection: verify depth is 1
Handshake duration: 372.47 ms
Execution 23 - TLS Single
s_connection: verify depth is 1
Handshake duration: 371.91 ms
Execution 24 - TLS Single
s_connection: verify depth is 1
Handshake duration: 370.24 ms
Execution 25 - TLS Single
s_connection: verify depth is 1
Handshake duration: 371.08 ms
Execution 26 - TLS Single
s_connection: verify depth is 1
Handshake duration: 372.79 ms
Execution 27 - TLS Single
s_connection: verify depth is 1
Handshake duration: 371.54 ms
Execution 28 - TLS Single
s_connection: verify depth is 1
Handshake duration: 371.20 ms
Execution 29 - TLS Single
s_connection: verify depth is 1
Handshake duration: 372.18 ms
Execution 30 - TLS Single
s_connection: verify depth is 1
Handshake duration: 370.36 ms
Execution 31 - TLS Single
s_connection: verify depth is 1
Handshake duration: 370.27 ms
Execution 32 - TLS Single
s_connection: verify depth is 1
Handshake duration: 372.09 ms
Execution 33 - TLS Single
s_connection: verify depth is 1
Handshake duration: 372.46 ms
Execution 34 - TLS Single
s_connection: verify depth is 1
Handshake duration: 372.55 ms
Execution 35 - TLS Single
s_connection: verify depth is 1
Handshake duration: 371.18 ms
Execution 36 - TLS Single
s_connection: verify depth is 1
Handshake duration: 370.01 ms
Execution 37 - TLS Single
s_connection: verify depth is 1
Handshake duration: 375.39 ms
Execution 38 - TLS Single
s_connection: verify depth is 1
Handshake duration: 372.07 ms
Execution 39 - TLS Single
s_connection: verify depth is 1
Handshake duration: 1377.18 ms
Execution 40 - TLS Single
s_connection: verify depth is 1
Handshake duration: 370.82 ms
Execution 41 - TLS Single
s_connection: verify depth is 1
Handshake duration: 367.56 ms
Execution 42 - TLS Single
s_connection: verify depth is 1
Handshake duration: 370.41 ms
Execution 43 - TLS Single
s_connection: verify depth is 1
Handshake duration: 371.86 ms
Execution 44 - TLS Single
s_connection: verify depth is 1
Handshake duration: 372.18 ms
Execution 45 - TLS Single
s_connection: verify depth is 1
Handshake duration: 371.31 ms
Execution 46 - TLS Single
s_connection: verify depth is 1
Handshake duration: 371.40 ms
Execution 47 - TLS Single
s_connection: verify depth is 1
Handshake duration: 370.88 ms
Execution 48 - TLS Single
s_connection: verify depth is 1
Handshake duration: 370.80 ms
Execution 49 - TLS Single
s_connection: verify depth is 1
Handshake duration: 371.74 ms
Execution 50 - TLS Single
s_connection: verify depth is 1
Handshake duration: 371.15 ms
Execution 51 - TLS Single
s_connection: verify depth is 1
Handshake duration: 372.59 ms
Execution 52 - TLS Single
s_connection: verify depth is 1
Handshake duration: 371.64 ms
Execution 53 - TLS Single
s_connection: verify depth is 1
Handshake duration: 371.37 ms
Execution 54 - TLS Single
s_connection: verify depth is 1
Handshake duration: 371.14 ms
Execution 55 - TLS Single
s_connection: verify depth is 1
Handshake duration: 372.68 ms
Execution 56 - TLS Single
s_connection: verify depth is 1
Handshake duration: 370.48 ms
Execution 57 - TLS Single
s_connection: verify depth is 1
Handshake duration: 369.68 ms
Execution 58 - TLS Single
s_connection: verify depth is 1
Handshake duration: 367.84 ms
Execution 59 - TLS Single
s_connection: verify depth is 1
Handshake duration: 374.26 ms
Execution 60 - TLS Single
s_connection: verify depth is 1
Handshake duration: 371.94 ms
Execution 61 - TLS Single
s_connection: verify depth is 1
Handshake duration: 371.39 ms
Execution 62 - TLS Single
s_connection: verify depth is 1
Handshake duration: 1569.38 ms
Execution 63 - TLS Single
s_connection: verify depth is 1
Handshake duration: 370.20 ms
Execution 64 - TLS Single
s_connection: verify depth is 1
Handshake duration: 369.07 ms
Execution 65 - TLS Single
s_connection: verify depth is 1
Handshake duration: 368.82 ms
Execution 66 - TLS Single
s_connection: verify depth is 1
Handshake duration: 369.54 ms
Execution 67 - TLS Single
s_connection: verify depth is 1
Handshake duration: 371.20 ms
Execution 68 - TLS Single
s_connection: verify depth is 1
Handshake duration: 372.01 ms
Execution 69 - TLS Single
s_connection: verify depth is 1
Handshake duration: 370.08 ms
Execution 70 - TLS Single
s_connection: verify depth is 1
Handshake duration: 370.62 ms
Execution 71 - TLS Single
s_connection: verify depth is 1
Handshake duration: 363.26 ms
Execution 72 - TLS Single
s_connection: verify depth is 1
Handshake duration: 369.98 ms
Execution 73 - TLS Single
s_connection: verify depth is 1
Handshake duration: 371.57 ms
Execution 74 - TLS Single
s_connection: verify depth is 1
Handshake duration: 371.89 ms
Execution 75 - TLS Single
s_connection: verify depth is 1
Handshake duration: 371.93 ms
Execution 76 - TLS Single
s_connection: verify depth is 1
Handshake duration: 372.11 ms
Execution 77 - TLS Single
s_connection: verify depth is 1
Handshake duration: 374.78 ms
Execution 78 - TLS Single
s_connection: verify depth is 1
Handshake duration: 370.35 ms
Execution 79 - TLS Single
s_connection: verify depth is 1
Handshake duration: 373.44 ms
Execution 80 - TLS Single
s_connection: verify depth is 1
Handshake duration: 371.08 ms
Execution 81 - TLS Single
s_connection: verify depth is 1
Handshake duration: 371.58 ms
Execution 82 - TLS Single
s_connection: verify depth is 1
Handshake duration: 371.62 ms
Execution 83 - TLS Single
s_connection: verify depth is 1
Handshake duration: 374.79 ms
Execution 84 - TLS Single
s_connection: verify depth is 1
Handshake duration: 374.63 ms
Execution 85 - TLS Single
s_connection: verify depth is 1
Handshake duration: 371.59 ms
Execution 86 - TLS Single
s_connection: verify depth is 1
Handshake duration: 370.44 ms
Execution 87 - TLS Single
s_connection: verify depth is 1
Handshake duration: 370.73 ms
Execution 88 - TLS Single
s_connection: verify depth is 1
Handshake duration: 370.30 ms
Execution 89 - TLS Single
s_connection: verify depth is 1
Handshake duration: 369.94 ms
Execution 90 - TLS Single
s_connection: verify depth is 1
Handshake duration: 371.51 ms
Execution 91 - TLS Single
s_connection: verify depth is 1
Handshake duration: 370.73 ms
Execution 92 - TLS Single
s_connection: verify depth is 1
Handshake duration: 369.82 ms
Execution 93 - TLS Single
s_connection: verify depth is 1
Handshake duration: 373.26 ms
Execution 94 - TLS Single
s_connection: verify depth is 1
Handshake duration: 372.33 ms
Execution 95 - TLS Single
s_connection: verify depth is 1
Handshake duration: 372.62 ms
Execution 96 - TLS Single
s_connection: verify depth is 1
Handshake duration: 370.91 ms
Execution 97 - TLS Single
s_connection: verify depth is 1
Handshake duration: 371.48 ms
Execution 98 - TLS Single
s_connection: verify depth is 1
Handshake duration: 371.64 ms
Execution 99 - TLS Single
s_connection: verify depth is 1
Handshake duration: 369.75 ms
Execution 100 - TLS Single
s_connection: verify depth is 1
Handshake duration: 369.41 ms
Execution 101 - TLS Single
s_connection: verify depth is 1
Handshake duration: 371.12 ms
Execution 102 - TLS Single
s_connection: verify depth is 1
Handshake duration: 373.18 ms
Execution 103 - TLS Single
s_connection: verify depth is 1
Handshake duration: 371.79 ms
Execution 104 - TLS Single
s_connection: verify depth is 1
Handshake duration: 370.76 ms
Execution 105 - TLS Single
s_connection: verify depth is 1
Handshake duration: 370.33 ms
Execution 106 - TLS Single
s_connection: verify depth is 1
Handshake duration: 370.57 ms
Execution 107 - TLS Single
s_connection: verify depth is 1
Handshake duration: 371.32 ms
Execution 108 - TLS Single
s_connection: verify depth is 1
Handshake duration: 371.80 ms
Execution 109 - TLS Single
s_connection: verify depth is 1
Handshake duration: 370.82 ms
Execution 110 - TLS Single
s_connection: verify depth is 1
Handshake duration: 369.28 ms
Execution 111 - TLS Single
s_connection: verify depth is 1
Handshake duration: 370.13 ms
Execution 112 - TLS Single
s_connection: verify depth is 1
Handshake duration: 375.00 ms
Execution 113 - TLS Single
s_connection: verify depth is 1
Handshake duration: 349.12 ms
Execution 114 - TLS Single
s_connection: verify depth is 1
Handshake duration: 363.10 ms
Execution 115 - TLS Single
s_connection: verify depth is 1
Handshake duration: 370.90 ms
Execution 116 - TLS Single
s_connection: verify depth is 1
Handshake duration: 370.82 ms
Execution 117 - TLS Single
s_connection: verify depth is 1
Handshake duration: 371.04 ms
Execution 118 - TLS Single
s_connection: verify depth is 1
Handshake duration: 1216.59 ms
Execution 119 - TLS Single
s_connection: verify depth is 1
Handshake duration: 369.48 ms
Execution 120 - TLS Single
s_connection: verify depth is 1
Handshake duration: 371.87 ms
Execution 121 - TLS Single
s_connection: verify depth is 1
Handshake duration: 373.04 ms
Execution 122 - TLS Single
s_connection: verify depth is 1
Handshake duration: 1219.66 ms
Execution 123 - TLS Single
s_connection: verify depth is 1
Handshake duration: 371.64 ms
Execution 124 - TLS Single
s_connection: verify depth is 1
Handshake duration: 371.90 ms
Execution 125 - TLS Single
s_connection: verify depth is 1
Handshake duration: 373.34 ms
