Handshake timeout budget: 150s (identique TLS/QUIC)
Applying netem rules to lo...
Showing qdisc status for the interface: lo
qdisc netem 8417: root refcnt 2 limit 1000 seed 4944341184318926395
 Sent 0 bytes 0 pkt (dropped 0, overlimits 0 requeues 0) 
 backlog 0b 0p requeues 0
Running ./perftestClientTlsQuic.sh with SIG_ALG=mldsa44 and KEM_ALG=p256_mlkem512
Execution 1 - TLS Single
s_connection: verify depth is 1
Handshake duration: 702.10 ms
Execution 2 - TLS Single
s_connection: verify depth is 1
Handshake duration: 526.30 ms
Execution 3 - TLS Single
s_connection: verify depth is 1
Handshake duration: 519.97 ms
Execution 4 - TLS Single
s_connection: verify depth is 1
Handshake duration: 361.08 ms
Execution 5 - TLS Single
s_connection: verify depth is 1
Handshake duration: 361.22 ms
Execution 6 - TLS Single
s_connection: verify depth is 1
Handshake duration: 359.30 ms
Execution 7 - TLS Single
s_connection: verify depth is 1
Handshake duration: 363.25 ms
Execution 8 - TLS Single
s_connection: verify depth is 1
Handshake duration: 361.60 ms
Execution 9 - TLS Single
s_connection: verify depth is 1
Handshake duration: 361.43 ms
Execution 10 - TLS Single
s_connection: verify depth is 1
Handshake duration: 360.42 ms
Execution 11 - TLS Single
s_connection: verify depth is 1
Handshake duration: 361.22 ms
Execution 12 - TLS Single
s_connection: verify depth is 1
Handshake duration: 361.94 ms
Execution 13 - TLS Single
s_connection: verify depth is 1
Handshake duration: 364.03 ms
Execution 14 - TLS Single
s_connection: verify depth is 1
Handshake duration: 361.59 ms
Execution 15 - TLS Single
s_connection: verify depth is 1
Handshake duration: 360.82 ms
Execution 16 - TLS Single
s_connection: verify depth is 1
Handshake duration: 354.88 ms
Execution 17 - TLS Single
s_connection: verify depth is 1
Handshake duration: 357.67 ms
Execution 18 - TLS Single
s_connection: verify depth is 1
Handshake duration: 371.86 ms
Execution 19 - TLS Single
s_connection: verify depth is 1
Handshake duration: 365.66 ms
Execution 20 - TLS Single
s_connection: verify depth is 1
Handshake duration: 354.40 ms
Execution 21 - TLS Single
s_connection: verify depth is 1
Handshake duration: 354.82 ms
Execution 22 - TLS Single
s_connection: verify depth is 1
Handshake duration: 354.40 ms
Execution 23 - TLS Single
s_connection: verify depth is 1
Handshake duration: 368.58 ms
Execution 24 - TLS Single
s_connection: verify depth is 1
Handshake duration: 366.40 ms
Execution 25 - TLS Single
s_connection: verify depth is 1
Handshake duration: 363.98 ms
Execution 26 - TLS Single
s_connection: verify depth is 1
Handshake duration: 363.14 ms
Execution 27 - TLS Single
s_connection: verify depth is 1
Handshake duration: 370.09 ms
Execution 28 - TLS Single
s_connection: verify depth is 1
Handshake duration: 365.01 ms
Execution 29 - TLS Single
s_connection: verify depth is 1
Handshake duration: 347.79 ms
Execution 30 - TLS Single
s_connection: verify depth is 1
Handshake duration: 345.15 ms
Execution 31 - TLS Single
s_connection: verify depth is 1
Handshake duration: 347.11 ms
Execution 32 - TLS Single
s_connection: verify depth is 1
Handshake duration: 349.17 ms
Execution 33 - TLS Single
s_connection: verify depth is 1
Handshake duration: 347.25 ms
Execution 34 - TLS Single
s_connection: verify depth is 1
Handshake duration: 1704.65 ms
Execution 35 - TLS Single
s_connection: verify depth is 1
Handshake duration: 346.17 ms
Execution 36 - TLS Single
s_connection: verify depth is 1
Handshake duration: 348.08 ms
Execution 37 - TLS Single
s_connection: verify depth is 1
Handshake duration: 347.34 ms
Execution 38 - TLS Single
s_connection: verify depth is 1
Handshake duration: 346.70 ms
Execution 39 - TLS Single
s_connection: verify depth is 1
Handshake duration: 349.23 ms
Execution 40 - TLS Single
s_connection: verify depth is 1
Handshake duration: 346.62 ms
Execution 41 - TLS Single
s_connection: verify depth is 1
Handshake duration: 349.66 ms
Execution 42 - TLS Single
s_connection: verify depth is 1
Handshake duration: 353.94 ms
Execution 43 - TLS Single
s_connection: verify depth is 1
Handshake duration: 354.72 ms
Execution 44 - TLS Single
s_connection: verify depth is 1
Handshake duration: 360.65 ms
Execution 45 - TLS Single
s_connection: verify depth is 1
Handshake duration: 362.96 ms
Execution 46 - TLS Single
s_connection: verify depth is 1
Handshake duration: 364.04 ms
Execution 47 - TLS Single
s_connection: verify depth is 1
Handshake duration: 361.09 ms
Execution 48 - TLS Single
s_connection: verify depth is 1
Handshake duration: 362.15 ms
Execution 49 - TLS Single
s_connection: verify depth is 1
Handshake duration: 361.28 ms
Execution 50 - TLS Single
s_connection: verify depth is 1
Handshake duration: 360.38 ms
Execution 51 - TLS Single
s_connection: verify depth is 1
Handshake duration: 363.47 ms
Execution 52 - TLS Single
s_connection: verify depth is 1
Handshake duration: 355.98 ms
Execution 53 - TLS Single
s_connection: verify depth is 1
Handshake duration: 360.88 ms
Execution 54 - TLS Single
s_connection: verify depth is 1
Handshake duration: 360.96 ms
Execution 55 - TLS Single
s_connection: verify depth is 1
Handshake duration: 359.26 ms
Execution 56 - TLS Single
s_connection: verify depth is 1
Handshake duration: 368.10 ms
Execution 57 - TLS Single
s_connection: verify depth is 1
Handshake duration: 365.81 ms
Execution 58 - TLS Single
s_connection: verify depth is 1
Handshake duration: 367.27 ms
Execution 59 - TLS Single
s_connection: verify depth is 1
Handshake duration: 361.71 ms
Execution 60 - TLS Single
s_connection: verify depth is 1
Handshake duration: 360.96 ms
Execution 61 - TLS Single
s_connection: verify depth is 1
Handshake duration: 361.19 ms
Execution 62 - TLS Single
s_connection: verify depth is 1
Handshake duration: 362.30 ms
Execution 63 - TLS Single
s_connection: verify depth is 1
Handshake duration: 371.87 ms
Execution 64 - TLS Single
s_connection: verify depth is 1
Handshake duration: 364.50 ms
Execution 65 - TLS Single
s_connection: verify depth is 1
Handshake duration: 362.17 ms
Execution 66 - TLS Single
s_connection: verify depth is 1
Handshake duration: 362.96 ms
Execution 67 - TLS Single
s_connection: verify depth is 1
Handshake duration: 522.47 ms
Execution 68 - TLS Single
s_connection: verify depth is 1
Handshake duration: 366.57 ms
Execution 69 - TLS Single
s_connection: verify depth is 1
Handshake duration: 365.25 ms
Execution 70 - TLS Single
s_connection: verify depth is 1
Handshake duration: 1026.35 ms
Execution 71 - TLS Single
s_connection: verify depth is 1
Handshake duration: 357.85 ms
Execution 72 - TLS Single
s_connection: verify depth is 1
Handshake duration: 368.94 ms
Execution 73 - TLS Single
s_connection: verify depth is 1
Handshake duration: 530.22 ms
Execution 74 - TLS Single
s_connection: verify depth is 1
Handshake duration: 352.25 ms
Execution 75 - TLS Single
s_connection: verify depth is 1
Handshake duration: 344.16 ms
Execution 76 - TLS Single
s_connection: verify depth is 1
Handshake duration: 351.97 ms
Execution 77 - TLS Single
s_connection: verify depth is 1
Handshake duration: 361.60 ms
Execution 78 - TLS Single
s_connection: verify depth is 1
Handshake duration: 362.65 ms
Execution 79 - TLS Single
s_connection: verify depth is 1
Handshake duration: 366.13 ms
Execution 80 - TLS Single
s_connection: verify depth is 1
Handshake duration: 361.54 ms
Execution 81 - TLS Single
s_connection: verify depth is 1
Handshake duration: 362.99 ms
Execution 82 - TLS Single
s_connection: verify depth is 1
Handshake duration: 361.42 ms
Execution 83 - TLS Single
s_connection: verify depth is 1
Handshake duration: 369.70 ms
Execution 84 - TLS Single
s_connection: verify depth is 1
Handshake duration: 1392.18 ms
Execution 85 - TLS Single
s_connection: verify depth is 1
Handshake duration: 371.05 ms
Execution 86 - TLS Single
s_connection: verify depth is 1
Handshake duration: 364.74 ms
Execution 87 - TLS Single
s_connection: verify depth is 1
Handshake duration: 365.82 ms
Execution 88 - TLS Single
s_connection: verify depth is 1
Handshake duration: 362.61 ms
Execution 89 - TLS Single
s_connection: verify depth is 1
Handshake duration: 361.27 ms
Execution 90 - TLS Single
s_connection: verify depth is 1
Handshake duration: 363.33 ms
Execution 91 - TLS Single
s_connection: verify depth is 1
Handshake duration: 362.60 ms
Execution 92 - TLS Single
s_connection: verify depth is 1
Handshake duration: 363.84 ms
Execution 93 - TLS Single
s_connection: verify depth is 1
Handshake duration: 357.00 ms
Execution 94 - TLS Single
s_connection: verify depth is 1
Handshake duration: 355.46 ms
Execution 95 - TLS Single
s_connection: verify depth is 1
Handshake duration: 361.14 ms
Execution 96 - TLS Single
s_connection: verify depth is 1
Handshake duration: 359.01 ms
Execution 97 - TLS Single
s_connection: verify depth is 1
Handshake duration: 344.49 ms
Execution 98 - TLS Single
s_connection: verify depth is 1
Handshake duration: 346.42 ms
Execution 99 - TLS Single
s_connection: verify depth is 1
Handshake duration: 346.99 ms
Execution 100 - TLS Single
s_connection: verify depth is 1
Handshake duration: 352.18 ms
Execution 101 - TLS Single
s_connection: verify depth is 1
Handshake duration: 365.88 ms
Execution 102 - TLS Single
s_connection: verify depth is 1
Handshake duration: 367.92 ms
Execution 103 - TLS Single
s_connection: verify depth is 1
Handshake duration: 370.56 ms
Execution 104 - TLS Single
s_connection: verify depth is 1
Handshake duration: 367.41 ms
Execution 105 - TLS Single
s_connection: verify depth is 1
Handshake duration: 370.12 ms
Execution 106 - TLS Single
s_connection: verify depth is 1
Handshake duration: 364.99 ms
Execution 107 - TLS Single
s_connection: verify depth is 1
Handshake duration: 362.85 ms
Execution 108 - TLS Single
s_connection: verify depth is 1
Handshake duration: 371.50 ms
Execution 109 - TLS Single
s_connection: verify depth is 1
Handshake duration: 362.36 ms
Execution 110 - TLS Single
s_connection: verify depth is 1
Handshake duration: 356.31 ms
Execution 111 - TLS Single
s_connection: verify depth is 1
Handshake duration: 367.66 ms
Execution 112 - TLS Single
s_connection: verify depth is 1
Handshake duration: 363.19 ms
Execution 113 - TLS Single
s_connection: verify depth is 1
Handshake duration: 1727.81 ms
Execution 114 - TLS Single
s_connection: verify depth is 1
Handshake duration: 364.57 ms
Execution 115 - TLS Single
s_connection: verify depth is 1
Handshake duration: 365.32 ms
Execution 116 - TLS Single
s_connection: verify depth is 1
Handshake duration: 1033.58 ms
Execution 117 - TLS Single
s_connection: verify depth is 1
Handshake duration: 366.99 ms
Execution 118 - TLS Single
s_connection: verify depth is 1
Handshake duration: 363.43 ms
Execution 119 - TLS Single
s_connection: verify depth is 1
Handshake duration: 370.00 ms
Execution 120 - TLS Single
s_connection: verify depth is 1
Handshake duration: 364.61 ms
Execution 121 - TLS Single
s_connection: verify depth is 1
Handshake duration: 365.49 ms
Execution 122 - TLS Single
s_connection: verify depth is 1
Handshake duration: 363.96 ms
Execution 123 - TLS Single
s_connection: verify depth is 1
Handshake duration: 372.17 ms
Execution 124 - TLS Single
s_connection: verify depth is 1
Handshake duration: 365.00 ms
Execution 125 - TLS Single
s_connection: verify depth is 1
Handshake duration: 364.67 ms
