Handshake timeout budget: 150s (identique TLS/QUIC)
Applying netem rules to lo...
Showing qdisc status for the interface: lo
qdisc netem 8427: root refcnt 2 limit 1000 seed 10591355321949004086
 Sent 0 bytes 0 pkt (dropped 0, overlimits 0 requeues 0) 
 backlog 0b 0p requeues 0
Running ./perftestClientTlsQuic.sh with SIG_ALG=ed25519 and KEM_ALG=p256_hqc128
Execution 1 - TLS Single
s_connection: verify depth is 1
Handshake duration: 583.80 ms
Execution 2 - TLS Single
s_connection: verify depth is 1
Handshake duration: 420.55 ms
Execution 3 - TLS Single
s_connection: verify depth is 1
Handshake duration: 407.98 ms
Execution 4 - TLS Single
s_connection: verify depth is 1
Handshake duration: 445.76 ms
Execution 5 - TLS Single
s_connection: verify depth is 1
Handshake duration: 430.00 ms
Execution 6 - TLS Single
s_connection: verify depth is 1
Handshake duration: 440.57 ms
Execution 7 - TLS Single
s_connection: verify depth is 1
Handshake duration: 427.35 ms
Execution 8 - TLS Single
s_connection: verify depth is 1
Handshake duration: 428.33 ms
Execution 9 - TLS Single
s_connection: verify depth is 1
Handshake duration: 427.86 ms
Execution 10 - TLS Single
s_connection: verify depth is 1
Handshake duration: 428.31 ms
Execution 11 - TLS Single
s_connection: verify depth is 1
Handshake duration: 435.84 ms
Execution 12 - TLS Single
s_connection: verify depth is 1
Handshake duration: 423.50 ms
Execution 13 - TLS Single
s_connection: verify depth is 1
Handshake duration: 760.81 ms
Execution 14 - TLS Single
s_connection: verify depth is 1
Handshake duration: 428.00 ms
Execution 15 - TLS Single
s_connection: verify depth is 1
Handshake duration: 435.04 ms
Execution 16 - TLS Single
s_connection: verify depth is 1
Handshake duration: 408.95 ms
Execution 17 - TLS Single
s_connection: verify depth is 1
Handshake duration: 413.94 ms
Execution 18 - TLS Single
s_connection: verify depth is 1
Handshake duration: 397.62 ms
Execution 19 - TLS Single
s_connection: verify depth is 1
Handshake duration: 425.39 ms
Execution 20 - TLS Single
s_connection: verify depth is 1
Handshake duration: 427.62 ms
Execution 21 - TLS Single
s_connection: verify depth is 1
Handshake duration: 426.56 ms
Execution 22 - TLS Single
s_connection: verify depth is 1
Handshake duration: 1270.42 ms
Execution 23 - TLS Single
s_connection: verify depth is 1
Handshake duration: 432.84 ms
Execution 24 - TLS Single
s_connection: verify depth is 1
Handshake duration: 438.63 ms
Execution 25 - TLS Single
s_connection: verify depth is 1
Handshake duration: 430.62 ms
Execution 26 - TLS Single
s_connection: verify depth is 1
Handshake duration: 429.77 ms
Execution 27 - TLS Single
s_connection: verify depth is 1
Handshake duration: 433.71 ms
Execution 28 - TLS Single
s_connection: verify depth is 1
Handshake duration: 1073.10 ms
Execution 29 - TLS Single
s_connection: verify depth is 1
Handshake duration: 433.05 ms
Execution 30 - TLS Single
s_connection: verify depth is 1
Handshake duration: 429.34 ms
Execution 31 - TLS Single
s_connection: verify depth is 1
Handshake duration: 433.61 ms
Execution 32 - TLS Single
s_connection: verify depth is 1
Handshake duration: 442.98 ms
Execution 33 - TLS Single
s_connection: verify depth is 1
Handshake duration: 432.67 ms
Execution 34 - TLS Single
s_connection: verify depth is 1
Handshake duration: 378.23 ms
Execution 35 - TLS Single
s_connection: verify depth is 1
Handshake duration: 421.55 ms
Execution 36 - TLS Single
s_connection: verify depth is 1
Handshake duration: 442.36 ms
Execution 37 - TLS Single
s_connection: verify depth is 1
Handshake duration: 434.20 ms
Execution 38 - TLS Single
s_connection: verify depth is 1
Handshake duration: 458.29 ms
Execution 39 - TLS Single
s_connection: verify depth is 1
Handshake duration: 415.34 ms
Execution 40 - TLS Single
s_connection: verify depth is 1
Handshake duration: 415.49 ms
Execution 41 - TLS Single
s_connection: verify depth is 1
Handshake duration: 437.53 ms
Execution 42 - TLS Single
s_connection: verify depth is 1
Handshake duration: 422.10 ms
Execution 43 - TLS Single
s_connection: verify depth is 1
Handshake duration: 426.54 ms
Execution 44 - TLS Single
s_connection: verify depth is 1
Handshake duration: 435.14 ms
Execution 45 - TLS Single
s_connection: verify depth is 1
Handshake duration: 413.60 ms
Execution 46 - TLS Single
s_connection: verify depth is 1
Handshake duration: 439.93 ms
Execution 47 - TLS Single
s_connection: verify depth is 1
Handshake duration: 393.85 ms
Execution 48 - TLS Single
s_connection: verify depth is 1
Handshake duration: 1251.94 ms
Execution 49 - TLS Single
s_connection: verify depth is 1
Handshake duration: 435.71 ms
Execution 50 - TLS Single
s_connection: verify depth is 1
Handshake duration: 442.02 ms
Execution 51 - TLS Single
s_connection: verify depth is 1
Handshake duration: 426.93 ms
Execution 52 - TLS Single
s_connection: verify depth is 1
Handshake duration: 440.03 ms
Execution 53 - TLS Single
s_connection: verify depth is 1
Handshake duration: 1060.53 ms
Execution 54 - TLS Single
s_connection: verify depth is 1
Handshake duration: 434.94 ms
Execution 55 - TLS Single
s_connection: verify depth is 1
Handshake duration: 430.03 ms
Execution 56 - TLS Single
s_connection: verify depth is 1
Handshake duration: 427.58 ms
Execution 57 - TLS Single
s_connection: verify depth is 1
Handshake duration: 426.16 ms
Execution 58 - TLS Single
s_connection: verify depth is 1
Handshake duration: 440.32 ms
Execution 59 - TLS Single
s_connection: verify depth is 1
Handshake duration: 443.83 ms
Execution 60 - TLS Single
s_connection: verify depth is 1
Handshake duration: 417.44 ms
Execution 61 - TLS Single
s_connection: verify depth is 1
Handshake duration: 425.50 ms
Execution 62 - TLS Single
s_connection: verify depth is 1
Handshake duration: 434.54 ms
Execution 63 - TLS Single
s_connection: verify depth is 1
Handshake duration: 433.14 ms
Execution 64 - TLS Single
s_connection: verify depth is 1
Handshake duration: 429.43 ms
Execution 65 - TLS Single
s_connection: verify depth is 1
Handshake duration: 433.75 ms
Execution 66 - TLS Single
s_connection: verify depth is 1
Handshake duration: 435.67 ms
Execution 67 - TLS Single
s_connection: verify depth is 1
Handshake duration: 433.35 ms
Execution 68 - TLS Single
s_connection: verify depth is 1
Handshake duration: 443.36 ms
Execution 69 - TLS Single
s_connection: verify depth is 1
Handshake duration: 433.71 ms
Execution 70 - TLS Single
s_connection: verify depth is 1
Handshake duration: 432.89 ms
Execution 71 - TLS Single
s_connection: verify depth is 1
Handshake duration: 808.83 ms
Execution 72 - TLS Single
s_connection: verify depth is 1
Handshake duration: 407.05 ms
Execution 73 - TLS Single
s_connection: verify depth is 1
Handshake duration: 1052.06 ms
Execution 74 - TLS Single
s_connection: verify depth is 1
Handshake duration: 426.56 ms
Execution 75 - TLS Single
s_connection: verify depth is 1
Handshake duration: 425.06 ms
Execution 76 - TLS Single
s_connection: verify depth is 1
Handshake duration: 425.53 ms
Execution 77 - TLS Single
s_connection: verify depth is 1
Handshake duration: 425.62 ms
Execution 78 - TLS Single
s_connection: verify depth is 1
Handshake duration: 434.65 ms
Execution 79 - TLS Single
s_connection: verify depth is 1
Handshake duration: 427.39 ms
Execution 80 - TLS Single
s_connection: verify depth is 1
Handshake duration: 440.44 ms
Execution 81 - TLS Single
s_connection: verify depth is 1
Handshake duration: 431.92 ms
Execution 82 - TLS Single
s_connection: verify depth is 1
Handshake duration: 1080.34 ms
Execution 83 - TLS Single
s_connection: verify depth is 1
Handshake duration: 430.21 ms
Execution 84 - TLS Single
s_connection: verify depth is 1
Handshake duration: 430.63 ms
Execution 85 - TLS Single
s_connection: verify depth is 1
Handshake duration: 763.03 ms
Execution 86 - TLS Single
s_connection: verify depth is 1
Handshake duration: 429.45 ms
Execution 87 - TLS Single
s_connection: verify depth is 1
Handshake duration: 426.39 ms
Execution 88 - TLS Single
s_connection: verify depth is 1
Handshake duration: 427.88 ms
Execution 89 - TLS Single
s_connection: verify depth is 1
Handshake duration: 1802.36 ms
Execution 90 - TLS Single
s_connection: verify depth is 1
Handshake duration: 431.53 ms
Execution 91 - TLS Single
s_connection: verify depth is 1
Handshake duration: 439.09 ms
Execution 92 - TLS Single
s_connection: verify depth is 1
Handshake duration: 448.47 ms
Execution 93 - TLS Single
s_connection: verify depth is 1
Handshake duration: 436.48 ms
Execution 94 - TLS Single
s_connection: verify depth is 1
Handshake duration: 437.14 ms
Execution 95 - TLS Single
s_connection: verify depth is 1
Handshake duration: 441.54 ms
Execution 96 - TLS Single
s_connection: verify depth is 1
Handshake duration: 439.29 ms
Execution 97 - TLS Single
s_connection: verify depth is 1
Handshake duration: 432.83 ms
Execution 98 - TLS Single
s_connection: verify depth is 1
Handshake duration: 430.29 ms
Execution 99 - TLS Single
s_connection: verify depth is 1
Handshake duration: 433.10 ms
Execution 100 - TLS Single
s_connection: verify depth is 1
Handshake duration: 427.00 ms
Execution 101 - TLS Single
s_connection: verify depth is 1
Handshake duration: 444.99 ms
Execution 102 - TLS Single
s_connection: verify depth is 1
Handshake duration: 434.34 ms
Execution 103 - TLS Single
s_connection: verify depth is 1
Handshake duration: 438.04 ms
Execution 104 - TLS Single
s_connection: verify depth is 1
Handshake duration: 430.49 ms
Execution 105 - TLS Single
s_connection: verify depth is 1
Handshake duration: 418.00 ms
Execution 106 - TLS Single
s_connection: verify depth is 1
Handshake duration: 427.27 ms
Execution 107 - TLS Single
s_connection: verify depth is 1
Handshake duration: 429.79 ms
Execution 108 - TLS Single
s_connection: verify depth is 1
Handshake duration: 436.66 ms
Execution 109 - TLS Single
s_connection: verify depth is 1
Handshake duration: 424.76 ms
Execution 110 - TLS Single
s_connection: verify depth is 1
Handshake duration: 432.06 ms
Execution 111 - TLS Single
s_connection: verify depth is 1
Handshake duration: 430.51 ms
Execution 112 - TLS Single
s_connection: verify depth is 1
Handshake duration: 436.65 ms
Execution 113 - TLS Single
s_connection: verify depth is 1
Handshake duration: 428.16 ms
Execution 114 - TLS Single
s_connection: verify depth is 1
Handshake duration: 432.69 ms
Execution 115 - TLS Single
s_connection: verify depth is 1
Handshake duration: 422.54 ms
Execution 116 - TLS Single
s_connection: verify depth is 1
Handshake duration: 421.37 ms
Execution 117 - TLS Single
s_connection: verify depth is 1
Handshake duration: 435.83 ms
Execution 118 - TLS Single
s_connection: verify depth is 1
Handshake duration: 434.66 ms
Execution 119 - TLS Single
s_connection: verify depth is 1
Handshake duration: 810.37 ms
Execution 120 - TLS Single
s_connection: verify depth is 1
Handshake duration: 433.14 ms
Execution 121 - TLS Single
s_connection: verify depth is 1
Handshake duration: 427.78 ms
Execution 122 - TLS Single
s_connection: verify depth is 1
Handshake duration: 429.77 ms
Execution 123 - TLS Single
s_connection: verify depth is 1
Handshake duration: 434.37 ms
Execution 124 - TLS Single
s_connection: verify depth is 1
Handshake duration: 435.21 ms
Execution 125 - TLS Single
s_connection: verify depth is 1
Handshake duration: 433.28 ms
