Handshake timeout budget: 150s (identique TLS/QUIC)
Applying netem rules to lo...
Showing qdisc status for the interface: lo
qdisc netem 9149: root refcnt 2 limit 1000 seed 13887782037569480592
 Sent 0 bytes 0 pkt (dropped 0, overlimits 0 requeues 0) 
 backlog 0b 0p requeues 0
Running ./perftestClientTlsQuic.sh with SIG_ALG=secp384r1 and KEM_ALG=hqc192
Execution 1 - TLS Single
s_connection: verify depth is 1
Handshake duration: 585.88 ms
Execution 2 - TLS Single
s_connection: verify depth is 1
Handshake duration: 443.80 ms
Execution 3 - TLS Single
s_connection: verify depth is 1
Handshake duration: 421.49 ms
Execution 4 - TLS Single
s_connection: verify depth is 1
Handshake duration: 407.73 ms
Execution 5 - TLS Single
s_connection: verify depth is 1
Handshake duration: 612.68 ms
Execution 6 - TLS Single
s_connection: verify depth is 1
Handshake duration: 447.19 ms
Execution 7 - TLS Single
s_connection: verify depth is 1
Handshake duration: 415.29 ms
Execution 8 - TLS Single
s_connection: verify depth is 1
Handshake duration: 800.71 ms
Execution 9 - TLS Single
s_connection: verify depth is 1
Handshake duration: 436.77 ms
Execution 10 - TLS Single
s_connection: verify depth is 1
Handshake duration: 394.24 ms
Execution 11 - TLS Single
s_connection: verify depth is 1
Handshake duration: 422.44 ms
Execution 12 - TLS Single
s_connection: verify depth is 1
Handshake duration: 423.65 ms
Execution 13 - TLS Single
s_connection: verify depth is 1
Handshake duration: 443.96 ms
Execution 14 - TLS Single
s_connection: verify depth is 1
Handshake duration: 396.70 ms
Execution 15 - TLS Single
s_connection: verify depth is 1
Handshake duration: 443.11 ms
Execution 16 - TLS Single
s_connection: verify depth is 1
Handshake duration: 420.30 ms
Execution 17 - TLS Single
s_connection: verify depth is 1
Handshake duration: 587.00 ms
Execution 18 - TLS Single
s_connection: verify depth is 1
Handshake duration: 390.67 ms
Execution 19 - TLS Single
s_connection: verify depth is 1
Handshake duration: 420.24 ms
Execution 20 - TLS Single
s_connection: verify depth is 1
Handshake duration: 440.06 ms
Execution 21 - TLS Single
s_connection: verify depth is 1
Handshake duration: 447.30 ms
Execution 22 - TLS Single
s_connection: verify depth is 1
Handshake duration: 416.01 ms
Execution 23 - TLS Single
s_connection: verify depth is 1
Handshake duration: 441.73 ms
Execution 24 - TLS Single
s_connection: verify depth is 1
Handshake duration: 418.05 ms
Execution 25 - TLS Single
s_connection: verify depth is 1
Handshake duration: 443.77 ms
Execution 26 - TLS Single
s_connection: verify depth is 1
Handshake duration: 422.72 ms
Execution 27 - TLS Single
s_connection: verify depth is 1
Handshake duration: 447.32 ms
Execution 28 - TLS Single
s_connection: verify depth is 1
Handshake duration: 445.73 ms
Execution 29 - TLS Single
s_connection: verify depth is 1
Handshake duration: 442.86 ms
Execution 30 - TLS Single
s_connection: verify depth is 1
Handshake duration: 423.60 ms
Execution 31 - TLS Single
s_connection: verify depth is 1
Handshake duration: 445.70 ms
Execution 32 - TLS Single
s_connection: verify depth is 1
Handshake duration: 420.15 ms
Execution 33 - TLS Single
s_connection: verify depth is 1
Handshake duration: 2131.79 ms
Execution 34 - TLS Single
s_connection: verify depth is 1
Handshake duration: 1773.65 ms
Execution 35 - TLS Single
s_connection: verify depth is 1
Handshake duration: 422.50 ms
Execution 36 - TLS Single
s_connection: verify depth is 1
Handshake duration: 445.02 ms
Execution 37 - TLS Single
s_connection: verify depth is 1
Handshake duration: 404.77 ms
Execution 38 - TLS Single
s_connection: verify depth is 1
Handshake duration: 420.17 ms
Execution 39 - TLS Single
s_connection: verify depth is 1
Handshake duration: 424.08 ms
Execution 40 - TLS Single
s_connection: verify depth is 1
Handshake duration: 447.08 ms
Execution 41 - TLS Single
s_connection: verify depth is 1
Handshake duration: 446.48 ms
Execution 42 - TLS Single
s_connection: verify depth is 1
Handshake duration: 397.84 ms
Execution 43 - TLS Single
s_connection: verify depth is 1
Handshake duration: 444.96 ms
Execution 44 - TLS Single
s_connection: verify depth is 1
Handshake duration: 432.90 ms
Execution 45 - TLS Single
s_connection: verify depth is 1
Handshake duration: 1045.67 ms
Execution 46 - TLS Single
s_connection: verify depth is 1
Handshake duration: 442.20 ms
Execution 47 - TLS Single
s_connection: verify depth is 1
Handshake duration: 422.15 ms
Execution 48 - TLS Single
s_connection: verify depth is 1
Handshake duration: 419.97 ms
Execution 49 - TLS Single
s_connection: verify depth is 1
Handshake duration: 444.26 ms
Execution 50 - TLS Single
s_connection: verify depth is 1
Handshake duration: 423.27 ms
Execution 51 - TLS Single
s_connection: verify depth is 1
Handshake duration: 444.68 ms
Execution 52 - TLS Single
s_connection: verify depth is 1
Handshake duration: 418.26 ms
Execution 53 - TLS Single
s_connection: verify depth is 1
Handshake duration: 421.68 ms
Execution 54 - TLS Single
s_connection: verify depth is 1
Handshake duration: 399.10 ms
Execution 55 - TLS Single
s_connection: verify depth is 1
Handshake duration: 445.03 ms
Execution 56 - TLS Single
s_connection: verify depth is 1
Handshake duration: 420.58 ms
Execution 57 - TLS Single
s_connection: verify depth is 1
Handshake duration: 445.51 ms
Execution 58 - TLS Single
s_connection: verify depth is 1
Handshake duration: 446.00 ms
Execution 59 - TLS Single
s_connection: verify depth is 1
Handshake duration: 447.25 ms
Execution 60 - TLS Single
s_connection: verify depth is 1
Handshake duration: 419.77 ms
Execution 61 - TLS Single
s_connection: verify depth is 1
Handshake duration: 447.65 ms
Execution 62 - TLS Single
s_connection: verify depth is 1
Handshake duration: 396.98 ms
Execution 63 - TLS Single
s_connection: verify depth is 1
Handshake duration: 446.70 ms
Execution 64 - TLS Single
s_connection: verify depth is 1
Handshake duration: 793.51 ms
Execution 65 - TLS Single
s_connection: verify depth is 1
Handshake duration: 448.36 ms
Execution 66 - TLS Single
s_connection: verify depth is 1
Handshake duration: 445.49 ms
Execution 67 - TLS Single
s_connection: verify depth is 1
Handshake duration: 442.36 ms
Execution 68 - TLS Single
s_connection: verify depth is 1
Handshake duration: 823.95 ms
Execution 69 - TLS Single
s_connection: verify depth is 1
Handshake duration: 443.31 ms
Execution 70 - TLS Single
s_connection: verify depth is 1
Handshake duration: 448.26 ms
Execution 71 - TLS Single
s_connection: verify depth is 1
Handshake duration: 397.05 ms
Execution 72 - TLS Single
s_connection: verify depth is 1
Handshake duration: 588.92 ms
Execution 73 - TLS Single
s_connection: verify depth is 1
Handshake duration: 422.34 ms
Execution 74 - TLS Single
s_connection: verify depth is 1
Handshake duration: 444.74 ms
Execution 75 - TLS Single
s_connection: verify depth is 1
Handshake duration: 421.60 ms
Execution 76 - TLS Single
s_connection: verify depth is 1
Handshake duration: 448.17 ms
Execution 77 - TLS Single
s_connection: verify depth is 1
Handshake duration: 420.00 ms
Execution 78 - TLS Single
s_connection: verify depth is 1
Handshake duration: 420.01 ms
Execution 79 - TLS Single
s_connection: verify depth is 1
Handshake duration: 443.97 ms
Execution 80 - TLS Single
s_connection: verify depth is 1
Handshake duration: 421.43 ms
Execution 81 - TLS Single
s_connection: verify depth is 1
Handshake duration: 423.39 ms
Execution 82 - TLS Single
s_connection: verify depth is 1
Handshake duration: 417.46 ms
Execution 83 - TLS Single
s_connection: verify depth is 1
Handshake duration: 445.13 ms
Execution 84 - TLS Single
s_connection: verify depth is 1
Handshake duration: 420.49 ms
Execution 85 - TLS Single
s_connection: verify depth is 1
Handshake duration: 659.27 ms
Execution 86 - TLS Single
s_connection: verify depth is 1
Handshake duration: 419.68 ms
Execution 87 - TLS Single
s_connection: verify depth is 1
Handshake duration: 422.11 ms
Execution 88 - TLS Single
s_connection: verify depth is 1
Handshake duration: 450.85 ms
Execution 89 - TLS Single
s_connection: verify depth is 1
Handshake duration: 418.20 ms
Execution 90 - TLS Single
s_connection: verify depth is 1
Handshake duration: 422.82 ms
Execution 91 - TLS Single
s_connection: verify depth is 1
Handshake duration: 437.93 ms
Execution 92 - TLS Single
s_connection: verify depth is 1
Handshake duration: 438.73 ms
Execution 93 - TLS Single
s_connection: verify depth is 1
Handshake duration: 403.03 ms
Execution 94 - TLS Single
s_connection: verify depth is 1
Handshake duration: 444.40 ms
Execution 95 - TLS Single
s_connection: verify depth is 1
Handshake duration: 421.02 ms
Execution 96 - TLS Single
s_connection: verify depth is 1
Handshake duration: 440.30 ms
Execution 97 - TLS Single
s_connection: verify depth is 1
Handshake duration: 437.37 ms
Execution 98 - TLS Single
s_connection: verify depth is 1
Handshake duration: 395.69 ms
Execution 99 - TLS Single
s_connection: verify depth is 1
Handshake duration: 798.08 ms
Execution 100 - TLS Single
s_connection: verify depth is 1
Handshake duration: 398.18 ms
Execution 101 - TLS Single
s_connection: verify depth is 1
Handshake duration: 424.15 ms
Execution 102 - TLS Single
s_connection: verify depth is 1
Handshake duration: 398.79 ms
Execution 103 - TLS Single
s_connection: verify depth is 1
Handshake duration: 422.62 ms
Execution 104 - TLS Single
s_connection: verify depth is 1
Handshake duration: 445.03 ms
Execution 105 - TLS Single
s_connection: verify depth is 1
Handshake duration: 421.41 ms
Execution 106 - TLS Single
s_connection: verify depth is 1
Handshake duration: 406.92 ms
Execution 107 - TLS Single
s_connection: verify depth is 1
Handshake duration: 397.61 ms
Execution 108 - TLS Single
s_connection: verify depth is 1
Handshake duration: 1072.66 ms
Execution 109 - TLS Single
s_connection: verify depth is 1
Handshake duration: 446.95 ms
Execution 110 - TLS Single
s_connection: verify depth is 1
Handshake duration: 445.03 ms
Execution 111 - TLS Single
s_connection: verify depth is 1
Handshake duration: 443.77 ms
Execution 112 - TLS Single
s_connection: verify depth is 1
Handshake duration: 444.41 ms
Execution 113 - TLS Single
s_connection: verify depth is 1
Handshake duration: 419.32 ms
Execution 114 - TLS Single
s_connection: verify depth is 1
Handshake duration: 423.26 ms
Execution 115 - TLS Single
s_connection: verify depth is 1
Handshake duration: 422.13 ms
Execution 116 - TLS Single
s_connection: verify depth is 1
Handshake duration: 449.12 ms
Execution 117 - TLS Single
s_connection: verify depth is 1
Handshake duration: 402.92 ms
Execution 118 - TLS Single
s_connection: verify depth is 1
Handshake duration: 445.90 ms
Execution 119 - TLS Single
s_connection: verify depth is 1
Handshake duration: 421.67 ms
Execution 120 - TLS Single
s_connection: verify depth is 1
Handshake duration: 446.22 ms
Execution 121 - TLS Single
s_connection: verify depth is 1
Handshake duration: 418.29 ms
Execution 122 - TLS Single
s_connection: verify depth is 1
Handshake duration: 442.79 ms
Execution 123 - TLS Single
s_connection: verify depth is 1
Handshake duration: 445.45 ms
Execution 124 - TLS Single
s_connection: verify depth is 1
Handshake duration: 447.14 ms
Execution 125 - TLS Single
s_connection: verify depth is 1
Handshake duration: 420.53 ms
