Handshake timeout budget: 150s (identique TLS/QUIC)
Applying netem rules to lo...
Showing qdisc status for the interface: lo
qdisc netem 8ae7: root refcnt 2 limit 1000 seed 16850094738698181462
 Sent 0 bytes 0 pkt (dropped 0, overlimits 0 requeues 0) 
 backlog 0b 0p requeues 0
Running ./perftestClientTlsQuic.sh with SIG_ALG=mldsa65 and KEM_ALG=hqc192
Execution 1 - TLS Single
s_connection: verify depth is 1
Handshake duration: 728.36 ms
Execution 2 - TLS Single
s_connection: verify depth is 1
Handshake duration: 611.00 ms
Execution 3 - TLS Single
s_connection: verify depth is 1
Handshake duration: 538.21 ms
Execution 4 - TLS Single
s_connection: verify depth is 1
Handshake duration: 569.11 ms
Execution 5 - TLS Single
s_connection: verify depth is 1
Handshake duration: 564.90 ms
Execution 6 - TLS Single
s_connection: verify depth is 1
Handshake duration: 564.69 ms
Execution 7 - TLS Single
s_connection: verify depth is 1
Handshake duration: 540.30 ms
Execution 8 - TLS Single
s_connection: verify depth is 1
Handshake duration: 539.75 ms
Execution 9 - TLS Single
s_connection: verify depth is 1
Handshake duration: 567.48 ms
Execution 10 - TLS Single
s_connection: verify depth is 1
Handshake duration: 540.80 ms
Execution 11 - TLS Single
s_connection: verify depth is 1
Handshake duration: 566.15 ms
Execution 12 - TLS Single
s_connection: verify depth is 1
Handshake duration: 539.01 ms
Execution 13 - TLS Single
s_connection: verify depth is 1
Handshake duration: 563.17 ms
Execution 14 - TLS Single
s_connection: verify depth is 1
Handshake duration: 562.49 ms
Execution 15 - TLS Single
s_connection: verify depth is 1
Handshake duration: 545.41 ms
Execution 16 - TLS Single
s_connection: verify depth is 1
Handshake duration: 532.99 ms
Execution 17 - TLS Single
s_connection: verify depth is 1
Handshake duration: 555.67 ms
Execution 18 - TLS Single
s_connection: verify depth is 1
Handshake duration: 543.17 ms
Execution 19 - TLS Single
s_connection: verify depth is 1
Handshake duration: 590.36 ms
Execution 20 - TLS Single
s_connection: verify depth is 1
Handshake duration: 537.88 ms
Execution 21 - TLS Single
s_connection: verify depth is 1
Handshake duration: 539.99 ms
Execution 22 - TLS Single
s_connection: verify depth is 1
Handshake duration: 564.10 ms
Execution 23 - TLS Single
s_connection: verify depth is 1
Handshake duration: 561.49 ms
Execution 24 - TLS Single
s_connection: verify depth is 1
Handshake duration: 541.22 ms
Execution 25 - TLS Single
s_connection: verify depth is 1
Handshake duration: 561.94 ms
Execution 26 - TLS Single
s_connection: verify depth is 1
Handshake duration: 566.30 ms
Execution 27 - TLS Single
s_connection: verify depth is 1
Handshake duration: 534.15 ms
Execution 28 - TLS Single
s_connection: verify depth is 1
Handshake duration: 562.47 ms
Execution 29 - TLS Single
s_connection: verify depth is 1
Handshake duration: 561.82 ms
Execution 30 - TLS Single
s_connection: verify depth is 1
Handshake duration: 543.57 ms
Execution 31 - TLS Single
s_connection: verify depth is 1
Handshake duration: 539.79 ms
Execution 32 - TLS Single
s_connection: verify depth is 1
Handshake duration: 561.82 ms
Execution 33 - TLS Single
s_connection: verify depth is 1
Handshake duration: 543.94 ms
Execution 34 - TLS Single
s_connection: verify depth is 1
Handshake duration: 709.34 ms
Execution 35 - TLS Single
s_connection: verify depth is 1
Handshake duration: 562.16 ms
Execution 36 - TLS Single
s_connection: verify depth is 1
Handshake duration: 539.50 ms
Execution 37 - TLS Single
s_connection: verify depth is 1
Handshake duration: 566.86 ms
Execution 38 - TLS Single
s_connection: verify depth is 1
Handshake duration: 568.62 ms
Execution 39 - TLS Single
s_connection: verify depth is 1
Handshake duration: 539.39 ms
Execution 40 - TLS Single
s_connection: verify depth is 1
Handshake duration: 542.74 ms
Execution 41 - TLS Single
s_connection: verify depth is 1
Handshake duration: 562.04 ms
Execution 42 - TLS Single
s_connection: verify depth is 1
Handshake duration: 542.23 ms
Execution 43 - TLS Single
s_connection: verify depth is 1
Handshake duration: 541.09 ms
Execution 44 - TLS Single
s_connection: verify depth is 1
Handshake duration: 540.88 ms
Execution 45 - TLS Single
s_connection: verify depth is 1
Handshake duration: 543.37 ms
Execution 46 - TLS Single
s_connection: verify depth is 1
Handshake duration: 540.24 ms
Execution 47 - TLS Single
s_connection: verify depth is 1
Handshake duration: 543.07 ms
Execution 48 - TLS Single
s_connection: verify depth is 1
Handshake duration: 540.17 ms
Execution 49 - TLS Single
s_connection: verify depth is 1
Handshake duration: 565.86 ms
Execution 50 - TLS Single
s_connection: verify depth is 1
Handshake duration: 562.56 ms
Execution 51 - TLS Single
s_connection: verify depth is 1
Handshake duration: 564.44 ms
Execution 52 - TLS Single
s_connection: verify depth is 1
Handshake duration: 1910.07 ms
Execution 53 - TLS Single
s_connection: verify depth is 1
Handshake duration: 564.46 ms
Execution 54 - TLS Single
s_connection: verify depth is 1
Handshake duration: 541.37 ms
Execution 55 - TLS Single
s_connection: verify depth is 1
Handshake duration: 568.94 ms
Execution 56 - TLS Single
s_connection: verify depth is 1
Handshake duration: 560.46 ms
Execution 57 - TLS Single
s_connection: verify depth is 1
Handshake duration: 538.17 ms
Execution 58 - TLS Single
s_connection: verify depth is 1
Handshake duration: 562.46 ms
Execution 59 - TLS Single
s_connection: verify depth is 1
Handshake duration: 562.86 ms
Execution 60 - TLS Single
s_connection: verify depth is 1
Handshake duration: 560.30 ms
Execution 61 - TLS Single
s_connection: verify depth is 1
Handshake duration: 564.98 ms
Execution 62 - TLS Single
s_connection: verify depth is 1
Handshake duration: 565.31 ms
Execution 63 - TLS Single
s_connection: verify depth is 1
Handshake duration: 565.79 ms
Execution 64 - TLS Single
s_connection: verify depth is 1
Handshake duration: 554.20 ms
Execution 65 - TLS Single
s_connection: verify depth is 1
Handshake duration: 561.45 ms
Execution 66 - TLS Single
s_connection: verify depth is 1
Handshake duration: 540.74 ms
Execution 67 - TLS Single
s_connection: verify depth is 1
Handshake duration: 536.38 ms
Execution 68 - TLS Single
s_connection: verify depth is 1
Handshake duration: 537.97 ms
Execution 69 - TLS Single
s_connection: verify depth is 1
Handshake duration: 528.79 ms
Execution 70 - TLS Single
s_connection: verify depth is 1
Handshake duration: 536.00 ms
Execution 71 - TLS Single
s_connection: verify depth is 1
Handshake duration: 528.83 ms
Execution 72 - TLS Single
s_connection: verify depth is 1
Handshake duration: 528.39 ms
Execution 73 - TLS Single
s_connection: verify depth is 1
Handshake duration: 527.23 ms
Execution 74 - TLS Single
s_connection: verify depth is 1
Handshake duration: 545.51 ms
Execution 75 - TLS Single
s_connection: verify depth is 1
Handshake duration: 537.30 ms
Execution 76 - TLS Single
s_connection: verify depth is 1
Handshake duration: 708.87 ms
Execution 77 - TLS Single
s_connection: verify depth is 1
Handshake duration: 539.90 ms
Execution 78 - TLS Single
s_connection: verify depth is 1
Handshake duration: 531.05 ms
Execution 79 - TLS Single
s_connection: verify depth is 1
Handshake duration: 564.47 ms
Execution 80 - TLS Single
s_connection: verify depth is 1
Handshake duration: 564.68 ms
Execution 81 - TLS Single
s_connection: verify depth is 1
Handshake duration: 560.67 ms
Execution 82 - TLS Single
s_connection: verify depth is 1
Handshake duration: 565.89 ms
Execution 83 - TLS Single
s_connection: verify depth is 1
Handshake duration: 566.95 ms
Execution 84 - TLS Single
s_connection: verify depth is 1
Handshake duration: 567.08 ms
Execution 85 - TLS Single
s_connection: verify depth is 1
Handshake duration: 566.07 ms
Execution 86 - TLS Single
s_connection: verify depth is 1
Handshake duration: 539.92 ms
Execution 87 - TLS Single
s_connection: verify depth is 1
Handshake duration: 730.94 ms
Execution 88 - TLS Single
s_connection: verify depth is 1
Handshake duration: 538.11 ms
Execution 89 - TLS Single
s_connection: verify depth is 1
Handshake duration: 565.26 ms
Execution 90 - TLS Single
s_connection: verify depth is 1
Handshake duration: 539.66 ms
Execution 91 - TLS Single
s_connection: verify depth is 1
Handshake duration: 563.71 ms
Execution 92 - TLS Single
s_connection: verify depth is 1
Handshake duration: 708.23 ms
Execution 93 - TLS Single
s_connection: verify depth is 1
Handshake duration: 540.34 ms
Execution 94 - TLS Single
s_connection: verify depth is 1
Handshake duration: 1235.88 ms
Execution 95 - TLS Single
s_connection: verify depth is 1
Handshake duration: 567.57 ms
Execution 96 - TLS Single
s_connection: verify depth is 1
Handshake duration: 561.39 ms
Execution 97 - TLS Single
s_connection: verify depth is 1
Handshake duration: 561.03 ms
Execution 98 - TLS Single
s_connection: verify depth is 1
Handshake duration: 541.39 ms
Execution 99 - TLS Single
s_connection: verify depth is 1
Handshake duration: 543.55 ms
Execution 100 - TLS Single
s_connection: verify depth is 1
Handshake duration: 541.03 ms
Execution 101 - TLS Single
s_connection: verify depth is 1
Handshake duration: 539.88 ms
Execution 102 - TLS Single
s_connection: verify depth is 1
Handshake duration: 533.30 ms
Execution 103 - TLS Single
s_connection: verify depth is 1
Handshake duration: 560.32 ms
Execution 104 - TLS Single
s_connection: verify depth is 1
Handshake duration: 541.27 ms
Execution 105 - TLS Single
s_connection: verify depth is 1
Handshake duration: 544.82 ms
Execution 106 - TLS Single
s_connection: verify depth is 1
Handshake duration: 562.47 ms
Execution 107 - TLS Single
s_connection: verify depth is 1
Handshake duration: 1578.90 ms
Execution 108 - TLS Single
s_connection: verify depth is 1
Handshake duration: 541.51 ms
Execution 109 - TLS Single
s_connection: verify depth is 1
Handshake duration: 545.09 ms
Execution 110 - TLS Single
s_connection: verify depth is 1
Handshake duration: 541.50 ms
Execution 111 - TLS Single
s_connection: verify depth is 1
Handshake duration: 566.64 ms
Execution 112 - TLS Single
s_connection: verify depth is 1
Handshake duration: 540.38 ms
Execution 113 - TLS Single
s_connection: verify depth is 1
Handshake duration: 730.09 ms
Execution 114 - TLS Single
s_connection: verify depth is 1
Handshake duration: 540.79 ms
Execution 115 - TLS Single
s_connection: verify depth is 1
Handshake duration: 915.09 ms
Execution 116 - TLS Single
s_connection: verify depth is 1
Handshake duration: 538.37 ms
Execution 117 - TLS Single
s_connection: verify depth is 1
Handshake duration: 566.27 ms
Execution 118 - TLS Single
s_connection: verify depth is 1
Handshake duration: 563.07 ms
Execution 119 - TLS Single
s_connection: verify depth is 1
Handshake duration: 539.54 ms
Execution 120 - TLS Single
s_connection: verify depth is 1
Handshake duration: 539.08 ms
Execution 121 - TLS Single
s_connection: verify depth is 1
Handshake duration: 564.64 ms
Execution 122 - TLS Single
s_connection: verify depth is 1
Handshake duration: 1218.23 ms
Execution 123 - TLS Single
s_connection: verify depth is 1
Handshake duration: 575.72 ms
Execution 124 - TLS Single
s_connection: verify depth is 1
Handshake duration: 561.13 ms
Execution 125 - TLS Single
s_connection: verify depth is 1
Handshake duration: 587.91 ms
