Handshake timeout budget: 150s (identique TLS/QUIC)
Applying netem rules to lo...
Showing qdisc status for the interface: lo
qdisc netem 849b: root refcnt 2 limit 1000 seed 10360164115982292100
 Sent 0 bytes 0 pkt (dropped 0, overlimits 0 requeues 0) 
 backlog 0b 0p requeues 0
Running ./perftestClientTlsQuic.sh with SIG_ALG=mldsa44 and KEM_ALG=x25519_hqc128
Execution 1 - TLS Single
s_connection: verify depth is 1
Handshake duration: 565.04 ms
Execution 2 - TLS Single
s_connection: verify depth is 1
Handshake duration: 403.01 ms
Execution 3 - TLS Single
s_connection: verify depth is 1
Handshake duration: 396.35 ms
Execution 4 - TLS Single
s_connection: verify depth is 1
Handshake duration: 394.38 ms
Execution 5 - TLS Single
s_connection: verify depth is 1
Handshake duration: 394.78 ms
Execution 6 - TLS Single
s_connection: verify depth is 1
Handshake duration: 395.70 ms
Execution 7 - TLS Single
s_connection: verify depth is 1
Handshake duration: 576.45 ms
Execution 8 - TLS Single
s_connection: verify depth is 1
Handshake duration: 395.17 ms
Execution 9 - TLS Single
s_connection: verify depth is 1
Handshake duration: 395.20 ms
Execution 10 - TLS Single
s_connection: verify depth is 1
Handshake duration: 394.25 ms
Execution 11 - TLS Single
s_connection: verify depth is 1
Handshake duration: 872.77 ms
Execution 12 - TLS Single
s_connection: verify depth is 1
Handshake duration: 397.00 ms
Execution 13 - TLS Single
s_connection: verify depth is 1
Handshake duration: 564.78 ms
Execution 14 - TLS Single
s_connection: verify depth is 1
Handshake duration: 395.48 ms
Execution 15 - TLS Single
s_connection: verify depth is 1
Handshake duration: 395.03 ms
Execution 16 - TLS Single
s_connection: verify depth is 1
Handshake duration: 394.73 ms
Execution 17 - TLS Single
s_connection: verify depth is 1
Handshake duration: 394.11 ms
Execution 18 - TLS Single
s_connection: verify depth is 1
Handshake duration: 394.38 ms
Execution 19 - TLS Single
s_connection: verify depth is 1
Handshake duration: 583.34 ms
Execution 20 - TLS Single
s_connection: verify depth is 1
Handshake duration: 394.38 ms
Execution 21 - TLS Single
s_connection: verify depth is 1
Handshake duration: 401.65 ms
Execution 22 - TLS Single
s_connection: verify depth is 1
Handshake duration: 394.51 ms
Execution 23 - TLS Single
s_connection: verify depth is 1
Handshake duration: 396.56 ms
Execution 24 - TLS Single
s_connection: verify depth is 1
Handshake duration: 564.76 ms
Execution 25 - TLS Single
s_connection: verify depth is 1
Handshake duration: 395.78 ms
Execution 26 - TLS Single
s_connection: verify depth is 1
Handshake duration: 394.72 ms
Execution 27 - TLS Single
s_connection: verify depth is 1
Handshake duration: 396.27 ms
Execution 28 - TLS Single
s_connection: verify depth is 1
Handshake duration: 395.45 ms
Execution 29 - TLS Single
s_connection: verify depth is 1
Handshake duration: 395.75 ms
Execution 30 - TLS Single
s_connection: verify depth is 1
Handshake duration: 393.35 ms
Execution 31 - TLS Single
s_connection: verify depth is 1
Handshake duration: 395.06 ms
Execution 32 - TLS Single
s_connection: verify depth is 1
Handshake duration: 394.68 ms
Execution 33 - TLS Single
s_connection: verify depth is 1
Handshake duration: 396.29 ms
Execution 34 - TLS Single
s_connection: verify depth is 1
Handshake duration: 397.02 ms
Execution 35 - TLS Single
s_connection: verify depth is 1
Handshake duration: 394.81 ms
Execution 36 - TLS Single
s_connection: verify depth is 1
Handshake duration: 395.63 ms
Execution 37 - TLS Single
s_connection: verify depth is 1
Handshake duration: 394.78 ms
Execution 38 - TLS Single
s_connection: verify depth is 1
Handshake duration: 582.78 ms
Execution 39 - TLS Single
s_connection: verify depth is 1
Handshake duration: 394.42 ms
Execution 40 - TLS Single
s_connection: verify depth is 1
Handshake duration: 396.12 ms
Execution 41 - TLS Single
s_connection: verify depth is 1
Handshake duration: 393.94 ms
Execution 42 - TLS Single
s_connection: verify depth is 1
Handshake duration: 394.88 ms
Execution 43 - TLS Single
s_connection: verify depth is 1
Handshake duration: 565.87 ms
Execution 44 - TLS Single
s_connection: verify depth is 1
Handshake duration: 408.03 ms
Execution 45 - TLS Single
s_connection: verify depth is 1
Handshake duration: 399.32 ms
Execution 46 - TLS Single
s_connection: verify depth is 1
Handshake duration: 1050.48 ms
Execution 47 - TLS Single
s_connection: verify depth is 1
Handshake duration: 400.60 ms
Execution 48 - TLS Single
s_connection: verify depth is 1
Handshake duration: 402.12 ms
Execution 49 - TLS Single
s_connection: verify depth is 1
Handshake duration: 398.17 ms
Execution 50 - TLS Single
s_connection: verify depth is 1
Handshake duration: 397.31 ms
Execution 51 - TLS Single
s_connection: verify depth is 1
Handshake duration: 538.50 ms
Execution 52 - TLS Single
s_connection: verify depth is 1
Handshake duration: 379.19 ms
Execution 53 - TLS Single
s_connection: verify depth is 1
Handshake duration: 402.49 ms
Execution 54 - TLS Single
s_connection: verify depth is 1
Handshake duration: 395.13 ms
Execution 55 - TLS Single
s_connection: verify depth is 1
Handshake duration: 394.99 ms
Execution 56 - TLS Single
s_connection: verify depth is 1
Handshake duration: 398.72 ms
Execution 57 - TLS Single
s_connection: verify depth is 1
Handshake duration: 398.59 ms
Execution 58 - TLS Single
s_connection: verify depth is 1
Handshake duration: 565.31 ms
Execution 59 - TLS Single
s_connection: verify depth is 1
Handshake duration: 396.34 ms
Execution 60 - TLS Single
s_connection: verify depth is 1
Handshake duration: 400.20 ms
Execution 61 - TLS Single
s_connection: verify depth is 1
Handshake duration: 398.05 ms
Execution 62 - TLS Single
s_connection: verify depth is 1
Handshake duration: 396.70 ms
Execution 63 - TLS Single
s_connection: verify depth is 1
Handshake duration: 395.90 ms
Execution 64 - TLS Single
s_connection: verify depth is 1
Handshake duration: 395.60 ms
Execution 65 - TLS Single
s_connection: verify depth is 1
Handshake duration: 396.08 ms
Execution 66 - TLS Single
s_connection: verify depth is 1
Handshake duration: 394.26 ms
Execution 67 - TLS Single
s_connection: verify depth is 1
Handshake duration: 395.37 ms
Execution 68 - TLS Single
s_connection: verify depth is 1
Handshake duration: 396.07 ms
Execution 69 - TLS Single
s_connection: verify depth is 1
Handshake duration: 398.12 ms
Execution 70 - TLS Single
s_connection: verify depth is 1
Handshake duration: 1043.75 ms
Execution 71 - TLS Single
s_connection: verify depth is 1
Handshake duration: 395.48 ms
Execution 72 - TLS Single
s_connection: verify depth is 1
Handshake duration: 394.20 ms
Execution 73 - TLS Single
s_connection: verify depth is 1
Handshake duration: 561.74 ms
Execution 74 - TLS Single
s_connection: verify depth is 1
Handshake duration: 394.67 ms
Execution 75 - TLS Single
s_connection: verify depth is 1
Handshake duration: 394.06 ms
Execution 76 - TLS Single
s_connection: verify depth is 1
Handshake duration: 395.25 ms
Execution 77 - TLS Single
s_connection: verify depth is 1
Handshake duration: 395.60 ms
Execution 78 - TLS Single
s_connection: verify depth is 1
Handshake duration: 394.86 ms
Execution 79 - TLS Single
s_connection: verify depth is 1
Handshake duration: 397.32 ms
Execution 80 - TLS Single
s_connection: verify depth is 1
Handshake duration: 397.29 ms
Execution 81 - TLS Single
s_connection: verify depth is 1
Handshake duration: 396.72 ms
Execution 82 - TLS Single
s_connection: verify depth is 1
Handshake duration: 401.74 ms
Execution 83 - TLS Single
s_connection: verify depth is 1
Handshake duration: 537.42 ms
Execution 84 - TLS Single
s_connection: verify depth is 1
Handshake duration: 395.55 ms
Execution 85 - TLS Single
s_connection: verify depth is 1
Handshake duration: 395.29 ms
Execution 86 - TLS Single
s_connection: verify depth is 1
Handshake duration: 396.01 ms
Execution 87 - TLS Single
s_connection: verify depth is 1
Handshake duration: 395.70 ms
Execution 88 - TLS Single
s_connection: verify depth is 1
Handshake duration: 394.42 ms
Execution 89 - TLS Single
s_connection: verify depth is 1
Handshake duration: 397.80 ms
Execution 90 - TLS Single
s_connection: verify depth is 1
Handshake duration: 395.30 ms
Execution 91 - TLS Single
s_connection: verify depth is 1
Handshake duration: 396.72 ms
Execution 92 - TLS Single
s_connection: verify depth is 1
Handshake duration: 395.33 ms
Execution 93 - TLS Single
s_connection: verify depth is 1
Handshake duration: 392.49 ms
Execution 94 - TLS Single
s_connection: verify depth is 1
Handshake duration: 543.92 ms
Execution 95 - TLS Single
s_connection: verify depth is 1
Handshake duration: 396.76 ms
Execution 96 - TLS Single
s_connection: verify depth is 1
Handshake duration: 397.38 ms
Execution 97 - TLS Single
s_connection: verify depth is 1
Handshake duration: 396.10 ms
Execution 98 - TLS Single
s_connection: verify depth is 1
Handshake duration: 396.79 ms
Execution 99 - TLS Single
s_connection: verify depth is 1
Handshake duration: 397.74 ms
Execution 100 - TLS Single
s_connection: verify depth is 1
Handshake duration: 396.64 ms
Execution 101 - TLS Single
s_connection: verify depth is 1
Handshake duration: 394.38 ms
Execution 102 - TLS Single
s_connection: verify depth is 1
Handshake duration: 395.23 ms
Execution 103 - TLS Single
s_connection: verify depth is 1
Handshake duration: 394.41 ms
Execution 104 - TLS Single
s_connection: verify depth is 1
Handshake duration: 1408.78 ms
Execution 105 - TLS Single
s_connection: verify depth is 1
Handshake duration: 394.95 ms
Execution 106 - TLS Single
s_connection: verify depth is 1
Handshake duration: 394.62 ms
Execution 107 - TLS Single
s_connection: verify depth is 1
Handshake duration: 581.07 ms
Execution 108 - TLS Single
s_connection: verify depth is 1
Handshake duration: 394.91 ms
Execution 109 - TLS Single
s_connection: verify depth is 1
Handshake duration: 397.74 ms
Execution 110 - TLS Single
s_connection: verify depth is 1
Handshake duration: 396.78 ms
Execution 111 - TLS Single
s_connection: verify depth is 1
Handshake duration: 395.65 ms
Execution 112 - TLS Single
s_connection: verify depth is 1
Handshake duration: 395.92 ms
Execution 113 - TLS Single
s_connection: verify depth is 1
Handshake duration: 1552.54 ms
Execution 114 - TLS Single
s_connection: verify depth is 1
Handshake duration: 397.18 ms
Execution 115 - TLS Single
s_connection: verify depth is 1
Handshake duration: 394.62 ms
Execution 116 - TLS Single
s_connection: verify depth is 1
Handshake duration: 394.14 ms
Execution 117 - TLS Single
s_connection: verify depth is 1
Handshake duration: 394.24 ms
Execution 118 - TLS Single
s_connection: verify depth is 1
Handshake duration: 396.44 ms
Execution 119 - TLS Single
s_connection: verify depth is 1
Handshake duration: 398.43 ms
Execution 120 - TLS Single
s_connection: verify depth is 1
Handshake duration: 396.70 ms
Execution 121 - TLS Single
s_connection: verify depth is 1
Handshake duration: 394.54 ms
Execution 122 - TLS Single
s_connection: verify depth is 1
Handshake duration: 1563.59 ms
Execution 123 - TLS Single
s_connection: verify depth is 1
Handshake duration: 394.68 ms
Execution 124 - TLS Single
s_connection: verify depth is 1
Handshake duration: 394.61 ms
Execution 125 - TLS Single
s_connection: verify depth is 1
Handshake duration: 394.51 ms
