Handshake timeout budget: 150s (identique TLS/QUIC)
Applying netem rules to lo...
Showing qdisc status for the interface: lo
qdisc netem 8b2f: root refcnt 2 limit 1000 seed 12945046804131545404
 Sent 0 bytes 0 pkt (dropped 0, overlimits 0 requeues 0) 
 backlog 0b 0p requeues 0
Running ./perftestClientTlsQuic.sh with SIG_ALG=mldsa65 and KEM_ALG=p384_mlkem768
Execution 1 - TLS Single
s_connection: verify depth is 1
Handshake duration: 690.72 ms
Execution 2 - TLS Single
s_connection: verify depth is 1
Handshake duration: 520.86 ms
Execution 3 - TLS Single
s_connection: verify depth is 1
Handshake duration: 363.43 ms
Execution 4 - TLS Single
s_connection: verify depth is 1
Handshake duration: 357.33 ms
Execution 5 - TLS Single
s_connection: verify depth is 1
Handshake duration: 354.09 ms
Execution 6 - TLS Single
s_connection: verify depth is 1
Handshake duration: 356.59 ms
Execution 7 - TLS Single
s_connection: verify depth is 1
Handshake duration: 1861.17 ms
Execution 8 - TLS Single
s_connection: verify depth is 1
Handshake duration: 360.56 ms
Execution 9 - TLS Single
s_connection: verify depth is 1
Handshake duration: 357.11 ms
Execution 10 - TLS Single
s_connection: verify depth is 1
Handshake duration: 358.64 ms
Execution 11 - TLS Single
s_connection: verify depth is 1
Handshake duration: 348.75 ms
Execution 12 - TLS Single
s_connection: verify depth is 1
Handshake duration: 355.19 ms
Execution 13 - TLS Single
s_connection: verify depth is 1
Handshake duration: 354.51 ms
Execution 14 - TLS Single
s_connection: verify depth is 1
Handshake duration: 355.93 ms
Execution 15 - TLS Single
s_connection: verify depth is 1
Handshake duration: 355.96 ms
Execution 16 - TLS Single
s_connection: verify depth is 1
Handshake duration: 358.08 ms
Execution 17 - TLS Single
s_connection: verify depth is 1
Handshake duration: 360.93 ms
Execution 18 - TLS Single
s_connection: verify depth is 1
Handshake duration: 353.31 ms
Execution 19 - TLS Single
s_connection: verify depth is 1
Handshake duration: 358.63 ms
Execution 20 - TLS Single
s_connection: verify depth is 1
Handshake duration: 359.39 ms
Execution 21 - TLS Single
s_connection: verify depth is 1
Handshake duration: 352.58 ms
Execution 22 - TLS Single
s_connection: verify depth is 1
Handshake duration: 357.84 ms
Execution 23 - TLS Single
s_connection: verify depth is 1
Handshake duration: 357.90 ms
Execution 24 - TLS Single
s_connection: verify depth is 1
Handshake duration: 354.24 ms
Execution 25 - TLS Single
s_connection: verify depth is 1
Handshake duration: 358.06 ms
Execution 26 - TLS Single
s_connection: verify depth is 1
Handshake duration: 355.59 ms
Execution 27 - TLS Single
s_connection: verify depth is 1
Handshake duration: 357.70 ms
Execution 28 - TLS Single
s_connection: verify depth is 1
Handshake duration: 361.01 ms
Execution 29 - TLS Single
s_connection: verify depth is 1
Handshake duration: 359.65 ms
Execution 30 - TLS Single
s_connection: verify depth is 1
Handshake duration: 357.68 ms
Execution 31 - TLS Single
s_connection: verify depth is 1
Handshake duration: 351.00 ms
Execution 32 - TLS Single
s_connection: verify depth is 1
Handshake duration: 356.09 ms
Execution 33 - TLS Single
s_connection: verify depth is 1
Handshake duration: 355.61 ms
Execution 34 - TLS Single
s_connection: verify depth is 1
Handshake duration: 358.46 ms
Execution 35 - TLS Single
s_connection: verify depth is 1
Handshake duration: 355.40 ms
Execution 36 - TLS Single
s_connection: verify depth is 1
Handshake duration: 360.91 ms
Execution 37 - TLS Single
s_connection: verify depth is 1
Handshake duration: 355.50 ms
Execution 38 - TLS Single
s_connection: verify depth is 1
Handshake duration: 358.15 ms
Execution 39 - TLS Single
s_connection: verify depth is 1
Handshake duration: 354.76 ms
Execution 40 - TLS Single
s_connection: verify depth is 1
Handshake duration: 357.83 ms
Execution 41 - TLS Single
s_connection: verify depth is 1
Handshake duration: 358.39 ms
Execution 42 - TLS Single
s_connection: verify depth is 1
Handshake duration: 353.86 ms
Execution 43 - TLS Single
s_connection: verify depth is 1
Handshake duration: 358.36 ms
Execution 44 - TLS Single
s_connection: verify depth is 1
Handshake duration: 357.67 ms
Execution 45 - TLS Single
s_connection: verify depth is 1
Handshake duration: 352.99 ms
Execution 46 - TLS Single
s_connection: verify depth is 1
Handshake duration: 358.90 ms
Execution 47 - TLS Single
s_connection: verify depth is 1
Handshake duration: 353.14 ms
Execution 48 - TLS Single
s_connection: verify depth is 1
Handshake duration: 358.93 ms
Execution 49 - TLS Single
s_connection: verify depth is 1
Handshake duration: 357.39 ms
Execution 50 - TLS Single
s_connection: verify depth is 1
Handshake duration: 522.16 ms
Execution 51 - TLS Single
s_connection: verify depth is 1
Handshake duration: 358.48 ms
Execution 52 - TLS Single
s_connection: verify depth is 1
Handshake duration: 357.74 ms
Execution 53 - TLS Single
s_connection: verify depth is 1
Handshake duration: 353.57 ms
Execution 54 - TLS Single
s_connection: verify depth is 1
Handshake duration: 358.03 ms
Execution 55 - TLS Single
s_connection: verify depth is 1
Handshake duration: 358.29 ms
Execution 56 - TLS Single
s_connection: verify depth is 1
Handshake duration: 354.39 ms
Execution 57 - TLS Single
s_connection: verify depth is 1
Handshake duration: 363.30 ms
Execution 58 - TLS Single
s_connection: verify depth is 1
Handshake duration: 356.17 ms
Execution 59 - TLS Single
s_connection: verify depth is 1
Handshake duration: 353.45 ms
Execution 60 - TLS Single
s_connection: verify depth is 1
Handshake duration: 357.03 ms
Execution 61 - TLS Single
s_connection: verify depth is 1
Handshake duration: 358.13 ms
Execution 62 - TLS Single
s_connection: verify depth is 1
Handshake duration: 360.07 ms
Execution 63 - TLS Single
s_connection: verify depth is 1
Handshake duration: 355.78 ms
Execution 64 - TLS Single
s_connection: verify depth is 1
Handshake duration: 355.81 ms
Execution 65 - TLS Single
s_connection: verify depth is 1
Handshake duration: 352.78 ms
Execution 66 - TLS Single
s_connection: verify depth is 1
Handshake duration: 355.98 ms
Execution 67 - TLS Single
s_connection: verify depth is 1
Handshake duration: 355.60 ms
Execution 68 - TLS Single
s_connection: verify depth is 1
Handshake duration: 354.10 ms
Execution 69 - TLS Single
s_connection: verify depth is 1
Handshake duration: 359.11 ms
Execution 70 - TLS Single
s_connection: verify depth is 1
Handshake duration: 355.21 ms
Execution 71 - TLS Single
s_connection: verify depth is 1
Handshake duration: 1022.10 ms
Execution 72 - TLS Single
s_connection: verify depth is 1
Handshake duration: 357.92 ms
Execution 73 - TLS Single
s_connection: verify depth is 1
Handshake duration: 356.10 ms
Execution 74 - TLS Single
s_connection: verify depth is 1
Handshake duration: 357.42 ms
Execution 75 - TLS Single
s_connection: verify depth is 1
Handshake duration: 357.82 ms
Execution 76 - TLS Single
s_connection: verify depth is 1
Handshake duration: 355.99 ms
Execution 77 - TLS Single
s_connection: verify depth is 1
Handshake duration: 357.91 ms
Execution 78 - TLS Single
s_connection: verify depth is 1
Handshake duration: 1891.24 ms
Execution 79 - TLS Single
s_connection: verify depth is 1
Handshake duration: 352.54 ms
Execution 80 - TLS Single
s_connection: verify depth is 1
Handshake duration: 355.04 ms
Execution 81 - TLS Single
s_connection: verify depth is 1
Handshake duration: 361.47 ms
Execution 82 - TLS Single
s_connection: verify depth is 1
Handshake duration: 526.28 ms
Execution 83 - TLS Single
s_connection: verify depth is 1
Handshake duration: 521.44 ms
Execution 84 - TLS Single
s_connection: verify depth is 1
Handshake duration: 357.98 ms
Execution 85 - TLS Single
s_connection: verify depth is 1
Handshake duration: 354.28 ms
Execution 86 - TLS Single
s_connection: verify depth is 1
Handshake duration: 355.79 ms
Execution 87 - TLS Single
s_connection: verify depth is 1
Handshake duration: 350.42 ms
Execution 88 - TLS Single
s_connection: verify depth is 1
Handshake duration: 342.96 ms
Execution 89 - TLS Single
s_connection: verify depth is 1
Handshake duration: 357.19 ms
Execution 90 - TLS Single
s_connection: verify depth is 1
Handshake duration: 358.71 ms
Execution 91 - TLS Single
s_connection: verify depth is 1
Handshake duration: 354.13 ms
Execution 92 - TLS Single
s_connection: verify depth is 1
Handshake duration: 359.07 ms
Execution 93 - TLS Single
s_connection: verify depth is 1
Handshake duration: 1024.28 ms
Execution 94 - TLS Single
s_connection: verify depth is 1
Handshake duration: 357.81 ms
Execution 95 - TLS Single
s_connection: verify depth is 1
Handshake duration: 351.86 ms
Execution 96 - TLS Single
s_connection: verify depth is 1
Handshake duration: 358.87 ms
Execution 97 - TLS Single
s_connection: verify depth is 1
Handshake duration: 361.64 ms
Execution 98 - TLS Single
s_connection: verify depth is 1
Handshake duration: 357.88 ms
Execution 99 - TLS Single
s_connection: verify depth is 1
Handshake duration: 355.29 ms
Execution 100 - TLS Single
s_connection: verify depth is 1
Handshake duration: 353.84 ms
Execution 101 - TLS Single
s_connection: verify depth is 1
Handshake duration: 356.18 ms
Execution 102 - TLS Single
s_connection: verify depth is 1
Handshake duration: 357.71 ms
Execution 103 - TLS Single
s_connection: verify depth is 1
Handshake duration: 353.28 ms
Execution 104 - TLS Single
s_connection: verify depth is 1
Handshake duration: 359.18 ms
Execution 105 - TLS Single
s_connection: verify depth is 1
Handshake duration: 358.83 ms
Execution 106 - TLS Single
s_connection: verify depth is 1
Handshake duration: 357.42 ms
Execution 107 - TLS Single
s_connection: verify depth is 1
Handshake duration: 357.45 ms
Execution 108 - TLS Single
s_connection: verify depth is 1
Handshake duration: 359.00 ms
Execution 109 - TLS Single
s_connection: verify depth is 1
Handshake duration: 355.54 ms
Execution 110 - TLS Single
s_connection: verify depth is 1
Handshake duration: 356.57 ms
Execution 111 - TLS Single
s_connection: verify depth is 1
Handshake duration: 518.13 ms
Execution 112 - TLS Single
s_connection: verify depth is 1
Handshake duration: 358.35 ms
Execution 113 - TLS Single
s_connection: verify depth is 1
Handshake duration: 357.78 ms
Execution 114 - TLS Single
s_connection: verify depth is 1
Handshake duration: 357.81 ms
Execution 115 - TLS Single
s_connection: verify depth is 1
Handshake duration: 522.64 ms
Execution 116 - TLS Single
s_connection: verify depth is 1
Handshake duration: 355.54 ms
Execution 117 - TLS Single
s_connection: verify depth is 1
Handshake duration: 354.25 ms
Execution 118 - TLS Single
s_connection: verify depth is 1
Handshake duration: 356.02 ms
Execution 119 - TLS Single
s_connection: verify depth is 1
Handshake duration: 360.21 ms
Execution 120 - TLS Single
s_connection: verify depth is 1
Handshake duration: 361.36 ms
Execution 121 - TLS Single
s_connection: verify depth is 1
Handshake duration: 350.76 ms
Execution 122 - TLS Single
s_connection: verify depth is 1
Handshake duration: 358.95 ms
Execution 123 - TLS Single
s_connection: verify depth is 1
Handshake duration: 356.21 ms
Execution 124 - TLS Single
s_connection: verify depth is 1
Handshake duration: 358.69 ms
Execution 125 - TLS Single
s_connection: verify depth is 1
Handshake duration: 556.49 ms
