Handshake timeout budget: 150s (identique TLS/QUIC)
Applying netem rules to lo...
Showing qdisc status for the interface: lo
qdisc netem 8497: root refcnt 2 limit 1000 seed 10559451047017651405
 Sent 0 bytes 0 pkt (dropped 0, overlimits 0 requeues 0) 
 backlog 0b 0p requeues 0
Running ./perftestClientTlsQuic.sh with SIG_ALG=mldsa87 and KEM_ALG=P-521
Execution 1 - TLS Single
s_connection: verify depth is 1
Handshake duration: 512.91 ms
Execution 2 - TLS Single
s_connection: verify depth is 1
Handshake duration: 345.53 ms
Execution 3 - TLS Single
s_connection: verify depth is 1
Handshake duration: 343.94 ms
Execution 4 - TLS Single
s_connection: verify depth is 1
Handshake duration: 345.24 ms
Execution 5 - TLS Single
s_connection: verify depth is 1
Handshake duration: 345.28 ms
Execution 6 - TLS Single
s_connection: verify depth is 1
Handshake duration: 346.52 ms
Execution 7 - TLS Single
s_connection: verify depth is 1
Handshake duration: 345.32 ms
Execution 8 - TLS Single
s_connection: verify depth is 1
Handshake duration: 345.48 ms
Execution 9 - TLS Single
s_connection: verify depth is 1
Handshake duration: 345.00 ms
Execution 10 - TLS Single
s_connection: verify depth is 1
Handshake duration: 345.65 ms
Execution 11 - TLS Single
s_connection: verify depth is 1
Handshake duration: 344.88 ms
Execution 12 - TLS Single
s_connection: verify depth is 1
Handshake duration: 340.75 ms
Execution 13 - TLS Single
s_connection: verify depth is 1
Handshake duration: 339.11 ms
Execution 14 - TLS Single
s_connection: verify depth is 1
Handshake duration: 344.25 ms
Execution 15 - TLS Single
s_connection: verify depth is 1
Handshake duration: 721.28 ms
Execution 16 - TLS Single
s_connection: verify depth is 1
Handshake duration: 345.83 ms
Execution 17 - TLS Single
s_connection: verify depth is 1
Handshake duration: 346.00 ms
Execution 18 - TLS Single
s_connection: verify depth is 1
Handshake duration: 345.27 ms
Execution 19 - TLS Single
s_connection: verify depth is 1
Handshake duration: 345.17 ms
Execution 20 - TLS Single
s_connection: verify depth is 1
Handshake duration: 345.48 ms
Execution 21 - TLS Single
s_connection: verify depth is 1
Handshake duration: 345.56 ms
Execution 22 - TLS Single
s_connection: verify depth is 1
Handshake duration: 345.74 ms
Execution 23 - TLS Single
s_connection: verify depth is 1
Handshake duration: 345.19 ms
Execution 24 - TLS Single
s_connection: verify depth is 1
Handshake duration: 345.30 ms
Execution 25 - TLS Single
s_connection: verify depth is 1
Handshake duration: 510.99 ms
Execution 26 - TLS Single
s_connection: verify depth is 1
Handshake duration: 345.27 ms
Execution 27 - TLS Single
s_connection: verify depth is 1
Handshake duration: 345.89 ms
Execution 28 - TLS Single
s_connection: verify depth is 1
Handshake duration: 345.69 ms
Execution 29 - TLS Single
s_connection: verify depth is 1
Handshake duration: 345.92 ms
Execution 30 - TLS Single
s_connection: verify depth is 1
Handshake duration: 345.56 ms
Execution 31 - TLS Single
s_connection: verify depth is 1
Handshake duration: 345.46 ms
Execution 32 - TLS Single
s_connection: verify depth is 1
Handshake duration: 2424.24 ms
Execution 33 - TLS Single
s_connection: verify depth is 1
Handshake duration: 511.08 ms
Execution 34 - TLS Single
s_connection: verify depth is 1
Handshake duration: 1019.45 ms
Execution 35 - TLS Single
s_connection: verify depth is 1
Handshake duration: 345.23 ms
Execution 36 - TLS Single
s_connection: verify depth is 1
Handshake duration: 345.25 ms
Execution 37 - TLS Single
s_connection: verify depth is 1
Handshake duration: 554.28 ms
Execution 38 - TLS Single
s_connection: verify depth is 1
Handshake duration: 513.54 ms
Execution 39 - TLS Single
s_connection: verify depth is 1
Handshake duration: 344.05 ms
Execution 40 - TLS Single
s_connection: verify depth is 1
Handshake duration: 511.13 ms
Execution 41 - TLS Single
s_connection: verify depth is 1
Handshake duration: 345.39 ms
Execution 42 - TLS Single
s_connection: verify depth is 1
Handshake duration: 345.57 ms
Execution 43 - TLS Single
s_connection: verify depth is 1
Handshake duration: 1867.28 ms
Execution 44 - TLS Single
s_connection: verify depth is 1
Handshake duration: 345.85 ms
Execution 45 - TLS Single
s_connection: verify depth is 1
Handshake duration: 345.18 ms
Execution 46 - TLS Single
s_connection: verify depth is 1
Handshake duration: 512.63 ms
Execution 47 - TLS Single
s_connection: verify depth is 1
Handshake duration: 344.55 ms
Execution 48 - TLS Single
s_connection: verify depth is 1
Handshake duration: 345.75 ms
Execution 49 - TLS Single
s_connection: verify depth is 1
Handshake duration: 345.32 ms
Execution 50 - TLS Single
s_connection: verify depth is 1
Handshake duration: 345.86 ms
Execution 51 - TLS Single
s_connection: verify depth is 1
Handshake duration: 345.73 ms
Execution 52 - TLS Single
s_connection: verify depth is 1
Handshake duration: 345.52 ms
Execution 53 - TLS Single
s_connection: verify depth is 1
Handshake duration: 345.59 ms
Execution 54 - TLS Single
s_connection: verify depth is 1
Handshake duration: 345.35 ms
Execution 55 - TLS Single
s_connection: verify depth is 1
Handshake duration: 345.75 ms
Execution 56 - TLS Single
s_connection: verify depth is 1
Handshake duration: 345.48 ms
Execution 57 - TLS Single
s_connection: verify depth is 1
Handshake duration: 345.86 ms
Execution 58 - TLS Single
s_connection: verify depth is 1
Handshake duration: 1886.58 ms
Execution 59 - TLS Single
s_connection: verify depth is 1
Handshake duration: 345.47 ms
Execution 60 - TLS Single
s_connection: verify depth is 1
Handshake duration: 345.41 ms
Execution 61 - TLS Single
s_connection: verify depth is 1
Handshake duration: 510.92 ms
Execution 62 - TLS Single
s_connection: verify depth is 1
Handshake duration: 345.06 ms
Execution 63 - TLS Single
s_connection: verify depth is 1
Handshake duration: 347.32 ms
Execution 64 - TLS Single
s_connection: verify depth is 1
Handshake duration: 344.81 ms
Execution 65 - TLS Single
s_connection: verify depth is 1
Handshake duration: 345.55 ms
Execution 66 - TLS Single
s_connection: verify depth is 1
Handshake duration: 345.87 ms
Execution 67 - TLS Single
s_connection: verify depth is 1
Handshake duration: 344.89 ms
Execution 68 - TLS Single
s_connection: verify depth is 1
Handshake duration: 345.42 ms
Execution 69 - TLS Single
s_connection: verify depth is 1
Handshake duration: 345.19 ms
Execution 70 - TLS Single
s_connection: verify depth is 1
Handshake duration: 345.59 ms
Execution 71 - TLS Single
s_connection: verify depth is 1
Handshake duration: 345.37 ms
Execution 72 - TLS Single
s_connection: verify depth is 1
Handshake duration: 345.32 ms
Execution 73 - TLS Single
s_connection: verify depth is 1
Handshake duration: 345.36 ms
Execution 74 - TLS Single
s_connection: verify depth is 1
Handshake duration: 345.37 ms
Execution 75 - TLS Single
s_connection: verify depth is 1
Handshake duration: 345.09 ms
Execution 76 - TLS Single
s_connection: verify depth is 1
Handshake duration: 345.63 ms
Execution 77 - TLS Single
s_connection: verify depth is 1
Handshake duration: 345.30 ms
Execution 78 - TLS Single
s_connection: verify depth is 1
Handshake duration: 345.53 ms
Execution 79 - TLS Single
s_connection: verify depth is 1
Handshake duration: 345.73 ms
Execution 80 - TLS Single
s_connection: verify depth is 1
Handshake duration: 345.54 ms
Execution 81 - TLS Single
s_connection: verify depth is 1
Handshake duration: 347.20 ms
Execution 82 - TLS Single
s_connection: verify depth is 1
Handshake duration: 345.36 ms
Execution 83 - TLS Single
s_connection: verify depth is 1
Handshake duration: 345.34 ms
Execution 84 - TLS Single
s_connection: verify depth is 1
Handshake duration: 345.54 ms
Execution 85 - TLS Single
s_connection: verify depth is 1
Handshake duration: 345.28 ms
Execution 86 - TLS Single
s_connection: verify depth is 1
Handshake duration: 345.46 ms
Execution 87 - TLS Single
s_connection: verify depth is 1
Handshake duration: 347.99 ms
Execution 88 - TLS Single
s_connection: verify depth is 1
Handshake duration: 345.40 ms
Execution 89 - TLS Single
s_connection: verify depth is 1
Handshake duration: 721.39 ms
Execution 90 - TLS Single
s_connection: verify depth is 1
Handshake duration: 721.99 ms
Execution 91 - TLS Single
s_connection: verify depth is 1
Handshake duration: 345.44 ms
Execution 92 - TLS Single
s_connection: verify depth is 1
Handshake duration: 345.60 ms
Execution 93 - TLS Single
s_connection: verify depth is 1
Handshake duration: 345.20 ms
Execution 94 - TLS Single
s_connection: verify depth is 1
Handshake duration: 345.19 ms
Execution 95 - TLS Single
s_connection: verify depth is 1
Handshake duration: 345.45 ms
Execution 96 - TLS Single
s_connection: verify depth is 1
Handshake duration: 345.44 ms
Execution 97 - TLS Single
s_connection: verify depth is 1
Handshake duration: 345.43 ms
Execution 98 - TLS Single
s_connection: verify depth is 1
Handshake duration: 344.48 ms
Execution 99 - TLS Single
s_connection: verify depth is 1
Handshake duration: 345.18 ms
Execution 100 - TLS Single
s_connection: verify depth is 1
Handshake duration: 344.84 ms
Execution 101 - TLS Single
s_connection: verify depth is 1
Handshake duration: 345.44 ms
Execution 102 - TLS Single
s_connection: verify depth is 1
Handshake duration: 345.28 ms
Execution 103 - TLS Single
s_connection: verify depth is 1
Handshake duration: 345.09 ms
Execution 104 - TLS Single
s_connection: verify depth is 1
Handshake duration: 721.75 ms
Execution 105 - TLS Single
s_connection: verify depth is 1
Handshake duration: 344.67 ms
Execution 106 - TLS Single
s_connection: verify depth is 1
Handshake duration: 345.20 ms
Execution 107 - TLS Single
s_connection: verify depth is 1
Handshake duration: 344.25 ms
Execution 108 - TLS Single
s_connection: verify depth is 1
Handshake duration: 345.42 ms
Execution 109 - TLS Single
s_connection: verify depth is 1
Handshake duration: 345.54 ms
Execution 110 - TLS Single
s_connection: verify depth is 1
Handshake duration: 345.51 ms
Execution 111 - TLS Single
s_connection: verify depth is 1
Handshake duration: 345.35 ms
Execution 112 - TLS Single
s_connection: verify depth is 1
Handshake duration: 345.63 ms
Execution 113 - TLS Single
s_connection: verify depth is 1
Handshake duration: 511.18 ms
Execution 114 - TLS Single
s_connection: verify depth is 1
Handshake duration: 345.37 ms
Execution 115 - TLS Single
s_connection: verify depth is 1
Handshake duration: 344.76 ms
Execution 116 - TLS Single
s_connection: verify depth is 1
Handshake duration: 345.17 ms
Execution 117 - TLS Single
s_connection: verify depth is 1
Handshake duration: 345.76 ms
Execution 118 - TLS Single
s_connection: verify depth is 1
Handshake duration: 345.35 ms
Execution 119 - TLS Single
s_connection: verify depth is 1
Handshake duration: 511.83 ms
Execution 120 - TLS Single
s_connection: verify depth is 1
Handshake duration: 345.69 ms
Execution 121 - TLS Single
s_connection: verify depth is 1
Handshake duration: 345.35 ms
Execution 122 - TLS Single
s_connection: verify depth is 1
Handshake duration: 345.00 ms
Execution 123 - TLS Single
s_connection: verify depth is 1
Handshake duration: 345.56 ms
Execution 124 - TLS Single
s_connection: verify depth is 1
Handshake duration: 345.32 ms
Execution 125 - TLS Single
s_connection: verify depth is 1
Handshake duration: 345.54 ms
