Handshake timeout budget: 150s (identique TLS/QUIC)
Applying netem rules to lo...
Showing qdisc status for the interface: lo
qdisc netem 8147: root refcnt 2 limit 1000 seed 5558102311687843631
 Sent 0 bytes 0 pkt (dropped 0, overlimits 0 requeues 0) 
 backlog 0b 0p requeues 0
Running ./perftestClientTlsQuic.sh with SIG_ALG=secp521r1 and KEM_ALG=hqc256
Execution 1 - TLS Single
s_connection: verify depth is 1
Handshake duration: 109459.34 ms
Execution 2 - TLS Single
s_connection: verify depth is 1
Handshake duration: 260.99 ms
Execution 3 - TLS Single
s_connection: verify depth is 1
Handshake duration: 257.02 ms
Execution 4 - TLS Single
s_connection: verify depth is 1
Handshake duration: 8810.91 ms
Execution 5 - TLS Single
s_connection: verify depth is 1
Handshake duration: 5205.71 ms
Execution 6 - TLS Single
s_connection: verify depth is 1
Handshake duration: 5658.97 ms
Execution 7 - TLS Single
s_connection: verify depth is 1
Handshake duration: 3802.58 ms
Execution 8 - TLS Single
s_connection: verify depth is 1
Handshake duration: 7101.69 ms
Execution 9 - TLS Single
s_connection: verify depth is 1
Handshake duration: 120.55 ms
Execution 10 - TLS Single
s_connection: verify depth is 1
Handshake duration: 1252.82 ms
Execution 11 - TLS Single
s_connection: verify depth is 1
Handshake duration: 3833.86 ms
Execution 12 - TLS Single
s_connection: verify depth is 1
Handshake duration: 160.61 ms
Execution 13 - TLS Single
s_connection: verify depth is 1
Handshake duration: 1302.80 ms
Execution 14 - TLS Single
s_connection: verify depth is 1
Handshake duration: 11895.83 ms
Execution 15 - TLS Single
s_connection: verify depth is 1
Handshake duration: 3297.01 ms
Execution 16 - TLS Single
s_connection: verify depth is 1
Handshake duration: 280.75 ms
Execution 17 - TLS Single
s_connection: verify depth is 1
Handshake duration: 1751.33 ms
Execution 18 - TLS Single
s_connection: verify depth is 1
Handshake duration: 138.34 ms
Execution 19 - TLS Single
s_connection: verify depth is 1
Handshake duration: 1447.11 ms
Execution 20 - TLS Single
s_connection: verify depth is 1
Handshake duration: 1545.76 ms
Execution 21 - TLS Single
s_connection: verify depth is 1
Handshake duration: 1390.69 ms
Execution 22 - TLS Single
s_connection: verify depth is 1
Handshake duration: 286.44 ms
Execution 23 - TLS Single
s_connection: verify depth is 1
Handshake duration: 5484.06 ms
Execution 24 - TLS Single
s_connection: verify depth is 1
Handshake duration: 13260.56 ms
Execution 25 - TLS Single
s_connection: verify depth is 1
Handshake duration: 483.79 ms
Execution 26 - TLS Single
s_connection: verify depth is 1
Handshake duration: 2674.22 ms
Execution 27 - TLS Single
s_connection: verify depth is 1
Handshake duration: 6126.73 ms
Execution 28 - TLS Single
s_connection: verify depth is 1
Handshake duration: 10778.06 ms
Execution 29 - TLS Single
s_connection: verify depth is 1
Handshake duration: 201.44 ms
Execution 30 - TLS Single
s_connection: verify depth is 1
Handshake duration: 4041.80 ms
Execution 31 - TLS Single
s_connection: verify depth is 1
Handshake duration: 275.96 ms
Execution 32 - TLS Single
s_connection: verify depth is 1
Handshake duration: 28179.85 ms
Execution 33 - TLS Single
s_connection: verify depth is 1
Handshake duration: 2996.45 ms
Execution 34 - TLS Single
s_connection: verify depth is 1
Handshake duration: 474.35 ms
Execution 35 - TLS Single
s_connection: verify depth is 1
Handshake duration: 6047.09 ms
Execution 36 - TLS Single
s_connection: verify depth is 1
Handshake duration: 2772.61 ms
Execution 37 - TLS Single
s_connection: verify depth is 1
Handshake duration: 492.08 ms
Execution 38 - TLS Single
s_connection: verify depth is 1
Handshake duration: 4241.57 ms
Execution 39 - TLS Single
s_connection: verify depth is 1
Handshake duration: 3994.96 ms
Execution 40 - TLS Single
s_connection: verify depth is 1
Handshake duration: 7488.95 ms
Execution 41 - TLS Single
s_connection: verify depth is 1
Handshake duration: 3414.06 ms
Execution 42 - TLS Single
s_connection: verify depth is 1
Handshake duration: 139.16 ms
Execution 43 - TLS Single
s_connection: verify depth is 1
Handshake duration: 278.26 ms
Execution 44 - TLS Single
s_connection: verify depth is 1
Handshake duration: 127.35 ms
Execution 45 - TLS Single
s_connection: verify depth is 1
Handshake duration: 892.79 ms
Execution 46 - TLS Single
s_connection: verify depth is 1
Handshake duration: 2776.27 ms
Execution 47 - TLS Single
s_connection: verify depth is 1
Handshake duration: 28381.64 ms
Execution 48 - TLS Single
s_connection: verify depth is 1
Handshake duration: 3005.93 ms
Execution 49 - TLS Single
s_connection: verify depth is 1
Handshake duration: 168.93 ms
Execution 50 - TLS Single
s_connection: verify depth is 1
Handshake duration: 450.85 ms
Execution 51 - TLS Single
s_connection: verify depth is 1
Handshake duration: 8518.01 ms
Execution 52 - TLS Single
s_connection: verify depth is 1
Handshake duration: 2338.11 ms
Execution 53 - TLS Single
s_connection: verify depth is 1
Handshake duration: 3989.80 ms
Execution 54 - TLS Single
s_connection: verify depth is 1
Handshake duration: 3166.97 ms
Execution 55 - TLS Single
s_connection: verify depth is 1
Handshake duration: NaN ms  (client-side timeout after 150s)
Execution 56 - TLS Single
s_connection: verify depth is 1
Handshake duration: 1536.75 ms
Execution 57 - TLS Single
s_connection: verify depth is 1
Handshake duration: 1650.45 ms
Execution 58 - TLS Single
s_connection: verify depth is 1
Handshake duration: 2124.45 ms
Execution 59 - TLS Single
s_connection: verify depth is 1
Handshake duration: 348.74 ms
Execution 60 - TLS Single
s_connection: verify depth is 1
Handshake duration: 584.71 ms
Execution 61 - TLS Single
s_connection: verify depth is 1
Handshake duration: 27597.70 ms
Execution 62 - TLS Single
s_connection: verify depth is 1
Handshake duration: 7960.08 ms
Execution 63 - TLS Single
s_connection: verify depth is 1
Handshake duration: 408.74 ms
Execution 64 - TLS Single
s_connection: verify depth is 1
Handshake duration: 10771.27 ms
Execution 65 - TLS Single
s_connection: verify depth is 1
Handshake duration: 1228.76 ms
Execution 66 - TLS Single
s_connection: verify depth is 1
Handshake duration: 11230.83 ms
Execution 67 - TLS Single
s_connection: verify depth is 1
Handshake duration: 219.74 ms
Execution 68 - TLS Single
s_connection: verify depth is 1
Handshake duration: 277.14 ms
Execution 69 - TLS Single
s_connection: verify depth is 1
Handshake duration: 2315.89 ms
Execution 70 - TLS Single
s_connection: verify depth is 1
Handshake duration: 26732.83 ms
Execution 71 - TLS Single
s_connection: verify depth is 1
Handshake duration: 1497.77 ms
Execution 72 - TLS Single
s_connection: verify depth is 1
Handshake duration: 251.50 ms
Execution 73 - TLS Single
s_connection: verify depth is 1
Handshake duration: 258.21 ms
Execution 74 - TLS Single
s_connection: verify depth is 1
Handshake duration: 902.92 ms
Execution 75 - TLS Single
s_connection: verify depth is 1
Handshake duration: 481.62 ms
Execution 76 - TLS Single
s_connection: verify depth is 1
Handshake duration: 6493.38 ms
Execution 77 - TLS Single
s_connection: verify depth is 1
Handshake duration: 495.60 ms
Execution 78 - TLS Single
s_connection: verify depth is 1
Handshake duration: 481.48 ms
Execution 79 - TLS Single
s_connection: verify depth is 1
Handshake duration: 136.66 ms
Execution 80 - TLS Single
s_connection: verify depth is 1
Handshake duration: 2730.91 ms
Execution 81 - TLS Single
s_connection: verify depth is 1
Handshake duration: 7438.13 ms
Execution 82 - TLS Single
s_connection: verify depth is 1
Handshake duration: 5246.24 ms
Execution 83 - TLS Single
s_connection: verify depth is 1
Handshake duration: 206.52 ms
Execution 84 - TLS Single
s_connection: verify depth is 1
Handshake duration: 274.91 ms
Execution 85 - TLS Single
s_connection: verify depth is 1
Handshake duration: 15901.48 ms
Execution 86 - TLS Single
s_connection: verify depth is 1
Handshake duration: 120.62 ms
Execution 87 - TLS Single
s_connection: verify depth is 1
Handshake duration: 453.35 ms
Execution 88 - TLS Single
s_connection: verify depth is 1
Handshake duration: 106380.63 ms
Execution 89 - TLS Single
s_connection: verify depth is 1
Handshake duration: 1288.60 ms
Execution 90 - TLS Single
s_connection: verify depth is 1
Handshake duration: 275.28 ms
Execution 91 - TLS Single
s_connection: verify depth is 1
Handshake duration: 3619.18 ms
Execution 92 - TLS Single
s_connection: verify depth is 1
Handshake duration: 276.87 ms
Execution 93 - TLS Single
s_connection: verify depth is 1
Handshake duration: 4429.24 ms
Execution 94 - TLS Single
s_connection: verify depth is 1
Handshake duration: 262.12 ms
Execution 95 - TLS Single
s_connection: verify depth is 1
Handshake duration: 1560.37 ms
Execution 96 - TLS Single
s_connection: verify depth is 1
Handshake duration: 4359.85 ms
Execution 97 - TLS Single
s_connection: verify depth is 1
Handshake duration: 1731.37 ms
Execution 98 - TLS Single
s_connection: verify depth is 1
Handshake duration: 764.25 ms
Execution 99 - TLS Single
s_connection: verify depth is 1
Handshake duration: 263.40 ms
Execution 100 - TLS Single
s_connection: verify depth is 1
Handshake duration: 135.32 ms
Execution 101 - TLS Single
s_connection: verify depth is 1
Handshake duration: 3536.48 ms
Execution 102 - TLS Single
s_connection: verify depth is 1
Handshake duration: 279.74 ms
Execution 103 - TLS Single
s_connection: verify depth is 1
Handshake duration: 119.81 ms
Execution 104 - TLS Single
s_connection: verify depth is 1
Handshake duration: 2813.86 ms
Execution 105 - TLS Single
s_connection: verify depth is 1
Handshake duration: 1527.21 ms
Execution 106 - TLS Single
s_connection: verify depth is 1
Handshake duration: 543.81 ms
Execution 107 - TLS Single
s_connection: verify depth is 1
Handshake duration: 264.36 ms
Execution 108 - TLS Single
s_connection: verify depth is 1
Handshake duration: 107440.95 ms
Execution 109 - TLS Single
s_connection: verify depth is 1
Handshake duration: 2525.18 ms
Execution 110 - TLS Single
s_connection: verify depth is 1
Handshake duration: 479.60 ms
Execution 111 - TLS Single
s_connection: verify depth is 1
Handshake duration: 1505.48 ms
Execution 112 - TLS Single
s_connection: verify depth is 1
Handshake duration: 138.62 ms
Execution 113 - TLS Single
s_connection: verify depth is 1
Handshake duration: NaN ms  (client-side timeout after 150s)
Execution 114 - TLS Single
s_connection: verify depth is 1
Handshake duration: 1669.40 ms
Execution 115 - TLS Single
s_connection: verify depth is 1
Handshake duration: 1911.74 ms
Execution 116 - TLS Single
s_connection: verify depth is 1
Handshake duration: 6559.22 ms
Execution 117 - TLS Single
s_connection: verify depth is 1
Handshake duration: 4460.10 ms
Execution 118 - TLS Single
s_connection: verify depth is 1
Handshake duration: 275.40 ms
Execution 119 - TLS Single
s_connection: verify depth is 1
Handshake duration: 7228.10 ms
Execution 120 - TLS Single
s_connection: verify depth is 1
Handshake duration: 182.85 ms
Execution 121 - TLS Single
s_connection: verify depth is 1
Handshake duration: 2984.82 ms
Execution 122 - TLS Single
s_connection: verify depth is 1
Handshake duration: 694.23 ms
Execution 123 - TLS Single
s_connection: verify depth is 1
Handshake duration: 3362.89 ms
Execution 124 - TLS Single
s_connection: verify depth is 1
Handshake duration: 136.49 ms
Execution 125 - TLS Single
s_connection: verify depth is 1
Handshake duration: 15283.97 ms
