Handshake timeout budget: 150s (identique TLS/QUIC)
Applying netem rules to lo...
Showing qdisc status for the interface: lo
qdisc netem 8d44: root refcnt 2 limit 1000 seed 3798660766447412926
 Sent 0 bytes 0 pkt (dropped 0, overlimits 0 requeues 0) 
 backlog 0b 0p requeues 0
Running ./perftestClientTlsQuic.sh with SIG_ALG=mldsa44 and KEM_ALG=x25519_mlkem512
Execution 1 - TLS Single
s_connection: verify depth is 1
Handshake duration: 622.26 ms
Execution 2 - TLS Single
s_connection: verify depth is 1
Handshake duration: 2042.90 ms
Execution 3 - TLS Single
s_connection: verify depth is 1
Handshake duration: 2.13 ms
Execution 4 - TLS Single
s_connection: verify depth is 1
Handshake duration: 2.13 ms
Execution 5 - TLS Single
s_connection: verify depth is 1
Handshake duration: 2.72 ms
Execution 6 - TLS Single
s_connection: verify depth is 1
Handshake duration: 1448.55 ms
Execution 7 - TLS Single
s_connection: verify depth is 1
Handshake duration: 2.41 ms
Execution 8 - TLS Single
s_connection: verify depth is 1
Handshake duration: 2.38 ms
Execution 9 - TLS Single
s_connection: verify depth is 1
Handshake duration: 1654.23 ms
Execution 10 - TLS Single
s_connection: verify depth is 1
Handshake duration: 2.34 ms
Execution 11 - TLS Single
s_connection: verify depth is 1
Handshake duration: 622.38 ms
Execution 12 - TLS Single
s_connection: verify depth is 1
Handshake duration: 1492.05 ms
Execution 13 - TLS Single
s_connection: verify depth is 1
Handshake duration: 208.05 ms
Execution 14 - TLS Single
s_connection: verify depth is 1
Handshake duration: 4.04 ms
Execution 15 - TLS Single
s_connection: verify depth is 1
Handshake duration: 620.10 ms
Execution 16 - TLS Single
s_connection: verify depth is 1
Handshake duration: 2.39 ms
Execution 17 - TLS Single
s_connection: verify depth is 1
Handshake duration: 6414.52 ms
Execution 18 - TLS Single
s_connection: verify depth is 1
Handshake duration: 2238.13 ms
Execution 19 - TLS Single
s_connection: verify depth is 1
Handshake duration: 19614.26 ms
Execution 20 - TLS Single
s_connection: verify depth is 1
Handshake duration: 1014.85 ms
Execution 21 - TLS Single
s_connection: verify depth is 1
Handshake duration: 2506.15 ms
Execution 22 - TLS Single
s_connection: verify depth is 1
Handshake duration: 2.11 ms
Execution 23 - TLS Single
s_connection: verify depth is 1
Handshake duration: 2.17 ms
Execution 24 - TLS Single
s_connection: verify depth is 1
Handshake duration: 1.90 ms
Execution 25 - TLS Single
s_connection: verify depth is 1
Handshake duration: 212.61 ms
Execution 26 - TLS Single
s_connection: verify depth is 1
Handshake duration: 1040.33 ms
Execution 27 - TLS Single
s_connection: verify depth is 1
Handshake duration: 1032.69 ms
Execution 28 - TLS Single
s_connection: verify depth is 1
Handshake duration: 1255.31 ms
Execution 29 - TLS Single
s_connection: verify depth is 1
Handshake duration: 3.10 ms
Execution 30 - TLS Single
s_connection: verify depth is 1
Handshake duration: 4345.46 ms
Execution 31 - TLS Single
s_connection: verify depth is 1
Handshake duration: 54472.86 ms
Execution 32 - TLS Single
s_connection: verify depth is 1
Handshake duration: 2.31 ms
Execution 33 - TLS Single
s_connection: verify depth is 1
Handshake duration: 13164.55 ms
Execution 34 - TLS Single
s_connection: verify depth is 1
Handshake duration: 1422.04 ms
Execution 35 - TLS Single
s_connection: verify depth is 1
Handshake duration: 2.17 ms
Execution 36 - TLS Single
s_connection: verify depth is 1
Handshake duration: 2683.20 ms
Execution 37 - TLS Single
s_connection: verify depth is 1
Handshake duration: 2.17 ms
Execution 38 - TLS Single
s_connection: verify depth is 1
Handshake duration: 3519.96 ms
Execution 39 - TLS Single
s_connection: verify depth is 1
Handshake duration: 4111.24 ms
Execution 40 - TLS Single
s_connection: verify depth is 1
Handshake duration: 1.84 ms
Execution 41 - TLS Single
s_connection: verify depth is 1
Handshake duration: 618.38 ms
Execution 42 - TLS Single
s_connection: verify depth is 1
Handshake duration: 2.10 ms
Execution 43 - TLS Single
s_connection: verify depth is 1
Handshake duration: 831.29 ms
Execution 44 - TLS Single
s_connection: verify depth is 1
Handshake duration: 1237.57 ms
Execution 45 - TLS Single
s_connection: verify depth is 1
Handshake duration: 3349.01 ms
Execution 46 - TLS Single
s_connection: verify depth is 1
Handshake duration: 1622.73 ms
Execution 47 - TLS Single
s_connection: verify depth is 1
Handshake duration: 3268.03 ms
Execution 48 - TLS Single
s_connection: verify depth is 1
Handshake duration: 2.22 ms
Execution 49 - TLS Single
s_connection: verify depth is 1
Handshake duration: 826.45 ms
Execution 50 - TLS Single
s_connection: verify depth is 1
Handshake duration: 2.17 ms
Execution 51 - TLS Single
s_connection: verify depth is 1
Handshake duration: 1.96 ms
Execution 52 - TLS Single
s_connection: verify depth is 1
Handshake duration: 1.91 ms
Execution 53 - TLS Single
s_connection: verify depth is 1
Handshake duration: 1.78 ms
Execution 54 - TLS Single
s_connection: verify depth is 1
Handshake duration: 417.07 ms
Execution 55 - TLS Single
s_connection: verify depth is 1
Handshake duration: 6.53 ms
Execution 56 - TLS Single
s_connection: verify depth is 1
Handshake duration: 2.47 ms
Execution 57 - TLS Single
s_connection: verify depth is 1
Handshake duration: 4555.37 ms
Execution 58 - TLS Single
s_connection: verify depth is 1
Handshake duration: 827.04 ms
Execution 59 - TLS Single
s_connection: verify depth is 1
Handshake duration: 3135.61 ms
Execution 60 - TLS Single
s_connection: verify depth is 1
Handshake duration: 2.42 ms
Execution 61 - TLS Single
s_connection: verify depth is 1
Handshake duration: 6.28 ms
Execution 62 - TLS Single
s_connection: verify depth is 1
Handshake duration: 1232.93 ms
Execution 63 - TLS Single
s_connection: verify depth is 1
Handshake duration: 1273.23 ms
Execution 64 - TLS Single
s_connection: verify depth is 1
Handshake duration: NaN ms  (client-side timeout after 150s)
Execution 65 - TLS Single
s_connection: verify depth is 1
Handshake duration: 1464.39 ms
Execution 66 - TLS Single
s_connection: verify depth is 1
Handshake duration: 4.22 ms
Execution 67 - TLS Single
s_connection: verify depth is 1
Handshake duration: 1060.33 ms
Execution 68 - TLS Single
s_connection: verify depth is 1
Handshake duration: 7834.59 ms
Execution 69 - TLS Single
s_connection: verify depth is 1
Handshake duration: 5.53 ms
Execution 70 - TLS Single
s_connection: verify depth is 1
Handshake duration: 1267.44 ms
Execution 71 - TLS Single
s_connection: verify depth is 1
Handshake duration: 1261.19 ms
Execution 72 - TLS Single
s_connection: verify depth is 1
Handshake duration: 623.16 ms
Execution 73 - TLS Single
s_connection: verify depth is 1
Handshake duration: 1251.88 ms
Execution 74 - TLS Single
s_connection: verify depth is 1
Handshake duration: 2.30 ms
Execution 75 - TLS Single
s_connection: verify depth is 1
Handshake duration: 2.11 ms
Execution 76 - TLS Single
s_connection: verify depth is 1
Handshake duration: 1238.37 ms
Execution 77 - TLS Single
s_connection: verify depth is 1
Handshake duration: 2.72 ms
Execution 78 - TLS Single
s_connection: verify depth is 1
Handshake duration: 3.08 ms
Execution 79 - TLS Single
s_connection: verify depth is 1
Handshake duration: 1005.20 ms
Execution 80 - TLS Single
s_connection: verify depth is 1
Handshake duration: 3064.80 ms
Execution 81 - TLS Single
s_connection: verify depth is 1
Handshake duration: 1431.32 ms
Execution 82 - TLS Single
s_connection: verify depth is 1
Handshake duration: 2.15 ms
Execution 83 - TLS Single
s_connection: verify depth is 1
Handshake duration: 1840.78 ms
Execution 84 - TLS Single
s_connection: verify depth is 1
Handshake duration: 1061.77 ms
Execution 85 - TLS Single
s_connection: verify depth is 1
Handshake duration: 2.07 ms
Execution 86 - TLS Single
s_connection: verify depth is 1
Handshake duration: 1467.45 ms
Execution 87 - TLS Single
s_connection: verify depth is 1
Handshake duration: 3.25 ms
Execution 88 - TLS Single
s_connection: verify depth is 1
Handshake duration: 6.42 ms
Execution 89 - TLS Single
s_connection: verify depth is 1
Handshake duration: 6.80 ms
Execution 90 - TLS Single
s_connection: verify depth is 1
Handshake duration: 1236.24 ms
Execution 91 - TLS Single
s_connection: verify depth is 1
Handshake duration: 211.59 ms
Execution 92 - TLS Single
s_connection: verify depth is 1
Handshake duration: 2531.35 ms
Execution 93 - TLS Single
s_connection: verify depth is 1
Handshake duration: 4087.50 ms
Execution 94 - TLS Single
s_connection: verify depth is 1
Handshake duration: 206.60 ms
Execution 95 - TLS Single
s_connection: verify depth is 1
Handshake duration: 1016.31 ms
Execution 96 - TLS Single
s_connection: verify depth is 1
Handshake duration: 7652.50 ms
Execution 97 - TLS Single
s_connection: verify depth is 1
Handshake duration: 1.93 ms
Execution 98 - TLS Single
s_connection: verify depth is 1
Handshake duration: 1.88 ms
Execution 99 - TLS Single
s_connection: verify depth is 1
Handshake duration: 29111.79 ms
Execution 100 - TLS Single
s_connection: verify depth is 1
Handshake duration: 2.20 ms
Execution 101 - TLS Single
s_connection: verify depth is 1
Handshake duration: 1016.13 ms
Execution 102 - TLS Single
s_connection: verify depth is 1
Handshake duration: 2.12 ms
Execution 103 - TLS Single
s_connection: verify depth is 1
Handshake duration: 8858.76 ms
Execution 104 - TLS Single
s_connection: verify depth is 1
Handshake duration: 1421.47 ms
Execution 105 - TLS Single
s_connection: verify depth is 1
Handshake duration: 216.41 ms
Execution 106 - TLS Single
s_connection: verify depth is 1
Handshake duration: 1652.70 ms
Execution 107 - TLS Single
s_connection: verify depth is 1
Handshake duration: 422.33 ms
Execution 108 - TLS Single
s_connection: verify depth is 1
Handshake duration: 3.09 ms
Execution 109 - TLS Single
s_connection: verify depth is 1
Handshake duration: 8864.78 ms
Execution 110 - TLS Single
s_connection: verify depth is 1
Handshake duration: 1062.41 ms
Execution 111 - TLS Single
s_connection: verify depth is 1
Handshake duration: 4393.49 ms
Execution 112 - TLS Single
s_connection: verify depth is 1
Handshake duration: 6.28 ms
Execution 113 - TLS Single
s_connection: verify depth is 1
Handshake duration: 831.34 ms
Execution 114 - TLS Single
s_connection: verify depth is 1
Handshake duration: 2246.58 ms
Execution 115 - TLS Single
s_connection: verify depth is 1
Handshake duration: 824.81 ms
Execution 116 - TLS Single
s_connection: verify depth is 1
Handshake duration: 211.66 ms
Execution 117 - TLS Single
s_connection: verify depth is 1
Handshake duration: 4.58 ms
Execution 118 - TLS Single
s_connection: verify depth is 1
Handshake duration: 3.45 ms
Execution 119 - TLS Single
s_connection: verify depth is 1
Handshake duration: 4536.11 ms
Execution 120 - TLS Single
s_connection: verify depth is 1
Handshake duration: 2.11 ms
Execution 121 - TLS Single
s_connection: verify depth is 1
Handshake duration: 1019.25 ms
Execution 122 - TLS Single
s_connection: verify depth is 1
Handshake duration: 3.97 ms
Execution 123 - TLS Single
s_connection: verify depth is 1
Handshake duration: 2.91 ms
Execution 124 - TLS Single
s_connection: verify depth is 1
Handshake duration: 1475.07 ms
Execution 125 - TLS Single
s_connection: verify depth is 1
Handshake duration: 3.10 ms
