Handshake timeout budget: 150s (identique TLS/QUIC)
Applying netem rules to lo...
Showing qdisc status for the interface: lo
qdisc netem 951b: root refcnt 2 limit 1000 seed 15519188224386275144
 Sent 0 bytes 0 pkt (dropped 0, overlimits 0 requeues 0) 
 backlog 0b 0p requeues 0
Running ./perftestClientTlsQuic.sh with SIG_ALG=secp521r1 and KEM_ALG=p521_mlkem1024
Execution 1 - TLS Single
s_connection: verify depth is 1
Handshake duration: 2088.07 ms
Execution 2 - TLS Single
s_connection: verify depth is 1
Handshake duration: 10.66 ms
Execution 3 - TLS Single
s_connection: verify depth is 1
Handshake duration: 10.03 ms
Execution 4 - TLS Single
s_connection: verify depth is 1
Handshake duration: 632.15 ms
Execution 5 - TLS Single
s_connection: verify depth is 1
Handshake duration: 4347.29 ms
Execution 6 - TLS Single
s_connection: verify depth is 1
Handshake duration: 638.39 ms
Execution 7 - TLS Single
s_connection: verify depth is 1
Handshake duration: 13.92 ms
Execution 8 - TLS Single
s_connection: verify depth is 1
Handshake duration: 9.95 ms
Execution 9 - TLS Single
s_connection: verify depth is 1
Handshake duration: 2715.61 ms
Execution 10 - TLS Single
s_connection: verify depth is 1
Handshake duration: 13.81 ms
Execution 11 - TLS Single
s_connection: verify depth is 1
Handshake duration: 10.17 ms
Execution 12 - TLS Single
s_connection: verify depth is 1
Handshake duration: 1073.65 ms
Execution 13 - TLS Single
s_connection: verify depth is 1
Handshake duration: 26355.44 ms
Execution 14 - TLS Single
s_connection: verify depth is 1
Handshake duration: 1074.02 ms
Execution 15 - TLS Single
s_connection: verify depth is 1
Handshake duration: 14.84 ms
Execution 16 - TLS Single
s_connection: verify depth is 1
Handshake duration: 1034.10 ms
Execution 17 - TLS Single
s_connection: verify depth is 1
Handshake duration: 2684.85 ms
Execution 18 - TLS Single
s_connection: verify depth is 1
Handshake duration: 29925.98 ms
Execution 19 - TLS Single
s_connection: verify depth is 1
Handshake duration: 1026.23 ms
Execution 20 - TLS Single
s_connection: verify depth is 1
Handshake duration: 1060.36 ms
Execution 21 - TLS Single
s_connection: verify depth is 1
Handshake duration: 13.41 ms
Execution 22 - TLS Single
s_connection: verify depth is 1
Handshake duration: 2282.95 ms
Execution 23 - TLS Single
s_connection: verify depth is 1
Handshake duration: 1259.06 ms
Execution 24 - TLS Single
s_connection: verify depth is 1
Handshake duration: 12.30 ms
Execution 25 - TLS Single
s_connection: verify depth is 1
Handshake duration: 847.18 ms
Execution 26 - TLS Single
s_connection: verify depth is 1
Handshake duration: 3326.12 ms
Execution 27 - TLS Single
s_connection: verify depth is 1
Handshake duration: 11.80 ms
Execution 28 - TLS Single
s_connection: verify depth is 1
Handshake duration: 1034.39 ms
Execution 29 - TLS Single
s_connection: verify depth is 1
Handshake duration: 3126.53 ms
Execution 30 - TLS Single
s_connection: verify depth is 1
Handshake duration: 10.25 ms
Execution 31 - TLS Single
s_connection: verify depth is 1
Handshake duration: 1058.52 ms
Execution 32 - TLS Single
s_connection: verify depth is 1
Handshake duration: 11.37 ms
Execution 33 - TLS Single
s_connection: verify depth is 1
Handshake duration: 10.23 ms
Execution 34 - TLS Single
s_connection: verify depth is 1
Handshake duration: 10.50 ms
Execution 35 - TLS Single
s_connection: verify depth is 1
Handshake duration: 10.78 ms
Execution 36 - TLS Single
s_connection: verify depth is 1
Handshake duration: 36064.11 ms
Execution 37 - TLS Single
s_connection: verify depth is 1
Handshake duration: 16.41 ms
Execution 38 - TLS Single
s_connection: verify depth is 1
Handshake duration: 1016.59 ms
Execution 39 - TLS Single
s_connection: verify depth is 1
Handshake duration: 230.17 ms
Execution 40 - TLS Single
s_connection: verify depth is 1
Handshake duration: 231.24 ms
Execution 41 - TLS Single
s_connection: verify depth is 1
Handshake duration: 1080.15 ms
Execution 42 - TLS Single
s_connection: verify depth is 1
Handshake duration: 1070.11 ms
Execution 43 - TLS Single
s_connection: verify depth is 1
Handshake duration: 10.41 ms
Execution 44 - TLS Single
s_connection: verify depth is 1
Handshake duration: 14.23 ms
Execution 45 - TLS Single
s_connection: verify depth is 1
Handshake duration: 14.33 ms
Execution 46 - TLS Single
s_connection: verify depth is 1
Handshake duration: 1656.24 ms
Execution 47 - TLS Single
s_connection: verify depth is 1
Handshake duration: 11.39 ms
Execution 48 - TLS Single
s_connection: verify depth is 1
Handshake duration: 1490.09 ms
Execution 49 - TLS Single
s_connection: verify depth is 1
Handshake duration: 1468.38 ms
Execution 50 - TLS Single
s_connection: verify depth is 1
Handshake duration: 4751.80 ms
Execution 51 - TLS Single
s_connection: verify depth is 1
Handshake duration: 633.50 ms
Execution 52 - TLS Single
s_connection: verify depth is 1
Handshake duration: 14.61 ms
Execution 53 - TLS Single
s_connection: verify depth is 1
Handshake duration: 14.15 ms
Execution 54 - TLS Single
s_connection: verify depth is 1
Handshake duration: 1064.65 ms
Execution 55 - TLS Single
s_connection: verify depth is 1
Handshake duration: 11.01 ms
Execution 56 - TLS Single
s_connection: verify depth is 1
Handshake duration: 230.99 ms
Execution 57 - TLS Single
s_connection: verify depth is 1
Handshake duration: 20.17 ms
Execution 58 - TLS Single
s_connection: verify depth is 1
Handshake duration: 10.17 ms
Execution 59 - TLS Single
s_connection: verify depth is 1
Handshake duration: 224.89 ms
Execution 60 - TLS Single
s_connection: verify depth is 1
Handshake duration: 1062.35 ms
Execution 61 - TLS Single
s_connection: verify depth is 1
Handshake duration: 3118.74 ms
Execution 62 - TLS Single
s_connection: verify depth is 1
Handshake duration: 1074.31 ms
Execution 63 - TLS Single
s_connection: verify depth is 1
Handshake duration: 228.42 ms
Execution 64 - TLS Single
s_connection: verify depth is 1
Handshake duration: 3122.82 ms
Execution 65 - TLS Single
s_connection: verify depth is 1
Handshake duration: 7640.10 ms
Execution 66 - TLS Single
s_connection: verify depth is 1
Handshake duration: 1250.94 ms
Execution 67 - TLS Single
s_connection: verify depth is 1
Handshake duration: 10.86 ms
Execution 68 - TLS Single
s_connection: verify depth is 1
Handshake duration: 10.06 ms
Execution 69 - TLS Single
s_connection: verify depth is 1
Handshake duration: 229.13 ms
Execution 70 - TLS Single
s_connection: verify depth is 1
Handshake duration: 237.26 ms
Execution 71 - TLS Single
s_connection: verify depth is 1
Handshake duration: 13.53 ms
Execution 72 - TLS Single
s_connection: verify depth is 1
Handshake duration: 13.90 ms
Execution 73 - TLS Single
s_connection: verify depth is 1
Handshake duration: 1054.70 ms
Execution 74 - TLS Single
s_connection: verify depth is 1
Handshake duration: 11.91 ms
Execution 75 - TLS Single
s_connection: verify depth is 1
Handshake duration: 11.14 ms
Execution 76 - TLS Single
s_connection: verify depth is 1
Handshake duration: 4098.69 ms
Execution 77 - TLS Single
s_connection: verify depth is 1
Handshake duration: 10.93 ms
Execution 78 - TLS Single
s_connection: verify depth is 1
Handshake duration: 1499.68 ms
Execution 79 - TLS Single
s_connection: verify depth is 1
Handshake duration: 14.32 ms
Execution 80 - TLS Single
s_connection: verify depth is 1
Handshake duration: 10.35 ms
Execution 81 - TLS Single
s_connection: verify depth is 1
Handshake duration: 2697.67 ms
Execution 82 - TLS Single
s_connection: verify depth is 1
Handshake duration: 15.48 ms
Execution 83 - TLS Single
s_connection: verify depth is 1
Handshake duration: 10.07 ms
Execution 84 - TLS Single
s_connection: verify depth is 1
Handshake duration: 9.98 ms
Execution 85 - TLS Single
s_connection: verify depth is 1
Handshake duration: 10.12 ms
Execution 86 - TLS Single
s_connection: verify depth is 1
Handshake duration: 1046.79 ms
Execution 87 - TLS Single
s_connection: verify depth is 1
Handshake duration: 10.39 ms
Execution 88 - TLS Single
s_connection: verify depth is 1
Handshake duration: 10.53 ms
Execution 89 - TLS Single
s_connection: verify depth is 1
Handshake duration: 10.79 ms
Execution 90 - TLS Single
s_connection: verify depth is 1
Handshake duration: 1272.59 ms
Execution 91 - TLS Single
s_connection: verify depth is 1
Handshake duration: 4393.39 ms
Execution 92 - TLS Single
s_connection: verify depth is 1
Handshake duration: 3110.09 ms
Execution 93 - TLS Single
s_connection: verify depth is 1
Handshake duration: 5878.16 ms
Execution 94 - TLS Single
s_connection: verify depth is 1
Handshake duration: 1887.34 ms
Execution 95 - TLS Single
s_connection: verify depth is 1
Handshake duration: 10.38 ms
Execution 96 - TLS Single
s_connection: verify depth is 1
Handshake duration: 2302.74 ms
Execution 97 - TLS Single
s_connection: verify depth is 1
Handshake duration: 10.86 ms
Execution 98 - TLS Single
s_connection: verify depth is 1
Handshake duration: 626.80 ms
Execution 99 - TLS Single
s_connection: verify depth is 1
Handshake duration: 2270.87 ms
Execution 100 - TLS Single
s_connection: verify depth is 1
Handshake duration: 19.52 ms
Execution 101 - TLS Single
s_connection: verify depth is 1
Handshake duration: 1267.12 ms
Execution 102 - TLS Single
s_connection: verify depth is 1
Handshake duration: 1067.17 ms
Execution 103 - TLS Single
s_connection: verify depth is 1
Handshake duration: 16.15 ms
Execution 104 - TLS Single
s_connection: verify depth is 1
Handshake duration: 15.09 ms
Execution 105 - TLS Single
s_connection: verify depth is 1
Handshake duration: 1428.80 ms
Execution 106 - TLS Single
s_connection: verify depth is 1
Handshake duration: 2712.51 ms
Execution 107 - TLS Single
s_connection: verify depth is 1
Handshake duration: 229.80 ms
Execution 108 - TLS Single
s_connection: verify depth is 1
Handshake duration: 10.46 ms
Execution 109 - TLS Single
s_connection: verify depth is 1
Handshake duration: 1051.13 ms
Execution 110 - TLS Single
s_connection: verify depth is 1
Handshake duration: 1270.99 ms
Execution 111 - TLS Single
s_connection: verify depth is 1
Handshake duration: 11.80 ms
Execution 112 - TLS Single
s_connection: verify depth is 1
Handshake duration: 10.95 ms
Execution 113 - TLS Single
s_connection: verify depth is 1
Handshake duration: 1234.52 ms
Execution 114 - TLS Single
s_connection: verify depth is 1
Handshake duration: 7615.66 ms
Execution 115 - TLS Single
s_connection: verify depth is 1
Handshake duration: 5174.03 ms
Execution 116 - TLS Single
s_connection: verify depth is 1
Handshake duration: 627.61 ms
Execution 117 - TLS Single
s_connection: verify depth is 1
Handshake duration: 229.95 ms
Execution 118 - TLS Single
s_connection: verify depth is 1
Handshake duration: 10.79 ms
Execution 119 - TLS Single
s_connection: verify depth is 1
Handshake duration: 638.32 ms
Execution 120 - TLS Single
s_connection: verify depth is 1
Handshake duration: 237.46 ms
Execution 121 - TLS Single
s_connection: verify depth is 1
Handshake duration: 11.59 ms
Execution 122 - TLS Single
s_connection: verify depth is 1
Handshake duration: 1886.29 ms
Execution 123 - TLS Single
s_connection: verify depth is 1
Handshake duration: 11.18 ms
Execution 124 - TLS Single
s_connection: verify depth is 1
Handshake duration: 27882.14 ms
Execution 125 - TLS Single
s_connection: verify depth is 1
Handshake duration: 3524.35 ms
