Applying netem rules to lo...
Showing qdisc status for the interface: lo
qdisc netem 8591: root refcnt 2 limit 1000 seed 7264929032695365107
 Sent 0 bytes 0 pkt (dropped 0, overlimits 0 requeues 0) 
 backlog 0b 0p requeues 0
Running ./perftestClientTlsQuic.sh with SIG_ALG=mldsa65 and KEM_ALG=hqc192
Execution 1 - TLS Single
s_connection: verify depth is 1
Handshake duration: 46.49 ms
Execution 2 - TLS Single
s_connection: verify depth is 1
Handshake duration: 436.40 ms
Execution 3 - TLS Single
s_connection: verify depth is 1
Handshake duration: 7296.08 ms
Execution 4 - TLS Single
s_connection: verify depth is 1
Handshake duration: 4447.31 ms
Execution 5 - TLS Single
s_connection: verify depth is 1
Handshake duration: 3630.14 ms
Execution 6 - TLS Single
s_connection: verify depth is 1
Handshake duration: 1272.48 ms
Execution 7 - TLS Single
s_connection: verify depth is 1
Handshake duration: 5826.88 ms
Execution 8 - TLS Single
s_connection: verify depth is 1
Handshake duration: 57.03 ms
Execution 9 - TLS Single
s_connection: verify depth is 1
Handshake duration: 46.50 ms
Execution 10 - TLS Single
s_connection: verify depth is 1
Handshake duration: 902.08 ms
Execution 11 - TLS Single
s_connection: verify depth is 1
Handshake duration: 28991.76 ms
Execution 12 - TLS Single
s_connection: verify depth is 1
Handshake duration: 850.87 ms
Execution 13 - TLS Single
s_connection: verify depth is 1
Handshake duration: 1329.42 ms
Execution 14 - TLS Single
s_connection: verify depth is 1
Handshake duration: 234.00 ms
Execution 15 - TLS Single
s_connection: verify depth is 1
Handshake duration: 861.64 ms
Execution 16 - TLS Single
s_connection: verify depth is 1
Handshake duration: 17384.26 ms
Execution 17 - TLS Single
s_connection: verify depth is 1
Handshake duration: 10099.26 ms
Execution 18 - TLS Single
s_connection: verify depth is 1
Handshake duration: 245.15 ms
Execution 19 - TLS Single
s_connection: verify depth is 1
Handshake duration: 58.11 ms
Execution 20 - TLS Single
s_connection: verify depth is 1
Handshake duration: 232.92 ms
Execution 21 - TLS Single
s_connection: verify depth is 1
Handshake duration: 8500.89 ms
Execution 22 - TLS Single
s_connection: verify depth is 1
Handshake duration: 54.33 ms
Execution 23 - TLS Single
s_connection: verify depth is 1
Handshake duration: 2979.05 ms
Execution 24 - TLS Single
s_connection: verify depth is 1
Handshake duration: 1066.79 ms
Execution 25 - TLS Single
s_connection: verify depth is 1
Handshake duration: 3974.13 ms
Execution 26 - TLS Single
s_connection: verify depth is 1
Handshake duration: 55.33 ms
Execution 27 - TLS Single
s_connection: verify depth is 1
Handshake duration: 50.70 ms
Execution 28 - TLS Single
s_connection: verify depth is 1
Handshake duration: 3762.99 ms
Execution 29 - TLS Single
s_connection: verify depth is 1
Handshake duration: 247.07 ms
Execution 30 - TLS Single
s_connection: verify depth is 1
Handshake duration: 9316.32 ms
Execution 31 - TLS Single
s_connection: verify depth is 1
Handshake duration: 453.87 ms
Execution 32 - TLS Single
s_connection: verify depth is 1
Handshake duration: 1340.25 ms
Execution 33 - TLS Single
s_connection: verify depth is 1
Handshake duration: 47.23 ms
Execution 34 - TLS Single
s_connection: verify depth is 1
Handshake duration: 231.32 ms
Execution 35 - TLS Single
s_connection: verify depth is 1
Handshake duration: 865.37 ms
Execution 36 - TLS Single
s_connection: verify depth is 1
Handshake duration: 57.02 ms
Execution 37 - TLS Single
s_connection: verify depth is 1
Handshake duration: 232.48 ms
Execution 38 - TLS Single
s_connection: verify depth is 1
Handshake duration: 55.26 ms
Execution 39 - TLS Single
s_connection: verify depth is 1
Handshake duration: 5970.41 ms
Execution 40 - TLS Single
s_connection: verify depth is 1
Handshake duration: 55.39 ms
Execution 41 - TLS Single
s_connection: verify depth is 1
Handshake duration: 3127.81 ms
Execution 42 - TLS Single
s_connection: verify depth is 1
Handshake duration: 912.49 ms
Execution 43 - TLS Single
s_connection: verify depth is 1
Handshake duration: 267.43 ms
Execution 44 - TLS Single
s_connection: verify depth is 1
Handshake duration: 39920.01 ms
Execution 45 - TLS Single
s_connection: verify depth is 1
Handshake duration: 451.34 ms
Execution 46 - TLS Single
s_connection: verify depth is 1
Handshake duration: 913.20 ms
Execution 47 - TLS Single
s_connection: verify depth is 1
Handshake duration: 46.52 ms
Execution 48 - TLS Single
s_connection: verify depth is 1
Handshake duration: 343255.56 ms
Execution 49 - TLS Single
s_connection: verify depth is 1
Handshake duration: 288.76 ms
Execution 50 - TLS Single
s_connection: verify depth is 1
Handshake duration: 39440.60 ms
Execution 51 - TLS Single
s_connection: verify depth is 1
Handshake duration: 851.82 ms
Execution 52 - TLS Single
s_connection: verify depth is 1
Handshake duration: 1066.41 ms
Execution 53 - TLS Single
s_connection: verify depth is 1
Handshake duration: 1096.66 ms
Execution 54 - TLS Single
s_connection: verify depth is 1
Handshake duration: 1382.66 ms
Execution 55 - TLS Single
s_connection: verify depth is 1
Handshake duration: 2516.89 ms
Execution 56 - TLS Single
s_connection: verify depth is 1
Handshake duration: 3162.34 ms
Execution 57 - TLS Single
s_connection: verify depth is 1
Handshake duration: 5618.65 ms
Execution 58 - TLS Single
s_connection: verify depth is 1
Handshake duration: 241.08 ms
Execution 59 - TLS Single
s_connection: verify depth is 1
Handshake duration: 5044.31 ms
Execution 60 - TLS Single
s_connection: verify depth is 1
Handshake duration: 5112.22 ms
Execution 61 - TLS Single
s_connection: verify depth is 1
Handshake duration: 52445.90 ms
Execution 62 - TLS Single
s_connection: verify depth is 1
Handshake duration: 1279.12 ms
Execution 63 - TLS Single
s_connection: verify depth is 1
Handshake duration: 3363.77 ms
Execution 64 - TLS Single
s_connection: verify depth is 1
Handshake duration: 52.95 ms
Execution 65 - TLS Single
s_connection: verify depth is 1
Handshake duration: 899.80 ms
Execution 66 - TLS Single
s_connection: verify depth is 1
Handshake duration: 1066.45 ms
Execution 67 - TLS Single
s_connection: verify depth is 1
Handshake duration: 6124.57 ms
Execution 68 - TLS Single
s_connection: verify depth is 1
Handshake duration: 4486.30 ms
Execution 69 - TLS Single
s_connection: verify depth is 1
Handshake duration: 1899.63 ms
Execution 70 - TLS Single
s_connection: verify depth is 1
Handshake duration: 502.71 ms
Execution 71 - TLS Single
s_connection: verify depth is 1
Handshake duration: 5978.31 ms
Execution 72 - TLS Single
s_connection: verify depth is 1
Handshake duration: 7941.54 ms
Execution 73 - TLS Single
s_connection: verify depth is 1
Handshake duration: 30626.15 ms
Execution 74 - TLS Single
s_connection: verify depth is 1
Handshake duration: 53.45 ms
Execution 75 - TLS Single
s_connection: verify depth is 1
Handshake duration: 6828.43 ms
Execution 76 - TLS Single
s_connection: verify depth is 1
Handshake duration: 58.96 ms
Execution 77 - TLS Single
s_connection: verify depth is 1
Handshake duration: 3330.94 ms
Execution 78 - TLS Single
s_connection: verify depth is 1
Handshake duration: 1267.34 ms
Execution 79 - TLS Single
s_connection: verify depth is 1
Handshake duration: 452.33 ms
Execution 80 - TLS Single
s_connection: verify depth is 1
Handshake duration: 56.32 ms
Execution 81 - TLS Single
s_connection: verify depth is 1
Handshake duration: 11247.29 ms
Execution 82 - TLS Single
s_connection: verify depth is 1
Handshake duration: 53.89 ms
Execution 83 - TLS Single
s_connection: verify depth is 1
Handshake duration: 46.73 ms
Execution 84 - TLS Single
s_connection: verify depth is 1
Handshake duration: 4864.24 ms
Execution 85 - TLS Single
s_connection: verify depth is 1
Handshake duration: 1058.87 ms
Execution 86 - TLS Single
s_connection: verify depth is 1
Handshake duration: 3159.50 ms
Execution 87 - TLS Single
s_connection: verify depth is 1
Handshake duration: 2346.80 ms
Execution 88 - TLS Single
s_connection: verify depth is 1
Handshake duration: 236.57 ms
Execution 89 - TLS Single
s_connection: verify depth is 1
Handshake duration: 54.23 ms
Execution 90 - TLS Single
s_connection: verify depth is 1
Handshake duration: 46.98 ms
Execution 91 - TLS Single
s_connection: verify depth is 1
Handshake duration: 4189.12 ms
Execution 92 - TLS Single
s_connection: verify depth is 1
Handshake duration: 12978.73 ms
Execution 93 - TLS Single
s_connection: verify depth is 1
Handshake duration: 14986.19 ms
Execution 94 - TLS Single
s_connection: verify depth is 1
Handshake duration: 52.24 ms
Execution 95 - TLS Single
s_connection: verify depth is 1
Handshake duration: 109574.04 ms
Execution 96 - TLS Single
s_connection: verify depth is 1
Handshake duration: 2340.21 ms
Execution 97 - TLS Single
s_connection: verify depth is 1
Handshake duration: 51.13 ms
Execution 98 - TLS Single
s_connection: verify depth is 1
Handshake duration: 9543.92 ms
Execution 99 - TLS Single
s_connection: verify depth is 1
Handshake duration: 54.09 ms
Execution 100 - TLS Single
s_connection: verify depth is 1
Handshake duration: 3174.97 ms
Execution 101 - TLS Single
s_connection: verify depth is 1
Handshake duration: 2164.41 ms
Execution 102 - TLS Single
s_connection: verify depth is 1
Handshake duration: 54.24 ms
Execution 103 - TLS Single
s_connection: verify depth is 1
Handshake duration: 238.62 ms
Execution 104 - TLS Single
s_connection: verify depth is 1
Handshake duration: 13420.83 ms
Execution 105 - TLS Single
s_connection: verify depth is 1
Handshake duration: 241.22 ms
Execution 106 - TLS Single
s_connection: verify depth is 1
Handshake duration: 235.14 ms
Execution 107 - TLS Single
s_connection: verify depth is 1
Handshake duration: 57.08 ms
Execution 108 - TLS Single
s_connection: verify depth is 1
Handshake duration: 854.42 ms
Execution 109 - TLS Single
s_connection: verify depth is 1
Handshake duration: 446.88 ms
Execution 110 - TLS Single
s_connection: verify depth is 1
Handshake duration: 1908.65 ms
Execution 111 - TLS Single
s_connection: verify depth is 1
Handshake duration: 247.06 ms
Execution 112 - TLS Single
s_connection: verify depth is 1
Handshake duration: 255.67 ms
Execution 113 - TLS Single
s_connection: verify depth is 1
Handshake duration: 3435.21 ms
Execution 114 - TLS Single
s_connection: verify depth is 1
Handshake duration: 1933.05 ms
Execution 115 - TLS Single
s_connection: verify depth is 1
Handshake duration: 35534.69 ms
Execution 116 - TLS Single
s_connection: verify depth is 1
Handshake duration: 58.16 ms
Execution 117 - TLS Single
s_connection: verify depth is 1
Handshake duration: 9511.74 ms
Execution 118 - TLS Single
s_connection: verify depth is 1
Handshake duration: 7722.61 ms
Execution 119 - TLS Single
s_connection: verify depth is 1
Handshake duration: 4642.01 ms
Execution 120 - TLS Single
s_connection: verify depth is 1
Handshake duration: 6387.19 ms
Execution 121 - TLS Single
s_connection: verify depth is 1
Handshake duration: 7424.21 ms
Execution 122 - TLS Single
s_connection: verify depth is 1
Handshake duration: 2096.82 ms
Execution 123 - TLS Single
s_connection: verify depth is 1
Handshake duration: 1897.21 ms
Execution 124 - TLS Single
s_connection: verify depth is 1
Handshake duration: 2325.12 ms
Execution 125 - TLS Single
s_connection: verify depth is 1
Handshake duration: 18137.03 ms
Execution 126 - TLS Single
s_connection: verify depth is 1
Handshake duration: 66.92 ms
Execution 127 - TLS Single
s_connection: verify depth is 1
Handshake duration: 235.07 ms
Execution 128 - TLS Single
s_connection: verify depth is 1
Handshake duration: 9572.92 ms
Execution 129 - TLS Single
s_connection: verify depth is 1
Handshake duration: 2323.55 ms
Execution 130 - TLS Single
s_connection: verify depth is 1
Handshake duration: 1066.16 ms
Execution 131 - TLS Single
s_connection: verify depth is 1
Handshake duration: 61.04 ms
Execution 132 - TLS Single
s_connection: verify depth is 1
Handshake duration: 1956.38 ms
Execution 133 - TLS Single
s_connection: verify depth is 1
Handshake duration: 6693.56 ms
Execution 134 - TLS Single
s_connection: verify depth is 1
Handshake duration: 1877.65 ms
Execution 135 - TLS Single
s_connection: verify depth is 1
Handshake duration: 6801.06 ms
Execution 136 - TLS Single
s_connection: verify depth is 1
Handshake duration: 3424.02 ms
Execution 137 - TLS Single
s_connection: verify depth is 1
Handshake duration: 55.30 ms
Execution 138 - TLS Single
s_connection: verify depth is 1
Handshake duration: 33205.76 ms
Execution 139 - TLS Single
s_connection: verify depth is 1
Handshake duration: 867.58 ms
Execution 140 - TLS Single
s_connection: verify depth is 1
Handshake duration: 451.92 ms
Execution 141 - TLS Single
s_connection: verify depth is 1
Handshake duration: 244.22 ms
Execution 142 - TLS Single
s_connection: verify depth is 1
Handshake duration: 2761.16 ms
Execution 143 - TLS Single
s_connection: verify depth is 1
Handshake duration: 2129.62 ms
Execution 144 - TLS Single
s_connection: verify depth is 1
Handshake duration: 853.09 ms
Execution 145 - TLS Single
s_connection: verify depth is 1
Handshake duration: 53.89 ms
Execution 146 - TLS Single
s_connection: verify depth is 1
Handshake duration: 1714.01 ms
Execution 147 - TLS Single
s_connection: verify depth is 1
Handshake duration: 2563.57 ms
Execution 148 - TLS Single
s_connection: verify depth is 1
Handshake duration: 8693.88 ms
Execution 149 - TLS Single
s_connection: verify depth is 1
Handshake duration: 242.59 ms
Execution 150 - TLS Single
s_connection: verify depth is 1
Handshake duration: 2134.18 ms
Execution 151 - TLS Single
s_connection: verify depth is 1
Handshake duration: 4813.17 ms
Execution 152 - TLS Single
s_connection: verify depth is 1
Handshake duration: 1698.48 ms
Execution 153 - TLS Single
s_connection: verify depth is 1
Handshake duration: 56.57 ms
Execution 154 - TLS Single
s_connection: verify depth is 1
Handshake duration: 29273.74 ms
Execution 155 - TLS Single
s_connection: verify depth is 1
Handshake duration: 3715.83 ms
Execution 156 - TLS Single
s_connection: verify depth is 1
Handshake duration: 51.79 ms
Execution 157 - TLS Single
s_connection: verify depth is 1
Handshake duration: 237.53 ms
Execution 158 - TLS Single
s_connection: verify depth is 1
Handshake duration: 13589.35 ms
Execution 159 - TLS Single
s_connection: verify depth is 1
Handshake duration: 57.74 ms
Execution 160 - TLS Single
s_connection: verify depth is 1
Handshake duration: 50.44 ms
Execution 161 - TLS Single
s_connection: verify depth is 1
Handshake duration: 48.65 ms
Execution 162 - TLS Single
s_connection: verify depth is 1
Handshake duration: 13352.70 ms
Execution 163 - TLS Single
s_connection: verify depth is 1
Handshake duration: 249.05 ms
Execution 164 - TLS Single
s_connection: verify depth is 1
Handshake duration: 1727.55 ms
Execution 165 - TLS Single
s_connection: verify depth is 1
Handshake duration: 56.83 ms
Execution 166 - TLS Single
s_connection: verify depth is 1
Handshake duration: 17372.49 ms
Execution 167 - TLS Single
s_connection: verify depth is 1
Handshake duration: 460.46 ms
Execution 168 - TLS Single
s_connection: verify depth is 1
Handshake duration: 245.48 ms
Execution 169 - TLS Single
s_connection: verify depth is 1
Handshake duration: 1477.09 ms
Execution 170 - TLS Single
s_connection: verify depth is 1
Handshake duration: 4150.91 ms
Execution 171 - TLS Single
s_connection: verify depth is 1
Handshake duration: 3373.10 ms
Execution 172 - TLS Single
s_connection: verify depth is 1
Handshake duration: 1692.17 ms
Execution 173 - TLS Single
s_connection: verify depth is 1
Handshake duration: 243.80 ms
Execution 174 - TLS Single
s_connection: verify depth is 1
Handshake duration: 6595.92 ms
Execution 175 - TLS Single
s_connection: verify depth is 1
Handshake duration: 1932.04 ms
Execution 176 - TLS Single
s_connection: verify depth is 1
Handshake duration: 59.03 ms
Execution 177 - TLS Single
s_connection: verify depth is 1
Handshake duration: 13208.46 ms
Execution 178 - TLS Single
s_connection: verify depth is 1
Handshake duration: 2276.69 ms
Execution 179 - TLS Single
s_connection: verify depth is 1
Handshake duration: 241.26 ms
Execution 180 - TLS Single
s_connection: verify depth is 1
Handshake duration: 1340.06 ms
Execution 181 - TLS Single
s_connection: verify depth is 1
Handshake duration: 2537.75 ms
Execution 182 - TLS Single
s_connection: verify depth is 1
Handshake duration: 860.05 ms
Execution 183 - TLS Single
s_connection: verify depth is 1
Handshake duration: 8462.32 ms
Execution 184 - TLS Single
s_connection: verify depth is 1
Handshake duration: 2336.00 ms
Execution 185 - TLS Single
s_connection: verify depth is 1
Handshake duration: 277.74 ms
Execution 186 - TLS Single
s_connection: verify depth is 1
Handshake duration: 1066.85 ms
Execution 187 - TLS Single
s_connection: verify depth is 1
Handshake duration: 242.25 ms
Execution 188 - TLS Single
s_connection: verify depth is 1
Handshake duration: 7962.32 ms
Execution 189 - TLS Single
s_connection: verify depth is 1
Handshake duration: 655.66 ms
Execution 190 - TLS Single
s_connection: verify depth is 1
Handshake duration: 63.92 ms
Execution 191 - TLS Single
s_connection: verify depth is 1
Handshake duration: 52.73 ms
Execution 192 - TLS Single
s_connection: verify depth is 1
Handshake duration: 489.77 ms
Execution 193 - TLS Single
s_connection: verify depth is 1
Handshake duration: 28336.27 ms
Execution 194 - TLS Single
s_connection: verify depth is 1
Handshake duration: 13110.36 ms
Execution 195 - TLS Single
s_connection: verify depth is 1
Handshake duration: 1090.57 ms
Execution 196 - TLS Single
s_connection: verify depth is 1
Handshake duration: 644.19 ms
Execution 197 - TLS Single
s_connection: verify depth is 1
Handshake duration: 1516.29 ms
Execution 198 - TLS Single
s_connection: verify depth is 1
Handshake duration: 912.00 ms
Execution 199 - TLS Single
s_connection: verify depth is 1
Handshake duration: 2090.82 ms
Execution 200 - TLS Single
s_connection: verify depth is 1
Handshake duration: 1279.34 ms
Execution 201 - TLS Single
s_connection: verify depth is 1
Handshake duration: 9348.89 ms
Execution 202 - TLS Single
s_connection: verify depth is 1
Handshake duration: 1747.57 ms
Execution 203 - TLS Single
s_connection: verify depth is 1
Handshake duration: 5821.83 ms
Execution 204 - TLS Single
s_connection: verify depth is 1
Handshake duration: 7886.62 ms
Execution 205 - TLS Single
s_connection: verify depth is 1
Handshake duration: 1540.40 ms
Execution 206 - TLS Single
s_connection: verify depth is 1
Handshake duration: 26206.99 ms
Execution 207 - TLS Single
s_connection: verify depth is 1
Handshake duration: 294.12 ms
Execution 208 - TLS Single
s_connection: verify depth is 1
Handshake duration: 1953.94 ms
Execution 209 - TLS Single
s_connection: verify depth is 1
Handshake duration: 6397.88 ms
Execution 210 - TLS Single
s_connection: verify depth is 1
Handshake duration: 4650.65 ms
Execution 211 - TLS Single
s_connection: verify depth is 1
Handshake duration: 53.25 ms
Execution 212 - TLS Single
s_connection: verify depth is 1
Handshake duration: 3521.78 ms
Execution 213 - TLS Single
s_connection: verify depth is 1
Handshake duration: 2564.65 ms
Execution 214 - TLS Single
s_connection: verify depth is 1
Handshake duration: 7316.32 ms
Execution 215 - TLS Single
s_connection: verify depth is 1
Handshake duration: 3423.07 ms
Execution 216 - TLS Single
s_connection: verify depth is 1
Handshake duration: 45.80 ms
Execution 217 - TLS Single
s_connection: verify depth is 1
Handshake duration: 44.06 ms
Execution 218 - TLS Single
s_connection: verify depth is 1
Handshake duration: 6613.35 ms
Execution 219 - TLS Single
s_connection: verify depth is 1
Handshake duration: 4831.27 ms
Execution 220 - TLS Single
s_connection: verify depth is 1
Handshake duration: 490.50 ms
Execution 221 - TLS Single
s_connection: verify depth is 1
Handshake duration: 52801.46 ms
Execution 222 - TLS Single
s_connection: verify depth is 1
Handshake duration: 239.47 ms
Execution 223 - TLS Single
s_connection: verify depth is 1
Handshake duration: 13233.80 ms
Execution 224 - TLS Single
s_connection: verify depth is 1
Handshake duration: 866.35 ms
Execution 225 - TLS Single
s_connection: verify depth is 1
Handshake duration: 21075.47 ms
Execution 226 - TLS Single
s_connection: verify depth is 1
Handshake duration: 1277.26 ms
Execution 227 - TLS Single
s_connection: verify depth is 1
Handshake duration: 216094.67 ms
Execution 228 - TLS Single
s_connection: verify depth is 1
Handshake duration: 66.31 ms
Execution 229 - TLS Single
s_connection: verify depth is 1
Handshake duration: 236.83 ms
Execution 230 - TLS Single
s_connection: verify depth is 1
Handshake duration: 3228.47 ms
Execution 231 - TLS Single
s_connection: verify depth is 1
Handshake duration: 4768.82 ms
Execution 232 - TLS Single
s_connection: verify depth is 1
Handshake duration: 241.53 ms
Execution 233 - TLS Single
s_connection: verify depth is 1
Handshake duration: 256.82 ms
Execution 234 - TLS Single
s_connection: verify depth is 1
Handshake duration: 664.91 ms
Execution 235 - TLS Single
s_connection: verify depth is 1
Handshake duration: 61.67 ms
Execution 236 - TLS Single
s_connection: verify depth is 1
Handshake duration: 286.91 ms
Execution 237 - TLS Single
s_connection: verify depth is 1
Handshake duration: 1940.95 ms
Execution 238 - TLS Single
s_connection: verify depth is 1
Handshake duration: 13153.17 ms
Execution 239 - TLS Single
s_connection: verify depth is 1
Handshake duration: 857.63 ms
Execution 240 - TLS Single
s_connection: verify depth is 1
Handshake duration: 1902.63 ms
Execution 241 - TLS Single
s_connection: verify depth is 1
Handshake duration: 58.30 ms
Execution 242 - TLS Single
s_connection: verify depth is 1
Handshake duration: 240.91 ms
Execution 243 - TLS Single
s_connection: verify depth is 1
Handshake duration: 58.70 ms
Execution 244 - TLS Single
s_connection: verify depth is 1
Handshake duration: 3417.28 ms
Execution 245 - TLS Single
s_connection: verify depth is 1
Handshake duration: 47.04 ms
Execution 246 - TLS Single
s_connection: verify depth is 1
Handshake duration: 438.63 ms
Execution 247 - TLS Single
s_connection: verify depth is 1
Handshake duration: 1667.15 ms
Execution 248 - TLS Single
s_connection: verify depth is 1
Handshake duration: 55.93 ms
Execution 249 - TLS Single
s_connection: verify depth is 1
Handshake duration: 1497.52 ms
Execution 250 - TLS Single
s_connection: verify depth is 1
Handshake duration: 1116.77 ms
Execution 251 - TLS Single
s_connection: verify depth is 1
Handshake duration: 26753.73 ms
Execution 252 - TLS Single
s_connection: verify depth is 1
Handshake duration: 29295.33 ms
Execution 253 - TLS Single
s_connection: verify depth is 1
Handshake duration: 2533.21 ms
Execution 254 - TLS Single
s_connection: verify depth is 1
Handshake duration: 4582.57 ms
Execution 255 - TLS Single
s_connection: verify depth is 1
Handshake duration: 9976.17 ms
Execution 256 - TLS Single
s_connection: verify depth is 1
Handshake duration: 2528.95 ms
Execution 257 - TLS Single
s_connection: verify depth is 1
Handshake duration: 54.80 ms
Execution 258 - TLS Single
s_connection: verify depth is 1
Handshake duration: 1309.43 ms
Execution 259 - TLS Single
s_connection: verify depth is 1
Handshake duration: 233.62 ms
Execution 260 - TLS Single
s_connection: verify depth is 1
Handshake duration: 3881.62 ms
Execution 261 - TLS Single
s_connection: verify depth is 1
Handshake duration: 3156.72 ms
Execution 262 - TLS Single
s_connection: verify depth is 1
Handshake duration: 8257.43 ms
Execution 263 - TLS Single
s_connection: verify depth is 1
Handshake duration: 3747.58 ms
Execution 264 - TLS Single
s_connection: verify depth is 1
Handshake duration: 64.47 ms
Execution 265 - TLS Single
s_connection: verify depth is 1
Handshake duration: 1259.93 ms
Execution 266 - TLS Single
s_connection: verify depth is 1
Handshake duration: 8158.40 ms
Execution 267 - TLS Single
s_connection: verify depth is 1
Handshake duration: 1082.74 ms
Execution 268 - TLS Single
s_connection: verify depth is 1
Handshake duration: 28827.60 ms
Execution 269 - TLS Single
s_connection: verify depth is 1
Handshake duration: 1294.57 ms
Execution 270 - TLS Single
s_connection: verify depth is 1
Handshake duration: 706.49 ms
Execution 271 - TLS Single
s_connection: verify depth is 1
Handshake duration: 45.15 ms
Execution 272 - TLS Single
s_connection: verify depth is 1
Handshake duration: 2357.63 ms
Execution 273 - TLS Single
s_connection: verify depth is 1
Handshake duration: 45.25 ms
Execution 274 - TLS Single
s_connection: verify depth is 1
Handshake duration: 57737.18 ms
Execution 275 - TLS Single
s_connection: verify depth is 1
Handshake duration: 13677.53 ms
Execution 276 - TLS Single
s_connection: verify depth is 1
Handshake duration: 26402.72 ms
Execution 277 - TLS Single
s_connection: verify depth is 1
Handshake duration: 4813.55 ms
Execution 278 - TLS Single
s_connection: verify depth is 1
Handshake duration: 2925.22 ms
Execution 279 - TLS Single
s_connection: verify depth is 1
Handshake duration: 58.62 ms
Execution 280 - TLS Single
s_connection: verify depth is 1
Handshake duration: 2112.74 ms
Execution 281 - TLS Single
s_connection: verify depth is 1
Handshake duration: 238.83 ms
Execution 282 - TLS Single
s_connection: verify depth is 1
Handshake duration: 445.98 ms
Execution 283 - TLS Single
s_connection: verify depth is 1
Handshake duration: 453.70 ms
Execution 284 - TLS Single
s_connection: verify depth is 1
Handshake duration: 1068.19 ms
Execution 285 - TLS Single
s_connection: verify depth is 1
Handshake duration: 4022.64 ms
Execution 286 - TLS Single
s_connection: verify depth is 1
Handshake duration: 6102.02 ms
Execution 287 - TLS Single
s_connection: verify depth is 1
Handshake duration: 1965.30 ms
Execution 288 - TLS Single
s_connection: verify depth is 1
Handshake duration: 446.27 ms
Execution 289 - TLS Single
s_connection: verify depth is 1
Handshake duration: 1732.00 ms
Execution 290 - TLS Single
s_connection: verify depth is 1
Handshake duration: 62.90 ms
Execution 291 - TLS Single
s_connection: verify depth is 1
Handshake duration: 8082.42 ms
Execution 292 - TLS Single
s_connection: verify depth is 1
Handshake duration: 9193.91 ms
Execution 293 - TLS Single
s_connection: verify depth is 1
Handshake duration: 442.67 ms
Execution 294 - TLS Single
s_connection: verify depth is 1
Handshake duration: 252.52 ms
Execution 295 - TLS Single
s_connection: verify depth is 1
Handshake duration: 71.42 ms
Execution 296 - TLS Single
s_connection: verify depth is 1
Handshake duration: 2167.05 ms
Execution 297 - TLS Single
s_connection: verify depth is 1
Handshake duration: 44.25 ms
Execution 298 - TLS Single
s_connection: verify depth is 1
Handshake duration: 2079.89 ms
Execution 299 - TLS Single
s_connection: verify depth is 1
Handshake duration: 27592.43 ms
Execution 300 - TLS Single
s_connection: verify depth is 1
Handshake duration: 1877.68 ms
Execution 301 - TLS Single
s_connection: verify depth is 1
Handshake duration: 10195.76 ms
Execution 302 - TLS Single
s_connection: verify depth is 1
Handshake duration: 3739.79 ms
Execution 303 - TLS Single
s_connection: verify depth is 1
Handshake duration: 9563.62 ms
Execution 304 - TLS Single
s_connection: verify depth is 1
Handshake duration: 7670.13 ms
Execution 305 - TLS Single
s_connection: verify depth is 1
Handshake duration: 2086.70 ms
Execution 306 - TLS Single
s_connection: verify depth is 1
Handshake duration: 7886.61 ms
Execution 307 - TLS Single
s_connection: verify depth is 1
Handshake duration: 3573.76 ms
Execution 308 - TLS Single
s_connection: verify depth is 1
Handshake duration: 57.25 ms
Execution 309 - TLS Single
s_connection: verify depth is 1
Handshake duration: 262.08 ms
Execution 310 - TLS Single
s_connection: verify depth is 1
Handshake duration: 1285.91 ms
Execution 311 - TLS Single
s_connection: verify depth is 1
Handshake duration: 244.29 ms
Execution 312 - TLS Single
s_connection: verify depth is 1
Handshake duration: 4593.52 ms
Execution 313 - TLS Single
s_connection: verify depth is 1
Handshake duration: 446.78 ms
Execution 314 - TLS Single
s_connection: verify depth is 1
Handshake duration: 3141.10 ms
Execution 315 - TLS Single
s_connection: verify depth is 1
Handshake duration: 7711.07 ms
Execution 316 - TLS Single
s_connection: verify depth is 1
Handshake duration: 7018.59 ms
Execution 317 - TLS Single
s_connection: verify depth is 1
Handshake duration: 55.12 ms
Execution 318 - TLS Single
s_connection: verify depth is 1
Handshake duration: 50.01 ms
Execution 319 - TLS Single
s_connection: verify depth is 1
Handshake duration: 645.34 ms
Execution 320 - TLS Single
s_connection: verify depth is 1
Handshake duration: 56.57 ms
Execution 321 - TLS Single
s_connection: verify depth is 1
Handshake duration: 2300.29 ms
Execution 322 - TLS Single
s_connection: verify depth is 1
Handshake duration: 55.91 ms
Execution 323 - TLS Single
s_connection: verify depth is 1
Handshake duration: 2075.19 ms
Execution 324 - TLS Single
s_connection: verify depth is 1
Handshake duration: 284.94 ms
Execution 325 - TLS Single
s_connection: verify depth is 1
Handshake duration: 233.86 ms
Execution 326 - TLS Single
s_connection: verify depth is 1
Handshake duration: 450.91 ms
Execution 327 - TLS Single
s_connection: verify depth is 1
Handshake duration: 58.00 ms
Execution 328 - TLS Single
s_connection: verify depth is 1
Handshake duration: 30107.62 ms
Execution 329 - TLS Single
s_connection: verify depth is 1
Handshake duration: 10141.11 ms
Execution 330 - TLS Single
s_connection: verify depth is 1
Handshake duration: 1297.04 ms
Execution 331 - TLS Single
s_connection: verify depth is 1
Handshake duration: 6053.63 ms
Execution 332 - TLS Single
s_connection: verify depth is 1
Handshake duration: 1123.83 ms
Execution 333 - TLS Single
s_connection: verify depth is 1
Handshake duration: 3570.83 ms
Execution 334 - TLS Single
s_connection: verify depth is 1
Handshake duration: 3606.93 ms
Execution 335 - TLS Single
s_connection: verify depth is 1
Handshake duration: 2738.45 ms
Execution 336 - TLS Single
s_connection: verify depth is 1
Handshake duration: 5260.47 ms
Execution 337 - TLS Single
s_connection: verify depth is 1
Handshake duration: 444.56 ms
Execution 338 - TLS Single
s_connection: verify depth is 1
Handshake duration: 1551.91 ms
Execution 339 - TLS Single
s_connection: verify depth is 1
Handshake duration: 1101.63 ms
Execution 340 - TLS Single
s_connection: verify depth is 1
Handshake duration: 5155.03 ms
Execution 341 - TLS Single
s_connection: verify depth is 1
Handshake duration: 56.92 ms
Execution 342 - TLS Single
s_connection: verify depth is 1
Handshake duration: 238.39 ms
Execution 343 - TLS Single
s_connection: verify depth is 1
Handshake duration: 9625.78 ms
Execution 344 - TLS Single
s_connection: verify depth is 1
Handshake duration: 27012.20 ms
Execution 345 - TLS Single
s_connection: verify depth is 1
Handshake duration: 1113.66 ms
Execution 346 - TLS Single
s_connection: verify depth is 1
Handshake duration: 3388.90 ms
Execution 347 - TLS Single
s_connection: verify depth is 1
Handshake duration: 28209.58 ms
Execution 348 - TLS Single
s_connection: verify depth is 1
Handshake duration: 3025.72 ms
Execution 349 - TLS Single
s_connection: verify depth is 1
Handshake duration: 1098.20 ms
Execution 350 - TLS Single
s_connection: verify depth is 1
Handshake duration: 7212.14 ms
Execution 351 - TLS Single
s_connection: verify depth is 1
Handshake duration: 4436.10 ms
Execution 352 - TLS Single
s_connection: verify depth is 1
Handshake duration: 239.82 ms
Execution 353 - TLS Single
s_connection: verify depth is 1
Handshake duration: 248.95 ms
Execution 354 - TLS Single
s_connection: verify depth is 1
Handshake duration: 448.82 ms
Execution 355 - TLS Single
s_connection: verify depth is 1
Handshake duration: 5634.01 ms
Execution 356 - TLS Single
s_connection: verify depth is 1
Handshake duration: 656.94 ms
Execution 357 - TLS Single
s_connection: verify depth is 1
Handshake duration: 1112.80 ms
Execution 358 - TLS Single
s_connection: verify depth is 1
Handshake duration: 48.83 ms
Execution 359 - TLS Single
s_connection: verify depth is 1
Handshake duration: 5653.94 ms
Execution 360 - TLS Single
s_connection: verify depth is 1
Handshake duration: 3558.23 ms
Execution 361 - TLS Single
s_connection: verify depth is 1
Handshake duration: 5587.23 ms
Execution 362 - TLS Single
s_connection: verify depth is 1
Handshake duration: 26323.90 ms
Execution 363 - TLS Single
s_connection: verify depth is 1
Handshake duration: 52.08 ms
Execution 364 - TLS Single
s_connection: verify depth is 1
Handshake duration: 3019.62 ms
Execution 365 - TLS Single
s_connection: verify depth is 1
Handshake duration: 3357.90 ms
Execution 366 - TLS Single
s_connection: verify depth is 1
Handshake duration: 3639.94 ms
Execution 367 - TLS Single
s_connection: verify depth is 1
Handshake duration: 1662.44 ms
Execution 368 - TLS Single
s_connection: verify depth is 1
Handshake duration: 5060.36 ms
Execution 369 - TLS Single
s_connection: verify depth is 1
Handshake duration: 57432.88 ms
Execution 370 - TLS Single
s_connection: verify depth is 1
Handshake duration: 242.34 ms
Execution 371 - TLS Single
s_connection: verify depth is 1
Handshake duration: 2122.57 ms
Execution 372 - TLS Single
s_connection: verify depth is 1
Handshake duration: 6916.81 ms
Execution 373 - TLS Single
s_connection: verify depth is 1
Handshake duration: 2095.52 ms
Execution 374 - TLS Single
s_connection: verify depth is 1
Handshake duration: 3567.50 ms
Execution 375 - TLS Single
s_connection: verify depth is 1
Handshake duration: 1482.46 ms
Execution 376 - TLS Single
s_connection: verify depth is 1
Handshake duration: 3809.19 ms
Execution 377 - TLS Single
s_connection: verify depth is 1
Handshake duration: 51.60 ms
Execution 378 - TLS Single
s_connection: verify depth is 1
Handshake duration: 442.53 ms
Execution 379 - TLS Single
s_connection: verify depth is 1
Handshake duration: 17182.48 ms
Execution 380 - TLS Single
s_connection: verify depth is 1
Handshake duration: 4826.89 ms
Execution 381 - TLS Single
s_connection: verify depth is 1
Handshake duration: 58.69 ms
Execution 382 - TLS Single
s_connection: verify depth is 1
Handshake duration: 48.31 ms
Execution 383 - TLS Single
s_connection: verify depth is 1
Handshake duration: 46.58 ms
Execution 384 - TLS Single
s_connection: verify depth is 1
Handshake duration: 4889.58 ms
Execution 385 - TLS Single
s_connection: verify depth is 1
Handshake duration: 5029.15 ms
Execution 386 - TLS Single
s_connection: verify depth is 1
Handshake duration: 1360.88 ms
Execution 387 - TLS Single
s_connection: verify depth is 1
Handshake duration: 19745.34 ms
Execution 388 - TLS Single
s_connection: verify depth is 1
Handshake duration: 2766.35 ms
Execution 389 - TLS Single
s_connection: verify depth is 1
Handshake duration: 1548.41 ms
Execution 390 - TLS Single
s_connection: verify depth is 1
Handshake duration: 234.47 ms
Execution 391 - TLS Single
s_connection: verify depth is 1
Handshake duration: 2149.18 ms
Execution 392 - TLS Single
s_connection: verify depth is 1
Handshake duration: 275.29 ms
Execution 393 - TLS Single
s_connection: verify depth is 1
Handshake duration: 1947.22 ms
Execution 394 - TLS Single
s_connection: verify depth is 1
Handshake duration: 50.38 ms
Execution 395 - TLS Single
s_connection: verify depth is 1
Handshake duration: 1508.40 ms
Execution 396 - TLS Single
s_connection: verify depth is 1
Handshake duration: 4218.30 ms
Execution 397 - TLS Single
s_connection: verify depth is 1
Handshake duration: 55251.30 ms
Execution 398 - TLS Single
s_connection: verify depth is 1
Handshake duration: 240.63 ms
Execution 399 - TLS Single
s_connection: verify depth is 1
Handshake duration: 5878.57 ms
Execution 400 - TLS Single
s_connection: verify depth is 1
Handshake duration: 1306.94 ms
Execution 401 - TLS Single
s_connection: verify depth is 1
Handshake duration: 287.75 ms
Execution 402 - TLS Single
s_connection: verify depth is 1
Handshake duration: 50.83 ms
Execution 403 - TLS Single
s_connection: verify depth is 1
Handshake duration: 1688.60 ms
Execution 404 - TLS Single
s_connection: verify depth is 1
Handshake duration: 3565.13 ms
Execution 405 - TLS Single
s_connection: verify depth is 1
Handshake duration: 1678.31 ms
Execution 406 - TLS Single
s_connection: verify depth is 1
Handshake duration: 10060.60 ms
Execution 407 - TLS Single
s_connection: verify depth is 1
Handshake duration: 1736.33 ms
Execution 408 - TLS Single
s_connection: verify depth is 1
Handshake duration: 56.32 ms
Execution 409 - TLS Single
s_connection: verify depth is 1
Handshake duration: 2295.25 ms
Execution 410 - TLS Single
s_connection: verify depth is 1
Handshake duration: 57.04 ms
Execution 411 - TLS Single
s_connection: verify depth is 1
Handshake duration: 45.56 ms
Execution 412 - TLS Single
s_connection: verify depth is 1
Handshake duration: 34088.05 ms
Execution 413 - TLS Single
s_connection: verify depth is 1
Handshake duration: 22719.06 ms
Execution 414 - TLS Single
s_connection: verify depth is 1
Handshake duration: 13859.61 ms
Execution 415 - TLS Single
s_connection: verify depth is 1
Handshake duration: 17094.82 ms
Execution 416 - TLS Single
s_connection: verify depth is 1
Handshake duration: 6093.11 ms
Execution 417 - TLS Single
s_connection: verify depth is 1
Handshake duration: 10011.21 ms
Execution 418 - TLS Single
s_connection: verify depth is 1
Handshake duration: 1292.71 ms
Execution 419 - TLS Single
s_connection: verify depth is 1
Handshake duration: 49.90 ms
Execution 420 - TLS Single
s_connection: verify depth is 1
Handshake duration: 2691.16 ms
Execution 421 - TLS Single
s_connection: verify depth is 1
Handshake duration: 1706.87 ms
Execution 422 - TLS Single
s_connection: verify depth is 1
Handshake duration: 649.81 ms
Execution 423 - TLS Single
s_connection: verify depth is 1
Handshake duration: 13439.71 ms
Execution 424 - TLS Single
s_connection: verify depth is 1
Handshake duration: 301.34 ms
Execution 425 - TLS Single
s_connection: verify depth is 1
Handshake duration: 49.02 ms
Execution 426 - TLS Single
s_connection: verify depth is 1
Handshake duration: 10714.09 ms
Execution 427 - TLS Single
s_connection: verify depth is 1
Handshake duration: 29619.01 ms
Execution 428 - TLS Single
s_connection: verify depth is 1
Handshake duration: 9744.00 ms
Execution 429 - TLS Single
s_connection: verify depth is 1
Handshake duration: 1261.06 ms
Execution 430 - TLS Single
s_connection: verify depth is 1
Handshake duration: 14440.30 ms
Execution 431 - TLS Single
s_connection: verify depth is 1
Handshake duration: 7247.37 ms
Execution 432 - TLS Single
s_connection: verify depth is 1
Handshake duration: 442.86 ms
Execution 433 - TLS Single
s_connection: verify depth is 1
Handshake duration: 1563.60 ms
Execution 434 - TLS Single
s_connection: verify depth is 1
Handshake duration: 2490.78 ms
Execution 435 - TLS Single
s_connection: verify depth is 1
Handshake duration: 4646.28 ms
Execution 436 - TLS Single
s_connection: verify depth is 1
Handshake duration: 236.10 ms
Execution 437 - TLS Single
s_connection: verify depth is 1
Handshake duration: 659.63 ms
Execution 438 - TLS Single
s_connection: verify depth is 1
Handshake duration: 22260.93 ms
Execution 439 - TLS Single
s_connection: verify depth is 1
Handshake duration: 5404.71 ms
Execution 440 - TLS Single
s_connection: verify depth is 1
Handshake duration: 56.87 ms
Execution 441 - TLS Single
s_connection: verify depth is 1
Handshake duration: 1498.24 ms
Execution 442 - TLS Single
s_connection: verify depth is 1
Handshake duration: 15287.50 ms
Execution 443 - TLS Single
s_connection: verify depth is 1
Handshake duration: 62.03 ms
Execution 444 - TLS Single
s_connection: verify depth is 1
Handshake duration: 2311.92 ms
Execution 445 - TLS Single
s_connection: verify depth is 1
Handshake duration: 10765.10 ms
Execution 446 - TLS Single
s_connection: verify depth is 1
Handshake duration: 1534.05 ms
Execution 447 - TLS Single
s_connection: verify depth is 1
Handshake duration: 26463.43 ms
Execution 448 - TLS Single
s_connection: verify depth is 1
Handshake duration: 56.35 ms
Execution 449 - TLS Single
s_connection: verify depth is 1
Handshake duration: 3759.05 ms
Execution 450 - TLS Single
s_connection: verify depth is 1
Handshake duration: 654.11 ms
Execution 451 - TLS Single
s_connection: verify depth is 1
Handshake duration: 862.52 ms
Execution 452 - TLS Single
s_connection: verify depth is 1
Handshake duration: 72.25 ms
Execution 453 - TLS Single
s_connection: verify depth is 1
Handshake duration: 53.05 ms
Execution 454 - TLS Single
s_connection: verify depth is 1
Handshake duration: 849.29 ms
Execution 455 - TLS Single
s_connection: verify depth is 1
Handshake duration: 301.30 ms
Execution 456 - TLS Single
s_connection: verify depth is 1
Handshake duration: 2737.70 ms
Execution 457 - TLS Single
s_connection: verify depth is 1
Handshake duration: 1313.95 ms
Execution 458 - TLS Single
s_connection: verify depth is 1
Handshake duration: 6867.57 ms
Execution 459 - TLS Single
s_connection: verify depth is 1
Handshake duration: 2732.12 ms
Execution 460 - TLS Single
s_connection: verify depth is 1
Handshake duration: 56.31 ms
Execution 461 - TLS Single
s_connection: verify depth is 1
Handshake duration: 6423.15 ms
Execution 462 - TLS Single
s_connection: verify depth is 1
Handshake duration: 56.54 ms
Execution 463 - TLS Single
s_connection: verify depth is 1
Handshake duration: 1099.02 ms
Execution 464 - TLS Single
s_connection: verify depth is 1
Handshake duration: 30904.80 ms
Execution 465 - TLS Single
s_connection: verify depth is 1
Handshake duration: 1143.25 ms
Execution 466 - TLS Single
s_connection: verify depth is 1
Handshake duration: 46.46 ms
Execution 467 - TLS Single
s_connection: verify depth is 1
Handshake duration: 651.52 ms
Execution 468 - TLS Single
s_connection: verify depth is 1
Handshake duration: 57.38 ms
Execution 469 - TLS Single
s_connection: verify depth is 1
Handshake duration: 3145.43 ms
Execution 470 - TLS Single
s_connection: verify depth is 1
Handshake duration: 1563.24 ms
Execution 471 - TLS Single
s_connection: verify depth is 1
Handshake duration: 6394.66 ms
Execution 472 - TLS Single
s_connection: verify depth is 1
Handshake duration: 852.52 ms
Execution 473 - TLS Single
s_connection: verify depth is 1
Handshake duration: 1872.28 ms
Execution 474 - TLS Single
s_connection: verify depth is 1
Handshake duration: 13282.91 ms
Execution 475 - TLS Single
s_connection: verify depth is 1
Handshake duration: 58.50 ms
Execution 476 - TLS Single
s_connection: verify depth is 1
Handshake duration: 650.18 ms
Execution 477 - TLS Single
s_connection: verify depth is 1
Handshake duration: 3806.68 ms
Execution 478 - TLS Single
s_connection: verify depth is 1
Handshake duration: 48.04 ms
Execution 479 - TLS Single
s_connection: verify depth is 1
Handshake duration: 3567.69 ms
Execution 480 - TLS Single
s_connection: verify depth is 1
Handshake duration: 452.86 ms
Execution 481 - TLS Single
s_connection: verify depth is 1
Handshake duration: 654.10 ms
Execution 482 - TLS Single
s_connection: verify depth is 1
Handshake duration: 1682.82 ms
Execution 483 - TLS Single
s_connection: verify depth is 1
Handshake duration: 1498.85 ms
Execution 484 - TLS Single
s_connection: verify depth is 1
Handshake duration: 62.95 ms
Execution 485 - TLS Single
s_connection: verify depth is 1
Handshake duration: 2775.21 ms
Execution 486 - TLS Single
s_connection: verify depth is 1
Handshake duration: 14300.88 ms
Execution 487 - TLS Single
s_connection: verify depth is 1
Handshake duration: 448.73 ms
Execution 488 - TLS Single
s_connection: verify depth is 1
Handshake duration: 2125.84 ms
Execution 489 - TLS Single
s_connection: verify depth is 1
Handshake duration: 58.58 ms
Execution 490 - TLS Single
s_connection: verify depth is 1
Handshake duration: 3632.15 ms
Execution 491 - TLS Single
s_connection: verify depth is 1
Handshake duration: 1956.66 ms
Execution 492 - TLS Single
s_connection: verify depth is 1
Handshake duration: 645.80 ms
Execution 493 - TLS Single
s_connection: verify depth is 1
Handshake duration: 452.36 ms
Execution 494 - TLS Single
s_connection: verify depth is 1
Handshake duration: 1532.83 ms
Execution 495 - TLS Single
s_connection: verify depth is 1
Handshake duration: 50.51 ms
Execution 496 - TLS Single
s_connection: verify depth is 1
Handshake duration: 1276.64 ms
Execution 497 - TLS Single
s_connection: verify depth is 1
Handshake duration: 445.12 ms
Execution 498 - TLS Single
s_connection: verify depth is 1
Handshake duration: 1679.96 ms
Execution 499 - TLS Single
s_connection: verify depth is 1
Handshake duration: 4039.97 ms
Execution 500 - TLS Single
s_connection: verify depth is 1
Handshake duration: 3164.14 ms
