Handshake timeout budget: 150s (identique TLS/QUIC)
Applying netem rules to lo...
Showing qdisc status for the interface: lo
qdisc netem 94df: root refcnt 2 limit 1000 seed 14190134139395465450
 Sent 0 bytes 0 pkt (dropped 0, overlimits 0 requeues 0) 
 backlog 0b 0p requeues 0
Running ./perftestClientTlsQuic.sh with SIG_ALG=mldsa87 and KEM_ALG=p521_mlkem1024
Execution 1 - TLS Single
s_connection: verify depth is 1
Handshake duration: 30052.45 ms
Execution 2 - TLS Single
s_connection: verify depth is 1
Handshake duration: 1700.30 ms
Execution 3 - TLS Single
s_connection: verify depth is 1
Handshake duration: 12.53 ms
Execution 4 - TLS Single
s_connection: verify depth is 1
Handshake duration: 1687.33 ms
Execution 5 - TLS Single
s_connection: verify depth is 1
Handshake duration: 423.37 ms
Execution 6 - TLS Single
s_connection: verify depth is 1
Handshake duration: 226.91 ms
Execution 7 - TLS Single
s_connection: verify depth is 1
Handshake duration: 12.04 ms
Execution 8 - TLS Single
s_connection: verify depth is 1
Handshake duration: 4611.19 ms
Execution 9 - TLS Single
s_connection: verify depth is 1
Handshake duration: 835.08 ms
Execution 10 - TLS Single
s_connection: verify depth is 1
Handshake duration: 623.63 ms
Execution 11 - TLS Single
s_connection: verify depth is 1
Handshake duration: 1645.45 ms
Execution 12 - TLS Single
s_connection: verify depth is 1
Handshake duration: 10.18 ms
Execution 13 - TLS Single
s_connection: verify depth is 1
Handshake duration: 4393.42 ms
Execution 14 - TLS Single
s_connection: verify depth is 1
Handshake duration: 10.21 ms
Execution 15 - TLS Single
s_connection: verify depth is 1
Handshake duration: 3099.41 ms
Execution 16 - TLS Single
s_connection: verify depth is 1
Handshake duration: 213.68 ms
Execution 17 - TLS Single
s_connection: verify depth is 1
Handshake duration: 17.46 ms
Execution 18 - TLS Single
s_connection: verify depth is 1
Handshake duration: 629.36 ms
Execution 19 - TLS Single
s_connection: verify depth is 1
Handshake duration: 3337.22 ms
Execution 20 - TLS Single
s_connection: verify depth is 1
Handshake duration: 9.67 ms
Execution 21 - TLS Single
s_connection: verify depth is 1
Handshake duration: 9730.68 ms
Execution 22 - TLS Single
s_connection: verify depth is 1
Handshake duration: 9.72 ms
Execution 23 - TLS Single
s_connection: verify depth is 1
Handshake duration: 3321.54 ms
Execution 24 - TLS Single
s_connection: verify depth is 1
Handshake duration: 624.23 ms
Execution 25 - TLS Single
s_connection: verify depth is 1
Handshake duration: 4094.88 ms
Execution 26 - TLS Single
s_connection: verify depth is 1
Handshake duration: 209.05 ms
Execution 27 - TLS Single
s_connection: verify depth is 1
Handshake duration: 1469.99 ms
Execution 28 - TLS Single
s_connection: verify depth is 1
Handshake duration: 215.50 ms
Execution 29 - TLS Single
s_connection: verify depth is 1
Handshake duration: 1860.38 ms
Execution 30 - TLS Single
s_connection: verify depth is 1
Handshake duration: 10.46 ms
Execution 31 - TLS Single
s_connection: verify depth is 1
Handshake duration: 18017.57 ms
Execution 32 - TLS Single
s_connection: verify depth is 1
Handshake duration: 1281.68 ms
Execution 33 - TLS Single
s_connection: verify depth is 1
Handshake duration: 425.94 ms
Execution 34 - TLS Single
s_connection: verify depth is 1
Handshake duration: 3916.40 ms
Execution 35 - TLS Single
s_connection: verify depth is 1
Handshake duration: 618.05 ms
Execution 36 - TLS Single
s_connection: verify depth is 1
Handshake duration: 223.66 ms
Execution 37 - TLS Single
s_connection: verify depth is 1
Handshake duration: 424.81 ms
Execution 38 - TLS Single
s_connection: verify depth is 1
Handshake duration: 1044.37 ms
Execution 39 - TLS Single
s_connection: verify depth is 1
Handshake duration: 6440.53 ms
Execution 40 - TLS Single
s_connection: verify depth is 1
Handshake duration: 1045.12 ms
Execution 41 - TLS Single
s_connection: verify depth is 1
Handshake duration: 4356.11 ms
Execution 42 - TLS Single
s_connection: verify depth is 1
Handshake duration: 3109.72 ms
Execution 43 - TLS Single
s_connection: verify depth is 1
Handshake duration: 6614.74 ms
Execution 44 - TLS Single
s_connection: verify depth is 1
Handshake duration: 1453.13 ms
Execution 45 - TLS Single
s_connection: verify depth is 1
Handshake duration: 624.55 ms
Execution 46 - TLS Single
s_connection: verify depth is 1
Handshake duration: 4774.13 ms
Execution 47 - TLS Single
s_connection: verify depth is 1
Handshake duration: 423.60 ms
Execution 48 - TLS Single
s_connection: verify depth is 1
Handshake duration: 7619.10 ms
Execution 49 - TLS Single
s_connection: verify depth is 1
Handshake duration: 1270.35 ms
Execution 50 - TLS Single
s_connection: verify depth is 1
Handshake duration: 1881.07 ms
Execution 51 - TLS Single
s_connection: verify depth is 1
Handshake duration: 2288.07 ms
Execution 52 - TLS Single
s_connection: verify depth is 1
Handshake duration: 11.97 ms
Execution 53 - TLS Single
s_connection: verify depth is 1
Handshake duration: 9.34 ms
Execution 54 - TLS Single
s_connection: verify depth is 1
Handshake duration: 420.85 ms
Execution 55 - TLS Single
s_connection: verify depth is 1
Handshake duration: 2075.50 ms
Execution 56 - TLS Single
s_connection: verify depth is 1
Handshake duration: 1073.17 ms
Execution 57 - TLS Single
s_connection: verify depth is 1
Handshake duration: 216.89 ms
Execution 58 - TLS Single
s_connection: verify depth is 1
Handshake duration: 827.27 ms
Execution 59 - TLS Single
s_connection: verify depth is 1
Handshake duration: 4350.81 ms
Execution 60 - TLS Single
s_connection: verify depth is 1
Handshake duration: 423.68 ms
Execution 61 - TLS Single
s_connection: verify depth is 1
Handshake duration: 1447.82 ms
Execution 62 - TLS Single
s_connection: verify depth is 1
Handshake duration: 5194.67 ms
Execution 63 - TLS Single
s_connection: verify depth is 1
Handshake duration: 1228.38 ms
Execution 64 - TLS Single
s_connection: verify depth is 1
Handshake duration: 230.09 ms
Execution 65 - TLS Single
s_connection: verify depth is 1
Handshake duration: 4184.27 ms
Execution 66 - TLS Single
s_connection: verify depth is 1
Handshake duration: 1694.59 ms
Execution 67 - TLS Single
s_connection: verify depth is 1
Handshake duration: 829.51 ms
Execution 68 - TLS Single
s_connection: verify depth is 1
Handshake duration: 14055.51 ms
Execution 69 - TLS Single
s_connection: verify depth is 1
Handshake duration: 4526.50 ms
Execution 70 - TLS Single
s_connection: verify depth is 1
Handshake duration: 625.02 ms
Execution 71 - TLS Single
s_connection: verify depth is 1
Handshake duration: 2925.73 ms
Execution 72 - TLS Single
s_connection: verify depth is 1
Handshake duration: 7470.48 ms
Execution 73 - TLS Single
s_connection: verify depth is 1
Handshake duration: 3305.37 ms
Execution 74 - TLS Single
s_connection: verify depth is 1
Handshake duration: 2871.22 ms
Execution 75 - TLS Single
s_connection: verify depth is 1
Handshake duration: 4338.99 ms
Execution 76 - TLS Single
s_connection: verify depth is 1
Handshake duration: 219.18 ms
Execution 77 - TLS Single
s_connection: verify depth is 1
Handshake duration: 3756.43 ms
Execution 78 - TLS Single
s_connection: verify depth is 1
Handshake duration: 216.43 ms
Execution 79 - TLS Single
s_connection: verify depth is 1
Handshake duration: 10.86 ms
Execution 80 - TLS Single
s_connection: verify depth is 1
Handshake duration: 1889.84 ms
Execution 81 - TLS Single
s_connection: verify depth is 1
Handshake duration: 10.27 ms
Execution 82 - TLS Single
s_connection: verify depth is 1
Handshake duration: 216.74 ms
Execution 83 - TLS Single
s_connection: verify depth is 1
Handshake duration: 1891.62 ms
Execution 84 - TLS Single
s_connection: verify depth is 1
Handshake duration: 827.24 ms
Execution 85 - TLS Single
s_connection: verify depth is 1
Handshake duration: 1277.08 ms
Execution 86 - TLS Single
s_connection: verify depth is 1
Handshake duration: 3727.94 ms
Execution 87 - TLS Single
s_connection: verify depth is 1
Handshake duration: 421.68 ms
Execution 88 - TLS Single
s_connection: verify depth is 1
Handshake duration: 1250.87 ms
Execution 89 - TLS Single
s_connection: verify depth is 1
Handshake duration: 8456.40 ms
Execution 90 - TLS Single
s_connection: verify depth is 1
Handshake duration: 1637.47 ms
Execution 91 - TLS Single
s_connection: verify depth is 1
Handshake duration: 223.17 ms
Execution 92 - TLS Single
s_connection: verify depth is 1
Handshake duration: 15.04 ms
Execution 93 - TLS Single
s_connection: verify depth is 1
Handshake duration: 5161.76 ms
Execution 94 - TLS Single
s_connection: verify depth is 1
Handshake duration: 2539.95 ms
Execution 95 - TLS Single
s_connection: verify depth is 1
Handshake duration: 8.97 ms
Execution 96 - TLS Single
s_connection: verify depth is 1
Handshake duration: 2919.26 ms
Execution 97 - TLS Single
s_connection: verify depth is 1
Handshake duration: 18.13 ms
Execution 98 - TLS Single
s_connection: verify depth is 1
Handshake duration: 829.86 ms
Execution 99 - TLS Single
s_connection: verify depth is 1
Handshake duration: 3309.70 ms
Execution 100 - TLS Single
s_connection: verify depth is 1
Handshake duration: 1247.06 ms
Execution 101 - TLS Single
s_connection: verify depth is 1
Handshake duration: 7840.63 ms
Execution 102 - TLS Single
s_connection: verify depth is 1
Handshake duration: 13847.59 ms
Execution 103 - TLS Single
s_connection: verify depth is 1
Handshake duration: 1865.20 ms
Execution 104 - TLS Single
s_connection: verify depth is 1
Handshake duration: 4758.85 ms
Execution 105 - TLS Single
s_connection: verify depth is 1
Handshake duration: 210.43 ms
Execution 106 - TLS Single
s_connection: verify depth is 1
Handshake duration: 30421.00 ms
Execution 107 - TLS Single
s_connection: verify depth is 1
Handshake duration: 16.97 ms
Execution 108 - TLS Single
s_connection: verify depth is 1
Handshake duration: 12.06 ms
Execution 109 - TLS Single
s_connection: verify depth is 1
Handshake duration: 11578.23 ms
Execution 110 - TLS Single
s_connection: verify depth is 1
Handshake duration: NaN ms  (client-side timeout after 150s)
Execution 111 - TLS Single
s_connection: verify depth is 1
Handshake duration: 1073.99 ms
Execution 112 - TLS Single
s_connection: verify depth is 1
Handshake duration: 1905.05 ms
Execution 113 - TLS Single
s_connection: verify depth is 1
Handshake duration: 2100.68 ms
Execution 114 - TLS Single
s_connection: verify depth is 1
Handshake duration: 216.46 ms
Execution 115 - TLS Single
s_connection: verify depth is 1
Handshake duration: 3768.58 ms
Execution 116 - TLS Single
s_connection: verify depth is 1
Handshake duration: 2308.75 ms
Execution 117 - TLS Single
s_connection: verify depth is 1
Handshake duration: 6231.53 ms
Execution 118 - TLS Single
s_connection: verify depth is 1
Handshake duration: 9151.19 ms
Execution 119 - TLS Single
s_connection: verify depth is 1
Handshake duration: 1270.83 ms
Execution 120 - TLS Single
s_connection: verify depth is 1
Handshake duration: 6488.13 ms
Execution 121 - TLS Single
s_connection: verify depth is 1
Handshake duration: 10.12 ms
Execution 122 - TLS Single
s_connection: verify depth is 1
Handshake duration: 4137.77 ms
Execution 123 - TLS Single
s_connection: verify depth is 1
Handshake duration: 14495.64 ms
Execution 124 - TLS Single
s_connection: verify depth is 1
Handshake duration: 6383.16 ms
Execution 125 - TLS Single
s_connection: verify depth is 1
Handshake duration: 1899.20 ms
