Handshake timeout budget: 150s (identique TLS/QUIC)
Applying netem rules to lo...
Showing qdisc status for the interface: lo
qdisc netem 8123: root refcnt 2 limit 1000 seed 17316876100591994924
 Sent 0 bytes 0 pkt (dropped 0, overlimits 0 requeues 0) 
 backlog 0b 0p requeues 0
Running ./perftestClientTlsQuic.sh with SIG_ALG=secp384r1 and KEM_ALG=P-384
Execution 1 - TLS Single
s_connection: verify depth is 1
ERROR
4017D83619790000:error:80000071:system library:BIO_connect:No route to host:crypto/bio/bio_sock2.c:178:calling connect()
4017D83619790000:error:10000067:BIO routines:BIO_connect:connect error:crypto/bio/bio_sock2.c:180:
4017D83619790000:error:80000071:system library:conn_state:No route to host:crypto/bio/bss_conn.c:215:calling connect(172.18.0.2, 4433)
4017D83619790000:error:10000067:BIO routines:conn_state:connect error:crypto/bio/bss_conn.c:268:
Handshake duration: NaN ms  (client-side timeout after 150s)
Execution 2 - TLS Single
s_connection: verify depth is 1
ERROR
4017B8C688760000:error:80000071:system library:BIO_connect:No route to host:crypto/bio/bio_sock2.c:178:calling connect()
4017B8C688760000:error:10000067:BIO routines:BIO_connect:connect error:crypto/bio/bio_sock2.c:180:
4017B8C688760000:error:80000071:system library:conn_state:No route to host:crypto/bio/bss_conn.c:215:calling connect(172.18.0.2, 4433)
4017B8C688760000:error:10000067:BIO routines:conn_state:connect error:crypto/bio/bss_conn.c:268:
Handshake duration: NaN ms  (client-side timeout after 150s)
Execution 3 - TLS Single
s_connection: verify depth is 1
ERROR
409718771A720000:error:80000071:system library:BIO_connect:No route to host:crypto/bio/bio_sock2.c:178:calling connect()
409718771A720000:error:10000067:BIO routines:BIO_connect:connect error:crypto/bio/bio_sock2.c:180:
409718771A720000:error:80000071:system library:conn_state:No route to host:crypto/bio/bss_conn.c:215:calling connect(172.18.0.2, 4433)
409718771A720000:error:10000067:BIO routines:conn_state:connect error:crypto/bio/bss_conn.c:268:
Handshake duration: NaN ms  (client-side timeout after 150s)
Execution 4 - TLS Single
s_connection: verify depth is 1
Handshake duration: 2498.42 ms
Execution 5 - TLS Single
s_connection: verify depth is 1
Handshake duration: 13.20 ms
Execution 6 - TLS Single
s_connection: verify depth is 1
Handshake duration: 6.92 ms
Execution 7 - TLS Single
s_connection: verify depth is 1
Handshake duration: 2885.74 ms
Execution 8 - TLS Single
s_connection: verify depth is 1
Handshake duration: 9.97 ms
Execution 9 - TLS Single
s_connection: verify depth is 1
Handshake duration: 7.84 ms
Execution 10 - TLS Single
s_connection: verify depth is 1
Handshake duration: 4.77 ms
Execution 11 - TLS Single
s_connection: verify depth is 1
Handshake duration: 3.70 ms
Execution 12 - TLS Single
s_connection: verify depth is 1
Handshake duration: 1046.85 ms
Execution 13 - TLS Single
s_connection: verify depth is 1
Handshake duration: 4.53 ms
Execution 14 - TLS Single
s_connection: verify depth is 1
Handshake duration: 2083.71 ms
Execution 15 - TLS Single
s_connection: verify depth is 1
Handshake duration: 1647.36 ms
Execution 16 - TLS Single
s_connection: verify depth is 1
Handshake duration: 219.14 ms
Execution 17 - TLS Single
s_connection: verify depth is 1
Handshake duration: 1018.48 ms
Execution 18 - TLS Single
s_connection: verify depth is 1
Handshake duration: 1261.59 ms
Execution 19 - TLS Single
s_connection: verify depth is 1
Handshake duration: 1036.45 ms
Execution 20 - TLS Single
s_connection: verify depth is 1
Handshake duration: 425.45 ms
Execution 21 - TLS Single
s_connection: verify depth is 1
Handshake duration: 11244.10 ms
Execution 22 - TLS Single
s_connection: verify depth is 1
Handshake duration: 5.08 ms
Execution 23 - TLS Single
s_connection: verify depth is 1
Handshake duration: 4.10 ms
Execution 24 - TLS Single
s_connection: verify depth is 1
Handshake duration: 4.07 ms
Execution 25 - TLS Single
s_connection: verify depth is 1
Handshake duration: 1038.71 ms
Execution 26 - TLS Single
s_connection: verify depth is 1
Handshake duration: 5.35 ms
Execution 27 - TLS Single
s_connection: verify depth is 1
Handshake duration: 1467.08 ms
Execution 28 - TLS Single
s_connection: verify depth is 1
Handshake duration: 218.81 ms
Execution 29 - TLS Single
s_connection: verify depth is 1
Handshake duration: 1051.06 ms
Execution 30 - TLS Single
s_connection: verify depth is 1
Handshake duration: 426.12 ms
Execution 31 - TLS Single
s_connection: verify depth is 1
Handshake duration: 420.20 ms
Execution 32 - TLS Single
s_connection: verify depth is 1
Handshake duration: 5168.90 ms
Execution 33 - TLS Single
s_connection: verify depth is 1
Handshake duration: 4.70 ms
Execution 34 - TLS Single
s_connection: verify depth is 1
Handshake duration: 1061.28 ms
Execution 35 - TLS Single
s_connection: verify depth is 1
Handshake duration: 3.94 ms
Execution 36 - TLS Single
s_connection: verify depth is 1
Handshake duration: 1058.74 ms
Execution 37 - TLS Single
s_connection: verify depth is 1
Handshake duration: 1075.14 ms
Execution 38 - TLS Single
s_connection: verify depth is 1
Handshake duration: 6.32 ms
Execution 39 - TLS Single
s_connection: verify depth is 1
Handshake duration: 212.23 ms
Execution 40 - TLS Single
s_connection: verify depth is 1
Handshake duration: 1068.60 ms
Execution 41 - TLS Single
s_connection: verify depth is 1
Handshake duration: 1052.52 ms
Execution 42 - TLS Single
s_connection: verify depth is 1
Handshake duration: 4.56 ms
Execution 43 - TLS Single
s_connection: verify depth is 1
Handshake duration: 216.14 ms
Execution 44 - TLS Single
s_connection: verify depth is 1
Handshake duration: 13.14 ms
Execution 45 - TLS Single
s_connection: verify depth is 1
Handshake duration: 7.24 ms
Execution 46 - TLS Single
s_connection: verify depth is 1
Handshake duration: 418.35 ms
Execution 47 - TLS Single
s_connection: verify depth is 1
Handshake duration: 4.69 ms
Execution 48 - TLS Single
s_connection: verify depth is 1
Handshake duration: 7214.13 ms
Execution 49 - TLS Single
s_connection: verify depth is 1
Handshake duration: 416.79 ms
Execution 50 - TLS Single
s_connection: verify depth is 1
Handshake duration: 9.82 ms
Execution 51 - TLS Single
s_connection: verify depth is 1
Handshake duration: 1051.51 ms
Execution 52 - TLS Single
s_connection: verify depth is 1
Handshake duration: 4.57 ms
Execution 53 - TLS Single
s_connection: verify depth is 1
Handshake duration: 3107.80 ms
Execution 54 - TLS Single
s_connection: verify depth is 1
Handshake duration: 4.36 ms
Execution 55 - TLS Single
s_connection: verify depth is 1
Handshake duration: 19617.51 ms
Execution 56 - TLS Single
s_connection: verify depth is 1
Handshake duration: 4347.28 ms
Execution 57 - TLS Single
s_connection: verify depth is 1
Handshake duration: 2073.33 ms
Execution 58 - TLS Single
s_connection: verify depth is 1
Handshake duration: 416.19 ms
Execution 59 - TLS Single
s_connection: verify depth is 1
Handshake duration: 1449.31 ms
Execution 60 - TLS Single
s_connection: verify depth is 1
Handshake duration: 3100.28 ms
Execution 61 - TLS Single
s_connection: verify depth is 1
Handshake duration: 9.13 ms
Execution 62 - TLS Single
s_connection: verify depth is 1
Handshake duration: 830.73 ms
Execution 63 - TLS Single
s_connection: verify depth is 1
Handshake duration: 3110.23 ms
Execution 64 - TLS Single
s_connection: verify depth is 1
Handshake duration: 1640.89 ms
Execution 65 - TLS Single
s_connection: verify depth is 1
Handshake duration: 13.13 ms
Execution 66 - TLS Single
s_connection: verify depth is 1
Handshake duration: 428.73 ms
Execution 67 - TLS Single
s_connection: verify depth is 1
Handshake duration: 7.82 ms
Execution 68 - TLS Single
s_connection: verify depth is 1
Handshake duration: 5.25 ms
Execution 69 - TLS Single
s_connection: verify depth is 1
Handshake duration: 1023.79 ms
Execution 70 - TLS Single
s_connection: verify depth is 1
Handshake duration: 1019.54 ms
Execution 71 - TLS Single
s_connection: verify depth is 1
Handshake duration: 1042.15 ms
Execution 72 - TLS Single
s_connection: verify depth is 1
Handshake duration: 221.00 ms
Execution 73 - TLS Single
s_connection: verify depth is 1
Handshake duration: 8.71 ms
Execution 74 - TLS Single
s_connection: verify depth is 1
Handshake duration: 5.26 ms
Execution 75 - TLS Single
s_connection: verify depth is 1
Handshake duration: 213.41 ms
Execution 76 - TLS Single
s_connection: verify depth is 1
Handshake duration: 832.94 ms
Execution 77 - TLS Single
s_connection: verify depth is 1
Handshake duration: 825.03 ms
Execution 78 - TLS Single
s_connection: verify depth is 1
Handshake duration: 835.21 ms
Execution 79 - TLS Single
s_connection: verify depth is 1
Handshake duration: 834.06 ms
Execution 80 - TLS Single
s_connection: verify depth is 1
Handshake duration: 7.55 ms
Execution 81 - TLS Single
s_connection: verify depth is 1
Handshake duration: 1061.10 ms
Execution 82 - TLS Single
s_connection: verify depth is 1
Handshake duration: 6.82 ms
Execution 83 - TLS Single
s_connection: verify depth is 1
Handshake duration: 4.39 ms
Execution 84 - TLS Single
s_connection: verify depth is 1
Handshake duration: 4.47 ms
Execution 85 - TLS Single
s_connection: verify depth is 1
Handshake duration: 217.24 ms
Execution 86 - TLS Single
s_connection: verify depth is 1
Handshake duration: 1221.63 ms
Execution 87 - TLS Single
s_connection: verify depth is 1
Handshake duration: 831.28 ms
Execution 88 - TLS Single
s_connection: verify depth is 1
Handshake duration: 7.33 ms
Execution 89 - TLS Single
s_connection: verify depth is 1
Handshake duration: 5.00 ms
Execution 90 - TLS Single
s_connection: verify depth is 1
Handshake duration: 208.58 ms
Execution 91 - TLS Single
s_connection: verify depth is 1
Handshake duration: 424.19 ms
Execution 92 - TLS Single
s_connection: verify depth is 1
Handshake duration: 1037.16 ms
Execution 93 - TLS Single
s_connection: verify depth is 1
Handshake duration: 5.12 ms
Execution 94 - TLS Single
s_connection: verify depth is 1
Handshake duration: 5.07 ms
Execution 95 - TLS Single
s_connection: verify depth is 1
Handshake duration: 5.50 ms
Execution 96 - TLS Single
s_connection: verify depth is 1
Handshake duration: 1020.37 ms
Execution 97 - TLS Single
s_connection: verify depth is 1
Handshake duration: 7.83 ms
Execution 98 - TLS Single
s_connection: verify depth is 1
Handshake duration: 215.49 ms
Execution 99 - TLS Single
s_connection: verify depth is 1
Handshake duration: 1029.61 ms
Execution 100 - TLS Single
s_connection: verify depth is 1
Handshake duration: 220.92 ms
Execution 101 - TLS Single
s_connection: verify depth is 1
Handshake duration: 216.07 ms
Execution 102 - TLS Single
s_connection: verify depth is 1
Handshake duration: 7.16 ms
Execution 103 - TLS Single
s_connection: verify depth is 1
Handshake duration: 1039.52 ms
Execution 104 - TLS Single
s_connection: verify depth is 1
Handshake duration: 10520.52 ms
Execution 105 - TLS Single
s_connection: verify depth is 1
Handshake duration: 7.40 ms
Execution 106 - TLS Single
s_connection: verify depth is 1
Handshake duration: 1034.14 ms
Execution 107 - TLS Single
s_connection: verify depth is 1
Handshake duration: 1269.18 ms
Execution 108 - TLS Single
s_connection: verify depth is 1
Handshake duration: 425.14 ms
Execution 109 - TLS Single
s_connection: verify depth is 1
Handshake duration: 220.10 ms
Execution 110 - TLS Single
s_connection: verify depth is 1
Handshake duration: 223.46 ms
Execution 111 - TLS Single
s_connection: verify depth is 1
Handshake duration: 18.48 ms
Execution 112 - TLS Single
s_connection: verify depth is 1
Handshake duration: 7.59 ms
Execution 113 - TLS Single
s_connection: verify depth is 1
Handshake duration: 6.28 ms
Execution 114 - TLS Single
s_connection: verify depth is 1
Handshake duration: 209.30 ms
Execution 115 - TLS Single
s_connection: verify depth is 1
Handshake duration: 831.86 ms
Execution 116 - TLS Single
s_connection: verify depth is 1
Handshake duration: 214.14 ms
Execution 117 - TLS Single
s_connection: verify depth is 1
Handshake duration: 1049.63 ms
Execution 118 - TLS Single
s_connection: verify depth is 1
Handshake duration: 5.13 ms
Execution 119 - TLS Single
s_connection: verify depth is 1
Handshake duration: 212.10 ms
Execution 120 - TLS Single
s_connection: verify depth is 1
Handshake duration: 6.16 ms
Execution 121 - TLS Single
s_connection: verify depth is 1
Handshake duration: 1694.96 ms
Execution 122 - TLS Single
s_connection: verify depth is 1
Handshake duration: 4144.49 ms
Execution 123 - TLS Single
s_connection: verify depth is 1
Handshake duration: 5.50 ms
Execution 124 - TLS Single
s_connection: verify depth is 1
Handshake duration: 423.56 ms
Execution 125 - TLS Single
s_connection: verify depth is 1
Handshake duration: 2056.88 ms
