Handshake timeout budget: 150s (identique TLS/QUIC)
Applying netem rules to lo...
Showing qdisc status for the interface: lo
qdisc netem 94f7: root refcnt 2 limit 1000 seed 859744794061761149
 Sent 0 bytes 0 pkt (dropped 0, overlimits 0 requeues 0) 
 backlog 0b 0p requeues 0
Running ./perftestClientTlsQuic.sh with SIG_ALG=secp521r1 and KEM_ALG=hqc256
Execution 1 - TLS Single
s_connection: verify depth is 1
Handshake duration: 13084.89 ms
Execution 2 - TLS Single
s_connection: verify depth is 1
Handshake duration: 3042.24 ms
Execution 3 - TLS Single
s_connection: verify depth is 1
Handshake duration: 911.49 ms
Execution 4 - TLS Single
s_connection: verify depth is 1
Handshake duration: 261.58 ms
Execution 5 - TLS Single
s_connection: verify depth is 1
Handshake duration: 16611.35 ms
Execution 6 - TLS Single
s_connection: verify depth is 1
Handshake duration: 704.21 ms
Execution 7 - TLS Single
s_connection: verify depth is 1
Handshake duration: 81.49 ms
Execution 8 - TLS Single
s_connection: verify depth is 1
Handshake duration: 4417.06 ms
Execution 9 - TLS Single
s_connection: verify depth is 1
Handshake duration: 81.82 ms
Execution 10 - TLS Single
s_connection: verify depth is 1
Handshake duration: 80.36 ms
Execution 11 - TLS Single
s_connection: verify depth is 1
Handshake duration: 7909.01 ms
Execution 12 - TLS Single
s_connection: verify depth is 1
Handshake duration: 52776.51 ms
Execution 13 - TLS Single
s_connection: verify depth is 1
Handshake duration: 4405.21 ms
Execution 14 - TLS Single
s_connection: verify depth is 1
Handshake duration: 1540.01 ms
Execution 15 - TLS Single
s_connection: verify depth is 1
Handshake duration: 320.93 ms
Execution 16 - TLS Single
s_connection: verify depth is 1
Handshake duration: 252.53 ms
Execution 17 - TLS Single
s_connection: verify depth is 1
Handshake duration: 90.69 ms
Execution 18 - TLS Single
s_connection: verify depth is 1
Handshake duration: 1170.14 ms
Execution 19 - TLS Single
s_connection: verify depth is 1
Handshake duration: 80.58 ms
Execution 20 - TLS Single
s_connection: verify depth is 1
Handshake duration: 80.09 ms
Execution 21 - TLS Single
s_connection: verify depth is 1
Handshake duration: 31273.82 ms
Execution 22 - TLS Single
s_connection: verify depth is 1
Handshake duration: 324.17 ms
Execution 23 - TLS Single
s_connection: verify depth is 1
Handshake duration: 1351.45 ms
Execution 24 - TLS Single
s_connection: verify depth is 1
Handshake duration: 3443.74 ms
Execution 25 - TLS Single
s_connection: verify depth is 1
Handshake duration: 254.84 ms
Execution 26 - TLS Single
s_connection: verify depth is 1
Handshake duration: 1710.56 ms
Execution 27 - TLS Single
s_connection: verify depth is 1
Handshake duration: 8363.26 ms
Execution 28 - TLS Single
s_connection: verify depth is 1
Handshake duration: 1533.17 ms
Execution 29 - TLS Single
s_connection: verify depth is 1
Handshake duration: 461.14 ms
Execution 30 - TLS Single
s_connection: verify depth is 1
Handshake duration: 885.98 ms
Execution 31 - TLS Single
s_connection: verify depth is 1
Handshake duration: 742.48 ms
Execution 32 - TLS Single
s_connection: verify depth is 1
Handshake duration: 80.32 ms
Execution 33 - TLS Single
s_connection: verify depth is 1
Handshake duration: 706.04 ms
Execution 34 - TLS Single
s_connection: verify depth is 1
Handshake duration: 1805.10 ms
Execution 35 - TLS Single
s_connection: verify depth is 1
Handshake duration: 81.76 ms
Execution 36 - TLS Single
s_connection: verify depth is 1
Handshake duration: 80.31 ms
Execution 37 - TLS Single
s_connection: verify depth is 1
Handshake duration: 80.65 ms
Execution 38 - TLS Single
s_connection: verify depth is 1
Handshake duration: 80.61 ms
Execution 39 - TLS Single
s_connection: verify depth is 1
Handshake duration: 324.42 ms
Execution 40 - TLS Single
s_connection: verify depth is 1
Handshake duration: 732.59 ms
Execution 41 - TLS Single
s_connection: verify depth is 1
Handshake duration: 3368.01 ms
Execution 42 - TLS Single
s_connection: verify depth is 1
Handshake duration: 317.50 ms
Execution 43 - TLS Single
s_connection: verify depth is 1
Handshake duration: 81.92 ms
Execution 44 - TLS Single
s_connection: verify depth is 1
Handshake duration: 1740.68 ms
Execution 45 - TLS Single
s_connection: verify depth is 1
Handshake duration: 82.02 ms
Execution 46 - TLS Single
s_connection: verify depth is 1
Handshake duration: 81.06 ms
Execution 47 - TLS Single
s_connection: verify depth is 1
Handshake duration: 1125.83 ms
Execution 48 - TLS Single
s_connection: verify depth is 1
Handshake duration: 1968.31 ms
Execution 49 - TLS Single
s_connection: verify depth is 1
Handshake duration: 1077.26 ms
Execution 50 - TLS Single
s_connection: verify depth is 1
Handshake duration: 341.81 ms
Execution 51 - TLS Single
s_connection: verify depth is 1
Handshake duration: 1598.40 ms
Execution 52 - TLS Single
s_connection: verify depth is 1
Handshake duration: 5659.87 ms
Execution 53 - TLS Single
s_connection: verify depth is 1
Handshake duration: 13414.77 ms
Execution 54 - TLS Single
s_connection: verify depth is 1
Handshake duration: 81.66 ms
Execution 55 - TLS Single
s_connection: verify depth is 1
Handshake duration: 80.38 ms
Execution 56 - TLS Single
s_connection: verify depth is 1
Handshake duration: 80.10 ms
Execution 57 - TLS Single
s_connection: verify depth is 1
Handshake duration: 2379.92 ms
Execution 58 - TLS Single
s_connection: verify depth is 1
Handshake duration: 1582.85 ms
Execution 59 - TLS Single
s_connection: verify depth is 1
Handshake duration: 8764.65 ms
Execution 60 - TLS Single
s_connection: verify depth is 1
Handshake duration: 4885.07 ms
Execution 61 - TLS Single
s_connection: verify depth is 1
Handshake duration: 870.23 ms
Execution 62 - TLS Single
s_connection: verify depth is 1
Handshake duration: 1129.24 ms
Execution 63 - TLS Single
s_connection: verify depth is 1
Handshake duration: 4754.73 ms
Execution 64 - TLS Single
s_connection: verify depth is 1
Handshake duration: 1106.77 ms
Execution 65 - TLS Single
s_connection: verify depth is 1
Handshake duration: 3006.45 ms
Execution 66 - TLS Single
s_connection: verify depth is 1
Handshake duration: 82.86 ms
Execution 67 - TLS Single
s_connection: verify depth is 1
Handshake duration: 109870.22 ms
Execution 68 - TLS Single
s_connection: verify depth is 1
Handshake duration: 326.36 ms
Execution 69 - TLS Single
s_connection: verify depth is 1
Handshake duration: 106357.50 ms
Execution 70 - TLS Single
s_connection: verify depth is 1
Handshake duration: 1531.62 ms
Execution 71 - TLS Single
s_connection: verify depth is 1
Handshake duration: 5172.52 ms
Execution 72 - TLS Single
s_connection: verify depth is 1
Handshake duration: 4863.10 ms
Execution 73 - TLS Single
s_connection: verify depth is 1
Handshake duration: 1573.46 ms
Execution 74 - TLS Single
s_connection: verify depth is 1
Handshake duration: 1270.02 ms
Execution 75 - TLS Single
s_connection: verify depth is 1
Handshake duration: 2841.58 ms
Execution 76 - TLS Single
s_connection: verify depth is 1
Handshake duration: 1335.67 ms
Execution 77 - TLS Single
s_connection: verify depth is 1
Handshake duration: 19330.39 ms
Execution 78 - TLS Single
s_connection: verify depth is 1
Handshake duration: 3562.09 ms
Execution 79 - TLS Single
s_connection: verify depth is 1
Handshake duration: 1519.03 ms
Execution 80 - TLS Single
s_connection: verify depth is 1
Handshake duration: 1523.02 ms
Execution 81 - TLS Single
s_connection: verify depth is 1
Handshake duration: 301.80 ms
Execution 82 - TLS Single
s_connection: verify depth is 1
Handshake duration: 14842.33 ms
Execution 83 - TLS Single
s_connection: verify depth is 1
Handshake duration: 320.32 ms
Execution 84 - TLS Single
s_connection: verify depth is 1
Handshake duration: 31746.49 ms
Execution 85 - TLS Single
s_connection: verify depth is 1
Handshake duration: 1565.85 ms
Execution 86 - TLS Single
s_connection: verify depth is 1
Handshake duration: 1325.92 ms
Execution 87 - TLS Single
s_connection: verify depth is 1
Handshake duration: 466.22 ms
Execution 88 - TLS Single
s_connection: verify depth is 1
Handshake duration: 2382.60 ms
Execution 89 - TLS Single
s_connection: verify depth is 1
Handshake duration: 1120.97 ms
Execution 90 - TLS Single
s_connection: verify depth is 1
Handshake duration: 79.88 ms
Execution 91 - TLS Single
s_connection: verify depth is 1
Handshake duration: 3778.84 ms
Execution 92 - TLS Single
s_connection: verify depth is 1
Handshake duration: 7469.26 ms
Execution 93 - TLS Single
s_connection: verify depth is 1
Handshake duration: 85.18 ms
Execution 94 - TLS Single
s_connection: verify depth is 1
Handshake duration: 80.35 ms
Execution 95 - TLS Single
s_connection: verify depth is 1
Handshake duration: 79.76 ms
Execution 96 - TLS Single
s_connection: verify depth is 1
Handshake duration: 80.35 ms
Execution 97 - TLS Single
s_connection: verify depth is 1
Handshake duration: 510.72 ms
Execution 98 - TLS Single
s_connection: verify depth is 1
Handshake duration: 81.56 ms
Execution 99 - TLS Single
s_connection: verify depth is 1
Handshake duration: 1954.93 ms
Execution 100 - TLS Single
s_connection: verify depth is 1
Handshake duration: 4636.90 ms
Execution 101 - TLS Single
s_connection: verify depth is 1
Handshake duration: 3653.18 ms
Execution 102 - TLS Single
s_connection: verify depth is 1
Handshake duration: 81.14 ms
Execution 103 - TLS Single
s_connection: verify depth is 1
Handshake duration: 80.76 ms
Execution 104 - TLS Single
s_connection: verify depth is 1
Handshake duration: 31166.65 ms
Execution 105 - TLS Single
s_connection: verify depth is 1
Handshake duration: 3027.78 ms
Execution 106 - TLS Single
s_connection: verify depth is 1
Handshake duration: 79.61 ms
Execution 107 - TLS Single
s_connection: verify depth is 1
Handshake duration: 79.60 ms
Execution 108 - TLS Single
s_connection: verify depth is 1
Handshake duration: 2172.35 ms
Execution 109 - TLS Single
s_connection: verify depth is 1
Handshake duration: 2957.17 ms
Execution 110 - TLS Single
s_connection: verify depth is 1
Handshake duration: 708.77 ms
Execution 111 - TLS Single
s_connection: verify depth is 1
Handshake duration: 1571.12 ms
Execution 112 - TLS Single
s_connection: verify depth is 1
Handshake duration: 1744.53 ms
Execution 113 - TLS Single
s_connection: verify depth is 1
Handshake duration: 83.07 ms
Execution 114 - TLS Single
s_connection: verify depth is 1
Handshake duration: 533.80 ms
Execution 115 - TLS Single
s_connection: verify depth is 1
Handshake duration: 297.21 ms
Execution 116 - TLS Single
s_connection: verify depth is 1
Handshake duration: 82.55 ms
Execution 117 - TLS Single
s_connection: verify depth is 1
Handshake duration: 107970.65 ms
Execution 118 - TLS Single
s_connection: verify depth is 1
Handshake duration: 80.18 ms
Execution 119 - TLS Single
s_connection: verify depth is 1
Handshake duration: 30801.47 ms
Execution 120 - TLS Single
s_connection: verify depth is 1
Handshake duration: 4259.83 ms
Execution 121 - TLS Single
s_connection: verify depth is 1
Handshake duration: 81.83 ms
Execution 122 - TLS Single
s_connection: verify depth is 1
Handshake duration: 874.27 ms
Execution 123 - TLS Single
s_connection: verify depth is 1
Handshake duration: 259.66 ms
Execution 124 - TLS Single
s_connection: verify depth is 1
Handshake duration: 2590.19 ms
Execution 125 - TLS Single
s_connection: verify depth is 1
Handshake duration: 3604.45 ms
