Handshake timeout budget: 150s (identique TLS/QUIC)
Applying netem rules to lo...
Showing qdisc status for the interface: lo
qdisc netem 9de0: root refcnt 2 limit 1000 seed 10344566565524345679
 Sent 0 bytes 0 pkt (dropped 0, overlimits 0 requeues 0) 
 backlog 0b 0p requeues 0
Running ./perftestClientTlsQuic.sh with SIG_ALG=mldsa65 and KEM_ALG=p384_mlkem768
Execution 1 - TLS Single
s_connection: verify depth is 1
Handshake duration: 4966.35 ms
Execution 2 - TLS Single
s_connection: verify depth is 1
Handshake duration: 3473.64 ms
Execution 3 - TLS Single
s_connection: verify depth is 1
Handshake duration: 1031.20 ms
Execution 4 - TLS Single
s_connection: verify depth is 1
Handshake duration: 837.35 ms
Execution 5 - TLS Single
s_connection: verify depth is 1
Handshake duration: 17806.87 ms
Execution 6 - TLS Single
s_connection: verify depth is 1
Handshake duration: 3123.71 ms
Execution 7 - TLS Single
s_connection: verify depth is 1
Handshake duration: 1283.93 ms
Execution 8 - TLS Single
s_connection: verify depth is 1
Handshake duration: 3745.74 ms
Execution 9 - TLS Single
s_connection: verify depth is 1
Handshake duration: 425.58 ms
Execution 10 - TLS Single
s_connection: verify depth is 1
Handshake duration: 1662.29 ms
Execution 11 - TLS Single
s_connection: verify depth is 1
Handshake duration: 213.81 ms
Execution 12 - TLS Single
s_connection: verify depth is 1
Handshake duration: 2267.91 ms
Execution 13 - TLS Single
s_connection: verify depth is 1
Handshake duration: 6628.87 ms
Execution 14 - TLS Single
s_connection: verify depth is 1
Handshake duration: 17787.82 ms
Execution 15 - TLS Single
s_connection: verify depth is 1
Handshake duration: 12.42 ms
Execution 16 - TLS Single
s_connection: verify depth is 1
Handshake duration: 1462.46 ms
Execution 17 - TLS Single
s_connection: verify depth is 1
Handshake duration: 5207.50 ms
Execution 18 - TLS Single
s_connection: verify depth is 1
Handshake duration: 13251.73 ms
Execution 19 - TLS Single
s_connection: verify depth is 1
Handshake duration: 422.88 ms
Execution 20 - TLS Single
s_connection: verify depth is 1
Handshake duration: 220.57 ms
Execution 21 - TLS Single
s_connection: verify depth is 1
Handshake duration: 2061.75 ms
Execution 22 - TLS Single
s_connection: verify depth is 1
Handshake duration: 7997.58 ms
Execution 23 - TLS Single
s_connection: verify depth is 1
Handshake duration: 14774.12 ms
Execution 24 - TLS Single
s_connection: verify depth is 1
Handshake duration: 216.29 ms
Execution 25 - TLS Single
s_connection: verify depth is 1
Handshake duration: 832.40 ms
Execution 26 - TLS Single
s_connection: verify depth is 1
Handshake duration: 1051.05 ms
Execution 27 - TLS Single
s_connection: verify depth is 1
Handshake duration: 10.17 ms
Execution 28 - TLS Single
s_connection: verify depth is 1
Handshake duration: 19541.02 ms
Execution 29 - TLS Single
s_connection: verify depth is 1
Handshake duration: 13.58 ms
Execution 30 - TLS Single
s_connection: verify depth is 1
Handshake duration: 1661.53 ms
Execution 31 - TLS Single
s_connection: verify depth is 1
Handshake duration: 16237.38 ms
Execution 32 - TLS Single
s_connection: verify depth is 1
Handshake duration: 1235.09 ms
Execution 33 - TLS Single
s_connection: verify depth is 1
Handshake duration: 6288.67 ms
Execution 34 - TLS Single
s_connection: verify depth is 1
Handshake duration: 33998.76 ms
Execution 35 - TLS Single
s_connection: verify depth is 1
Handshake duration: 1054.11 ms
Execution 36 - TLS Single
s_connection: verify depth is 1
Handshake duration: 2293.90 ms
Execution 37 - TLS Single
s_connection: verify depth is 1
Handshake duration: 10.18 ms
Execution 38 - TLS Single
s_connection: verify depth is 1
Handshake duration: 6426.38 ms
Execution 39 - TLS Single
s_connection: verify depth is 1
Handshake duration: 4374.68 ms
Execution 40 - TLS Single
s_connection: verify depth is 1
Handshake duration: 14.64 ms
Execution 41 - TLS Single
s_connection: verify depth is 1
Handshake duration: 214.78 ms
Execution 42 - TLS Single
s_connection: verify depth is 1
Handshake duration: 3168.75 ms
Execution 43 - TLS Single
s_connection: verify depth is 1
Handshake duration: 12.83 ms
Execution 44 - TLS Single
s_connection: verify depth is 1
Handshake duration: 52483.62 ms
Execution 45 - TLS Single
s_connection: verify depth is 1
Handshake duration: 2046.06 ms
Execution 46 - TLS Single
s_connection: verify depth is 1
Handshake duration: 27610.86 ms
Execution 47 - TLS Single
s_connection: verify depth is 1
Handshake duration: 1497.32 ms
Execution 48 - TLS Single
s_connection: verify depth is 1
Handshake duration: 626.35 ms
Execution 49 - TLS Single
s_connection: verify depth is 1
Handshake duration: 109347.24 ms
Execution 50 - TLS Single
s_connection: verify depth is 1
Handshake duration: 10.29 ms
Execution 51 - TLS Single
s_connection: verify depth is 1
Handshake duration: 1060.46 ms
Execution 52 - TLS Single
s_connection: verify depth is 1
Handshake duration: 2926.58 ms
Execution 53 - TLS Single
s_connection: verify depth is 1
Handshake duration: 12.05 ms
Execution 54 - TLS Single
s_connection: verify depth is 1
Handshake duration: 1033.43 ms
Execution 55 - TLS Single
s_connection: verify depth is 1
Handshake duration: 5815.28 ms
Execution 56 - TLS Single
s_connection: verify depth is 1
Handshake duration: 627.65 ms
Execution 57 - TLS Single
s_connection: verify depth is 1
Handshake duration: 7260.86 ms
Execution 58 - TLS Single
s_connection: verify depth is 1
Handshake duration: 1643.10 ms
Execution 59 - TLS Single
s_connection: verify depth is 1
Handshake duration: 3131.08 ms
Execution 60 - TLS Single
s_connection: verify depth is 1
Handshake duration: 1861.91 ms
Execution 61 - TLS Single
s_connection: verify depth is 1
Handshake duration: 5166.96 ms
Execution 62 - TLS Single
s_connection: verify depth is 1
Handshake duration: 1061.75 ms
Execution 63 - TLS Single
s_connection: verify depth is 1
Handshake duration: 2501.25 ms
Execution 64 - TLS Single
s_connection: verify depth is 1
Handshake duration: 1874.14 ms
Execution 65 - TLS Single
s_connection: verify depth is 1
Handshake duration: 2092.71 ms
Execution 66 - TLS Single
s_connection: verify depth is 1
Handshake duration: 830.96 ms
Execution 67 - TLS Single
s_connection: verify depth is 1
Handshake duration: 228.51 ms
Execution 68 - TLS Single
s_connection: verify depth is 1
Handshake duration: 11.39 ms
Execution 69 - TLS Single
s_connection: verify depth is 1
Handshake duration: 218.99 ms
Execution 70 - TLS Single
s_connection: verify depth is 1
Handshake duration: 3515.05 ms
Execution 71 - TLS Single
s_connection: verify depth is 1
Handshake duration: 12.88 ms
Execution 72 - TLS Single
s_connection: verify depth is 1
Handshake duration: 6360.02 ms
Execution 73 - TLS Single
s_connection: verify depth is 1
Handshake duration: 220.58 ms
Execution 74 - TLS Single
s_connection: verify depth is 1
Handshake duration: 16.02 ms
Execution 75 - TLS Single
s_connection: verify depth is 1
Handshake duration: 219.27 ms
Execution 76 - TLS Single
s_connection: verify depth is 1
Handshake duration: 424.94 ms
Execution 77 - TLS Single
s_connection: verify depth is 1
Handshake duration: 227.98 ms
Execution 78 - TLS Single
s_connection: verify depth is 1
Handshake duration: 14610.95 ms
Execution 79 - TLS Single
s_connection: verify depth is 1
Handshake duration: 11.62 ms
Execution 80 - TLS Single
s_connection: verify depth is 1
Handshake duration: 2093.26 ms
Execution 81 - TLS Single
s_connection: verify depth is 1
Handshake duration: 2292.11 ms
Execution 82 - TLS Single
s_connection: verify depth is 1
Handshake duration: 221.91 ms
Execution 83 - TLS Single
s_connection: verify depth is 1
Handshake duration: 13.68 ms
Execution 84 - TLS Single
s_connection: verify depth is 1
Handshake duration: 217.71 ms
Execution 85 - TLS Single
s_connection: verify depth is 1
Handshake duration: 13.10 ms
Execution 86 - TLS Single
s_connection: verify depth is 1
Handshake duration: 9.21 ms
Execution 87 - TLS Single
s_connection: verify depth is 1
Handshake duration: 10.10 ms
Execution 88 - TLS Single
s_connection: verify depth is 1
Handshake duration: 8.61 ms
Execution 89 - TLS Single
s_connection: verify depth is 1
Handshake duration: 9.49 ms
Execution 90 - TLS Single
s_connection: verify depth is 1
Handshake duration: 55313.94 ms
Execution 91 - TLS Single
s_connection: verify depth is 1
Handshake duration: 1230.23 ms
Execution 92 - TLS Single
s_connection: verify depth is 1
Handshake duration: 3312.27 ms
Execution 93 - TLS Single
s_connection: verify depth is 1
Handshake duration: 628.52 ms
Execution 94 - TLS Single
s_connection: verify depth is 1
Handshake duration: 1081.98 ms
Execution 95 - TLS Single
s_connection: verify depth is 1
Handshake duration: 17.37 ms
Execution 96 - TLS Single
s_connection: verify depth is 1
Handshake duration: 1467.16 ms
Execution 97 - TLS Single
s_connection: verify depth is 1
Handshake duration: 5777.93 ms
Execution 98 - TLS Single
s_connection: verify depth is 1
Handshake duration: 10.94 ms
Execution 99 - TLS Single
s_connection: verify depth is 1
Handshake duration: 2725.91 ms
Execution 100 - TLS Single
s_connection: verify depth is 1
Handshake duration: 1468.57 ms
Execution 101 - TLS Single
s_connection: verify depth is 1
Handshake duration: 1842.84 ms
Execution 102 - TLS Single
s_connection: verify depth is 1
Handshake duration: 1085.96 ms
Execution 103 - TLS Single
s_connection: verify depth is 1
Handshake duration: 5981.78 ms
Execution 104 - TLS Single
s_connection: verify depth is 1
Handshake duration: 12.48 ms
Execution 105 - TLS Single
s_connection: verify depth is 1
Handshake duration: 2882.13 ms
Execution 106 - TLS Single
s_connection: verify depth is 1
Handshake duration: 1946.51 ms
Execution 107 - TLS Single
s_connection: verify depth is 1
Handshake duration: 18.87 ms
Execution 108 - TLS Single
s_connection: verify depth is 1
Handshake duration: 8.64 ms
Execution 109 - TLS Single
s_connection: verify depth is 1
Handshake duration: 1235.86 ms
Execution 110 - TLS Single
s_connection: verify depth is 1
Handshake duration: 52519.73 ms
Execution 111 - TLS Single
s_connection: verify depth is 1
Handshake duration: 8258.75 ms
Execution 112 - TLS Single
s_connection: verify depth is 1
Handshake duration: 10.91 ms
Execution 113 - TLS Single
s_connection: verify depth is 1
Handshake duration: 2454.54 ms
Execution 114 - TLS Single
s_connection: verify depth is 1
Handshake duration: 1636.11 ms
Execution 115 - TLS Single
s_connection: verify depth is 1
Handshake duration: 832.45 ms
Execution 116 - TLS Single
s_connection: verify depth is 1
Handshake duration: 628.42 ms
Execution 117 - TLS Single
s_connection: verify depth is 1
Handshake duration: 1056.12 ms
Execution 118 - TLS Single
s_connection: verify depth is 1
Handshake duration: 1048.22 ms
Execution 119 - TLS Single
s_connection: verify depth is 1
Handshake duration: 1226.29 ms
Execution 120 - TLS Single
s_connection: verify depth is 1
Handshake duration: 14.90 ms
Execution 121 - TLS Single
s_connection: verify depth is 1
Handshake duration: 2105.71 ms
Execution 122 - TLS Single
s_connection: verify depth is 1
Handshake duration: 2906.44 ms
Execution 123 - TLS Single
s_connection: verify depth is 1
Handshake duration: 4135.61 ms
Execution 124 - TLS Single
s_connection: verify depth is 1
Handshake duration: 9.46 ms
Execution 125 - TLS Single
s_connection: verify depth is 1
Handshake duration: 1246.21 ms
