Handshake timeout budget: 150s (identique TLS/QUIC)
Applying netem rules to lo...
Showing qdisc status for the interface: lo
qdisc netem 8d0b: root refcnt 2 limit 1000 seed 2247996635635663864
 Sent 0 bytes 0 pkt (dropped 0, overlimits 0 requeues 0) 
 backlog 0b 0p requeues 0
Running ./perftestClientTlsQuic.sh with SIG_ALG=ed25519 and KEM_ALG=P-256
Execution 1 - TLS Single
s_connection: verify depth is 1
Handshake duration: 1241.33 ms
Execution 2 - TLS Single
s_connection: verify depth is 1
Handshake duration: 2.11 ms
Execution 3 - TLS Single
s_connection: verify depth is 1
Handshake duration: 418.74 ms
Execution 4 - TLS Single
s_connection: verify depth is 1
Handshake duration: 2.20 ms
Execution 5 - TLS Single
s_connection: verify depth is 1
Handshake duration: 2.24 ms
Execution 6 - TLS Single
s_connection: verify depth is 1
Handshake duration: 2.15 ms
Execution 7 - TLS Single
s_connection: verify depth is 1
Handshake duration: 3311.32 ms
Execution 8 - TLS Single
s_connection: verify depth is 1
Handshake duration: 27568.40 ms
Execution 9 - TLS Single
s_connection: verify depth is 1
Handshake duration: 1832.77 ms
Execution 10 - TLS Single
s_connection: verify depth is 1
Handshake duration: 824.60 ms
Execution 11 - TLS Single
s_connection: verify depth is 1
Handshake duration: 416.79 ms
Execution 12 - TLS Single
s_connection: verify depth is 1
Handshake duration: 3325.59 ms
Execution 13 - TLS Single
s_connection: verify depth is 1
Handshake duration: 206.58 ms
Execution 14 - TLS Single
s_connection: verify depth is 1
Handshake duration: 1252.91 ms
Execution 15 - TLS Single
s_connection: verify depth is 1
Handshake duration: 2.84 ms
Execution 16 - TLS Single
s_connection: verify depth is 1
Handshake duration: 418.53 ms
Execution 17 - TLS Single
s_connection: verify depth is 1
Handshake duration: 2.05 ms
Execution 18 - TLS Single
s_connection: verify depth is 1
Handshake duration: 2060.74 ms
Execution 19 - TLS Single
s_connection: verify depth is 1
Handshake duration: 3.97 ms
Execution 20 - TLS Single
s_connection: verify depth is 1
Handshake duration: 1.82 ms
Execution 21 - TLS Single
s_connection: verify depth is 1
Handshake duration: 206.41 ms
Execution 22 - TLS Single
s_connection: verify depth is 1
Handshake duration: 1051.98 ms
Execution 23 - TLS Single
s_connection: verify depth is 1
Handshake duration: 206.42 ms
Execution 24 - TLS Single
s_connection: verify depth is 1
Handshake duration: 3095.56 ms
Execution 25 - TLS Single
s_connection: verify depth is 1
Handshake duration: 2.06 ms
Execution 26 - TLS Single
s_connection: verify depth is 1
Handshake duration: 52894.89 ms
Execution 27 - TLS Single
s_connection: verify depth is 1
Handshake duration: 1214.35 ms
Execution 28 - TLS Single
s_connection: verify depth is 1
Handshake duration: 2083.23 ms
Execution 29 - TLS Single
s_connection: verify depth is 1
Handshake duration: 1214.51 ms
Execution 30 - TLS Single
s_connection: verify depth is 1
Handshake duration: 2.69 ms
Execution 31 - TLS Single
s_connection: verify depth is 1
Handshake duration: 11216.08 ms
Execution 32 - TLS Single
s_connection: verify depth is 1
Handshake duration: 2.81 ms
Execution 33 - TLS Single
s_connection: verify depth is 1
Handshake duration: 2.50 ms
Execution 34 - TLS Single
s_connection: verify depth is 1
Handshake duration: 419.07 ms
Execution 35 - TLS Single
s_connection: verify depth is 1
Handshake duration: 3.79 ms
Execution 36 - TLS Single
s_connection: verify depth is 1
Handshake duration: 419.77 ms
Execution 37 - TLS Single
s_connection: verify depth is 1
Handshake duration: 1006.11 ms
Execution 38 - TLS Single
s_connection: verify depth is 1
Handshake duration: 2.27 ms
Execution 39 - TLS Single
s_connection: verify depth is 1
Handshake duration: 1056.50 ms
Execution 40 - TLS Single
s_connection: verify depth is 1
Handshake duration: 4080.40 ms
Execution 41 - TLS Single
s_connection: verify depth is 1
Handshake duration: 1009.21 ms
Execution 42 - TLS Single
s_connection: verify depth is 1
Handshake duration: 2.76 ms
Execution 43 - TLS Single
s_connection: verify depth is 1
Handshake duration: 212.09 ms
Execution 44 - TLS Single
s_connection: verify depth is 1
Handshake duration: 2.70 ms
Execution 45 - TLS Single
s_connection: verify depth is 1
Handshake duration: 4.29 ms
Execution 46 - TLS Single
s_connection: verify depth is 1
Handshake duration: 415.90 ms
Execution 47 - TLS Single
s_connection: verify depth is 1
Handshake duration: 1.71 ms
Execution 48 - TLS Single
s_connection: verify depth is 1
Handshake duration: 1258.62 ms
Execution 49 - TLS Single
s_connection: verify depth is 1
Handshake duration: 2.40 ms
Execution 50 - TLS Single
s_connection: verify depth is 1
Handshake duration: 2.37 ms
Execution 51 - TLS Single
s_connection: verify depth is 1
Handshake duration: 1.69 ms
Execution 52 - TLS Single
s_connection: verify depth is 1
Handshake duration: 212.67 ms
Execution 53 - TLS Single
s_connection: verify depth is 1
Handshake duration: 1037.20 ms
Execution 54 - TLS Single
s_connection: verify depth is 1
Handshake duration: 2.29 ms
Execution 55 - TLS Single
s_connection: verify depth is 1
Handshake duration: 1.77 ms
Execution 56 - TLS Single
s_connection: verify depth is 1
Handshake duration: 1.91 ms
Execution 57 - TLS Single
s_connection: verify depth is 1
Handshake duration: 1029.46 ms
Execution 58 - TLS Single
s_connection: verify depth is 1
Handshake duration: 209.35 ms
Execution 59 - TLS Single
s_connection: verify depth is 1
Handshake duration: 1033.67 ms
Execution 60 - TLS Single
s_connection: verify depth is 1
Handshake duration: 1013.44 ms
Execution 61 - TLS Single
s_connection: verify depth is 1
Handshake duration: 3055.98 ms
Execution 62 - TLS Single
s_connection: verify depth is 1
Handshake duration: 420.81 ms
Execution 63 - TLS Single
s_connection: verify depth is 1
Handshake duration: 414.24 ms
Execution 64 - TLS Single
s_connection: verify depth is 1
Handshake duration: 2.03 ms
Execution 65 - TLS Single
s_connection: verify depth is 1
Handshake duration: 212.39 ms
Execution 66 - TLS Single
s_connection: verify depth is 1
Handshake duration: 422.51 ms
Execution 67 - TLS Single
s_connection: verify depth is 1
Handshake duration: 1425.28 ms
Execution 68 - TLS Single
s_connection: verify depth is 1
Handshake duration: 1.84 ms
Execution 69 - TLS Single
s_connection: verify depth is 1
Handshake duration: 209.17 ms
Execution 70 - TLS Single
s_connection: verify depth is 1
Handshake duration: 1038.10 ms
Execution 71 - TLS Single
s_connection: verify depth is 1
Handshake duration: 1008.09 ms
Execution 72 - TLS Single
s_connection: verify depth is 1
Handshake duration: 1214.99 ms
Execution 73 - TLS Single
s_connection: verify depth is 1
Handshake duration: 210.10 ms
Execution 74 - TLS Single
s_connection: verify depth is 1
Handshake duration: 1007.94 ms
Execution 75 - TLS Single
s_connection: verify depth is 1
Handshake duration: 2715.89 ms
Execution 76 - TLS Single
s_connection: verify depth is 1
Handshake duration: 2674.52 ms
Execution 77 - TLS Single
s_connection: verify depth is 1
Handshake duration: 104433.32 ms
Execution 78 - TLS Single
s_connection: verify depth is 1
Handshake duration: 2238.05 ms
Execution 79 - TLS Single
s_connection: verify depth is 1
Handshake duration: 3313.78 ms
Execution 80 - TLS Single
s_connection: verify depth is 1
Handshake duration: 212.06 ms
Execution 81 - TLS Single
s_connection: verify depth is 1
Handshake duration: 1015.00 ms
Execution 82 - TLS Single
s_connection: verify depth is 1
Handshake duration: 1009.02 ms
Execution 83 - TLS Single
s_connection: verify depth is 1
Handshake duration: 2.35 ms
Execution 84 - TLS Single
s_connection: verify depth is 1
Handshake duration: 2.36 ms
Execution 85 - TLS Single
s_connection: verify depth is 1
Handshake duration: 417.88 ms
Execution 86 - TLS Single
s_connection: verify depth is 1
Handshake duration: 2.09 ms
Execution 87 - TLS Single
s_connection: verify depth is 1
Handshake duration: 1.78 ms
Execution 88 - TLS Single
s_connection: verify depth is 1
Handshake duration: 822.42 ms
Execution 89 - TLS Single
s_connection: verify depth is 1
Handshake duration: 1432.90 ms
Execution 90 - TLS Single
s_connection: verify depth is 1
Handshake duration: 1042.01 ms
Execution 91 - TLS Single
s_connection: verify depth is 1
Handshake duration: 3306.80 ms
Execution 92 - TLS Single
s_connection: verify depth is 1
Handshake duration: 1425.62 ms
Execution 93 - TLS Single
s_connection: verify depth is 1
Handshake duration: 1.99 ms
Execution 94 - TLS Single
s_connection: verify depth is 1
Handshake duration: 206.26 ms
Execution 95 - TLS Single
s_connection: verify depth is 1
Handshake duration: 419.62 ms
Execution 96 - TLS Single
s_connection: verify depth is 1
Handshake duration: 2.06 ms
Execution 97 - TLS Single
s_connection: verify depth is 1
Handshake duration: 1038.16 ms
Execution 98 - TLS Single
s_connection: verify depth is 1
Handshake duration: 2.01 ms
Execution 99 - TLS Single
s_connection: verify depth is 1
Handshake duration: 1055.90 ms
Execution 100 - TLS Single
s_connection: verify depth is 1
Handshake duration: 2.38 ms
Execution 101 - TLS Single
s_connection: verify depth is 1
Handshake duration: 4128.68 ms
Execution 102 - TLS Single
s_connection: verify depth is 1
Handshake duration: 1.95 ms
Execution 103 - TLS Single
s_connection: verify depth is 1
Handshake duration: 209.15 ms
Execution 104 - TLS Single
s_connection: verify depth is 1
Handshake duration: 212.21 ms
Execution 105 - TLS Single
s_connection: verify depth is 1
Handshake duration: 3.85 ms
Execution 106 - TLS Single
s_connection: verify depth is 1
Handshake duration: 4084.64 ms
Execution 107 - TLS Single
s_connection: verify depth is 1
Handshake duration: 1830.82 ms
Execution 108 - TLS Single
s_connection: verify depth is 1
Handshake duration: 1016.01 ms
Execution 109 - TLS Single
s_connection: verify depth is 1
Handshake duration: 420.64 ms
Execution 110 - TLS Single
s_connection: verify depth is 1
Handshake duration: 1012.37 ms
Execution 111 - TLS Single
s_connection: verify depth is 1
Handshake duration: 1016.52 ms
Execution 112 - TLS Single
s_connection: verify depth is 1
Handshake duration: 2.85 ms
Execution 113 - TLS Single
s_connection: verify depth is 1
Handshake duration: 3513.40 ms
Execution 114 - TLS Single
s_connection: verify depth is 1
Handshake duration: 1676.00 ms
Execution 115 - TLS Single
s_connection: verify depth is 1
Handshake duration: 207.84 ms
Execution 116 - TLS Single
s_connection: verify depth is 1
Handshake duration: 1036.44 ms
Execution 117 - TLS Single
s_connection: verify depth is 1
Handshake duration: 35765.80 ms
Execution 118 - TLS Single
s_connection: verify depth is 1
Handshake duration: 2.70 ms
Execution 119 - TLS Single
s_connection: verify depth is 1
Handshake duration: 1052.72 ms
Execution 120 - TLS Single
s_connection: verify depth is 1
Handshake duration: 6574.10 ms
Execution 121 - TLS Single
s_connection: verify depth is 1
Handshake duration: 1.95 ms
Execution 122 - TLS Single
s_connection: verify depth is 1
Handshake duration: 1.90 ms
Execution 123 - TLS Single
s_connection: verify depth is 1
Handshake duration: 1.95 ms
Execution 124 - TLS Single
s_connection: verify depth is 1
Handshake duration: 2.23 ms
Execution 125 - TLS Single
s_connection: verify depth is 1
Handshake duration: 1843.60 ms
