Handshake timeout budget: 150s (identique TLS/QUIC)
Applying netem rules to lo...
Showing qdisc status for the interface: lo
qdisc netem 8ce1: root refcnt 2 limit 1000 seed 1282027336426614360
 Sent 0 bytes 0 pkt (dropped 0, overlimits 0 requeues 0) 
 backlog 0b 0p requeues 0
Running ./perftestClientTlsQuic.sh with SIG_ALG=secp384r1 and KEM_ALG=p384_hqc192
Execution 1 - TLS Single
s_connection: verify depth is 1
Handshake duration: 3196.85 ms
Execution 2 - TLS Single
s_connection: verify depth is 1
Handshake duration: 291.96 ms
Execution 3 - TLS Single
s_connection: verify depth is 1
Handshake duration: 296.20 ms
Execution 4 - TLS Single
s_connection: verify depth is 1
Handshake duration: 53.70 ms
Execution 5 - TLS Single
s_connection: verify depth is 1
Handshake duration: 473.79 ms
Execution 6 - TLS Single
s_connection: verify depth is 1
Handshake duration: 3147.68 ms
Execution 7 - TLS Single
s_connection: verify depth is 1
Handshake duration: 52.27 ms
Execution 8 - TLS Single
s_connection: verify depth is 1
Handshake duration: 2100.76 ms
Execution 9 - TLS Single
s_connection: verify depth is 1
Handshake duration: 1297.51 ms
Execution 10 - TLS Single
s_connection: verify depth is 1
Handshake duration: 243.96 ms
Execution 11 - TLS Single
s_connection: verify depth is 1
Handshake duration: 3194.68 ms
Execution 12 - TLS Single
s_connection: verify depth is 1
Handshake duration: 1725.86 ms
Execution 13 - TLS Single
s_connection: verify depth is 1
Handshake duration: 1745.41 ms
Execution 14 - TLS Single
s_connection: verify depth is 1
Handshake duration: NaN ms  (client-side timeout after 150s)
Execution 15 - TLS Single
s_connection: verify depth is 1
Handshake duration: 2512.40 ms
Execution 16 - TLS Single
s_connection: verify depth is 1
Handshake duration: 54.08 ms
Execution 17 - TLS Single
s_connection: verify depth is 1
Handshake duration: 1754.70 ms
Execution 18 - TLS Single
s_connection: verify depth is 1
Handshake duration: 269.92 ms
Execution 19 - TLS Single
s_connection: verify depth is 1
Handshake duration: 57.16 ms
Execution 20 - TLS Single
s_connection: verify depth is 1
Handshake duration: 1368.48 ms
Execution 21 - TLS Single
s_connection: verify depth is 1
Handshake duration: 2125.58 ms
Execution 22 - TLS Single
s_connection: verify depth is 1
Handshake duration: 244.81 ms
Execution 23 - TLS Single
s_connection: verify depth is 1
Handshake duration: 59.47 ms
Execution 24 - TLS Single
s_connection: verify depth is 1
Handshake duration: 2544.49 ms
Execution 25 - TLS Single
s_connection: verify depth is 1
Handshake duration: 7497.97 ms
Execution 26 - TLS Single
s_connection: verify depth is 1
Handshake duration: 3166.07 ms
Execution 27 - TLS Single
s_connection: verify depth is 1
Handshake duration: 6424.99 ms
Execution 28 - TLS Single
s_connection: verify depth is 1
Handshake duration: 59.42 ms
Execution 29 - TLS Single
s_connection: verify depth is 1
Handshake duration: 677.31 ms
Execution 30 - TLS Single
s_connection: verify depth is 1
Handshake duration: 294.23 ms
Execution 31 - TLS Single
s_connection: verify depth is 1
Handshake duration: 2353.00 ms
Execution 32 - TLS Single
s_connection: verify depth is 1
Handshake duration: 2319.64 ms
Execution 33 - TLS Single
s_connection: verify depth is 1
Handshake duration: 1949.31 ms
Execution 34 - TLS Single
s_connection: verify depth is 1
Handshake duration: 244.40 ms
Execution 35 - TLS Single
s_connection: verify depth is 1
Handshake duration: 293.01 ms
Execution 36 - TLS Single
s_connection: verify depth is 1
Handshake duration: 53.35 ms
Execution 37 - TLS Single
s_connection: verify depth is 1
Handshake duration: 51.58 ms
Execution 38 - TLS Single
s_connection: verify depth is 1
Handshake duration: 2823.64 ms
Execution 39 - TLS Single
s_connection: verify depth is 1
Handshake duration: 51.67 ms
Execution 40 - TLS Single
s_connection: verify depth is 1
Handshake duration: 50.70 ms
Execution 41 - TLS Single
s_connection: verify depth is 1
Handshake duration: 1671.01 ms
Execution 42 - TLS Single
s_connection: verify depth is 1
Handshake duration: 71.48 ms
Execution 43 - TLS Single
s_connection: verify depth is 1
Handshake duration: 447.80 ms
Execution 44 - TLS Single
s_connection: verify depth is 1
Handshake duration: 290.44 ms
Execution 45 - TLS Single
s_connection: verify depth is 1
Handshake duration: 237.21 ms
Execution 46 - TLS Single
s_connection: verify depth is 1
Handshake duration: 5458.64 ms
Execution 47 - TLS Single
s_connection: verify depth is 1
Handshake duration: 245.38 ms
Execution 48 - TLS Single
s_connection: verify depth is 1
Handshake duration: 61.28 ms
Execution 49 - TLS Single
s_connection: verify depth is 1
Handshake duration: 14909.16 ms
Execution 50 - TLS Single
s_connection: verify depth is 1
Handshake duration: 3355.30 ms
Execution 51 - TLS Single
s_connection: verify depth is 1
Handshake duration: 61.48 ms
Execution 52 - TLS Single
s_connection: verify depth is 1
Handshake duration: 54276.43 ms
Execution 53 - TLS Single
s_connection: verify depth is 1
Handshake duration: 56.97 ms
Execution 54 - TLS Single
s_connection: verify depth is 1
Handshake duration: 2137.38 ms
Execution 55 - TLS Single
s_connection: verify depth is 1
Handshake duration: 3820.36 ms
Execution 56 - TLS Single
s_connection: verify depth is 1
Handshake duration: NaN ms  (client-side timeout after 150s)
Execution 57 - TLS Single
s_connection: verify depth is 1
Handshake duration: 14108.36 ms
Execution 58 - TLS Single
s_connection: verify depth is 1
Handshake duration: 1092.82 ms
Execution 59 - TLS Single
s_connection: verify depth is 1
Handshake duration: 3339.88 ms
Execution 60 - TLS Single
s_connection: verify depth is 1
Handshake duration: 3173.52 ms
Execution 61 - TLS Single
s_connection: verify depth is 1
Handshake duration: 53.91 ms
Execution 62 - TLS Single
s_connection: verify depth is 1
Handshake duration: 7720.06 ms
Execution 63 - TLS Single
s_connection: verify depth is 1
Handshake duration: 1738.06 ms
Execution 64 - TLS Single
s_connection: verify depth is 1
Handshake duration: 244.77 ms
Execution 65 - TLS Single
s_connection: verify depth is 1
Handshake duration: 61.17 ms
Execution 66 - TLS Single
s_connection: verify depth is 1
Handshake duration: 5028.67 ms
Execution 67 - TLS Single
s_connection: verify depth is 1
Handshake duration: 7259.46 ms
Execution 68 - TLS Single
s_connection: verify depth is 1
Handshake duration: 52.28 ms
Execution 69 - TLS Single
s_connection: verify depth is 1
Handshake duration: 3168.49 ms
Execution 70 - TLS Single
s_connection: verify depth is 1
Handshake duration: 675.79 ms
Execution 71 - TLS Single
s_connection: verify depth is 1
Handshake duration: 677.93 ms
Execution 72 - TLS Single
s_connection: verify depth is 1
Handshake duration: 2108.20 ms
Execution 73 - TLS Single
s_connection: verify depth is 1
Handshake duration: 295.60 ms
Execution 74 - TLS Single
s_connection: verify depth is 1
Handshake duration: 1512.97 ms
Execution 75 - TLS Single
s_connection: verify depth is 1
Handshake duration: 1091.51 ms
Execution 76 - TLS Single
s_connection: verify depth is 1
Handshake duration: 4157.00 ms
Execution 77 - TLS Single
s_connection: verify depth is 1
Handshake duration: 1541.32 ms
Execution 78 - TLS Single
s_connection: verify depth is 1
Handshake duration: 55.82 ms
Execution 79 - TLS Single
s_connection: verify depth is 1
Handshake duration: 697.15 ms
Execution 80 - TLS Single
s_connection: verify depth is 1
Handshake duration: 446.46 ms
Execution 81 - TLS Single
s_connection: verify depth is 1
Handshake duration: 251.89 ms
Execution 82 - TLS Single
s_connection: verify depth is 1
Handshake duration: 1070.97 ms
Execution 83 - TLS Single
s_connection: verify depth is 1
Handshake duration: 289.02 ms
Execution 84 - TLS Single
s_connection: verify depth is 1
Handshake duration: 3582.82 ms
Execution 85 - TLS Single
s_connection: verify depth is 1
Handshake duration: 243.09 ms
Execution 86 - TLS Single
s_connection: verify depth is 1
Handshake duration: 68.56 ms
Execution 87 - TLS Single
s_connection: verify depth is 1
Handshake duration: 50.61 ms
Execution 88 - TLS Single
s_connection: verify depth is 1
Handshake duration: 289.85 ms
Execution 89 - TLS Single
s_connection: verify depth is 1
Handshake duration: 4783.81 ms
Execution 90 - TLS Single
s_connection: verify depth is 1
Handshake duration: 51.87 ms
Execution 91 - TLS Single
s_connection: verify depth is 1
Handshake duration: 50.92 ms
Execution 92 - TLS Single
s_connection: verify depth is 1
Handshake duration: 50.70 ms
Execution 93 - TLS Single
s_connection: verify depth is 1
Handshake duration: 2144.01 ms
Execution 94 - TLS Single
s_connection: verify depth is 1
Handshake duration: 1776.72 ms
Execution 95 - TLS Single
s_connection: verify depth is 1
Handshake duration: 677.03 ms
Execution 96 - TLS Single
s_connection: verify depth is 1
Handshake duration: 1956.61 ms
Execution 97 - TLS Single
s_connection: verify depth is 1
Handshake duration: 294.75 ms
Execution 98 - TLS Single
s_connection: verify depth is 1
Handshake duration: 242.31 ms
Execution 99 - TLS Single
s_connection: verify depth is 1
Handshake duration: 61.38 ms
Execution 100 - TLS Single
s_connection: verify depth is 1
Handshake duration: 296.74 ms
Execution 101 - TLS Single
s_connection: verify depth is 1
Handshake duration: 51.56 ms
Execution 102 - TLS Single
s_connection: verify depth is 1
Handshake duration: 51.89 ms
Execution 103 - TLS Single
s_connection: verify depth is 1
Handshake duration: 1333.14 ms
Execution 104 - TLS Single
s_connection: verify depth is 1
Handshake duration: 2333.76 ms
Execution 105 - TLS Single
s_connection: verify depth is 1
Handshake duration: 1729.98 ms
Execution 106 - TLS Single
s_connection: verify depth is 1
Handshake duration: 1679.28 ms
Execution 107 - TLS Single
s_connection: verify depth is 1
Handshake duration: 2596.53 ms
Execution 108 - TLS Single
s_connection: verify depth is 1
Handshake duration: 883.19 ms
Execution 109 - TLS Single
s_connection: verify depth is 1
Handshake duration: 293.67 ms
Execution 110 - TLS Single
s_connection: verify depth is 1
Handshake duration: 52.26 ms
Execution 111 - TLS Single
s_connection: verify depth is 1
Handshake duration: 2766.60 ms
Execution 112 - TLS Single
s_connection: verify depth is 1
Handshake duration: 2131.89 ms
Execution 113 - TLS Single
s_connection: verify depth is 1
Handshake duration: 53.66 ms
Execution 114 - TLS Single
s_connection: verify depth is 1
Handshake duration: 1718.30 ms
Execution 115 - TLS Single
s_connection: verify depth is 1
Handshake duration: 1118.71 ms
Execution 116 - TLS Single
s_connection: verify depth is 1
Handshake duration: 50.61 ms
Execution 117 - TLS Single
s_connection: verify depth is 1
Handshake duration: 675.31 ms
Execution 118 - TLS Single
s_connection: verify depth is 1
Handshake duration: 56.62 ms
Execution 119 - TLS Single
s_connection: verify depth is 1
Handshake duration: 1102.07 ms
Execution 120 - TLS Single
s_connection: verify depth is 1
Handshake duration: 241.01 ms
Execution 121 - TLS Single
s_connection: verify depth is 1
Handshake duration: 2350.90 ms
Execution 122 - TLS Single
s_connection: verify depth is 1
Handshake duration: 303.08 ms
Execution 123 - TLS Single
s_connection: verify depth is 1
Handshake duration: 499.98 ms
Execution 124 - TLS Single
s_connection: verify depth is 1
Handshake duration: 706.18 ms
Execution 125 - TLS Single
s_connection: verify depth is 1
Handshake duration: 1926.00 ms
