Handshake timeout budget: 150s (identique TLS/QUIC)
Applying netem rules to lo...
Showing qdisc status for the interface: lo
qdisc netem 94b8: root refcnt 2 limit 1000 seed 5700372751483394089
 Sent 0 bytes 0 pkt (dropped 0, overlimits 0 requeues 0) 
 backlog 0b 0p requeues 0
Running ./perftestClientTlsQuic.sh with SIG_ALG=ed25519 and KEM_ALG=x25519_mlkem512
Execution 1 - TLS Single
s_connection: verify depth is 1
Handshake duration: 5800.61 ms
Execution 2 - TLS Single
s_connection: verify depth is 1
Handshake duration: 7151.90 ms
Execution 3 - TLS Single
s_connection: verify depth is 1
Handshake duration: 2.67 ms
Execution 4 - TLS Single
s_connection: verify depth is 1
Handshake duration: 1053.62 ms
Execution 5 - TLS Single
s_connection: verify depth is 1
Handshake duration: 1008.76 ms
Execution 6 - TLS Single
s_connection: verify depth is 1
Handshake duration: 1273.36 ms
Execution 7 - TLS Single
s_connection: verify depth is 1
Handshake duration: 5361.68 ms
Execution 8 - TLS Single
s_connection: verify depth is 1
Handshake duration: 52511.69 ms
Execution 9 - TLS Single
s_connection: verify depth is 1
Handshake duration: 2238.29 ms
Execution 10 - TLS Single
s_connection: verify depth is 1
Handshake duration: 1263.87 ms
Execution 11 - TLS Single
s_connection: verify depth is 1
Handshake duration: 206.35 ms
Execution 12 - TLS Single
s_connection: verify depth is 1
Handshake duration: 3.27 ms
Execution 13 - TLS Single
s_connection: verify depth is 1
Handshake duration: 6575.47 ms
Execution 14 - TLS Single
s_connection: verify depth is 1
Handshake duration: 2.28 ms
Execution 15 - TLS Single
s_connection: verify depth is 1
Handshake duration: 419.95 ms
Execution 16 - TLS Single
s_connection: verify depth is 1
Handshake duration: 1068.70 ms
Execution 17 - TLS Single
s_connection: verify depth is 1
Handshake duration: 2.69 ms
Execution 18 - TLS Single
s_connection: verify depth is 1
Handshake duration: 1.98 ms
Execution 19 - TLS Single
s_connection: verify depth is 1
Handshake duration: 2.10 ms
Execution 20 - TLS Single
s_connection: verify depth is 1
Handshake duration: 2.29 ms
Execution 21 - TLS Single
s_connection: verify depth is 1
Handshake duration: 2.06 ms
Execution 22 - TLS Single
s_connection: verify depth is 1
Handshake duration: 212.27 ms
Execution 23 - TLS Single
s_connection: verify depth is 1
Handshake duration: 1033.12 ms
Execution 24 - TLS Single
s_connection: verify depth is 1
Handshake duration: 1212.88 ms
Execution 25 - TLS Single
s_connection: verify depth is 1
Handshake duration: 1063.53 ms
Execution 26 - TLS Single
s_connection: verify depth is 1
Handshake duration: 4141.19 ms
Execution 27 - TLS Single
s_connection: verify depth is 1
Handshake duration: 207.35 ms
Execution 28 - TLS Single
s_connection: verify depth is 1
Handshake duration: 215.54 ms
Execution 29 - TLS Single
s_connection: verify depth is 1
Handshake duration: 1030.93 ms
Execution 30 - TLS Single
s_connection: verify depth is 1
Handshake duration: 2.82 ms
Execution 31 - TLS Single
s_connection: verify depth is 1
Handshake duration: 1055.60 ms
Execution 32 - TLS Single
s_connection: verify depth is 1
Handshake duration: 2032.16 ms
Execution 33 - TLS Single
s_connection: verify depth is 1
Handshake duration: 214.45 ms
Execution 34 - TLS Single
s_connection: verify depth is 1
Handshake duration: 1034.27 ms
Execution 35 - TLS Single
s_connection: verify depth is 1
Handshake duration: 3.63 ms
Execution 36 - TLS Single
s_connection: verify depth is 1
Handshake duration: 2.12 ms
Execution 37 - TLS Single
s_connection: verify depth is 1
Handshake duration: 415.22 ms
Execution 38 - TLS Single
s_connection: verify depth is 1
Handshake duration: 4737.48 ms
Execution 39 - TLS Single
s_connection: verify depth is 1
Handshake duration: 1009.92 ms
Execution 40 - TLS Single
s_connection: verify depth is 1
Handshake duration: 208.05 ms
Execution 41 - TLS Single
s_connection: verify depth is 1
Handshake duration: 2880.84 ms
Execution 42 - TLS Single
s_connection: verify depth is 1
Handshake duration: 2.08 ms
Execution 43 - TLS Single
s_connection: verify depth is 1
Handshake duration: 1.92 ms
Execution 44 - TLS Single
s_connection: verify depth is 1
Handshake duration: 1.95 ms
Execution 45 - TLS Single
s_connection: verify depth is 1
Handshake duration: 3514.98 ms
Execution 46 - TLS Single
s_connection: verify depth is 1
Handshake duration: 1044.40 ms
Execution 47 - TLS Single
s_connection: verify depth is 1
Handshake duration: 4334.82 ms
Execution 48 - TLS Single
s_connection: verify depth is 1
Handshake duration: 2.21 ms
Execution 49 - TLS Single
s_connection: verify depth is 1
Handshake duration: 2.12 ms
Execution 50 - TLS Single
s_connection: verify depth is 1
Handshake duration: 2887.65 ms
Execution 51 - TLS Single
s_connection: verify depth is 1
Handshake duration: 3.03 ms
Execution 52 - TLS Single
s_connection: verify depth is 1
Handshake duration: 212.65 ms
Execution 53 - TLS Single
s_connection: verify depth is 1
Handshake duration: 3485.80 ms
Execution 54 - TLS Single
s_connection: verify depth is 1
Handshake duration: 419.74 ms
Execution 55 - TLS Single
s_connection: verify depth is 1
Handshake duration: 4.07 ms
Execution 56 - TLS Single
s_connection: verify depth is 1
Handshake duration: 13300.46 ms
Execution 57 - TLS Single
s_connection: verify depth is 1
Handshake duration: 1216.82 ms
Execution 58 - TLS Single
s_connection: verify depth is 1
Handshake duration: 3.54 ms
Execution 59 - TLS Single
s_connection: verify depth is 1
Handshake duration: 1.97 ms
Execution 60 - TLS Single
s_connection: verify depth is 1
Handshake duration: 206.74 ms
Execution 61 - TLS Single
s_connection: verify depth is 1
Handshake duration: 2.66 ms
Execution 62 - TLS Single
s_connection: verify depth is 1
Handshake duration: 2.52 ms
Execution 63 - TLS Single
s_connection: verify depth is 1
Handshake duration: 416.20 ms
Execution 64 - TLS Single
s_connection: verify depth is 1
Handshake duration: 210.01 ms
Execution 65 - TLS Single
s_connection: verify depth is 1
Handshake duration: 2.84 ms
Execution 66 - TLS Single
s_connection: verify depth is 1
Handshake duration: 419.68 ms
Execution 67 - TLS Single
s_connection: verify depth is 1
Handshake duration: 26520.63 ms
Execution 68 - TLS Single
s_connection: verify depth is 1
Handshake duration: 1007.19 ms
Execution 69 - TLS Single
s_connection: verify depth is 1
Handshake duration: 2.29 ms
Execution 70 - TLS Single
s_connection: verify depth is 1
Handshake duration: 1267.45 ms
Execution 71 - TLS Single
s_connection: verify depth is 1
Handshake duration: 2.65 ms
Execution 72 - TLS Single
s_connection: verify depth is 1
Handshake duration: 420.71 ms
Execution 73 - TLS Single
s_connection: verify depth is 1
Handshake duration: 2.16 ms
Execution 74 - TLS Single
s_connection: verify depth is 1
Handshake duration: 2.16 ms
Execution 75 - TLS Single
s_connection: verify depth is 1
Handshake duration: 2.06 ms
Execution 76 - TLS Single
s_connection: verify depth is 1
Handshake duration: 2.27 ms
Execution 77 - TLS Single
s_connection: verify depth is 1
Handshake duration: 207.62 ms
Execution 78 - TLS Single
s_connection: verify depth is 1
Handshake duration: 211.59 ms
Execution 79 - TLS Single
s_connection: verify depth is 1
Handshake duration: 214.31 ms
Execution 80 - TLS Single
s_connection: verify depth is 1
Handshake duration: 1068.63 ms
Execution 81 - TLS Single
s_connection: verify depth is 1
Handshake duration: 825.94 ms
Execution 82 - TLS Single
s_connection: verify depth is 1
Handshake duration: 1.90 ms
Execution 83 - TLS Single
s_connection: verify depth is 1
Handshake duration: 2.01 ms
Execution 84 - TLS Single
s_connection: verify depth is 1
Handshake duration: 2.26 ms
Execution 85 - TLS Single
s_connection: verify depth is 1
Handshake duration: 826.69 ms
Execution 86 - TLS Single
s_connection: verify depth is 1
Handshake duration: 421.65 ms
Execution 87 - TLS Single
s_connection: verify depth is 1
Handshake duration: 1027.00 ms
Execution 88 - TLS Single
s_connection: verify depth is 1
Handshake duration: 1005.59 ms
Execution 89 - TLS Single
s_connection: verify depth is 1
Handshake duration: 208.09 ms
Execution 90 - TLS Single
s_connection: verify depth is 1
Handshake duration: 420.84 ms
Execution 91 - TLS Single
s_connection: verify depth is 1
Handshake duration: 1016.58 ms
Execution 92 - TLS Single
s_connection: verify depth is 1
Handshake duration: 2.39 ms
Execution 93 - TLS Single
s_connection: verify depth is 1
Handshake duration: 1.97 ms
Execution 94 - TLS Single
s_connection: verify depth is 1
Handshake duration: 1257.86 ms
Execution 95 - TLS Single
s_connection: verify depth is 1
Handshake duration: 7184.62 ms
Execution 96 - TLS Single
s_connection: verify depth is 1
Handshake duration: 206.54 ms
Execution 97 - TLS Single
s_connection: verify depth is 1
Handshake duration: 206.64 ms
Execution 98 - TLS Single
s_connection: verify depth is 1
Handshake duration: 2.22 ms
Execution 99 - TLS Single
s_connection: verify depth is 1
Handshake duration: 1056.76 ms
Execution 100 - TLS Single
s_connection: verify depth is 1
Handshake duration: 2.76 ms
Execution 101 - TLS Single
s_connection: verify depth is 1
Handshake duration: 2.98 ms
Execution 102 - TLS Single
s_connection: verify depth is 1
Handshake duration: 1039.96 ms
Execution 103 - TLS Single
s_connection: verify depth is 1
Handshake duration: 6620.09 ms
Execution 104 - TLS Single
s_connection: verify depth is 1
Handshake duration: 1833.42 ms
Execution 105 - TLS Single
s_connection: verify depth is 1
Handshake duration: 209.45 ms
Execution 106 - TLS Single
s_connection: verify depth is 1
Handshake duration: 2.35 ms
Execution 107 - TLS Single
s_connection: verify depth is 1
Handshake duration: 1030.66 ms
Execution 108 - TLS Single
s_connection: verify depth is 1
Handshake duration: 2.08 ms
Execution 109 - TLS Single
s_connection: verify depth is 1
Handshake duration: 420.25 ms
Execution 110 - TLS Single
s_connection: verify depth is 1
Handshake duration: 2.24 ms
Execution 111 - TLS Single
s_connection: verify depth is 1
Handshake duration: 1055.17 ms
Execution 112 - TLS Single
s_connection: verify depth is 1
Handshake duration: 1008.53 ms
Execution 113 - TLS Single
s_connection: verify depth is 1
Handshake duration: 1832.00 ms
Execution 114 - TLS Single
s_connection: verify depth is 1
Handshake duration: 2.24 ms
Execution 115 - TLS Single
s_connection: verify depth is 1
Handshake duration: 2236.33 ms
Execution 116 - TLS Single
s_connection: verify depth is 1
Handshake duration: 2.18 ms
Execution 117 - TLS Single
s_connection: verify depth is 1
Handshake duration: 3345.55 ms
Execution 118 - TLS Single
s_connection: verify depth is 1
Handshake duration: 1010.95 ms
Execution 119 - TLS Single
s_connection: verify depth is 1
Handshake duration: 2672.47 ms
Execution 120 - TLS Single
s_connection: verify depth is 1
Handshake duration: 3313.66 ms
Execution 121 - TLS Single
s_connection: verify depth is 1
Handshake duration: 1215.81 ms
Execution 122 - TLS Single
s_connection: verify depth is 1
Handshake duration: 2.68 ms
Execution 123 - TLS Single
s_connection: verify depth is 1
Handshake duration: 2.31 ms
Execution 124 - TLS Single
s_connection: verify depth is 1
Handshake duration: 3072.71 ms
Execution 125 - TLS Single
s_connection: verify depth is 1
Handshake duration: 6572.34 ms
