Handshake timeout budget: 150s (identique TLS/QUIC)
Applying netem rules to lo...
Showing qdisc status for the interface: lo
qdisc netem 815f: root refcnt 2 limit 1000 seed 16149780710506433136
 Sent 0 bytes 0 pkt (dropped 0, overlimits 0 requeues 0) 
 backlog 0b 0p requeues 0
Running ./perftestClientTlsQuic.sh with SIG_ALG=mldsa65 and KEM_ALG=mlkem768
Execution 1 - TLS Single
s_connection: verify depth is 1
Handshake duration: 7018.61 ms
Execution 2 - TLS Single
s_connection: verify depth is 1
Handshake duration: 3527.09 ms
Execution 3 - TLS Single
s_connection: verify depth is 1
Handshake duration: 829.73 ms
Execution 4 - TLS Single
s_connection: verify depth is 1
Handshake duration: 2076.12 ms
Execution 5 - TLS Single
s_connection: verify depth is 1
Handshake duration: 6358.22 ms
Execution 6 - TLS Single
s_connection: verify depth is 1
Handshake duration: 211.44 ms
Execution 7 - TLS Single
s_connection: verify depth is 1
Handshake duration: 513386.76 ms
Execution 8 - TLS Single
s_connection: verify depth is 1
Handshake duration: 1235.50 ms
Execution 9 - TLS Single
s_connection: verify depth is 1
Handshake duration: 4380.81 ms
Execution 10 - TLS Single
s_connection: verify depth is 1
Handshake duration: 8477.57 ms
Execution 11 - TLS Single
s_connection: verify depth is 1
Handshake duration: 2277.65 ms
Execution 12 - TLS Single
s_connection: verify depth is 1
Handshake duration: 1476.83 ms
Execution 13 - TLS Single
s_connection: verify depth is 1
Handshake duration: 104025.71 ms
Execution 14 - TLS Single
s_connection: verify depth is 1
Handshake duration: 4.99 ms
Execution 15 - TLS Single
s_connection: verify depth is 1
Handshake duration: 1632.09 ms
Execution 16 - TLS Single
s_connection: verify depth is 1
Handshake duration: 52522.28 ms
Execution 17 - TLS Single
s_connection: verify depth is 1
Handshake duration: 2071.15 ms
Execution 18 - TLS Single
s_connection: verify depth is 1
Handshake duration: 5.64 ms
Execution 19 - TLS Single
s_connection: verify depth is 1
Handshake duration: 8.27 ms
Execution 20 - TLS Single
s_connection: verify depth is 1
Handshake duration: 1035.15 ms
Execution 21 - TLS Single
s_connection: verify depth is 1
Handshake duration: 210.19 ms
Execution 22 - TLS Single
s_connection: verify depth is 1
Handshake duration: 2045.85 ms
Execution 23 - TLS Single
s_connection: verify depth is 1
Handshake duration: 2481.29 ms
Execution 24 - TLS Single
s_connection: verify depth is 1
Handshake duration: 1468.45 ms
Execution 25 - TLS Single
s_connection: verify depth is 1
Handshake duration: 2.83 ms
Execution 26 - TLS Single
s_connection: verify depth is 1
Handshake duration: 3757.48 ms
Execution 27 - TLS Single
s_connection: verify depth is 1
Handshake duration: 3154.34 ms
Execution 28 - TLS Single
s_connection: verify depth is 1
Handshake duration: 5.51 ms
Execution 29 - TLS Single
s_connection: verify depth is 1
Handshake duration: 6384.04 ms
Execution 30 - TLS Single
s_connection: verify depth is 1
Handshake duration: 1476.90 ms
Execution 31 - TLS Single
s_connection: verify depth is 1
Handshake duration: 4597.00 ms
Execution 32 - TLS Single
s_connection: verify depth is 1
Handshake duration: 5.27 ms
Execution 33 - TLS Single
s_connection: verify depth is 1
Handshake duration: 8435.09 ms
Execution 34 - TLS Single
s_connection: verify depth is 1
Handshake duration: 3711.93 ms
Execution 35 - TLS Single
s_connection: verify depth is 1
Handshake duration: 6642.09 ms
Execution 36 - TLS Single
s_connection: verify depth is 1
Handshake duration: 1260.49 ms
Execution 37 - TLS Single
s_connection: verify depth is 1
Handshake duration: 2478.71 ms
Execution 38 - TLS Single
s_connection: verify depth is 1
Handshake duration: 3303.54 ms
Execution 39 - TLS Single
s_connection: verify depth is 1
Handshake duration: 416.79 ms
Execution 40 - TLS Single
s_connection: verify depth is 1
Handshake duration: 1687.00 ms
Execution 41 - TLS Single
s_connection: verify depth is 1
Handshake duration: 423.48 ms
Execution 42 - TLS Single
s_connection: verify depth is 1
Handshake duration: 1052.35 ms
Execution 43 - TLS Single
s_connection: verify depth is 1
Handshake duration: 216.27 ms
Execution 44 - TLS Single
s_connection: verify depth is 1
Handshake duration: 825.89 ms
Execution 45 - TLS Single
s_connection: verify depth is 1
Handshake duration: 8.36 ms
Execution 46 - TLS Single
s_connection: verify depth is 1
Handshake duration: 5.72 ms
Execution 47 - TLS Single
s_connection: verify depth is 1
Handshake duration: 5212.16 ms
Execution 48 - TLS Single
s_connection: verify depth is 1
Handshake duration: 830.37 ms
Execution 49 - TLS Single
s_connection: verify depth is 1
Handshake duration: 5.42 ms
Execution 50 - TLS Single
s_connection: verify depth is 1
Handshake duration: 5.34 ms
Execution 51 - TLS Single
s_connection: verify depth is 1
Handshake duration: 1057.11 ms
Execution 52 - TLS Single
s_connection: verify depth is 1
Handshake duration: 8.05 ms
Execution 53 - TLS Single
s_connection: verify depth is 1
Handshake duration: 628.51 ms
Execution 54 - TLS Single
s_connection: verify depth is 1
Handshake duration: 1446.78 ms
Execution 55 - TLS Single
s_connection: verify depth is 1
Handshake duration: 8.35 ms
Execution 56 - TLS Single
s_connection: verify depth is 1
Handshake duration: 2505.72 ms
Execution 57 - TLS Single
s_connection: verify depth is 1
Handshake duration: 7655.51 ms
Execution 58 - TLS Single
s_connection: verify depth is 1
Handshake duration: 6217.27 ms
Execution 59 - TLS Single
s_connection: verify depth is 1
Handshake duration: 1671.34 ms
Execution 60 - TLS Single
s_connection: verify depth is 1
Handshake duration: 833.34 ms
Execution 61 - TLS Single
s_connection: verify depth is 1
Handshake duration: 5.39 ms
Execution 62 - TLS Single
s_connection: verify depth is 1
Handshake duration: 4.97 ms
Execution 63 - TLS Single
s_connection: verify depth is 1
Handshake duration: 212.00 ms
Execution 64 - TLS Single
s_connection: verify depth is 1
Handshake duration: 10747.43 ms
Execution 65 - TLS Single
s_connection: verify depth is 1
Handshake duration: 826.69 ms
Execution 66 - TLS Single
s_connection: verify depth is 1
Handshake duration: 1021.72 ms
Execution 67 - TLS Single
s_connection: verify depth is 1
Handshake duration: 6.53 ms
Execution 68 - TLS Single
s_connection: verify depth is 1
Handshake duration: 4409.20 ms
Execution 69 - TLS Single
s_connection: verify depth is 1
Handshake duration: 1241.44 ms
Execution 70 - TLS Single
s_connection: verify depth is 1
Handshake duration: 209.53 ms
Execution 71 - TLS Single
s_connection: verify depth is 1
Handshake duration: 3338.65 ms
Execution 72 - TLS Single
s_connection: verify depth is 1
Handshake duration: 2497.88 ms
Execution 73 - TLS Single
s_connection: verify depth is 1
Handshake duration: 4.97 ms
Execution 74 - TLS Single
s_connection: verify depth is 1
Handshake duration: 1891.06 ms
Execution 75 - TLS Single
s_connection: verify depth is 1
Handshake duration: 5.08 ms
Execution 76 - TLS Single
s_connection: verify depth is 1
Handshake duration: 3930.55 ms
Execution 77 - TLS Single
s_connection: verify depth is 1
Handshake duration: 1881.06 ms
Execution 78 - TLS Single
s_connection: verify depth is 1
Handshake duration: 8.44 ms
Execution 79 - TLS Single
s_connection: verify depth is 1
Handshake duration: 4.92 ms
Execution 80 - TLS Single
s_connection: verify depth is 1
Handshake duration: 5.76 ms
Execution 81 - TLS Single
s_connection: verify depth is 1
Handshake duration: 3717.68 ms
Execution 82 - TLS Single
s_connection: verify depth is 1
Handshake duration: 4975.18 ms
Execution 83 - TLS Single
s_connection: verify depth is 1
Handshake duration: 7.71 ms
Execution 84 - TLS Single
s_connection: verify depth is 1
Handshake duration: 210.57 ms
Execution 85 - TLS Single
s_connection: verify depth is 1
Handshake duration: 2254.58 ms
Execution 86 - TLS Single
s_connection: verify depth is 1
Handshake duration: 217.40 ms
Execution 87 - TLS Single
s_connection: verify depth is 1
Handshake duration: 4543.51 ms
Execution 88 - TLS Single
s_connection: verify depth is 1
Handshake duration: 6.20 ms
Execution 89 - TLS Single
s_connection: verify depth is 1
Handshake duration: 5.66 ms
Execution 90 - TLS Single
s_connection: verify depth is 1
Handshake duration: 3505.08 ms
Execution 91 - TLS Single
s_connection: verify depth is 1
Handshake duration: 5.51 ms
Execution 92 - TLS Single
s_connection: verify depth is 1
Handshake duration: 1039.54 ms
Execution 93 - TLS Single
s_connection: verify depth is 1
Handshake duration: 1681.83 ms
Execution 94 - TLS Single
s_connection: verify depth is 1
Handshake duration: 1445.86 ms
Execution 95 - TLS Single
s_connection: verify depth is 1
Handshake duration: 1240.63 ms
Execution 96 - TLS Single
s_connection: verify depth is 1
Handshake duration: 3337.91 ms
Execution 97 - TLS Single
s_connection: verify depth is 1
Handshake duration: 2049.59 ms
Execution 98 - TLS Single
s_connection: verify depth is 1
Handshake duration: 5.38 ms
Execution 99 - TLS Single
s_connection: verify depth is 1
Handshake duration: 1037.09 ms
Execution 100 - TLS Single
s_connection: verify depth is 1
Handshake duration: 5.72 ms
Execution 101 - TLS Single
s_connection: verify depth is 1
Handshake duration: 107112.60 ms
Execution 102 - TLS Single
s_connection: verify depth is 1
Handshake duration: 213.82 ms
Execution 103 - TLS Single
s_connection: verify depth is 1
Handshake duration: 418.44 ms
Execution 104 - TLS Single
s_connection: verify depth is 1
Handshake duration: 5.05 ms
Execution 105 - TLS Single
s_connection: verify depth is 1
Handshake duration: 1274.87 ms
Execution 106 - TLS Single
s_connection: verify depth is 1
Handshake duration: 8.75 ms
Execution 107 - TLS Single
s_connection: verify depth is 1
Handshake duration: 6.03 ms
Execution 108 - TLS Single
s_connection: verify depth is 1
Handshake duration: 5.16 ms
Execution 109 - TLS Single
s_connection: verify depth is 1
Handshake duration: 426.08 ms
Execution 110 - TLS Single
s_connection: verify depth is 1
Handshake duration: 8.39 ms
Execution 111 - TLS Single
s_connection: verify depth is 1
Handshake duration: 57157.59 ms
Execution 112 - TLS Single
s_connection: verify depth is 1
Handshake duration: 4328.61 ms
Execution 113 - TLS Single
s_connection: verify depth is 1
Handshake duration: 5.45 ms
Execution 114 - TLS Single
s_connection: verify depth is 1
Handshake duration: 5.37 ms
Execution 115 - TLS Single
s_connection: verify depth is 1
Handshake duration: 208.05 ms
Execution 116 - TLS Single
s_connection: verify depth is 1
Handshake duration: 8.38 ms
Execution 117 - TLS Single
s_connection: verify depth is 1
Handshake duration: 212.82 ms
Execution 118 - TLS Single
s_connection: verify depth is 1
Handshake duration: 3097.86 ms
Execution 119 - TLS Single
s_connection: verify depth is 1
Handshake duration: 1053.31 ms
Execution 120 - TLS Single
s_connection: verify depth is 1
Handshake duration: 6.47 ms
Execution 121 - TLS Single
s_connection: verify depth is 1
Handshake duration: 1064.91 ms
Execution 122 - TLS Single
s_connection: verify depth is 1
Handshake duration: 5.81 ms
Execution 123 - TLS Single
s_connection: verify depth is 1
Handshake duration: 1656.48 ms
Execution 124 - TLS Single
s_connection: verify depth is 1
Handshake duration: 6.40 ms
Execution 125 - TLS Single
s_connection: verify depth is 1
Handshake duration: 6.12 ms
