Handshake timeout budget: 150s (identique TLS/QUIC)
Applying netem rules to lo...
Showing qdisc status for the interface: lo
qdisc netem 816e: root refcnt 2 limit 1000 seed 4232155207908737311
 Sent 0 bytes 0 pkt (dropped 0, overlimits 0 requeues 0) 
 backlog 0b 0p requeues 0
Running ./perftestClientTlsQuic.sh with SIG_ALG=secp384r1 and KEM_ALG=x448
Execution 1 - TLS Single
s_connection: verify depth is 1
Handshake duration: 1236.14 ms
Execution 2 - TLS Single
s_connection: verify depth is 1
Handshake duration: 1239.12 ms
Execution 3 - TLS Single
s_connection: verify depth is 1
Handshake duration: 12.05 ms
Execution 4 - TLS Single
s_connection: verify depth is 1
Handshake duration: 2082.88 ms
Execution 5 - TLS Single
s_connection: verify depth is 1
Handshake duration: 1045.21 ms
Execution 6 - TLS Single
s_connection: verify depth is 1
Handshake duration: 7637.40 ms
Execution 7 - TLS Single
s_connection: verify depth is 1
Handshake duration: 1056.10 ms
Execution 8 - TLS Single
s_connection: verify depth is 1
Handshake duration: 13.46 ms
Execution 9 - TLS Single
s_connection: verify depth is 1
Handshake duration: 11.99 ms
Execution 10 - TLS Single
s_connection: verify depth is 1
Handshake duration: 216.26 ms
Execution 11 - TLS Single
s_connection: verify depth is 1
Handshake duration: 1022.99 ms
Execution 12 - TLS Single
s_connection: verify depth is 1
Handshake duration: 221.23 ms
Execution 13 - TLS Single
s_connection: verify depth is 1
Handshake duration: 16.21 ms
Execution 14 - TLS Single
s_connection: verify depth is 1
Handshake duration: 1051.39 ms
Execution 15 - TLS Single
s_connection: verify depth is 1
Handshake duration: 835.79 ms
Execution 16 - TLS Single
s_connection: verify depth is 1
Handshake duration: 214.69 ms
Execution 17 - TLS Single
s_connection: verify depth is 1
Handshake duration: 11.93 ms
Execution 18 - TLS Single
s_connection: verify depth is 1
Handshake duration: 1023.49 ms
Execution 19 - TLS Single
s_connection: verify depth is 1
Handshake duration: 214.41 ms
Execution 20 - TLS Single
s_connection: verify depth is 1
Handshake duration: 12.31 ms
Execution 21 - TLS Single
s_connection: verify depth is 1
Handshake duration: 12.77 ms
Execution 22 - TLS Single
s_connection: verify depth is 1
Handshake duration: 13.82 ms
Execution 23 - TLS Single
s_connection: verify depth is 1
Handshake duration: 3076.51 ms
Execution 24 - TLS Single
s_connection: verify depth is 1
Handshake duration: 11.77 ms
Execution 25 - TLS Single
s_connection: verify depth is 1
Handshake duration: 14.04 ms
Execution 26 - TLS Single
s_connection: verify depth is 1
Handshake duration: 1217.32 ms
Execution 27 - TLS Single
s_connection: verify depth is 1
Handshake duration: 421.45 ms
Execution 28 - TLS Single
s_connection: verify depth is 1
Handshake duration: 4.95 ms
Execution 29 - TLS Single
s_connection: verify depth is 1
Handshake duration: 1688.88 ms
Execution 30 - TLS Single
s_connection: verify depth is 1
Handshake duration: 11.88 ms
Execution 31 - TLS Single
s_connection: verify depth is 1
Handshake duration: 1279.35 ms
Execution 32 - TLS Single
s_connection: verify depth is 1
Handshake duration: 1036.65 ms
Execution 33 - TLS Single
s_connection: verify depth is 1
Handshake duration: 1049.70 ms
Execution 34 - TLS Single
s_connection: verify depth is 1
Handshake duration: 13.72 ms
Execution 35 - TLS Single
s_connection: verify depth is 1
Handshake duration: 11.72 ms
Execution 36 - TLS Single
s_connection: verify depth is 1
Handshake duration: 424.61 ms
Execution 37 - TLS Single
s_connection: verify depth is 1
Handshake duration: 1061.37 ms
Execution 38 - TLS Single
s_connection: verify depth is 1
Handshake duration: 11.80 ms
Execution 39 - TLS Single
s_connection: verify depth is 1
Handshake duration: 215.04 ms
Execution 40 - TLS Single
s_connection: verify depth is 1
Handshake duration: 13.64 ms
Execution 41 - TLS Single
s_connection: verify depth is 1
Handshake duration: 1836.87 ms
Execution 42 - TLS Single
s_connection: verify depth is 1
Handshake duration: 216.29 ms
Execution 43 - TLS Single
s_connection: verify depth is 1
Handshake duration: 1060.19 ms
Execution 44 - TLS Single
s_connection: verify depth is 1
Handshake duration: 13.42 ms
Execution 45 - TLS Single
s_connection: verify depth is 1
Handshake duration: 216.43 ms
Execution 46 - TLS Single
s_connection: verify depth is 1
Handshake duration: 13.96 ms
Execution 47 - TLS Single
s_connection: verify depth is 1
Handshake duration: 1069.71 ms
Execution 48 - TLS Single
s_connection: verify depth is 1
Handshake duration: 1683.91 ms
Execution 49 - TLS Single
s_connection: verify depth is 1
Handshake duration: 13.66 ms
Execution 50 - TLS Single
s_connection: verify depth is 1
Handshake duration: 1065.00 ms
Execution 51 - TLS Single
s_connection: verify depth is 1
Handshake duration: 15.08 ms
Execution 52 - TLS Single
s_connection: verify depth is 1
Handshake duration: 1471.36 ms
Execution 53 - TLS Single
s_connection: verify depth is 1
Handshake duration: 1838.86 ms
Execution 54 - TLS Single
s_connection: verify depth is 1
Handshake duration: 217.58 ms
Execution 55 - TLS Single
s_connection: verify depth is 1
Handshake duration: 17.20 ms
Execution 56 - TLS Single
s_connection: verify depth is 1
Handshake duration: 12.12 ms
Execution 57 - TLS Single
s_connection: verify depth is 1
Handshake duration: 3071.28 ms
Execution 58 - TLS Single
s_connection: verify depth is 1
Handshake duration: 14.14 ms
Execution 59 - TLS Single
s_connection: verify depth is 1
Handshake duration: 12.23 ms
Execution 60 - TLS Single
s_connection: verify depth is 1
Handshake duration: 1076.20 ms
Execution 61 - TLS Single
s_connection: verify depth is 1
Handshake duration: 13.36 ms
Execution 62 - TLS Single
s_connection: verify depth is 1
Handshake duration: 11.95 ms
Execution 63 - TLS Single
s_connection: verify depth is 1
Handshake duration: 1277.38 ms
Execution 64 - TLS Single
s_connection: verify depth is 1
Handshake duration: 13.76 ms
Execution 65 - TLS Single
s_connection: verify depth is 1
Handshake duration: 12.78 ms
Execution 66 - TLS Single
s_connection: verify depth is 1
Handshake duration: 17.37 ms
Execution 67 - TLS Single
s_connection: verify depth is 1
Handshake duration: 429.02 ms
Execution 68 - TLS Single
s_connection: verify depth is 1
Handshake duration: 2067.08 ms
Execution 69 - TLS Single
s_connection: verify depth is 1
Handshake duration: 8851.54 ms
Execution 70 - TLS Single
s_connection: verify depth is 1
Handshake duration: 1046.27 ms
Execution 71 - TLS Single
s_connection: verify depth is 1
Handshake duration: 1831.84 ms
Execution 72 - TLS Single
s_connection: verify depth is 1
Handshake duration: 1064.64 ms
Execution 73 - TLS Single
s_connection: verify depth is 1
Handshake duration: 1257.86 ms
Execution 74 - TLS Single
s_connection: verify depth is 1
Handshake duration: 10506.70 ms
Execution 75 - TLS Single
s_connection: verify depth is 1
Handshake duration: 1048.61 ms
Execution 76 - TLS Single
s_connection: verify depth is 1
Handshake duration: 217.06 ms
Execution 77 - TLS Single
s_connection: verify depth is 1
Handshake duration: 217.17 ms
Execution 78 - TLS Single
s_connection: verify depth is 1
Handshake duration: 1051.96 ms
Execution 79 - TLS Single
s_connection: verify depth is 1
Handshake duration: 1683.60 ms
Execution 80 - TLS Single
s_connection: verify depth is 1
Handshake duration: 2077.12 ms
Execution 81 - TLS Single
s_connection: verify depth is 1
Handshake duration: 216.19 ms
Execution 82 - TLS Single
s_connection: verify depth is 1
Handshake duration: 423.67 ms
Execution 83 - TLS Single
s_connection: verify depth is 1
Handshake duration: 1027.84 ms
Execution 84 - TLS Single
s_connection: verify depth is 1
Handshake duration: 218.14 ms
Execution 85 - TLS Single
s_connection: verify depth is 1
Handshake duration: 221.79 ms
Execution 86 - TLS Single
s_connection: verify depth is 1
Handshake duration: 1076.71 ms
Execution 87 - TLS Single
s_connection: verify depth is 1
Handshake duration: 426.65 ms
Execution 88 - TLS Single
s_connection: verify depth is 1
Handshake duration: 1443.99 ms
Execution 89 - TLS Single
s_connection: verify depth is 1
Handshake duration: 1034.82 ms
Execution 90 - TLS Single
s_connection: verify depth is 1
Handshake duration: 214.27 ms
Execution 91 - TLS Single
s_connection: verify depth is 1
Handshake duration: 1466.97 ms
Execution 92 - TLS Single
s_connection: verify depth is 1
Handshake duration: 7164.43 ms
Execution 93 - TLS Single
s_connection: verify depth is 1
Handshake duration: 1251.81 ms
Execution 94 - TLS Single
s_connection: verify depth is 1
Handshake duration: 16.37 ms
Execution 95 - TLS Single
s_connection: verify depth is 1
Handshake duration: 1049.52 ms
Execution 96 - TLS Single
s_connection: verify depth is 1
Handshake duration: 12.13 ms
Execution 97 - TLS Single
s_connection: verify depth is 1
Handshake duration: 2091.55 ms
Execution 98 - TLS Single
s_connection: verify depth is 1
Handshake duration: 11.61 ms
Execution 99 - TLS Single
s_connection: verify depth is 1
Handshake duration: 12.12 ms
Execution 100 - TLS Single
s_connection: verify depth is 1
Handshake duration: 1018.24 ms
Execution 101 - TLS Single
s_connection: verify depth is 1
Handshake duration: 221.07 ms
Execution 102 - TLS Single
s_connection: verify depth is 1
Handshake duration: 1045.63 ms
Execution 103 - TLS Single
s_connection: verify depth is 1
Handshake duration: 12.11 ms
Execution 104 - TLS Single
s_connection: verify depth is 1
Handshake duration: 12.08 ms
Execution 105 - TLS Single
s_connection: verify depth is 1
Handshake duration: 1019.86 ms
Execution 106 - TLS Single
s_connection: verify depth is 1
Handshake duration: 14.02 ms
Execution 107 - TLS Single
s_connection: verify depth is 1
Handshake duration: 428.75 ms
Execution 108 - TLS Single
s_connection: verify depth is 1
Handshake duration: 1045.81 ms
Execution 109 - TLS Single
s_connection: verify depth is 1
Handshake duration: 1042.64 ms
Execution 110 - TLS Single
s_connection: verify depth is 1
Handshake duration: 1055.03 ms
Execution 111 - TLS Single
s_connection: verify depth is 1
Handshake duration: 13.44 ms
Execution 112 - TLS Single
s_connection: verify depth is 1
Handshake duration: 13.01 ms
Execution 113 - TLS Single
s_connection: verify depth is 1
Handshake duration: 13.20 ms
Execution 114 - TLS Single
s_connection: verify depth is 1
Handshake duration: 830.38 ms
Execution 115 - TLS Single
s_connection: verify depth is 1
Handshake duration: 1049.80 ms
Execution 116 - TLS Single
s_connection: verify depth is 1
Handshake duration: 11.81 ms
Execution 117 - TLS Single
s_connection: verify depth is 1
Handshake duration: 12.17 ms
Execution 118 - TLS Single
s_connection: verify depth is 1
Handshake duration: 11.81 ms
Execution 119 - TLS Single
s_connection: verify depth is 1
Handshake duration: 218.61 ms
Execution 120 - TLS Single
s_connection: verify depth is 1
Handshake duration: 13.38 ms
Execution 121 - TLS Single
s_connection: verify depth is 1
Handshake duration: 1679.21 ms
Execution 122 - TLS Single
s_connection: verify depth is 1
Handshake duration: 831.57 ms
Execution 123 - TLS Single
s_connection: verify depth is 1
Handshake duration: 222.50 ms
Execution 124 - TLS Single
s_connection: verify depth is 1
Handshake duration: 1067.82 ms
Execution 125 - TLS Single
s_connection: verify depth is 1
Handshake duration: 11.83 ms
