Handshake timeout budget: 150s (identique TLS/QUIC)
Applying netem rules to lo...
Showing qdisc status for the interface: lo
qdisc netem 817d: root refcnt 2 limit 1000 seed 14894100394579486218
 Sent 0 bytes 0 pkt (dropped 0, overlimits 0 requeues 0) 
 backlog 0b 0p requeues 0
Running ./perftestClientTlsQuic.sh with SIG_ALG=secp384r1 and KEM_ALG=hqc192
Execution 1 - TLS Single
s_connection: verify depth is 1
Handshake duration: 46.45 ms
Execution 2 - TLS Single
s_connection: verify depth is 1
Handshake duration: 441.61 ms
Execution 3 - TLS Single
s_connection: verify depth is 1
Handshake duration: 52.86 ms
Execution 4 - TLS Single
s_connection: verify depth is 1
Handshake duration: 1682.65 ms
Execution 5 - TLS Single
s_connection: verify depth is 1
Handshake duration: 8908.86 ms
Execution 6 - TLS Single
s_connection: verify depth is 1
Handshake duration: 1469.80 ms
Execution 7 - TLS Single
s_connection: verify depth is 1
Handshake duration: 242.57 ms
Execution 8 - TLS Single
s_connection: verify depth is 1
Handshake duration: 697.90 ms
Execution 9 - TLS Single
s_connection: verify depth is 1
Handshake duration: 1303.55 ms
Execution 10 - TLS Single
s_connection: verify depth is 1
Handshake duration: 4172.55 ms
Execution 11 - TLS Single
s_connection: verify depth is 1
Handshake duration: 1095.56 ms
Execution 12 - TLS Single
s_connection: verify depth is 1
Handshake duration: 4964.37 ms
Execution 13 - TLS Single
s_connection: verify depth is 1
Handshake duration: 13339.96 ms
Execution 14 - TLS Single
s_connection: verify depth is 1
Handshake duration: 111926.31 ms
Execution 15 - TLS Single
s_connection: verify depth is 1
Handshake duration: 3190.12 ms
Execution 16 - TLS Single
s_connection: verify depth is 1
Handshake duration: 47.12 ms
Execution 17 - TLS Single
s_connection: verify depth is 1
Handshake duration: 44.54 ms
Execution 18 - TLS Single
s_connection: verify depth is 1
Handshake duration: 277.60 ms
Execution 19 - TLS Single
s_connection: verify depth is 1
Handshake duration: 453.98 ms
Execution 20 - TLS Single
s_connection: verify depth is 1
Handshake duration: 67.90 ms
Execution 21 - TLS Single
s_connection: verify depth is 1
Handshake duration: 1730.51 ms
Execution 22 - TLS Single
s_connection: verify depth is 1
Handshake duration: 46.45 ms
Execution 23 - TLS Single
s_connection: verify depth is 1
Handshake duration: 3174.09 ms
Execution 24 - TLS Single
s_connection: verify depth is 1
Handshake duration: 47.06 ms
Execution 25 - TLS Single
s_connection: verify depth is 1
Handshake duration: 4372.84 ms
Execution 26 - TLS Single
s_connection: verify depth is 1
Handshake duration: 239.12 ms
Execution 27 - TLS Single
s_connection: verify depth is 1
Handshake duration: 1070.85 ms
Execution 28 - TLS Single
s_connection: verify depth is 1
Handshake duration: 2997.70 ms
Execution 29 - TLS Single
s_connection: verify depth is 1
Handshake duration: 47.83 ms
Execution 30 - TLS Single
s_connection: verify depth is 1
Handshake duration: 1980.90 ms
Execution 31 - TLS Single
s_connection: verify depth is 1
Handshake duration: 237.43 ms
Execution 32 - TLS Single
s_connection: verify depth is 1
Handshake duration: 2996.05 ms
Execution 33 - TLS Single
s_connection: verify depth is 1
Handshake duration: 2933.24 ms
Execution 34 - TLS Single
s_connection: verify depth is 1
Handshake duration: 239.15 ms
Execution 35 - TLS Single
s_connection: verify depth is 1
Handshake duration: 460.44 ms
Execution 36 - TLS Single
s_connection: verify depth is 1
Handshake duration: 882.09 ms
Execution 37 - TLS Single
s_connection: verify depth is 1
Handshake duration: 236.05 ms
Execution 38 - TLS Single
s_connection: verify depth is 1
Handshake duration: 68.68 ms
Execution 39 - TLS Single
s_connection: verify depth is 1
Handshake duration: 1105.82 ms
Execution 40 - TLS Single
s_connection: verify depth is 1
Handshake duration: 49.47 ms
Execution 41 - TLS Single
s_connection: verify depth is 1
Handshake duration: 44.36 ms
Execution 42 - TLS Single
s_connection: verify depth is 1
Handshake duration: 1512.38 ms
Execution 43 - TLS Single
s_connection: verify depth is 1
Handshake duration: 3366.50 ms
Execution 44 - TLS Single
s_connection: verify depth is 1
Handshake duration: 1097.31 ms
Execution 45 - TLS Single
s_connection: verify depth is 1
Handshake duration: 47.13 ms
Execution 46 - TLS Single
s_connection: verify depth is 1
Handshake duration: 903.70 ms
Execution 47 - TLS Single
s_connection: verify depth is 1
Handshake duration: 45.58 ms
Execution 48 - TLS Single
s_connection: verify depth is 1
Handshake duration: 1509.95 ms
Execution 49 - TLS Single
s_connection: verify depth is 1
Handshake duration: 1090.25 ms
Execution 50 - TLS Single
s_connection: verify depth is 1
Handshake duration: 46.16 ms
Execution 51 - TLS Single
s_connection: verify depth is 1
Handshake duration: 4203.75 ms
Execution 52 - TLS Single
s_connection: verify depth is 1
Handshake duration: 1354.95 ms
Execution 53 - TLS Single
s_connection: verify depth is 1
Handshake duration: 3001.96 ms
Execution 54 - TLS Single
s_connection: verify depth is 1
Handshake duration: 1105.26 ms
Execution 55 - TLS Single
s_connection: verify depth is 1
Handshake duration: 49.42 ms
Execution 56 - TLS Single
s_connection: verify depth is 1
Handshake duration: 668.48 ms
Execution 57 - TLS Single
s_connection: verify depth is 1
Handshake duration: 49.49 ms
Execution 58 - TLS Single
s_connection: verify depth is 1
Handshake duration: 2789.55 ms
Execution 59 - TLS Single
s_connection: verify depth is 1
Handshake duration: 707.26 ms
Execution 60 - TLS Single
s_connection: verify depth is 1
Handshake duration: 2813.46 ms
Execution 61 - TLS Single
s_connection: verify depth is 1
Handshake duration: 670.66 ms
Execution 62 - TLS Single
s_connection: verify depth is 1
Handshake duration: 236.47 ms
Execution 63 - TLS Single
s_connection: verify depth is 1
Handshake duration: 62.04 ms
Execution 64 - TLS Single
s_connection: verify depth is 1
Handshake duration: 276.08 ms
Execution 65 - TLS Single
s_connection: verify depth is 1
Handshake duration: 2527.09 ms
Execution 66 - TLS Single
s_connection: verify depth is 1
Handshake duration: 1086.03 ms
Execution 67 - TLS Single
s_connection: verify depth is 1
Handshake duration: 46.42 ms
Execution 68 - TLS Single
s_connection: verify depth is 1
Handshake duration: 1342.52 ms
Execution 69 - TLS Single
s_connection: verify depth is 1
Handshake duration: 3332.54 ms
Execution 70 - TLS Single
s_connection: verify depth is 1
Handshake duration: 1118.90 ms
Execution 71 - TLS Single
s_connection: verify depth is 1
Handshake duration: 252.02 ms
Execution 72 - TLS Single
s_connection: verify depth is 1
Handshake duration: 50.47 ms
Execution 73 - TLS Single
s_connection: verify depth is 1
Handshake duration: 2325.55 ms
Execution 74 - TLS Single
s_connection: verify depth is 1
Handshake duration: 54.77 ms
Execution 75 - TLS Single
s_connection: verify depth is 1
Handshake duration: 50.78 ms
Execution 76 - TLS Single
s_connection: verify depth is 1
Handshake duration: 1367.18 ms
Execution 77 - TLS Single
s_connection: verify depth is 1
Handshake duration: 669.57 ms
Execution 78 - TLS Single
s_connection: verify depth is 1
Handshake duration: 3591.39 ms
Execution 79 - TLS Single
s_connection: verify depth is 1
Handshake duration: 236.52 ms
Execution 80 - TLS Single
s_connection: verify depth is 1
Handshake duration: 66.78 ms
Execution 81 - TLS Single
s_connection: verify depth is 1
Handshake duration: 44.63 ms
Execution 82 - TLS Single
s_connection: verify depth is 1
Handshake duration: 1308.84 ms
Execution 83 - TLS Single
s_connection: verify depth is 1
Handshake duration: 2539.23 ms
Execution 84 - TLS Single
s_connection: verify depth is 1
Handshake duration: 287.02 ms
Execution 85 - TLS Single
s_connection: verify depth is 1
Handshake duration: 2098.76 ms
Execution 86 - TLS Single
s_connection: verify depth is 1
Handshake duration: 1711.21 ms
Execution 87 - TLS Single
s_connection: verify depth is 1
Handshake duration: 16404.72 ms
Execution 88 - TLS Single
s_connection: verify depth is 1
Handshake duration: 6453.40 ms
Execution 89 - TLS Single
s_connection: verify depth is 1
Handshake duration: 1948.23 ms
Execution 90 - TLS Single
s_connection: verify depth is 1
Handshake duration: 236.10 ms
Execution 91 - TLS Single
s_connection: verify depth is 1
Handshake duration: 4997.16 ms
Execution 92 - TLS Single
s_connection: verify depth is 1
Handshake duration: 45.16 ms
Execution 93 - TLS Single
s_connection: verify depth is 1
Handshake duration: 15159.83 ms
Execution 94 - TLS Single
s_connection: verify depth is 1
Handshake duration: 285.82 ms
Execution 95 - TLS Single
s_connection: verify depth is 1
Handshake duration: 1089.24 ms
Execution 96 - TLS Single
s_connection: verify depth is 1
Handshake duration: 283.24 ms
Execution 97 - TLS Single
s_connection: verify depth is 1
Handshake duration: 2579.90 ms
Execution 98 - TLS Single
s_connection: verify depth is 1
Handshake duration: 855.02 ms
Execution 99 - TLS Single
s_connection: verify depth is 1
Handshake duration: 55059.39 ms
Execution 100 - TLS Single
s_connection: verify depth is 1
Handshake duration: 879.38 ms
Execution 101 - TLS Single
s_connection: verify depth is 1
Handshake duration: 56241.99 ms
Execution 102 - TLS Single
s_connection: verify depth is 1
Handshake duration: 2097.78 ms
Execution 103 - TLS Single
s_connection: verify depth is 1
Handshake duration: 1290.81 ms
Execution 104 - TLS Single
s_connection: verify depth is 1
Handshake duration: 1562.29 ms
Execution 105 - TLS Single
s_connection: verify depth is 1
Handshake duration: 470.91 ms
Execution 106 - TLS Single
s_connection: verify depth is 1
Handshake duration: 49.83 ms
Execution 107 - TLS Single
s_connection: verify depth is 1
Handshake duration: 44.13 ms
Execution 108 - TLS Single
s_connection: verify depth is 1
Handshake duration: 3123.55 ms
Execution 109 - TLS Single
s_connection: verify depth is 1
Handshake duration: 854.61 ms
Execution 110 - TLS Single
s_connection: verify depth is 1
Handshake duration: 5481.58 ms
Execution 111 - TLS Single
s_connection: verify depth is 1
Handshake duration: 46.63 ms
Execution 112 - TLS Single
s_connection: verify depth is 1
Handshake duration: 2805.20 ms
Execution 113 - TLS Single
s_connection: verify depth is 1
Handshake duration: 672.59 ms
Execution 114 - TLS Single
s_connection: verify depth is 1
Handshake duration: 1085.30 ms
Execution 115 - TLS Single
s_connection: verify depth is 1
Handshake duration: 4445.65 ms
Execution 116 - TLS Single
s_connection: verify depth is 1
Handshake duration: 1290.04 ms
Execution 117 - TLS Single
s_connection: verify depth is 1
Handshake duration: 1495.30 ms
Execution 118 - TLS Single
s_connection: verify depth is 1
Handshake duration: 1729.85 ms
Execution 119 - TLS Single
s_connection: verify depth is 1
Handshake duration: 856.31 ms
Execution 120 - TLS Single
s_connection: verify depth is 1
Handshake duration: 1313.73 ms
Execution 121 - TLS Single
s_connection: verify depth is 1
Handshake duration: 2102.59 ms
Execution 122 - TLS Single
s_connection: verify depth is 1
Handshake duration: 4237.13 ms
Execution 123 - TLS Single
s_connection: verify depth is 1
Handshake duration: 3420.34 ms
Execution 124 - TLS Single
s_connection: verify depth is 1
Handshake duration: 3130.36 ms
Execution 125 - TLS Single
s_connection: verify depth is 1
Handshake duration: 7370.05 ms
