Handshake timeout budget: 150s (identique TLS/QUIC)
Applying netem rules to lo...
Showing qdisc status for the interface: lo
qdisc netem 8105: root refcnt 2 limit 1000 seed 10640949910850533988
 Sent 0 bytes 0 pkt (dropped 0, overlimits 0 requeues 0) 
 backlog 0b 0p requeues 0
Running ./perftestClientTlsQuic.sh with SIG_ALG=ed25519 and KEM_ALG=x25519_mlkem512
Execution 1 - TLS Single
s_connection: verify depth is 1
Handshake duration: 2284.93 ms
Execution 2 - TLS Single
s_connection: verify depth is 1
Handshake duration: 3.18 ms
Execution 3 - TLS Single
s_connection: verify depth is 1
Handshake duration: 2.38 ms
Execution 4 - TLS Single
s_connection: verify depth is 1
Handshake duration: 420.93 ms
Execution 5 - TLS Single
s_connection: verify depth is 1
Handshake duration: 4.25 ms
Execution 6 - TLS Single
s_connection: verify depth is 1
Handshake duration: 421.98 ms
Execution 7 - TLS Single
s_connection: verify depth is 1
Handshake duration: 1231.92 ms
Execution 8 - TLS Single
s_connection: verify depth is 1
Handshake duration: 3.08 ms
Execution 9 - TLS Single
s_connection: verify depth is 1
Handshake duration: 825.25 ms
Execution 10 - TLS Single
s_connection: verify depth is 1
Handshake duration: 3.40 ms
Execution 11 - TLS Single
s_connection: verify depth is 1
Handshake duration: 2.32 ms
Execution 12 - TLS Single
s_connection: verify depth is 1
Handshake duration: 2.69 ms
Execution 13 - TLS Single
s_connection: verify depth is 1
Handshake duration: 2.39 ms
Execution 14 - TLS Single
s_connection: verify depth is 1
Handshake duration: 1013.61 ms
Execution 15 - TLS Single
s_connection: verify depth is 1
Handshake duration: 2.56 ms
Execution 16 - TLS Single
s_connection: verify depth is 1
Handshake duration: 2079.65 ms
Execution 17 - TLS Single
s_connection: verify depth is 1
Handshake duration: 1011.83 ms
Execution 18 - TLS Single
s_connection: verify depth is 1
Handshake duration: 4.34 ms
Execution 19 - TLS Single
s_connection: verify depth is 1
Handshake duration: 7595.07 ms
Execution 20 - TLS Single
s_connection: verify depth is 1
Handshake duration: 1237.62 ms
Execution 21 - TLS Single
s_connection: verify depth is 1
Handshake duration: 2.16 ms
Execution 22 - TLS Single
s_connection: verify depth is 1
Handshake duration: 2.15 ms
Execution 23 - TLS Single
s_connection: verify depth is 1
Handshake duration: 8647.31 ms
Execution 24 - TLS Single
s_connection: verify depth is 1
Handshake duration: 3.81 ms
Execution 25 - TLS Single
s_connection: verify depth is 1
Handshake duration: 1052.37 ms
Execution 26 - TLS Single
s_connection: verify depth is 1
Handshake duration: 4339.78 ms
Execution 27 - TLS Single
s_connection: verify depth is 1
Handshake duration: 1048.94 ms
Execution 28 - TLS Single
s_connection: verify depth is 1
Handshake duration: 1050.25 ms
Execution 29 - TLS Single
s_connection: verify depth is 1
Handshake duration: 210.54 ms
Execution 30 - TLS Single
s_connection: verify depth is 1
Handshake duration: 2.16 ms
Execution 31 - TLS Single
s_connection: verify depth is 1
Handshake duration: 212.51 ms
Execution 32 - TLS Single
s_connection: verify depth is 1
Handshake duration: 420.39 ms
Execution 33 - TLS Single
s_connection: verify depth is 1
Handshake duration: 4359.98 ms
Execution 34 - TLS Single
s_connection: verify depth is 1
Handshake duration: 1017.69 ms
Execution 35 - TLS Single
s_connection: verify depth is 1
Handshake duration: 2.29 ms
Execution 36 - TLS Single
s_connection: verify depth is 1
Handshake duration: 1044.61 ms
Execution 37 - TLS Single
s_connection: verify depth is 1
Handshake duration: 1068.70 ms
Execution 38 - TLS Single
s_connection: verify depth is 1
Handshake duration: 10.67 ms
Execution 39 - TLS Single
s_connection: verify depth is 1
Handshake duration: 5.08 ms
Execution 40 - TLS Single
s_connection: verify depth is 1
Handshake duration: 1658.87 ms
Execution 41 - TLS Single
s_connection: verify depth is 1
Handshake duration: 13233.46 ms
Execution 42 - TLS Single
s_connection: verify depth is 1
Handshake duration: 3092.26 ms
Execution 43 - TLS Single
s_connection: verify depth is 1
Handshake duration: 413.65 ms
Execution 44 - TLS Single
s_connection: verify depth is 1
Handshake duration: 1023.35 ms
Execution 45 - TLS Single
s_connection: verify depth is 1
Handshake duration: 4.41 ms
Execution 46 - TLS Single
s_connection: verify depth is 1
Handshake duration: 207.47 ms
Execution 47 - TLS Single
s_connection: verify depth is 1
Handshake duration: 2.49 ms
Execution 48 - TLS Single
s_connection: verify depth is 1
Handshake duration: 208.11 ms
Execution 49 - TLS Single
s_connection: verify depth is 1
Handshake duration: 206.91 ms
Execution 50 - TLS Single
s_connection: verify depth is 1
Handshake duration: 2.95 ms
Execution 51 - TLS Single
s_connection: verify depth is 1
Handshake duration: 2050.86 ms
Execution 52 - TLS Single
s_connection: verify depth is 1
Handshake duration: 1005.34 ms
Execution 53 - TLS Single
s_connection: verify depth is 1
Handshake duration: 1006.30 ms
Execution 54 - TLS Single
s_connection: verify depth is 1
Handshake duration: 3.03 ms
Execution 55 - TLS Single
s_connection: verify depth is 1
Handshake duration: 3.33 ms
Execution 56 - TLS Single
s_connection: verify depth is 1
Handshake duration: 2.64 ms
Execution 57 - TLS Single
s_connection: verify depth is 1
Handshake duration: 2.58 ms
Execution 58 - TLS Single
s_connection: verify depth is 1
Handshake duration: 208.22 ms
Execution 59 - TLS Single
s_connection: verify depth is 1
Handshake duration: 3.02 ms
Execution 60 - TLS Single
s_connection: verify depth is 1
Handshake duration: 210.83 ms
Execution 61 - TLS Single
s_connection: verify depth is 1
Handshake duration: 2.62 ms
Execution 62 - TLS Single
s_connection: verify depth is 1
Handshake duration: 3.01 ms
Execution 63 - TLS Single
s_connection: verify depth is 1
Handshake duration: 4094.20 ms
Execution 64 - TLS Single
s_connection: verify depth is 1
Handshake duration: 4775.86 ms
Execution 65 - TLS Single
s_connection: verify depth is 1
Handshake duration: 1423.82 ms
Execution 66 - TLS Single
s_connection: verify depth is 1
Handshake duration: 4.05 ms
Execution 67 - TLS Single
s_connection: verify depth is 1
Handshake duration: 2.66 ms
Execution 68 - TLS Single
s_connection: verify depth is 1
Handshake duration: 2667.46 ms
Execution 69 - TLS Single
s_connection: verify depth is 1
Handshake duration: 5311.65 ms
Execution 70 - TLS Single
s_connection: verify depth is 1
Handshake duration: 2.06 ms
Execution 71 - TLS Single
s_connection: verify depth is 1
Handshake duration: 1.98 ms
Execution 72 - TLS Single
s_connection: verify depth is 1
Handshake duration: 1036.10 ms
Execution 73 - TLS Single
s_connection: verify depth is 1
Handshake duration: 207.92 ms
Execution 74 - TLS Single
s_connection: verify depth is 1
Handshake duration: 4.70 ms
Execution 75 - TLS Single
s_connection: verify depth is 1
Handshake duration: 2.19 ms
Execution 76 - TLS Single
s_connection: verify depth is 1
Handshake duration: 418.63 ms
Execution 77 - TLS Single
s_connection: verify depth is 1
Handshake duration: 209.30 ms
Execution 78 - TLS Single
s_connection: verify depth is 1
Handshake duration: 3.06 ms
Execution 79 - TLS Single
s_connection: verify depth is 1
Handshake duration: 2.59 ms
Execution 80 - TLS Single
s_connection: verify depth is 1
Handshake duration: 416.28 ms
Execution 81 - TLS Single
s_connection: verify depth is 1
Handshake duration: 3.93 ms
Execution 82 - TLS Single
s_connection: verify depth is 1
Handshake duration: 2.07 ms
Execution 83 - TLS Single
s_connection: verify depth is 1
Handshake duration: 1247.68 ms
Execution 84 - TLS Single
s_connection: verify depth is 1
Handshake duration: 1047.43 ms
Execution 85 - TLS Single
s_connection: verify depth is 1
Handshake duration: 3.99 ms
Execution 86 - TLS Single
s_connection: verify depth is 1
Handshake duration: 1864.31 ms
Execution 87 - TLS Single
s_connection: verify depth is 1
Handshake duration: 210.84 ms
Execution 88 - TLS Single
s_connection: verify depth is 1
Handshake duration: 1031.83 ms
Execution 89 - TLS Single
s_connection: verify depth is 1
Handshake duration: 2.40 ms
Execution 90 - TLS Single
s_connection: verify depth is 1
Handshake duration: 2.20 ms
Execution 91 - TLS Single
s_connection: verify depth is 1
Handshake duration: 1684.19 ms
Execution 92 - TLS Single
s_connection: verify depth is 1
Handshake duration: 1008.45 ms
Execution 93 - TLS Single
s_connection: verify depth is 1
Handshake duration: 1068.03 ms
Execution 94 - TLS Single
s_connection: verify depth is 1
Handshake duration: 3.87 ms
Execution 95 - TLS Single
s_connection: verify depth is 1
Handshake duration: 211.49 ms
Execution 96 - TLS Single
s_connection: verify depth is 1
Handshake duration: 3064.27 ms
Execution 97 - TLS Single
s_connection: verify depth is 1
Handshake duration: 3.48 ms
Execution 98 - TLS Single
s_connection: verify depth is 1
Handshake duration: 1045.45 ms
Execution 99 - TLS Single
s_connection: verify depth is 1
Handshake duration: 9.86 ms
Execution 100 - TLS Single
s_connection: verify depth is 1
Handshake duration: 1471.12 ms
Execution 101 - TLS Single
s_connection: verify depth is 1
Handshake duration: 2.72 ms
Execution 102 - TLS Single
s_connection: verify depth is 1
Handshake duration: 825.06 ms
Execution 103 - TLS Single
s_connection: verify depth is 1
Handshake duration: 826.88 ms
Execution 104 - TLS Single
s_connection: verify depth is 1
Handshake duration: 3.92 ms
Execution 105 - TLS Single
s_connection: verify depth is 1
Handshake duration: 2.48 ms
Execution 106 - TLS Single
s_connection: verify depth is 1
Handshake duration: 418.52 ms
Execution 107 - TLS Single
s_connection: verify depth is 1
Handshake duration: 1006.56 ms
Execution 108 - TLS Single
s_connection: verify depth is 1
Handshake duration: 4.68 ms
Execution 109 - TLS Single
s_connection: verify depth is 1
Handshake duration: 205.29 ms
Execution 110 - TLS Single
s_connection: verify depth is 1
Handshake duration: 1058.26 ms
Execution 111 - TLS Single
s_connection: verify depth is 1
Handshake duration: 3.42 ms
Execution 112 - TLS Single
s_connection: verify depth is 1
Handshake duration: 4118.32 ms
Execution 113 - TLS Single
s_connection: verify depth is 1
Handshake duration: 3304.26 ms
Execution 114 - TLS Single
s_connection: verify depth is 1
Handshake duration: 1272.49 ms
Execution 115 - TLS Single
s_connection: verify depth is 1
Handshake duration: 6.12 ms
Execution 116 - TLS Single
s_connection: verify depth is 1
Handshake duration: 423.19 ms
Execution 117 - TLS Single
s_connection: verify depth is 1
Handshake duration: 1025.83 ms
Execution 118 - TLS Single
s_connection: verify depth is 1
Handshake duration: 3.75 ms
Execution 119 - TLS Single
s_connection: verify depth is 1
Handshake duration: 2.37 ms
Execution 120 - TLS Single
s_connection: verify depth is 1
Handshake duration: 1037.03 ms
Execution 121 - TLS Single
s_connection: verify depth is 1
Handshake duration: 2446.15 ms
Execution 122 - TLS Single
s_connection: verify depth is 1
Handshake duration: 421.83 ms
Execution 123 - TLS Single
s_connection: verify depth is 1
Handshake duration: 1215.66 ms
Execution 124 - TLS Single
s_connection: verify depth is 1
Handshake duration: 209.36 ms
Execution 125 - TLS Single
s_connection: verify depth is 1
Handshake duration: 1867.27 ms
