Handshake timeout budget: 150s (identique TLS/QUIC)
Applying netem rules to lo...
Showing qdisc status for the interface: lo
qdisc netem 9dfe: root refcnt 2 limit 1000 seed 4441704090463120077
 Sent 0 bytes 0 pkt (dropped 0, overlimits 0 requeues 0) 
 backlog 0b 0p requeues 0
Running ./perftestClientTlsQuic.sh with SIG_ALG=mldsa65 and KEM_ALG=p384_hqc192
Execution 1 - TLS Single
s_connection: verify depth is 1
Handshake duration: 28367.00 ms
Execution 2 - TLS Single
s_connection: verify depth is 1
Handshake duration: 233.68 ms
Execution 3 - TLS Single
s_connection: verify depth is 1
Handshake duration: 70.75 ms
Execution 4 - TLS Single
s_connection: verify depth is 1
Handshake duration: 4903.13 ms
Execution 5 - TLS Single
s_connection: verify depth is 1
Handshake duration: 15808.29 ms
Execution 6 - TLS Single
s_connection: verify depth is 1
Handshake duration: 109421.58 ms
Execution 7 - TLS Single
s_connection: verify depth is 1
Handshake duration: 2901.63 ms
Execution 8 - TLS Single
s_connection: verify depth is 1
Handshake duration: 1061.94 ms
Execution 9 - TLS Single
s_connection: verify depth is 1
Handshake duration: 3747.75 ms
Execution 10 - TLS Single
s_connection: verify depth is 1
Handshake duration: 1733.91 ms
Execution 11 - TLS Single
s_connection: verify depth is 1
Handshake duration: 7819.58 ms
Execution 12 - TLS Single
s_connection: verify depth is 1
Handshake duration: 40236.21 ms
Execution 13 - TLS Single
s_connection: verify depth is 1
Handshake duration: 3365.23 ms
Execution 14 - TLS Single
s_connection: verify depth is 1
Handshake duration: 251.07 ms
Execution 15 - TLS Single
s_connection: verify depth is 1
Handshake duration: 690.12 ms
Execution 16 - TLS Single
s_connection: verify depth is 1
Handshake duration: 55.37 ms
Execution 17 - TLS Single
s_connection: verify depth is 1
Handshake duration: 27532.71 ms
Execution 18 - TLS Single
s_connection: verify depth is 1
Handshake duration: 61.14 ms
Execution 19 - TLS Single
s_connection: verify depth is 1
Handshake duration: 4427.44 ms
Execution 20 - TLS Single
s_connection: verify depth is 1
Handshake duration: 296.51 ms
Execution 21 - TLS Single
s_connection: verify depth is 1
Handshake duration: 58.51 ms
Execution 22 - TLS Single
s_connection: verify depth is 1
Handshake duration: 58.41 ms
Execution 23 - TLS Single
s_connection: verify depth is 1
Handshake duration: 62.53 ms
Execution 24 - TLS Single
s_connection: verify depth is 1
Handshake duration: 2088.25 ms
Execution 25 - TLS Single
s_connection: verify depth is 1
Handshake duration: 2508.95 ms
Execution 26 - TLS Single
s_connection: verify depth is 1
Handshake duration: 14532.83 ms
Execution 27 - TLS Single
s_connection: verify depth is 1
Handshake duration: 6618.44 ms
Execution 28 - TLS Single
s_connection: verify depth is 1
Handshake duration: 1127.56 ms
Execution 29 - TLS Single
s_connection: verify depth is 1
Handshake duration: 3050.87 ms
Execution 30 - TLS Single
s_connection: verify depth is 1
Handshake duration: 54234.60 ms
Execution 31 - TLS Single
s_connection: verify depth is 1
Handshake duration: 5670.19 ms
Execution 32 - TLS Single
s_connection: verify depth is 1
Handshake duration: 61.65 ms
Execution 33 - TLS Single
s_connection: verify depth is 1
Handshake duration: 5024.12 ms
Execution 34 - TLS Single
s_connection: verify depth is 1
Handshake duration: 2356.76 ms
Execution 35 - TLS Single
s_connection: verify depth is 1
Handshake duration: 3372.30 ms
Execution 36 - TLS Single
s_connection: verify depth is 1
Handshake duration: 58.27 ms
Execution 37 - TLS Single
s_connection: verify depth is 1
Handshake duration: 450.85 ms
Execution 38 - TLS Single
s_connection: verify depth is 1
Handshake duration: 63.19 ms
Execution 39 - TLS Single
s_connection: verify depth is 1
Handshake duration: 54249.93 ms
Execution 40 - TLS Single
s_connection: verify depth is 1
Handshake duration: 63.44 ms
Execution 41 - TLS Single
s_connection: verify depth is 1
Handshake duration: 3070.60 ms
Execution 42 - TLS Single
s_connection: verify depth is 1
Handshake duration: 3130.76 ms
Execution 43 - TLS Single
s_connection: verify depth is 1
Handshake duration: 2764.94 ms
Execution 44 - TLS Single
s_connection: verify depth is 1
Handshake duration: 61.20 ms
Execution 45 - TLS Single
s_connection: verify depth is 1
Handshake duration: 58.80 ms
Execution 46 - TLS Single
s_connection: verify depth is 1
Handshake duration: 239.60 ms
Execution 47 - TLS Single
s_connection: verify depth is 1
Handshake duration: 2953.01 ms
Execution 48 - TLS Single
s_connection: verify depth is 1
Handshake duration: 63.26 ms
Execution 49 - TLS Single
s_connection: verify depth is 1
Handshake duration: 60.64 ms
Execution 50 - TLS Single
s_connection: verify depth is 1
Handshake duration: 1313.89 ms
Execution 51 - TLS Single
s_connection: verify depth is 1
Handshake duration: 245.80 ms
Execution 52 - TLS Single
s_connection: verify depth is 1
Handshake duration: 2727.49 ms
Execution 53 - TLS Single
s_connection: verify depth is 1
Handshake duration: 1686.67 ms
Execution 54 - TLS Single
s_connection: verify depth is 1
Handshake duration: 30760.46 ms
Execution 55 - TLS Single
s_connection: verify depth is 1
Handshake duration: 3573.97 ms
Execution 56 - TLS Single
s_connection: verify depth is 1
Handshake duration: 1725.63 ms
Execution 57 - TLS Single
s_connection: verify depth is 1
Handshake duration: 1284.23 ms
Execution 58 - TLS Single
s_connection: verify depth is 1
Handshake duration: 2160.30 ms
Execution 59 - TLS Single
s_connection: verify depth is 1
Handshake duration: 58.41 ms
Execution 60 - TLS Single
s_connection: verify depth is 1
Handshake duration: 290.64 ms
Execution 61 - TLS Single
s_connection: verify depth is 1
Handshake duration: 6308.80 ms
Execution 62 - TLS Single
s_connection: verify depth is 1
Handshake duration: 2346.75 ms
Execution 63 - TLS Single
s_connection: verify depth is 1
Handshake duration: 28257.38 ms
Execution 64 - TLS Single
s_connection: verify depth is 1
Handshake duration: 5852.18 ms
Execution 65 - TLS Single
s_connection: verify depth is 1
Handshake duration: 3153.41 ms
Execution 66 - TLS Single
s_connection: verify depth is 1
Handshake duration: 66.95 ms
Execution 67 - TLS Single
s_connection: verify depth is 1
Handshake duration: 866.75 ms
Execution 68 - TLS Single
s_connection: verify depth is 1
Handshake duration: 105573.20 ms
Execution 69 - TLS Single
s_connection: verify depth is 1
Handshake duration: 1502.75 ms
Execution 70 - TLS Single
s_connection: verify depth is 1
Handshake duration: 655.24 ms
Execution 71 - TLS Single
s_connection: verify depth is 1
Handshake duration: 9172.78 ms
Execution 72 - TLS Single
s_connection: verify depth is 1
Handshake duration: 2932.83 ms
Execution 73 - TLS Single
s_connection: verify depth is 1
Handshake duration: 249.45 ms
Execution 74 - TLS Single
s_connection: verify depth is 1
Handshake duration: 14431.36 ms
Execution 75 - TLS Single
s_connection: verify depth is 1
Handshake duration: 268.87 ms
Execution 76 - TLS Single
s_connection: verify depth is 1
Handshake duration: 58.95 ms
Execution 77 - TLS Single
s_connection: verify depth is 1
Handshake duration: 9787.95 ms
Execution 78 - TLS Single
s_connection: verify depth is 1
Handshake duration: 900.20 ms
Execution 79 - TLS Single
s_connection: verify depth is 1
Handshake duration: 450.28 ms
Execution 80 - TLS Single
s_connection: verify depth is 1
Handshake duration: 1070.74 ms
Execution 81 - TLS Single
s_connection: verify depth is 1
Handshake duration: 275.99 ms
Execution 82 - TLS Single
s_connection: verify depth is 1
Handshake duration: 1113.93 ms
Execution 83 - TLS Single
s_connection: verify depth is 1
Handshake duration: 26665.88 ms
Execution 84 - TLS Single
s_connection: verify depth is 1
Handshake duration: 2579.34 ms
Execution 85 - TLS Single
s_connection: verify depth is 1
Handshake duration: 3930.18 ms
Execution 86 - TLS Single
s_connection: verify depth is 1
Handshake duration: 2321.80 ms
Execution 87 - TLS Single
s_connection: verify depth is 1
Handshake duration: 16865.65 ms
Execution 88 - TLS Single
s_connection: verify depth is 1
Handshake duration: 63.72 ms
Execution 89 - TLS Single
s_connection: verify depth is 1
Handshake duration: 1488.72 ms
Execution 90 - TLS Single
s_connection: verify depth is 1
Handshake duration: 1676.67 ms
Execution 91 - TLS Single
s_connection: verify depth is 1
Handshake duration: 4451.95 ms
Execution 92 - TLS Single
s_connection: verify depth is 1
Handshake duration: 2258.96 ms
Execution 93 - TLS Single
s_connection: verify depth is 1
Handshake duration: 18268.19 ms
Execution 94 - TLS Single
s_connection: verify depth is 1
Handshake duration: 2204.65 ms
Execution 95 - TLS Single
s_connection: verify depth is 1
Handshake duration: 2133.42 ms
Execution 96 - TLS Single
s_connection: verify depth is 1
Handshake duration: 59.15 ms
Execution 97 - TLS Single
s_connection: verify depth is 1
Handshake duration: 14932.26 ms
Execution 98 - TLS Single
s_connection: verify depth is 1
Handshake duration: 56.05 ms
Execution 99 - TLS Single
s_connection: verify depth is 1
Handshake duration: 54.94 ms
Execution 100 - TLS Single
s_connection: verify depth is 1
Handshake duration: 7236.95 ms
Execution 101 - TLS Single
s_connection: verify depth is 1
Handshake duration: 4312.65 ms
Execution 102 - TLS Single
s_connection: verify depth is 1
Handshake duration: 6919.19 ms
Execution 103 - TLS Single
s_connection: verify depth is 1
Handshake duration: 1121.08 ms
Execution 104 - TLS Single
s_connection: verify depth is 1
Handshake duration: 1519.73 ms
Execution 105 - TLS Single
s_connection: verify depth is 1
Handshake duration: 9750.86 ms
Execution 106 - TLS Single
s_connection: verify depth is 1
Handshake duration: 11029.97 ms
Execution 107 - TLS Single
s_connection: verify depth is 1
Handshake duration: 868.11 ms
Execution 108 - TLS Single
s_connection: verify depth is 1
Handshake duration: 5274.04 ms
Execution 109 - TLS Single
s_connection: verify depth is 1
Handshake duration: 1696.28 ms
Execution 110 - TLS Single
s_connection: verify depth is 1
Handshake duration: 3183.67 ms
Execution 111 - TLS Single
s_connection: verify depth is 1
Handshake duration: 863.29 ms
Execution 112 - TLS Single
s_connection: verify depth is 1
Handshake duration: 66.08 ms
Execution 113 - TLS Single
s_connection: verify depth is 1
Handshake duration: 58.80 ms
Execution 114 - TLS Single
s_connection: verify depth is 1
Handshake duration: 247.02 ms
Execution 115 - TLS Single
s_connection: verify depth is 1
Handshake duration: 5634.30 ms
Execution 116 - TLS Single
s_connection: verify depth is 1
Handshake duration: 655.23 ms
Execution 117 - TLS Single
s_connection: verify depth is 1
Handshake duration: 2819.08 ms
Execution 118 - TLS Single
s_connection: verify depth is 1
Handshake duration: 6418.51 ms
Execution 119 - TLS Single
s_connection: verify depth is 1
Handshake duration: 1339.87 ms
Execution 120 - TLS Single
s_connection: verify depth is 1
Handshake duration: 59.18 ms
Execution 121 - TLS Single
s_connection: verify depth is 1
Handshake duration: 54738.80 ms
Execution 122 - TLS Single
s_connection: verify depth is 1
Handshake duration: 62.68 ms
Execution 123 - TLS Single
s_connection: verify depth is 1
Handshake duration: 55.20 ms
Execution 124 - TLS Single
s_connection: verify depth is 1
Handshake duration: 1757.57 ms
Execution 125 - TLS Single
s_connection: verify depth is 1
Handshake duration: 6733.51 ms
