Handshake timeout budget: 150s (identique TLS/QUIC)
Applying netem rules to lo...
Showing qdisc status for the interface: lo
qdisc netem 814a: root refcnt 2 limit 1000 seed 7250173971040236497
 Sent 0 bytes 0 pkt (dropped 0, overlimits 0 requeues 0) 
 backlog 0b 0p requeues 0
Running ./perftestClientTlsQuic.sh with SIG_ALG=mldsa44 and KEM_ALG=x25519
Execution 1 - TLS Single
s_connection: verify depth is 1
Handshake duration: 615.42 ms
Execution 2 - TLS Single
s_connection: verify depth is 1
Handshake duration: 425.47 ms
Execution 3 - TLS Single
s_connection: verify depth is 1
Handshake duration: 4156.20 ms
Execution 4 - TLS Single
s_connection: verify depth is 1
Handshake duration: 4.58 ms
Execution 5 - TLS Single
s_connection: verify depth is 1
Handshake duration: 1640.54 ms
Execution 6 - TLS Single
s_connection: verify depth is 1
Handshake duration: 5.51 ms
Execution 7 - TLS Single
s_connection: verify depth is 1
Handshake duration: 1853.81 ms
Execution 8 - TLS Single
s_connection: verify depth is 1
Handshake duration: 52784.73 ms
Execution 9 - TLS Single
s_connection: verify depth is 1
Handshake duration: 4.76 ms
Execution 10 - TLS Single
s_connection: verify depth is 1
Handshake duration: 214.83 ms
Execution 11 - TLS Single
s_connection: verify depth is 1
Handshake duration: 214.25 ms
Execution 12 - TLS Single
s_connection: verify depth is 1
Handshake duration: 4.69 ms
Execution 13 - TLS Single
s_connection: verify depth is 1
Handshake duration: 3764.60 ms
Execution 14 - TLS Single
s_connection: verify depth is 1
Handshake duration: 214.96 ms
Execution 15 - TLS Single
s_connection: verify depth is 1
Handshake duration: 4.57 ms
Execution 16 - TLS Single
s_connection: verify depth is 1
Handshake duration: 830.98 ms
Execution 17 - TLS Single
s_connection: verify depth is 1
Handshake duration: 1017.24 ms
Execution 18 - TLS Single
s_connection: verify depth is 1
Handshake duration: 1267.35 ms
Execution 19 - TLS Single
s_connection: verify depth is 1
Handshake duration: 5767.20 ms
Execution 20 - TLS Single
s_connection: verify depth is 1
Handshake duration: 621.77 ms
Execution 21 - TLS Single
s_connection: verify depth is 1
Handshake duration: 1455.54 ms
Execution 22 - TLS Single
s_connection: verify depth is 1
Handshake duration: 5.29 ms
Execution 23 - TLS Single
s_connection: verify depth is 1
Handshake duration: 1039.41 ms
Execution 24 - TLS Single
s_connection: verify depth is 1
Handshake duration: 4.77 ms
Execution 25 - TLS Single
s_connection: verify depth is 1
Handshake duration: 4124.59 ms
Execution 26 - TLS Single
s_connection: verify depth is 1
Handshake duration: 1860.16 ms
Execution 27 - TLS Single
s_connection: verify depth is 1
Handshake duration: 5775.02 ms
Execution 28 - TLS Single
s_connection: verify depth is 1
Handshake duration: 1053.99 ms
Execution 29 - TLS Single
s_connection: verify depth is 1
Handshake duration: 1851.74 ms
Execution 30 - TLS Single
s_connection: verify depth is 1
Handshake duration: 4.45 ms
Execution 31 - TLS Single
s_connection: verify depth is 1
Handshake duration: 4.56 ms
Execution 32 - TLS Single
s_connection: verify depth is 1
Handshake duration: 4290.78 ms
Execution 33 - TLS Single
s_connection: verify depth is 1
Handshake duration: 4.52 ms
Execution 34 - TLS Single
s_connection: verify depth is 1
Handshake duration: 3526.26 ms
Execution 35 - TLS Single
s_connection: verify depth is 1
Handshake duration: 4.63 ms
Execution 36 - TLS Single
s_connection: verify depth is 1
Handshake duration: 4.53 ms
Execution 37 - TLS Single
s_connection: verify depth is 1
Handshake duration: 4801.27 ms
Execution 38 - TLS Single
s_connection: verify depth is 1
Handshake duration: 1661.46 ms
Execution 39 - TLS Single
s_connection: verify depth is 1
Handshake duration: 4.61 ms
Execution 40 - TLS Single
s_connection: verify depth is 1
Handshake duration: 2505.24 ms
Execution 41 - TLS Single
s_connection: verify depth is 1
Handshake duration: 5.16 ms
Execution 42 - TLS Single
s_connection: verify depth is 1
Handshake duration: 9.38 ms
Execution 43 - TLS Single
s_connection: verify depth is 1
Handshake duration: 2891.82 ms
Execution 44 - TLS Single
s_connection: verify depth is 1
Handshake duration: 4.58 ms
Execution 45 - TLS Single
s_connection: verify depth is 1
Handshake duration: 4.56 ms
Execution 46 - TLS Single
s_connection: verify depth is 1
Handshake duration: 4.68 ms
Execution 47 - TLS Single
s_connection: verify depth is 1
Handshake duration: 210.70 ms
Execution 48 - TLS Single
s_connection: verify depth is 1
Handshake duration: 2043.54 ms
Execution 49 - TLS Single
s_connection: verify depth is 1
Handshake duration: 614.17 ms
Execution 50 - TLS Single
s_connection: verify depth is 1
Handshake duration: 3.52 ms
Execution 51 - TLS Single
s_connection: verify depth is 1
Handshake duration: 618.73 ms
Execution 52 - TLS Single
s_connection: verify depth is 1
Handshake duration: 4140.50 ms
Execution 53 - TLS Single
s_connection: verify depth is 1
Handshake duration: 5.28 ms
Execution 54 - TLS Single
s_connection: verify depth is 1
Handshake duration: 619.00 ms
Execution 55 - TLS Single
s_connection: verify depth is 1
Handshake duration: 2902.21 ms
Execution 56 - TLS Single
s_connection: verify depth is 1
Handshake duration: 4.72 ms
Execution 57 - TLS Single
s_connection: verify depth is 1
Handshake duration: 621.63 ms
Execution 58 - TLS Single
s_connection: verify depth is 1
Handshake duration: 1008.42 ms
Execution 59 - TLS Single
s_connection: verify depth is 1
Handshake duration: 1893.34 ms
Execution 60 - TLS Single
s_connection: verify depth is 1
Handshake duration: 5.52 ms
Execution 61 - TLS Single
s_connection: verify depth is 1
Handshake duration: 13857.56 ms
Execution 62 - TLS Single
s_connection: verify depth is 1
Handshake duration: 4.62 ms
Execution 63 - TLS Single
s_connection: verify depth is 1
Handshake duration: 105401.28 ms
Execution 64 - TLS Single
s_connection: verify depth is 1
Handshake duration: 4.90 ms
Execution 65 - TLS Single
s_connection: verify depth is 1
Handshake duration: 4.55 ms
Execution 66 - TLS Single
s_connection: verify depth is 1
Handshake duration: 625.65 ms
Execution 67 - TLS Single
s_connection: verify depth is 1
Handshake duration: 6450.71 ms
Execution 68 - TLS Single
s_connection: verify depth is 1
Handshake duration: 210.18 ms
Execution 69 - TLS Single
s_connection: verify depth is 1
Handshake duration: 4.53 ms
Execution 70 - TLS Single
s_connection: verify depth is 1
Handshake duration: 2099.68 ms
Execution 71 - TLS Single
s_connection: verify depth is 1
Handshake duration: 4374.02 ms
Execution 72 - TLS Single
s_connection: verify depth is 1
Handshake duration: 3101.93 ms
Execution 73 - TLS Single
s_connection: verify depth is 1
Handshake duration: 5.14 ms
Execution 74 - TLS Single
s_connection: verify depth is 1
Handshake duration: 1016.22 ms
Execution 75 - TLS Single
s_connection: verify depth is 1
Handshake duration: 5.83 ms
Execution 76 - TLS Single
s_connection: verify depth is 1
Handshake duration: 216.87 ms
Execution 77 - TLS Single
s_connection: verify depth is 1
Handshake duration: 5.34 ms
Execution 78 - TLS Single
s_connection: verify depth is 1
Handshake duration: 1015.55 ms
Execution 79 - TLS Single
s_connection: verify depth is 1
Handshake duration: 5.71 ms
Execution 80 - TLS Single
s_connection: verify depth is 1
Handshake duration: 5.80 ms
Execution 81 - TLS Single
s_connection: verify depth is 1
Handshake duration: 1035.46 ms
Execution 82 - TLS Single
s_connection: verify depth is 1
Handshake duration: 1035.65 ms
Execution 83 - TLS Single
s_connection: verify depth is 1
Handshake duration: 5.43 ms
Execution 84 - TLS Single
s_connection: verify depth is 1
Handshake duration: 9.46 ms
Execution 85 - TLS Single
s_connection: verify depth is 1
Handshake duration: 831.38 ms
Execution 86 - TLS Single
s_connection: verify depth is 1
Handshake duration: 825.81 ms
Execution 87 - TLS Single
s_connection: verify depth is 1
Handshake duration: 12975.47 ms
Execution 88 - TLS Single
s_connection: verify depth is 1
Handshake duration: 2278.16 ms
Execution 89 - TLS Single
s_connection: verify depth is 1
Handshake duration: 5.33 ms
Execution 90 - TLS Single
s_connection: verify depth is 1
Handshake duration: 10.16 ms
Execution 91 - TLS Single
s_connection: verify depth is 1
Handshake duration: 1008.37 ms
Execution 92 - TLS Single
s_connection: verify depth is 1
Handshake duration: 1048.23 ms
Execution 93 - TLS Single
s_connection: verify depth is 1
Handshake duration: 1047.00 ms
Execution 94 - TLS Single
s_connection: verify depth is 1
Handshake duration: 5.37 ms
Execution 95 - TLS Single
s_connection: verify depth is 1
Handshake duration: 4.67 ms
Execution 96 - TLS Single
s_connection: verify depth is 1
Handshake duration: 8069.00 ms
Execution 97 - TLS Single
s_connection: verify depth is 1
Handshake duration: 1464.12 ms
Execution 98 - TLS Single
s_connection: verify depth is 1
Handshake duration: 1840.47 ms
Execution 99 - TLS Single
s_connection: verify depth is 1
Handshake duration: 4382.17 ms
Execution 100 - TLS Single
s_connection: verify depth is 1
Handshake duration: 4.65 ms
Execution 101 - TLS Single
s_connection: verify depth is 1
Handshake duration: 29247.89 ms
Execution 102 - TLS Single
s_connection: verify depth is 1
Handshake duration: 1245.75 ms
Execution 103 - TLS Single
s_connection: verify depth is 1
Handshake duration: 6.53 ms
Execution 104 - TLS Single
s_connection: verify depth is 1
Handshake duration: 13266.00 ms
Execution 105 - TLS Single
s_connection: verify depth is 1
Handshake duration: 4.49 ms
Execution 106 - TLS Single
s_connection: verify depth is 1
Handshake duration: 1425.96 ms
Execution 107 - TLS Single
s_connection: verify depth is 1
Handshake duration: 2456.49 ms
Execution 108 - TLS Single
s_connection: verify depth is 1
Handshake duration: 1842.60 ms
Execution 109 - TLS Single
s_connection: verify depth is 1
Handshake duration: 7649.73 ms
Execution 110 - TLS Single
s_connection: verify depth is 1
Handshake duration: 4.66 ms
Execution 111 - TLS Single
s_connection: verify depth is 1
Handshake duration: 4.94 ms
Execution 112 - TLS Single
s_connection: verify depth is 1
Handshake duration: 12939.18 ms
Execution 113 - TLS Single
s_connection: verify depth is 1
Handshake duration: 3352.98 ms
Execution 114 - TLS Single
s_connection: verify depth is 1
Handshake duration: 3735.95 ms
Execution 115 - TLS Single
s_connection: verify depth is 1
Handshake duration: 4584.77 ms
Execution 116 - TLS Single
s_connection: verify depth is 1
Handshake duration: 617.80 ms
Execution 117 - TLS Single
s_connection: verify depth is 1
Handshake duration: 4567.74 ms
Execution 118 - TLS Single
s_connection: verify depth is 1
Handshake duration: 2696.15 ms
Execution 119 - TLS Single
s_connection: verify depth is 1
Handshake duration: 1052.27 ms
Execution 120 - TLS Single
s_connection: verify depth is 1
Handshake duration: 4135.39 ms
Execution 121 - TLS Single
s_connection: verify depth is 1
Handshake duration: 5.85 ms
Execution 122 - TLS Single
s_connection: verify depth is 1
Handshake duration: 414.53 ms
Execution 123 - TLS Single
s_connection: verify depth is 1
Handshake duration: 27671.66 ms
Execution 124 - TLS Single
s_connection: verify depth is 1
Handshake duration: 4.66 ms
Execution 125 - TLS Single
s_connection: verify depth is 1
Handshake duration: 4.80 ms
