Handshake timeout budget: 150s (identique TLS/QUIC)
Applying netem rules to lo...
Showing qdisc status for the interface: lo
qdisc netem 9dd4: root refcnt 2 limit 1000 seed 4023444313085956565
 Sent 0 bytes 0 pkt (dropped 0, overlimits 0 requeues 0) 
 backlog 0b 0p requeues 0
Running ./perftestClientTlsQuic.sh with SIG_ALG=secp521r1 and KEM_ALG=hqc256
Execution 1 - TLS Single
s_connection: verify depth is 1
Handshake duration: 29660.69 ms
Execution 2 - TLS Single
s_connection: verify depth is 1
Handshake duration: 1982.61 ms
Execution 3 - TLS Single
s_connection: verify depth is 1
Handshake duration: 84.80 ms
Execution 4 - TLS Single
s_connection: verify depth is 1
Handshake duration: 1307.77 ms
Execution 5 - TLS Single
s_connection: verify depth is 1
Handshake duration: 6474.27 ms
Execution 6 - TLS Single
s_connection: verify depth is 1
Handshake duration: 293.16 ms
Execution 7 - TLS Single
s_connection: verify depth is 1
Handshake duration: 54254.92 ms
Execution 8 - TLS Single
s_connection: verify depth is 1
Handshake duration: 87.73 ms
Execution 9 - TLS Single
s_connection: verify depth is 1
Handshake duration: 258.51 ms
Execution 10 - TLS Single
s_connection: verify depth is 1
Handshake duration: 4884.37 ms
Execution 11 - TLS Single
s_connection: verify depth is 1
Handshake duration: 27270.11 ms
Execution 12 - TLS Single
s_connection: verify depth is 1
Handshake duration: 82.97 ms
Execution 13 - TLS Single
s_connection: verify depth is 1
Handshake duration: 2864.06 ms
Execution 14 - TLS Single
s_connection: verify depth is 1
Handshake duration: 6978.48 ms
Execution 15 - TLS Single
s_connection: verify depth is 1
Handshake duration: 1766.68 ms
Execution 16 - TLS Single
s_connection: verify depth is 1
Handshake duration: 1794.38 ms
Execution 17 - TLS Single
s_connection: verify depth is 1
Handshake duration: 2188.13 ms
Execution 18 - TLS Single
s_connection: verify depth is 1
Handshake duration: 2573.24 ms
Execution 19 - TLS Single
s_connection: verify depth is 1
Handshake duration: 1093.06 ms
Execution 20 - TLS Single
s_connection: verify depth is 1
Handshake duration: 258.33 ms
Execution 21 - TLS Single
s_connection: verify depth is 1
Handshake duration: 3408.82 ms
Execution 22 - TLS Single
s_connection: verify depth is 1
Handshake duration: 1595.93 ms
Execution 23 - TLS Single
s_connection: verify depth is 1
Handshake duration: 1551.98 ms
Execution 24 - TLS Single
s_connection: verify depth is 1
Handshake duration: 1357.53 ms
Execution 25 - TLS Single
s_connection: verify depth is 1
Handshake duration: 3174.13 ms
Execution 26 - TLS Single
s_connection: verify depth is 1
Handshake duration: 1345.81 ms
Execution 27 - TLS Single
s_connection: verify depth is 1
Handshake duration: 1758.16 ms
Execution 28 - TLS Single
s_connection: verify depth is 1
Handshake duration: 3195.84 ms
Execution 29 - TLS Single
s_connection: verify depth is 1
Handshake duration: 88.28 ms
Execution 30 - TLS Single
s_connection: verify depth is 1
Handshake duration: 81.78 ms
Execution 31 - TLS Single
s_connection: verify depth is 1
Handshake duration: 709.68 ms
Execution 32 - TLS Single
s_connection: verify depth is 1
Handshake duration: 2155.34 ms
Execution 33 - TLS Single
s_connection: verify depth is 1
Handshake duration: 86.07 ms
Execution 34 - TLS Single
s_connection: verify depth is 1
Handshake duration: 13922.19 ms
Execution 35 - TLS Single
s_connection: verify depth is 1
Handshake duration: 1367.63 ms
Execution 36 - TLS Single
s_connection: verify depth is 1
Handshake duration: 290.07 ms
Execution 37 - TLS Single
s_connection: verify depth is 1
Handshake duration: 1754.07 ms
Execution 38 - TLS Single
s_connection: verify depth is 1
Handshake duration: 3432.93 ms
Execution 39 - TLS Single
s_connection: verify depth is 1
Handshake duration: 260.38 ms
Execution 40 - TLS Single
s_connection: verify depth is 1
Handshake duration: 4022.82 ms
Execution 41 - TLS Single
s_connection: verify depth is 1
Handshake duration: 2221.51 ms
Execution 42 - TLS Single
s_connection: verify depth is 1
Handshake duration: 260.63 ms
Execution 43 - TLS Single
s_connection: verify depth is 1
Handshake duration: 29997.35 ms
Execution 44 - TLS Single
s_connection: verify depth is 1
Handshake duration: 1577.10 ms
Execution 45 - TLS Single
s_connection: verify depth is 1
Handshake duration: 80.40 ms
Execution 46 - TLS Single
s_connection: verify depth is 1
Handshake duration: 2381.47 ms
Execution 47 - TLS Single
s_connection: verify depth is 1
Handshake duration: 1999.32 ms
Execution 48 - TLS Single
s_connection: verify depth is 1
Handshake duration: 1284.92 ms
Execution 49 - TLS Single
s_connection: verify depth is 1
Handshake duration: 4884.30 ms
Execution 50 - TLS Single
s_connection: verify depth is 1
Handshake duration: 735.93 ms
Execution 51 - TLS Single
s_connection: verify depth is 1
Handshake duration: 16639.50 ms
Execution 52 - TLS Single
s_connection: verify depth is 1
Handshake duration: 2549.05 ms
Execution 53 - TLS Single
s_connection: verify depth is 1
Handshake duration: 1525.04 ms
Execution 54 - TLS Single
s_connection: verify depth is 1
Handshake duration: 6918.33 ms
Execution 55 - TLS Single
s_connection: verify depth is 1
Handshake duration: 1883.19 ms
Execution 56 - TLS Single
s_connection: verify depth is 1
Handshake duration: 3664.15 ms
Execution 57 - TLS Single
s_connection: verify depth is 1
Handshake duration: 85.83 ms
Execution 58 - TLS Single
s_connection: verify depth is 1
Handshake duration: 80.53 ms
Execution 59 - TLS Single
s_connection: verify depth is 1
Handshake duration: 324.35 ms
Execution 60 - TLS Single
s_connection: verify depth is 1
Handshake duration: 1350.79 ms
Execution 61 - TLS Single
s_connection: verify depth is 1
Handshake duration: 316.91 ms
Execution 62 - TLS Single
s_connection: verify depth is 1
Handshake duration: 6801.21 ms
Execution 63 - TLS Single
s_connection: verify depth is 1
Handshake duration: 9972.16 ms
Execution 64 - TLS Single
s_connection: verify depth is 1
Handshake duration: 1801.04 ms
Execution 65 - TLS Single
s_connection: verify depth is 1
Handshake duration: 1738.63 ms
Execution 66 - TLS Single
s_connection: verify depth is 1
Handshake duration: 3814.09 ms
Execution 67 - TLS Single
s_connection: verify depth is 1
Handshake duration: 2200.51 ms
Execution 68 - TLS Single
s_connection: verify depth is 1
Handshake duration: 29646.77 ms
Execution 69 - TLS Single
s_connection: verify depth is 1
Handshake duration: 326.52 ms
Execution 70 - TLS Single
s_connection: verify depth is 1
Handshake duration: 3176.03 ms
Execution 71 - TLS Single
s_connection: verify depth is 1
Handshake duration: 2397.41 ms
Execution 72 - TLS Single
s_connection: verify depth is 1
Handshake duration: 1722.08 ms
Execution 73 - TLS Single
s_connection: verify depth is 1
Handshake duration: 2217.45 ms
Execution 74 - TLS Single
s_connection: verify depth is 1
Handshake duration: 1116.91 ms
Execution 75 - TLS Single
s_connection: verify depth is 1
Handshake duration: 1369.38 ms
Execution 76 - TLS Single
s_connection: verify depth is 1
Handshake duration: 1374.08 ms
Execution 77 - TLS Single
s_connection: verify depth is 1
Handshake duration: 2776.23 ms
Execution 78 - TLS Single
s_connection: verify depth is 1
Handshake duration: 2200.63 ms
Execution 79 - TLS Single
s_connection: verify depth is 1
Handshake duration: 3177.01 ms
Execution 80 - TLS Single
s_connection: verify depth is 1
Handshake duration: 1529.43 ms
Execution 81 - TLS Single
s_connection: verify depth is 1
Handshake duration: 81.64 ms
Execution 82 - TLS Single
s_connection: verify depth is 1
Handshake duration: 2388.50 ms
Execution 83 - TLS Single
s_connection: verify depth is 1
Handshake duration: 325.76 ms
Execution 84 - TLS Single
s_connection: verify depth is 1
Handshake duration: 3262.72 ms
Execution 85 - TLS Single
s_connection: verify depth is 1
Handshake duration: 81.24 ms
Execution 86 - TLS Single
s_connection: verify depth is 1
Handshake duration: 1319.83 ms
Execution 87 - TLS Single
s_connection: verify depth is 1
Handshake duration: 878.98 ms
Execution 88 - TLS Single
s_connection: verify depth is 1
Handshake duration: 87.57 ms
Execution 89 - TLS Single
s_connection: verify depth is 1
Handshake duration: 937.00 ms
Execution 90 - TLS Single
s_connection: verify depth is 1
Handshake duration: 13382.93 ms
Execution 91 - TLS Single
s_connection: verify depth is 1
Handshake duration: 84.13 ms
Execution 92 - TLS Single
s_connection: verify depth is 1
Handshake duration: 1149.34 ms
Execution 93 - TLS Single
s_connection: verify depth is 1
Handshake duration: 3637.74 ms
Execution 94 - TLS Single
s_connection: verify depth is 1
Handshake duration: 315.36 ms
Execution 95 - TLS Single
s_connection: verify depth is 1
Handshake duration: 3017.95 ms
Execution 96 - TLS Single
s_connection: verify depth is 1
Handshake duration: 1941.52 ms
Execution 97 - TLS Single
s_connection: verify depth is 1
Handshake duration: 468.61 ms
Execution 98 - TLS Single
s_connection: verify depth is 1
Handshake duration: 89.03 ms
Execution 99 - TLS Single
s_connection: verify depth is 1
Handshake duration: 3840.22 ms
Execution 100 - TLS Single
s_connection: verify depth is 1
Handshake duration: 316.96 ms
Execution 101 - TLS Single
s_connection: verify depth is 1
Handshake duration: 1522.16 ms
Execution 102 - TLS Single
s_connection: verify depth is 1
Handshake duration: 2633.14 ms
Execution 103 - TLS Single
s_connection: verify depth is 1
Handshake duration: 81.53 ms
Execution 104 - TLS Single
s_connection: verify depth is 1
Handshake duration: 3401.80 ms
Execution 105 - TLS Single
s_connection: verify depth is 1
Handshake duration: 4244.73 ms
Execution 106 - TLS Single
s_connection: verify depth is 1
Handshake duration: 1739.83 ms
Execution 107 - TLS Single
s_connection: verify depth is 1
Handshake duration: 82.00 ms
Execution 108 - TLS Single
s_connection: verify depth is 1
Handshake duration: 320.54 ms
Execution 109 - TLS Single
s_connection: verify depth is 1
Handshake duration: 80.76 ms
Execution 110 - TLS Single
s_connection: verify depth is 1
Handshake duration: 80.26 ms
Execution 111 - TLS Single
s_connection: verify depth is 1
Handshake duration: 4613.74 ms
Execution 112 - TLS Single
s_connection: verify depth is 1
Handshake duration: 29511.79 ms
Execution 113 - TLS Single
s_connection: verify depth is 1
Handshake duration: 29652.45 ms
Execution 114 - TLS Single
s_connection: verify depth is 1
Handshake duration: 82.67 ms
Execution 115 - TLS Single
s_connection: verify depth is 1
Handshake duration: 1735.74 ms
Execution 116 - TLS Single
s_connection: verify depth is 1
Handshake duration: 84.12 ms
Execution 117 - TLS Single
s_connection: verify depth is 1
Handshake duration: 3396.28 ms
Execution 118 - TLS Single
s_connection: verify depth is 1
Handshake duration: 7500.64 ms
Execution 119 - TLS Single
s_connection: verify depth is 1
Handshake duration: 9605.95 ms
Execution 120 - TLS Single
s_connection: verify depth is 1
Handshake duration: 2180.90 ms
Execution 121 - TLS Single
s_connection: verify depth is 1
Handshake duration: 9179.67 ms
Execution 122 - TLS Single
s_connection: verify depth is 1
Handshake duration: 1541.46 ms
Execution 123 - TLS Single
s_connection: verify depth is 1
Handshake duration: 8352.07 ms
Execution 124 - TLS Single
s_connection: verify depth is 1
Handshake duration: 1580.04 ms
Execution 125 - TLS Single
s_connection: verify depth is 1
Handshake duration: 5137.60 ms
