Handshake timeout budget: 150s (identique TLS/QUIC)
Applying netem rules to lo...
Showing qdisc status for the interface: lo
qdisc netem 8cf0: root refcnt 2 limit 1000 seed 15308591879860087912
 Sent 0 bytes 0 pkt (dropped 0, overlimits 0 requeues 0) 
 backlog 0b 0p requeues 0
Running ./perftestClientTlsQuic.sh with SIG_ALG=mldsa65 and KEM_ALG=x448_hqc192
Execution 1 - TLS Single
s_connection: verify depth is 1
Handshake duration: 45.75 ms
Execution 2 - TLS Single
s_connection: verify depth is 1
Handshake duration: 847.46 ms
Execution 3 - TLS Single
s_connection: verify depth is 1
Handshake duration: 881.19 ms
Execution 4 - TLS Single
s_connection: verify depth is 1
Handshake duration: 109521.06 ms
Execution 5 - TLS Single
s_connection: verify depth is 1
Handshake duration: 1315.14 ms
Execution 6 - TLS Single
s_connection: verify depth is 1
Handshake duration: 854.42 ms
Execution 7 - TLS Single
s_connection: verify depth is 1
Handshake duration: 1287.57 ms
Execution 8 - TLS Single
s_connection: verify depth is 1
Handshake duration: 241.63 ms
Execution 9 - TLS Single
s_connection: verify depth is 1
Handshake duration: 1141.64 ms
Execution 10 - TLS Single
s_connection: verify depth is 1
Handshake duration: 2765.94 ms
Execution 11 - TLS Single
s_connection: verify depth is 1
Handshake duration: 673.75 ms
Execution 12 - TLS Single
s_connection: verify depth is 1
Handshake duration: 1697.53 ms
Execution 13 - TLS Single
s_connection: verify depth is 1
Handshake duration: 52.75 ms
Execution 14 - TLS Single
s_connection: verify depth is 1
Handshake duration: 1745.32 ms
Execution 15 - TLS Single
s_connection: verify depth is 1
Handshake duration: 48.34 ms
Execution 16 - TLS Single
s_connection: verify depth is 1
Handshake duration: 848.56 ms
Execution 17 - TLS Single
s_connection: verify depth is 1
Handshake duration: 55.01 ms
Execution 18 - TLS Single
s_connection: verify depth is 1
Handshake duration: 27621.30 ms
Execution 19 - TLS Single
s_connection: verify depth is 1
Handshake duration: 56.23 ms
Execution 20 - TLS Single
s_connection: verify depth is 1
Handshake duration: 28978.40 ms
Execution 21 - TLS Single
s_connection: verify depth is 1
Handshake duration: 642.97 ms
Execution 22 - TLS Single
s_connection: verify depth is 1
Handshake duration: 1707.77 ms
Execution 23 - TLS Single
s_connection: verify depth is 1
Handshake duration: 1923.78 ms
Execution 24 - TLS Single
s_connection: verify depth is 1
Handshake duration: 26380.09 ms
Execution 25 - TLS Single
s_connection: verify depth is 1
Handshake duration: 14532.22 ms
Execution 26 - TLS Single
s_connection: verify depth is 1
Handshake duration: 448.70 ms
Execution 27 - TLS Single
s_connection: verify depth is 1
Handshake duration: 65.52 ms
Execution 28 - TLS Single
s_connection: verify depth is 1
Handshake duration: 2433.89 ms
Execution 29 - TLS Single
s_connection: verify depth is 1
Handshake duration: 8159.10 ms
Execution 30 - TLS Single
s_connection: verify depth is 1
Handshake duration: 2487.20 ms
Execution 31 - TLS Single
s_connection: verify depth is 1
Handshake duration: 240.19 ms
Execution 32 - TLS Single
s_connection: verify depth is 1
Handshake duration: 442.91 ms
Execution 33 - TLS Single
s_connection: verify depth is 1
Handshake duration: 4355.73 ms
Execution 34 - TLS Single
s_connection: verify depth is 1
Handshake duration: 1256.51 ms
Execution 35 - TLS Single
s_connection: verify depth is 1
Handshake duration: 245.66 ms
Execution 36 - TLS Single
s_connection: verify depth is 1
Handshake duration: 4190.35 ms
Execution 37 - TLS Single
s_connection: verify depth is 1
Handshake duration: 1477.05 ms
Execution 38 - TLS Single
s_connection: verify depth is 1
Handshake duration: 244.13 ms
Execution 39 - TLS Single
s_connection: verify depth is 1
Handshake duration: 61.00 ms
Execution 40 - TLS Single
s_connection: verify depth is 1
Handshake duration: 45.97 ms
Execution 41 - TLS Single
s_connection: verify depth is 1
Handshake duration: 2101.83 ms
Execution 42 - TLS Single
s_connection: verify depth is 1
Handshake duration: 55.16 ms
Execution 43 - TLS Single
s_connection: verify depth is 1
Handshake duration: 3494.28 ms
Execution 44 - TLS Single
s_connection: verify depth is 1
Handshake duration: 1296.44 ms
Execution 45 - TLS Single
s_connection: verify depth is 1
Handshake duration: 4930.92 ms
Execution 46 - TLS Single
s_connection: verify depth is 1
Handshake duration: 1906.29 ms
Execution 47 - TLS Single
s_connection: verify depth is 1
Handshake duration: 65.34 ms
Execution 48 - TLS Single
s_connection: verify depth is 1
Handshake duration: 2331.49 ms
Execution 49 - TLS Single
s_connection: verify depth is 1
Handshake duration: 3126.01 ms
Execution 50 - TLS Single
s_connection: verify depth is 1
Handshake duration: 55.28 ms
Execution 51 - TLS Single
s_connection: verify depth is 1
Handshake duration: 3562.55 ms
Execution 52 - TLS Single
s_connection: verify depth is 1
Handshake duration: 238.01 ms
Execution 53 - TLS Single
s_connection: verify depth is 1
Handshake duration: 869.43 ms
Execution 54 - TLS Single
s_connection: verify depth is 1
Handshake duration: 1266.12 ms
Execution 55 - TLS Single
s_connection: verify depth is 1
Handshake duration: 1688.72 ms
Execution 56 - TLS Single
s_connection: verify depth is 1
Handshake duration: 1541.42 ms
Execution 57 - TLS Single
s_connection: verify depth is 1
Handshake duration: 5009.25 ms
Execution 58 - TLS Single
s_connection: verify depth is 1
Handshake duration: 17387.11 ms
Execution 59 - TLS Single
s_connection: verify depth is 1
Handshake duration: 1503.49 ms
Execution 60 - TLS Single
s_connection: verify depth is 1
Handshake duration: 1501.01 ms
Execution 61 - TLS Single
s_connection: verify depth is 1
Handshake duration: 3354.04 ms
Execution 62 - TLS Single
s_connection: verify depth is 1
Handshake duration: 1720.78 ms
Execution 63 - TLS Single
s_connection: verify depth is 1
Handshake duration: 5664.01 ms
Execution 64 - TLS Single
s_connection: verify depth is 1
Handshake duration: 2135.48 ms
Execution 65 - TLS Single
s_connection: verify depth is 1
Handshake duration: 2098.71 ms
Execution 66 - TLS Single
s_connection: verify depth is 1
Handshake duration: 282.19 ms
Execution 67 - TLS Single
s_connection: verify depth is 1
Handshake duration: 269.02 ms
Execution 68 - TLS Single
s_connection: verify depth is 1
Handshake duration: 6825.92 ms
Execution 69 - TLS Single
s_connection: verify depth is 1
Handshake duration: 8269.75 ms
Execution 70 - TLS Single
s_connection: verify depth is 1
Handshake duration: 53.48 ms
Execution 71 - TLS Single
s_connection: verify depth is 1
Handshake duration: 464.35 ms
Execution 72 - TLS Single
s_connection: verify depth is 1
Handshake duration: 1287.59 ms
Execution 73 - TLS Single
s_connection: verify depth is 1
Handshake duration: 47.90 ms
Execution 74 - TLS Single
s_connection: verify depth is 1
Handshake duration: 440.08 ms
Execution 75 - TLS Single
s_connection: verify depth is 1
Handshake duration: 27265.38 ms
Execution 76 - TLS Single
s_connection: verify depth is 1
Handshake duration: 2365.87 ms
Execution 77 - TLS Single
s_connection: verify depth is 1
Handshake duration: 55.89 ms
Execution 78 - TLS Single
s_connection: verify depth is 1
Handshake duration: 7051.60 ms
Execution 79 - TLS Single
s_connection: verify depth is 1
Handshake duration: 1702.10 ms
Execution 80 - TLS Single
s_connection: verify depth is 1
Handshake duration: 1519.11 ms
Execution 81 - TLS Single
s_connection: verify depth is 1
Handshake duration: 860.25 ms
Execution 82 - TLS Single
s_connection: verify depth is 1
Handshake duration: 1313.70 ms
Execution 83 - TLS Single
s_connection: verify depth is 1
Handshake duration: 53.20 ms
Execution 84 - TLS Single
s_connection: verify depth is 1
Handshake duration: 229.19 ms
Execution 85 - TLS Single
s_connection: verify depth is 1
Handshake duration: 869.34 ms
Execution 86 - TLS Single
s_connection: verify depth is 1
Handshake duration: 2074.51 ms
Execution 87 - TLS Single
s_connection: verify depth is 1
Handshake duration: 1734.13 ms
Execution 88 - TLS Single
s_connection: verify depth is 1
Handshake duration: 1269.17 ms
Execution 89 - TLS Single
s_connection: verify depth is 1
Handshake duration: 1531.63 ms
Execution 90 - TLS Single
s_connection: verify depth is 1
Handshake duration: 14045.17 ms
Execution 91 - TLS Single
s_connection: verify depth is 1
Handshake duration: 450.03 ms
Execution 92 - TLS Single
s_connection: verify depth is 1
Handshake duration: 66.29 ms
Execution 93 - TLS Single
s_connection: verify depth is 1
Handshake duration: 1071.37 ms
Execution 94 - TLS Single
s_connection: verify depth is 1
Handshake duration: 48.35 ms
Execution 95 - TLS Single
s_connection: verify depth is 1
Handshake duration: 236.28 ms
Execution 96 - TLS Single
s_connection: verify depth is 1
Handshake duration: 67.93 ms
Execution 97 - TLS Single
s_connection: verify depth is 1
Handshake duration: 45.40 ms
Execution 98 - TLS Single
s_connection: verify depth is 1
Handshake duration: 1906.27 ms
Execution 99 - TLS Single
s_connection: verify depth is 1
Handshake duration: 1257.41 ms
Execution 100 - TLS Single
s_connection: verify depth is 1
Handshake duration: 456.92 ms
Execution 101 - TLS Single
s_connection: verify depth is 1
Handshake duration: 2130.81 ms
Execution 102 - TLS Single
s_connection: verify depth is 1
Handshake duration: 1468.99 ms
Execution 103 - TLS Single
s_connection: verify depth is 1
Handshake duration: 4990.06 ms
Execution 104 - TLS Single
s_connection: verify depth is 1
Handshake duration: 106352.58 ms
Execution 105 - TLS Single
s_connection: verify depth is 1
Handshake duration: 294.74 ms
Execution 106 - TLS Single
s_connection: verify depth is 1
Handshake duration: 1510.39 ms
Execution 107 - TLS Single
s_connection: verify depth is 1
Handshake duration: 443.84 ms
Execution 108 - TLS Single
s_connection: verify depth is 1
Handshake duration: 6591.03 ms
Execution 109 - TLS Single
s_connection: verify depth is 1
Handshake duration: 3400.75 ms
Execution 110 - TLS Single
s_connection: verify depth is 1
Handshake duration: 58.44 ms
Execution 111 - TLS Single
s_connection: verify depth is 1
Handshake duration: 110482.81 ms
Execution 112 - TLS Single
s_connection: verify depth is 1
Handshake duration: 54.74 ms
Execution 113 - TLS Single
s_connection: verify depth is 1
Handshake duration: 1061.13 ms
Execution 114 - TLS Single
s_connection: verify depth is 1
Handshake duration: 3779.35 ms
Execution 115 - TLS Single
s_connection: verify depth is 1
Handshake duration: 2727.12 ms
Execution 116 - TLS Single
s_connection: verify depth is 1
Handshake duration: 447.46 ms
Execution 117 - TLS Single
s_connection: verify depth is 1
Handshake duration: 9066.32 ms
Execution 118 - TLS Single
s_connection: verify depth is 1
Handshake duration: 5162.29 ms
Execution 119 - TLS Single
s_connection: verify depth is 1
Handshake duration: 1475.57 ms
Execution 120 - TLS Single
s_connection: verify depth is 1
Handshake duration: 4812.70 ms
Execution 121 - TLS Single
s_connection: verify depth is 1
Handshake duration: 52.69 ms
Execution 122 - TLS Single
s_connection: verify depth is 1
Handshake duration: 1916.21 ms
Execution 123 - TLS Single
s_connection: verify depth is 1
Handshake duration: 54.24 ms
Execution 124 - TLS Single
s_connection: verify depth is 1
Handshake duration: 4169.83 ms
Execution 125 - TLS Single
s_connection: verify depth is 1
Handshake duration: 4836.11 ms
