Handshake timeout budget: 150s (identique TLS/QUIC)
Applying netem rules to lo...
Showing qdisc status for the interface: lo
qdisc netem 952d: root refcnt 2 limit 1000 seed 11337853570490863159
 Sent 0 bytes 0 pkt (dropped 0, overlimits 0 requeues 0) 
 backlog 0b 0p requeues 0
Running ./perftestClientTlsQuic.sh with SIG_ALG=secp384r1 and KEM_ALG=hqc192
Execution 1 - TLS Single
s_connection: verify depth is 1
Handshake duration: 1932.12 ms
Execution 2 - TLS Single
s_connection: verify depth is 1
Handshake duration: 45.91 ms
Execution 3 - TLS Single
s_connection: verify depth is 1
Handshake duration: 1932.73 ms
Execution 4 - TLS Single
s_connection: verify depth is 1
Handshake duration: 3398.66 ms
Execution 5 - TLS Single
s_connection: verify depth is 1
Handshake duration: 1291.56 ms
Execution 6 - TLS Single
s_connection: verify depth is 1
Handshake duration: 2362.95 ms
Execution 7 - TLS Single
s_connection: verify depth is 1
Handshake duration: 50.44 ms
Execution 8 - TLS Single
s_connection: verify depth is 1
Handshake duration: 1119.37 ms
Execution 9 - TLS Single
s_connection: verify depth is 1
Handshake duration: 5387.53 ms
Execution 10 - TLS Single
s_connection: verify depth is 1
Handshake duration: 4371.62 ms
Execution 11 - TLS Single
s_connection: verify depth is 1
Handshake duration: 48.33 ms
Execution 12 - TLS Single
s_connection: verify depth is 1
Handshake duration: 461.88 ms
Execution 13 - TLS Single
s_connection: verify depth is 1
Handshake duration: 19727.21 ms
Execution 14 - TLS Single
s_connection: verify depth is 1
Handshake duration: 51.89 ms
Execution 15 - TLS Single
s_connection: verify depth is 1
Handshake duration: 874.10 ms
Execution 16 - TLS Single
s_connection: verify depth is 1
Handshake duration: 48.17 ms
Execution 17 - TLS Single
s_connection: verify depth is 1
Handshake duration: 857.82 ms
Execution 18 - TLS Single
s_connection: verify depth is 1
Handshake duration: 1726.54 ms
Execution 19 - TLS Single
s_connection: verify depth is 1
Handshake duration: 294.15 ms
Execution 20 - TLS Single
s_connection: verify depth is 1
Handshake duration: 46.61 ms
Execution 21 - TLS Single
s_connection: verify depth is 1
Handshake duration: 5219.12 ms
Execution 22 - TLS Single
s_connection: verify depth is 1
Handshake duration: 1557.07 ms
Execution 23 - TLS Single
s_connection: verify depth is 1
Handshake duration: NaN ms  (client-side timeout after 150s)
Execution 24 - TLS Single
s_connection: verify depth is 1
Handshake duration: 5216.40 ms
Execution 25 - TLS Single
s_connection: verify depth is 1
Handshake duration: 3189.35 ms
Execution 26 - TLS Single
s_connection: verify depth is 1
Handshake duration: 880.12 ms
Execution 27 - TLS Single
s_connection: verify depth is 1
Handshake duration: 7762.10 ms
Execution 28 - TLS Single
s_connection: verify depth is 1
Handshake duration: 1318.13 ms
Execution 29 - TLS Single
s_connection: verify depth is 1
Handshake duration: 2732.06 ms
Execution 30 - TLS Single
s_connection: verify depth is 1
Handshake duration: 910.35 ms
Execution 31 - TLS Single
s_connection: verify depth is 1
Handshake duration: 284.51 ms
Execution 32 - TLS Single
s_connection: verify depth is 1
Handshake duration: 1308.94 ms
Execution 33 - TLS Single
s_connection: verify depth is 1
Handshake duration: 50.16 ms
Execution 34 - TLS Single
s_connection: verify depth is 1
Handshake duration: 49.71 ms
Execution 35 - TLS Single
s_connection: verify depth is 1
Handshake duration: 51.36 ms
Execution 36 - TLS Single
s_connection: verify depth is 1
Handshake duration: 1090.30 ms
Execution 37 - TLS Single
s_connection: verify depth is 1
Handshake duration: 14155.49 ms
Execution 38 - TLS Single
s_connection: verify depth is 1
Handshake duration: 47.32 ms
Execution 39 - TLS Single
s_connection: verify depth is 1
Handshake duration: 45.03 ms
Execution 40 - TLS Single
s_connection: verify depth is 1
Handshake duration: 673.45 ms
Execution 41 - TLS Single
s_connection: verify depth is 1
Handshake duration: 1699.80 ms
Execution 42 - TLS Single
s_connection: verify depth is 1
Handshake duration: 47.77 ms
Execution 43 - TLS Single
s_connection: verify depth is 1
Handshake duration: 1723.92 ms
Execution 44 - TLS Single
s_connection: verify depth is 1
Handshake duration: 667.91 ms
Execution 45 - TLS Single
s_connection: verify depth is 1
Handshake duration: 238.97 ms
Execution 46 - TLS Single
s_connection: verify depth is 1
Handshake duration: 1685.14 ms
Execution 47 - TLS Single
s_connection: verify depth is 1
Handshake duration: 1360.39 ms
Execution 48 - TLS Single
s_connection: verify depth is 1
Handshake duration: 46.70 ms
Execution 49 - TLS Single
s_connection: verify depth is 1
Handshake duration: 44.65 ms
Execution 50 - TLS Single
s_connection: verify depth is 1
Handshake duration: 1531.23 ms
Execution 51 - TLS Single
s_connection: verify depth is 1
Handshake duration: 104621.08 ms
Execution 52 - TLS Single
s_connection: verify depth is 1
Handshake duration: 701.84 ms
Execution 53 - TLS Single
s_connection: verify depth is 1
Handshake duration: 669.21 ms
Execution 54 - TLS Single
s_connection: verify depth is 1
Handshake duration: 48.09 ms
Execution 55 - TLS Single
s_connection: verify depth is 1
Handshake duration: 675.34 ms
Execution 56 - TLS Single
s_connection: verify depth is 1
Handshake duration: 6437.68 ms
Execution 57 - TLS Single
s_connection: verify depth is 1
Handshake duration: 6732.73 ms
Execution 58 - TLS Single
s_connection: verify depth is 1
Handshake duration: 46.23 ms
Execution 59 - TLS Single
s_connection: verify depth is 1
Handshake duration: 3363.68 ms
Execution 60 - TLS Single
s_connection: verify depth is 1
Handshake duration: 3956.19 ms
Execution 61 - TLS Single
s_connection: verify depth is 1
Handshake duration: 47.28 ms
Execution 62 - TLS Single
s_connection: verify depth is 1
Handshake duration: 3402.82 ms
Execution 63 - TLS Single
s_connection: verify depth is 1
Handshake duration: 47.57 ms
Execution 64 - TLS Single
s_connection: verify depth is 1
Handshake duration: 45.82 ms
Execution 65 - TLS Single
s_connection: verify depth is 1
Handshake duration: 6449.55 ms
Execution 66 - TLS Single
s_connection: verify depth is 1
Handshake duration: 14581.33 ms
Execution 67 - TLS Single
s_connection: verify depth is 1
Handshake duration: 8522.57 ms
Execution 68 - TLS Single
s_connection: verify depth is 1
Handshake duration: 45.91 ms
Execution 69 - TLS Single
s_connection: verify depth is 1
Handshake duration: 27560.82 ms
Execution 70 - TLS Single
s_connection: verify depth is 1
Handshake duration: 26612.25 ms
Execution 71 - TLS Single
s_connection: verify depth is 1
Handshake duration: 854.00 ms
Execution 72 - TLS Single
s_connection: verify depth is 1
Handshake duration: 688.98 ms
Execution 73 - TLS Single
s_connection: verify depth is 1
Handshake duration: 53719.18 ms
Execution 74 - TLS Single
s_connection: verify depth is 1
Handshake duration: 674.00 ms
Execution 75 - TLS Single
s_connection: verify depth is 1
Handshake duration: 676.46 ms
Execution 76 - TLS Single
s_connection: verify depth is 1
Handshake duration: 288.19 ms
Execution 77 - TLS Single
s_connection: verify depth is 1
Handshake duration: 269.04 ms
Execution 78 - TLS Single
s_connection: verify depth is 1
Handshake duration: 292.38 ms
Execution 79 - TLS Single
s_connection: verify depth is 1
Handshake duration: 1923.70 ms
Execution 80 - TLS Single
s_connection: verify depth is 1
Handshake duration: 47.86 ms
Execution 81 - TLS Single
s_connection: verify depth is 1
Handshake duration: 666.45 ms
Execution 82 - TLS Single
s_connection: verify depth is 1
Handshake duration: 1286.43 ms
Execution 83 - TLS Single
s_connection: verify depth is 1
Handshake duration: 47.95 ms
Execution 84 - TLS Single
s_connection: verify depth is 1
Handshake duration: 1321.32 ms
Execution 85 - TLS Single
s_connection: verify depth is 1
Handshake duration: 1724.06 ms
Execution 86 - TLS Single
s_connection: verify depth is 1
Handshake duration: 878.28 ms
Execution 87 - TLS Single
s_connection: verify depth is 1
Handshake duration: 692.85 ms
Execution 88 - TLS Single
s_connection: verify depth is 1
Handshake duration: 3797.52 ms
Execution 89 - TLS Single
s_connection: verify depth is 1
Handshake duration: 45.77 ms
Execution 90 - TLS Single
s_connection: verify depth is 1
Handshake duration: 4637.18 ms
Execution 91 - TLS Single
s_connection: verify depth is 1
Handshake duration: 2168.22 ms
Execution 92 - TLS Single
s_connection: verify depth is 1
Handshake duration: 243.32 ms
Execution 93 - TLS Single
s_connection: verify depth is 1
Handshake duration: 669.47 ms
Execution 94 - TLS Single
s_connection: verify depth is 1
Handshake duration: 47.60 ms
Execution 95 - TLS Single
s_connection: verify depth is 1
Handshake duration: 286.29 ms
Execution 96 - TLS Single
s_connection: verify depth is 1
Handshake duration: 48.76 ms
Execution 97 - TLS Single
s_connection: verify depth is 1
Handshake duration: 3158.56 ms
Execution 98 - TLS Single
s_connection: verify depth is 1
Handshake duration: 1328.19 ms
Execution 99 - TLS Single
s_connection: verify depth is 1
Handshake duration: 51.96 ms
Execution 100 - TLS Single
s_connection: verify depth is 1
Handshake duration: 51.08 ms
Execution 101 - TLS Single
s_connection: verify depth is 1
Handshake duration: 879.21 ms
Execution 102 - TLS Single
s_connection: verify depth is 1
Handshake duration: 1269.59 ms
Execution 103 - TLS Single
s_connection: verify depth is 1
Handshake duration: 52.56 ms
Execution 104 - TLS Single
s_connection: verify depth is 1
Handshake duration: 1677.43 ms
Execution 105 - TLS Single
s_connection: verify depth is 1
Handshake duration: 50.77 ms
Execution 106 - TLS Single
s_connection: verify depth is 1
Handshake duration: 234.95 ms
Execution 107 - TLS Single
s_connection: verify depth is 1
Handshake duration: 29565.36 ms
Execution 108 - TLS Single
s_connection: verify depth is 1
Handshake duration: 289.25 ms
Execution 109 - TLS Single
s_connection: verify depth is 1
Handshake duration: 853.70 ms
Execution 110 - TLS Single
s_connection: verify depth is 1
Handshake duration: 1928.00 ms
Execution 111 - TLS Single
s_connection: verify depth is 1
Handshake duration: 3130.91 ms
Execution 112 - TLS Single
s_connection: verify depth is 1
Handshake duration: 1535.59 ms
Execution 113 - TLS Single
s_connection: verify depth is 1
Handshake duration: 1748.73 ms
Execution 114 - TLS Single
s_connection: verify depth is 1
Handshake duration: 3352.72 ms
Execution 115 - TLS Single
s_connection: verify depth is 1
Handshake duration: 6456.35 ms
Execution 116 - TLS Single
s_connection: verify depth is 1
Handshake duration: 13904.36 ms
Execution 117 - TLS Single
s_connection: verify depth is 1
Handshake duration: 252.85 ms
Execution 118 - TLS Single
s_connection: verify depth is 1
Handshake duration: 47.73 ms
Execution 119 - TLS Single
s_connection: verify depth is 1
Handshake duration: 6592.34 ms
Execution 120 - TLS Single
s_connection: verify depth is 1
Handshake duration: 3593.23 ms
Execution 121 - TLS Single
s_connection: verify depth is 1
Handshake duration: 2741.29 ms
Execution 122 - TLS Single
s_connection: verify depth is 1
Handshake duration: 45.97 ms
Execution 123 - TLS Single
s_connection: verify depth is 1
Handshake duration: 1933.95 ms
Execution 124 - TLS Single
s_connection: verify depth is 1
Handshake duration: 3598.28 ms
Execution 125 - TLS Single
s_connection: verify depth is 1
Handshake duration: 902.75 ms
