Handshake timeout budget: 150s (identique TLS/QUIC)
Applying netem rules to lo...
Showing qdisc status for the interface: lo
qdisc netem 9de6: root refcnt 2 limit 1000 seed 13768099030043006687
 Sent 0 bytes 0 pkt (dropped 0, overlimits 0 requeues 0) 
 backlog 0b 0p requeues 0
Running ./perftestClientTlsQuic.sh with SIG_ALG=secp384r1 and KEM_ALG=x448_mlkem768
Execution 1 - TLS Single
s_connection: verify depth is 1
Handshake duration: 1264.94 ms
Execution 2 - TLS Single
s_connection: verify depth is 1
Handshake duration: 10.55 ms
Execution 3 - TLS Single
s_connection: verify depth is 1
Handshake duration: 1016.47 ms
Execution 4 - TLS Single
s_connection: verify depth is 1
Handshake duration: 5.03 ms
Execution 5 - TLS Single
s_connection: verify depth is 1
Handshake duration: 1433.51 ms
Execution 6 - TLS Single
s_connection: verify depth is 1
Handshake duration: 3736.52 ms
Execution 7 - TLS Single
s_connection: verify depth is 1
Handshake duration: 3133.34 ms
Execution 8 - TLS Single
s_connection: verify depth is 1
Handshake duration: 1015.76 ms
Execution 9 - TLS Single
s_connection: verify depth is 1
Handshake duration: 626.81 ms
Execution 10 - TLS Single
s_connection: verify depth is 1
Handshake duration: 8.99 ms
Execution 11 - TLS Single
s_connection: verify depth is 1
Handshake duration: 4.56 ms
Execution 12 - TLS Single
s_connection: verify depth is 1
Handshake duration: 1431.65 ms
Execution 13 - TLS Single
s_connection: verify depth is 1
Handshake duration: 225.21 ms
Execution 14 - TLS Single
s_connection: verify depth is 1
Handshake duration: 5.51 ms
Execution 15 - TLS Single
s_connection: verify depth is 1
Handshake duration: 8.12 ms
Execution 16 - TLS Single
s_connection: verify depth is 1
Handshake duration: 216.26 ms
Execution 17 - TLS Single
s_connection: verify depth is 1
Handshake duration: 14.14 ms
Execution 18 - TLS Single
s_connection: verify depth is 1
Handshake duration: 5.50 ms
Execution 19 - TLS Single
s_connection: verify depth is 1
Handshake duration: 4.31 ms
Execution 20 - TLS Single
s_connection: verify depth is 1
Handshake duration: 1452.24 ms
Execution 21 - TLS Single
s_connection: verify depth is 1
Handshake duration: 1261.37 ms
Execution 22 - TLS Single
s_connection: verify depth is 1
Handshake duration: 835.24 ms
Execution 23 - TLS Single
s_connection: verify depth is 1
Handshake duration: 1446.84 ms
Execution 24 - TLS Single
s_connection: verify depth is 1
Handshake duration: 12.45 ms
Execution 25 - TLS Single
s_connection: verify depth is 1
Handshake duration: 6.52 ms
Execution 26 - TLS Single
s_connection: verify depth is 1
Handshake duration: 1068.27 ms
Execution 27 - TLS Single
s_connection: verify depth is 1
Handshake duration: 2711.90 ms
Execution 28 - TLS Single
s_connection: verify depth is 1
Handshake duration: 3507.68 ms
Execution 29 - TLS Single
s_connection: verify depth is 1
Handshake duration: 4371.88 ms
Execution 30 - TLS Single
s_connection: verify depth is 1
Handshake duration: 5357.82 ms
Execution 31 - TLS Single
s_connection: verify depth is 1
Handshake duration: 222.12 ms
Execution 32 - TLS Single
s_connection: verify depth is 1
Handshake duration: 5.68 ms
Execution 33 - TLS Single
s_connection: verify depth is 1
Handshake duration: 219.56 ms
Execution 34 - TLS Single
s_connection: verify depth is 1
Handshake duration: 1057.96 ms
Execution 35 - TLS Single
s_connection: verify depth is 1
Handshake duration: 224.89 ms
Execution 36 - TLS Single
s_connection: verify depth is 1
Handshake duration: 7.10 ms
Execution 37 - TLS Single
s_connection: verify depth is 1
Handshake duration: 219.38 ms
Execution 38 - TLS Single
s_connection: verify depth is 1
Handshake duration: 13.73 ms
Execution 39 - TLS Single
s_connection: verify depth is 1
Handshake duration: 4.54 ms
Execution 40 - TLS Single
s_connection: verify depth is 1
Handshake duration: 1477.42 ms
Execution 41 - TLS Single
s_connection: verify depth is 1
Handshake duration: 27849.03 ms
Execution 42 - TLS Single
s_connection: verify depth is 1
Handshake duration: 2904.73 ms
Execution 43 - TLS Single
s_connection: verify depth is 1
Handshake duration: 4.87 ms
Execution 44 - TLS Single
s_connection: verify depth is 1
Handshake duration: 8.02 ms
Execution 45 - TLS Single
s_connection: verify depth is 1
Handshake duration: 1244.80 ms
Execution 46 - TLS Single
s_connection: verify depth is 1
Handshake duration: 836.81 ms
Execution 47 - TLS Single
s_connection: verify depth is 1
Handshake duration: 1447.77 ms
Execution 48 - TLS Single
s_connection: verify depth is 1
Handshake duration: 2891.74 ms
Execution 49 - TLS Single
s_connection: verify depth is 1
Handshake duration: 2450.80 ms
Execution 50 - TLS Single
s_connection: verify depth is 1
Handshake duration: 222.74 ms
Execution 51 - TLS Single
s_connection: verify depth is 1
Handshake duration: 8.67 ms
Execution 52 - TLS Single
s_connection: verify depth is 1
Handshake duration: 4.59 ms
Execution 53 - TLS Single
s_connection: verify depth is 1
Handshake duration: 4.65 ms
Execution 54 - TLS Single
s_connection: verify depth is 1
Handshake duration: 5.18 ms
Execution 55 - TLS Single
s_connection: verify depth is 1
Handshake duration: 4.59 ms
Execution 56 - TLS Single
s_connection: verify depth is 1
Handshake duration: 1221.80 ms
Execution 57 - TLS Single
s_connection: verify depth is 1
Handshake duration: 219.44 ms
Execution 58 - TLS Single
s_connection: verify depth is 1
Handshake duration: 1266.84 ms
Execution 59 - TLS Single
s_connection: verify depth is 1
Handshake duration: 4106.46 ms
Execution 60 - TLS Single
s_connection: verify depth is 1
Handshake duration: 4.97 ms
Execution 61 - TLS Single
s_connection: verify depth is 1
Handshake duration: 1069.12 ms
Execution 62 - TLS Single
s_connection: verify depth is 1
Handshake duration: 630.76 ms
Execution 63 - TLS Single
s_connection: verify depth is 1
Handshake duration: 1040.33 ms
Execution 64 - TLS Single
s_connection: verify depth is 1
Handshake duration: 8.24 ms
Execution 65 - TLS Single
s_connection: verify depth is 1
Handshake duration: 5.27 ms
Execution 66 - TLS Single
s_connection: verify depth is 1
Handshake duration: 1478.87 ms
Execution 67 - TLS Single
s_connection: verify depth is 1
Handshake duration: 3531.10 ms
Execution 68 - TLS Single
s_connection: verify depth is 1
Handshake duration: 7.31 ms
Execution 69 - TLS Single
s_connection: verify depth is 1
Handshake duration: 1221.95 ms
Execution 70 - TLS Single
s_connection: verify depth is 1
Handshake duration: 6.45 ms
Execution 71 - TLS Single
s_connection: verify depth is 1
Handshake duration: 223.53 ms
Execution 72 - TLS Single
s_connection: verify depth is 1
Handshake duration: 10.78 ms
Execution 73 - TLS Single
s_connection: verify depth is 1
Handshake duration: 626.74 ms
Execution 74 - TLS Single
s_connection: verify depth is 1
Handshake duration: 6.48 ms
Execution 75 - TLS Single
s_connection: verify depth is 1
Handshake duration: 4.52 ms
Execution 76 - TLS Single
s_connection: verify depth is 1
Handshake duration: 217.14 ms
Execution 77 - TLS Single
s_connection: verify depth is 1
Handshake duration: 220.31 ms
Execution 78 - TLS Single
s_connection: verify depth is 1
Handshake duration: 1865.99 ms
Execution 79 - TLS Single
s_connection: verify depth is 1
Handshake duration: 221.46 ms
Execution 80 - TLS Single
s_connection: verify depth is 1
Handshake duration: 9.72 ms
Execution 81 - TLS Single
s_connection: verify depth is 1
Handshake duration: 224.10 ms
Execution 82 - TLS Single
s_connection: verify depth is 1
Handshake duration: 1478.25 ms
Execution 83 - TLS Single
s_connection: verify depth is 1
Handshake duration: 6.21 ms
Execution 84 - TLS Single
s_connection: verify depth is 1
Handshake duration: 9.46 ms
Execution 85 - TLS Single
s_connection: verify depth is 1
Handshake duration: 2295.30 ms
Execution 86 - TLS Single
s_connection: verify depth is 1
Handshake duration: 6.51 ms
Execution 87 - TLS Single
s_connection: verify depth is 1
Handshake duration: 6.29 ms
Execution 88 - TLS Single
s_connection: verify depth is 1
Handshake duration: 1468.08 ms
Execution 89 - TLS Single
s_connection: verify depth is 1
Handshake duration: 220.85 ms
Execution 90 - TLS Single
s_connection: verify depth is 1
Handshake duration: 4136.78 ms
Execution 91 - TLS Single
s_connection: verify depth is 1
Handshake duration: 5.70 ms
Execution 92 - TLS Single
s_connection: verify depth is 1
Handshake duration: 1059.45 ms
Execution 93 - TLS Single
s_connection: verify depth is 1
Handshake duration: 9.53 ms
Execution 94 - TLS Single
s_connection: verify depth is 1
Handshake duration: 5.20 ms
Execution 95 - TLS Single
s_connection: verify depth is 1
Handshake duration: 1845.03 ms
Execution 96 - TLS Single
s_connection: verify depth is 1
Handshake duration: 1437.75 ms
Execution 97 - TLS Single
s_connection: verify depth is 1
Handshake duration: 1226.41 ms
Execution 98 - TLS Single
s_connection: verify depth is 1
Handshake duration: 1474.90 ms
Execution 99 - TLS Single
s_connection: verify depth is 1
Handshake duration: 6.33 ms
Execution 100 - TLS Single
s_connection: verify depth is 1
Handshake duration: 1228.74 ms
Execution 101 - TLS Single
s_connection: verify depth is 1
Handshake duration: 5.33 ms
Execution 102 - TLS Single
s_connection: verify depth is 1
Handshake duration: 625.61 ms
Execution 103 - TLS Single
s_connection: verify depth is 1
Handshake duration: 222.99 ms
Execution 104 - TLS Single
s_connection: verify depth is 1
Handshake duration: 2268.16 ms
Execution 105 - TLS Single
s_connection: verify depth is 1
Handshake duration: 5.55 ms
Execution 106 - TLS Single
s_connection: verify depth is 1
Handshake duration: 1039.27 ms
Execution 107 - TLS Single
s_connection: verify depth is 1
Handshake duration: 3760.34 ms
Execution 108 - TLS Single
s_connection: verify depth is 1
Handshake duration: 2302.73 ms
Execution 109 - TLS Single
s_connection: verify depth is 1
Handshake duration: 223.31 ms
Execution 110 - TLS Single
s_connection: verify depth is 1
Handshake duration: 7.24 ms
Execution 111 - TLS Single
s_connection: verify depth is 1
Handshake duration: 1040.53 ms
Execution 112 - TLS Single
s_connection: verify depth is 1
Handshake duration: 6.25 ms
Execution 113 - TLS Single
s_connection: verify depth is 1
Handshake duration: 1668.53 ms
Execution 114 - TLS Single
s_connection: verify depth is 1
Handshake duration: 6.22 ms
Execution 115 - TLS Single
s_connection: verify depth is 1
Handshake duration: 5.92 ms
Execution 116 - TLS Single
s_connection: verify depth is 1
Handshake duration: 3102.50 ms
Execution 117 - TLS Single
s_connection: verify depth is 1
Handshake duration: 1486.67 ms
Execution 118 - TLS Single
s_connection: verify depth is 1
Handshake duration: 17418.25 ms
Execution 119 - TLS Single
s_connection: verify depth is 1
Handshake duration: 2084.46 ms
Execution 120 - TLS Single
s_connection: verify depth is 1
Handshake duration: 6382.32 ms
Execution 121 - TLS Single
s_connection: verify depth is 1
Handshake duration: 1272.65 ms
Execution 122 - TLS Single
s_connection: verify depth is 1
Handshake duration: 5790.49 ms
Execution 123 - TLS Single
s_connection: verify depth is 1
Handshake duration: 1265.59 ms
Execution 124 - TLS Single
s_connection: verify depth is 1
Handshake duration: 5.23 ms
Execution 125 - TLS Single
s_connection: verify depth is 1
Handshake duration: 3507.05 ms
