Handshake timeout budget: 150s (identique TLS/QUIC)
Applying netem rules to lo...
Showing qdisc status for the interface: lo
qdisc netem 9509: root refcnt 2 limit 1000 seed 13371393517855434041
 Sent 0 bytes 0 pkt (dropped 0, overlimits 0 requeues 0) 
 backlog 0b 0p requeues 0
Running ./perftestClientTlsQuic.sh with SIG_ALG=secp384r1 and KEM_ALG=x448_mlkem768
Execution 1 - TLS Single
s_connection: verify depth is 1
Handshake duration: 1056.16 ms
Execution 2 - TLS Single
s_connection: verify depth is 1
Handshake duration: 5.19 ms
Execution 3 - TLS Single
s_connection: verify depth is 1
Handshake duration: 6.23 ms
Execution 4 - TLS Single
s_connection: verify depth is 1
Handshake duration: 5.32 ms
Execution 5 - TLS Single
s_connection: verify depth is 1
Handshake duration: 5.06 ms
Execution 6 - TLS Single
s_connection: verify depth is 1
Handshake duration: 1070.84 ms
Execution 7 - TLS Single
s_connection: verify depth is 1
Handshake duration: 5.35 ms
Execution 8 - TLS Single
s_connection: verify depth is 1
Handshake duration: 222.57 ms
Execution 9 - TLS Single
s_connection: verify depth is 1
Handshake duration: 225.47 ms
Execution 10 - TLS Single
s_connection: verify depth is 1
Handshake duration: 836.05 ms
Execution 11 - TLS Single
s_connection: verify depth is 1
Handshake duration: 2253.14 ms
Execution 12 - TLS Single
s_connection: verify depth is 1
Handshake duration: 219.22 ms
Execution 13 - TLS Single
s_connection: verify depth is 1
Handshake duration: 1014.69 ms
Execution 14 - TLS Single
s_connection: verify depth is 1
Handshake duration: 2298.46 ms
Execution 15 - TLS Single
s_connection: verify depth is 1
Handshake duration: 4.33 ms
Execution 16 - TLS Single
s_connection: verify depth is 1
Handshake duration: 7195.33 ms
Execution 17 - TLS Single
s_connection: verify depth is 1
Handshake duration: 829.21 ms
Execution 18 - TLS Single
s_connection: verify depth is 1
Handshake duration: 1057.36 ms
Execution 19 - TLS Single
s_connection: verify depth is 1
Handshake duration: 4.47 ms
Execution 20 - TLS Single
s_connection: verify depth is 1
Handshake duration: 1050.90 ms
Execution 21 - TLS Single
s_connection: verify depth is 1
Handshake duration: 5788.35 ms
Execution 22 - TLS Single
s_connection: verify depth is 1
Handshake duration: 218.18 ms
Execution 23 - TLS Single
s_connection: verify depth is 1
Handshake duration: 4.94 ms
Execution 24 - TLS Single
s_connection: verify depth is 1
Handshake duration: 1014.52 ms
Execution 25 - TLS Single
s_connection: verify depth is 1
Handshake duration: 5.95 ms
Execution 26 - TLS Single
s_connection: verify depth is 1
Handshake duration: 5835.37 ms
Execution 27 - TLS Single
s_connection: verify depth is 1
Handshake duration: 6.29 ms
Execution 28 - TLS Single
s_connection: verify depth is 1
Handshake duration: 4.51 ms
Execution 29 - TLS Single
s_connection: verify depth is 1
Handshake duration: 1490.98 ms
Execution 30 - TLS Single
s_connection: verify depth is 1
Handshake duration: 4.88 ms
Execution 31 - TLS Single
s_connection: verify depth is 1
Handshake duration: 4.57 ms
Execution 32 - TLS Single
s_connection: verify depth is 1
Handshake duration: 1239.14 ms
Execution 33 - TLS Single
s_connection: verify depth is 1
Handshake duration: 3319.60 ms
Execution 34 - TLS Single
s_connection: verify depth is 1
Handshake duration: 224.32 ms
Execution 35 - TLS Single
s_connection: verify depth is 1
Handshake duration: 18.12 ms
Execution 36 - TLS Single
s_connection: verify depth is 1
Handshake duration: 5.10 ms
Execution 37 - TLS Single
s_connection: verify depth is 1
Handshake duration: 4.36 ms
Execution 38 - TLS Single
s_connection: verify depth is 1
Handshake duration: 1855.66 ms
Execution 39 - TLS Single
s_connection: verify depth is 1
Handshake duration: 3764.63 ms
Execution 40 - TLS Single
s_connection: verify depth is 1
Handshake duration: 1219.93 ms
Execution 41 - TLS Single
s_connection: verify depth is 1
Handshake duration: 219.69 ms
Execution 42 - TLS Single
s_connection: verify depth is 1
Handshake duration: 628.14 ms
Execution 43 - TLS Single
s_connection: verify depth is 1
Handshake duration: 7.25 ms
Execution 44 - TLS Single
s_connection: verify depth is 1
Handshake duration: 4105.30 ms
Execution 45 - TLS Single
s_connection: verify depth is 1
Handshake duration: 20528.35 ms
Execution 46 - TLS Single
s_connection: verify depth is 1
Handshake duration: 7.47 ms
Execution 47 - TLS Single
s_connection: verify depth is 1
Handshake duration: 220.34 ms
Execution 48 - TLS Single
s_connection: verify depth is 1
Handshake duration: 3117.89 ms
Execution 49 - TLS Single
s_connection: verify depth is 1
Handshake duration: 3741.34 ms
Execution 50 - TLS Single
s_connection: verify depth is 1
Handshake duration: 1277.08 ms
Execution 51 - TLS Single
s_connection: verify depth is 1
Handshake duration: 5.37 ms
Execution 52 - TLS Single
s_connection: verify depth is 1
Handshake duration: 1044.90 ms
Execution 53 - TLS Single
s_connection: verify depth is 1
Handshake duration: 4.72 ms
Execution 54 - TLS Single
s_connection: verify depth is 1
Handshake duration: 11438.90 ms
Execution 55 - TLS Single
s_connection: verify depth is 1
Handshake duration: 1477.49 ms
Execution 56 - TLS Single
s_connection: verify depth is 1
Handshake duration: 218.36 ms
Execution 57 - TLS Single
s_connection: verify depth is 1
Handshake duration: 6.23 ms
Execution 58 - TLS Single
s_connection: verify depth is 1
Handshake duration: 218.34 ms
Execution 59 - TLS Single
s_connection: verify depth is 1
Handshake duration: 2276.52 ms
Execution 60 - TLS Single
s_connection: verify depth is 1
Handshake duration: 12.43 ms
Execution 61 - TLS Single
s_connection: verify depth is 1
Handshake duration: 9.24 ms
Execution 62 - TLS Single
s_connection: verify depth is 1
Handshake duration: 8.75 ms
Execution 63 - TLS Single
s_connection: verify depth is 1
Handshake duration: 1449.67 ms
Execution 64 - TLS Single
s_connection: verify depth is 1
Handshake duration: 14.41 ms
Execution 65 - TLS Single
s_connection: verify depth is 1
Handshake duration: 10.33 ms
Execution 66 - TLS Single
s_connection: verify depth is 1
Handshake duration: 220.07 ms
Execution 67 - TLS Single
s_connection: verify depth is 1
Handshake duration: 7177.06 ms
Execution 68 - TLS Single
s_connection: verify depth is 1
Handshake duration: 4.66 ms
Execution 69 - TLS Single
s_connection: verify depth is 1
Handshake duration: 4.55 ms
Execution 70 - TLS Single
s_connection: verify depth is 1
Handshake duration: 4.63 ms
Execution 71 - TLS Single
s_connection: verify depth is 1
Handshake duration: 5.01 ms
Execution 72 - TLS Single
s_connection: verify depth is 1
Handshake duration: 4.75 ms
Execution 73 - TLS Single
s_connection: verify depth is 1
Handshake duration: 4.92 ms
Execution 74 - TLS Single
s_connection: verify depth is 1
Handshake duration: 1042.70 ms
Execution 75 - TLS Single
s_connection: verify depth is 1
Handshake duration: 5.00 ms
Execution 76 - TLS Single
s_connection: verify depth is 1
Handshake duration: 621.86 ms
Execution 77 - TLS Single
s_connection: verify depth is 1
Handshake duration: 5362.26 ms
Execution 78 - TLS Single
s_connection: verify depth is 1
Handshake duration: 5.45 ms
Execution 79 - TLS Single
s_connection: verify depth is 1
Handshake duration: 2068.69 ms
Execution 80 - TLS Single
s_connection: verify depth is 1
Handshake duration: 6379.82 ms
Execution 81 - TLS Single
s_connection: verify depth is 1
Handshake duration: 1458.72 ms
Execution 82 - TLS Single
s_connection: verify depth is 1
Handshake duration: 218.89 ms
Execution 83 - TLS Single
s_connection: verify depth is 1
Handshake duration: 219.70 ms
Execution 84 - TLS Single
s_connection: verify depth is 1
Handshake duration: 1029.64 ms
Execution 85 - TLS Single
s_connection: verify depth is 1
Handshake duration: 5.83 ms
Execution 86 - TLS Single
s_connection: verify depth is 1
Handshake duration: 5.37 ms
Execution 87 - TLS Single
s_connection: verify depth is 1
Handshake duration: 4.77 ms
Execution 88 - TLS Single
s_connection: verify depth is 1
Handshake duration: 3894.83 ms
Execution 89 - TLS Single
s_connection: verify depth is 1
Handshake duration: 8.32 ms
Execution 90 - TLS Single
s_connection: verify depth is 1
Handshake duration: 1247.43 ms
Execution 91 - TLS Single
s_connection: verify depth is 1
Handshake duration: 6370.16 ms
Execution 92 - TLS Single
s_connection: verify depth is 1
Handshake duration: 4.83 ms
Execution 93 - TLS Single
s_connection: verify depth is 1
Handshake duration: 217.86 ms
Execution 94 - TLS Single
s_connection: verify depth is 1
Handshake duration: 2083.16 ms
Execution 95 - TLS Single
s_connection: verify depth is 1
Handshake duration: 1482.85 ms
Execution 96 - TLS Single
s_connection: verify depth is 1
Handshake duration: 8.71 ms
Execution 97 - TLS Single
s_connection: verify depth is 1
Handshake duration: 6.04 ms
Execution 98 - TLS Single
s_connection: verify depth is 1
Handshake duration: 221.85 ms
Execution 99 - TLS Single
s_connection: verify depth is 1
Handshake duration: 225.04 ms
Execution 100 - TLS Single
s_connection: verify depth is 1
Handshake duration: 627.20 ms
Execution 101 - TLS Single
s_connection: verify depth is 1
Handshake duration: 6.17 ms
Execution 102 - TLS Single
s_connection: verify depth is 1
Handshake duration: 1038.61 ms
Execution 103 - TLS Single
s_connection: verify depth is 1
Handshake duration: 14.37 ms
Execution 104 - TLS Single
s_connection: verify depth is 1
Handshake duration: 1040.54 ms
Execution 105 - TLS Single
s_connection: verify depth is 1
Handshake duration: 224.12 ms
Execution 106 - TLS Single
s_connection: verify depth is 1
Handshake duration: 426.65 ms
Execution 107 - TLS Single
s_connection: verify depth is 1
Handshake duration: 1217.41 ms
Execution 108 - TLS Single
s_connection: verify depth is 1
Handshake duration: 5.46 ms
Execution 109 - TLS Single
s_connection: verify depth is 1
Handshake duration: 5.29 ms
Execution 110 - TLS Single
s_connection: verify depth is 1
Handshake duration: 5.27 ms
Execution 111 - TLS Single
s_connection: verify depth is 1
Handshake duration: 4.72 ms
Execution 112 - TLS Single
s_connection: verify depth is 1
Handshake duration: 1058.69 ms
Execution 113 - TLS Single
s_connection: verify depth is 1
Handshake duration: 1219.15 ms
Execution 114 - TLS Single
s_connection: verify depth is 1
Handshake duration: 3305.96 ms
Execution 115 - TLS Single
s_connection: verify depth is 1
Handshake duration: 5.02 ms
Execution 116 - TLS Single
s_connection: verify depth is 1
Handshake duration: 424.53 ms
Execution 117 - TLS Single
s_connection: verify depth is 1
Handshake duration: 7847.89 ms
Execution 118 - TLS Single
s_connection: verify depth is 1
Handshake duration: 4.38 ms
Execution 119 - TLS Single
s_connection: verify depth is 1
Handshake duration: 831.08 ms
Execution 120 - TLS Single
s_connection: verify depth is 1
Handshake duration: 222.74 ms
Execution 121 - TLS Single
s_connection: verify depth is 1
Handshake duration: 2702.50 ms
Execution 122 - TLS Single
s_connection: verify depth is 1
Handshake duration: 5.41 ms
Execution 123 - TLS Single
s_connection: verify depth is 1
Handshake duration: 4.38 ms
Execution 124 - TLS Single
s_connection: verify depth is 1
Handshake duration: 5965.95 ms
Execution 125 - TLS Single
s_connection: verify depth is 1
Handshake duration: 629.19 ms
