Handshake timeout budget: 150s (identique TLS/QUIC)
Applying netem rules to lo...
Showing qdisc status for the interface: lo
qdisc netem 8cea: root refcnt 2 limit 1000 seed 925533942767862267
 Sent 0 bytes 0 pkt (dropped 0, overlimits 0 requeues 0) 
 backlog 0b 0p requeues 0
Running ./perftestClientTlsQuic.sh with SIG_ALG=mldsa44 and KEM_ALG=p256_mlkem512
Execution 1 - TLS Single
s_connection: verify depth is 1
Handshake duration: 6394.22 ms
Execution 2 - TLS Single
s_connection: verify depth is 1
Handshake duration: 1431.47 ms
Execution 3 - TLS Single
s_connection: verify depth is 1
Handshake duration: 1852.70 ms
Execution 4 - TLS Single
s_connection: verify depth is 1
Handshake duration: 6.91 ms
Execution 5 - TLS Single
s_connection: verify depth is 1
Handshake duration: 7.02 ms
Execution 6 - TLS Single
s_connection: verify depth is 1
Handshake duration: 1472.31 ms
Execution 7 - TLS Single
s_connection: verify depth is 1
Handshake duration: 7.80 ms
Execution 8 - TLS Single
s_connection: verify depth is 1
Handshake duration: 3299.38 ms
Execution 9 - TLS Single
s_connection: verify depth is 1
Handshake duration: 6598.83 ms
Execution 10 - TLS Single
s_connection: verify depth is 1
Handshake duration: 26749.01 ms
Execution 11 - TLS Single
s_connection: verify depth is 1
Handshake duration: 10.98 ms
Execution 12 - TLS Single
s_connection: verify depth is 1
Handshake duration: 4730.52 ms
Execution 13 - TLS Single
s_connection: verify depth is 1
Handshake duration: 3287.01 ms
Execution 14 - TLS Single
s_connection: verify depth is 1
Handshake duration: 425.97 ms
Execution 15 - TLS Single
s_connection: verify depth is 1
Handshake duration: 630.69 ms
Execution 16 - TLS Single
s_connection: verify depth is 1
Handshake duration: 1443.42 ms
Execution 17 - TLS Single
s_connection: verify depth is 1
Handshake duration: 7.73 ms
Execution 18 - TLS Single
s_connection: verify depth is 1
Handshake duration: 219.42 ms
Execution 19 - TLS Single
s_connection: verify depth is 1
Handshake duration: 2080.93 ms
Execution 20 - TLS Single
s_connection: verify depth is 1
Handshake duration: 629.58 ms
Execution 21 - TLS Single
s_connection: verify depth is 1
Handshake duration: 1259.64 ms
Execution 22 - TLS Single
s_connection: verify depth is 1
Handshake duration: 1678.28 ms
Execution 23 - TLS Single
s_connection: verify depth is 1
Handshake duration: 35910.15 ms
Execution 24 - TLS Single
s_connection: verify depth is 1
Handshake duration: 1889.50 ms
Execution 25 - TLS Single
s_connection: verify depth is 1
Handshake duration: 223.80 ms
Execution 26 - TLS Single
s_connection: verify depth is 1
Handshake duration: 1246.21 ms
Execution 27 - TLS Single
s_connection: verify depth is 1
Handshake duration: 12.68 ms
Execution 28 - TLS Single
s_connection: verify depth is 1
Handshake duration: 219.36 ms
Execution 29 - TLS Single
s_connection: verify depth is 1
Handshake duration: 216.65 ms
Execution 30 - TLS Single
s_connection: verify depth is 1
Handshake duration: 3543.82 ms
Execution 31 - TLS Single
s_connection: verify depth is 1
Handshake duration: 830.03 ms
Execution 32 - TLS Single
s_connection: verify depth is 1
Handshake duration: 8.26 ms
Execution 33 - TLS Single
s_connection: verify depth is 1
Handshake duration: 8038.53 ms
Execution 34 - TLS Single
s_connection: verify depth is 1
Handshake duration: 222.67 ms
Execution 35 - TLS Single
s_connection: verify depth is 1
Handshake duration: 13026.56 ms
Execution 36 - TLS Single
s_connection: verify depth is 1
Handshake duration: 9.32 ms
Execution 37 - TLS Single
s_connection: verify depth is 1
Handshake duration: 1234.76 ms
Execution 38 - TLS Single
s_connection: verify depth is 1
Handshake duration: 14.39 ms
Execution 39 - TLS Single
s_connection: verify depth is 1
Handshake duration: 1442.14 ms
Execution 40 - TLS Single
s_connection: verify depth is 1
Handshake duration: 8.02 ms
Execution 41 - TLS Single
s_connection: verify depth is 1
Handshake duration: 1633.93 ms
Execution 42 - TLS Single
s_connection: verify depth is 1
Handshake duration: 8.61 ms
Execution 43 - TLS Single
s_connection: verify depth is 1
Handshake duration: 8.09 ms
Execution 44 - TLS Single
s_connection: verify depth is 1
Handshake duration: 833.61 ms
Execution 45 - TLS Single
s_connection: verify depth is 1
Handshake duration: 9.53 ms
Execution 46 - TLS Single
s_connection: verify depth is 1
Handshake duration: 10692.59 ms
Execution 47 - TLS Single
s_connection: verify depth is 1
Handshake duration: 5568.04 ms
Execution 48 - TLS Single
s_connection: verify depth is 1
Handshake duration: 13752.67 ms
Execution 49 - TLS Single
s_connection: verify depth is 1
Handshake duration: 1654.55 ms
Execution 50 - TLS Single
s_connection: verify depth is 1
Handshake duration: 8.91 ms
Execution 51 - TLS Single
s_connection: verify depth is 1
Handshake duration: 1271.96 ms
Execution 52 - TLS Single
s_connection: verify depth is 1
Handshake duration: 13280.83 ms
Execution 53 - TLS Single
s_connection: verify depth is 1
Handshake duration: 8.57 ms
Execution 54 - TLS Single
s_connection: verify depth is 1
Handshake duration: 7.86 ms
Execution 55 - TLS Single
s_connection: verify depth is 1
Handshake duration: 7.67 ms
Execution 56 - TLS Single
s_connection: verify depth is 1
Handshake duration: 622.09 ms
Execution 57 - TLS Single
s_connection: verify depth is 1
Handshake duration: 429.70 ms
Execution 58 - TLS Single
s_connection: verify depth is 1
Handshake duration: 1067.99 ms
Execution 59 - TLS Single
s_connection: verify depth is 1
Handshake duration: 7.51 ms
Execution 60 - TLS Single
s_connection: verify depth is 1
Handshake duration: 4438.64 ms
Execution 61 - TLS Single
s_connection: verify depth is 1
Handshake duration: 15.70 ms
Execution 62 - TLS Single
s_connection: verify depth is 1
Handshake duration: 625.61 ms
Execution 63 - TLS Single
s_connection: verify depth is 1
Handshake duration: 8.11 ms
Execution 64 - TLS Single
s_connection: verify depth is 1
Handshake duration: 1451.84 ms
Execution 65 - TLS Single
s_connection: verify depth is 1
Handshake duration: 620.69 ms
Execution 66 - TLS Single
s_connection: verify depth is 1
Handshake duration: 8.13 ms
Execution 67 - TLS Single
s_connection: verify depth is 1
Handshake duration: 7.46 ms
Execution 68 - TLS Single
s_connection: verify depth is 1
Handshake duration: 1035.43 ms
Execution 69 - TLS Single
s_connection: verify depth is 1
Handshake duration: 833.57 ms
Execution 70 - TLS Single
s_connection: verify depth is 1
Handshake duration: 2710.27 ms
Execution 71 - TLS Single
s_connection: verify depth is 1
Handshake duration: 12.45 ms
Execution 72 - TLS Single
s_connection: verify depth is 1
Handshake duration: 622.96 ms
Execution 73 - TLS Single
s_connection: verify depth is 1
Handshake duration: 12.88 ms
Execution 74 - TLS Single
s_connection: verify depth is 1
Handshake duration: 11406.65 ms
Execution 75 - TLS Single
s_connection: verify depth is 1
Handshake duration: 3543.53 ms
Execution 76 - TLS Single
s_connection: verify depth is 1
Handshake duration: 3531.76 ms
Execution 77 - TLS Single
s_connection: verify depth is 1
Handshake duration: 1256.90 ms
Execution 78 - TLS Single
s_connection: verify depth is 1
Handshake duration: 16.62 ms
Execution 79 - TLS Single
s_connection: verify depth is 1
Handshake duration: 10788.23 ms
Execution 80 - TLS Single
s_connection: verify depth is 1
Handshake duration: 3071.06 ms
Execution 81 - TLS Single
s_connection: verify depth is 1
Handshake duration: 629.59 ms
Execution 82 - TLS Single
s_connection: verify depth is 1
Handshake duration: 2710.40 ms
Execution 83 - TLS Single
s_connection: verify depth is 1
Handshake duration: 11.53 ms
Execution 84 - TLS Single
s_connection: verify depth is 1
Handshake duration: 2481.86 ms
Execution 85 - TLS Single
s_connection: verify depth is 1
Handshake duration: 8.99 ms
Execution 86 - TLS Single
s_connection: verify depth is 1
Handshake duration: 4922.01 ms
Execution 87 - TLS Single
s_connection: verify depth is 1
Handshake duration: 1900.27 ms
Execution 88 - TLS Single
s_connection: verify depth is 1
Handshake duration: 7.85 ms
Execution 89 - TLS Single
s_connection: verify depth is 1
Handshake duration: 2265.94 ms
Execution 90 - TLS Single
s_connection: verify depth is 1
Handshake duration: 3322.31 ms
Execution 91 - TLS Single
s_connection: verify depth is 1
Handshake duration: 423.39 ms
Execution 92 - TLS Single
s_connection: verify depth is 1
Handshake duration: 8.17 ms
Execution 93 - TLS Single
s_connection: verify depth is 1
Handshake duration: 7.55 ms
Execution 94 - TLS Single
s_connection: verify depth is 1
Handshake duration: 830.05 ms
Execution 95 - TLS Single
s_connection: verify depth is 1
Handshake duration: 11.65 ms
Execution 96 - TLS Single
s_connection: verify depth is 1
Handshake duration: 7594.24 ms
Execution 97 - TLS Single
s_connection: verify depth is 1
Handshake duration: 1646.16 ms
Execution 98 - TLS Single
s_connection: verify depth is 1
Handshake duration: 9.52 ms
Execution 99 - TLS Single
s_connection: verify depth is 1
Handshake duration: 8.40 ms
Execution 100 - TLS Single
s_connection: verify depth is 1
Handshake duration: 7.64 ms
Execution 101 - TLS Single
s_connection: verify depth is 1
Handshake duration: 7.18 ms
Execution 102 - TLS Single
s_connection: verify depth is 1
Handshake duration: 425.11 ms
Execution 103 - TLS Single
s_connection: verify depth is 1
Handshake duration: 8.10 ms
Execution 104 - TLS Single
s_connection: verify depth is 1
Handshake duration: 8.52 ms
Execution 105 - TLS Single
s_connection: verify depth is 1
Handshake duration: 2071.39 ms
Execution 106 - TLS Single
s_connection: verify depth is 1
Handshake duration: 2074.97 ms
Execution 107 - TLS Single
s_connection: verify depth is 1
Handshake duration: 212.67 ms
Execution 108 - TLS Single
s_connection: verify depth is 1
Handshake duration: 6597.67 ms
Execution 109 - TLS Single
s_connection: verify depth is 1
Handshake duration: 423.82 ms
Execution 110 - TLS Single
s_connection: verify depth is 1
Handshake duration: 8.58 ms
Execution 111 - TLS Single
s_connection: verify depth is 1
Handshake duration: 1046.61 ms
Execution 112 - TLS Single
s_connection: verify depth is 1
Handshake duration: 1455.23 ms
Execution 113 - TLS Single
s_connection: verify depth is 1
Handshake duration: 6565.22 ms
Execution 114 - TLS Single
s_connection: verify depth is 1
Handshake duration: 1224.24 ms
Execution 115 - TLS Single
s_connection: verify depth is 1
Handshake duration: 227.26 ms
Execution 116 - TLS Single
s_connection: verify depth is 1
Handshake duration: 15.14 ms
Execution 117 - TLS Single
s_connection: verify depth is 1
Handshake duration: 13178.70 ms
Execution 118 - TLS Single
s_connection: verify depth is 1
Handshake duration: 218.64 ms
Execution 119 - TLS Single
s_connection: verify depth is 1
Handshake duration: 829.59 ms
Execution 120 - TLS Single
s_connection: verify depth is 1
Handshake duration: 7.58 ms
Execution 121 - TLS Single
s_connection: verify depth is 1
Handshake duration: 7.10 ms
Execution 122 - TLS Single
s_connection: verify depth is 1
Handshake duration: 7.29 ms
Execution 123 - TLS Single
s_connection: verify depth is 1
Handshake duration: 1633.70 ms
Execution 124 - TLS Single
s_connection: verify depth is 1
Handshake duration: 3558.94 ms
Execution 125 - TLS Single
s_connection: verify depth is 1
Handshake duration: 628.17 ms
