Handshake timeout budget: 150s (identique TLS/QUIC)
Applying netem rules to lo...
Showing qdisc status for the interface: lo
qdisc netem 8d05: root refcnt 2 limit 1000 seed 12123282071220889212
 Sent 0 bytes 0 pkt (dropped 0, overlimits 0 requeues 0) 
 backlog 0b 0p requeues 0
Running ./perftestClientTlsQuic.sh with SIG_ALG=mldsa44 and KEM_ALG=p256_hqc128
Execution 1 - TLS Single
s_connection: verify depth is 1
Handshake duration: 1092.01 ms
Execution 2 - TLS Single
s_connection: verify depth is 1
Handshake duration: 3546.76 ms
Execution 3 - TLS Single
s_connection: verify depth is 1
Handshake duration: 38.08 ms
Execution 4 - TLS Single
s_connection: verify depth is 1
Handshake duration: 626.51 ms
Execution 5 - TLS Single
s_connection: verify depth is 1
Handshake duration: 2502.72 ms
Execution 6 - TLS Single
s_connection: verify depth is 1
Handshake duration: 1892.95 ms
Execution 7 - TLS Single
s_connection: verify depth is 1
Handshake duration: 32.71 ms
Execution 8 - TLS Single
s_connection: verify depth is 1
Handshake duration: 638.92 ms
Execution 9 - TLS Single
s_connection: verify depth is 1
Handshake duration: 23.53 ms
Execution 10 - TLS Single
s_connection: verify depth is 1
Handshake duration: 22.72 ms
Execution 11 - TLS Single
s_connection: verify depth is 1
Handshake duration: 2116.53 ms
Execution 12 - TLS Single
s_connection: verify depth is 1
Handshake duration: 2285.33 ms
Execution 13 - TLS Single
s_connection: verify depth is 1
Handshake duration: 3773.55 ms
Execution 14 - TLS Single
s_connection: verify depth is 1
Handshake duration: 25.88 ms
Execution 15 - TLS Single
s_connection: verify depth is 1
Handshake duration: 23.41 ms
Execution 16 - TLS Single
s_connection: verify depth is 1
Handshake duration: 247.82 ms
Execution 17 - TLS Single
s_connection: verify depth is 1
Handshake duration: 2950.42 ms
Execution 18 - TLS Single
s_connection: verify depth is 1
Handshake duration: 3019.69 ms
Execution 19 - TLS Single
s_connection: verify depth is 1
Handshake duration: 25.03 ms
Execution 20 - TLS Single
s_connection: verify depth is 1
Handshake duration: 31576.09 ms
Execution 21 - TLS Single
s_connection: verify depth is 1
Handshake duration: 839.66 ms
Execution 22 - TLS Single
s_connection: verify depth is 1
Handshake duration: 633.27 ms
Execution 23 - TLS Single
s_connection: verify depth is 1
Handshake duration: 1269.10 ms
Execution 24 - TLS Single
s_connection: verify depth is 1
Handshake duration: 7261.64 ms
Execution 25 - TLS Single
s_connection: verify depth is 1
Handshake duration: 4153.93 ms
Execution 26 - TLS Single
s_connection: verify depth is 1
Handshake duration: 28.84 ms
Execution 27 - TLS Single
s_connection: verify depth is 1
Handshake duration: 1288.71 ms
Execution 28 - TLS Single
s_connection: verify depth is 1
Handshake duration: 23.59 ms
Execution 29 - TLS Single
s_connection: verify depth is 1
Handshake duration: 29934.02 ms
Execution 30 - TLS Single
s_connection: verify depth is 1
Handshake duration: 223.92 ms
Execution 31 - TLS Single
s_connection: verify depth is 1
Handshake duration: 4963.24 ms
Execution 32 - TLS Single
s_connection: verify depth is 1
Handshake duration: 28.21 ms
Execution 33 - TLS Single
s_connection: verify depth is 1
Handshake duration: 425.08 ms
Execution 34 - TLS Single
s_connection: verify depth is 1
Handshake duration: 29.62 ms
Execution 35 - TLS Single
s_connection: verify depth is 1
Handshake duration: 22.72 ms
Execution 36 - TLS Single
s_connection: verify depth is 1
Handshake duration: 1450.52 ms
Execution 37 - TLS Single
s_connection: verify depth is 1
Handshake duration: 630.79 ms
Execution 38 - TLS Single
s_connection: verify depth is 1
Handshake duration: 22.90 ms
Execution 39 - TLS Single
s_connection: verify depth is 1
Handshake duration: 59666.73 ms
Execution 40 - TLS Single
s_connection: verify depth is 1
Handshake duration: 4578.85 ms
Execution 41 - TLS Single
s_connection: verify depth is 1
Handshake duration: 37.62 ms
Execution 42 - TLS Single
s_connection: verify depth is 1
Handshake duration: 4588.48 ms
Execution 43 - TLS Single
s_connection: verify depth is 1
Handshake duration: 3116.83 ms
Execution 44 - TLS Single
s_connection: verify depth is 1
Handshake duration: 27.90 ms
Execution 45 - TLS Single
s_connection: verify depth is 1
Handshake duration: 660.96 ms
Execution 46 - TLS Single
s_connection: verify depth is 1
Handshake duration: 5090.61 ms
Execution 47 - TLS Single
s_connection: verify depth is 1
Handshake duration: 3310.87 ms
Execution 48 - TLS Single
s_connection: verify depth is 1
Handshake duration: 226.01 ms
Execution 49 - TLS Single
s_connection: verify depth is 1
Handshake duration: 1104.96 ms
Execution 50 - TLS Single
s_connection: verify depth is 1
Handshake duration: 23.21 ms
Execution 51 - TLS Single
s_connection: verify depth is 1
Handshake duration: 109305.75 ms
Execution 52 - TLS Single
s_connection: verify depth is 1
Handshake duration: 29469.48 ms
Execution 53 - TLS Single
s_connection: verify depth is 1
Handshake duration: 52925.58 ms
Execution 54 - TLS Single
s_connection: verify depth is 1
Handshake duration: 30.71 ms
Execution 55 - TLS Single
s_connection: verify depth is 1
Handshake duration: 24.03 ms
Execution 56 - TLS Single
s_connection: verify depth is 1
Handshake duration: 1063.79 ms
Execution 57 - TLS Single
s_connection: verify depth is 1
Handshake duration: 23.95 ms
Execution 58 - TLS Single
s_connection: verify depth is 1
Handshake duration: 1638.73 ms
Execution 59 - TLS Single
s_connection: verify depth is 1
Handshake duration: 3702.64 ms
Execution 60 - TLS Single
s_connection: verify depth is 1
Handshake duration: 28.44 ms
Execution 61 - TLS Single
s_connection: verify depth is 1
Handshake duration: 29.16 ms
Execution 62 - TLS Single
s_connection: verify depth is 1
Handshake duration: 641.20 ms
Execution 63 - TLS Single
s_connection: verify depth is 1
Handshake duration: 428.47 ms
Execution 64 - TLS Single
s_connection: verify depth is 1
Handshake duration: 3977.18 ms
Execution 65 - TLS Single
s_connection: verify depth is 1
Handshake duration: 17198.19 ms
Execution 66 - TLS Single
s_connection: verify depth is 1
Handshake duration: 226.97 ms
Execution 67 - TLS Single
s_connection: verify depth is 1
Handshake duration: 28016.83 ms
Execution 68 - TLS Single
s_connection: verify depth is 1
Handshake duration: 228.05 ms
Execution 69 - TLS Single
s_connection: verify depth is 1
Handshake duration: 35.61 ms
Execution 70 - TLS Single
s_connection: verify depth is 1
Handshake duration: 1681.42 ms
Execution 71 - TLS Single
s_connection: verify depth is 1
Handshake duration: 255.71 ms
Execution 72 - TLS Single
s_connection: verify depth is 1
Handshake duration: 1061.95 ms
Execution 73 - TLS Single
s_connection: verify depth is 1
Handshake duration: 1705.85 ms
Execution 74 - TLS Single
s_connection: verify depth is 1
Handshake duration: 5430.18 ms
Execution 75 - TLS Single
s_connection: verify depth is 1
Handshake duration: 32.72 ms
Execution 76 - TLS Single
s_connection: verify depth is 1
Handshake duration: 3120.21 ms
Execution 77 - TLS Single
s_connection: verify depth is 1
Handshake duration: 1453.30 ms
Execution 78 - TLS Single
s_connection: verify depth is 1
Handshake duration: 9391.62 ms
Execution 79 - TLS Single
s_connection: verify depth is 1
Handshake duration: 1115.57 ms
Execution 80 - TLS Single
s_connection: verify depth is 1
Handshake duration: 1478.92 ms
Execution 81 - TLS Single
s_connection: verify depth is 1
Handshake duration: 1100.80 ms
Execution 82 - TLS Single
s_connection: verify depth is 1
Handshake duration: 22.98 ms
Execution 83 - TLS Single
s_connection: verify depth is 1
Handshake duration: 22.51 ms
Execution 84 - TLS Single
s_connection: verify depth is 1
Handshake duration: 1058.73 ms
Execution 85 - TLS Single
s_connection: verify depth is 1
Handshake duration: 257.74 ms
Execution 86 - TLS Single
s_connection: verify depth is 1
Handshake duration: 2091.64 ms
Execution 87 - TLS Single
s_connection: verify depth is 1
Handshake duration: 14217.28 ms
Execution 88 - TLS Single
s_connection: verify depth is 1
Handshake duration: 4340.61 ms
Execution 89 - TLS Single
s_connection: verify depth is 1
Handshake duration: 635.40 ms
Execution 90 - TLS Single
s_connection: verify depth is 1
Handshake duration: 230.15 ms
Execution 91 - TLS Single
s_connection: verify depth is 1
Handshake duration: 8663.25 ms
Execution 92 - TLS Single
s_connection: verify depth is 1
Handshake duration: 1254.36 ms
Execution 93 - TLS Single
s_connection: verify depth is 1
Handshake duration: 54159.63 ms
Execution 94 - TLS Single
s_connection: verify depth is 1
Handshake duration: 1117.10 ms
Execution 95 - TLS Single
s_connection: verify depth is 1
Handshake duration: 4957.51 ms
Execution 96 - TLS Single
s_connection: verify depth is 1
Handshake duration: 1311.05 ms
Execution 97 - TLS Single
s_connection: verify depth is 1
Handshake duration: 2121.88 ms
Execution 98 - TLS Single
s_connection: verify depth is 1
Handshake duration: 28.58 ms
Execution 99 - TLS Single
s_connection: verify depth is 1
Handshake duration: 5009.43 ms
Execution 100 - TLS Single
s_connection: verify depth is 1
Handshake duration: 7458.89 ms
Execution 101 - TLS Single
s_connection: verify depth is 1
Handshake duration: 4795.21 ms
Execution 102 - TLS Single
s_connection: verify depth is 1
Handshake duration: 25.47 ms
Execution 103 - TLS Single
s_connection: verify depth is 1
Handshake duration: 1468.62 ms
Execution 104 - TLS Single
s_connection: verify depth is 1
Handshake duration: 31.23 ms
Execution 105 - TLS Single
s_connection: verify depth is 1
Handshake duration: 25.15 ms
Execution 106 - TLS Single
s_connection: verify depth is 1
Handshake duration: 23.97 ms
Execution 107 - TLS Single
s_connection: verify depth is 1
Handshake duration: 3153.37 ms
Execution 108 - TLS Single
s_connection: verify depth is 1
Handshake duration: 4360.58 ms
Execution 109 - TLS Single
s_connection: verify depth is 1
Handshake duration: 435.11 ms
Execution 110 - TLS Single
s_connection: verify depth is 1
Handshake duration: 5851.93 ms
Execution 111 - TLS Single
s_connection: verify depth is 1
Handshake duration: 28.69 ms
Execution 112 - TLS Single
s_connection: verify depth is 1
Handshake duration: 436.76 ms
Execution 113 - TLS Single
s_connection: verify depth is 1
Handshake duration: 4552.62 ms
Execution 114 - TLS Single
s_connection: verify depth is 1
Handshake duration: 7429.90 ms
Execution 115 - TLS Single
s_connection: verify depth is 1
Handshake duration: 110388.75 ms
Execution 116 - TLS Single
s_connection: verify depth is 1
Handshake duration: 24.46 ms
Execution 117 - TLS Single
s_connection: verify depth is 1
Handshake duration: 5132.64 ms
Execution 118 - TLS Single
s_connection: verify depth is 1
Handshake duration: 4140.18 ms
Execution 119 - TLS Single
s_connection: verify depth is 1
Handshake duration: 27.44 ms
Execution 120 - TLS Single
s_connection: verify depth is 1
Handshake duration: 3140.67 ms
Execution 121 - TLS Single
s_connection: verify depth is 1
Handshake duration: 229.01 ms
Execution 122 - TLS Single
s_connection: verify depth is 1
Handshake duration: 33.40 ms
Execution 123 - TLS Single
s_connection: verify depth is 1
Handshake duration: 7636.32 ms
Execution 124 - TLS Single
s_connection: verify depth is 1
Handshake duration: 8475.64 ms
Execution 125 - TLS Single
s_connection: verify depth is 1
Handshake duration: 27691.55 ms
