Handshake timeout budget: 150s (identique TLS/QUIC)
Applying netem rules to lo...
Showing qdisc status for the interface: lo
qdisc netem 9dc2: root refcnt 2 limit 1000 seed 5144820261060111794
 Sent 0 bytes 0 pkt (dropped 0, overlimits 0 requeues 0) 
 backlog 0b 0p requeues 0
Running ./perftestClientTlsQuic.sh with SIG_ALG=mldsa44 and KEM_ALG=p256_hqc128
Execution 1 - TLS Single
s_connection: verify depth is 1
Handshake duration: 2088.58 ms
Execution 2 - TLS Single
s_connection: verify depth is 1
Handshake duration: 111.58 ms
Execution 3 - TLS Single
s_connection: verify depth is 1
Handshake duration: 7908.76 ms
Execution 4 - TLS Single
s_connection: verify depth is 1
Handshake duration: 1288.91 ms
Execution 5 - TLS Single
s_connection: verify depth is 1
Handshake duration: 266.82 ms
Execution 6 - TLS Single
s_connection: verify depth is 1
Handshake duration: 89.31 ms
Execution 7 - TLS Single
s_connection: verify depth is 1
Handshake duration: 1710.80 ms
Execution 8 - TLS Single
s_connection: verify depth is 1
Handshake duration: 2725.09 ms
Execution 9 - TLS Single
s_connection: verify depth is 1
Handshake duration: 2149.41 ms
Execution 10 - TLS Single
s_connection: verify depth is 1
Handshake duration: 9315.27 ms
Execution 11 - TLS Single
s_connection: verify depth is 1
Handshake duration: 1522.29 ms
Execution 12 - TLS Single
s_connection: verify depth is 1
Handshake duration: 2535.96 ms
Execution 13 - TLS Single
s_connection: verify depth is 1
Handshake duration: 19271.56 ms
Execution 14 - TLS Single
s_connection: verify depth is 1
Handshake duration: 3156.18 ms
Execution 15 - TLS Single
s_connection: verify depth is 1
Handshake duration: 88.08 ms
Execution 16 - TLS Single
s_connection: verify depth is 1
Handshake duration: 1109.97 ms
Execution 17 - TLS Single
s_connection: verify depth is 1
Handshake duration: 86.10 ms
Execution 18 - TLS Single
s_connection: verify depth is 1
Handshake duration: 1131.17 ms
Execution 19 - TLS Single
s_connection: verify depth is 1
Handshake duration: 5444.20 ms
Execution 20 - TLS Single
s_connection: verify depth is 1
Handshake duration: 9109.86 ms
Execution 21 - TLS Single
s_connection: verify depth is 1
Handshake duration: 1118.33 ms
Execution 22 - TLS Single
s_connection: verify depth is 1
Handshake duration: 670.53 ms
Execution 23 - TLS Single
s_connection: verify depth is 1
Handshake duration: 1091.15 ms
Execution 24 - TLS Single
s_connection: verify depth is 1
Handshake duration: 2351.14 ms
Execution 25 - TLS Single
s_connection: verify depth is 1
Handshake duration: 4615.64 ms
Execution 26 - TLS Single
s_connection: verify depth is 1
Handshake duration: 93.64 ms
Execution 27 - TLS Single
s_connection: verify depth is 1
Handshake duration: 2307.12 ms
Execution 28 - TLS Single
s_connection: verify depth is 1
Handshake duration: 111787.09 ms
Execution 29 - TLS Single
s_connection: verify depth is 1
Handshake duration: 2727.23 ms
Execution 30 - TLS Single
s_connection: verify depth is 1
Handshake duration: 1140.35 ms
Execution 31 - TLS Single
s_connection: verify depth is 1
Handshake duration: 2105.63 ms
Execution 32 - TLS Single
s_connection: verify depth is 1
Handshake duration: 4250.24 ms
Execution 33 - TLS Single
s_connection: verify depth is 1
Handshake duration: 87.77 ms
Execution 34 - TLS Single
s_connection: verify depth is 1
Handshake duration: 1956.45 ms
Execution 35 - TLS Single
s_connection: verify depth is 1
Handshake duration: 88.48 ms
Execution 36 - TLS Single
s_connection: verify depth is 1
Handshake duration: 16478.68 ms
Execution 37 - TLS Single
s_connection: verify depth is 1
Handshake duration: 3571.53 ms
Execution 38 - TLS Single
s_connection: verify depth is 1
Handshake duration: 269.40 ms
Execution 39 - TLS Single
s_connection: verify depth is 1
Handshake duration: 1510.49 ms
Execution 40 - TLS Single
s_connection: verify depth is 1
Handshake duration: 5861.20 ms
Execution 41 - TLS Single
s_connection: verify depth is 1
Handshake duration: 265.73 ms
Execution 42 - TLS Single
s_connection: verify depth is 1
Handshake duration: 1086.46 ms
Execution 43 - TLS Single
s_connection: verify depth is 1
Handshake duration: 1106.89 ms
Execution 44 - TLS Single
s_connection: verify depth is 1
Handshake duration: 3155.79 ms
Execution 45 - TLS Single
s_connection: verify depth is 1
Handshake duration: 887.39 ms
Execution 46 - TLS Single
s_connection: verify depth is 1
Handshake duration: 267.37 ms
Execution 47 - TLS Single
s_connection: verify depth is 1
Handshake duration: 1323.76 ms
Execution 48 - TLS Single
s_connection: verify depth is 1
Handshake duration: 468.59 ms
Execution 49 - TLS Single
s_connection: verify depth is 1
Handshake duration: 83.04 ms
Execution 50 - TLS Single
s_connection: verify depth is 1
Handshake duration: 1470.32 ms
Execution 51 - TLS Single
s_connection: verify depth is 1
Handshake duration: 2340.37 ms
Execution 52 - TLS Single
s_connection: verify depth is 1
Handshake duration: 97.07 ms
Execution 53 - TLS Single
s_connection: verify depth is 1
Handshake duration: 702.88 ms
Execution 54 - TLS Single
s_connection: verify depth is 1
Handshake duration: 89.72 ms
Execution 55 - TLS Single
s_connection: verify depth is 1
Handshake duration: 668.39 ms
Execution 56 - TLS Single
s_connection: verify depth is 1
Handshake duration: 1536.46 ms
Execution 57 - TLS Single
s_connection: verify depth is 1
Handshake duration: 2708.31 ms
Execution 58 - TLS Single
s_connection: verify depth is 1
Handshake duration: 7092.98 ms
Execution 59 - TLS Single
s_connection: verify depth is 1
Handshake duration: 881.67 ms
Execution 60 - TLS Single
s_connection: verify depth is 1
Handshake duration: 1118.21 ms
Execution 61 - TLS Single
s_connection: verify depth is 1
Handshake duration: 83.87 ms
Execution 62 - TLS Single
s_connection: verify depth is 1
Handshake duration: 1107.02 ms
Execution 63 - TLS Single
s_connection: verify depth is 1
Handshake duration: 90.42 ms
Execution 64 - TLS Single
s_connection: verify depth is 1
Handshake duration: 80.86 ms
Execution 65 - TLS Single
s_connection: verify depth is 1
Handshake duration: 79.54 ms
Execution 66 - TLS Single
s_connection: verify depth is 1
Handshake duration: 653.06 ms
Execution 67 - TLS Single
s_connection: verify depth is 1
Handshake duration: 1508.21 ms
Execution 68 - TLS Single
s_connection: verify depth is 1
Handshake duration: 27133.88 ms
Execution 69 - TLS Single
s_connection: verify depth is 1
Handshake duration: 7049.19 ms
Execution 70 - TLS Single
s_connection: verify depth is 1
Handshake duration: 3141.68 ms
Execution 71 - TLS Single
s_connection: verify depth is 1
Handshake duration: 89.24 ms
Execution 72 - TLS Single
s_connection: verify depth is 1
Handshake duration: 1695.94 ms
Execution 73 - TLS Single
s_connection: verify depth is 1
Handshake duration: 26693.83 ms
Execution 74 - TLS Single
s_connection: verify depth is 1
Handshake duration: 3752.65 ms
Execution 75 - TLS Single
s_connection: verify depth is 1
Handshake duration: 94.74 ms
Execution 76 - TLS Single
s_connection: verify depth is 1
Handshake duration: 2571.24 ms
Execution 77 - TLS Single
s_connection: verify depth is 1
Handshake duration: 2351.04 ms
Execution 78 - TLS Single
s_connection: verify depth is 1
Handshake duration: 3170.95 ms
Execution 79 - TLS Single
s_connection: verify depth is 1
Handshake duration: 92.53 ms
Execution 80 - TLS Single
s_connection: verify depth is 1
Handshake duration: 2999.84 ms
Execution 81 - TLS Single
s_connection: verify depth is 1
Handshake duration: 115.83 ms
Execution 82 - TLS Single
s_connection: verify depth is 1
Handshake duration: 268.79 ms
Execution 83 - TLS Single
s_connection: verify depth is 1
Handshake duration: 3182.12 ms
Execution 84 - TLS Single
s_connection: verify depth is 1
Handshake duration: 3787.95 ms
Execution 85 - TLS Single
s_connection: verify depth is 1
Handshake duration: 82.79 ms
Execution 86 - TLS Single
s_connection: verify depth is 1
Handshake duration: 1453.32 ms
Execution 87 - TLS Single
s_connection: verify depth is 1
Handshake duration: 9170.74 ms
Execution 88 - TLS Single
s_connection: verify depth is 1
Handshake duration: 1909.18 ms
Execution 89 - TLS Single
s_connection: verify depth is 1
Handshake duration: 110.22 ms
Execution 90 - TLS Single
s_connection: verify depth is 1
Handshake duration: 92.48 ms
Execution 91 - TLS Single
s_connection: verify depth is 1
Handshake duration: 86.59 ms
Execution 92 - TLS Single
s_connection: verify depth is 1
Handshake duration: 294.32 ms
Execution 93 - TLS Single
s_connection: verify depth is 1
Handshake duration: 4021.74 ms
Execution 94 - TLS Single
s_connection: verify depth is 1
Handshake duration: 1278.58 ms
Execution 95 - TLS Single
s_connection: verify depth is 1
Handshake duration: 90.51 ms
Execution 96 - TLS Single
s_connection: verify depth is 1
Handshake duration: 46.84 ms
Execution 97 - TLS Single
s_connection: verify depth is 1
Handshake duration: 1695.59 ms
Execution 98 - TLS Single
s_connection: verify depth is 1
Handshake duration: 2178.29 ms
Execution 99 - TLS Single
s_connection: verify depth is 1
Handshake duration: 1689.92 ms
Execution 100 - TLS Single
s_connection: verify depth is 1
Handshake duration: 96.02 ms
Execution 101 - TLS Single
s_connection: verify depth is 1
Handshake duration: 87.78 ms
Execution 102 - TLS Single
s_connection: verify depth is 1
Handshake duration: 675.50 ms
Execution 103 - TLS Single
s_connection: verify depth is 1
Handshake duration: 71.82 ms
Execution 104 - TLS Single
s_connection: verify depth is 1
Handshake duration: 1520.65 ms
Execution 105 - TLS Single
s_connection: verify depth is 1
Handshake duration: 93.58 ms
Execution 106 - TLS Single
s_connection: verify depth is 1
Handshake duration: 3319.86 ms
Execution 107 - TLS Single
s_connection: verify depth is 1
Handshake duration: 3995.18 ms
Execution 108 - TLS Single
s_connection: verify depth is 1
Handshake duration: 677.38 ms
Execution 109 - TLS Single
s_connection: verify depth is 1
Handshake duration: 4617.14 ms
Execution 110 - TLS Single
s_connection: verify depth is 1
Handshake duration: 2732.64 ms
Execution 111 - TLS Single
s_connection: verify depth is 1
Handshake duration: 81.94 ms
Execution 112 - TLS Single
s_connection: verify depth is 1
Handshake duration: 234.45 ms
Execution 113 - TLS Single
s_connection: verify depth is 1
Handshake duration: 9702.14 ms
Execution 114 - TLS Single
s_connection: verify depth is 1
Handshake duration: 6059.83 ms
Execution 115 - TLS Single
s_connection: verify depth is 1
Handshake duration: 7785.49 ms
Execution 116 - TLS Single
s_connection: verify depth is 1
Handshake duration: 93.16 ms
Execution 117 - TLS Single
s_connection: verify depth is 1
Handshake duration: 1482.32 ms
Execution 118 - TLS Single
s_connection: verify depth is 1
Handshake duration: 39.87 ms
Execution 119 - TLS Single
s_connection: verify depth is 1
Handshake duration: 232.88 ms
Execution 120 - TLS Single
s_connection: verify depth is 1
Handshake duration: 3124.20 ms
Execution 121 - TLS Single
s_connection: verify depth is 1
Handshake duration: 5439.21 ms
Execution 122 - TLS Single
s_connection: verify depth is 1
Handshake duration: 13310.04 ms
Execution 123 - TLS Single
s_connection: verify depth is 1
Handshake duration: 86.68 ms
Execution 124 - TLS Single
s_connection: verify depth is 1
Handshake duration: 1320.83 ms
Execution 125 - TLS Single
s_connection: verify depth is 1
Handshake duration: 1299.72 ms
