Applying netem rules to lo...
Showing qdisc status for the interface: lo
qdisc netem 8700: root refcnt 2 limit 1000 seed 3346346461697013906
 Sent 0 bytes 0 pkt (dropped 0, overlimits 0 requeues 0) 
 backlog 0b 0p requeues 0
Running ./perftestClientTlsQuic.sh with SIG_ALG=secp521r1 and KEM_ALG=hqc256
Execution 1 - TLS Single
s_connection: verify depth is 1
Handshake duration: 1547.71 ms
Execution 2 - TLS Single
s_connection: verify depth is 1
Handshake duration: 1961.50 ms
Execution 3 - TLS Single
s_connection: verify depth is 1
Handshake duration: 6471.70 ms
Execution 4 - TLS Single
s_connection: verify depth is 1
Handshake duration: 3823.04 ms
Execution 5 - TLS Single
s_connection: verify depth is 1
Handshake duration: 86.10 ms
Execution 6 - TLS Single
s_connection: verify depth is 1
Handshake duration: 1149.67 ms
Execution 7 - TLS Single
s_connection: verify depth is 1
Handshake duration: 724.39 ms
Execution 8 - TLS Single
s_connection: verify depth is 1
Handshake duration: 3465.47 ms
Execution 9 - TLS Single
s_connection: verify depth is 1
Handshake duration: 80.86 ms
Execution 10 - TLS Single
s_connection: verify depth is 1
Handshake duration: 4628.37 ms
Execution 11 - TLS Single
s_connection: verify depth is 1
Handshake duration: 2225.98 ms
Execution 12 - TLS Single
s_connection: verify depth is 1
Handshake duration: 81.07 ms
Execution 13 - TLS Single
s_connection: verify depth is 1
Handshake duration: 3198.15 ms
Execution 14 - TLS Single
s_connection: verify depth is 1
Handshake duration: 80.52 ms
Execution 15 - TLS Single
s_connection: verify depth is 1
Handshake duration: 6643.37 ms
Execution 16 - TLS Single
s_connection: verify depth is 1
Handshake duration: 1777.91 ms
Execution 17 - TLS Single
s_connection: verify depth is 1
Handshake duration: 4758.38 ms
Execution 18 - TLS Single
s_connection: verify depth is 1
Handshake duration: 254.68 ms
Execution 19 - TLS Single
s_connection: verify depth is 1
Handshake duration: 270.80 ms
Execution 20 - TLS Single
s_connection: verify depth is 1
Handshake duration: 330.64 ms
Execution 21 - TLS Single
s_connection: verify depth is 1
Handshake duration: 330.26 ms
Execution 22 - TLS Single
s_connection: verify depth is 1
Handshake duration: 6546.75 ms
Execution 23 - TLS Single
s_connection: verify depth is 1
Handshake duration: 1748.74 ms
Execution 24 - TLS Single
s_connection: verify depth is 1
Handshake duration: 323.57 ms
Execution 25 - TLS Single
s_connection: verify depth is 1
Handshake duration: 4238.68 ms
Execution 26 - TLS Single
s_connection: verify depth is 1
Handshake duration: 256.87 ms
Execution 27 - TLS Single
s_connection: verify depth is 1
Handshake duration: 740.15 ms
Execution 28 - TLS Single
s_connection: verify depth is 1
Handshake duration: 80.82 ms
Execution 29 - TLS Single
s_connection: verify depth is 1
Handshake duration: 5685.00 ms
Execution 30 - TLS Single
s_connection: verify depth is 1
Handshake duration: 27468.07 ms
Execution 31 - TLS Single
s_connection: verify depth is 1
Handshake duration: 318.02 ms
Execution 32 - TLS Single
s_connection: verify depth is 1
Handshake duration: 3669.76 ms
Execution 33 - TLS Single
s_connection: verify depth is 1
Handshake duration: 324.91 ms
Execution 34 - TLS Single
s_connection: verify depth is 1
Handshake duration: 1730.96 ms
Execution 35 - TLS Single
s_connection: verify depth is 1
Handshake duration: 3232.88 ms
Execution 36 - TLS Single
s_connection: verify depth is 1
Handshake duration: 4464.77 ms
Execution 37 - TLS Single
s_connection: verify depth is 1
Handshake duration: 108026.56 ms
Execution 38 - TLS Single
s_connection: verify depth is 1
Handshake duration: 7977.00 ms
Execution 39 - TLS Single
s_connection: verify depth is 1
Handshake duration: 4693.26 ms
Execution 40 - TLS Single
s_connection: verify depth is 1
Handshake duration: 7110.88 ms
Execution 41 - TLS Single
s_connection: verify depth is 1
Handshake duration: 1145.56 ms
Execution 42 - TLS Single
s_connection: verify depth is 1
Handshake duration: 3614.48 ms
Execution 43 - TLS Single
s_connection: verify depth is 1
Handshake duration: 532.61 ms
Execution 44 - TLS Single
s_connection: verify depth is 1
Handshake duration: 3025.41 ms
Execution 45 - TLS Single
s_connection: verify depth is 1
Handshake duration: 325.06 ms
Execution 46 - TLS Single
s_connection: verify depth is 1
Handshake duration: 4070.83 ms
Execution 47 - TLS Single
s_connection: verify depth is 1
Handshake duration: 1564.06 ms
Execution 48 - TLS Single
s_connection: verify depth is 1
Handshake duration: 80.46 ms
Execution 49 - TLS Single
s_connection: verify depth is 1
Handshake duration: 876.30 ms
Execution 50 - TLS Single
s_connection: verify depth is 1
Handshake duration: 266.24 ms
Execution 51 - TLS Single
s_connection: verify depth is 1
Handshake duration: 28023.23 ms
Execution 52 - TLS Single
s_connection: verify depth is 1
Handshake duration: 3062.98 ms
Execution 53 - TLS Single
s_connection: verify depth is 1
Handshake duration: 2424.38 ms
Execution 54 - TLS Single
s_connection: verify depth is 1
Handshake duration: 324.05 ms
Execution 55 - TLS Single
s_connection: verify depth is 1
Handshake duration: 8145.06 ms
Execution 56 - TLS Single
s_connection: verify depth is 1
Handshake duration: 3814.61 ms
Execution 57 - TLS Single
s_connection: verify depth is 1
Handshake duration: 1140.45 ms
Execution 58 - TLS Single
s_connection: verify depth is 1
Handshake duration: 318.32 ms
Execution 59 - TLS Single
s_connection: verify depth is 1
Handshake duration: 464.94 ms
Execution 60 - TLS Single
s_connection: verify depth is 1
Handshake duration: 3065.86 ms
Execution 61 - TLS Single
s_connection: verify depth is 1
Handshake duration: 80.02 ms
Execution 62 - TLS Single
s_connection: verify depth is 1
Handshake duration: 80.52 ms
Execution 63 - TLS Single
s_connection: verify depth is 1
Handshake duration: 2008.92 ms
Execution 64 - TLS Single
s_connection: verify depth is 1
Handshake duration: 707.59 ms
Execution 65 - TLS Single
s_connection: verify depth is 1
Handshake duration: 938.10 ms
Execution 66 - TLS Single
s_connection: verify depth is 1
Handshake duration: 3222.65 ms
Execution 67 - TLS Single
s_connection: verify depth is 1
Handshake duration: 2422.06 ms
Execution 68 - TLS Single
s_connection: verify depth is 1
Handshake duration: 318.28 ms
Execution 69 - TLS Single
s_connection: verify depth is 1
Handshake duration: 1806.82 ms
Execution 70 - TLS Single
s_connection: verify depth is 1
Handshake duration: 16327.43 ms
Execution 71 - TLS Single
s_connection: verify depth is 1
Handshake duration: 3170.55 ms
Execution 72 - TLS Single
s_connection: verify depth is 1
Handshake duration: 315.40 ms
Execution 73 - TLS Single
s_connection: verify depth is 1
Handshake duration: 1549.28 ms
Execution 74 - TLS Single
s_connection: verify depth is 1
Handshake duration: 80.96 ms
Execution 75 - TLS Single
s_connection: verify depth is 1
Handshake duration: 1327.39 ms
Execution 76 - TLS Single
s_connection: verify depth is 1
Handshake duration: 1137.00 ms
Execution 77 - TLS Single
s_connection: verify depth is 1
Handshake duration: 84.34 ms
Execution 78 - TLS Single
s_connection: verify depth is 1
Handshake duration: 2787.63 ms
Execution 79 - TLS Single
s_connection: verify depth is 1
Handshake duration: 325.39 ms
Execution 80 - TLS Single
s_connection: verify depth is 1
Handshake duration: 4644.32 ms
Execution 81 - TLS Single
s_connection: verify depth is 1
Handshake duration: 8593.03 ms
Execution 82 - TLS Single
s_connection: verify depth is 1
Handshake duration: 17287.90 ms
Execution 83 - TLS Single
s_connection: verify depth is 1
Handshake duration: 4903.12 ms
Execution 84 - TLS Single
s_connection: verify depth is 1
Handshake duration: 1710.14 ms
Execution 85 - TLS Single
s_connection: verify depth is 1
Handshake duration: 476.16 ms
Execution 86 - TLS Single
s_connection: verify depth is 1
Handshake duration: 7733.94 ms
Execution 87 - TLS Single
s_connection: verify depth is 1
Handshake duration: 3282.97 ms
Execution 88 - TLS Single
s_connection: verify depth is 1
Handshake duration: 79.91 ms
Execution 89 - TLS Single
s_connection: verify depth is 1
Handshake duration: 530.38 ms
Execution 90 - TLS Single
s_connection: verify depth is 1
Handshake duration: 6492.68 ms
Execution 91 - TLS Single
s_connection: verify depth is 1
Handshake duration: 257.05 ms
Execution 92 - TLS Single
s_connection: verify depth is 1
Handshake duration: 879.30 ms
Execution 93 - TLS Single
s_connection: verify depth is 1
Handshake duration: 327.51 ms
Execution 94 - TLS Single
s_connection: verify depth is 1
Handshake duration: 80.81 ms
Execution 95 - TLS Single
s_connection: verify depth is 1
Handshake duration: 21198.25 ms
Execution 96 - TLS Single
s_connection: verify depth is 1
Handshake duration: 20274.08 ms
Execution 97 - TLS Single
s_connection: verify depth is 1
Handshake duration: 1374.45 ms
Execution 98 - TLS Single
s_connection: verify depth is 1
Handshake duration: 870.17 ms
Execution 99 - TLS Single
s_connection: verify depth is 1
Handshake duration: 742.68 ms
Execution 100 - TLS Single
s_connection: verify depth is 1
Handshake duration: 5511.72 ms
Execution 101 - TLS Single
s_connection: verify depth is 1
Handshake duration: 2678.84 ms
Execution 102 - TLS Single
s_connection: verify depth is 1
Handshake duration: 2006.91 ms
Execution 103 - TLS Single
s_connection: verify depth is 1
Handshake duration: 83.19 ms
Execution 104 - TLS Single
s_connection: verify depth is 1
Handshake duration: 80.31 ms
Execution 105 - TLS Single
s_connection: verify depth is 1
Handshake duration: 1696.05 ms
Execution 106 - TLS Single
s_connection: verify depth is 1
Handshake duration: 2927.82 ms
Execution 107 - TLS Single
s_connection: verify depth is 1
Handshake duration: 80.37 ms
Execution 108 - TLS Single
s_connection: verify depth is 1
Handshake duration: 529.12 ms
Execution 109 - TLS Single
s_connection: verify depth is 1
Handshake duration: 327.54 ms
Execution 110 - TLS Single
s_connection: verify depth is 1
Handshake duration: 2827.86 ms
Execution 111 - TLS Single
s_connection: verify depth is 1
Handshake duration: 3656.12 ms
Execution 112 - TLS Single
s_connection: verify depth is 1
Handshake duration: 81.90 ms
Execution 113 - TLS Single
s_connection: verify depth is 1
Handshake duration: 2178.84 ms
Execution 114 - TLS Single
s_connection: verify depth is 1
Handshake duration: 532.77 ms
Execution 115 - TLS Single
s_connection: verify depth is 1
Handshake duration: 2830.32 ms
Execution 116 - TLS Single
s_connection: verify depth is 1
Handshake duration: 13775.42 ms
Execution 117 - TLS Single
s_connection: verify depth is 1
Handshake duration: 256.99 ms
Execution 118 - TLS Single
s_connection: verify depth is 1
Handshake duration: 337.27 ms
Execution 119 - TLS Single
s_connection: verify depth is 1
Handshake duration: 1964.02 ms
Execution 120 - TLS Single
s_connection: verify depth is 1
Handshake duration: 80.79 ms
Execution 121 - TLS Single
s_connection: verify depth is 1
Handshake duration: 1555.84 ms
Execution 122 - TLS Single
s_connection: verify depth is 1
Handshake duration: 80.19 ms
Execution 123 - TLS Single
s_connection: verify depth is 1
Handshake duration: 1366.49 ms
Execution 124 - TLS Single
s_connection: verify depth is 1
Handshake duration: 1623.63 ms
Execution 125 - TLS Single
s_connection: verify depth is 1
Handshake duration: 73109.49 ms
Execution 126 - TLS Single
s_connection: verify depth is 1
Handshake duration: 4740.21 ms
Execution 127 - TLS Single
s_connection: verify depth is 1
Handshake duration: 1523.52 ms
Execution 128 - TLS Single
s_connection: verify depth is 1
Handshake duration: 1127.40 ms
Execution 129 - TLS Single
s_connection: verify depth is 1
Handshake duration: 54582.95 ms
Execution 130 - TLS Single
s_connection: verify depth is 1
Handshake duration: 81.00 ms
Execution 131 - TLS Single
s_connection: verify depth is 1
Handshake duration: 79.88 ms
Execution 132 - TLS Single
s_connection: verify depth is 1
Handshake duration: 534.46 ms
Execution 133 - TLS Single
s_connection: verify depth is 1
Handshake duration: 2164.40 ms
Execution 134 - TLS Single
s_connection: verify depth is 1
Handshake duration: 253.54 ms
Execution 135 - TLS Single
s_connection: verify depth is 1
Handshake duration: 328.37 ms
Execution 136 - TLS Single
s_connection: verify depth is 1
Handshake duration: 81.75 ms
Execution 137 - TLS Single
s_connection: verify depth is 1
Handshake duration: 321.89 ms
Execution 138 - TLS Single
s_connection: verify depth is 1
Handshake duration: 7093.25 ms
Execution 139 - TLS Single
s_connection: verify depth is 1
Handshake duration: 80.07 ms
Execution 140 - TLS Single
s_connection: verify depth is 1
Handshake duration: 873.39 ms
Execution 141 - TLS Single
s_connection: verify depth is 1
Handshake duration: 267.66 ms
Execution 142 - TLS Single
s_connection: verify depth is 1
Handshake duration: 89.04 ms
Execution 143 - TLS Single
s_connection: verify depth is 1
Handshake duration: 3415.25 ms
Execution 144 - TLS Single
s_connection: verify depth is 1
Handshake duration: 82.65 ms
Execution 145 - TLS Single
s_connection: verify depth is 1
Handshake duration: 1351.49 ms
Execution 146 - TLS Single
s_connection: verify depth is 1
Handshake duration: 1161.88 ms
Execution 147 - TLS Single
s_connection: verify depth is 1
Handshake duration: 15559.08 ms
Execution 148 - TLS Single
s_connection: verify depth is 1
Handshake duration: 6713.87 ms
Execution 149 - TLS Single
s_connection: verify depth is 1
Handshake duration: 8096.56 ms
Execution 150 - TLS Single
s_connection: verify depth is 1
Handshake duration: 81.20 ms
Execution 151 - TLS Single
s_connection: verify depth is 1
Handshake duration: 1177.10 ms
Execution 152 - TLS Single
s_connection: verify depth is 1
Handshake duration: 1625.13 ms
Execution 153 - TLS Single
s_connection: verify depth is 1
Handshake duration: 80.71 ms
Execution 154 - TLS Single
s_connection: verify depth is 1
Handshake duration: 255.97 ms
Execution 155 - TLS Single
s_connection: verify depth is 1
Handshake duration: 1351.82 ms
Execution 156 - TLS Single
s_connection: verify depth is 1
Handshake duration: 709.03 ms
Execution 157 - TLS Single
s_connection: verify depth is 1
Handshake duration: 319.58 ms
Execution 158 - TLS Single
s_connection: verify depth is 1
Handshake duration: 80.17 ms
Execution 159 - TLS Single
s_connection: verify depth is 1
Handshake duration: 1772.82 ms
Execution 160 - TLS Single
s_connection: verify depth is 1
Handshake duration: 257.32 ms
Execution 161 - TLS Single
s_connection: verify depth is 1
Handshake duration: 5054.27 ms
Execution 162 - TLS Single
s_connection: verify depth is 1
Handshake duration: 334.34 ms
Execution 163 - TLS Single
s_connection: verify depth is 1
Handshake duration: 531.41 ms
Execution 164 - TLS Single
s_connection: verify depth is 1
Handshake duration: 320.33 ms
Execution 165 - TLS Single
s_connection: verify depth is 1
Handshake duration: 1142.10 ms
Execution 166 - TLS Single
s_connection: verify depth is 1
Handshake duration: 1722.11 ms
Execution 167 - TLS Single
s_connection: verify depth is 1
Handshake duration: 1578.59 ms
Execution 168 - TLS Single
s_connection: verify depth is 1
Handshake duration: 670.76 ms
Execution 169 - TLS Single
s_connection: verify depth is 1
Handshake duration: 2803.72 ms
Execution 170 - TLS Single
s_connection: verify depth is 1
Handshake duration: 318.37 ms
Execution 171 - TLS Single
s_connection: verify depth is 1
Handshake duration: 111578.71 ms
Execution 172 - TLS Single
s_connection: verify depth is 1
Handshake duration: 1680.73 ms
Execution 173 - TLS Single
s_connection: verify depth is 1
Handshake duration: 4672.50 ms
Execution 174 - TLS Single
s_connection: verify depth is 1
Handshake duration: 2000.42 ms
Execution 175 - TLS Single
s_connection: verify depth is 1
Handshake duration: 457824.37 ms
Execution 176 - TLS Single
s_connection: verify depth is 1
Handshake duration: 700.16 ms
Execution 177 - TLS Single
s_connection: verify depth is 1
Handshake duration: 533.64 ms
Execution 178 - TLS Single
s_connection: verify depth is 1
Handshake duration: 735.49 ms
Execution 179 - TLS Single
s_connection: verify depth is 1
Handshake duration: 28123.88 ms
Execution 180 - TLS Single
s_connection: verify depth is 1
Handshake duration: 916.94 ms
Execution 181 - TLS Single
s_connection: verify depth is 1
Handshake duration: 2657.77 ms
Execution 182 - TLS Single
s_connection: verify depth is 1
Handshake duration: 5514.99 ms
Execution 183 - TLS Single
s_connection: verify depth is 1
Handshake duration: 4551.70 ms
Execution 184 - TLS Single
s_connection: verify depth is 1
Handshake duration: 17133.93 ms
Execution 185 - TLS Single
s_connection: verify depth is 1
Handshake duration: 83.45 ms
Execution 186 - TLS Single
s_connection: verify depth is 1
Handshake duration: 2016.09 ms
Execution 187 - TLS Single
s_connection: verify depth is 1
Handshake duration: 82.21 ms
Execution 188 - TLS Single
s_connection: verify depth is 1
Handshake duration: 80.12 ms
Execution 189 - TLS Single
s_connection: verify depth is 1
Handshake duration: 726.86 ms
Execution 190 - TLS Single
s_connection: verify depth is 1
Handshake duration: 326.90 ms
Execution 191 - TLS Single
s_connection: verify depth is 1
Handshake duration: 1339.63 ms
Execution 192 - TLS Single
s_connection: verify depth is 1
Handshake duration: 3066.29 ms
Execution 193 - TLS Single
s_connection: verify depth is 1
Handshake duration: 3451.73 ms
Execution 194 - TLS Single
s_connection: verify depth is 1
Handshake duration: 1391.24 ms
Execution 195 - TLS Single
s_connection: verify depth is 1
Handshake duration: 1533.64 ms
Execution 196 - TLS Single
s_connection: verify depth is 1
Handshake duration: 3637.49 ms
Execution 197 - TLS Single
s_connection: verify depth is 1
Handshake duration: 3853.62 ms
Execution 198 - TLS Single
s_connection: verify depth is 1
Handshake duration: 1949.59 ms
Execution 199 - TLS Single
s_connection: verify depth is 1
Handshake duration: 918.62 ms
Execution 200 - TLS Single
s_connection: verify depth is 1
Handshake duration: 1530.46 ms
Execution 201 - TLS Single
s_connection: verify depth is 1
Handshake duration: 81.84 ms
Execution 202 - TLS Single
s_connection: verify depth is 1
Handshake duration: 2635.10 ms
Execution 203 - TLS Single
s_connection: verify depth is 1
Handshake duration: 10383.70 ms
Execution 204 - TLS Single
s_connection: verify depth is 1
Handshake duration: 3252.31 ms
Execution 205 - TLS Single
s_connection: verify depth is 1
Handshake duration: 710.85 ms
Execution 206 - TLS Single
s_connection: verify depth is 1
Handshake duration: 301.25 ms
Execution 207 - TLS Single
s_connection: verify depth is 1
Handshake duration: 458.85 ms
Execution 208 - TLS Single
s_connection: verify depth is 1
Handshake duration: 1128.15 ms
Execution 209 - TLS Single
s_connection: verify depth is 1
Handshake duration: 3240.27 ms
Execution 210 - TLS Single
s_connection: verify depth is 1
Handshake duration: 326.58 ms
Execution 211 - TLS Single
s_connection: verify depth is 1
Handshake duration: 81.40 ms
Execution 212 - TLS Single
s_connection: verify depth is 1
Handshake duration: 31050.45 ms
Execution 213 - TLS Single
s_connection: verify depth is 1
Handshake duration: 2489.63 ms
Execution 214 - TLS Single
s_connection: verify depth is 1
Handshake duration: 1979.62 ms
Execution 215 - TLS Single
s_connection: verify depth is 1
Handshake duration: 3466.20 ms
Execution 216 - TLS Single
s_connection: verify depth is 1
Handshake duration: 255.75 ms
Execution 217 - TLS Single
s_connection: verify depth is 1
Handshake duration: 92.98 ms
Execution 218 - TLS Single
s_connection: verify depth is 1
Handshake duration: 80.09 ms
Execution 219 - TLS Single
s_connection: verify depth is 1
Handshake duration: 1142.62 ms
Execution 220 - TLS Single
s_connection: verify depth is 1
Handshake duration: 8974.29 ms
Execution 221 - TLS Single
s_connection: verify depth is 1
Handshake duration: 318.82 ms
Execution 222 - TLS Single
s_connection: verify depth is 1
Handshake duration: 2024.11 ms
Execution 223 - TLS Single
s_connection: verify depth is 1
Handshake duration: 325.95 ms
Execution 224 - TLS Single
s_connection: verify depth is 1
Handshake duration: 5046.26 ms
Execution 225 - TLS Single
s_connection: verify depth is 1
Handshake duration: 1751.65 ms
Execution 226 - TLS Single
s_connection: verify depth is 1
Handshake duration: 54149.33 ms
Execution 227 - TLS Single
s_connection: verify depth is 1
Handshake duration: 1591.31 ms
Execution 228 - TLS Single
s_connection: verify depth is 1
Handshake duration: 81.98 ms
Execution 229 - TLS Single
s_connection: verify depth is 1
Handshake duration: 1106.78 ms
Execution 230 - TLS Single
s_connection: verify depth is 1
Handshake duration: 80.63 ms
Execution 231 - TLS Single
s_connection: verify depth is 1
Handshake duration: 82.82 ms
Execution 232 - TLS Single
s_connection: verify depth is 1
Handshake duration: 906.70 ms
Execution 233 - TLS Single
s_connection: verify depth is 1
Handshake duration: 28947.84 ms
Execution 234 - TLS Single
s_connection: verify depth is 1
Handshake duration: 1992.19 ms
Execution 235 - TLS Single
s_connection: verify depth is 1
Handshake duration: 1598.67 ms
Execution 236 - TLS Single
s_connection: verify depth is 1
Handshake duration: 2006.81 ms
Execution 237 - TLS Single
s_connection: verify depth is 1
Handshake duration: 3630.75 ms
Execution 238 - TLS Single
s_connection: verify depth is 1
Handshake duration: 869.32 ms
Execution 239 - TLS Single
s_connection: verify depth is 1
Handshake duration: 717.11 ms
Execution 240 - TLS Single
s_connection: verify depth is 1
Handshake duration: 4184.44 ms
Execution 241 - TLS Single
s_connection: verify depth is 1
Handshake duration: 5971.56 ms
Execution 242 - TLS Single
s_connection: verify depth is 1
Handshake duration: 918.66 ms
Execution 243 - TLS Single
s_connection: verify depth is 1
Handshake duration: 261.65 ms
Execution 244 - TLS Single
s_connection: verify depth is 1
Handshake duration: 27907.70 ms
Execution 245 - TLS Single
s_connection: verify depth is 1
Handshake duration: 52706.22 ms
Execution 246 - TLS Single
s_connection: verify depth is 1
Handshake duration: 326.64 ms
Execution 247 - TLS Single
s_connection: verify depth is 1
Handshake duration: 16307.59 ms
Execution 248 - TLS Single
s_connection: verify depth is 1
Handshake duration: 525.64 ms
Execution 249 - TLS Single
s_connection: verify depth is 1
Handshake duration: 8463.51 ms
Execution 250 - TLS Single
s_connection: verify depth is 1
Handshake duration: 1792.13 ms
Execution 251 - TLS Single
s_connection: verify depth is 1
Handshake duration: 318.38 ms
Execution 252 - TLS Single
s_connection: verify depth is 1
Handshake duration: 3200.05 ms
Execution 253 - TLS Single
s_connection: verify depth is 1
Handshake duration: 321.70 ms
Execution 254 - TLS Single
s_connection: verify depth is 1
Handshake duration: 1570.16 ms
Execution 255 - TLS Single
s_connection: verify depth is 1
Handshake duration: 83.73 ms
Execution 256 - TLS Single
s_connection: verify depth is 1
Handshake duration: 1585.98 ms
Execution 257 - TLS Single
s_connection: verify depth is 1
Handshake duration: 4896.92 ms
Execution 258 - TLS Single
s_connection: verify depth is 1
Handshake duration: 81.50 ms
Execution 259 - TLS Single
s_connection: verify depth is 1
Handshake duration: 731.49 ms
Execution 260 - TLS Single
s_connection: verify depth is 1
Handshake duration: 2164.51 ms
Execution 261 - TLS Single
s_connection: verify depth is 1
Handshake duration: 943.30 ms
Execution 262 - TLS Single
s_connection: verify depth is 1
Handshake duration: 80.29 ms
Execution 263 - TLS Single
s_connection: verify depth is 1
Handshake duration: 27820.22 ms
Execution 264 - TLS Single
s_connection: verify depth is 1
Handshake duration: 1121.17 ms
Execution 265 - TLS Single
s_connection: verify depth is 1
Handshake duration: 8389.86 ms
Execution 266 - TLS Single
s_connection: verify depth is 1
Handshake duration: 1120.78 ms
Execution 267 - TLS Single
s_connection: verify depth is 1
Handshake duration: 2385.63 ms
Execution 268 - TLS Single
s_connection: verify depth is 1
Handshake duration: 2813.16 ms
Execution 269 - TLS Single
s_connection: verify depth is 1
Handshake duration: 8403.30 ms
Execution 270 - TLS Single
s_connection: verify depth is 1
Handshake duration: 80.08 ms
Execution 271 - TLS Single
s_connection: verify depth is 1
Handshake duration: 327.77 ms
Execution 272 - TLS Single
s_connection: verify depth is 1
Handshake duration: 1170.57 ms
Execution 273 - TLS Single
s_connection: verify depth is 1
Handshake duration: 1585.23 ms
Execution 274 - TLS Single
s_connection: verify depth is 1
Handshake duration: 318.76 ms
Execution 275 - TLS Single
s_connection: verify depth is 1
Handshake duration: 1987.95 ms
Execution 276 - TLS Single
s_connection: verify depth is 1
Handshake duration: 80.13 ms
Execution 277 - TLS Single
s_connection: verify depth is 1
Handshake duration: 3369.47 ms
Execution 278 - TLS Single
s_connection: verify depth is 1
Handshake duration: 15151.69 ms
Execution 279 - TLS Single
s_connection: verify depth is 1
Handshake duration: 4446.04 ms
Execution 280 - TLS Single
s_connection: verify depth is 1
Handshake duration: 80.00 ms
Execution 281 - TLS Single
s_connection: verify depth is 1
Handshake duration: 80.07 ms
Execution 282 - TLS Single
s_connection: verify depth is 1
Handshake duration: 84.27 ms
Execution 283 - TLS Single
s_connection: verify depth is 1
Handshake duration: 1099.70 ms
Execution 284 - TLS Single
s_connection: verify depth is 1
Handshake duration: 2978.87 ms
Execution 285 - TLS Single
s_connection: verify depth is 1
Handshake duration: 5625.11 ms
Execution 286 - TLS Single
s_connection: verify depth is 1
Handshake duration: 325.99 ms
Execution 287 - TLS Single
s_connection: verify depth is 1
Handshake duration: 320.33 ms
Execution 288 - TLS Single
s_connection: verify depth is 1
Handshake duration: 338868.21 ms
Execution 289 - TLS Single
s_connection: verify depth is 1
Handshake duration: 54057.87 ms
Execution 290 - TLS Single
s_connection: verify depth is 1
Handshake duration: 85.47 ms
Execution 291 - TLS Single
s_connection: verify depth is 1
Handshake duration: 80.83 ms
Execution 292 - TLS Single
s_connection: verify depth is 1
Handshake duration: 732.57 ms
Execution 293 - TLS Single
s_connection: verify depth is 1
Handshake duration: 466.21 ms
Execution 294 - TLS Single
s_connection: verify depth is 1
Handshake duration: 11393.50 ms
Execution 295 - TLS Single
s_connection: verify depth is 1
Handshake duration: 320.68 ms
Execution 296 - TLS Single
s_connection: verify depth is 1
Handshake duration: 80.68 ms
Execution 297 - TLS Single
s_connection: verify depth is 1
Handshake duration: 81.07 ms
Execution 298 - TLS Single
s_connection: verify depth is 1
Handshake duration: 323.11 ms
Execution 299 - TLS Single
s_connection: verify depth is 1
Handshake duration: 1091.68 ms
Execution 300 - TLS Single
s_connection: verify depth is 1
Handshake duration: 2203.11 ms
Execution 301 - TLS Single
s_connection: verify depth is 1
Handshake duration: 943.51 ms
Execution 302 - TLS Single
s_connection: verify depth is 1
Handshake duration: 2354.24 ms
Execution 303 - TLS Single
s_connection: verify depth is 1
Handshake duration: 529.36 ms
Execution 304 - TLS Single
s_connection: verify depth is 1
Handshake duration: 9461.34 ms
Execution 305 - TLS Single
s_connection: verify depth is 1
Handshake duration: 8568.84 ms
Execution 306 - TLS Single
s_connection: verify depth is 1
Handshake duration: 1173.14 ms
Execution 307 - TLS Single
s_connection: verify depth is 1
Handshake duration: 4246.81 ms
Execution 308 - TLS Single
s_connection: verify depth is 1
Handshake duration: 318.33 ms
Execution 309 - TLS Single
s_connection: verify depth is 1
Handshake duration: 2435.99 ms
Execution 310 - TLS Single
s_connection: verify depth is 1
Handshake duration: 321.40 ms
Execution 311 - TLS Single
s_connection: verify depth is 1
Handshake duration: 324.94 ms
Execution 312 - TLS Single
s_connection: verify depth is 1
Handshake duration: 329.87 ms
Execution 313 - TLS Single
s_connection: verify depth is 1
Handshake duration: 737.58 ms
Execution 314 - TLS Single
s_connection: verify depth is 1
Handshake duration: 16328.17 ms
Execution 315 - TLS Single
s_connection: verify depth is 1
Handshake duration: 88.87 ms
Execution 316 - TLS Single
s_connection: verify depth is 1
Handshake duration: 81.19 ms
Execution 317 - TLS Single
s_connection: verify depth is 1
Handshake duration: 461.89 ms
Execution 318 - TLS Single
s_connection: verify depth is 1
Handshake duration: 6950.53 ms
Execution 319 - TLS Single
s_connection: verify depth is 1
Handshake duration: 1810.34 ms
Execution 320 - TLS Single
s_connection: verify depth is 1
Handshake duration: 86.43 ms
Execution 321 - TLS Single
s_connection: verify depth is 1
Handshake duration: 87.86 ms
Execution 322 - TLS Single
s_connection: verify depth is 1
Handshake duration: 321.19 ms
Execution 323 - TLS Single
s_connection: verify depth is 1
Handshake duration: 6453.92 ms
Execution 324 - TLS Single
s_connection: verify depth is 1
Handshake duration: 83.45 ms
Execution 325 - TLS Single
s_connection: verify depth is 1
Handshake duration: 255.81 ms
Execution 326 - TLS Single
s_connection: verify depth is 1
Handshake duration: 7952.42 ms
Execution 327 - TLS Single
s_connection: verify depth is 1
Handshake duration: 81.06 ms
Execution 328 - TLS Single
s_connection: verify depth is 1
Handshake duration: 80.50 ms
Execution 329 - TLS Single
s_connection: verify depth is 1
Handshake duration: 1119.78 ms
Execution 330 - TLS Single
s_connection: verify depth is 1
Handshake duration: 3665.34 ms
Execution 331 - TLS Single
s_connection: verify depth is 1
Handshake duration: 322.67 ms
Execution 332 - TLS Single
s_connection: verify depth is 1
Handshake duration: 5293.53 ms
Execution 333 - TLS Single
s_connection: verify depth is 1
Handshake duration: 321.37 ms
Execution 334 - TLS Single
s_connection: verify depth is 1
Handshake duration: 1170.50 ms
Execution 335 - TLS Single
s_connection: verify depth is 1
Handshake duration: 83.74 ms
Execution 336 - TLS Single
s_connection: verify depth is 1
Handshake duration: 1363.18 ms
Execution 337 - TLS Single
s_connection: verify depth is 1
Handshake duration: 8017.36 ms
Execution 338 - TLS Single
s_connection: verify depth is 1
Handshake duration: 4641.28 ms
Execution 339 - TLS Single
s_connection: verify depth is 1
Handshake duration: 14534.02 ms
Execution 340 - TLS Single
s_connection: verify depth is 1
Handshake duration: 319.15 ms
Execution 341 - TLS Single
s_connection: verify depth is 1
Handshake duration: 9899.38 ms
Execution 342 - TLS Single
s_connection: verify depth is 1
Handshake duration: 3199.62 ms
Execution 343 - TLS Single
s_connection: verify depth is 1
Handshake duration: 4275.20 ms
Execution 344 - TLS Single
s_connection: verify depth is 1
Handshake duration: 80.48 ms
Execution 345 - TLS Single
s_connection: verify depth is 1
Handshake duration: 324.95 ms
Execution 346 - TLS Single
s_connection: verify depth is 1
Handshake duration: 872.70 ms
Execution 347 - TLS Single
s_connection: verify depth is 1
Handshake duration: 90.80 ms
Execution 348 - TLS Single
s_connection: verify depth is 1
Handshake duration: 3384.04 ms
Execution 349 - TLS Single
s_connection: verify depth is 1
Handshake duration: 1772.97 ms
Execution 350 - TLS Single
s_connection: verify depth is 1
Handshake duration: 257.32 ms
Execution 351 - TLS Single
s_connection: verify depth is 1
Handshake duration: 90.00 ms
Execution 352 - TLS Single
s_connection: verify depth is 1
Handshake duration: 3420.93 ms
Execution 353 - TLS Single
s_connection: verify depth is 1
Handshake duration: 1828.44 ms
Execution 354 - TLS Single
s_connection: verify depth is 1
Handshake duration: 2798.50 ms
Execution 355 - TLS Single
s_connection: verify depth is 1
Handshake duration: 1133.90 ms
Execution 356 - TLS Single
s_connection: verify depth is 1
Handshake duration: 2173.78 ms
Execution 357 - TLS Single
s_connection: verify depth is 1
Handshake duration: 93.38 ms
Execution 358 - TLS Single
s_connection: verify depth is 1
Handshake duration: 1988.86 ms
Execution 359 - TLS Single
s_connection: verify depth is 1
Handshake duration: 1139.55 ms
Execution 360 - TLS Single
s_connection: verify depth is 1
Handshake duration: 933.74 ms
Execution 361 - TLS Single
s_connection: verify depth is 1
Handshake duration: 4687.93 ms
Execution 362 - TLS Single
s_connection: verify depth is 1
Handshake duration: 4254.42 ms
Execution 363 - TLS Single
s_connection: verify depth is 1
Handshake duration: 1541.92 ms
Execution 364 - TLS Single
s_connection: verify depth is 1
Handshake duration: 327.46 ms
Execution 365 - TLS Single
s_connection: verify depth is 1
Handshake duration: 33508.04 ms
Execution 366 - TLS Single
s_connection: verify depth is 1
Handshake duration: 734.08 ms
Execution 367 - TLS Single
s_connection: verify depth is 1
Handshake duration: 1575.08 ms
Execution 368 - TLS Single
s_connection: verify depth is 1
Handshake duration: 4134.54 ms
Execution 369 - TLS Single
s_connection: verify depth is 1
Handshake duration: 52855.33 ms
Execution 370 - TLS Single
s_connection: verify depth is 1
Handshake duration: 81.68 ms
Execution 371 - TLS Single
s_connection: verify depth is 1
Handshake duration: 876.43 ms
Execution 372 - TLS Single
s_connection: verify depth is 1
Handshake duration: 3435.69 ms
Execution 373 - TLS Single
s_connection: verify depth is 1
Handshake duration: 871.86 ms
Execution 374 - TLS Single
s_connection: verify depth is 1
Handshake duration: 4096.33 ms
Execution 375 - TLS Single
s_connection: verify depth is 1
Handshake duration: 214952.87 ms
Execution 376 - TLS Single
s_connection: verify depth is 1
Handshake duration: 1424.10 ms
Execution 377 - TLS Single
s_connection: verify depth is 1
Handshake duration: 730.89 ms
Execution 378 - TLS Single
s_connection: verify depth is 1
Handshake duration: 81.21 ms
Execution 379 - TLS Single
s_connection: verify depth is 1
Handshake duration: 1391.48 ms
Execution 380 - TLS Single
s_connection: verify depth is 1
Handshake duration: 14122.36 ms
Execution 381 - TLS Single
s_connection: verify depth is 1
Handshake duration: 1163.70 ms
Execution 382 - TLS Single
s_connection: verify depth is 1
Handshake duration: 24830.09 ms
Execution 383 - TLS Single
s_connection: verify depth is 1
Handshake duration: 1357.35 ms
Execution 384 - TLS Single
s_connection: verify depth is 1
Handshake duration: 2884.20 ms
Execution 385 - TLS Single
s_connection: verify depth is 1
Handshake duration: 725.50 ms
Execution 386 - TLS Single
s_connection: verify depth is 1
Handshake duration: 3562.63 ms
Execution 387 - TLS Single
s_connection: verify depth is 1
Handshake duration: 2811.74 ms
Execution 388 - TLS Single
s_connection: verify depth is 1
Handshake duration: 326.84 ms
Execution 389 - TLS Single
s_connection: verify depth is 1
Handshake duration: 4034.77 ms
Execution 390 - TLS Single
s_connection: verify depth is 1
Handshake duration: 921.95 ms
Execution 391 - TLS Single
s_connection: verify depth is 1
Handshake duration: 1082.82 ms
Execution 392 - TLS Single
s_connection: verify depth is 1
Handshake duration: 3827.20 ms
Execution 393 - TLS Single
s_connection: verify depth is 1
Handshake duration: 83.15 ms
Execution 394 - TLS Single
s_connection: verify depth is 1
Handshake duration: 729.36 ms
Execution 395 - TLS Single
s_connection: verify depth is 1
Handshake duration: 4916.14 ms
Execution 396 - TLS Single
s_connection: verify depth is 1
Handshake duration: 5136.54 ms
Execution 397 - TLS Single
s_connection: verify depth is 1
Handshake duration: 468.99 ms
Execution 398 - TLS Single
s_connection: verify depth is 1
Handshake duration: 52952.93 ms
Execution 399 - TLS Single
s_connection: verify depth is 1
Handshake duration: 6867.67 ms
Execution 400 - TLS Single
s_connection: verify depth is 1
Handshake duration: 14555.50 ms
Execution 401 - TLS Single
s_connection: verify depth is 1
Handshake duration: 2181.47 ms
Execution 402 - TLS Single
s_connection: verify depth is 1
Handshake duration: 84.76 ms
Execution 403 - TLS Single
s_connection: verify depth is 1
Handshake duration: 2631.12 ms
Execution 404 - TLS Single
s_connection: verify depth is 1
Handshake duration: 83.19 ms
Execution 405 - TLS Single
s_connection: verify depth is 1
Handshake duration: 2214.43 ms
Execution 406 - TLS Single
s_connection: verify depth is 1
Handshake duration: 5312.05 ms
Execution 407 - TLS Single
s_connection: verify depth is 1
Handshake duration: 5097.46 ms
Execution 408 - TLS Single
s_connection: verify depth is 1
Handshake duration: 2344.23 ms
Execution 409 - TLS Single
s_connection: verify depth is 1
Handshake duration: 10893.82 ms
Execution 410 - TLS Single
s_connection: verify depth is 1
Handshake duration: 2790.22 ms
Execution 411 - TLS Single
s_connection: verify depth is 1
Handshake duration: 1974.85 ms
Execution 412 - TLS Single
s_connection: verify depth is 1
Handshake duration: 5672.93 ms
Execution 413 - TLS Single
s_connection: verify depth is 1
Handshake duration: 914.37 ms
Execution 414 - TLS Single
s_connection: verify depth is 1
Handshake duration: 52984.91 ms
Execution 415 - TLS Single
s_connection: verify depth is 1
Handshake duration: 913.35 ms
Execution 416 - TLS Single
s_connection: verify depth is 1
Handshake duration: 19693.31 ms
Execution 417 - TLS Single
s_connection: verify depth is 1
Handshake duration: 14179.74 ms
Execution 418 - TLS Single
s_connection: verify depth is 1
Handshake duration: 257.00 ms
Execution 419 - TLS Single
s_connection: verify depth is 1
Handshake duration: 92.00 ms
Execution 420 - TLS Single
s_connection: verify depth is 1
Handshake duration: 7333.56 ms
Execution 421 - TLS Single
s_connection: verify depth is 1
Handshake duration: 82.89 ms
Execution 422 - TLS Single
s_connection: verify depth is 1
Handshake duration: 1801.31 ms
Execution 423 - TLS Single
s_connection: verify depth is 1
Handshake duration: 324.48 ms
Execution 424 - TLS Single
s_connection: verify depth is 1
Handshake duration: 255.89 ms
Execution 425 - TLS Single
s_connection: verify depth is 1
Handshake duration: 1369.29 ms
Execution 426 - TLS Single
s_connection: verify depth is 1
Handshake duration: 81.68 ms
Execution 427 - TLS Single
s_connection: verify depth is 1
Handshake duration: 529.87 ms
Execution 428 - TLS Single
s_connection: verify depth is 1
Handshake duration: 1558.18 ms
Execution 429 - TLS Single
s_connection: verify depth is 1
Handshake duration: 1740.55 ms
Execution 430 - TLS Single
s_connection: verify depth is 1
Handshake duration: 6526.74 ms
Execution 431 - TLS Single
s_connection: verify depth is 1
Handshake duration: 81.20 ms
Execution 432 - TLS Single
s_connection: verify depth is 1
Handshake duration: 2179.07 ms
Execution 433 - TLS Single
s_connection: verify depth is 1
Handshake duration: 9838.46 ms
Execution 434 - TLS Single
s_connection: verify depth is 1
Handshake duration: 13270.26 ms
Execution 435 - TLS Single
s_connection: verify depth is 1
Handshake duration: 7601.48 ms
Execution 436 - TLS Single
s_connection: verify depth is 1
Handshake duration: 943.23 ms
Execution 437 - TLS Single
s_connection: verify depth is 1
Handshake duration: 1564.04 ms
Execution 438 - TLS Single
s_connection: verify depth is 1
Handshake duration: 106240.25 ms
Execution 439 - TLS Single
s_connection: verify depth is 1
Handshake duration: 3399.06 ms
Execution 440 - TLS Single
s_connection: verify depth is 1
Handshake duration: 1147.93 ms
Execution 441 - TLS Single
s_connection: verify depth is 1
Handshake duration: 240503.02 ms
Execution 442 - TLS Single
s_connection: verify depth is 1
Handshake duration: 3432.17 ms
Execution 443 - TLS Single
s_connection: verify depth is 1
Handshake duration: 81.20 ms
Execution 444 - TLS Single
s_connection: verify depth is 1
Handshake duration: 318.25 ms
Execution 445 - TLS Single
s_connection: verify depth is 1
Handshake duration: 723.58 ms
Execution 446 - TLS Single
s_connection: verify depth is 1
Handshake duration: 257.69 ms
Execution 447 - TLS Single
s_connection: verify depth is 1
Handshake duration: 4674.70 ms
Execution 448 - TLS Single
s_connection: verify depth is 1
Handshake duration: 8115.49 ms
Execution 449 - TLS Single
s_connection: verify depth is 1
Handshake duration: 943.71 ms
Execution 450 - TLS Single
s_connection: verify depth is 1
Handshake duration: 81.94 ms
Execution 451 - TLS Single
s_connection: verify depth is 1
Handshake duration: 321.63 ms
Execution 452 - TLS Single
s_connection: verify depth is 1
Handshake duration: 8598.06 ms
Execution 453 - TLS Single
s_connection: verify depth is 1
Handshake duration: 462.67 ms
Execution 454 - TLS Single
s_connection: verify depth is 1
Handshake duration: 2424.10 ms
Execution 455 - TLS Single
s_connection: verify depth is 1
Handshake duration: 81.72 ms
Execution 456 - TLS Single
s_connection: verify depth is 1
Handshake duration: 322.30 ms
Execution 457 - TLS Single
s_connection: verify depth is 1
Handshake duration: 4724.27 ms
Execution 458 - TLS Single
s_connection: verify depth is 1
Handshake duration: 1967.72 ms
Execution 459 - TLS Single
s_connection: verify depth is 1
Handshake duration: 89.40 ms
Execution 460 - TLS Single
s_connection: verify depth is 1
Handshake duration: 317.57 ms
Execution 461 - TLS Single
s_connection: verify depth is 1
Handshake duration: 20351.99 ms
Execution 462 - TLS Single
s_connection: verify depth is 1
Handshake duration: 81.62 ms
Execution 463 - TLS Single
s_connection: verify depth is 1
Handshake duration: 259.00 ms
Execution 464 - TLS Single
s_connection: verify depth is 1
Handshake duration: 4339.79 ms
Execution 465 - TLS Single
s_connection: verify depth is 1
Handshake duration: 2854.77 ms
Execution 466 - TLS Single
s_connection: verify depth is 1
Handshake duration: 81.17 ms
Execution 467 - TLS Single
s_connection: verify depth is 1
Handshake duration: 11082.36 ms
Execution 468 - TLS Single
s_connection: verify depth is 1
Handshake duration: 3670.87 ms
Execution 469 - TLS Single
s_connection: verify depth is 1
Handshake duration: 84.53 ms
Execution 470 - TLS Single
s_connection: verify depth is 1
Handshake duration: 1142.78 ms
Execution 471 - TLS Single
s_connection: verify depth is 1
Handshake duration: 1573.33 ms
Execution 472 - TLS Single
s_connection: verify depth is 1
Handshake duration: 52882.70 ms
Execution 473 - TLS Single
s_connection: verify depth is 1
Handshake duration: 84.06 ms
Execution 474 - TLS Single
s_connection: verify depth is 1
Handshake duration: 3813.45 ms
Execution 475 - TLS Single
s_connection: verify depth is 1
Handshake duration: 734.40 ms
Execution 476 - TLS Single
s_connection: verify depth is 1
Handshake duration: 730.40 ms
Execution 477 - TLS Single
s_connection: verify depth is 1
Handshake duration: 711.92 ms
Execution 478 - TLS Single
s_connection: verify depth is 1
Handshake duration: 1155.88 ms
Execution 479 - TLS Single
s_connection: verify depth is 1
Handshake duration: 4401.45 ms
Execution 480 - TLS Single
s_connection: verify depth is 1
Handshake duration: 1368.88 ms
Execution 481 - TLS Single
s_connection: verify depth is 1
Handshake duration: 292.87 ms
Execution 482 - TLS Single
s_connection: verify depth is 1
Handshake duration: 314.30 ms
Execution 483 - TLS Single
s_connection: verify depth is 1
Handshake duration: 81.77 ms
Execution 484 - TLS Single
s_connection: verify depth is 1
Handshake duration: 81.77 ms
Execution 485 - TLS Single
s_connection: verify depth is 1
Handshake duration: 734.45 ms
Execution 486 - TLS Single
s_connection: verify depth is 1
Handshake duration: 319.44 ms
Execution 487 - TLS Single
s_connection: verify depth is 1
Handshake duration: 9790.91 ms
Execution 488 - TLS Single
s_connection: verify depth is 1
Handshake duration: 82.05 ms
Execution 489 - TLS Single
s_connection: verify depth is 1
Handshake duration: 79.86 ms
Execution 490 - TLS Single
s_connection: verify depth is 1
Handshake duration: 80.67 ms
Execution 491 - TLS Single
s_connection: verify depth is 1
Handshake duration: 4188.34 ms
Execution 492 - TLS Single
s_connection: verify depth is 1
Handshake duration: 329.65 ms
Execution 493 - TLS Single
s_connection: verify depth is 1
Handshake duration: 328.14 ms
Execution 494 - TLS Single
s_connection: verify depth is 1
Handshake duration: 107821.16 ms
Execution 495 - TLS Single
s_connection: verify depth is 1
Handshake duration: 80.73 ms
Execution 496 - TLS Single
s_connection: verify depth is 1
Handshake duration: 80.01 ms
Execution 497 - TLS Single
s_connection: verify depth is 1
Handshake duration: 80.26 ms
Execution 498 - TLS Single
s_connection: verify depth is 1
Handshake duration: 81.46 ms
Execution 499 - TLS Single
s_connection: verify depth is 1
Handshake duration: 80.26 ms
Execution 500 - TLS Single
s_connection: verify depth is 1
Handshake duration: 81.90 ms
