Handshake timeout budget: 150s (identique TLS/QUIC)
Applying netem rules to lo...
Showing qdisc status for the interface: lo
qdisc netem 811a: root refcnt 2 limit 1000 seed 7395917423878145240
 Sent 0 bytes 0 pkt (dropped 0, overlimits 0 requeues 0) 
 backlog 0b 0p requeues 0
Running ./perftestClientTlsQuic.sh with SIG_ALG=ed25519 and KEM_ALG=p256_hqc128
Execution 1 - TLS Single
s_connection: verify depth is 1
Handshake duration: 871.18 ms
Execution 2 - TLS Single
s_connection: verify depth is 1
Handshake duration: 853.52 ms
Execution 3 - TLS Single
s_connection: verify depth is 1
Handshake duration: 221.77 ms
Execution 4 - TLS Single
s_connection: verify depth is 1
Handshake duration: 437.23 ms
Execution 5 - TLS Single
s_connection: verify depth is 1
Handshake duration: 1726.74 ms
Execution 6 - TLS Single
s_connection: verify depth is 1
Handshake duration: 224.05 ms
Execution 7 - TLS Single
s_connection: verify depth is 1
Handshake duration: 25.73 ms
Execution 8 - TLS Single
s_connection: verify depth is 1
Handshake duration: 1265.36 ms
Execution 9 - TLS Single
s_connection: verify depth is 1
Handshake duration: 1262.95 ms
Execution 10 - TLS Single
s_connection: verify depth is 1
Handshake duration: 1089.24 ms
Execution 11 - TLS Single
s_connection: verify depth is 1
Handshake duration: 431.26 ms
Execution 12 - TLS Single
s_connection: verify depth is 1
Handshake duration: 229.60 ms
Execution 13 - TLS Single
s_connection: verify depth is 1
Handshake duration: 29.14 ms
Execution 14 - TLS Single
s_connection: verify depth is 1
Handshake duration: 23.16 ms
Execution 15 - TLS Single
s_connection: verify depth is 1
Handshake duration: 224.31 ms
Execution 16 - TLS Single
s_connection: verify depth is 1
Handshake duration: 674.18 ms
Execution 17 - TLS Single
s_connection: verify depth is 1
Handshake duration: 1086.69 ms
Execution 18 - TLS Single
s_connection: verify depth is 1
Handshake duration: 24.02 ms
Execution 19 - TLS Single
s_connection: verify depth is 1
Handshake duration: 11233.76 ms
Execution 20 - TLS Single
s_connection: verify depth is 1
Handshake duration: 24.17 ms
Execution 21 - TLS Single
s_connection: verify depth is 1
Handshake duration: 257.83 ms
Execution 22 - TLS Single
s_connection: verify depth is 1
Handshake duration: 28.50 ms
Execution 23 - TLS Single
s_connection: verify depth is 1
Handshake duration: 24.45 ms
Execution 24 - TLS Single
s_connection: verify depth is 1
Handshake duration: 1073.61 ms
Execution 25 - TLS Single
s_connection: verify depth is 1
Handshake duration: 458.09 ms
Execution 26 - TLS Single
s_connection: verify depth is 1
Handshake duration: 223.30 ms
Execution 27 - TLS Single
s_connection: verify depth is 1
Handshake duration: 440.63 ms
Execution 28 - TLS Single
s_connection: verify depth is 1
Handshake duration: 1518.11 ms
Execution 29 - TLS Single
s_connection: verify depth is 1
Handshake duration: 262.14 ms
Execution 30 - TLS Single
s_connection: verify depth is 1
Handshake duration: 1504.15 ms
Execution 31 - TLS Single
s_connection: verify depth is 1
Handshake duration: 13724.80 ms
Execution 32 - TLS Single
s_connection: verify depth is 1
Handshake duration: 24.10 ms
Execution 33 - TLS Single
s_connection: verify depth is 1
Handshake duration: 23.55 ms
Execution 34 - TLS Single
s_connection: verify depth is 1
Handshake duration: 1321.74 ms
Execution 35 - TLS Single
s_connection: verify depth is 1
Handshake duration: 5641.04 ms
Execution 36 - TLS Single
s_connection: verify depth is 1
Handshake duration: 5371.61 ms
Execution 37 - TLS Single
s_connection: verify depth is 1
Handshake duration: 26.92 ms
Execution 38 - TLS Single
s_connection: verify depth is 1
Handshake duration: 23.95 ms
Execution 39 - TLS Single
s_connection: verify depth is 1
Handshake duration: 1517.42 ms
Execution 40 - TLS Single
s_connection: verify depth is 1
Handshake duration: 430.29 ms
Execution 41 - TLS Single
s_connection: verify depth is 1
Handshake duration: 4440.56 ms
Execution 42 - TLS Single
s_connection: verify depth is 1
Handshake duration: 1073.31 ms
Execution 43 - TLS Single
s_connection: verify depth is 1
Handshake duration: 3325.77 ms
Execution 44 - TLS Single
s_connection: verify depth is 1
Handshake duration: 7502.60 ms
Execution 45 - TLS Single
s_connection: verify depth is 1
Handshake duration: 3375.88 ms
Execution 46 - TLS Single
s_connection: verify depth is 1
Handshake duration: 1090.74 ms
Execution 47 - TLS Single
s_connection: verify depth is 1
Handshake duration: 45.75 ms
Execution 48 - TLS Single
s_connection: verify depth is 1
Handshake duration: 266.41 ms
Execution 49 - TLS Single
s_connection: verify depth is 1
Handshake duration: 34.29 ms
Execution 50 - TLS Single
s_connection: verify depth is 1
Handshake duration: 24.65 ms
Execution 51 - TLS Single
s_connection: verify depth is 1
Handshake duration: 1262.60 ms
Execution 52 - TLS Single
s_connection: verify depth is 1
Handshake duration: 5381.46 ms
Execution 53 - TLS Single
s_connection: verify depth is 1
Handshake duration: 34.43 ms
Execution 54 - TLS Single
s_connection: verify depth is 1
Handshake duration: 1646.54 ms
Execution 55 - TLS Single
s_connection: verify depth is 1
Handshake duration: 450.60 ms
Execution 56 - TLS Single
s_connection: verify depth is 1
Handshake duration: 34.14 ms
Execution 57 - TLS Single
s_connection: verify depth is 1
Handshake duration: 1074.40 ms
Execution 58 - TLS Single
s_connection: verify depth is 1
Handshake duration: 6376.23 ms
Execution 59 - TLS Single
s_connection: verify depth is 1
Handshake duration: 29.46 ms
Execution 60 - TLS Single
s_connection: verify depth is 1
Handshake duration: 231.33 ms
Execution 61 - TLS Single
s_connection: verify depth is 1
Handshake duration: 5202.52 ms
Execution 62 - TLS Single
s_connection: verify depth is 1
Handshake duration: 4584.03 ms
Execution 63 - TLS Single
s_connection: verify depth is 1
Handshake duration: 225.74 ms
Execution 64 - TLS Single
s_connection: verify depth is 1
Handshake duration: 1339.03 ms
Execution 65 - TLS Single
s_connection: verify depth is 1
Handshake duration: 1086.63 ms
Execution 66 - TLS Single
s_connection: verify depth is 1
Handshake duration: 30.64 ms
Execution 67 - TLS Single
s_connection: verify depth is 1
Handshake duration: 30.80 ms
Execution 68 - TLS Single
s_connection: verify depth is 1
Handshake duration: 2303.92 ms
Execution 69 - TLS Single
s_connection: verify depth is 1
Handshake duration: 1467.83 ms
Execution 70 - TLS Single
s_connection: verify depth is 1
Handshake duration: 2319.08 ms
Execution 71 - TLS Single
s_connection: verify depth is 1
Handshake duration: 251.20 ms
Execution 72 - TLS Single
s_connection: verify depth is 1
Handshake duration: 2764.64 ms
Execution 73 - TLS Single
s_connection: verify depth is 1
Handshake duration: 46.35 ms
Execution 74 - TLS Single
s_connection: verify depth is 1
Handshake duration: 2137.22 ms
Execution 75 - TLS Single
s_connection: verify depth is 1
Handshake duration: 23.53 ms
Execution 76 - TLS Single
s_connection: verify depth is 1
Handshake duration: 1702.48 ms
Execution 77 - TLS Single
s_connection: verify depth is 1
Handshake duration: 31.91 ms
Execution 78 - TLS Single
s_connection: verify depth is 1
Handshake duration: 20.89 ms
Execution 79 - TLS Single
s_connection: verify depth is 1
Handshake duration: 21.16 ms
Execution 80 - TLS Single
s_connection: verify depth is 1
Handshake duration: 22.57 ms
Execution 81 - TLS Single
s_connection: verify depth is 1
Handshake duration: 261.39 ms
Execution 82 - TLS Single
s_connection: verify depth is 1
Handshake duration: 2518.64 ms
Execution 83 - TLS Single
s_connection: verify depth is 1
Handshake duration: 462.92 ms
Execution 84 - TLS Single
s_connection: verify depth is 1
Handshake duration: 1066.93 ms
Execution 85 - TLS Single
s_connection: verify depth is 1
Handshake duration: 3184.75 ms
Execution 86 - TLS Single
s_connection: verify depth is 1
Handshake duration: 7524.56 ms
Execution 87 - TLS Single
s_connection: verify depth is 1
Handshake duration: 841.07 ms
Execution 88 - TLS Single
s_connection: verify depth is 1
Handshake duration: 30.18 ms
Execution 89 - TLS Single
s_connection: verify depth is 1
Handshake duration: 3111.90 ms
Execution 90 - TLS Single
s_connection: verify depth is 1
Handshake duration: 7845.83 ms
Execution 91 - TLS Single
s_connection: verify depth is 1
Handshake duration: 24.09 ms
Execution 92 - TLS Single
s_connection: verify depth is 1
Handshake duration: 1274.44 ms
Execution 93 - TLS Single
s_connection: verify depth is 1
Handshake duration: 23.99 ms
Execution 94 - TLS Single
s_connection: verify depth is 1
Handshake duration: 106089.85 ms
Execution 95 - TLS Single
s_connection: verify depth is 1
Handshake duration: 1708.40 ms
Execution 96 - TLS Single
s_connection: verify depth is 1
Handshake duration: 260.93 ms
Execution 97 - TLS Single
s_connection: verify depth is 1
Handshake duration: 852.21 ms
Execution 98 - TLS Single
s_connection: verify depth is 1
Handshake duration: 1075.05 ms
Execution 99 - TLS Single
s_connection: verify depth is 1
Handshake duration: 225.83 ms
Execution 100 - TLS Single
s_connection: verify depth is 1
Handshake duration: 266.63 ms
Execution 101 - TLS Single
s_connection: verify depth is 1
Handshake duration: 24.44 ms
Execution 102 - TLS Single
s_connection: verify depth is 1
Handshake duration: 23.51 ms
Execution 103 - TLS Single
s_connection: verify depth is 1
Handshake duration: 432.20 ms
Execution 104 - TLS Single
s_connection: verify depth is 1
Handshake duration: 3370.36 ms
Execution 105 - TLS Single
s_connection: verify depth is 1
Handshake duration: 25.02 ms
Execution 106 - TLS Single
s_connection: verify depth is 1
Handshake duration: 1497.01 ms
Execution 107 - TLS Single
s_connection: verify depth is 1
Handshake duration: 841.39 ms
Execution 108 - TLS Single
s_connection: verify depth is 1
Handshake duration: 436.12 ms
Execution 109 - TLS Single
s_connection: verify depth is 1
Handshake duration: 33.95 ms
Execution 110 - TLS Single
s_connection: verify depth is 1
Handshake duration: 1891.92 ms
Execution 111 - TLS Single
s_connection: verify depth is 1
Handshake duration: 24.22 ms
Execution 112 - TLS Single
s_connection: verify depth is 1
Handshake duration: 250.83 ms
Execution 113 - TLS Single
s_connection: verify depth is 1
Handshake duration: 852.23 ms
Execution 114 - TLS Single
s_connection: verify depth is 1
Handshake duration: 264.51 ms
Execution 115 - TLS Single
s_connection: verify depth is 1
Handshake duration: 259.52 ms
Execution 116 - TLS Single
s_connection: verify depth is 1
Handshake duration: 41.06 ms
Execution 117 - TLS Single
s_connection: verify depth is 1
Handshake duration: 224.84 ms
Execution 118 - TLS Single
s_connection: verify depth is 1
Handshake duration: 4787.31 ms
Execution 119 - TLS Single
s_connection: verify depth is 1
Handshake duration: 224.73 ms
Execution 120 - TLS Single
s_connection: verify depth is 1
Handshake duration: 30.69 ms
Execution 121 - TLS Single
s_connection: verify depth is 1
Handshake duration: 3160.83 ms
Execution 122 - TLS Single
s_connection: verify depth is 1
Handshake duration: 1678.92 ms
Execution 123 - TLS Single
s_connection: verify depth is 1
Handshake duration: 1515.74 ms
Execution 124 - TLS Single
s_connection: verify depth is 1
Handshake duration: 31.03 ms
Execution 125 - TLS Single
s_connection: verify depth is 1
Handshake duration: 4164.89 ms
