Handshake timeout budget: 150s (identique TLS/QUIC)
Applying netem rules to lo...
Showing qdisc status for the interface: lo
qdisc netem 9dec: root refcnt 2 limit 1000 seed 18069152140444563893
 Sent 0 bytes 0 pkt (dropped 0, overlimits 0 requeues 0) 
 backlog 0b 0p requeues 0
Running ./perftestClientTlsQuic.sh with SIG_ALG=mldsa65 and KEM_ALG=mlkem768
Execution 1 - TLS Single
s_connection: verify depth is 1
Handshake duration: 209.73 ms
Execution 2 - TLS Single
s_connection: verify depth is 1
Handshake duration: 2.99 ms
Execution 3 - TLS Single
s_connection: verify depth is 1
Handshake duration: 4963.51 ms
Execution 4 - TLS Single
s_connection: verify depth is 1
Handshake duration: 5.90 ms
Execution 5 - TLS Single
s_connection: verify depth is 1
Handshake duration: 14853.79 ms
Execution 6 - TLS Single
s_connection: verify depth is 1
Handshake duration: 1237.24 ms
Execution 7 - TLS Single
s_connection: verify depth is 1
Handshake duration: 6197.96 ms
Execution 8 - TLS Single
s_connection: verify depth is 1
Handshake duration: 1006.75 ms
Execution 9 - TLS Single
s_connection: verify depth is 1
Handshake duration: 1.94 ms
Execution 10 - TLS Single
s_connection: verify depth is 1
Handshake duration: 1475.85 ms
Execution 11 - TLS Single
s_connection: verify depth is 1
Handshake duration: 826.90 ms
Execution 12 - TLS Single
s_connection: verify depth is 1
Handshake duration: 8893.42 ms
Execution 13 - TLS Single
s_connection: verify depth is 1
Handshake duration: 9694.30 ms
Execution 14 - TLS Single
s_connection: verify depth is 1
Handshake duration: 209.26 ms
Execution 15 - TLS Single
s_connection: verify depth is 1
Handshake duration: 5.59 ms
Execution 16 - TLS Single
s_connection: verify depth is 1
Handshake duration: 4579.37 ms
Execution 17 - TLS Single
s_connection: verify depth is 1
Handshake duration: 205.06 ms
Execution 18 - TLS Single
s_connection: verify depth is 1
Handshake duration: 1445.00 ms
Execution 19 - TLS Single
s_connection: verify depth is 1
Handshake duration: 2.10 ms
Execution 20 - TLS Single
s_connection: verify depth is 1
Handshake duration: 208.57 ms
Execution 21 - TLS Single
s_connection: verify depth is 1
Handshake duration: 3.78 ms
Execution 22 - TLS Single
s_connection: verify depth is 1
Handshake duration: 2.17 ms
Execution 23 - TLS Single
s_connection: verify depth is 1
Handshake duration: 208.57 ms
Execution 24 - TLS Single
s_connection: verify depth is 1
Handshake duration: 4.08 ms
Execution 25 - TLS Single
s_connection: verify depth is 1
Handshake duration: 1.89 ms
Execution 26 - TLS Single
s_connection: verify depth is 1
Handshake duration: 7403.12 ms
Execution 27 - TLS Single
s_connection: verify depth is 1
Handshake duration: 2286.47 ms
Execution 28 - TLS Single
s_connection: verify depth is 1
Handshake duration: 614.35 ms
Execution 29 - TLS Single
s_connection: verify depth is 1
Handshake duration: 208.08 ms
Execution 30 - TLS Single
s_connection: verify depth is 1
Handshake duration: 132359.38 ms
Execution 31 - TLS Single
s_connection: verify depth is 1
Handshake duration: 4.98 ms
Execution 32 - TLS Single
s_connection: verify depth is 1
Handshake duration: 825.05 ms
Execution 33 - TLS Single
s_connection: verify depth is 1
Handshake duration: 2073.36 ms
Execution 34 - TLS Single
s_connection: verify depth is 1
Handshake duration: 4.85 ms
Execution 35 - TLS Single
s_connection: verify depth is 1
Handshake duration: 9500.95 ms
Execution 36 - TLS Single
s_connection: verify depth is 1
Handshake duration: 2.09 ms
Execution 37 - TLS Single
s_connection: verify depth is 1
Handshake duration: 1.82 ms
Execution 38 - TLS Single
s_connection: verify depth is 1
Handshake duration: 1.90 ms
Execution 39 - TLS Single
s_connection: verify depth is 1
Handshake duration: 2.02 ms
Execution 40 - TLS Single
s_connection: verify depth is 1
Handshake duration: 4957.94 ms
Execution 41 - TLS Single
s_connection: verify depth is 1
Handshake duration: 2477.75 ms
Execution 42 - TLS Single
s_connection: verify depth is 1
Handshake duration: 1474.29 ms
Execution 43 - TLS Single
s_connection: verify depth is 1
Handshake duration: 2921.78 ms
Execution 44 - TLS Single
s_connection: verify depth is 1
Handshake duration: 1875.64 ms
Execution 45 - TLS Single
s_connection: verify depth is 1
Handshake duration: 2864.62 ms
Execution 46 - TLS Single
s_connection: verify depth is 1
Handshake duration: 1641.34 ms
Execution 47 - TLS Single
s_connection: verify depth is 1
Handshake duration: 16117.04 ms
Execution 48 - TLS Single
s_connection: verify depth is 1
Handshake duration: 215.99 ms
Execution 49 - TLS Single
s_connection: verify depth is 1
Handshake duration: 1027.06 ms
Execution 50 - TLS Single
s_connection: verify depth is 1
Handshake duration: 2504.60 ms
Execution 51 - TLS Single
s_connection: verify depth is 1
Handshake duration: 2.87 ms
Execution 52 - TLS Single
s_connection: verify depth is 1
Handshake duration: 212.84 ms
Execution 53 - TLS Single
s_connection: verify depth is 1
Handshake duration: 1683.20 ms
Execution 54 - TLS Single
s_connection: verify depth is 1
Handshake duration: 110577.32 ms
Execution 55 - TLS Single
s_connection: verify depth is 1
Handshake duration: 621.87 ms
Execution 56 - TLS Single
s_connection: verify depth is 1
Handshake duration: 1055.23 ms
Execution 57 - TLS Single
s_connection: verify depth is 1
Handshake duration: 2.21 ms
Execution 58 - TLS Single
s_connection: verify depth is 1
Handshake duration: 1050.13 ms
Execution 59 - TLS Single
s_connection: verify depth is 1
Handshake duration: 1.79 ms
Execution 60 - TLS Single
s_connection: verify depth is 1
Handshake duration: 5.19 ms
Execution 61 - TLS Single
s_connection: verify depth is 1
Handshake duration: 1.90 ms
Execution 62 - TLS Single
s_connection: verify depth is 1
Handshake duration: 1.94 ms
Execution 63 - TLS Single
s_connection: verify depth is 1
Handshake duration: 1637.22 ms
Execution 64 - TLS Single
s_connection: verify depth is 1
Handshake duration: 2302.27 ms
Execution 65 - TLS Single
s_connection: verify depth is 1
Handshake duration: 208.46 ms
Execution 66 - TLS Single
s_connection: verify depth is 1
Handshake duration: 2.83 ms
Execution 67 - TLS Single
s_connection: verify depth is 1
Handshake duration: 2071.40 ms
Execution 68 - TLS Single
s_connection: verify depth is 1
Handshake duration: 1236.97 ms
Execution 69 - TLS Single
s_connection: verify depth is 1
Handshake duration: 11709.59 ms
Execution 70 - TLS Single
s_connection: verify depth is 1
Handshake duration: 205.90 ms
Execution 71 - TLS Single
s_connection: verify depth is 1
Handshake duration: 3.82 ms
Execution 72 - TLS Single
s_connection: verify depth is 1
Handshake duration: 1477.99 ms
Execution 73 - TLS Single
s_connection: verify depth is 1
Handshake duration: 1.93 ms
Execution 74 - TLS Single
s_connection: verify depth is 1
Handshake duration: 1241.55 ms
Execution 75 - TLS Single
s_connection: verify depth is 1
Handshake duration: 1032.31 ms
Execution 76 - TLS Single
s_connection: verify depth is 1
Handshake duration: 1071.19 ms
Execution 77 - TLS Single
s_connection: verify depth is 1
Handshake duration: 14655.63 ms
Execution 78 - TLS Single
s_connection: verify depth is 1
Handshake duration: 421.44 ms
Execution 79 - TLS Single
s_connection: verify depth is 1
Handshake duration: 2513.96 ms
Execution 80 - TLS Single
s_connection: verify depth is 1
Handshake duration: 830.71 ms
Execution 81 - TLS Single
s_connection: verify depth is 1
Handshake duration: 421.43 ms
Execution 82 - TLS Single
s_connection: verify depth is 1
Handshake duration: 1069.90 ms
Execution 83 - TLS Single
s_connection: verify depth is 1
Handshake duration: 4.85 ms
Execution 84 - TLS Single
s_connection: verify depth is 1
Handshake duration: 1.99 ms
Execution 85 - TLS Single
s_connection: verify depth is 1
Handshake duration: 205.31 ms
Execution 86 - TLS Single
s_connection: verify depth is 1
Handshake duration: 206.12 ms
Execution 87 - TLS Single
s_connection: verify depth is 1
Handshake duration: 2048.69 ms
Execution 88 - TLS Single
s_connection: verify depth is 1
Handshake duration: 2708.38 ms
Execution 89 - TLS Single
s_connection: verify depth is 1
Handshake duration: 6.49 ms
Execution 90 - TLS Single
s_connection: verify depth is 1
Handshake duration: 14310.02 ms
Execution 91 - TLS Single
s_connection: verify depth is 1
Handshake duration: 1628.14 ms
Execution 92 - TLS Single
s_connection: verify depth is 1
Handshake duration: 5.49 ms
Execution 93 - TLS Single
s_connection: verify depth is 1
Handshake duration: 212.15 ms
Execution 94 - TLS Single
s_connection: verify depth is 1
Handshake duration: 2.55 ms
Execution 95 - TLS Single
s_connection: verify depth is 1
Handshake duration: 1.92 ms
Execution 96 - TLS Single
s_connection: verify depth is 1
Handshake duration: 1.92 ms
Execution 97 - TLS Single
s_connection: verify depth is 1
Handshake duration: 620.90 ms
Execution 98 - TLS Single
s_connection: verify depth is 1
Handshake duration: 2046.28 ms
Execution 99 - TLS Single
s_connection: verify depth is 1
Handshake duration: 6.23 ms
Execution 100 - TLS Single
s_connection: verify depth is 1
Handshake duration: 3094.00 ms
Execution 101 - TLS Single
s_connection: verify depth is 1
Handshake duration: 34572.35 ms
Execution 102 - TLS Single
s_connection: verify depth is 1
Handshake duration: 2.43 ms
Execution 103 - TLS Single
s_connection: verify depth is 1
Handshake duration: 2.57 ms
Execution 104 - TLS Single
s_connection: verify depth is 1
Handshake duration: 611.67 ms
Execution 105 - TLS Single
s_connection: verify depth is 1
Handshake duration: 2.49 ms
Execution 106 - TLS Single
s_connection: verify depth is 1
Handshake duration: 2914.23 ms
Execution 107 - TLS Single
s_connection: verify depth is 1
Handshake duration: 7875.66 ms
Execution 108 - TLS Single
s_connection: verify depth is 1
Handshake duration: 1452.92 ms
Execution 109 - TLS Single
s_connection: verify depth is 1
Handshake duration: 4729.05 ms
Execution 110 - TLS Single
s_connection: verify depth is 1
Handshake duration: 6180.91 ms
Execution 111 - TLS Single
s_connection: verify depth is 1
Handshake duration: 2277.37 ms
Execution 112 - TLS Single
s_connection: verify depth is 1
Handshake duration: 213.10 ms
Execution 113 - TLS Single
s_connection: verify depth is 1
Handshake duration: 2.53 ms
Execution 114 - TLS Single
s_connection: verify depth is 1
Handshake duration: 6.64 ms
Execution 115 - TLS Single
s_connection: verify depth is 1
Handshake duration: 1273.81 ms
Execution 116 - TLS Single
s_connection: verify depth is 1
Handshake duration: 204.98 ms
Execution 117 - TLS Single
s_connection: verify depth is 1
Handshake duration: 7457.11 ms
Execution 118 - TLS Single
s_connection: verify depth is 1
Handshake duration: 2700.21 ms
Execution 119 - TLS Single
s_connection: verify depth is 1
Handshake duration: 2.29 ms
Execution 120 - TLS Single
s_connection: verify depth is 1
Handshake duration: 4346.97 ms
Execution 121 - TLS Single
s_connection: verify depth is 1
Handshake duration: 2.23 ms
Execution 122 - TLS Single
s_connection: verify depth is 1
Handshake duration: 203.80 ms
Execution 123 - TLS Single
s_connection: verify depth is 1
Handshake duration: 30068.02 ms
Execution 124 - TLS Single
s_connection: verify depth is 1
Handshake duration: 4.82 ms
Execution 125 - TLS Single
s_connection: verify depth is 1
Handshake duration: 2.95 ms
