Handshake timeout budget: 150s (identique TLS/QUIC)
Applying netem rules to lo...
Showing qdisc status for the interface: lo
qdisc netem 812c: root refcnt 2 limit 1000 seed 12552869765542537644
 Sent 0 bytes 0 pkt (dropped 0, overlimits 0 requeues 0) 
 backlog 0b 0p requeues 0
Running ./perftestClientTlsQuic.sh with SIG_ALG=mldsa87 and KEM_ALG=p521_mlkem1024
Execution 1 - TLS Single
s_connection: verify depth is 1
Handshake duration: 13.52 ms
Execution 2 - TLS Single
s_connection: verify depth is 1
Handshake duration: 417.91 ms
Execution 3 - TLS Single
s_connection: verify depth is 1
Handshake duration: 829.03 ms
Execution 4 - TLS Single
s_connection: verify depth is 1
Handshake duration: 5228.00 ms
Execution 5 - TLS Single
s_connection: verify depth is 1
Handshake duration: 2548.44 ms
Execution 6 - TLS Single
s_connection: verify depth is 1
Handshake duration: NaN ms  (client-side timeout after 150s)
Execution 7 - TLS Single
s_connection: verify depth is 1
Handshake duration: 1488.31 ms
Execution 8 - TLS Single
s_connection: verify depth is 1
Handshake duration: 15.62 ms
Execution 9 - TLS Single
s_connection: verify depth is 1
Handshake duration: 4384.93 ms
Execution 10 - TLS Single
s_connection: verify depth is 1
Handshake duration: 9904.14 ms
Execution 11 - TLS Single
s_connection: verify depth is 1
Handshake duration: 219.00 ms
Execution 12 - TLS Single
s_connection: verify depth is 1
Handshake duration: 1895.57 ms
Execution 13 - TLS Single
s_connection: verify depth is 1
Handshake duration: 2896.00 ms
Execution 14 - TLS Single
s_connection: verify depth is 1
Handshake duration: 220.04 ms
Execution 15 - TLS Single
s_connection: verify depth is 1
Handshake duration: 3130.75 ms
Execution 16 - TLS Single
s_connection: verify depth is 1
Handshake duration: 1273.13 ms
Execution 17 - TLS Single
s_connection: verify depth is 1
Handshake duration: 9.65 ms
Execution 18 - TLS Single
s_connection: verify depth is 1
Handshake duration: 10.10 ms
Execution 19 - TLS Single
s_connection: verify depth is 1
Handshake duration: 8.88 ms
Execution 20 - TLS Single
s_connection: verify depth is 1
Handshake duration: 212.34 ms
Execution 21 - TLS Single
s_connection: verify depth is 1
Handshake duration: 3772.11 ms
Execution 22 - TLS Single
s_connection: verify depth is 1
Handshake duration: 10.37 ms
Execution 23 - TLS Single
s_connection: verify depth is 1
Handshake duration: 4354.54 ms
Execution 24 - TLS Single
s_connection: verify depth is 1
Handshake duration: 636.76 ms
Execution 25 - TLS Single
s_connection: verify depth is 1
Handshake duration: 1871.87 ms
Execution 26 - TLS Single
s_connection: verify depth is 1
Handshake duration: 1492.26 ms
Execution 27 - TLS Single
s_connection: verify depth is 1
Handshake duration: 1689.47 ms
Execution 28 - TLS Single
s_connection: verify depth is 1
Handshake duration: 1255.15 ms
Execution 29 - TLS Single
s_connection: verify depth is 1
Handshake duration: 15044.75 ms
Execution 30 - TLS Single
s_connection: verify depth is 1
Handshake duration: 1644.48 ms
Execution 31 - TLS Single
s_connection: verify depth is 1
Handshake duration: 3127.41 ms
Execution 32 - TLS Single
s_connection: verify depth is 1
Handshake duration: 826.74 ms
Execution 33 - TLS Single
s_connection: verify depth is 1
Handshake duration: 3931.38 ms
Execution 34 - TLS Single
s_connection: verify depth is 1
Handshake duration: 16979.65 ms
Execution 35 - TLS Single
s_connection: verify depth is 1
Handshake duration: 2482.98 ms
Execution 36 - TLS Single
s_connection: verify depth is 1
Handshake duration: 1282.01 ms
Execution 37 - TLS Single
s_connection: verify depth is 1
Handshake duration: 3934.57 ms
Execution 38 - TLS Single
s_connection: verify depth is 1
Handshake duration: 10.73 ms
Execution 39 - TLS Single
s_connection: verify depth is 1
Handshake duration: 2115.07 ms
Execution 40 - TLS Single
s_connection: verify depth is 1
Handshake duration: 14.66 ms
Execution 41 - TLS Single
s_connection: verify depth is 1
Handshake duration: 837.09 ms
Execution 42 - TLS Single
s_connection: verify depth is 1
Handshake duration: 213.87 ms
Execution 43 - TLS Single
s_connection: verify depth is 1
Handshake duration: 215.72 ms
Execution 44 - TLS Single
s_connection: verify depth is 1
Handshake duration: 3339.22 ms
Execution 45 - TLS Single
s_connection: verify depth is 1
Handshake duration: 832.41 ms
Execution 46 - TLS Single
s_connection: verify depth is 1
Handshake duration: 2052.88 ms
Execution 47 - TLS Single
s_connection: verify depth is 1
Handshake duration: 13401.42 ms
Execution 48 - TLS Single
s_connection: verify depth is 1
Handshake duration: 420.84 ms
Execution 49 - TLS Single
s_connection: verify depth is 1
Handshake duration: 827.16 ms
Execution 50 - TLS Single
s_connection: verify depth is 1
Handshake duration: 11.94 ms
Execution 51 - TLS Single
s_connection: verify depth is 1
Handshake duration: 5397.60 ms
Execution 52 - TLS Single
s_connection: verify depth is 1
Handshake duration: 13.90 ms
Execution 53 - TLS Single
s_connection: verify depth is 1
Handshake duration: 1450.76 ms
Execution 54 - TLS Single
s_connection: verify depth is 1
Handshake duration: 10.37 ms
Execution 55 - TLS Single
s_connection: verify depth is 1
Handshake duration: 212.65 ms
Execution 56 - TLS Single
s_connection: verify depth is 1
Handshake duration: 5236.19 ms
Execution 57 - TLS Single
s_connection: verify depth is 1
Handshake duration: 10.21 ms
Execution 58 - TLS Single
s_connection: verify depth is 1
Handshake duration: 7001.42 ms
Execution 59 - TLS Single
s_connection: verify depth is 1
Handshake duration: 2308.23 ms
Execution 60 - TLS Single
s_connection: verify depth is 1
Handshake duration: 17.19 ms
Execution 61 - TLS Single
s_connection: verify depth is 1
Handshake duration: 212.34 ms
Execution 62 - TLS Single
s_connection: verify depth is 1
Handshake duration: 421.81 ms
Execution 63 - TLS Single
s_connection: verify depth is 1
Handshake duration: 9.96 ms
Execution 64 - TLS Single
s_connection: verify depth is 1
Handshake duration: 10.21 ms
Execution 65 - TLS Single
s_connection: verify depth is 1
Handshake duration: 19746.40 ms
Execution 66 - TLS Single
s_connection: verify depth is 1
Handshake duration: 1657.33 ms
Execution 67 - TLS Single
s_connection: verify depth is 1
Handshake duration: 624.99 ms
Execution 68 - TLS Single
s_connection: verify depth is 1
Handshake duration: 13475.13 ms
Execution 69 - TLS Single
s_connection: verify depth is 1
Handshake duration: 427.22 ms
Execution 70 - TLS Single
s_connection: verify depth is 1
Handshake duration: 1034.72 ms
Execution 71 - TLS Single
s_connection: verify depth is 1
Handshake duration: 3122.03 ms
Execution 72 - TLS Single
s_connection: verify depth is 1
Handshake duration: 13.45 ms
Execution 73 - TLS Single
s_connection: verify depth is 1
Handshake duration: 18510.38 ms
Execution 74 - TLS Single
s_connection: verify depth is 1
Handshake duration: 4571.90 ms
Execution 75 - TLS Single
s_connection: verify depth is 1
Handshake duration: 1223.01 ms
Execution 76 - TLS Single
s_connection: verify depth is 1
Handshake duration: 836.15 ms
Execution 77 - TLS Single
s_connection: verify depth is 1
Handshake duration: 223.50 ms
Execution 78 - TLS Single
s_connection: verify depth is 1
Handshake duration: 1457.73 ms
Execution 79 - TLS Single
s_connection: verify depth is 1
Handshake duration: 13388.01 ms
Execution 80 - TLS Single
s_connection: verify depth is 1
Handshake duration: 14.86 ms
Execution 81 - TLS Single
s_connection: verify depth is 1
Handshake duration: 420.22 ms
Execution 82 - TLS Single
s_connection: verify depth is 1
Handshake duration: 1676.61 ms
Execution 83 - TLS Single
s_connection: verify depth is 1
Handshake duration: 3741.58 ms
Execution 84 - TLS Single
s_connection: verify depth is 1
Handshake duration: 832.07 ms
Execution 85 - TLS Single
s_connection: verify depth is 1
Handshake duration: 2912.39 ms
Execution 86 - TLS Single
s_connection: verify depth is 1
Handshake duration: 1038.45 ms
Execution 87 - TLS Single
s_connection: verify depth is 1
Handshake duration: 220.07 ms
Execution 88 - TLS Single
s_connection: verify depth is 1
Handshake duration: 26325.58 ms
Execution 89 - TLS Single
s_connection: verify depth is 1
Handshake duration: 14317.73 ms
Execution 90 - TLS Single
s_connection: verify depth is 1
Handshake duration: 427.25 ms
Execution 91 - TLS Single
s_connection: verify depth is 1
Handshake duration: 832.32 ms
Execution 92 - TLS Single
s_connection: verify depth is 1
Handshake duration: 1867.34 ms
Execution 93 - TLS Single
s_connection: verify depth is 1
Handshake duration: 1040.36 ms
Execution 94 - TLS Single
s_connection: verify depth is 1
Handshake duration: 1088.72 ms
Execution 95 - TLS Single
s_connection: verify depth is 1
Handshake duration: 7436.83 ms
Execution 96 - TLS Single
s_connection: verify depth is 1
Handshake duration: 216.45 ms
Execution 97 - TLS Single
s_connection: verify depth is 1
Handshake duration: 1697.65 ms
Execution 98 - TLS Single
s_connection: verify depth is 1
Handshake duration: 219.54 ms
Execution 99 - TLS Single
s_connection: verify depth is 1
Handshake duration: 12.93 ms
Execution 100 - TLS Single
s_connection: verify depth is 1
Handshake duration: 10.51 ms
Execution 101 - TLS Single
s_connection: verify depth is 1
Handshake duration: 4165.35 ms
Execution 102 - TLS Single
s_connection: verify depth is 1
Handshake duration: 216.68 ms
Execution 103 - TLS Single
s_connection: verify depth is 1
Handshake duration: 215.32 ms
Execution 104 - TLS Single
s_connection: verify depth is 1
Handshake duration: 1664.83 ms
Execution 105 - TLS Single
s_connection: verify depth is 1
Handshake duration: 3307.36 ms
Execution 106 - TLS Single
s_connection: verify depth is 1
Handshake duration: 631.61 ms
Execution 107 - TLS Single
s_connection: verify depth is 1
Handshake duration: 2484.62 ms
Execution 108 - TLS Single
s_connection: verify depth is 1
Handshake duration: 27803.90 ms
Execution 109 - TLS Single
s_connection: verify depth is 1
Handshake duration: 28289.80 ms
Execution 110 - TLS Single
s_connection: verify depth is 1
Handshake duration: 6572.51 ms
Execution 111 - TLS Single
s_connection: verify depth is 1
Handshake duration: 4615.73 ms
Execution 112 - TLS Single
s_connection: verify depth is 1
Handshake duration: 8035.68 ms
Execution 113 - TLS Single
s_connection: verify depth is 1
Handshake duration: 1881.54 ms
Execution 114 - TLS Single
s_connection: verify depth is 1
Handshake duration: 214.60 ms
Execution 115 - TLS Single
s_connection: verify depth is 1
Handshake duration: 13.98 ms
Execution 116 - TLS Single
s_connection: verify depth is 1
Handshake duration: 831.97 ms
Execution 117 - TLS Single
s_connection: verify depth is 1
Handshake duration: 1469.11 ms
Execution 118 - TLS Single
s_connection: verify depth is 1
Handshake duration: 10.54 ms
Execution 119 - TLS Single
s_connection: verify depth is 1
Handshake duration: 9.49 ms
Execution 120 - TLS Single
s_connection: verify depth is 1
Handshake duration: 3134.18 ms
Execution 121 - TLS Single
s_connection: verify depth is 1
Handshake duration: 4156.89 ms
Execution 122 - TLS Single
s_connection: verify depth is 1
Handshake duration: 1669.86 ms
Execution 123 - TLS Single
s_connection: verify depth is 1
Handshake duration: 11.13 ms
Execution 124 - TLS Single
s_connection: verify depth is 1
Handshake duration: 215.08 ms
Execution 125 - TLS Single
s_connection: verify depth is 1
Handshake duration: 2679.16 ms
