Handshake timeout budget: 150s (identique TLS/QUIC)
Applying netem rules to lo...
Showing qdisc status for the interface: lo
qdisc netem 94c1: root refcnt 2 limit 1000 seed 9969172083187363824
 Sent 0 bytes 0 pkt (dropped 0, overlimits 0 requeues 0) 
 backlog 0b 0p requeues 0
Running ./perftestClientTlsQuic.sh with SIG_ALG=secp384r1 and KEM_ALG=p384_hqc192
Execution 1 - TLS Single
s_connection: verify depth is 1
ERROR
408720CF6C780000:error:80000071:system library:BIO_connect:No route to host:crypto/bio/bio_sock2.c:178:calling connect()
408720CF6C780000:error:10000067:BIO routines:BIO_connect:connect error:crypto/bio/bio_sock2.c:180:
408720CF6C780000:error:80000071:system library:conn_state:No route to host:crypto/bio/bss_conn.c:215:calling connect(172.18.0.2, 4433)
408720CF6C780000:error:10000067:BIO routines:conn_state:connect error:crypto/bio/bss_conn.c:268:
408720CF6C780000:error:10000067:BIO routines:conn_state:connect error:crypto/bio/bss_conn.c:268:
Handshake duration: NaN ms  (client-side timeout after 150s)
Execution 2 - TLS Single
s_connection: verify depth is 1
ERROR
40674DE6007E0000:error:80000071:system library:BIO_connect:No route to host:crypto/bio/bio_sock2.c:178:calling connect()
40674DE6007E0000:error:10000067:BIO routines:BIO_connect:connect error:crypto/bio/bio_sock2.c:180:
40674DE6007E0000:error:80000071:system library:conn_state:No route to host:crypto/bio/bss_conn.c:215:calling connect(172.18.0.2, 4433)
40674DE6007E0000:error:10000067:BIO routines:conn_state:connect error:crypto/bio/bss_conn.c:268:
40674DE6007E0000:error:10000067:BIO routines:conn_state:connect error:crypto/bio/bss_conn.c:268:
Handshake duration: NaN ms  (client-side timeout after 150s)
Execution 3 - TLS Single
s_connection: verify depth is 1
Handshake duration: 3353.09 ms
Execution 4 - TLS Single
s_connection: verify depth is 1
Handshake duration: 69.32 ms
Execution 5 - TLS Single
s_connection: verify depth is 1
Handshake duration: 52808.51 ms
Execution 6 - TLS Single
s_connection: verify depth is 1
Handshake duration: 31193.24 ms
Execution 7 - TLS Single
s_connection: verify depth is 1
Handshake duration: 488.89 ms
Execution 8 - TLS Single
s_connection: verify depth is 1
Handshake duration: 3023.95 ms
Execution 9 - TLS Single
s_connection: verify depth is 1
Handshake duration: 1945.19 ms
Execution 10 - TLS Single
s_connection: verify depth is 1
Handshake duration: 2336.99 ms
Execution 11 - TLS Single
s_connection: verify depth is 1
Handshake duration: 496.48 ms
Execution 12 - TLS Single
s_connection: verify depth is 1
Handshake duration: 1363.39 ms
Execution 13 - TLS Single
s_connection: verify depth is 1
Handshake duration: 67.74 ms
Execution 14 - TLS Single
s_connection: verify depth is 1
Handshake duration: 1360.76 ms
Execution 15 - TLS Single
s_connection: verify depth is 1
Handshake duration: 8508.88 ms
Execution 16 - TLS Single
s_connection: verify depth is 1
Handshake duration: 65.09 ms
Execution 17 - TLS Single
s_connection: verify depth is 1
Handshake duration: 704.94 ms
Execution 18 - TLS Single
s_connection: verify depth is 1
Handshake duration: 7981.15 ms
Execution 19 - TLS Single
s_connection: verify depth is 1
Handshake duration: 6643.95 ms
Execution 20 - TLS Single
s_connection: verify depth is 1
Handshake duration: 60.63 ms
Execution 21 - TLS Single
s_connection: verify depth is 1
Handshake duration: 2813.94 ms
Execution 22 - TLS Single
s_connection: verify depth is 1
Handshake duration: 28507.26 ms
Execution 23 - TLS Single
s_connection: verify depth is 1
Handshake duration: 1335.54 ms
Execution 24 - TLS Single
s_connection: verify depth is 1
Handshake duration: 508.44 ms
Execution 25 - TLS Single
s_connection: verify depth is 1
Handshake duration: 706.39 ms
Execution 26 - TLS Single
s_connection: verify depth is 1
Handshake duration: 699.91 ms
Execution 27 - TLS Single
s_connection: verify depth is 1
Handshake duration: 1557.09 ms
Execution 28 - TLS Single
s_connection: verify depth is 1
Handshake duration: 59.97 ms
Execution 29 - TLS Single
s_connection: verify depth is 1
Handshake duration: 3571.90 ms
Execution 30 - TLS Single
s_connection: verify depth is 1
Handshake duration: 58.58 ms
Execution 31 - TLS Single
s_connection: verify depth is 1
Handshake duration: 3643.91 ms
Execution 32 - TLS Single
s_connection: verify depth is 1
Handshake duration: 3005.86 ms
Execution 33 - TLS Single
s_connection: verify depth is 1
Handshake duration: 297.03 ms
Execution 34 - TLS Single
s_connection: verify depth is 1
Handshake duration: 9050.27 ms
Execution 35 - TLS Single
s_connection: verify depth is 1
Handshake duration: 3424.32 ms
Execution 36 - TLS Single
s_connection: verify depth is 1
Handshake duration: 1120.24 ms
Execution 37 - TLS Single
s_connection: verify depth is 1
Handshake duration: 3231.06 ms
Execution 38 - TLS Single
s_connection: verify depth is 1
Handshake duration: 1667.34 ms
Execution 39 - TLS Single
s_connection: verify depth is 1
Handshake duration: 464.46 ms
Execution 40 - TLS Single
s_connection: verify depth is 1
Handshake duration: 1368.35 ms
Execution 41 - TLS Single
s_connection: verify depth is 1
Handshake duration: 60.17 ms
Execution 42 - TLS Single
s_connection: verify depth is 1
Handshake duration: 249.48 ms
Execution 43 - TLS Single
s_connection: verify depth is 1
Handshake duration: 64.31 ms
Execution 44 - TLS Single
s_connection: verify depth is 1
Handshake duration: 58.70 ms
Execution 45 - TLS Single
s_connection: verify depth is 1
Handshake duration: 1547.99 ms
Execution 46 - TLS Single
s_connection: verify depth is 1
Handshake duration: 1116.23 ms
Execution 47 - TLS Single
s_connection: verify depth is 1
Handshake duration: 58.77 ms
Execution 48 - TLS Single
s_connection: verify depth is 1
Handshake duration: 1328.94 ms
Execution 49 - TLS Single
s_connection: verify depth is 1
Handshake duration: 61.20 ms
Execution 50 - TLS Single
s_connection: verify depth is 1
Handshake duration: 5351.75 ms
Execution 51 - TLS Single
s_connection: verify depth is 1
Handshake duration: 863.78 ms
Execution 52 - TLS Single
s_connection: verify depth is 1
Handshake duration: 516.20 ms
Execution 53 - TLS Single
s_connection: verify depth is 1
Handshake duration: 860.60 ms
Execution 54 - TLS Single
s_connection: verify depth is 1
Handshake duration: 69.66 ms
Execution 55 - TLS Single
s_connection: verify depth is 1
Handshake duration: 2587.64 ms
Execution 56 - TLS Single
s_connection: verify depth is 1
Handshake duration: 1794.65 ms
Execution 57 - TLS Single
s_connection: verify depth is 1
Handshake duration: 1373.38 ms
Execution 58 - TLS Single
s_connection: verify depth is 1
Handshake duration: 59.35 ms
Execution 59 - TLS Single
s_connection: verify depth is 1
Handshake duration: 861.42 ms
Execution 60 - TLS Single
s_connection: verify depth is 1
Handshake duration: 2804.16 ms
Execution 61 - TLS Single
s_connection: verify depth is 1
Handshake duration: 61.07 ms
Execution 62 - TLS Single
s_connection: verify depth is 1
Handshake duration: 249.04 ms
Execution 63 - TLS Single
s_connection: verify depth is 1
Handshake duration: 1955.66 ms
Execution 64 - TLS Single
s_connection: verify depth is 1
Handshake duration: 1499.98 ms
Execution 65 - TLS Single
s_connection: verify depth is 1
Handshake duration: 685.77 ms
Execution 66 - TLS Single
s_connection: verify depth is 1
Handshake duration: 2191.86 ms
Execution 67 - TLS Single
s_connection: verify depth is 1
Handshake duration: 2165.94 ms
Execution 68 - TLS Single
s_connection: verify depth is 1
Handshake duration: 1553.23 ms
Execution 69 - TLS Single
s_connection: verify depth is 1
Handshake duration: 60.27 ms
Execution 70 - TLS Single
s_connection: verify depth is 1
Handshake duration: 247.66 ms
Execution 71 - TLS Single
s_connection: verify depth is 1
Handshake duration: 460.50 ms
Execution 72 - TLS Single
s_connection: verify depth is 1
Handshake duration: 3195.65 ms
Execution 73 - TLS Single
s_connection: verify depth is 1
Handshake duration: 1781.01 ms
Execution 74 - TLS Single
s_connection: verify depth is 1
Handshake duration: 1097.12 ms
Execution 75 - TLS Single
s_connection: verify depth is 1
Handshake duration: 1151.26 ms
Execution 76 - TLS Single
s_connection: verify depth is 1
Handshake duration: 917.21 ms
Execution 77 - TLS Single
s_connection: verify depth is 1
Handshake duration: 4372.76 ms
Execution 78 - TLS Single
s_connection: verify depth is 1
Handshake duration: 300.14 ms
Execution 79 - TLS Single
s_connection: verify depth is 1
Handshake duration: 59.73 ms
Execution 80 - TLS Single
s_connection: verify depth is 1
Handshake duration: 56322.55 ms
Execution 81 - TLS Single
s_connection: verify depth is 1
Handshake duration: 290.17 ms
Execution 82 - TLS Single
s_connection: verify depth is 1
Handshake duration: 9975.24 ms
Execution 83 - TLS Single
s_connection: verify depth is 1
Handshake duration: 4837.91 ms
Execution 84 - TLS Single
s_connection: verify depth is 1
Handshake duration: 3186.16 ms
Execution 85 - TLS Single
s_connection: verify depth is 1
Handshake duration: 290.71 ms
Execution 86 - TLS Single
s_connection: verify depth is 1
Handshake duration: 244.09 ms
Execution 87 - TLS Single
s_connection: verify depth is 1
Handshake duration: 1719.58 ms
Execution 88 - TLS Single
s_connection: verify depth is 1
Handshake duration: 59.29 ms
Execution 89 - TLS Single
s_connection: verify depth is 1
Handshake duration: 1103.98 ms
Execution 90 - TLS Single
s_connection: verify depth is 1
Handshake duration: 8171.14 ms
Execution 91 - TLS Single
s_connection: verify depth is 1
Handshake duration: 5649.84 ms
Execution 92 - TLS Single
s_connection: verify depth is 1
Handshake duration: 14676.42 ms
Execution 93 - TLS Single
s_connection: verify depth is 1
Handshake duration: 54032.18 ms
Execution 94 - TLS Single
s_connection: verify depth is 1
Handshake duration: 450.71 ms
Execution 95 - TLS Single
s_connection: verify depth is 1
Handshake duration: 2530.99 ms
Execution 96 - TLS Single
s_connection: verify depth is 1
Handshake duration: 1750.71 ms
Execution 97 - TLS Single
s_connection: verify depth is 1
Handshake duration: 55.89 ms
Execution 98 - TLS Single
s_connection: verify depth is 1
Handshake duration: 56.10 ms
Execution 99 - TLS Single
s_connection: verify depth is 1
Handshake duration: 6494.64 ms
Execution 100 - TLS Single
s_connection: verify depth is 1
Handshake duration: 56.41 ms
Execution 101 - TLS Single
s_connection: verify depth is 1
Handshake duration: 1498.19 ms
Execution 102 - TLS Single
s_connection: verify depth is 1
Handshake duration: 1737.62 ms
Execution 103 - TLS Single
s_connection: verify depth is 1
Handshake duration: 1339.86 ms
Execution 104 - TLS Single
s_connection: verify depth is 1
Handshake duration: 5861.45 ms
Execution 105 - TLS Single
s_connection: verify depth is 1
Handshake duration: 238.53 ms
Execution 106 - TLS Single
s_connection: verify depth is 1
Handshake duration: 2383.38 ms
Execution 107 - TLS Single
s_connection: verify depth is 1
Handshake duration: 1744.72 ms
Execution 108 - TLS Single
s_connection: verify depth is 1
Handshake duration: 679.81 ms
Execution 109 - TLS Single
s_connection: verify depth is 1
Handshake duration: 54.98 ms
Execution 110 - TLS Single
s_connection: verify depth is 1
Handshake duration: 51.87 ms
Execution 111 - TLS Single
s_connection: verify depth is 1
Handshake duration: 288.79 ms
Execution 112 - TLS Single
s_connection: verify depth is 1
Handshake duration: 1503.03 ms
Execution 113 - TLS Single
s_connection: verify depth is 1
Handshake duration: 6276.41 ms
Execution 114 - TLS Single
s_connection: verify depth is 1
Handshake duration: 2764.10 ms
Execution 115 - TLS Single
s_connection: verify depth is 1
Handshake duration: 2320.97 ms
Execution 116 - TLS Single
s_connection: verify depth is 1
Handshake duration: 55.43 ms
Execution 117 - TLS Single
s_connection: verify depth is 1
Handshake duration: 447.21 ms
Execution 118 - TLS Single
s_connection: verify depth is 1
Handshake duration: 490.76 ms
Execution 119 - TLS Single
s_connection: verify depth is 1
Handshake duration: 13307.39 ms
Execution 120 - TLS Single
s_connection: verify depth is 1
Handshake duration: 58.14 ms
Execution 121 - TLS Single
s_connection: verify depth is 1
Handshake duration: 3566.76 ms
Execution 122 - TLS Single
s_connection: verify depth is 1
Handshake duration: 6652.14 ms
Execution 123 - TLS Single
s_connection: verify depth is 1
Handshake duration: 57.91 ms
Execution 124 - TLS Single
s_connection: verify depth is 1
Handshake duration: 307.87 ms
Execution 125 - TLS Single
s_connection: verify depth is 1
Handshake duration: 1523.88 ms
