Handshake timeout budget: 150s (identique TLS/QUIC)
Applying netem rules to lo...
Showing qdisc status for the interface: lo
qdisc netem 8227: root refcnt 2 limit 1000 seed 13657614807069765824
 Sent 0 bytes 0 pkt (dropped 0, overlimits 0 requeues 0) 
 backlog 0b 0p requeues 0
Running ./perftestClientTlsQuic.sh with SIG_ALG=ed25519 and KEM_ALG=x25519_hqc128
Execution 1 - TLS Single
s_connection: verify depth is 1
Handshake duration: 432.39 ms
Execution 2 - TLS Single
s_connection: verify depth is 1
Handshake duration: 312.22 ms
Execution 3 - TLS Single
s_connection: verify depth is 1
Handshake duration: 307.86 ms
Execution 4 - TLS Single
s_connection: verify depth is 1
Handshake duration: 311.95 ms
Execution 5 - TLS Single
s_connection: verify depth is 1
Handshake duration: 293.15 ms
Execution 6 - TLS Single
s_connection: verify depth is 1
Handshake duration: 307.46 ms
Execution 7 - TLS Single
s_connection: verify depth is 1
Handshake duration: 310.19 ms
Execution 8 - TLS Single
s_connection: verify depth is 1
Handshake duration: 307.53 ms
Execution 9 - TLS Single
s_connection: verify depth is 1
Handshake duration: 310.87 ms
Execution 10 - TLS Single
s_connection: verify depth is 1
Handshake duration: 293.81 ms
Execution 11 - TLS Single
s_connection: verify depth is 1
Handshake duration: 308.79 ms
Execution 12 - TLS Single
s_connection: verify depth is 1
Handshake duration: 314.96 ms
Execution 13 - TLS Single
s_connection: verify depth is 1
Handshake duration: 309.24 ms
Execution 14 - TLS Single
s_connection: verify depth is 1
Handshake duration: 307.07 ms
Execution 15 - TLS Single
s_connection: verify depth is 1
Handshake duration: 296.73 ms
Execution 16 - TLS Single
s_connection: verify depth is 1
Handshake duration: 312.01 ms
Execution 17 - TLS Single
s_connection: verify depth is 1
Handshake duration: 309.65 ms
Execution 18 - TLS Single
s_connection: verify depth is 1
Handshake duration: 311.58 ms
Execution 19 - TLS Single
s_connection: verify depth is 1
Handshake duration: 280.56 ms
Execution 20 - TLS Single
s_connection: verify depth is 1
Handshake duration: 309.37 ms
Execution 21 - TLS Single
s_connection: verify depth is 1
Handshake duration: 564.83 ms
Execution 22 - TLS Single
s_connection: verify depth is 1
Handshake duration: 296.81 ms
Execution 23 - TLS Single
s_connection: verify depth is 1
Handshake duration: 309.04 ms
Execution 24 - TLS Single
s_connection: verify depth is 1
Handshake duration: 294.27 ms
Execution 25 - TLS Single
s_connection: verify depth is 1
Handshake duration: 294.08 ms
Execution 26 - TLS Single
s_connection: verify depth is 1
Handshake duration: 295.38 ms
Execution 27 - TLS Single
s_connection: verify depth is 1
Handshake duration: 306.62 ms
Execution 28 - TLS Single
s_connection: verify depth is 1
Handshake duration: 310.09 ms
Execution 29 - TLS Single
s_connection: verify depth is 1
Handshake duration: 295.75 ms
Execution 30 - TLS Single
s_connection: verify depth is 1
Handshake duration: 310.92 ms
Execution 31 - TLS Single
s_connection: verify depth is 1
Handshake duration: 583.38 ms
Execution 32 - TLS Single
s_connection: verify depth is 1
Handshake duration: 309.60 ms
Execution 33 - TLS Single
s_connection: verify depth is 1
Handshake duration: 309.54 ms
Execution 34 - TLS Single
s_connection: verify depth is 1
Handshake duration: 296.16 ms
Execution 35 - TLS Single
s_connection: verify depth is 1
Handshake duration: 292.48 ms
Execution 36 - TLS Single
s_connection: verify depth is 1
Handshake duration: 310.80 ms
Execution 37 - TLS Single
s_connection: verify depth is 1
Handshake duration: 789.86 ms
Execution 38 - TLS Single
s_connection: verify depth is 1
Handshake duration: 304.60 ms
Execution 39 - TLS Single
s_connection: verify depth is 1
Handshake duration: 594.03 ms
Execution 40 - TLS Single
s_connection: verify depth is 1
Handshake duration: 294.34 ms
Execution 41 - TLS Single
s_connection: verify depth is 1
Handshake duration: 306.00 ms
Execution 42 - TLS Single
s_connection: verify depth is 1
Handshake duration: 279.85 ms
Execution 43 - TLS Single
s_connection: verify depth is 1
Handshake duration: 307.74 ms
Execution 44 - TLS Single
s_connection: verify depth is 1
Handshake duration: 294.19 ms
Execution 45 - TLS Single
s_connection: verify depth is 1
Handshake duration: 293.25 ms
Execution 46 - TLS Single
s_connection: verify depth is 1
Handshake duration: 308.88 ms
Execution 47 - TLS Single
s_connection: verify depth is 1
Handshake duration: 294.41 ms
Execution 48 - TLS Single
s_connection: verify depth is 1
Handshake duration: 308.59 ms
Execution 49 - TLS Single
s_connection: verify depth is 1
Handshake duration: 303.84 ms
Execution 50 - TLS Single
s_connection: verify depth is 1
Handshake duration: 296.57 ms
Execution 51 - TLS Single
s_connection: verify depth is 1
Handshake duration: 288.41 ms
Execution 52 - TLS Single
s_connection: verify depth is 1
Handshake duration: 278.85 ms
Execution 53 - TLS Single
s_connection: verify depth is 1
Handshake duration: 563.50 ms
Execution 54 - TLS Single
s_connection: verify depth is 1
Handshake duration: 308.94 ms
Execution 55 - TLS Single
s_connection: verify depth is 1
Handshake duration: 295.88 ms
Execution 56 - TLS Single
s_connection: verify depth is 1
Handshake duration: 294.89 ms
Execution 57 - TLS Single
s_connection: verify depth is 1
Handshake duration: 306.62 ms
Execution 58 - TLS Single
s_connection: verify depth is 1
Handshake duration: 309.36 ms
Execution 59 - TLS Single
s_connection: verify depth is 1
Handshake duration: 306.11 ms
Execution 60 - TLS Single
s_connection: verify depth is 1
Handshake duration: 308.12 ms
Execution 61 - TLS Single
s_connection: verify depth is 1
Handshake duration: 295.28 ms
Execution 62 - TLS Single
s_connection: verify depth is 1
Handshake duration: 310.53 ms
Execution 63 - TLS Single
s_connection: verify depth is 1
Handshake duration: 290.23 ms
Execution 64 - TLS Single
s_connection: verify depth is 1
Handshake duration: 293.59 ms
Execution 65 - TLS Single
s_connection: verify depth is 1
Handshake duration: 311.51 ms
Execution 66 - TLS Single
s_connection: verify depth is 1
Handshake duration: 311.68 ms
Execution 67 - TLS Single
s_connection: verify depth is 1
Handshake duration: 309.92 ms
Execution 68 - TLS Single
s_connection: verify depth is 1
Handshake duration: 311.25 ms
Execution 69 - TLS Single
s_connection: verify depth is 1
Handshake duration: 310.23 ms
Execution 70 - TLS Single
s_connection: verify depth is 1
Handshake duration: 310.12 ms
Execution 71 - TLS Single
s_connection: verify depth is 1
Handshake duration: 310.61 ms
Execution 72 - TLS Single
s_connection: verify depth is 1
Handshake duration: 298.12 ms
Execution 73 - TLS Single
s_connection: verify depth is 1
Handshake duration: 310.70 ms
Execution 74 - TLS Single
s_connection: verify depth is 1
Handshake duration: 309.59 ms
Execution 75 - TLS Single
s_connection: verify depth is 1
Handshake duration: 293.63 ms
Execution 76 - TLS Single
s_connection: verify depth is 1
Handshake duration: 292.53 ms
Execution 77 - TLS Single
s_connection: verify depth is 1
Handshake duration: 310.08 ms
Execution 78 - TLS Single
s_connection: verify depth is 1
Handshake duration: 295.59 ms
Execution 79 - TLS Single
s_connection: verify depth is 1
Handshake duration: 293.79 ms
Execution 80 - TLS Single
s_connection: verify depth is 1
Handshake duration: 307.62 ms
Execution 81 - TLS Single
s_connection: verify depth is 1
Handshake duration: 310.22 ms
Execution 82 - TLS Single
s_connection: verify depth is 1
Handshake duration: 293.77 ms
Execution 83 - TLS Single
s_connection: verify depth is 1
Handshake duration: 296.13 ms
Execution 84 - TLS Single
s_connection: verify depth is 1
Handshake duration: 309.66 ms
Execution 85 - TLS Single
s_connection: verify depth is 1
Handshake duration: 293.67 ms
Execution 86 - TLS Single
s_connection: verify depth is 1
Handshake duration: 311.35 ms
Execution 87 - TLS Single
s_connection: verify depth is 1
Handshake duration: 311.86 ms
Execution 88 - TLS Single
s_connection: verify depth is 1
Handshake duration: 293.39 ms
Execution 89 - TLS Single
s_connection: verify depth is 1
Handshake duration: 293.92 ms
Execution 90 - TLS Single
s_connection: verify depth is 1
Handshake duration: 310.14 ms
Execution 91 - TLS Single
s_connection: verify depth is 1
Handshake duration: 309.43 ms
Execution 92 - TLS Single
s_connection: verify depth is 1
Handshake duration: 311.46 ms
Execution 93 - TLS Single
s_connection: verify depth is 1
Handshake duration: 312.30 ms
Execution 94 - TLS Single
s_connection: verify depth is 1
Handshake duration: 309.74 ms
Execution 95 - TLS Single
s_connection: verify depth is 1
Handshake duration: 278.94 ms
Execution 96 - TLS Single
s_connection: verify depth is 1
Handshake duration: 311.42 ms
Execution 97 - TLS Single
s_connection: verify depth is 1
Handshake duration: 310.83 ms
Execution 98 - TLS Single
s_connection: verify depth is 1
Handshake duration: 297.04 ms
Execution 99 - TLS Single
s_connection: verify depth is 1
Handshake duration: 311.88 ms
Execution 100 - TLS Single
s_connection: verify depth is 1
Handshake duration: 310.94 ms
Execution 101 - TLS Single
s_connection: verify depth is 1
Handshake duration: 293.65 ms
Execution 102 - TLS Single
s_connection: verify depth is 1
Handshake duration: 311.37 ms
Execution 103 - TLS Single
s_connection: verify depth is 1
Handshake duration: 310.94 ms
Execution 104 - TLS Single
s_connection: verify depth is 1
Handshake duration: 312.80 ms
Execution 105 - TLS Single
s_connection: verify depth is 1
Handshake duration: 296.46 ms
Execution 106 - TLS Single
s_connection: verify depth is 1
Handshake duration: 310.10 ms
Execution 107 - TLS Single
s_connection: verify depth is 1
Handshake duration: 311.95 ms
Execution 108 - TLS Single
s_connection: verify depth is 1
Handshake duration: 310.31 ms
Execution 109 - TLS Single
s_connection: verify depth is 1
Handshake duration: 285.87 ms
Execution 110 - TLS Single
s_connection: verify depth is 1
Handshake duration: 297.72 ms
Execution 111 - TLS Single
s_connection: verify depth is 1
Handshake duration: 558.87 ms
Execution 112 - TLS Single
s_connection: verify depth is 1
Handshake duration: 308.69 ms
Execution 113 - TLS Single
s_connection: verify depth is 1
Handshake duration: 297.31 ms
Execution 114 - TLS Single
s_connection: verify depth is 1
Handshake duration: 312.84 ms
Execution 115 - TLS Single
s_connection: verify depth is 1
Handshake duration: 293.63 ms
Execution 116 - TLS Single
s_connection: verify depth is 1
Handshake duration: 309.75 ms
Execution 117 - TLS Single
s_connection: verify depth is 1
Handshake duration: 314.07 ms
Execution 118 - TLS Single
s_connection: verify depth is 1
Handshake duration: 309.87 ms
Execution 119 - TLS Single
s_connection: verify depth is 1
Handshake duration: 282.77 ms
Execution 120 - TLS Single
s_connection: verify depth is 1
Handshake duration: 310.69 ms
Execution 121 - TLS Single
s_connection: verify depth is 1
Handshake duration: 310.89 ms
Execution 122 - TLS Single
s_connection: verify depth is 1
Handshake duration: 284.75 ms
Execution 123 - TLS Single
s_connection: verify depth is 1
Handshake duration: 791.86 ms
Execution 124 - TLS Single
s_connection: verify depth is 1
Handshake duration: 294.09 ms
Execution 125 - TLS Single
s_connection: verify depth is 1
Handshake duration: 310.46 ms
