Handshake timeout budget: 150s (identique TLS/QUIC)
Applying netem rules to lo...
Showing qdisc status for the interface: lo
qdisc netem 8f17: root refcnt 2 limit 1000 seed 6726946411908465055
 Sent 0 bytes 0 pkt (dropped 0, overlimits 0 requeues 0) 
 backlog 0b 0p requeues 0
Running ./perftestClientTlsQuic.sh with SIG_ALG=mldsa65 and KEM_ALG=x448_mlkem768
Execution 1 - TLS Single
s_connection: verify depth is 1
Handshake duration: 387.54 ms
Execution 2 - TLS Single
s_connection: verify depth is 1
Handshake duration: 260.98 ms
Execution 3 - TLS Single
s_connection: verify depth is 1
Handshake duration: 261.27 ms
Execution 4 - TLS Single
s_connection: verify depth is 1
Handshake duration: 259.90 ms
Execution 5 - TLS Single
s_connection: verify depth is 1
Handshake duration: 259.70 ms
Execution 6 - TLS Single
s_connection: verify depth is 1
Handshake duration: 382.36 ms
Execution 7 - TLS Single
s_connection: verify depth is 1
Handshake duration: 259.93 ms
Execution 8 - TLS Single
s_connection: verify depth is 1
Handshake duration: 1317.33 ms
Execution 9 - TLS Single
s_connection: verify depth is 1
Handshake duration: 260.79 ms
Execution 10 - TLS Single
s_connection: verify depth is 1
Handshake duration: 259.73 ms
Execution 11 - TLS Single
s_connection: verify depth is 1
Handshake duration: 261.02 ms
Execution 12 - TLS Single
s_connection: verify depth is 1
Handshake duration: 261.04 ms
Execution 13 - TLS Single
s_connection: verify depth is 1
Handshake duration: 260.20 ms
Execution 14 - TLS Single
s_connection: verify depth is 1
Handshake duration: 260.29 ms
Execution 15 - TLS Single
s_connection: verify depth is 1
Handshake duration: 259.72 ms
Execution 16 - TLS Single
s_connection: verify depth is 1
Handshake duration: 259.91 ms
Execution 17 - TLS Single
s_connection: verify depth is 1
Handshake duration: 261.07 ms
Execution 18 - TLS Single
s_connection: verify depth is 1
Handshake duration: 259.63 ms
Execution 19 - TLS Single
s_connection: verify depth is 1
Handshake duration: 259.95 ms
Execution 20 - TLS Single
s_connection: verify depth is 1
Handshake duration: 260.44 ms
Execution 21 - TLS Single
s_connection: verify depth is 1
Handshake duration: 259.84 ms
Execution 22 - TLS Single
s_connection: verify depth is 1
Handshake duration: 260.35 ms
Execution 23 - TLS Single
s_connection: verify depth is 1
Handshake duration: 259.65 ms
Execution 24 - TLS Single
s_connection: verify depth is 1
Handshake duration: 260.96 ms
Execution 25 - TLS Single
s_connection: verify depth is 1
Handshake duration: 260.43 ms
Execution 26 - TLS Single
s_connection: verify depth is 1
Handshake duration: 259.68 ms
Execution 27 - TLS Single
s_connection: verify depth is 1
Handshake duration: 261.81 ms
Execution 28 - TLS Single
s_connection: verify depth is 1
Handshake duration: 260.07 ms
Execution 29 - TLS Single
s_connection: verify depth is 1
Handshake duration: 763.31 ms
Execution 30 - TLS Single
s_connection: verify depth is 1
Handshake duration: 259.76 ms
Execution 31 - TLS Single
s_connection: verify depth is 1
Handshake duration: 260.46 ms
Execution 32 - TLS Single
s_connection: verify depth is 1
Handshake duration: 260.05 ms
Execution 33 - TLS Single
s_connection: verify depth is 1
Handshake duration: 261.34 ms
Execution 34 - TLS Single
s_connection: verify depth is 1
Handshake duration: 260.29 ms
Execution 35 - TLS Single
s_connection: verify depth is 1
Handshake duration: 260.52 ms
Execution 36 - TLS Single
s_connection: verify depth is 1
Handshake duration: 260.05 ms
Execution 37 - TLS Single
s_connection: verify depth is 1
Handshake duration: 259.77 ms
Execution 38 - TLS Single
s_connection: verify depth is 1
Handshake duration: 261.61 ms
Execution 39 - TLS Single
s_connection: verify depth is 1
Handshake duration: 259.77 ms
Execution 40 - TLS Single
s_connection: verify depth is 1
Handshake duration: 260.27 ms
Execution 41 - TLS Single
s_connection: verify depth is 1
Handshake duration: 260.05 ms
Execution 42 - TLS Single
s_connection: verify depth is 1
Handshake duration: 254.06 ms
Execution 43 - TLS Single
s_connection: verify depth is 1
Handshake duration: 256.56 ms
Execution 44 - TLS Single
s_connection: verify depth is 1
Handshake duration: 260.08 ms
Execution 45 - TLS Single
s_connection: verify depth is 1
Handshake duration: 260.26 ms
Execution 46 - TLS Single
s_connection: verify depth is 1
Handshake duration: 260.17 ms
Execution 47 - TLS Single
s_connection: verify depth is 1
Handshake duration: 257.72 ms
Execution 48 - TLS Single
s_connection: verify depth is 1
Handshake duration: 259.60 ms
Execution 49 - TLS Single
s_connection: verify depth is 1
Handshake duration: 383.22 ms
Execution 50 - TLS Single
s_connection: verify depth is 1
Handshake duration: 259.97 ms
Execution 51 - TLS Single
s_connection: verify depth is 1
Handshake duration: 260.93 ms
Execution 52 - TLS Single
s_connection: verify depth is 1
Handshake duration: 261.44 ms
Execution 53 - TLS Single
s_connection: verify depth is 1
Handshake duration: 260.48 ms
Execution 54 - TLS Single
s_connection: verify depth is 1
Handshake duration: 259.77 ms
Execution 55 - TLS Single
s_connection: verify depth is 1
Handshake duration: 259.95 ms
Execution 56 - TLS Single
s_connection: verify depth is 1
Handshake duration: 259.87 ms
Execution 57 - TLS Single
s_connection: verify depth is 1
Handshake duration: 260.28 ms
Execution 58 - TLS Single
s_connection: verify depth is 1
Handshake duration: 259.81 ms
Execution 59 - TLS Single
s_connection: verify depth is 1
Handshake duration: 260.90 ms
Execution 60 - TLS Single
s_connection: verify depth is 1
Handshake duration: 261.57 ms
Execution 61 - TLS Single
s_connection: verify depth is 1
Handshake duration: 260.51 ms
Execution 62 - TLS Single
s_connection: verify depth is 1
Handshake duration: 260.63 ms
Execution 63 - TLS Single
s_connection: verify depth is 1
Handshake duration: 258.72 ms
Execution 64 - TLS Single
s_connection: verify depth is 1
Handshake duration: 261.85 ms
Execution 65 - TLS Single
s_connection: verify depth is 1
Handshake duration: 259.98 ms
Execution 66 - TLS Single
s_connection: verify depth is 1
Handshake duration: 261.63 ms
Execution 67 - TLS Single
s_connection: verify depth is 1
Handshake duration: 260.64 ms
Execution 68 - TLS Single
s_connection: verify depth is 1
Handshake duration: 261.44 ms
Execution 69 - TLS Single
s_connection: verify depth is 1
Handshake duration: 260.13 ms
Execution 70 - TLS Single
s_connection: verify depth is 1
Handshake duration: 259.58 ms
Execution 71 - TLS Single
s_connection: verify depth is 1
Handshake duration: 260.23 ms
Execution 72 - TLS Single
s_connection: verify depth is 1
Handshake duration: 260.69 ms
Execution 73 - TLS Single
s_connection: verify depth is 1
Handshake duration: 259.90 ms
Execution 74 - TLS Single
s_connection: verify depth is 1
Handshake duration: 259.55 ms
Execution 75 - TLS Single
s_connection: verify depth is 1
Handshake duration: 260.13 ms
Execution 76 - TLS Single
s_connection: verify depth is 1
Handshake duration: 260.76 ms
Execution 77 - TLS Single
s_connection: verify depth is 1
Handshake duration: 260.81 ms
Execution 78 - TLS Single
s_connection: verify depth is 1
Handshake duration: 260.31 ms
Execution 79 - TLS Single
s_connection: verify depth is 1
Handshake duration: 261.20 ms
Execution 80 - TLS Single
s_connection: verify depth is 1
Handshake duration: 259.58 ms
Execution 81 - TLS Single
s_connection: verify depth is 1
Handshake duration: 259.65 ms
Execution 82 - TLS Single
s_connection: verify depth is 1
Handshake duration: 257.23 ms
Execution 83 - TLS Single
s_connection: verify depth is 1
Handshake duration: 766.83 ms
Execution 84 - TLS Single
s_connection: verify depth is 1
Handshake duration: 259.50 ms
Execution 85 - TLS Single
s_connection: verify depth is 1
Handshake duration: 259.69 ms
Execution 86 - TLS Single
s_connection: verify depth is 1
Handshake duration: 260.08 ms
Execution 87 - TLS Single
s_connection: verify depth is 1
Handshake duration: 260.13 ms
Execution 88 - TLS Single
s_connection: verify depth is 1
Handshake duration: 261.08 ms
Execution 89 - TLS Single
s_connection: verify depth is 1
Handshake duration: 259.63 ms
Execution 90 - TLS Single
s_connection: verify depth is 1
Handshake duration: 260.91 ms
Execution 91 - TLS Single
s_connection: verify depth is 1
Handshake duration: 260.24 ms
Execution 92 - TLS Single
s_connection: verify depth is 1
Handshake duration: 260.01 ms
Execution 93 - TLS Single
s_connection: verify depth is 1
Handshake duration: 415.75 ms
Execution 94 - TLS Single
s_connection: verify depth is 1
Handshake duration: 260.15 ms
Execution 95 - TLS Single
s_connection: verify depth is 1
Handshake duration: 259.44 ms
Execution 96 - TLS Single
s_connection: verify depth is 1
Handshake duration: 259.83 ms
Execution 97 - TLS Single
s_connection: verify depth is 1
Handshake duration: 261.01 ms
Execution 98 - TLS Single
s_connection: verify depth is 1
Handshake duration: 259.65 ms
Execution 99 - TLS Single
s_connection: verify depth is 1
Handshake duration: 260.27 ms
Execution 100 - TLS Single
s_connection: verify depth is 1
Handshake duration: 259.83 ms
Execution 101 - TLS Single
s_connection: verify depth is 1
Handshake duration: 258.98 ms
Execution 102 - TLS Single
s_connection: verify depth is 1
Handshake duration: 257.01 ms
Execution 103 - TLS Single
s_connection: verify depth is 1
Handshake duration: 261.11 ms
Execution 104 - TLS Single
s_connection: verify depth is 1
Handshake duration: 259.61 ms
Execution 105 - TLS Single
s_connection: verify depth is 1
Handshake duration: 259.92 ms
Execution 106 - TLS Single
s_connection: verify depth is 1
Handshake duration: 259.14 ms
Execution 107 - TLS Single
s_connection: verify depth is 1
Handshake duration: 260.79 ms
Execution 108 - TLS Single
s_connection: verify depth is 1
Handshake duration: 261.16 ms
Execution 109 - TLS Single
s_connection: verify depth is 1
Handshake duration: 262.69 ms
Execution 110 - TLS Single
s_connection: verify depth is 1
Handshake duration: 258.69 ms
Execution 111 - TLS Single
s_connection: verify depth is 1
Handshake duration: 259.95 ms
Execution 112 - TLS Single
s_connection: verify depth is 1
Handshake duration: 260.42 ms
Execution 113 - TLS Single
s_connection: verify depth is 1
Handshake duration: 260.86 ms
Execution 114 - TLS Single
s_connection: verify depth is 1
Handshake duration: 381.17 ms
Execution 115 - TLS Single
s_connection: verify depth is 1
Handshake duration: 260.92 ms
Execution 116 - TLS Single
s_connection: verify depth is 1
Handshake duration: 262.06 ms
Execution 117 - TLS Single
s_connection: verify depth is 1
Handshake duration: 261.21 ms
Execution 118 - TLS Single
s_connection: verify depth is 1
Handshake duration: 261.64 ms
Execution 119 - TLS Single
s_connection: verify depth is 1
Handshake duration: 261.75 ms
Execution 120 - TLS Single
s_connection: verify depth is 1
Handshake duration: 261.68 ms
Execution 121 - TLS Single
s_connection: verify depth is 1
Handshake duration: 259.57 ms
Execution 122 - TLS Single
s_connection: verify depth is 1
Handshake duration: 260.37 ms
Execution 123 - TLS Single
s_connection: verify depth is 1
Handshake duration: 260.14 ms
Execution 124 - TLS Single
s_connection: verify depth is 1
Handshake duration: 260.36 ms
Execution 125 - TLS Single
s_connection: verify depth is 1
Handshake duration: 261.31 ms
