Handshake timeout budget: 150s (identique TLS/QUIC)
Applying netem rules to lo...
Showing qdisc status for the interface: lo
qdisc netem 9761: root refcnt 2 limit 1000 seed 11755007634575388528
 Sent 0 bytes 0 pkt (dropped 0, overlimits 0 requeues 0) 
 backlog 0b 0p requeues 0
Running ./perftestClientTlsQuic.sh with SIG_ALG=ed25519 and KEM_ALG=P-256
Execution 1 - TLS Single
s_connection: verify depth is 1
Handshake duration: 382.40 ms
Execution 2 - TLS Single
s_connection: verify depth is 1
Handshake duration: 254.47 ms
Execution 3 - TLS Single
s_connection: verify depth is 1
Handshake duration: 257.72 ms
Execution 4 - TLS Single
s_connection: verify depth is 1
Handshake duration: 256.66 ms
Execution 5 - TLS Single
s_connection: verify depth is 1
Handshake duration: 256.38 ms
Execution 6 - TLS Single
s_connection: verify depth is 1
Handshake duration: 634.94 ms
Execution 7 - TLS Single
s_connection: verify depth is 1
Handshake duration: 256.48 ms
Execution 8 - TLS Single
s_connection: verify depth is 1
Handshake duration: 252.68 ms
Execution 9 - TLS Single
s_connection: verify depth is 1
Handshake duration: 256.64 ms
Execution 10 - TLS Single
s_connection: verify depth is 1
Handshake duration: 256.59 ms
Execution 11 - TLS Single
s_connection: verify depth is 1
Handshake duration: 256.53 ms
Execution 12 - TLS Single
s_connection: verify depth is 1
Handshake duration: 256.29 ms
Execution 13 - TLS Single
s_connection: verify depth is 1
Handshake duration: 254.81 ms
Execution 14 - TLS Single
s_connection: verify depth is 1
Handshake duration: 256.73 ms
Execution 15 - TLS Single
s_connection: verify depth is 1
Handshake duration: 256.71 ms
Execution 16 - TLS Single
s_connection: verify depth is 1
Handshake duration: 256.75 ms
Execution 17 - TLS Single
s_connection: verify depth is 1
Handshake duration: 256.26 ms
Execution 18 - TLS Single
s_connection: verify depth is 1
Handshake duration: 256.35 ms
Execution 19 - TLS Single
s_connection: verify depth is 1
Handshake duration: 256.62 ms
Execution 20 - TLS Single
s_connection: verify depth is 1
Handshake duration: 256.46 ms
Execution 21 - TLS Single
s_connection: verify depth is 1
Handshake duration: 253.73 ms
Execution 22 - TLS Single
s_connection: verify depth is 1
Handshake duration: 256.47 ms
Execution 23 - TLS Single
s_connection: verify depth is 1
Handshake duration: 256.16 ms
Execution 24 - TLS Single
s_connection: verify depth is 1
Handshake duration: 256.48 ms
Execution 25 - TLS Single
s_connection: verify depth is 1
Handshake duration: 256.34 ms
Execution 26 - TLS Single
s_connection: verify depth is 1
Handshake duration: 256.40 ms
Execution 27 - TLS Single
s_connection: verify depth is 1
Handshake duration: 257.16 ms
Execution 28 - TLS Single
s_connection: verify depth is 1
Handshake duration: 256.18 ms
Execution 29 - TLS Single
s_connection: verify depth is 1
Handshake duration: 256.14 ms
Execution 30 - TLS Single
s_connection: verify depth is 1
Handshake duration: 256.85 ms
Execution 31 - TLS Single
s_connection: verify depth is 1
Handshake duration: 256.12 ms
Execution 32 - TLS Single
s_connection: verify depth is 1
Handshake duration: 256.70 ms
Execution 33 - TLS Single
s_connection: verify depth is 1
Handshake duration: 256.33 ms
Execution 34 - TLS Single
s_connection: verify depth is 1
Handshake duration: 257.27 ms
Execution 35 - TLS Single
s_connection: verify depth is 1
Handshake duration: 256.35 ms
Execution 36 - TLS Single
s_connection: verify depth is 1
Handshake duration: 256.28 ms
Execution 37 - TLS Single
s_connection: verify depth is 1
Handshake duration: 254.93 ms
Execution 38 - TLS Single
s_connection: verify depth is 1
Handshake duration: 256.27 ms
Execution 39 - TLS Single
s_connection: verify depth is 1
Handshake duration: 254.36 ms
Execution 40 - TLS Single
s_connection: verify depth is 1
Handshake duration: 255.88 ms
Execution 41 - TLS Single
s_connection: verify depth is 1
Handshake duration: 255.59 ms
Execution 42 - TLS Single
s_connection: verify depth is 1
Handshake duration: 256.52 ms
Execution 43 - TLS Single
s_connection: verify depth is 1
Handshake duration: 256.51 ms
Execution 44 - TLS Single
s_connection: verify depth is 1
Handshake duration: 256.07 ms
Execution 45 - TLS Single
s_connection: verify depth is 1
Handshake duration: 256.85 ms
Execution 46 - TLS Single
s_connection: verify depth is 1
Handshake duration: 254.22 ms
Execution 47 - TLS Single
s_connection: verify depth is 1
Handshake duration: 257.00 ms
Execution 48 - TLS Single
s_connection: verify depth is 1
Handshake duration: 256.51 ms
Execution 49 - TLS Single
s_connection: verify depth is 1
Handshake duration: 256.38 ms
Execution 50 - TLS Single
s_connection: verify depth is 1
Handshake duration: 256.77 ms
Execution 51 - TLS Single
s_connection: verify depth is 1
Handshake duration: 635.69 ms
Execution 52 - TLS Single
s_connection: verify depth is 1
Handshake duration: 256.71 ms
Execution 53 - TLS Single
s_connection: verify depth is 1
Handshake duration: 256.35 ms
Execution 54 - TLS Single
s_connection: verify depth is 1
Handshake duration: 256.57 ms
Execution 55 - TLS Single
s_connection: verify depth is 1
Handshake duration: 256.62 ms
Execution 56 - TLS Single
s_connection: verify depth is 1
Handshake duration: 256.56 ms
Execution 57 - TLS Single
s_connection: verify depth is 1
Handshake duration: 256.25 ms
Execution 58 - TLS Single
s_connection: verify depth is 1
Handshake duration: 256.46 ms
Execution 59 - TLS Single
s_connection: verify depth is 1
Handshake duration: 256.71 ms
Execution 60 - TLS Single
s_connection: verify depth is 1
Handshake duration: 256.38 ms
Execution 61 - TLS Single
s_connection: verify depth is 1
Handshake duration: 256.65 ms
Execution 62 - TLS Single
s_connection: verify depth is 1
Handshake duration: 256.29 ms
Execution 63 - TLS Single
s_connection: verify depth is 1
Handshake duration: 256.29 ms
Execution 64 - TLS Single
s_connection: verify depth is 1
Handshake duration: 256.93 ms
Execution 65 - TLS Single
s_connection: verify depth is 1
Handshake duration: 256.69 ms
Execution 66 - TLS Single
s_connection: verify depth is 1
Handshake duration: 633.82 ms
Execution 67 - TLS Single
s_connection: verify depth is 1
Handshake duration: 256.44 ms
Execution 68 - TLS Single
s_connection: verify depth is 1
Handshake duration: 256.64 ms
Execution 69 - TLS Single
s_connection: verify depth is 1
Handshake duration: 256.20 ms
Execution 70 - TLS Single
s_connection: verify depth is 1
Handshake duration: 256.33 ms
Execution 71 - TLS Single
s_connection: verify depth is 1
Handshake duration: 256.34 ms
Execution 72 - TLS Single
s_connection: verify depth is 1
Handshake duration: 257.04 ms
Execution 73 - TLS Single
s_connection: verify depth is 1
Handshake duration: 256.97 ms
Execution 74 - TLS Single
s_connection: verify depth is 1
Handshake duration: 256.36 ms
Execution 75 - TLS Single
s_connection: verify depth is 1
Handshake duration: 256.94 ms
Execution 76 - TLS Single
s_connection: verify depth is 1
Handshake duration: 256.64 ms
Execution 77 - TLS Single
s_connection: verify depth is 1
Handshake duration: 256.89 ms
Execution 78 - TLS Single
s_connection: verify depth is 1
Handshake duration: 256.88 ms
Execution 79 - TLS Single
s_connection: verify depth is 1
Handshake duration: 256.56 ms
Execution 80 - TLS Single
s_connection: verify depth is 1
Handshake duration: 256.84 ms
Execution 81 - TLS Single
s_connection: verify depth is 1
Handshake duration: 256.25 ms
Execution 82 - TLS Single
s_connection: verify depth is 1
Handshake duration: 256.69 ms
Execution 83 - TLS Single
s_connection: verify depth is 1
Handshake duration: 256.60 ms
Execution 84 - TLS Single
s_connection: verify depth is 1
Handshake duration: 256.58 ms
Execution 85 - TLS Single
s_connection: verify depth is 1
Handshake duration: 256.65 ms
Execution 86 - TLS Single
s_connection: verify depth is 1
Handshake duration: 256.78 ms
Execution 87 - TLS Single
s_connection: verify depth is 1
Handshake duration: 256.44 ms
Execution 88 - TLS Single
s_connection: verify depth is 1
Handshake duration: 256.21 ms
Execution 89 - TLS Single
s_connection: verify depth is 1
Handshake duration: 255.92 ms
Execution 90 - TLS Single
s_connection: verify depth is 1
Handshake duration: 256.38 ms
Execution 91 - TLS Single
s_connection: verify depth is 1
Handshake duration: 256.43 ms
Execution 92 - TLS Single
s_connection: verify depth is 1
Handshake duration: 1261.67 ms
Execution 93 - TLS Single
s_connection: verify depth is 1
Handshake duration: 256.45 ms
Execution 94 - TLS Single
s_connection: verify depth is 1
Handshake duration: 257.13 ms
Execution 95 - TLS Single
s_connection: verify depth is 1
Handshake duration: 256.68 ms
Execution 96 - TLS Single
s_connection: verify depth is 1
Handshake duration: 255.42 ms
Execution 97 - TLS Single
s_connection: verify depth is 1
Handshake duration: 256.67 ms
Execution 98 - TLS Single
s_connection: verify depth is 1
Handshake duration: 638.00 ms
Execution 99 - TLS Single
s_connection: verify depth is 1
Handshake duration: 256.54 ms
Execution 100 - TLS Single
s_connection: verify depth is 1
Handshake duration: 257.14 ms
Execution 101 - TLS Single
s_connection: verify depth is 1
Handshake duration: 256.34 ms
Execution 102 - TLS Single
s_connection: verify depth is 1
Handshake duration: 256.53 ms
Execution 103 - TLS Single
s_connection: verify depth is 1
Handshake duration: 256.46 ms
Execution 104 - TLS Single
s_connection: verify depth is 1
Handshake duration: 1270.37 ms
Execution 105 - TLS Single
s_connection: verify depth is 1
Handshake duration: 256.52 ms
Execution 106 - TLS Single
s_connection: verify depth is 1
Handshake duration: 256.35 ms
Execution 107 - TLS Single
s_connection: verify depth is 1
Handshake duration: 256.59 ms
Execution 108 - TLS Single
s_connection: verify depth is 1
Handshake duration: 256.82 ms
Execution 109 - TLS Single
s_connection: verify depth is 1
Handshake duration: 256.44 ms
Execution 110 - TLS Single
s_connection: verify depth is 1
Handshake duration: 256.64 ms
Execution 111 - TLS Single
s_connection: verify depth is 1
Handshake duration: 256.62 ms
Execution 112 - TLS Single
s_connection: verify depth is 1
Handshake duration: 256.39 ms
Execution 113 - TLS Single
s_connection: verify depth is 1
Handshake duration: 256.43 ms
Execution 114 - TLS Single
s_connection: verify depth is 1
Handshake duration: 256.33 ms
Execution 115 - TLS Single
s_connection: verify depth is 1
Handshake duration: 255.40 ms
Execution 116 - TLS Single
s_connection: verify depth is 1
Handshake duration: 256.54 ms
Execution 117 - TLS Single
s_connection: verify depth is 1
Handshake duration: 255.35 ms
Execution 118 - TLS Single
s_connection: verify depth is 1
Handshake duration: 256.25 ms
Execution 119 - TLS Single
s_connection: verify depth is 1
Handshake duration: 255.58 ms
Execution 120 - TLS Single
s_connection: verify depth is 1
Handshake duration: 255.68 ms
Execution 121 - TLS Single
s_connection: verify depth is 1
Handshake duration: 253.31 ms
Execution 122 - TLS Single
s_connection: verify depth is 1
Handshake duration: 252.62 ms
Execution 123 - TLS Single
s_connection: verify depth is 1
Handshake duration: 252.24 ms
Execution 124 - TLS Single
s_connection: verify depth is 1
Handshake duration: 254.03 ms
Execution 125 - TLS Single
s_connection: verify depth is 1
Handshake duration: 252.58 ms
