Handshake timeout budget: 150s (identique TLS/QUIC)
Applying netem rules to lo...
Showing qdisc status for the interface: lo
qdisc netem 8983: root refcnt 2 limit 1000 seed 12600116722128325388
 Sent 0 bytes 0 pkt (dropped 0, overlimits 0 requeues 0) 
 backlog 0b 0p requeues 0
Running ./perftestClientTlsQuic.sh with SIG_ALG=secp384r1 and KEM_ALG=hqc192
Execution 1 - TLS Single
s_connection: verify depth is 1
Handshake duration: 451.54 ms
Execution 2 - TLS Single
s_connection: verify depth is 1
Handshake duration: 363.25 ms
Execution 3 - TLS Single
s_connection: verify depth is 1
Handshake duration: 360.29 ms
Execution 4 - TLS Single
s_connection: verify depth is 1
Handshake duration: 362.53 ms
Execution 5 - TLS Single
s_connection: verify depth is 1
Handshake duration: 312.50 ms
Execution 6 - TLS Single
s_connection: verify depth is 1
Handshake duration: 334.08 ms
Execution 7 - TLS Single
s_connection: verify depth is 1
Handshake duration: 361.33 ms
Execution 8 - TLS Single
s_connection: verify depth is 1
Handshake duration: 333.33 ms
Execution 9 - TLS Single
s_connection: verify depth is 1
Handshake duration: 339.84 ms
Execution 10 - TLS Single
s_connection: verify depth is 1
Handshake duration: 338.61 ms
Execution 11 - TLS Single
s_connection: verify depth is 1
Handshake duration: 358.04 ms
Execution 12 - TLS Single
s_connection: verify depth is 1
Handshake duration: 363.49 ms
Execution 13 - TLS Single
s_connection: verify depth is 1
Handshake duration: 331.16 ms
Execution 14 - TLS Single
s_connection: verify depth is 1
Handshake duration: 362.13 ms
Execution 15 - TLS Single
s_connection: verify depth is 1
Handshake duration: 465.87 ms
Execution 16 - TLS Single
s_connection: verify depth is 1
Handshake duration: 356.69 ms
Execution 17 - TLS Single
s_connection: verify depth is 1
Handshake duration: 313.09 ms
Execution 18 - TLS Single
s_connection: verify depth is 1
Handshake duration: 356.94 ms
Execution 19 - TLS Single
s_connection: verify depth is 1
Handshake duration: 349.76 ms
Execution 20 - TLS Single
s_connection: verify depth is 1
Handshake duration: 362.03 ms
Execution 21 - TLS Single
s_connection: verify depth is 1
Handshake duration: 314.01 ms
Execution 22 - TLS Single
s_connection: verify depth is 1
Handshake duration: 342.40 ms
Execution 23 - TLS Single
s_connection: verify depth is 1
Handshake duration: 362.71 ms
Execution 24 - TLS Single
s_connection: verify depth is 1
Handshake duration: 313.00 ms
Execution 25 - TLS Single
s_connection: verify depth is 1
Handshake duration: 299.39 ms
Execution 26 - TLS Single
s_connection: verify depth is 1
Handshake duration: 329.79 ms
Execution 27 - TLS Single
s_connection: verify depth is 1
Handshake duration: 458.24 ms
Execution 28 - TLS Single
s_connection: verify depth is 1
Handshake duration: 461.35 ms
Execution 29 - TLS Single
s_connection: verify depth is 1
Handshake duration: 335.08 ms
Execution 30 - TLS Single
s_connection: verify depth is 1
Handshake duration: 338.24 ms
Execution 31 - TLS Single
s_connection: verify depth is 1
Handshake duration: 365.65 ms
Execution 32 - TLS Single
s_connection: verify depth is 1
Handshake duration: 361.67 ms
Execution 33 - TLS Single
s_connection: verify depth is 1
Handshake duration: 337.22 ms
Execution 34 - TLS Single
s_connection: verify depth is 1
Handshake duration: 363.94 ms
Execution 35 - TLS Single
s_connection: verify depth is 1
Handshake duration: 362.03 ms
Execution 36 - TLS Single
s_connection: verify depth is 1
Handshake duration: 339.95 ms
Execution 37 - TLS Single
s_connection: verify depth is 1
Handshake duration: 331.09 ms
Execution 38 - TLS Single
s_connection: verify depth is 1
Handshake duration: 362.27 ms
Execution 39 - TLS Single
s_connection: verify depth is 1
Handshake duration: 364.61 ms
Execution 40 - TLS Single
s_connection: verify depth is 1
Handshake duration: 360.42 ms
Execution 41 - TLS Single
s_connection: verify depth is 1
Handshake duration: 332.74 ms
Execution 42 - TLS Single
s_connection: verify depth is 1
Handshake duration: 361.48 ms
Execution 43 - TLS Single
s_connection: verify depth is 1
Handshake duration: 331.68 ms
Execution 44 - TLS Single
s_connection: verify depth is 1
Handshake duration: 362.35 ms
Execution 45 - TLS Single
s_connection: verify depth is 1
Handshake duration: 340.61 ms
Execution 46 - TLS Single
s_connection: verify depth is 1
Handshake duration: 335.66 ms
Execution 47 - TLS Single
s_connection: verify depth is 1
Handshake duration: 357.10 ms
Execution 48 - TLS Single
s_connection: verify depth is 1
Handshake duration: 625.53 ms
Execution 49 - TLS Single
s_connection: verify depth is 1
Handshake duration: 339.26 ms
Execution 50 - TLS Single
s_connection: verify depth is 1
Handshake duration: 334.37 ms
Execution 51 - TLS Single
s_connection: verify depth is 1
Handshake duration: 364.24 ms
Execution 52 - TLS Single
s_connection: verify depth is 1
Handshake duration: 339.45 ms
Execution 53 - TLS Single
s_connection: verify depth is 1
Handshake duration: 364.54 ms
Execution 54 - TLS Single
s_connection: verify depth is 1
Handshake duration: 363.13 ms
Execution 55 - TLS Single
s_connection: verify depth is 1
Handshake duration: 475.00 ms
Execution 56 - TLS Single
s_connection: verify depth is 1
Handshake duration: 339.22 ms
Execution 57 - TLS Single
s_connection: verify depth is 1
Handshake duration: 334.98 ms
Execution 58 - TLS Single
s_connection: verify depth is 1
Handshake duration: 361.12 ms
Execution 59 - TLS Single
s_connection: verify depth is 1
Handshake duration: 1343.39 ms
Execution 60 - TLS Single
s_connection: verify depth is 1
Handshake duration: 313.24 ms
Execution 61 - TLS Single
s_connection: verify depth is 1
Handshake duration: 362.59 ms
Execution 62 - TLS Single
s_connection: verify depth is 1
Handshake duration: 361.13 ms
Execution 63 - TLS Single
s_connection: verify depth is 1
Handshake duration: 353.80 ms
Execution 64 - TLS Single
s_connection: verify depth is 1
Handshake duration: 360.57 ms
Execution 65 - TLS Single
s_connection: verify depth is 1
Handshake duration: 333.68 ms
Execution 66 - TLS Single
s_connection: verify depth is 1
Handshake duration: 487.64 ms
Execution 67 - TLS Single
s_connection: verify depth is 1
Handshake duration: 313.82 ms
Execution 68 - TLS Single
s_connection: verify depth is 1
Handshake duration: 360.42 ms
Execution 69 - TLS Single
s_connection: verify depth is 1
Handshake duration: 338.50 ms
Execution 70 - TLS Single
s_connection: verify depth is 1
Handshake duration: 334.00 ms
Execution 71 - TLS Single
s_connection: verify depth is 1
Handshake duration: 366.52 ms
Execution 72 - TLS Single
s_connection: verify depth is 1
Handshake duration: 338.97 ms
Execution 73 - TLS Single
s_connection: verify depth is 1
Handshake duration: 364.90 ms
Execution 74 - TLS Single
s_connection: verify depth is 1
Handshake duration: 337.16 ms
Execution 75 - TLS Single
s_connection: verify depth is 1
Handshake duration: 336.61 ms
Execution 76 - TLS Single
s_connection: verify depth is 1
Handshake duration: 361.65 ms
Execution 77 - TLS Single
s_connection: verify depth is 1
Handshake duration: 363.56 ms
Execution 78 - TLS Single
s_connection: verify depth is 1
Handshake duration: 340.34 ms
Execution 79 - TLS Single
s_connection: verify depth is 1
Handshake duration: 362.44 ms
Execution 80 - TLS Single
s_connection: verify depth is 1
Handshake duration: 330.83 ms
Execution 81 - TLS Single
s_connection: verify depth is 1
Handshake duration: 335.25 ms
Execution 82 - TLS Single
s_connection: verify depth is 1
Handshake duration: 362.68 ms
Execution 83 - TLS Single
s_connection: verify depth is 1
Handshake duration: 337.60 ms
Execution 84 - TLS Single
s_connection: verify depth is 1
Handshake duration: 363.20 ms
Execution 85 - TLS Single
s_connection: verify depth is 1
Handshake duration: 331.57 ms
Execution 86 - TLS Single
s_connection: verify depth is 1
Handshake duration: 360.29 ms
Execution 87 - TLS Single
s_connection: verify depth is 1
Handshake duration: 337.41 ms
Execution 88 - TLS Single
s_connection: verify depth is 1
Handshake duration: 363.25 ms
Execution 89 - TLS Single
s_connection: verify depth is 1
Handshake duration: 335.81 ms
Execution 90 - TLS Single
s_connection: verify depth is 1
Handshake duration: 338.02 ms
Execution 91 - TLS Single
s_connection: verify depth is 1
Handshake duration: 363.29 ms
Execution 92 - TLS Single
s_connection: verify depth is 1
Handshake duration: 359.22 ms
Execution 93 - TLS Single
s_connection: verify depth is 1
Handshake duration: 339.59 ms
Execution 94 - TLS Single
s_connection: verify depth is 1
Handshake duration: 332.08 ms
Execution 95 - TLS Single
s_connection: verify depth is 1
Handshake duration: 363.52 ms
Execution 96 - TLS Single
s_connection: verify depth is 1
Handshake duration: 359.80 ms
Execution 97 - TLS Single
s_connection: verify depth is 1
Handshake duration: 330.83 ms
Execution 98 - TLS Single
s_connection: verify depth is 1
Handshake duration: 358.18 ms
Execution 99 - TLS Single
s_connection: verify depth is 1
Handshake duration: 466.46 ms
Execution 100 - TLS Single
s_connection: verify depth is 1
Handshake duration: 361.93 ms
Execution 101 - TLS Single
s_connection: verify depth is 1
Handshake duration: 363.61 ms
Execution 102 - TLS Single
s_connection: verify depth is 1
Handshake duration: 1349.40 ms
Execution 103 - TLS Single
s_connection: verify depth is 1
Handshake duration: 337.12 ms
Execution 104 - TLS Single
s_connection: verify depth is 1
Handshake duration: 360.70 ms
Execution 105 - TLS Single
s_connection: verify depth is 1
Handshake duration: 360.81 ms
Execution 106 - TLS Single
s_connection: verify depth is 1
Handshake duration: 463.50 ms
Execution 107 - TLS Single
s_connection: verify depth is 1
Handshake duration: 359.42 ms
Execution 108 - TLS Single
s_connection: verify depth is 1
Handshake duration: 338.57 ms
Execution 109 - TLS Single
s_connection: verify depth is 1
Handshake duration: 362.99 ms
Execution 110 - TLS Single
s_connection: verify depth is 1
Handshake duration: 361.33 ms
Execution 111 - TLS Single
s_connection: verify depth is 1
Handshake duration: 362.84 ms
Execution 112 - TLS Single
s_connection: verify depth is 1
Handshake duration: 363.74 ms
Execution 113 - TLS Single
s_connection: verify depth is 1
Handshake duration: 360.43 ms
Execution 114 - TLS Single
s_connection: verify depth is 1
Handshake duration: 358.77 ms
Execution 115 - TLS Single
s_connection: verify depth is 1
Handshake duration: 339.23 ms
Execution 116 - TLS Single
s_connection: verify depth is 1
Handshake duration: 356.58 ms
Execution 117 - TLS Single
s_connection: verify depth is 1
Handshake duration: 1648.96 ms
Execution 118 - TLS Single
s_connection: verify depth is 1
Handshake duration: 340.40 ms
Execution 119 - TLS Single
s_connection: verify depth is 1
Handshake duration: 332.68 ms
Execution 120 - TLS Single
s_connection: verify depth is 1
Handshake duration: 335.76 ms
Execution 121 - TLS Single
s_connection: verify depth is 1
Handshake duration: 336.43 ms
Execution 122 - TLS Single
s_connection: verify depth is 1
Handshake duration: 360.94 ms
Execution 123 - TLS Single
s_connection: verify depth is 1
Handshake duration: 360.87 ms
Execution 124 - TLS Single
s_connection: verify depth is 1
Handshake duration: 343.09 ms
Execution 125 - TLS Single
s_connection: verify depth is 1
Handshake duration: 363.66 ms
