Handshake timeout budget: 150s (identique TLS/QUIC)
Applying netem rules to lo...
Showing qdisc status for the interface: lo
qdisc netem 8903: root refcnt 2 limit 1000 seed 10233242205427138377
 Sent 0 bytes 0 pkt (dropped 0, overlimits 0 requeues 0) 
 backlog 0b 0p requeues 0
Running ./perftestClientTlsQuic.sh with SIG_ALG=secp384r1 and KEM_ALG=x448_hqc192
Execution 1 - TLS Single
s_connection: verify depth is 1
Handshake duration: 463.90 ms
Execution 2 - TLS Single
s_connection: verify depth is 1
Handshake duration: 364.63 ms
Execution 3 - TLS Single
s_connection: verify depth is 1
Handshake duration: 360.96 ms
Execution 4 - TLS Single
s_connection: verify depth is 1
Handshake duration: 353.97 ms
Execution 5 - TLS Single
s_connection: verify depth is 1
Handshake duration: 361.27 ms
Execution 6 - TLS Single
s_connection: verify depth is 1
Handshake duration: 360.32 ms
Execution 7 - TLS Single
s_connection: verify depth is 1
Handshake duration: 358.65 ms
Execution 8 - TLS Single
s_connection: verify depth is 1
Handshake duration: 335.63 ms
Execution 9 - TLS Single
s_connection: verify depth is 1
Handshake duration: 338.49 ms
Execution 10 - TLS Single
s_connection: verify depth is 1
Handshake duration: 361.34 ms
Execution 11 - TLS Single
s_connection: verify depth is 1
Handshake duration: 338.31 ms
Execution 12 - TLS Single
s_connection: verify depth is 1
Handshake duration: 363.27 ms
Execution 13 - TLS Single
s_connection: verify depth is 1
Handshake duration: 339.09 ms
Execution 14 - TLS Single
s_connection: verify depth is 1
Handshake duration: 337.65 ms
Execution 15 - TLS Single
s_connection: verify depth is 1
Handshake duration: 522.22 ms
Execution 16 - TLS Single
s_connection: verify depth is 1
Handshake duration: 362.30 ms
Execution 17 - TLS Single
s_connection: verify depth is 1
Handshake duration: 336.38 ms
Execution 18 - TLS Single
s_connection: verify depth is 1
Handshake duration: 360.53 ms
Execution 19 - TLS Single
s_connection: verify depth is 1
Handshake duration: 362.06 ms
Execution 20 - TLS Single
s_connection: verify depth is 1
Handshake duration: 361.12 ms
Execution 21 - TLS Single
s_connection: verify depth is 1
Handshake duration: 333.49 ms
Execution 22 - TLS Single
s_connection: verify depth is 1
Handshake duration: 338.17 ms
Execution 23 - TLS Single
s_connection: verify depth is 1
Handshake duration: 360.06 ms
Execution 24 - TLS Single
s_connection: verify depth is 1
Handshake duration: 815.67 ms
Execution 25 - TLS Single
s_connection: verify depth is 1
Handshake duration: 342.34 ms
Execution 26 - TLS Single
s_connection: verify depth is 1
Handshake duration: 336.07 ms
Execution 27 - TLS Single
s_connection: verify depth is 1
Handshake duration: 359.72 ms
Execution 28 - TLS Single
s_connection: verify depth is 1
Handshake duration: 334.21 ms
Execution 29 - TLS Single
s_connection: verify depth is 1
Handshake duration: 361.20 ms
Execution 30 - TLS Single
s_connection: verify depth is 1
Handshake duration: 333.39 ms
Execution 31 - TLS Single
s_connection: verify depth is 1
Handshake duration: 361.22 ms
Execution 32 - TLS Single
s_connection: verify depth is 1
Handshake duration: 334.17 ms
Execution 33 - TLS Single
s_connection: verify depth is 1
Handshake duration: 337.96 ms
Execution 34 - TLS Single
s_connection: verify depth is 1
Handshake duration: 360.45 ms
Execution 35 - TLS Single
s_connection: verify depth is 1
Handshake duration: 335.41 ms
Execution 36 - TLS Single
s_connection: verify depth is 1
Handshake duration: 361.17 ms
Execution 37 - TLS Single
s_connection: verify depth is 1
Handshake duration: 310.51 ms
Execution 38 - TLS Single
s_connection: verify depth is 1
Handshake duration: 365.40 ms
Execution 39 - TLS Single
s_connection: verify depth is 1
Handshake duration: 311.41 ms
Execution 40 - TLS Single
s_connection: verify depth is 1
Handshake duration: 363.33 ms
Execution 41 - TLS Single
s_connection: verify depth is 1
Handshake duration: 339.87 ms
Execution 42 - TLS Single
s_connection: verify depth is 1
Handshake duration: 334.95 ms
Execution 43 - TLS Single
s_connection: verify depth is 1
Handshake duration: 339.36 ms
Execution 44 - TLS Single
s_connection: verify depth is 1
Handshake duration: 364.06 ms
Execution 45 - TLS Single
s_connection: verify depth is 1
Handshake duration: 310.49 ms
Execution 46 - TLS Single
s_connection: verify depth is 1
Handshake duration: 347.37 ms
Execution 47 - TLS Single
s_connection: verify depth is 1
Handshake duration: 339.10 ms
Execution 48 - TLS Single
s_connection: verify depth is 1
Handshake duration: 335.26 ms
Execution 49 - TLS Single
s_connection: verify depth is 1
Handshake duration: 354.12 ms
Execution 50 - TLS Single
s_connection: verify depth is 1
Handshake duration: 334.77 ms
Execution 51 - TLS Single
s_connection: verify depth is 1
Handshake duration: 334.91 ms
Execution 52 - TLS Single
s_connection: verify depth is 1
Handshake duration: 365.41 ms
Execution 53 - TLS Single
s_connection: verify depth is 1
Handshake duration: 309.76 ms
Execution 54 - TLS Single
s_connection: verify depth is 1
Handshake duration: 366.42 ms
Execution 55 - TLS Single
s_connection: verify depth is 1
Handshake duration: 360.40 ms
Execution 56 - TLS Single
s_connection: verify depth is 1
Handshake duration: 298.66 ms
Execution 57 - TLS Single
s_connection: verify depth is 1
Handshake duration: 327.54 ms
Execution 58 - TLS Single
s_connection: verify depth is 1
Handshake duration: 338.41 ms
Execution 59 - TLS Single
s_connection: verify depth is 1
Handshake duration: 338.25 ms
Execution 60 - TLS Single
s_connection: verify depth is 1
Handshake duration: 365.29 ms
Execution 61 - TLS Single
s_connection: verify depth is 1
Handshake duration: 310.61 ms
Execution 62 - TLS Single
s_connection: verify depth is 1
Handshake duration: 462.45 ms
Execution 63 - TLS Single
s_connection: verify depth is 1
Handshake duration: 584.48 ms
Execution 64 - TLS Single
s_connection: verify depth is 1
Handshake duration: 798.98 ms
Execution 65 - TLS Single
s_connection: verify depth is 1
Handshake duration: 366.53 ms
Execution 66 - TLS Single
s_connection: verify depth is 1
Handshake duration: 335.78 ms
Execution 67 - TLS Single
s_connection: verify depth is 1
Handshake duration: 355.96 ms
Execution 68 - TLS Single
s_connection: verify depth is 1
Handshake duration: 332.34 ms
Execution 69 - TLS Single
s_connection: verify depth is 1
Handshake duration: 337.46 ms
Execution 70 - TLS Single
s_connection: verify depth is 1
Handshake duration: 361.37 ms
Execution 71 - TLS Single
s_connection: verify depth is 1
Handshake duration: 361.72 ms
Execution 72 - TLS Single
s_connection: verify depth is 1
Handshake duration: 337.14 ms
Execution 73 - TLS Single
s_connection: verify depth is 1
Handshake duration: 337.22 ms
Execution 74 - TLS Single
s_connection: verify depth is 1
Handshake duration: 336.88 ms
Execution 75 - TLS Single
s_connection: verify depth is 1
Handshake duration: 333.80 ms
Execution 76 - TLS Single
s_connection: verify depth is 1
Handshake duration: 335.80 ms
Execution 77 - TLS Single
s_connection: verify depth is 1
Handshake duration: 312.12 ms
Execution 78 - TLS Single
s_connection: verify depth is 1
Handshake duration: 366.91 ms
Execution 79 - TLS Single
s_connection: verify depth is 1
Handshake duration: 331.61 ms
Execution 80 - TLS Single
s_connection: verify depth is 1
Handshake duration: 362.78 ms
Execution 81 - TLS Single
s_connection: verify depth is 1
Handshake duration: 361.34 ms
Execution 82 - TLS Single
s_connection: verify depth is 1
Handshake duration: 340.06 ms
Execution 83 - TLS Single
s_connection: verify depth is 1
Handshake duration: 335.81 ms
Execution 84 - TLS Single
s_connection: verify depth is 1
Handshake duration: 361.08 ms
Execution 85 - TLS Single
s_connection: verify depth is 1
Handshake duration: 329.27 ms
Execution 86 - TLS Single
s_connection: verify depth is 1
Handshake duration: 356.45 ms
Execution 87 - TLS Single
s_connection: verify depth is 1
Handshake duration: 362.15 ms
Execution 88 - TLS Single
s_connection: verify depth is 1
Handshake duration: 335.70 ms
Execution 89 - TLS Single
s_connection: verify depth is 1
Handshake duration: 363.70 ms
Execution 90 - TLS Single
s_connection: verify depth is 1
Handshake duration: 358.34 ms
Execution 91 - TLS Single
s_connection: verify depth is 1
Handshake duration: 363.38 ms
Execution 92 - TLS Single
s_connection: verify depth is 1
Handshake duration: 337.94 ms
Execution 93 - TLS Single
s_connection: verify depth is 1
Handshake duration: 335.85 ms
Execution 94 - TLS Single
s_connection: verify depth is 1
Handshake duration: 338.34 ms
Execution 95 - TLS Single
s_connection: verify depth is 1
Handshake duration: 364.15 ms
Execution 96 - TLS Single
s_connection: verify depth is 1
Handshake duration: 365.34 ms
Execution 97 - TLS Single
s_connection: verify depth is 1
Handshake duration: 347.37 ms
Execution 98 - TLS Single
s_connection: verify depth is 1
Handshake duration: 463.35 ms
Execution 99 - TLS Single
s_connection: verify depth is 1
Handshake duration: 362.66 ms
Execution 100 - TLS Single
s_connection: verify depth is 1
Handshake duration: 341.01 ms
Execution 101 - TLS Single
s_connection: verify depth is 1
Handshake duration: 339.93 ms
Execution 102 - TLS Single
s_connection: verify depth is 1
Handshake duration: 335.38 ms
Execution 103 - TLS Single
s_connection: verify depth is 1
Handshake duration: 364.40 ms
Execution 104 - TLS Single
s_connection: verify depth is 1
Handshake duration: 497.00 ms
Execution 105 - TLS Single
s_connection: verify depth is 1
Handshake duration: 337.19 ms
Execution 106 - TLS Single
s_connection: verify depth is 1
Handshake duration: 352.65 ms
Execution 107 - TLS Single
s_connection: verify depth is 1
Handshake duration: 361.24 ms
Execution 108 - TLS Single
s_connection: verify depth is 1
Handshake duration: 363.69 ms
Execution 109 - TLS Single
s_connection: verify depth is 1
Handshake duration: 336.10 ms
Execution 110 - TLS Single
s_connection: verify depth is 1
Handshake duration: 354.68 ms
Execution 111 - TLS Single
s_connection: verify depth is 1
Handshake duration: 333.83 ms
Execution 112 - TLS Single
s_connection: verify depth is 1
Handshake duration: 359.57 ms
Execution 113 - TLS Single
s_connection: verify depth is 1
Handshake duration: 340.67 ms
Execution 114 - TLS Single
s_connection: verify depth is 1
Handshake duration: 361.58 ms
Execution 115 - TLS Single
s_connection: verify depth is 1
Handshake duration: 336.98 ms
Execution 116 - TLS Single
s_connection: verify depth is 1
Handshake duration: 340.30 ms
Execution 117 - TLS Single
s_connection: verify depth is 1
Handshake duration: 337.31 ms
Execution 118 - TLS Single
s_connection: verify depth is 1
Handshake duration: 336.94 ms
Execution 119 - TLS Single
s_connection: verify depth is 1
Handshake duration: 359.74 ms
Execution 120 - TLS Single
s_connection: verify depth is 1
Handshake duration: 335.15 ms
Execution 121 - TLS Single
s_connection: verify depth is 1
Handshake duration: 462.37 ms
Execution 122 - TLS Single
s_connection: verify depth is 1
Handshake duration: 462.24 ms
Execution 123 - TLS Single
s_connection: verify depth is 1
Handshake duration: 353.69 ms
Execution 124 - TLS Single
s_connection: verify depth is 1
Handshake duration: 339.33 ms
Execution 125 - TLS Single
s_connection: verify depth is 1
Handshake duration: 333.30 ms
