Handshake timeout budget: 150s (identique TLS/QUIC)
Applying netem rules to lo...
Showing qdisc status for the interface: lo
qdisc netem 8f3f: root refcnt 2 limit 1000 seed 16407137346318415454
 Sent 0 bytes 0 pkt (dropped 0, overlimits 0 requeues 0) 
 backlog 0b 0p requeues 0
Running ./perftestClientTlsQuic.sh with SIG_ALG=mldsa44 and KEM_ALG=p256_hqc128
Execution 1 - TLS Single
s_connection: verify depth is 1
Handshake duration: 429.35 ms
Execution 2 - TLS Single
s_connection: verify depth is 1
Handshake duration: 315.24 ms
Execution 3 - TLS Single
s_connection: verify depth is 1
Handshake duration: 295.29 ms
Execution 4 - TLS Single
s_connection: verify depth is 1
Handshake duration: 317.18 ms
Execution 5 - TLS Single
s_connection: verify depth is 1
Handshake duration: 295.35 ms
Execution 6 - TLS Single
s_connection: verify depth is 1
Handshake duration: 780.68 ms
Execution 7 - TLS Single
s_connection: verify depth is 1
Handshake duration: 397.85 ms
Execution 8 - TLS Single
s_connection: verify depth is 1
Handshake duration: 316.15 ms
Execution 9 - TLS Single
s_connection: verify depth is 1
Handshake duration: 430.33 ms
Execution 10 - TLS Single
s_connection: verify depth is 1
Handshake duration: 319.08 ms
Execution 11 - TLS Single
s_connection: verify depth is 1
Handshake duration: 321.38 ms
Execution 12 - TLS Single
s_connection: verify depth is 1
Handshake duration: 307.29 ms
Execution 13 - TLS Single
s_connection: verify depth is 1
Handshake duration: 296.33 ms
Execution 14 - TLS Single
s_connection: verify depth is 1
Handshake duration: 315.86 ms
Execution 15 - TLS Single
s_connection: verify depth is 1
Handshake duration: 301.69 ms
Execution 16 - TLS Single
s_connection: verify depth is 1
Handshake duration: 297.03 ms
Execution 17 - TLS Single
s_connection: verify depth is 1
Handshake duration: 426.29 ms
Execution 18 - TLS Single
s_connection: verify depth is 1
Handshake duration: 424.21 ms
Execution 19 - TLS Single
s_connection: verify depth is 1
Handshake duration: 432.05 ms
Execution 20 - TLS Single
s_connection: verify depth is 1
Handshake duration: 322.74 ms
Execution 21 - TLS Single
s_connection: verify depth is 1
Handshake duration: 318.47 ms
Execution 22 - TLS Single
s_connection: verify depth is 1
Handshake duration: 313.81 ms
Execution 23 - TLS Single
s_connection: verify depth is 1
Handshake duration: 300.06 ms
Execution 24 - TLS Single
s_connection: verify depth is 1
Handshake duration: 283.92 ms
Execution 25 - TLS Single
s_connection: verify depth is 1
Handshake duration: 303.10 ms
Execution 26 - TLS Single
s_connection: verify depth is 1
Handshake duration: 300.77 ms
Execution 27 - TLS Single
s_connection: verify depth is 1
Handshake duration: 314.54 ms
Execution 28 - TLS Single
s_connection: verify depth is 1
Handshake duration: 314.95 ms
Execution 29 - TLS Single
s_connection: verify depth is 1
Handshake duration: 314.30 ms
Execution 30 - TLS Single
s_connection: verify depth is 1
Handshake duration: 305.37 ms
Execution 31 - TLS Single
s_connection: verify depth is 1
Handshake duration: 296.54 ms
Execution 32 - TLS Single
s_connection: verify depth is 1
Handshake duration: 307.54 ms
Execution 33 - TLS Single
s_connection: verify depth is 1
Handshake duration: 301.75 ms
Execution 34 - TLS Single
s_connection: verify depth is 1
Handshake duration: 283.28 ms
Execution 35 - TLS Single
s_connection: verify depth is 1
Handshake duration: 315.34 ms
Execution 36 - TLS Single
s_connection: verify depth is 1
Handshake duration: 315.13 ms
Execution 37 - TLS Single
s_connection: verify depth is 1
Handshake duration: 300.96 ms
Execution 38 - TLS Single
s_connection: verify depth is 1
Handshake duration: 314.50 ms
Execution 39 - TLS Single
s_connection: verify depth is 1
Handshake duration: 297.50 ms
Execution 40 - TLS Single
s_connection: verify depth is 1
Handshake duration: 315.02 ms
Execution 41 - TLS Single
s_connection: verify depth is 1
Handshake duration: 288.78 ms
Execution 42 - TLS Single
s_connection: verify depth is 1
Handshake duration: 314.33 ms
Execution 43 - TLS Single
s_connection: verify depth is 1
Handshake duration: 301.87 ms
Execution 44 - TLS Single
s_connection: verify depth is 1
Handshake duration: 314.64 ms
Execution 45 - TLS Single
s_connection: verify depth is 1
Handshake duration: 314.12 ms
Execution 46 - TLS Single
s_connection: verify depth is 1
Handshake duration: 300.55 ms
Execution 47 - TLS Single
s_connection: verify depth is 1
Handshake duration: 296.73 ms
Execution 48 - TLS Single
s_connection: verify depth is 1
Handshake duration: 299.68 ms
Execution 49 - TLS Single
s_connection: verify depth is 1
Handshake duration: 298.31 ms
Execution 50 - TLS Single
s_connection: verify depth is 1
Handshake duration: 314.93 ms
Execution 51 - TLS Single
s_connection: verify depth is 1
Handshake duration: 300.46 ms
Execution 52 - TLS Single
s_connection: verify depth is 1
Handshake duration: 314.26 ms
Execution 53 - TLS Single
s_connection: verify depth is 1
Handshake duration: 312.14 ms
Execution 54 - TLS Single
s_connection: verify depth is 1
Handshake duration: 283.43 ms
Execution 55 - TLS Single
s_connection: verify depth is 1
Handshake duration: 300.97 ms
Execution 56 - TLS Single
s_connection: verify depth is 1
Handshake duration: 315.14 ms
Execution 57 - TLS Single
s_connection: verify depth is 1
Handshake duration: 297.71 ms
Execution 58 - TLS Single
s_connection: verify depth is 1
Handshake duration: 314.93 ms
Execution 59 - TLS Single
s_connection: verify depth is 1
Handshake duration: 315.33 ms
Execution 60 - TLS Single
s_connection: verify depth is 1
Handshake duration: 410.42 ms
Execution 61 - TLS Single
s_connection: verify depth is 1
Handshake duration: 288.30 ms
Execution 62 - TLS Single
s_connection: verify depth is 1
Handshake duration: 314.86 ms
Execution 63 - TLS Single
s_connection: verify depth is 1
Handshake duration: 322.52 ms
Execution 64 - TLS Single
s_connection: verify depth is 1
Handshake duration: 284.29 ms
Execution 65 - TLS Single
s_connection: verify depth is 1
Handshake duration: 314.32 ms
Execution 66 - TLS Single
s_connection: verify depth is 1
Handshake duration: 318.73 ms
Execution 67 - TLS Single
s_connection: verify depth is 1
Handshake duration: 314.30 ms
Execution 68 - TLS Single
s_connection: verify depth is 1
Handshake duration: 297.67 ms
Execution 69 - TLS Single
s_connection: verify depth is 1
Handshake duration: 314.66 ms
Execution 70 - TLS Single
s_connection: verify depth is 1
Handshake duration: 291.98 ms
Execution 71 - TLS Single
s_connection: verify depth is 1
Handshake duration: 314.43 ms
Execution 72 - TLS Single
s_connection: verify depth is 1
Handshake duration: 301.12 ms
Execution 73 - TLS Single
s_connection: verify depth is 1
Handshake duration: 432.11 ms
Execution 74 - TLS Single
s_connection: verify depth is 1
Handshake duration: 294.51 ms
Execution 75 - TLS Single
s_connection: verify depth is 1
Handshake duration: 277.92 ms
Execution 76 - TLS Single
s_connection: verify depth is 1
Handshake duration: 297.51 ms
Execution 77 - TLS Single
s_connection: verify depth is 1
Handshake duration: 316.57 ms
Execution 78 - TLS Single
s_connection: verify depth is 1
Handshake duration: 277.56 ms
Execution 79 - TLS Single
s_connection: verify depth is 1
Handshake duration: 315.13 ms
Execution 80 - TLS Single
s_connection: verify depth is 1
Handshake duration: 313.49 ms
Execution 81 - TLS Single
s_connection: verify depth is 1
Handshake duration: 300.89 ms
Execution 82 - TLS Single
s_connection: verify depth is 1
Handshake duration: 410.77 ms
Execution 83 - TLS Single
s_connection: verify depth is 1
Handshake duration: 286.39 ms
Execution 84 - TLS Single
s_connection: verify depth is 1
Handshake duration: 313.72 ms
Execution 85 - TLS Single
s_connection: verify depth is 1
Handshake duration: 303.48 ms
Execution 86 - TLS Single
s_connection: verify depth is 1
Handshake duration: 313.94 ms
Execution 87 - TLS Single
s_connection: verify depth is 1
Handshake duration: 286.29 ms
Execution 88 - TLS Single
s_connection: verify depth is 1
Handshake duration: 298.19 ms
Execution 89 - TLS Single
s_connection: verify depth is 1
Handshake duration: 301.71 ms
Execution 90 - TLS Single
s_connection: verify depth is 1
Handshake duration: 301.92 ms
Execution 91 - TLS Single
s_connection: verify depth is 1
Handshake duration: 314.16 ms
Execution 92 - TLS Single
s_connection: verify depth is 1
Handshake duration: 319.14 ms
Execution 93 - TLS Single
s_connection: verify depth is 1
Handshake duration: 286.25 ms
Execution 94 - TLS Single
s_connection: verify depth is 1
Handshake duration: 315.29 ms
Execution 95 - TLS Single
s_connection: verify depth is 1
Handshake duration: 313.23 ms
Execution 96 - TLS Single
s_connection: verify depth is 1
Handshake duration: 314.07 ms
Execution 97 - TLS Single
s_connection: verify depth is 1
Handshake duration: 300.30 ms
Execution 98 - TLS Single
s_connection: verify depth is 1
Handshake duration: 297.62 ms
Execution 99 - TLS Single
s_connection: verify depth is 1
Handshake duration: 300.25 ms
Execution 100 - TLS Single
s_connection: verify depth is 1
Handshake duration: 314.48 ms
Execution 101 - TLS Single
s_connection: verify depth is 1
Handshake duration: 299.31 ms
Execution 102 - TLS Single
s_connection: verify depth is 1
Handshake duration: 316.07 ms
Execution 103 - TLS Single
s_connection: verify depth is 1
Handshake duration: 314.13 ms
Execution 104 - TLS Single
s_connection: verify depth is 1
Handshake duration: 300.57 ms
Execution 105 - TLS Single
s_connection: verify depth is 1
Handshake duration: 296.27 ms
Execution 106 - TLS Single
s_connection: verify depth is 1
Handshake duration: 301.11 ms
Execution 107 - TLS Single
s_connection: verify depth is 1
Handshake duration: 300.90 ms
Execution 108 - TLS Single
s_connection: verify depth is 1
Handshake duration: 280.42 ms
Execution 109 - TLS Single
s_connection: verify depth is 1
Handshake duration: 445.62 ms
Execution 110 - TLS Single
s_connection: verify depth is 1
Handshake duration: 319.73 ms
Execution 111 - TLS Single
s_connection: verify depth is 1
Handshake duration: 409.62 ms
Execution 112 - TLS Single
s_connection: verify depth is 1
Handshake duration: 300.92 ms
Execution 113 - TLS Single
s_connection: verify depth is 1
Handshake duration: 300.01 ms
Execution 114 - TLS Single
s_connection: verify depth is 1
Handshake duration: 314.57 ms
Execution 115 - TLS Single
s_connection: verify depth is 1
Handshake duration: 319.25 ms
Execution 116 - TLS Single
s_connection: verify depth is 1
Handshake duration: 301.22 ms
Execution 117 - TLS Single
s_connection: verify depth is 1
Handshake duration: 1165.50 ms
Execution 118 - TLS Single
s_connection: verify depth is 1
Handshake duration: 314.62 ms
Execution 119 - TLS Single
s_connection: verify depth is 1
Handshake duration: 315.44 ms
Execution 120 - TLS Single
s_connection: verify depth is 1
Handshake duration: 313.78 ms
Execution 121 - TLS Single
s_connection: verify depth is 1
Handshake duration: 314.80 ms
Execution 122 - TLS Single
s_connection: verify depth is 1
Handshake duration: 303.23 ms
Execution 123 - TLS Single
s_connection: verify depth is 1
Handshake duration: 314.19 ms
Execution 124 - TLS Single
s_connection: verify depth is 1
Handshake duration: 314.68 ms
Execution 125 - TLS Single
s_connection: verify depth is 1
Handshake duration: 301.60 ms
