Handshake timeout budget: 150s (identique TLS/QUIC)
Applying netem rules to lo...
Showing qdisc status for the interface: lo
qdisc netem 822b: root refcnt 2 limit 1000 seed 572724041081765843
 Sent 0 bytes 0 pkt (dropped 0, overlimits 0 requeues 0) 
 backlog 0b 0p requeues 0
Running ./perftestClientTlsQuic.sh with SIG_ALG=mldsa87 and KEM_ALG=p521_mlkem1024
Execution 1 - TLS Single
s_connection: verify depth is 1
Handshake duration: 515.40 ms
Execution 2 - TLS Single
s_connection: verify depth is 1
Handshake duration: 393.43 ms
Execution 3 - TLS Single
s_connection: verify depth is 1
Handshake duration: 394.96 ms
Execution 4 - TLS Single
s_connection: verify depth is 1
Handshake duration: 390.63 ms
Execution 5 - TLS Single
s_connection: verify depth is 1
Handshake duration: 392.37 ms
Execution 6 - TLS Single
s_connection: verify depth is 1
Handshake duration: 389.97 ms
Execution 7 - TLS Single
s_connection: verify depth is 1
Handshake duration: 390.88 ms
Execution 8 - TLS Single
s_connection: verify depth is 1
Handshake duration: 389.97 ms
Execution 9 - TLS Single
s_connection: verify depth is 1
Handshake duration: 398.42 ms
Execution 10 - TLS Single
s_connection: verify depth is 1
Handshake duration: 390.42 ms
Execution 11 - TLS Single
s_connection: verify depth is 1
Handshake duration: 390.84 ms
Execution 12 - TLS Single
s_connection: verify depth is 1
Handshake duration: 387.46 ms
Execution 13 - TLS Single
s_connection: verify depth is 1
Handshake duration: 392.25 ms
Execution 14 - TLS Single
s_connection: verify depth is 1
Handshake duration: 391.87 ms
Execution 15 - TLS Single
s_connection: verify depth is 1
Handshake duration: 389.86 ms
Execution 16 - TLS Single
s_connection: verify depth is 1
Handshake duration: 393.04 ms
Execution 17 - TLS Single
s_connection: verify depth is 1
Handshake duration: 390.82 ms
Execution 18 - TLS Single
s_connection: verify depth is 1
Handshake duration: 387.57 ms
Execution 19 - TLS Single
s_connection: verify depth is 1
Handshake duration: 390.12 ms
Execution 20 - TLS Single
s_connection: verify depth is 1
Handshake duration: 392.14 ms
Execution 21 - TLS Single
s_connection: verify depth is 1
Handshake duration: 388.87 ms
Execution 22 - TLS Single
s_connection: verify depth is 1
Handshake duration: 1434.89 ms
Execution 23 - TLS Single
s_connection: verify depth is 1
Handshake duration: 390.70 ms
Execution 24 - TLS Single
s_connection: verify depth is 1
Handshake duration: 390.06 ms
Execution 25 - TLS Single
s_connection: verify depth is 1
Handshake duration: 391.21 ms
Execution 26 - TLS Single
s_connection: verify depth is 1
Handshake duration: 389.97 ms
Execution 27 - TLS Single
s_connection: verify depth is 1
Handshake duration: 396.89 ms
Execution 28 - TLS Single
s_connection: verify depth is 1
Handshake duration: 392.97 ms
Execution 29 - TLS Single
s_connection: verify depth is 1
Handshake duration: 513.21 ms
Execution 30 - TLS Single
s_connection: verify depth is 1
Handshake duration: 399.58 ms
Execution 31 - TLS Single
s_connection: verify depth is 1
Handshake duration: 392.06 ms
Execution 32 - TLS Single
s_connection: verify depth is 1
Handshake duration: 392.54 ms
Execution 33 - TLS Single
s_connection: verify depth is 1
Handshake duration: 389.87 ms
Execution 34 - TLS Single
s_connection: verify depth is 1
Handshake duration: 391.83 ms
Execution 35 - TLS Single
s_connection: verify depth is 1
Handshake duration: 393.66 ms
Execution 36 - TLS Single
s_connection: verify depth is 1
Handshake duration: 390.13 ms
Execution 37 - TLS Single
s_connection: verify depth is 1
Handshake duration: 393.31 ms
Execution 38 - TLS Single
s_connection: verify depth is 1
Handshake duration: 387.02 ms
Execution 39 - TLS Single
s_connection: verify depth is 1
Handshake duration: 390.43 ms
Execution 40 - TLS Single
s_connection: verify depth is 1
Handshake duration: 390.17 ms
Execution 41 - TLS Single
s_connection: verify depth is 1
Handshake duration: 387.59 ms
Execution 42 - TLS Single
s_connection: verify depth is 1
Handshake duration: 393.85 ms
Execution 43 - TLS Single
s_connection: verify depth is 1
Handshake duration: 388.39 ms
Execution 44 - TLS Single
s_connection: verify depth is 1
Handshake duration: 393.06 ms
Execution 45 - TLS Single
s_connection: verify depth is 1
Handshake duration: 389.81 ms
Execution 46 - TLS Single
s_connection: verify depth is 1
Handshake duration: 514.36 ms
Execution 47 - TLS Single
s_connection: verify depth is 1
Handshake duration: 518.60 ms
Execution 48 - TLS Single
s_connection: verify depth is 1
Handshake duration: 393.28 ms
Execution 49 - TLS Single
s_connection: verify depth is 1
Handshake duration: 389.71 ms
Execution 50 - TLS Single
s_connection: verify depth is 1
Handshake duration: 390.51 ms
Execution 51 - TLS Single
s_connection: verify depth is 1
Handshake duration: 389.47 ms
Execution 52 - TLS Single
s_connection: verify depth is 1
Handshake duration: 389.72 ms
Execution 53 - TLS Single
s_connection: verify depth is 1
Handshake duration: 389.33 ms
Execution 54 - TLS Single
s_connection: verify depth is 1
Handshake duration: 388.71 ms
Execution 55 - TLS Single
s_connection: verify depth is 1
Handshake duration: 392.54 ms
Execution 56 - TLS Single
s_connection: verify depth is 1
Handshake duration: 390.13 ms
Execution 57 - TLS Single
s_connection: verify depth is 1
Handshake duration: 390.56 ms
Execution 58 - TLS Single
s_connection: verify depth is 1
Handshake duration: 390.12 ms
Execution 59 - TLS Single
s_connection: verify depth is 1
Handshake duration: 391.36 ms
Execution 60 - TLS Single
s_connection: verify depth is 1
Handshake duration: 517.10 ms
Execution 61 - TLS Single
s_connection: verify depth is 1
Handshake duration: 388.22 ms
Execution 62 - TLS Single
s_connection: verify depth is 1
Handshake duration: 393.14 ms
Execution 63 - TLS Single
s_connection: verify depth is 1
Handshake duration: 392.63 ms
Execution 64 - TLS Single
s_connection: verify depth is 1
Handshake duration: 770.09 ms
Execution 65 - TLS Single
s_connection: verify depth is 1
Handshake duration: 392.15 ms
Execution 66 - TLS Single
s_connection: verify depth is 1
Handshake duration: 394.00 ms
Execution 67 - TLS Single
s_connection: verify depth is 1
Handshake duration: 397.04 ms
Execution 68 - TLS Single
s_connection: verify depth is 1
Handshake duration: 389.18 ms
Execution 69 - TLS Single
s_connection: verify depth is 1
Handshake duration: 389.85 ms
Execution 70 - TLS Single
s_connection: verify depth is 1
Handshake duration: 390.14 ms
Execution 71 - TLS Single
s_connection: verify depth is 1
Handshake duration: 399.40 ms
Execution 72 - TLS Single
s_connection: verify depth is 1
Handshake duration: 388.89 ms
Execution 73 - TLS Single
s_connection: verify depth is 1
Handshake duration: 391.58 ms
Execution 74 - TLS Single
s_connection: verify depth is 1
Handshake duration: 389.72 ms
Execution 75 - TLS Single
s_connection: verify depth is 1
Handshake duration: 391.59 ms
Execution 76 - TLS Single
s_connection: verify depth is 1
Handshake duration: 390.72 ms
Execution 77 - TLS Single
s_connection: verify depth is 1
Handshake duration: 389.42 ms
Execution 78 - TLS Single
s_connection: verify depth is 1
Handshake duration: 391.98 ms
Execution 79 - TLS Single
s_connection: verify depth is 1
Handshake duration: 387.73 ms
Execution 80 - TLS Single
s_connection: verify depth is 1
Handshake duration: 393.63 ms
Execution 81 - TLS Single
s_connection: verify depth is 1
Handshake duration: 392.12 ms
Execution 82 - TLS Single
s_connection: verify depth is 1
Handshake duration: 389.54 ms
Execution 83 - TLS Single
s_connection: verify depth is 1
Handshake duration: 389.34 ms
Execution 84 - TLS Single
s_connection: verify depth is 1
Handshake duration: 389.28 ms
Execution 85 - TLS Single
s_connection: verify depth is 1
Handshake duration: 392.82 ms
Execution 86 - TLS Single
s_connection: verify depth is 1
Handshake duration: 390.86 ms
Execution 87 - TLS Single
s_connection: verify depth is 1
Handshake duration: 390.34 ms
Execution 88 - TLS Single
s_connection: verify depth is 1
Handshake duration: 391.30 ms
Execution 89 - TLS Single
s_connection: verify depth is 1
Handshake duration: 394.86 ms
Execution 90 - TLS Single
s_connection: verify depth is 1
Handshake duration: 390.12 ms
Execution 91 - TLS Single
s_connection: verify depth is 1
Handshake duration: 390.20 ms
Execution 92 - TLS Single
s_connection: verify depth is 1
Handshake duration: 390.24 ms
Execution 93 - TLS Single
s_connection: verify depth is 1
Handshake duration: 391.32 ms
Execution 94 - TLS Single
s_connection: verify depth is 1
Handshake duration: 387.24 ms
Execution 95 - TLS Single
s_connection: verify depth is 1
Handshake duration: 392.55 ms
Execution 96 - TLS Single
s_connection: verify depth is 1
Handshake duration: 388.07 ms
Execution 97 - TLS Single
s_connection: verify depth is 1
Handshake duration: 392.29 ms
Execution 98 - TLS Single
s_connection: verify depth is 1
Handshake duration: 388.05 ms
Execution 99 - TLS Single
s_connection: verify depth is 1
Handshake duration: 392.95 ms
Execution 100 - TLS Single
s_connection: verify depth is 1
Handshake duration: 390.45 ms
Execution 101 - TLS Single
s_connection: verify depth is 1
Handshake duration: 390.10 ms
Execution 102 - TLS Single
s_connection: verify depth is 1
Handshake duration: 390.63 ms
Execution 103 - TLS Single
s_connection: verify depth is 1
Handshake duration: 390.73 ms
Execution 104 - TLS Single
s_connection: verify depth is 1
Handshake duration: 383.85 ms
Execution 105 - TLS Single
s_connection: verify depth is 1
Handshake duration: 388.79 ms
Execution 106 - TLS Single
s_connection: verify depth is 1
Handshake duration: 392.35 ms
Execution 107 - TLS Single
s_connection: verify depth is 1
Handshake duration: 387.18 ms
Execution 108 - TLS Single
s_connection: verify depth is 1
Handshake duration: 389.74 ms
Execution 109 - TLS Single
s_connection: verify depth is 1
Handshake duration: 387.39 ms
Execution 110 - TLS Single
s_connection: verify depth is 1
Handshake duration: 390.12 ms
Execution 111 - TLS Single
s_connection: verify depth is 1
Handshake duration: 389.87 ms
Execution 112 - TLS Single
s_connection: verify depth is 1
Handshake duration: 394.27 ms
Execution 113 - TLS Single
s_connection: verify depth is 1
Handshake duration: 389.80 ms
Execution 114 - TLS Single
s_connection: verify depth is 1
Handshake duration: 386.71 ms
Execution 115 - TLS Single
s_connection: verify depth is 1
Handshake duration: 389.70 ms
Execution 116 - TLS Single
s_connection: verify depth is 1
Handshake duration: 389.93 ms
Execution 117 - TLS Single
s_connection: verify depth is 1
Handshake duration: 391.96 ms
Execution 118 - TLS Single
s_connection: verify depth is 1
Handshake duration: 389.65 ms
Execution 119 - TLS Single
s_connection: verify depth is 1
Handshake duration: 390.50 ms
Execution 120 - TLS Single
s_connection: verify depth is 1
Handshake duration: 389.81 ms
Execution 121 - TLS Single
s_connection: verify depth is 1
Handshake duration: 390.34 ms
Execution 122 - TLS Single
s_connection: verify depth is 1
Handshake duration: 392.05 ms
Execution 123 - TLS Single
s_connection: verify depth is 1
Handshake duration: 389.01 ms
Execution 124 - TLS Single
s_connection: verify depth is 1
Handshake duration: 387.50 ms
Execution 125 - TLS Single
s_connection: verify depth is 1
Handshake duration: 390.11 ms
