Handshake timeout budget: 150s (identique TLS/QUIC)
Applying netem rules to lo...
Showing qdisc status for the interface: lo
qdisc netem 979d: root refcnt 2 limit 1000 seed 16089050195215839778
 Sent 0 bytes 0 pkt (dropped 0, overlimits 0 requeues 0) 
 backlog 0b 0p requeues 0
Running ./perftestClientTlsQuic.sh with SIG_ALG=mldsa44 and KEM_ALG=p256_hqc128
Execution 1 - TLS Single
s_connection: verify depth is 1
Handshake duration: 433.37 ms
Execution 2 - TLS Single
s_connection: verify depth is 1
Handshake duration: 317.26 ms
Execution 3 - TLS Single
s_connection: verify depth is 1
Handshake duration: 315.98 ms
Execution 4 - TLS Single
s_connection: verify depth is 1
Handshake duration: 311.54 ms
Execution 5 - TLS Single
s_connection: verify depth is 1
Handshake duration: 300.95 ms
Execution 6 - TLS Single
s_connection: verify depth is 1
Handshake duration: 303.18 ms
Execution 7 - TLS Single
s_connection: verify depth is 1
Handshake duration: 320.68 ms
Execution 8 - TLS Single
s_connection: verify depth is 1
Handshake duration: 315.77 ms
Execution 9 - TLS Single
s_connection: verify depth is 1
Handshake duration: 321.97 ms
Execution 10 - TLS Single
s_connection: verify depth is 1
Handshake duration: 316.91 ms
Execution 11 - TLS Single
s_connection: verify depth is 1
Handshake duration: 303.10 ms
Execution 12 - TLS Single
s_connection: verify depth is 1
Handshake duration: 297.05 ms
Execution 13 - TLS Single
s_connection: verify depth is 1
Handshake duration: 324.22 ms
Execution 14 - TLS Single
s_connection: verify depth is 1
Handshake duration: 304.86 ms
Execution 15 - TLS Single
s_connection: verify depth is 1
Handshake duration: 303.96 ms
Execution 16 - TLS Single
s_connection: verify depth is 1
Handshake duration: 321.50 ms
Execution 17 - TLS Single
s_connection: verify depth is 1
Handshake duration: 306.20 ms
Execution 18 - TLS Single
s_connection: verify depth is 1
Handshake duration: 320.53 ms
Execution 19 - TLS Single
s_connection: verify depth is 1
Handshake duration: 448.63 ms
Execution 20 - TLS Single
s_connection: verify depth is 1
Handshake duration: 779.96 ms
Execution 21 - TLS Single
s_connection: verify depth is 1
Handshake duration: 305.98 ms
Execution 22 - TLS Single
s_connection: verify depth is 1
Handshake duration: 314.95 ms
Execution 23 - TLS Single
s_connection: verify depth is 1
Handshake duration: 318.37 ms
Execution 24 - TLS Single
s_connection: verify depth is 1
Handshake duration: 305.31 ms
Execution 25 - TLS Single
s_connection: verify depth is 1
Handshake duration: 295.42 ms
Execution 26 - TLS Single
s_connection: verify depth is 1
Handshake duration: 320.79 ms
Execution 27 - TLS Single
s_connection: verify depth is 1
Handshake duration: 416.38 ms
Execution 28 - TLS Single
s_connection: verify depth is 1
Handshake duration: 318.77 ms
Execution 29 - TLS Single
s_connection: verify depth is 1
Handshake duration: 321.23 ms
Execution 30 - TLS Single
s_connection: verify depth is 1
Handshake duration: 319.16 ms
Execution 31 - TLS Single
s_connection: verify depth is 1
Handshake duration: 321.88 ms
Execution 32 - TLS Single
s_connection: verify depth is 1
Handshake duration: 307.67 ms
Execution 33 - TLS Single
s_connection: verify depth is 1
Handshake duration: 303.71 ms
Execution 34 - TLS Single
s_connection: verify depth is 1
Handshake duration: 317.67 ms
Execution 35 - TLS Single
s_connection: verify depth is 1
Handshake duration: 1345.20 ms
Execution 36 - TLS Single
s_connection: verify depth is 1
Handshake duration: 285.66 ms
Execution 37 - TLS Single
s_connection: verify depth is 1
Handshake duration: 315.81 ms
Execution 38 - TLS Single
s_connection: verify depth is 1
Handshake duration: 301.80 ms
Execution 39 - TLS Single
s_connection: verify depth is 1
Handshake duration: 318.86 ms
Execution 40 - TLS Single
s_connection: verify depth is 1
Handshake duration: 569.57 ms
Execution 41 - TLS Single
s_connection: verify depth is 1
Handshake duration: 283.99 ms
Execution 42 - TLS Single
s_connection: verify depth is 1
Handshake duration: 303.62 ms
Execution 43 - TLS Single
s_connection: verify depth is 1
Handshake duration: 320.25 ms
Execution 44 - TLS Single
s_connection: verify depth is 1
Handshake duration: 294.79 ms
Execution 45 - TLS Single
s_connection: verify depth is 1
Handshake duration: 319.73 ms
Execution 46 - TLS Single
s_connection: verify depth is 1
Handshake duration: 449.35 ms
Execution 47 - TLS Single
s_connection: verify depth is 1
Handshake duration: 318.27 ms
Execution 48 - TLS Single
s_connection: verify depth is 1
Handshake duration: 299.40 ms
Execution 49 - TLS Single
s_connection: verify depth is 1
Handshake duration: 320.56 ms
Execution 50 - TLS Single
s_connection: verify depth is 1
Handshake duration: 284.76 ms
Execution 51 - TLS Single
s_connection: verify depth is 1
Handshake duration: 318.65 ms
Execution 52 - TLS Single
s_connection: verify depth is 1
Handshake duration: 303.34 ms
Execution 53 - TLS Single
s_connection: verify depth is 1
Handshake duration: 301.48 ms
Execution 54 - TLS Single
s_connection: verify depth is 1
Handshake duration: 322.11 ms
Execution 55 - TLS Single
s_connection: verify depth is 1
Handshake duration: 303.76 ms
Execution 56 - TLS Single
s_connection: verify depth is 1
Handshake duration: 801.52 ms
Execution 57 - TLS Single
s_connection: verify depth is 1
Handshake duration: 794.58 ms
Execution 58 - TLS Single
s_connection: verify depth is 1
Handshake duration: 303.65 ms
Execution 59 - TLS Single
s_connection: verify depth is 1
Handshake duration: 298.42 ms
Execution 60 - TLS Single
s_connection: verify depth is 1
Handshake duration: 302.89 ms
Execution 61 - TLS Single
s_connection: verify depth is 1
Handshake duration: 318.00 ms
Execution 62 - TLS Single
s_connection: verify depth is 1
Handshake duration: 302.43 ms
Execution 63 - TLS Single
s_connection: verify depth is 1
Handshake duration: 320.66 ms
Execution 64 - TLS Single
s_connection: verify depth is 1
Handshake duration: 299.65 ms
Execution 65 - TLS Single
s_connection: verify depth is 1
Handshake duration: 318.08 ms
Execution 66 - TLS Single
s_connection: verify depth is 1
Handshake duration: 289.49 ms
Execution 67 - TLS Single
s_connection: verify depth is 1
Handshake duration: 321.12 ms
Execution 68 - TLS Single
s_connection: verify depth is 1
Handshake duration: 295.14 ms
Execution 69 - TLS Single
s_connection: verify depth is 1
Handshake duration: 302.04 ms
Execution 70 - TLS Single
s_connection: verify depth is 1
Handshake duration: 323.34 ms
Execution 71 - TLS Single
s_connection: verify depth is 1
Handshake duration: 317.55 ms
Execution 72 - TLS Single
s_connection: verify depth is 1
Handshake duration: 318.48 ms
Execution 73 - TLS Single
s_connection: verify depth is 1
Handshake duration: 304.13 ms
Execution 74 - TLS Single
s_connection: verify depth is 1
Handshake duration: 303.29 ms
Execution 75 - TLS Single
s_connection: verify depth is 1
Handshake duration: 302.55 ms
Execution 76 - TLS Single
s_connection: verify depth is 1
Handshake duration: 308.36 ms
Execution 77 - TLS Single
s_connection: verify depth is 1
Handshake duration: 321.03 ms
Execution 78 - TLS Single
s_connection: verify depth is 1
Handshake duration: 285.88 ms
Execution 79 - TLS Single
s_connection: verify depth is 1
Handshake duration: 319.63 ms
Execution 80 - TLS Single
s_connection: verify depth is 1
Handshake duration: 320.07 ms
Execution 81 - TLS Single
s_connection: verify depth is 1
Handshake duration: 302.80 ms
Execution 82 - TLS Single
s_connection: verify depth is 1
Handshake duration: 317.62 ms
Execution 83 - TLS Single
s_connection: verify depth is 1
Handshake duration: 321.05 ms
Execution 84 - TLS Single
s_connection: verify depth is 1
Handshake duration: 319.19 ms
Execution 85 - TLS Single
s_connection: verify depth is 1
Handshake duration: 305.94 ms
Execution 86 - TLS Single
s_connection: verify depth is 1
Handshake duration: 279.13 ms
Execution 87 - TLS Single
s_connection: verify depth is 1
Handshake duration: 281.26 ms
Execution 88 - TLS Single
s_connection: verify depth is 1
Handshake duration: 319.90 ms
Execution 89 - TLS Single
s_connection: verify depth is 1
Handshake duration: 319.43 ms
Execution 90 - TLS Single
s_connection: verify depth is 1
Handshake duration: 301.09 ms
Execution 91 - TLS Single
s_connection: verify depth is 1
Handshake duration: 319.88 ms
Execution 92 - TLS Single
s_connection: verify depth is 1
Handshake duration: 316.14 ms
Execution 93 - TLS Single
s_connection: verify depth is 1
Handshake duration: 315.20 ms
Execution 94 - TLS Single
s_connection: verify depth is 1
Handshake duration: 284.65 ms
Execution 95 - TLS Single
s_connection: verify depth is 1
Handshake duration: 318.67 ms
Execution 96 - TLS Single
s_connection: verify depth is 1
Handshake duration: 301.57 ms
Execution 97 - TLS Single
s_connection: verify depth is 1
Handshake duration: 305.43 ms
Execution 98 - TLS Single
s_connection: verify depth is 1
Handshake duration: 3385.81 ms
Execution 99 - TLS Single
s_connection: verify depth is 1
Handshake duration: 317.49 ms
Execution 100 - TLS Single
s_connection: verify depth is 1
Handshake duration: 301.24 ms
Execution 101 - TLS Single
s_connection: verify depth is 1
Handshake duration: 295.82 ms
Execution 102 - TLS Single
s_connection: verify depth is 1
Handshake duration: 302.76 ms
Execution 103 - TLS Single
s_connection: verify depth is 1
Handshake duration: 318.86 ms
Execution 104 - TLS Single
s_connection: verify depth is 1
Handshake duration: 317.89 ms
Execution 105 - TLS Single
s_connection: verify depth is 1
Handshake duration: 299.24 ms
Execution 106 - TLS Single
s_connection: verify depth is 1
Handshake duration: 319.56 ms
Execution 107 - TLS Single
s_connection: verify depth is 1
Handshake duration: 316.60 ms
Execution 108 - TLS Single
s_connection: verify depth is 1
Handshake duration: 318.04 ms
Execution 109 - TLS Single
s_connection: verify depth is 1
Handshake duration: 323.12 ms
Execution 110 - TLS Single
s_connection: verify depth is 1
Handshake duration: 453.65 ms
Execution 111 - TLS Single
s_connection: verify depth is 1
Handshake duration: 318.40 ms
Execution 112 - TLS Single
s_connection: verify depth is 1
Handshake duration: 299.65 ms
Execution 113 - TLS Single
s_connection: verify depth is 1
Handshake duration: 320.85 ms
Execution 114 - TLS Single
s_connection: verify depth is 1
Handshake duration: 779.74 ms
Execution 115 - TLS Single
s_connection: verify depth is 1
Handshake duration: 320.63 ms
Execution 116 - TLS Single
s_connection: verify depth is 1
Handshake duration: 321.27 ms
Execution 117 - TLS Single
s_connection: verify depth is 1
Handshake duration: 319.52 ms
Execution 118 - TLS Single
s_connection: verify depth is 1
Handshake duration: 318.07 ms
Execution 119 - TLS Single
s_connection: verify depth is 1
Handshake duration: 321.17 ms
Execution 120 - TLS Single
s_connection: verify depth is 1
Handshake duration: 327.11 ms
Execution 121 - TLS Single
s_connection: verify depth is 1
Handshake duration: 318.44 ms
Execution 122 - TLS Single
s_connection: verify depth is 1
Handshake duration: 300.13 ms
Execution 123 - TLS Single
s_connection: verify depth is 1
Handshake duration: 305.63 ms
Execution 124 - TLS Single
s_connection: verify depth is 1
Handshake duration: 279.18 ms
Execution 125 - TLS Single
s_connection: verify depth is 1
Handshake duration: 322.12 ms
