Handshake timeout budget: 150s (identique TLS/QUIC)
Applying netem rules to lo...
Showing qdisc status for the interface: lo
qdisc netem 8ecf: root refcnt 2 limit 1000 seed 6834498846309288747
 Sent 0 bytes 0 pkt (dropped 0, overlimits 0 requeues 0) 
 backlog 0b 0p requeues 0
Running ./perftestClientTlsQuic.sh with SIG_ALG=secp521r1 and KEM_ALG=p521_mlkem1024
Execution 1 - TLS Single
s_connection: verify depth is 1
Handshake duration: 412.51 ms
Execution 2 - TLS Single
s_connection: verify depth is 1
Handshake duration: 280.87 ms
Execution 3 - TLS Single
s_connection: verify depth is 1
Handshake duration: 274.76 ms
Execution 4 - TLS Single
s_connection: verify depth is 1
Handshake duration: 284.50 ms
Execution 5 - TLS Single
s_connection: verify depth is 1
Handshake duration: 283.45 ms
Execution 6 - TLS Single
s_connection: verify depth is 1
Handshake duration: 276.40 ms
Execution 7 - TLS Single
s_connection: verify depth is 1
Handshake duration: 279.00 ms
Execution 8 - TLS Single
s_connection: verify depth is 1
Handshake duration: 280.80 ms
Execution 9 - TLS Single
s_connection: verify depth is 1
Handshake duration: 282.82 ms
Execution 10 - TLS Single
s_connection: verify depth is 1
Handshake duration: 280.15 ms
Execution 11 - TLS Single
s_connection: verify depth is 1
Handshake duration: 284.19 ms
Execution 12 - TLS Single
s_connection: verify depth is 1
Handshake duration: 280.40 ms
Execution 13 - TLS Single
s_connection: verify depth is 1
Handshake duration: 271.00 ms
Execution 14 - TLS Single
s_connection: verify depth is 1
Handshake duration: 279.69 ms
Execution 15 - TLS Single
s_connection: verify depth is 1
Handshake duration: 284.25 ms
Execution 16 - TLS Single
s_connection: verify depth is 1
Handshake duration: 279.29 ms
Execution 17 - TLS Single
s_connection: verify depth is 1
Handshake duration: 279.78 ms
Execution 18 - TLS Single
s_connection: verify depth is 1
Handshake duration: 280.57 ms
Execution 19 - TLS Single
s_connection: verify depth is 1
Handshake duration: 277.51 ms
Execution 20 - TLS Single
s_connection: verify depth is 1
Handshake duration: 280.72 ms
Execution 21 - TLS Single
s_connection: verify depth is 1
Handshake duration: 279.64 ms
Execution 22 - TLS Single
s_connection: verify depth is 1
Handshake duration: 274.80 ms
Execution 23 - TLS Single
s_connection: verify depth is 1
Handshake duration: 277.12 ms
Execution 24 - TLS Single
s_connection: verify depth is 1
Handshake duration: 273.03 ms
Execution 25 - TLS Single
s_connection: verify depth is 1
Handshake duration: 276.93 ms
Execution 26 - TLS Single
s_connection: verify depth is 1
Handshake duration: 1281.37 ms
Execution 27 - TLS Single
s_connection: verify depth is 1
Handshake duration: 279.93 ms
Execution 28 - TLS Single
s_connection: verify depth is 1
Handshake duration: 280.73 ms
Execution 29 - TLS Single
s_connection: verify depth is 1
Handshake duration: 273.45 ms
Execution 30 - TLS Single
s_connection: verify depth is 1
Handshake duration: 276.94 ms
Execution 31 - TLS Single
s_connection: verify depth is 1
Handshake duration: 283.40 ms
Execution 32 - TLS Single
s_connection: verify depth is 1
Handshake duration: 279.27 ms
Execution 33 - TLS Single
s_connection: verify depth is 1
Handshake duration: 274.50 ms
Execution 34 - TLS Single
s_connection: verify depth is 1
Handshake duration: 279.82 ms
Execution 35 - TLS Single
s_connection: verify depth is 1
Handshake duration: 282.93 ms
Execution 36 - TLS Single
s_connection: verify depth is 1
Handshake duration: 281.47 ms
Execution 37 - TLS Single
s_connection: verify depth is 1
Handshake duration: 279.23 ms
Execution 38 - TLS Single
s_connection: verify depth is 1
Handshake duration: 276.84 ms
Execution 39 - TLS Single
s_connection: verify depth is 1
Handshake duration: 279.26 ms
Execution 40 - TLS Single
s_connection: verify depth is 1
Handshake duration: 280.18 ms
Execution 41 - TLS Single
s_connection: verify depth is 1
Handshake duration: 280.47 ms
Execution 42 - TLS Single
s_connection: verify depth is 1
Handshake duration: 284.67 ms
Execution 43 - TLS Single
s_connection: verify depth is 1
Handshake duration: 268.84 ms
Execution 44 - TLS Single
s_connection: verify depth is 1
Handshake duration: 279.84 ms
Execution 45 - TLS Single
s_connection: verify depth is 1
Handshake duration: 276.50 ms
Execution 46 - TLS Single
s_connection: verify depth is 1
Handshake duration: 274.27 ms
Execution 47 - TLS Single
s_connection: verify depth is 1
Handshake duration: 279.64 ms
Execution 48 - TLS Single
s_connection: verify depth is 1
Handshake duration: 280.53 ms
Execution 49 - TLS Single
s_connection: verify depth is 1
Handshake duration: 280.65 ms
Execution 50 - TLS Single
s_connection: verify depth is 1
Handshake duration: 279.43 ms
Execution 51 - TLS Single
s_connection: verify depth is 1
Handshake duration: 281.67 ms
Execution 52 - TLS Single
s_connection: verify depth is 1
Handshake duration: 281.37 ms
Execution 53 - TLS Single
s_connection: verify depth is 1
Handshake duration: 279.66 ms
Execution 54 - TLS Single
s_connection: verify depth is 1
Handshake duration: 276.58 ms
Execution 55 - TLS Single
s_connection: verify depth is 1
Handshake duration: 270.87 ms
Execution 56 - TLS Single
s_connection: verify depth is 1
Handshake duration: 279.93 ms
Execution 57 - TLS Single
s_connection: verify depth is 1
Handshake duration: 280.30 ms
Execution 58 - TLS Single
s_connection: verify depth is 1
Handshake duration: 284.79 ms
Execution 59 - TLS Single
s_connection: verify depth is 1
Handshake duration: 276.71 ms
Execution 60 - TLS Single
s_connection: verify depth is 1
Handshake duration: 279.69 ms
Execution 61 - TLS Single
s_connection: verify depth is 1
Handshake duration: 277.72 ms
Execution 62 - TLS Single
s_connection: verify depth is 1
Handshake duration: 274.24 ms
Execution 63 - TLS Single
s_connection: verify depth is 1
Handshake duration: 276.65 ms
Execution 64 - TLS Single
s_connection: verify depth is 1
Handshake duration: 279.24 ms
Execution 65 - TLS Single
s_connection: verify depth is 1
Handshake duration: 275.36 ms
Execution 66 - TLS Single
s_connection: verify depth is 1
Handshake duration: 920.38 ms
Execution 67 - TLS Single
s_connection: verify depth is 1
Handshake duration: 279.36 ms
Execution 68 - TLS Single
s_connection: verify depth is 1
Handshake duration: 274.45 ms
Execution 69 - TLS Single
s_connection: verify depth is 1
Handshake duration: 282.13 ms
Execution 70 - TLS Single
s_connection: verify depth is 1
Handshake duration: 276.60 ms
Execution 71 - TLS Single
s_connection: verify depth is 1
Handshake duration: 289.22 ms
Execution 72 - TLS Single
s_connection: verify depth is 1
Handshake duration: 280.81 ms
Execution 73 - TLS Single
s_connection: verify depth is 1
Handshake duration: 272.51 ms
Execution 74 - TLS Single
s_connection: verify depth is 1
Handshake duration: 280.05 ms
Execution 75 - TLS Single
s_connection: verify depth is 1
Handshake duration: 280.04 ms
Execution 76 - TLS Single
s_connection: verify depth is 1
Handshake duration: 279.33 ms
Execution 77 - TLS Single
s_connection: verify depth is 1
Handshake duration: 279.87 ms
Execution 78 - TLS Single
s_connection: verify depth is 1
Handshake duration: 283.23 ms
Execution 79 - TLS Single
s_connection: verify depth is 1
Handshake duration: 282.50 ms
Execution 80 - TLS Single
s_connection: verify depth is 1
Handshake duration: 274.19 ms
Execution 81 - TLS Single
s_connection: verify depth is 1
Handshake duration: 280.14 ms
Execution 82 - TLS Single
s_connection: verify depth is 1
Handshake duration: 283.72 ms
Execution 83 - TLS Single
s_connection: verify depth is 1
Handshake duration: 279.11 ms
Execution 84 - TLS Single
s_connection: verify depth is 1
Handshake duration: 1293.36 ms
Execution 85 - TLS Single
s_connection: verify depth is 1
Handshake duration: 1277.77 ms
Execution 86 - TLS Single
s_connection: verify depth is 1
Handshake duration: 277.12 ms
Execution 87 - TLS Single
s_connection: verify depth is 1
Handshake duration: 280.09 ms
Execution 88 - TLS Single
s_connection: verify depth is 1
Handshake duration: 279.76 ms
Execution 89 - TLS Single
s_connection: verify depth is 1
Handshake duration: 262.71 ms
Execution 90 - TLS Single
s_connection: verify depth is 1
Handshake duration: 270.89 ms
Execution 91 - TLS Single
s_connection: verify depth is 1
Handshake duration: 278.88 ms
Execution 92 - TLS Single
s_connection: verify depth is 1
Handshake duration: 270.35 ms
Execution 93 - TLS Single
s_connection: verify depth is 1
Handshake duration: 280.86 ms
Execution 94 - TLS Single
s_connection: verify depth is 1
Handshake duration: 283.17 ms
Execution 95 - TLS Single
s_connection: verify depth is 1
Handshake duration: 281.44 ms
Execution 96 - TLS Single
s_connection: verify depth is 1
Handshake duration: 279.45 ms
Execution 97 - TLS Single
s_connection: verify depth is 1
Handshake duration: 282.60 ms
Execution 98 - TLS Single
s_connection: verify depth is 1
Handshake duration: 269.42 ms
Execution 99 - TLS Single
s_connection: verify depth is 1
Handshake duration: 278.98 ms
Execution 100 - TLS Single
s_connection: verify depth is 1
Handshake duration: 281.92 ms
Execution 101 - TLS Single
s_connection: verify depth is 1
Handshake duration: 271.39 ms
Execution 102 - TLS Single
s_connection: verify depth is 1
Handshake duration: 282.48 ms
Execution 103 - TLS Single
s_connection: verify depth is 1
Handshake duration: 273.13 ms
Execution 104 - TLS Single
s_connection: verify depth is 1
Handshake duration: 278.56 ms
Execution 105 - TLS Single
s_connection: verify depth is 1
Handshake duration: 285.09 ms
Execution 106 - TLS Single
s_connection: verify depth is 1
Handshake duration: 281.61 ms
Execution 107 - TLS Single
s_connection: verify depth is 1
Handshake duration: 276.19 ms
Execution 108 - TLS Single
s_connection: verify depth is 1
Handshake duration: 280.43 ms
Execution 109 - TLS Single
s_connection: verify depth is 1
Handshake duration: 282.93 ms
Execution 110 - TLS Single
s_connection: verify depth is 1
Handshake duration: 279.93 ms
Execution 111 - TLS Single
s_connection: verify depth is 1
Handshake duration: 284.50 ms
Execution 112 - TLS Single
s_connection: verify depth is 1
Handshake duration: 275.09 ms
Execution 113 - TLS Single
s_connection: verify depth is 1
Handshake duration: 270.49 ms
Execution 114 - TLS Single
s_connection: verify depth is 1
Handshake duration: 280.60 ms
Execution 115 - TLS Single
s_connection: verify depth is 1
Handshake duration: 274.09 ms
Execution 116 - TLS Single
s_connection: verify depth is 1
Handshake duration: 282.44 ms
Execution 117 - TLS Single
s_connection: verify depth is 1
Handshake duration: 651.19 ms
Execution 118 - TLS Single
s_connection: verify depth is 1
Handshake duration: 276.01 ms
Execution 119 - TLS Single
s_connection: verify depth is 1
Handshake duration: 281.03 ms
Execution 120 - TLS Single
s_connection: verify depth is 1
Handshake duration: 271.88 ms
Execution 121 - TLS Single
s_connection: verify depth is 1
Handshake duration: 279.19 ms
Execution 122 - TLS Single
s_connection: verify depth is 1
Handshake duration: 276.08 ms
Execution 123 - TLS Single
s_connection: verify depth is 1
Handshake duration: 280.33 ms
Execution 124 - TLS Single
s_connection: verify depth is 1
Handshake duration: 280.31 ms
Execution 125 - TLS Single
s_connection: verify depth is 1
Handshake duration: 275.58 ms
