Handshake timeout budget: 150s (identique TLS/QUIC)
Applying netem rules to lo...
Showing qdisc status for the interface: lo
qdisc netem 973d: root refcnt 2 limit 1000 seed 17840262475785661173
 Sent 0 bytes 0 pkt (dropped 0, overlimits 0 requeues 0) 
 backlog 0b 0p requeues 0
Running ./perftestClientTlsQuic.sh with SIG_ALG=ed25519 and KEM_ALG=p256_hqc128
Execution 1 - TLS Single
s_connection: verify depth is 1
Handshake duration: 449.99 ms
Execution 2 - TLS Single
s_connection: verify depth is 1
Handshake duration: 316.54 ms
Execution 3 - TLS Single
s_connection: verify depth is 1
Handshake duration: 319.63 ms
Execution 4 - TLS Single
s_connection: verify depth is 1
Handshake duration: 303.27 ms
Execution 5 - TLS Single
s_connection: verify depth is 1
Handshake duration: 321.23 ms
Execution 6 - TLS Single
s_connection: verify depth is 1
Handshake duration: 319.29 ms
Execution 7 - TLS Single
s_connection: verify depth is 1
Handshake duration: 302.92 ms
Execution 8 - TLS Single
s_connection: verify depth is 1
Handshake duration: 785.07 ms
Execution 9 - TLS Single
s_connection: verify depth is 1
Handshake duration: 301.09 ms
Execution 10 - TLS Single
s_connection: verify depth is 1
Handshake duration: 300.82 ms
Execution 11 - TLS Single
s_connection: verify depth is 1
Handshake duration: 320.89 ms
Execution 12 - TLS Single
s_connection: verify depth is 1
Handshake duration: 303.42 ms
Execution 13 - TLS Single
s_connection: verify depth is 1
Handshake duration: 318.73 ms
Execution 14 - TLS Single
s_connection: verify depth is 1
Handshake duration: 318.92 ms
Execution 15 - TLS Single
s_connection: verify depth is 1
Handshake duration: 285.48 ms
Execution 16 - TLS Single
s_connection: verify depth is 1
Handshake duration: 285.45 ms
Execution 17 - TLS Single
s_connection: verify depth is 1
Handshake duration: 321.38 ms
Execution 18 - TLS Single
s_connection: verify depth is 1
Handshake duration: 324.32 ms
Execution 19 - TLS Single
s_connection: verify depth is 1
Handshake duration: 313.03 ms
Execution 20 - TLS Single
s_connection: verify depth is 1
Handshake duration: 323.24 ms
Execution 21 - TLS Single
s_connection: verify depth is 1
Handshake duration: 323.60 ms
Execution 22 - TLS Single
s_connection: verify depth is 1
Handshake duration: 316.10 ms
Execution 23 - TLS Single
s_connection: verify depth is 1
Handshake duration: 320.38 ms
Execution 24 - TLS Single
s_connection: verify depth is 1
Handshake duration: 320.77 ms
Execution 25 - TLS Single
s_connection: verify depth is 1
Handshake duration: 321.86 ms
Execution 26 - TLS Single
s_connection: verify depth is 1
Handshake duration: 301.83 ms
Execution 27 - TLS Single
s_connection: verify depth is 1
Handshake duration: 318.45 ms
Execution 28 - TLS Single
s_connection: verify depth is 1
Handshake duration: 321.93 ms
Execution 29 - TLS Single
s_connection: verify depth is 1
Handshake duration: 303.07 ms
Execution 30 - TLS Single
s_connection: verify depth is 1
Handshake duration: 323.88 ms
Execution 31 - TLS Single
s_connection: verify depth is 1
Handshake duration: 321.51 ms
Execution 32 - TLS Single
s_connection: verify depth is 1
Handshake duration: 317.89 ms
Execution 33 - TLS Single
s_connection: verify depth is 1
Handshake duration: 303.66 ms
Execution 34 - TLS Single
s_connection: verify depth is 1
Handshake duration: 302.19 ms
Execution 35 - TLS Single
s_connection: verify depth is 1
Handshake duration: 302.34 ms
Execution 36 - TLS Single
s_connection: verify depth is 1
Handshake duration: 323.33 ms
Execution 37 - TLS Single
s_connection: verify depth is 1
Handshake duration: 307.20 ms
Execution 38 - TLS Single
s_connection: verify depth is 1
Handshake duration: 589.21 ms
Execution 39 - TLS Single
s_connection: verify depth is 1
Handshake duration: 318.94 ms
Execution 40 - TLS Single
s_connection: verify depth is 1
Handshake duration: 303.31 ms
Execution 41 - TLS Single
s_connection: verify depth is 1
Handshake duration: 317.36 ms
Execution 42 - TLS Single
s_connection: verify depth is 1
Handshake duration: 301.75 ms
Execution 43 - TLS Single
s_connection: verify depth is 1
Handshake duration: 323.62 ms
Execution 44 - TLS Single
s_connection: verify depth is 1
Handshake duration: 310.98 ms
Execution 45 - TLS Single
s_connection: verify depth is 1
Handshake duration: 319.76 ms
Execution 46 - TLS Single
s_connection: verify depth is 1
Handshake duration: 303.33 ms
Execution 47 - TLS Single
s_connection: verify depth is 1
Handshake duration: 286.09 ms
Execution 48 - TLS Single
s_connection: verify depth is 1
Handshake duration: 309.60 ms
Execution 49 - TLS Single
s_connection: verify depth is 1
Handshake duration: 306.07 ms
Execution 50 - TLS Single
s_connection: verify depth is 1
Handshake duration: 321.26 ms
Execution 51 - TLS Single
s_connection: verify depth is 1
Handshake duration: 320.52 ms
Execution 52 - TLS Single
s_connection: verify depth is 1
Handshake duration: 318.65 ms
Execution 53 - TLS Single
s_connection: verify depth is 1
Handshake duration: 301.08 ms
Execution 54 - TLS Single
s_connection: verify depth is 1
Handshake duration: 322.09 ms
Execution 55 - TLS Single
s_connection: verify depth is 1
Handshake duration: 318.94 ms
Execution 56 - TLS Single
s_connection: verify depth is 1
Handshake duration: 322.43 ms
Execution 57 - TLS Single
s_connection: verify depth is 1
Handshake duration: 319.87 ms
Execution 58 - TLS Single
s_connection: verify depth is 1
Handshake duration: 301.49 ms
Execution 59 - TLS Single
s_connection: verify depth is 1
Handshake duration: 321.78 ms
Execution 60 - TLS Single
s_connection: verify depth is 1
Handshake duration: 323.38 ms
Execution 61 - TLS Single
s_connection: verify depth is 1
Handshake duration: 319.37 ms
Execution 62 - TLS Single
s_connection: verify depth is 1
Handshake duration: 588.61 ms
Execution 63 - TLS Single
s_connection: verify depth is 1
Handshake duration: 302.20 ms
Execution 64 - TLS Single
s_connection: verify depth is 1
Handshake duration: 325.39 ms
Execution 65 - TLS Single
s_connection: verify depth is 1
Handshake duration: 303.70 ms
Execution 66 - TLS Single
s_connection: verify depth is 1
Handshake duration: 300.03 ms
Execution 67 - TLS Single
s_connection: verify depth is 1
Handshake duration: 317.97 ms
Execution 68 - TLS Single
s_connection: verify depth is 1
Handshake duration: 293.18 ms
Execution 69 - TLS Single
s_connection: verify depth is 1
Handshake duration: 300.73 ms
Execution 70 - TLS Single
s_connection: verify depth is 1
Handshake duration: 302.79 ms
Execution 71 - TLS Single
s_connection: verify depth is 1
Handshake duration: 322.89 ms
Execution 72 - TLS Single
s_connection: verify depth is 1
Handshake duration: 321.79 ms
Execution 73 - TLS Single
s_connection: verify depth is 1
Handshake duration: 303.81 ms
Execution 74 - TLS Single
s_connection: verify depth is 1
Handshake duration: 322.12 ms
Execution 75 - TLS Single
s_connection: verify depth is 1
Handshake duration: 536.38 ms
Execution 76 - TLS Single
s_connection: verify depth is 1
Handshake duration: 286.11 ms
Execution 77 - TLS Single
s_connection: verify depth is 1
Handshake duration: 321.44 ms
Execution 78 - TLS Single
s_connection: verify depth is 1
Handshake duration: 322.33 ms
Execution 79 - TLS Single
s_connection: verify depth is 1
Handshake duration: 305.01 ms
Execution 80 - TLS Single
s_connection: verify depth is 1
Handshake duration: 321.32 ms
Execution 81 - TLS Single
s_connection: verify depth is 1
Handshake duration: 316.00 ms
Execution 82 - TLS Single
s_connection: verify depth is 1
Handshake duration: 309.15 ms
Execution 83 - TLS Single
s_connection: verify depth is 1
Handshake duration: 320.46 ms
Execution 84 - TLS Single
s_connection: verify depth is 1
Handshake duration: 321.53 ms
Execution 85 - TLS Single
s_connection: verify depth is 1
Handshake duration: 320.47 ms
Execution 86 - TLS Single
s_connection: verify depth is 1
Handshake duration: 321.40 ms
Execution 87 - TLS Single
s_connection: verify depth is 1
Handshake duration: 796.78 ms
Execution 88 - TLS Single
s_connection: verify depth is 1
Handshake duration: 317.73 ms
Execution 89 - TLS Single
s_connection: verify depth is 1
Handshake duration: 317.82 ms
Execution 90 - TLS Single
s_connection: verify depth is 1
Handshake duration: 303.18 ms
Execution 91 - TLS Single
s_connection: verify depth is 1
Handshake duration: 585.72 ms
Execution 92 - TLS Single
s_connection: verify depth is 1
Handshake duration: 320.76 ms
Execution 93 - TLS Single
s_connection: verify depth is 1
Handshake duration: 304.69 ms
Execution 94 - TLS Single
s_connection: verify depth is 1
Handshake duration: 290.24 ms
Execution 95 - TLS Single
s_connection: verify depth is 1
Handshake duration: 318.50 ms
Execution 96 - TLS Single
s_connection: verify depth is 1
Handshake duration: 303.25 ms
Execution 97 - TLS Single
s_connection: verify depth is 1
Handshake duration: 310.33 ms
Execution 98 - TLS Single
s_connection: verify depth is 1
Handshake duration: 284.47 ms
Execution 99 - TLS Single
s_connection: verify depth is 1
Handshake duration: 553.53 ms
Execution 100 - TLS Single
s_connection: verify depth is 1
Handshake duration: 304.99 ms
Execution 101 - TLS Single
s_connection: verify depth is 1
Handshake duration: 318.81 ms
Execution 102 - TLS Single
s_connection: verify depth is 1
Handshake duration: 318.27 ms
Execution 103 - TLS Single
s_connection: verify depth is 1
Handshake duration: 273.63 ms
Execution 104 - TLS Single
s_connection: verify depth is 1
Handshake duration: 298.56 ms
Execution 105 - TLS Single
s_connection: verify depth is 1
Handshake duration: 321.11 ms
Execution 106 - TLS Single
s_connection: verify depth is 1
Handshake duration: 303.41 ms
Execution 107 - TLS Single
s_connection: verify depth is 1
Handshake duration: 304.69 ms
Execution 108 - TLS Single
s_connection: verify depth is 1
Handshake duration: 321.67 ms
Execution 109 - TLS Single
s_connection: verify depth is 1
Handshake duration: 319.48 ms
Execution 110 - TLS Single
s_connection: verify depth is 1
Handshake duration: 321.07 ms
Execution 111 - TLS Single
s_connection: verify depth is 1
Handshake duration: 1357.61 ms
Execution 112 - TLS Single
s_connection: verify depth is 1
Handshake duration: 326.02 ms
Execution 113 - TLS Single
s_connection: verify depth is 1
Handshake duration: 323.65 ms
Execution 114 - TLS Single
s_connection: verify depth is 1
Handshake duration: 315.92 ms
Execution 115 - TLS Single
s_connection: verify depth is 1
Handshake duration: 302.76 ms
Execution 116 - TLS Single
s_connection: verify depth is 1
Handshake duration: 319.63 ms
Execution 117 - TLS Single
s_connection: verify depth is 1
Handshake duration: 287.08 ms
Execution 118 - TLS Single
s_connection: verify depth is 1
Handshake duration: 322.36 ms
Execution 119 - TLS Single
s_connection: verify depth is 1
Handshake duration: 317.71 ms
Execution 120 - TLS Single
s_connection: verify depth is 1
Handshake duration: 309.03 ms
Execution 121 - TLS Single
s_connection: verify depth is 1
Handshake duration: 320.33 ms
Execution 122 - TLS Single
s_connection: verify depth is 1
Handshake duration: 305.18 ms
Execution 123 - TLS Single
s_connection: verify depth is 1
Handshake duration: 323.21 ms
Execution 124 - TLS Single
s_connection: verify depth is 1
Handshake duration: 327.07 ms
Execution 125 - TLS Single
s_connection: verify depth is 1
Handshake duration: 319.39 ms
