Handshake timeout budget: 150s (identique TLS/QUIC)
Applying netem rules to lo...
Showing qdisc status for the interface: lo
qdisc netem 8ed3: root refcnt 2 limit 1000 seed 8305752698367553324
 Sent 0 bytes 0 pkt (dropped 0, overlimits 0 requeues 0) 
 backlog 0b 0p requeues 0
Running ./perftestClientTlsQuic.sh with SIG_ALG=secp521r1 and KEM_ALG=p521_hqc256
Execution 1 - TLS Single
s_connection: verify depth is 1
Handshake duration: 637.01 ms
Execution 2 - TLS Single
s_connection: verify depth is 1
Handshake duration: 509.75 ms
Execution 3 - TLS Single
s_connection: verify depth is 1
Handshake duration: 500.60 ms
Execution 4 - TLS Single
s_connection: verify depth is 1
Handshake duration: 521.88 ms
Execution 5 - TLS Single
s_connection: verify depth is 1
Handshake duration: 530.23 ms
Execution 6 - TLS Single
s_connection: verify depth is 1
Handshake duration: 529.92 ms
Execution 7 - TLS Single
s_connection: verify depth is 1
Handshake duration: 527.00 ms
Execution 8 - TLS Single
s_connection: verify depth is 1
Handshake duration: 526.92 ms
Execution 9 - TLS Single
s_connection: verify depth is 1
Handshake duration: 508.37 ms
Execution 10 - TLS Single
s_connection: verify depth is 1
Handshake duration: 486.12 ms
Execution 11 - TLS Single
s_connection: verify depth is 1
Handshake duration: 510.37 ms
Execution 12 - TLS Single
s_connection: verify depth is 1
Handshake duration: 507.49 ms
Execution 13 - TLS Single
s_connection: verify depth is 1
Handshake duration: 757.53 ms
Execution 14 - TLS Single
s_connection: verify depth is 1
Handshake duration: 529.91 ms
Execution 15 - TLS Single
s_connection: verify depth is 1
Handshake duration: 534.12 ms
Execution 16 - TLS Single
s_connection: verify depth is 1
Handshake duration: 528.97 ms
Execution 17 - TLS Single
s_connection: verify depth is 1
Handshake duration: 511.74 ms
Execution 18 - TLS Single
s_connection: verify depth is 1
Handshake duration: 533.60 ms
Execution 19 - TLS Single
s_connection: verify depth is 1
Handshake duration: 530.23 ms
Execution 20 - TLS Single
s_connection: verify depth is 1
Handshake duration: 488.14 ms
Execution 21 - TLS Single
s_connection: verify depth is 1
Handshake duration: 527.44 ms
Execution 22 - TLS Single
s_connection: verify depth is 1
Handshake duration: 530.66 ms
Execution 23 - TLS Single
s_connection: verify depth is 1
Handshake duration: 500.13 ms
Execution 24 - TLS Single
s_connection: verify depth is 1
Handshake duration: 486.14 ms
Execution 25 - TLS Single
s_connection: verify depth is 1
Handshake duration: 528.91 ms
Execution 26 - TLS Single
s_connection: verify depth is 1
Handshake duration: 1545.90 ms
Execution 27 - TLS Single
s_connection: verify depth is 1
Handshake duration: 529.25 ms
Execution 28 - TLS Single
s_connection: verify depth is 1
Handshake duration: 506.06 ms
Execution 29 - TLS Single
s_connection: verify depth is 1
Handshake duration: 529.96 ms
Execution 30 - TLS Single
s_connection: verify depth is 1
Handshake duration: 485.94 ms
Execution 31 - TLS Single
s_connection: verify depth is 1
Handshake duration: 535.63 ms
Execution 32 - TLS Single
s_connection: verify depth is 1
Handshake duration: 508.36 ms
Execution 33 - TLS Single
s_connection: verify depth is 1
Handshake duration: 529.75 ms
Execution 34 - TLS Single
s_connection: verify depth is 1
Handshake duration: 505.95 ms
Execution 35 - TLS Single
s_connection: verify depth is 1
Handshake duration: 528.42 ms
Execution 36 - TLS Single
s_connection: verify depth is 1
Handshake duration: 531.79 ms
Execution 37 - TLS Single
s_connection: verify depth is 1
Handshake duration: 529.69 ms
Execution 38 - TLS Single
s_connection: verify depth is 1
Handshake duration: 530.52 ms
Execution 39 - TLS Single
s_connection: verify depth is 1
Handshake duration: 528.80 ms
Execution 40 - TLS Single
s_connection: verify depth is 1
Handshake duration: 511.63 ms
Execution 41 - TLS Single
s_connection: verify depth is 1
Handshake duration: 505.65 ms
Execution 42 - TLS Single
s_connection: verify depth is 1
Handshake duration: 892.87 ms
Execution 43 - TLS Single
s_connection: verify depth is 1
Handshake duration: 498.33 ms
Execution 44 - TLS Single
s_connection: verify depth is 1
Handshake duration: 507.81 ms
Execution 45 - TLS Single
s_connection: verify depth is 1
Handshake duration: 529.17 ms
Execution 46 - TLS Single
s_connection: verify depth is 1
Handshake duration: 508.49 ms
Execution 47 - TLS Single
s_connection: verify depth is 1
Handshake duration: 500.10 ms
Execution 48 - TLS Single
s_connection: verify depth is 1
Handshake duration: 498.13 ms
Execution 49 - TLS Single
s_connection: verify depth is 1
Handshake duration: 531.47 ms
Execution 50 - TLS Single
s_connection: verify depth is 1
Handshake duration: 505.89 ms
Execution 51 - TLS Single
s_connection: verify depth is 1
Handshake duration: 510.50 ms
Execution 52 - TLS Single
s_connection: verify depth is 1
Handshake duration: 508.58 ms
Execution 53 - TLS Single
s_connection: verify depth is 1
Handshake duration: 500.73 ms
Execution 54 - TLS Single
s_connection: verify depth is 1
Handshake duration: 486.96 ms
Execution 55 - TLS Single
s_connection: verify depth is 1
Handshake duration: 532.27 ms
Execution 56 - TLS Single
s_connection: verify depth is 1
Handshake duration: 885.56 ms
Execution 57 - TLS Single
s_connection: verify depth is 1
Handshake duration: 484.50 ms
Execution 58 - TLS Single
s_connection: verify depth is 1
Handshake duration: 504.76 ms
Execution 59 - TLS Single
s_connection: verify depth is 1
Handshake duration: 506.74 ms
Execution 60 - TLS Single
s_connection: verify depth is 1
Handshake duration: 509.13 ms
Execution 61 - TLS Single
s_connection: verify depth is 1
Handshake duration: 485.47 ms
Execution 62 - TLS Single
s_connection: verify depth is 1
Handshake duration: 525.61 ms
Execution 63 - TLS Single
s_connection: verify depth is 1
Handshake duration: 489.38 ms
Execution 64 - TLS Single
s_connection: verify depth is 1
Handshake duration: 510.72 ms
Execution 65 - TLS Single
s_connection: verify depth is 1
Handshake duration: 533.81 ms
Execution 66 - TLS Single
s_connection: verify depth is 1
Handshake duration: 532.13 ms
Execution 67 - TLS Single
s_connection: verify depth is 1
Handshake duration: 532.06 ms
Execution 68 - TLS Single
s_connection: verify depth is 1
Handshake duration: 507.68 ms
Execution 69 - TLS Single
s_connection: verify depth is 1
Handshake duration: 506.07 ms
Execution 70 - TLS Single
s_connection: verify depth is 1
Handshake duration: 507.51 ms
Execution 71 - TLS Single
s_connection: verify depth is 1
Handshake duration: 506.31 ms
Execution 72 - TLS Single
s_connection: verify depth is 1
Handshake duration: 530.23 ms
Execution 73 - TLS Single
s_connection: verify depth is 1
Handshake duration: 528.88 ms
Execution 74 - TLS Single
s_connection: verify depth is 1
Handshake duration: 503.04 ms
Execution 75 - TLS Single
s_connection: verify depth is 1
Handshake duration: 509.26 ms
Execution 76 - TLS Single
s_connection: verify depth is 1
Handshake duration: 530.58 ms
Execution 77 - TLS Single
s_connection: verify depth is 1
Handshake duration: 507.20 ms
Execution 78 - TLS Single
s_connection: verify depth is 1
Handshake duration: 531.51 ms
Execution 79 - TLS Single
s_connection: verify depth is 1
Handshake duration: 509.77 ms
Execution 80 - TLS Single
s_connection: verify depth is 1
Handshake duration: 532.92 ms
Execution 81 - TLS Single
s_connection: verify depth is 1
Handshake duration: 488.81 ms
Execution 82 - TLS Single
s_connection: verify depth is 1
Handshake duration: 509.07 ms
Execution 83 - TLS Single
s_connection: verify depth is 1
Handshake duration: 508.45 ms
Execution 84 - TLS Single
s_connection: verify depth is 1
Handshake duration: 485.86 ms
Execution 85 - TLS Single
s_connection: verify depth is 1
Handshake duration: 529.87 ms
Execution 86 - TLS Single
s_connection: verify depth is 1
Handshake duration: 506.72 ms
Execution 87 - TLS Single
s_connection: verify depth is 1
Handshake duration: 502.69 ms
Execution 88 - TLS Single
s_connection: verify depth is 1
Handshake duration: 505.16 ms
Execution 89 - TLS Single
s_connection: verify depth is 1
Handshake duration: 487.13 ms
Execution 90 - TLS Single
s_connection: verify depth is 1
Handshake duration: 510.09 ms
Execution 91 - TLS Single
s_connection: verify depth is 1
Handshake duration: 509.84 ms
Execution 92 - TLS Single
s_connection: verify depth is 1
Handshake duration: 507.46 ms
Execution 93 - TLS Single
s_connection: verify depth is 1
Handshake duration: 486.82 ms
Execution 94 - TLS Single
s_connection: verify depth is 1
Handshake duration: 529.31 ms
Execution 95 - TLS Single
s_connection: verify depth is 1
Handshake duration: 498.48 ms
Execution 96 - TLS Single
s_connection: verify depth is 1
Handshake duration: 508.76 ms
Execution 97 - TLS Single
s_connection: verify depth is 1
Handshake duration: 487.22 ms
Execution 98 - TLS Single
s_connection: verify depth is 1
Handshake duration: 507.96 ms
Execution 99 - TLS Single
s_connection: verify depth is 1
Handshake duration: 528.57 ms
Execution 100 - TLS Single
s_connection: verify depth is 1
Handshake duration: 527.52 ms
Execution 101 - TLS Single
s_connection: verify depth is 1
Handshake duration: 488.08 ms
Execution 102 - TLS Single
s_connection: verify depth is 1
Handshake duration: 532.02 ms
Execution 103 - TLS Single
s_connection: verify depth is 1
Handshake duration: 508.97 ms
Execution 104 - TLS Single
s_connection: verify depth is 1
Handshake duration: 505.14 ms
Execution 105 - TLS Single
s_connection: verify depth is 1
Handshake duration: 506.99 ms
Execution 106 - TLS Single
s_connection: verify depth is 1
Handshake duration: 505.98 ms
Execution 107 - TLS Single
s_connection: verify depth is 1
Handshake duration: 529.62 ms
Execution 108 - TLS Single
s_connection: verify depth is 1
Handshake duration: 527.60 ms
Execution 109 - TLS Single
s_connection: verify depth is 1
Handshake duration: 508.47 ms
Execution 110 - TLS Single
s_connection: verify depth is 1
Handshake duration: 522.22 ms
Execution 111 - TLS Single
s_connection: verify depth is 1
Handshake duration: 529.58 ms
Execution 112 - TLS Single
s_connection: verify depth is 1
Handshake duration: 485.09 ms
Execution 113 - TLS Single
s_connection: verify depth is 1
Handshake duration: 487.58 ms
Execution 114 - TLS Single
s_connection: verify depth is 1
Handshake duration: 527.06 ms
Execution 115 - TLS Single
s_connection: verify depth is 1
Handshake duration: 506.95 ms
Execution 116 - TLS Single
s_connection: verify depth is 1
Handshake duration: 508.40 ms
Execution 117 - TLS Single
s_connection: verify depth is 1
Handshake duration: 528.62 ms
Execution 118 - TLS Single
s_connection: verify depth is 1
Handshake duration: 508.18 ms
Execution 119 - TLS Single
s_connection: verify depth is 1
Handshake duration: 511.90 ms
Execution 120 - TLS Single
s_connection: verify depth is 1
Handshake duration: 507.78 ms
Execution 121 - TLS Single
s_connection: verify depth is 1
Handshake duration: 487.93 ms
Execution 122 - TLS Single
s_connection: verify depth is 1
Handshake duration: 508.00 ms
Execution 123 - TLS Single
s_connection: verify depth is 1
Handshake duration: 511.23 ms
Execution 124 - TLS Single
s_connection: verify depth is 1
Handshake duration: 532.86 ms
Execution 125 - TLS Single
s_connection: verify depth is 1
Handshake duration: 532.05 ms
