Handshake timeout budget: 150s (identique TLS/QUIC)
Applying netem rules to lo...
Showing qdisc status for the interface: lo
qdisc netem 8923: root refcnt 2 limit 1000 seed 12542129876060464134
 Sent 0 bytes 0 pkt (dropped 0, overlimits 0 requeues 0) 
 backlog 0b 0p requeues 0
Running ./perftestClientTlsQuic.sh with SIG_ALG=mldsa65 and KEM_ALG=x448_hqc192
Execution 1 - TLS Single
s_connection: verify depth is 1
Handshake duration: 537.66 ms
Execution 2 - TLS Single
s_connection: verify depth is 1
Handshake duration: 1330.31 ms
Execution 3 - TLS Single
s_connection: verify depth is 1
Handshake duration: 437.22 ms
Execution 4 - TLS Single
s_connection: verify depth is 1
Handshake duration: 438.74 ms
Execution 5 - TLS Single
s_connection: verify depth is 1
Handshake duration: 442.49 ms
Execution 6 - TLS Single
s_connection: verify depth is 1
Handshake duration: 566.54 ms
Execution 7 - TLS Single
s_connection: verify depth is 1
Handshake duration: 437.87 ms
Execution 8 - TLS Single
s_connection: verify depth is 1
Handshake duration: 436.56 ms
Execution 9 - TLS Single
s_connection: verify depth is 1
Handshake duration: 438.34 ms
Execution 10 - TLS Single
s_connection: verify depth is 1
Handshake duration: 417.93 ms
Execution 11 - TLS Single
s_connection: verify depth is 1
Handshake duration: 443.15 ms
Execution 12 - TLS Single
s_connection: verify depth is 1
Handshake duration: 436.31 ms
Execution 13 - TLS Single
s_connection: verify depth is 1
Handshake duration: 435.03 ms
Execution 14 - TLS Single
s_connection: verify depth is 1
Handshake duration: 414.51 ms
Execution 15 - TLS Single
s_connection: verify depth is 1
Handshake duration: 442.49 ms
Execution 16 - TLS Single
s_connection: verify depth is 1
Handshake duration: 419.66 ms
Execution 17 - TLS Single
s_connection: verify depth is 1
Handshake duration: 438.14 ms
Execution 18 - TLS Single
s_connection: verify depth is 1
Handshake duration: 422.43 ms
Execution 19 - TLS Single
s_connection: verify depth is 1
Handshake duration: 437.45 ms
Execution 20 - TLS Single
s_connection: verify depth is 1
Handshake duration: 442.25 ms
Execution 21 - TLS Single
s_connection: verify depth is 1
Handshake duration: 441.42 ms
Execution 22 - TLS Single
s_connection: verify depth is 1
Handshake duration: 437.67 ms
Execution 23 - TLS Single
s_connection: verify depth is 1
Handshake duration: 436.89 ms
Execution 24 - TLS Single
s_connection: verify depth is 1
Handshake duration: 417.74 ms
Execution 25 - TLS Single
s_connection: verify depth is 1
Handshake duration: 440.18 ms
Execution 26 - TLS Single
s_connection: verify depth is 1
Handshake duration: 413.67 ms
Execution 27 - TLS Single
s_connection: verify depth is 1
Handshake duration: 438.35 ms
Execution 28 - TLS Single
s_connection: verify depth is 1
Handshake duration: 418.64 ms
Execution 29 - TLS Single
s_connection: verify depth is 1
Handshake duration: 437.47 ms
Execution 30 - TLS Single
s_connection: verify depth is 1
Handshake duration: 442.82 ms
Execution 31 - TLS Single
s_connection: verify depth is 1
Handshake duration: 443.30 ms
Execution 32 - TLS Single
s_connection: verify depth is 1
Handshake duration: 440.74 ms
Execution 33 - TLS Single
s_connection: verify depth is 1
Handshake duration: 437.08 ms
Execution 34 - TLS Single
s_connection: verify depth is 1
Handshake duration: 442.50 ms
Execution 35 - TLS Single
s_connection: verify depth is 1
Handshake duration: 413.70 ms
Execution 36 - TLS Single
s_connection: verify depth is 1
Handshake duration: 542.39 ms
Execution 37 - TLS Single
s_connection: verify depth is 1
Handshake duration: 415.06 ms
Execution 38 - TLS Single
s_connection: verify depth is 1
Handshake duration: 435.46 ms
Execution 39 - TLS Single
s_connection: verify depth is 1
Handshake duration: 431.89 ms
Execution 40 - TLS Single
s_connection: verify depth is 1
Handshake duration: 1451.41 ms
Execution 41 - TLS Single
s_connection: verify depth is 1
Handshake duration: 438.36 ms
Execution 42 - TLS Single
s_connection: verify depth is 1
Handshake duration: 440.23 ms
Execution 43 - TLS Single
s_connection: verify depth is 1
Handshake duration: 447.53 ms
Execution 44 - TLS Single
s_connection: verify depth is 1
Handshake duration: 418.64 ms
Execution 45 - TLS Single
s_connection: verify depth is 1
Handshake duration: 444.06 ms
Execution 46 - TLS Single
s_connection: verify depth is 1
Handshake duration: 445.97 ms
Execution 47 - TLS Single
s_connection: verify depth is 1
Handshake duration: 440.44 ms
Execution 48 - TLS Single
s_connection: verify depth is 1
Handshake duration: 418.42 ms
Execution 49 - TLS Single
s_connection: verify depth is 1
Handshake duration: 486.61 ms
Execution 50 - TLS Single
s_connection: verify depth is 1
Handshake duration: 412.82 ms
Execution 51 - TLS Single
s_connection: verify depth is 1
Handshake duration: 436.79 ms
Execution 52 - TLS Single
s_connection: verify depth is 1
Handshake duration: 438.46 ms
Execution 53 - TLS Single
s_connection: verify depth is 1
Handshake duration: 436.70 ms
Execution 54 - TLS Single
s_connection: verify depth is 1
Handshake duration: 418.62 ms
Execution 55 - TLS Single
s_connection: verify depth is 1
Handshake duration: 491.68 ms
Execution 56 - TLS Single
s_connection: verify depth is 1
Handshake duration: 438.91 ms
Execution 57 - TLS Single
s_connection: verify depth is 1
Handshake duration: 438.67 ms
Execution 58 - TLS Single
s_connection: verify depth is 1
Handshake duration: 420.17 ms
Execution 59 - TLS Single
s_connection: verify depth is 1
Handshake duration: 439.55 ms
Execution 60 - TLS Single
s_connection: verify depth is 1
Handshake duration: 413.83 ms
Execution 61 - TLS Single
s_connection: verify depth is 1
Handshake duration: 439.64 ms
Execution 62 - TLS Single
s_connection: verify depth is 1
Handshake duration: 439.70 ms
Execution 63 - TLS Single
s_connection: verify depth is 1
Handshake duration: 437.89 ms
Execution 64 - TLS Single
s_connection: verify depth is 1
Handshake duration: 436.58 ms
Execution 65 - TLS Single
s_connection: verify depth is 1
Handshake duration: 442.34 ms
Execution 66 - TLS Single
s_connection: verify depth is 1
Handshake duration: 1458.44 ms
Execution 67 - TLS Single
s_connection: verify depth is 1
Handshake duration: 439.06 ms
Execution 68 - TLS Single
s_connection: verify depth is 1
Handshake duration: 440.39 ms
Execution 69 - TLS Single
s_connection: verify depth is 1
Handshake duration: 445.57 ms
Execution 70 - TLS Single
s_connection: verify depth is 1
Handshake duration: 438.97 ms
Execution 71 - TLS Single
s_connection: verify depth is 1
Handshake duration: 439.25 ms
Execution 72 - TLS Single
s_connection: verify depth is 1
Handshake duration: 444.40 ms
Execution 73 - TLS Single
s_connection: verify depth is 1
Handshake duration: 436.02 ms
Execution 74 - TLS Single
s_connection: verify depth is 1
Handshake duration: 436.23 ms
Execution 75 - TLS Single
s_connection: verify depth is 1
Handshake duration: 444.95 ms
Execution 76 - TLS Single
s_connection: verify depth is 1
Handshake duration: 446.19 ms
Execution 77 - TLS Single
s_connection: verify depth is 1
Handshake duration: 563.35 ms
Execution 78 - TLS Single
s_connection: verify depth is 1
Handshake duration: 437.37 ms
Execution 79 - TLS Single
s_connection: verify depth is 1
Handshake duration: 439.26 ms
Execution 80 - TLS Single
s_connection: verify depth is 1
Handshake duration: 468.46 ms
Execution 81 - TLS Single
s_connection: verify depth is 1
Handshake duration: 432.94 ms
Execution 82 - TLS Single
s_connection: verify depth is 1
Handshake duration: 444.90 ms
Execution 83 - TLS Single
s_connection: verify depth is 1
Handshake duration: 414.53 ms
Execution 84 - TLS Single
s_connection: verify depth is 1
Handshake duration: 1060.90 ms
Execution 85 - TLS Single
s_connection: verify depth is 1
Handshake duration: 1286.96 ms
Execution 86 - TLS Single
s_connection: verify depth is 1
Handshake duration: 488.73 ms
Execution 87 - TLS Single
s_connection: verify depth is 1
Handshake duration: 438.17 ms
Execution 88 - TLS Single
s_connection: verify depth is 1
Handshake duration: 408.69 ms
Execution 89 - TLS Single
s_connection: verify depth is 1
Handshake duration: 440.25 ms
Execution 90 - TLS Single
s_connection: verify depth is 1
Handshake duration: 414.23 ms
Execution 91 - TLS Single
s_connection: verify depth is 1
Handshake duration: 437.25 ms
Execution 92 - TLS Single
s_connection: verify depth is 1
Handshake duration: 444.02 ms
Execution 93 - TLS Single
s_connection: verify depth is 1
Handshake duration: 438.05 ms
Execution 94 - TLS Single
s_connection: verify depth is 1
Handshake duration: 446.05 ms
Execution 95 - TLS Single
s_connection: verify depth is 1
Handshake duration: 441.32 ms
Execution 96 - TLS Single
s_connection: verify depth is 1
Handshake duration: 439.35 ms
Execution 97 - TLS Single
s_connection: verify depth is 1
Handshake duration: 417.88 ms
Execution 98 - TLS Single
s_connection: verify depth is 1
Handshake duration: 446.29 ms
Execution 99 - TLS Single
s_connection: verify depth is 1
Handshake duration: 441.06 ms
Execution 100 - TLS Single
s_connection: verify depth is 1
Handshake duration: 436.89 ms
Execution 101 - TLS Single
s_connection: verify depth is 1
Handshake duration: 436.30 ms
Execution 102 - TLS Single
s_connection: verify depth is 1
Handshake duration: 444.52 ms
Execution 103 - TLS Single
s_connection: verify depth is 1
Handshake duration: 1432.37 ms
Execution 104 - TLS Single
s_connection: verify depth is 1
Handshake duration: 435.05 ms
Execution 105 - TLS Single
s_connection: verify depth is 1
Handshake duration: 440.27 ms
Execution 106 - TLS Single
s_connection: verify depth is 1
Handshake duration: 439.62 ms
Execution 107 - TLS Single
s_connection: verify depth is 1
Handshake duration: 439.95 ms
Execution 108 - TLS Single
s_connection: verify depth is 1
Handshake duration: 437.48 ms
Execution 109 - TLS Single
s_connection: verify depth is 1
Handshake duration: 443.67 ms
Execution 110 - TLS Single
s_connection: verify depth is 1
Handshake duration: 462.12 ms
Execution 111 - TLS Single
s_connection: verify depth is 1
Handshake duration: 437.66 ms
Execution 112 - TLS Single
s_connection: verify depth is 1
Handshake duration: 413.92 ms
Execution 113 - TLS Single
s_connection: verify depth is 1
Handshake duration: 441.76 ms
Execution 114 - TLS Single
s_connection: verify depth is 1
Handshake duration: 435.88 ms
Execution 115 - TLS Single
s_connection: verify depth is 1
Handshake duration: 441.27 ms
Execution 116 - TLS Single
s_connection: verify depth is 1
Handshake duration: 442.73 ms
Execution 117 - TLS Single
s_connection: verify depth is 1
Handshake duration: 444.15 ms
Execution 118 - TLS Single
s_connection: verify depth is 1
Handshake duration: 438.80 ms
Execution 119 - TLS Single
s_connection: verify depth is 1
Handshake duration: 437.95 ms
Execution 120 - TLS Single
s_connection: verify depth is 1
Handshake duration: 439.57 ms
Execution 121 - TLS Single
s_connection: verify depth is 1
Handshake duration: 440.21 ms
Execution 122 - TLS Single
s_connection: verify depth is 1
Handshake duration: 405.51 ms
Execution 123 - TLS Single
s_connection: verify depth is 1
Handshake duration: 438.47 ms
Execution 124 - TLS Single
s_connection: verify depth is 1
Handshake duration: 414.36 ms
Execution 125 - TLS Single
s_connection: verify depth is 1
Handshake duration: 439.37 ms
