Handshake timeout budget: 150s (identique TLS/QUIC)
Applying netem rules to lo...
Showing qdisc status for the interface: lo
qdisc netem 8293: root refcnt 2 limit 1000 seed 8685694975401462137
 Sent 0 bytes 0 pkt (dropped 0, overlimits 0 requeues 0) 
 backlog 0b 0p requeues 0
Running ./perftestClientTlsQuic.sh with SIG_ALG=secp384r1 and KEM_ALG=p384_mlkem768
Execution 1 - TLS Single
s_connection: verify depth is 1
Handshake duration: 404.04 ms
Execution 2 - TLS Single
s_connection: verify depth is 1
Handshake duration: 273.77 ms
Execution 3 - TLS Single
s_connection: verify depth is 1
Handshake duration: 272.74 ms
Execution 4 - TLS Single
s_connection: verify depth is 1
Handshake duration: 283.12 ms
Execution 5 - TLS Single
s_connection: verify depth is 1
Handshake duration: 282.05 ms
Execution 6 - TLS Single
s_connection: verify depth is 1
Handshake duration: 273.22 ms
Execution 7 - TLS Single
s_connection: verify depth is 1
Handshake duration: 277.78 ms
Execution 8 - TLS Single
s_connection: verify depth is 1
Handshake duration: 281.00 ms
Execution 9 - TLS Single
s_connection: verify depth is 1
Handshake duration: 281.02 ms
Execution 10 - TLS Single
s_connection: verify depth is 1
Handshake duration: 278.84 ms
Execution 11 - TLS Single
s_connection: verify depth is 1
Handshake duration: 282.68 ms
Execution 12 - TLS Single
s_connection: verify depth is 1
Handshake duration: 280.36 ms
Execution 13 - TLS Single
s_connection: verify depth is 1
Handshake duration: 271.37 ms
Execution 14 - TLS Single
s_connection: verify depth is 1
Handshake duration: 274.32 ms
Execution 15 - TLS Single
s_connection: verify depth is 1
Handshake duration: 275.76 ms
Execution 16 - TLS Single
s_connection: verify depth is 1
Handshake duration: 279.86 ms
Execution 17 - TLS Single
s_connection: verify depth is 1
Handshake duration: 278.85 ms
Execution 18 - TLS Single
s_connection: verify depth is 1
Handshake duration: 280.16 ms
Execution 19 - TLS Single
s_connection: verify depth is 1
Handshake duration: 276.68 ms
Execution 20 - TLS Single
s_connection: verify depth is 1
Handshake duration: 273.93 ms
Execution 21 - TLS Single
s_connection: verify depth is 1
Handshake duration: 274.79 ms
Execution 22 - TLS Single
s_connection: verify depth is 1
Handshake duration: 282.18 ms
Execution 23 - TLS Single
s_connection: verify depth is 1
Handshake duration: 276.70 ms
Execution 24 - TLS Single
s_connection: verify depth is 1
Handshake duration: 275.49 ms
Execution 25 - TLS Single
s_connection: verify depth is 1
Handshake duration: 278.71 ms
Execution 26 - TLS Single
s_connection: verify depth is 1
Handshake duration: 282.07 ms
Execution 27 - TLS Single
s_connection: verify depth is 1
Handshake duration: 280.83 ms
Execution 28 - TLS Single
s_connection: verify depth is 1
Handshake duration: 1300.41 ms
Execution 29 - TLS Single
s_connection: verify depth is 1
Handshake duration: 273.15 ms
Execution 30 - TLS Single
s_connection: verify depth is 1
Handshake duration: 273.47 ms
Execution 31 - TLS Single
s_connection: verify depth is 1
Handshake duration: 279.17 ms
Execution 32 - TLS Single
s_connection: verify depth is 1
Handshake duration: 282.15 ms
Execution 33 - TLS Single
s_connection: verify depth is 1
Handshake duration: 278.58 ms
Execution 34 - TLS Single
s_connection: verify depth is 1
Handshake duration: 274.24 ms
Execution 35 - TLS Single
s_connection: verify depth is 1
Handshake duration: 281.84 ms
Execution 36 - TLS Single
s_connection: verify depth is 1
Handshake duration: 281.88 ms
Execution 37 - TLS Single
s_connection: verify depth is 1
Handshake duration: 276.71 ms
Execution 38 - TLS Single
s_connection: verify depth is 1
Handshake duration: 283.12 ms
Execution 39 - TLS Single
s_connection: verify depth is 1
Handshake duration: 277.23 ms
Execution 40 - TLS Single
s_connection: verify depth is 1
Handshake duration: 275.70 ms
Execution 41 - TLS Single
s_connection: verify depth is 1
Handshake duration: 280.21 ms
Execution 42 - TLS Single
s_connection: verify depth is 1
Handshake duration: 273.41 ms
Execution 43 - TLS Single
s_connection: verify depth is 1
Handshake duration: 282.16 ms
Execution 44 - TLS Single
s_connection: verify depth is 1
Handshake duration: 275.42 ms
Execution 45 - TLS Single
s_connection: verify depth is 1
Handshake duration: 268.99 ms
Execution 46 - TLS Single
s_connection: verify depth is 1
Handshake duration: 280.92 ms
Execution 47 - TLS Single
s_connection: verify depth is 1
Handshake duration: 271.60 ms
Execution 48 - TLS Single
s_connection: verify depth is 1
Handshake duration: 279.25 ms
Execution 49 - TLS Single
s_connection: verify depth is 1
Handshake duration: 271.32 ms
Execution 50 - TLS Single
s_connection: verify depth is 1
Handshake duration: 277.88 ms
Execution 51 - TLS Single
s_connection: verify depth is 1
Handshake duration: 278.24 ms
Execution 52 - TLS Single
s_connection: verify depth is 1
Handshake duration: 273.38 ms
Execution 53 - TLS Single
s_connection: verify depth is 1
Handshake duration: 276.49 ms
Execution 54 - TLS Single
s_connection: verify depth is 1
Handshake duration: 281.74 ms
Execution 55 - TLS Single
s_connection: verify depth is 1
Handshake duration: 273.64 ms
Execution 56 - TLS Single
s_connection: verify depth is 1
Handshake duration: 273.93 ms
Execution 57 - TLS Single
s_connection: verify depth is 1
Handshake duration: 275.53 ms
Execution 58 - TLS Single
s_connection: verify depth is 1
Handshake duration: 278.52 ms
Execution 59 - TLS Single
s_connection: verify depth is 1
Handshake duration: 281.29 ms
Execution 60 - TLS Single
s_connection: verify depth is 1
Handshake duration: 280.03 ms
Execution 61 - TLS Single
s_connection: verify depth is 1
Handshake duration: 277.46 ms
Execution 62 - TLS Single
s_connection: verify depth is 1
Handshake duration: 280.05 ms
Execution 63 - TLS Single
s_connection: verify depth is 1
Handshake duration: 282.83 ms
Execution 64 - TLS Single
s_connection: verify depth is 1
Handshake duration: 278.53 ms
Execution 65 - TLS Single
s_connection: verify depth is 1
Handshake duration: 274.87 ms
Execution 66 - TLS Single
s_connection: verify depth is 1
Handshake duration: 280.34 ms
Execution 67 - TLS Single
s_connection: verify depth is 1
Handshake duration: 279.23 ms
Execution 68 - TLS Single
s_connection: verify depth is 1
Handshake duration: 279.41 ms
Execution 69 - TLS Single
s_connection: verify depth is 1
Handshake duration: 276.98 ms
Execution 70 - TLS Single
s_connection: verify depth is 1
Handshake duration: 281.63 ms
Execution 71 - TLS Single
s_connection: verify depth is 1
Handshake duration: 278.32 ms
Execution 72 - TLS Single
s_connection: verify depth is 1
Handshake duration: 280.03 ms
Execution 73 - TLS Single
s_connection: verify depth is 1
Handshake duration: 281.12 ms
Execution 74 - TLS Single
s_connection: verify depth is 1
Handshake duration: 279.73 ms
Execution 75 - TLS Single
s_connection: verify depth is 1
Handshake duration: 280.28 ms
Execution 76 - TLS Single
s_connection: verify depth is 1
Handshake duration: 278.55 ms
Execution 77 - TLS Single
s_connection: verify depth is 1
Handshake duration: 279.85 ms
Execution 78 - TLS Single
s_connection: verify depth is 1
Handshake duration: 271.54 ms
Execution 79 - TLS Single
s_connection: verify depth is 1
Handshake duration: 279.39 ms
Execution 80 - TLS Single
s_connection: verify depth is 1
Handshake duration: 278.97 ms
Execution 81 - TLS Single
s_connection: verify depth is 1
Handshake duration: 273.41 ms
Execution 82 - TLS Single
s_connection: verify depth is 1
Handshake duration: 275.32 ms
Execution 83 - TLS Single
s_connection: verify depth is 1
Handshake duration: 279.32 ms
Execution 84 - TLS Single
s_connection: verify depth is 1
Handshake duration: 281.57 ms
Execution 85 - TLS Single
s_connection: verify depth is 1
Handshake duration: 279.02 ms
Execution 86 - TLS Single
s_connection: verify depth is 1
Handshake duration: 273.84 ms
Execution 87 - TLS Single
s_connection: verify depth is 1
Handshake duration: 275.70 ms
Execution 88 - TLS Single
s_connection: verify depth is 1
Handshake duration: 275.10 ms
Execution 89 - TLS Single
s_connection: verify depth is 1
Handshake duration: 279.27 ms
Execution 90 - TLS Single
s_connection: verify depth is 1
Handshake duration: 278.34 ms
Execution 91 - TLS Single
s_connection: verify depth is 1
Handshake duration: 273.02 ms
Execution 92 - TLS Single
s_connection: verify depth is 1
Handshake duration: 279.48 ms
Execution 93 - TLS Single
s_connection: verify depth is 1
Handshake duration: 280.31 ms
Execution 94 - TLS Single
s_connection: verify depth is 1
Handshake duration: 279.80 ms
Execution 95 - TLS Single
s_connection: verify depth is 1
Handshake duration: 277.46 ms
Execution 96 - TLS Single
s_connection: verify depth is 1
Handshake duration: 276.09 ms
Execution 97 - TLS Single
s_connection: verify depth is 1
Handshake duration: 282.41 ms
Execution 98 - TLS Single
s_connection: verify depth is 1
Handshake duration: 280.32 ms
Execution 99 - TLS Single
s_connection: verify depth is 1
Handshake duration: 278.63 ms
Execution 100 - TLS Single
s_connection: verify depth is 1
Handshake duration: 279.91 ms
Execution 101 - TLS Single
s_connection: verify depth is 1
Handshake duration: 285.76 ms
Execution 102 - TLS Single
s_connection: verify depth is 1
Handshake duration: 281.07 ms
Execution 103 - TLS Single
s_connection: verify depth is 1
Handshake duration: 265.34 ms
Execution 104 - TLS Single
s_connection: verify depth is 1
Handshake duration: 273.45 ms
Execution 105 - TLS Single
s_connection: verify depth is 1
Handshake duration: 657.71 ms
Execution 106 - TLS Single
s_connection: verify depth is 1
Handshake duration: 272.97 ms
Execution 107 - TLS Single
s_connection: verify depth is 1
Handshake duration: 281.70 ms
Execution 108 - TLS Single
s_connection: verify depth is 1
Handshake duration: 278.49 ms
Execution 109 - TLS Single
s_connection: verify depth is 1
Handshake duration: 279.60 ms
Execution 110 - TLS Single
s_connection: verify depth is 1
Handshake duration: 273.12 ms
Execution 111 - TLS Single
s_connection: verify depth is 1
Handshake duration: 279.23 ms
Execution 112 - TLS Single
s_connection: verify depth is 1
Handshake duration: 280.49 ms
Execution 113 - TLS Single
s_connection: verify depth is 1
Handshake duration: 274.29 ms
Execution 114 - TLS Single
s_connection: verify depth is 1
Handshake duration: 278.19 ms
Execution 115 - TLS Single
s_connection: verify depth is 1
Handshake duration: 281.58 ms
Execution 116 - TLS Single
s_connection: verify depth is 1
Handshake duration: 270.43 ms
Execution 117 - TLS Single
s_connection: verify depth is 1
Handshake duration: 268.25 ms
Execution 118 - TLS Single
s_connection: verify depth is 1
Handshake duration: 278.79 ms
Execution 119 - TLS Single
s_connection: verify depth is 1
Handshake duration: 279.94 ms
Execution 120 - TLS Single
s_connection: verify depth is 1
Handshake duration: 277.69 ms
Execution 121 - TLS Single
s_connection: verify depth is 1
Handshake duration: 270.58 ms
Execution 122 - TLS Single
s_connection: verify depth is 1
Handshake duration: 278.24 ms
Execution 123 - TLS Single
s_connection: verify depth is 1
Handshake duration: 281.33 ms
Execution 124 - TLS Single
s_connection: verify depth is 1
Handshake duration: 280.00 ms
Execution 125 - TLS Single
s_connection: verify depth is 1
Handshake duration: 282.39 ms
