Handshake timeout budget: 150s (identique TLS/QUIC)
Applying netem rules to lo...
Showing qdisc status for the interface: lo
qdisc netem 88ff: root refcnt 2 limit 1000 seed 15985190310443841643
 Sent 0 bytes 0 pkt (dropped 0, overlimits 0 requeues 0) 
 backlog 0b 0p requeues 0
Running ./perftestClientTlsQuic.sh with SIG_ALG=mldsa65 and KEM_ALG=p384_mlkem768
Execution 1 - TLS Single
s_connection: verify depth is 1
Handshake duration: 393.18 ms
Execution 2 - TLS Single
s_connection: verify depth is 1
Handshake duration: 276.68 ms
Execution 3 - TLS Single
s_connection: verify depth is 1
Handshake duration: 272.91 ms
Execution 4 - TLS Single
s_connection: verify depth is 1
Handshake duration: 273.07 ms
Execution 5 - TLS Single
s_connection: verify depth is 1
Handshake duration: 271.59 ms
Execution 6 - TLS Single
s_connection: verify depth is 1
Handshake duration: 269.30 ms
Execution 7 - TLS Single
s_connection: verify depth is 1
Handshake duration: 277.00 ms
Execution 8 - TLS Single
s_connection: verify depth is 1
Handshake duration: 268.82 ms
Execution 9 - TLS Single
s_connection: verify depth is 1
Handshake duration: 271.77 ms
Execution 10 - TLS Single
s_connection: verify depth is 1
Handshake duration: 271.35 ms
Execution 11 - TLS Single
s_connection: verify depth is 1
Handshake duration: 266.78 ms
Execution 12 - TLS Single
s_connection: verify depth is 1
Handshake duration: 274.49 ms
Execution 13 - TLS Single
s_connection: verify depth is 1
Handshake duration: 273.02 ms
Execution 14 - TLS Single
s_connection: verify depth is 1
Handshake duration: 274.37 ms
Execution 15 - TLS Single
s_connection: verify depth is 1
Handshake duration: 386.57 ms
Execution 16 - TLS Single
s_connection: verify depth is 1
Handshake duration: 270.82 ms
Execution 17 - TLS Single
s_connection: verify depth is 1
Handshake duration: 271.27 ms
Execution 18 - TLS Single
s_connection: verify depth is 1
Handshake duration: 272.85 ms
Execution 19 - TLS Single
s_connection: verify depth is 1
Handshake duration: 273.58 ms
Execution 20 - TLS Single
s_connection: verify depth is 1
Handshake duration: 272.28 ms
Execution 21 - TLS Single
s_connection: verify depth is 1
Handshake duration: 272.58 ms
Execution 22 - TLS Single
s_connection: verify depth is 1
Handshake duration: 272.14 ms
Execution 23 - TLS Single
s_connection: verify depth is 1
Handshake duration: 270.49 ms
Execution 24 - TLS Single
s_connection: verify depth is 1
Handshake duration: 273.78 ms
Execution 25 - TLS Single
s_connection: verify depth is 1
Handshake duration: 270.08 ms
Execution 26 - TLS Single
s_connection: verify depth is 1
Handshake duration: 272.39 ms
Execution 27 - TLS Single
s_connection: verify depth is 1
Handshake duration: 271.25 ms
Execution 28 - TLS Single
s_connection: verify depth is 1
Handshake duration: 272.32 ms
Execution 29 - TLS Single
s_connection: verify depth is 1
Handshake duration: 267.48 ms
Execution 30 - TLS Single
s_connection: verify depth is 1
Handshake duration: 271.14 ms
Execution 31 - TLS Single
s_connection: verify depth is 1
Handshake duration: 273.51 ms
Execution 32 - TLS Single
s_connection: verify depth is 1
Handshake duration: 271.38 ms
Execution 33 - TLS Single
s_connection: verify depth is 1
Handshake duration: 270.23 ms
Execution 34 - TLS Single
s_connection: verify depth is 1
Handshake duration: 274.16 ms
Execution 35 - TLS Single
s_connection: verify depth is 1
Handshake duration: 272.13 ms
Execution 36 - TLS Single
s_connection: verify depth is 1
Handshake duration: 266.26 ms
Execution 37 - TLS Single
s_connection: verify depth is 1
Handshake duration: 275.73 ms
Execution 38 - TLS Single
s_connection: verify depth is 1
Handshake duration: 272.48 ms
Execution 39 - TLS Single
s_connection: verify depth is 1
Handshake duration: 271.19 ms
Execution 40 - TLS Single
s_connection: verify depth is 1
Handshake duration: 272.24 ms
Execution 41 - TLS Single
s_connection: verify depth is 1
Handshake duration: 277.06 ms
Execution 42 - TLS Single
s_connection: verify depth is 1
Handshake duration: 267.15 ms
Execution 43 - TLS Single
s_connection: verify depth is 1
Handshake duration: 271.27 ms
Execution 44 - TLS Single
s_connection: verify depth is 1
Handshake duration: 771.24 ms
Execution 45 - TLS Single
s_connection: verify depth is 1
Handshake duration: 271.99 ms
Execution 46 - TLS Single
s_connection: verify depth is 1
Handshake duration: 268.34 ms
Execution 47 - TLS Single
s_connection: verify depth is 1
Handshake duration: 270.74 ms
Execution 48 - TLS Single
s_connection: verify depth is 1
Handshake duration: 271.14 ms
Execution 49 - TLS Single
s_connection: verify depth is 1
Handshake duration: 270.80 ms
Execution 50 - TLS Single
s_connection: verify depth is 1
Handshake duration: 271.50 ms
Execution 51 - TLS Single
s_connection: verify depth is 1
Handshake duration: 269.26 ms
Execution 52 - TLS Single
s_connection: verify depth is 1
Handshake duration: 273.68 ms
Execution 53 - TLS Single
s_connection: verify depth is 1
Handshake duration: 272.19 ms
Execution 54 - TLS Single
s_connection: verify depth is 1
Handshake duration: 272.66 ms
Execution 55 - TLS Single
s_connection: verify depth is 1
Handshake duration: 262.54 ms
Execution 56 - TLS Single
s_connection: verify depth is 1
Handshake duration: 271.96 ms
Execution 57 - TLS Single
s_connection: verify depth is 1
Handshake duration: 271.78 ms
Execution 58 - TLS Single
s_connection: verify depth is 1
Handshake duration: 272.27 ms
Execution 59 - TLS Single
s_connection: verify depth is 1
Handshake duration: 274.28 ms
Execution 60 - TLS Single
s_connection: verify depth is 1
Handshake duration: 273.33 ms
Execution 61 - TLS Single
s_connection: verify depth is 1
Handshake duration: 267.81 ms
Execution 62 - TLS Single
s_connection: verify depth is 1
Handshake duration: 272.26 ms
Execution 63 - TLS Single
s_connection: verify depth is 1
Handshake duration: 264.45 ms
Execution 64 - TLS Single
s_connection: verify depth is 1
Handshake duration: 260.08 ms
Execution 65 - TLS Single
s_connection: verify depth is 1
Handshake duration: 270.83 ms
Execution 66 - TLS Single
s_connection: verify depth is 1
Handshake duration: 272.38 ms
Execution 67 - TLS Single
s_connection: verify depth is 1
Handshake duration: 278.82 ms
Execution 68 - TLS Single
s_connection: verify depth is 1
Handshake duration: 263.85 ms
Execution 69 - TLS Single
s_connection: verify depth is 1
Handshake duration: 271.38 ms
Execution 70 - TLS Single
s_connection: verify depth is 1
Handshake duration: 273.46 ms
Execution 71 - TLS Single
s_connection: verify depth is 1
Handshake duration: 275.29 ms
Execution 72 - TLS Single
s_connection: verify depth is 1
Handshake duration: 272.43 ms
Execution 73 - TLS Single
s_connection: verify depth is 1
Handshake duration: 271.03 ms
Execution 74 - TLS Single
s_connection: verify depth is 1
Handshake duration: 272.91 ms
Execution 75 - TLS Single
s_connection: verify depth is 1
Handshake duration: 270.90 ms
Execution 76 - TLS Single
s_connection: verify depth is 1
Handshake duration: 270.86 ms
Execution 77 - TLS Single
s_connection: verify depth is 1
Handshake duration: 277.93 ms
Execution 78 - TLS Single
s_connection: verify depth is 1
Handshake duration: 269.61 ms
Execution 79 - TLS Single
s_connection: verify depth is 1
Handshake duration: 273.97 ms
Execution 80 - TLS Single
s_connection: verify depth is 1
Handshake duration: 269.70 ms
Execution 81 - TLS Single
s_connection: verify depth is 1
Handshake duration: 270.85 ms
Execution 82 - TLS Single
s_connection: verify depth is 1
Handshake duration: 273.66 ms
Execution 83 - TLS Single
s_connection: verify depth is 1
Handshake duration: 275.07 ms
Execution 84 - TLS Single
s_connection: verify depth is 1
Handshake duration: 273.09 ms
Execution 85 - TLS Single
s_connection: verify depth is 1
Handshake duration: 271.65 ms
Execution 86 - TLS Single
s_connection: verify depth is 1
Handshake duration: 270.41 ms
Execution 87 - TLS Single
s_connection: verify depth is 1
Handshake duration: 269.39 ms
Execution 88 - TLS Single
s_connection: verify depth is 1
Handshake duration: 271.98 ms
Execution 89 - TLS Single
s_connection: verify depth is 1
Handshake duration: 269.79 ms
Execution 90 - TLS Single
s_connection: verify depth is 1
Handshake duration: 392.39 ms
Execution 91 - TLS Single
s_connection: verify depth is 1
Handshake duration: 425.59 ms
Execution 92 - TLS Single
s_connection: verify depth is 1
Handshake duration: 267.33 ms
Execution 93 - TLS Single
s_connection: verify depth is 1
Handshake duration: 273.27 ms
Execution 94 - TLS Single
s_connection: verify depth is 1
Handshake duration: 272.00 ms
Execution 95 - TLS Single
s_connection: verify depth is 1
Handshake duration: 276.29 ms
Execution 96 - TLS Single
s_connection: verify depth is 1
Handshake duration: 271.41 ms
Execution 97 - TLS Single
s_connection: verify depth is 1
Handshake duration: 272.47 ms
Execution 98 - TLS Single
s_connection: verify depth is 1
Handshake duration: 273.79 ms
Execution 99 - TLS Single
s_connection: verify depth is 1
Handshake duration: 271.83 ms
Execution 100 - TLS Single
s_connection: verify depth is 1
Handshake duration: 272.25 ms
Execution 101 - TLS Single
s_connection: verify depth is 1
Handshake duration: 268.49 ms
Execution 102 - TLS Single
s_connection: verify depth is 1
Handshake duration: 274.44 ms
Execution 103 - TLS Single
s_connection: verify depth is 1
Handshake duration: 269.73 ms
Execution 104 - TLS Single
s_connection: verify depth is 1
Handshake duration: 272.17 ms
Execution 105 - TLS Single
s_connection: verify depth is 1
Handshake duration: 276.72 ms
Execution 106 - TLS Single
s_connection: verify depth is 1
Handshake duration: 268.94 ms
Execution 107 - TLS Single
s_connection: verify depth is 1
Handshake duration: 274.67 ms
Execution 108 - TLS Single
s_connection: verify depth is 1
Handshake duration: 268.24 ms
Execution 109 - TLS Single
s_connection: verify depth is 1
Handshake duration: 267.26 ms
Execution 110 - TLS Single
s_connection: verify depth is 1
Handshake duration: 268.67 ms
Execution 111 - TLS Single
s_connection: verify depth is 1
Handshake duration: 272.44 ms
Execution 112 - TLS Single
s_connection: verify depth is 1
Handshake duration: 268.19 ms
Execution 113 - TLS Single
s_connection: verify depth is 1
Handshake duration: 271.25 ms
Execution 114 - TLS Single
s_connection: verify depth is 1
Handshake duration: 274.29 ms
Execution 115 - TLS Single
s_connection: verify depth is 1
Handshake duration: 276.73 ms
Execution 116 - TLS Single
s_connection: verify depth is 1
Handshake duration: 275.18 ms
Execution 117 - TLS Single
s_connection: verify depth is 1
Handshake duration: 274.54 ms
Execution 118 - TLS Single
s_connection: verify depth is 1
Handshake duration: 272.96 ms
Execution 119 - TLS Single
s_connection: verify depth is 1
Handshake duration: 276.97 ms
Execution 120 - TLS Single
s_connection: verify depth is 1
Handshake duration: 272.84 ms
Execution 121 - TLS Single
s_connection: verify depth is 1
Handshake duration: 270.34 ms
Execution 122 - TLS Single
s_connection: verify depth is 1
Handshake duration: 276.01 ms
Execution 123 - TLS Single
s_connection: verify depth is 1
Handshake duration: 266.98 ms
Execution 124 - TLS Single
s_connection: verify depth is 1
Handshake duration: 271.00 ms
Execution 125 - TLS Single
s_connection: verify depth is 1
Handshake duration: 268.61 ms
