Handshake timeout budget: 150s (identique TLS/QUIC)
Applying netem rules to lo...
Showing qdisc status for the interface: lo
qdisc netem 84f3: root refcnt 2 limit 1000 seed 3351930390576793652
 Sent 0 bytes 0 pkt (dropped 0, overlimits 0 requeues 0) 
 backlog 0b 0p requeues 0
Running ./perftestClientTlsQuic.sh with SIG_ALG=mldsa65 and KEM_ALG=hqc192
Execution 1 - TLS Mutual
s_connection: verify depth is 1
Handshake duration: 888.66 ms
Execution 2 - TLS Mutual
s_connection: verify depth is 1
Handshake duration: 877.55 ms
Execution 3 - TLS Mutual
s_connection: verify depth is 1
Handshake duration: 719.24 ms
Execution 4 - TLS Mutual
s_connection: verify depth is 1
Handshake duration: 721.30 ms
Execution 5 - TLS Mutual
s_connection: verify depth is 1
Handshake duration: 891.89 ms
Execution 6 - TLS Mutual
s_connection: verify depth is 1
Handshake duration: 728.42 ms
Execution 7 - TLS Mutual
s_connection: verify depth is 1
Handshake duration: 719.96 ms
Execution 8 - TLS Mutual
s_connection: verify depth is 1
Handshake duration: 744.28 ms
Execution 9 - TLS Mutual
s_connection: verify depth is 1
Handshake duration: 757.49 ms
Execution 10 - TLS Mutual
s_connection: verify depth is 1
Handshake duration: 704.57 ms
Execution 11 - TLS Mutual
s_connection: verify depth is 1
Handshake duration: 704.70 ms
Execution 12 - TLS Mutual
s_connection: verify depth is 1
Handshake duration: 736.45 ms
Execution 13 - TLS Mutual
s_connection: verify depth is 1
Handshake duration: 720.56 ms
Execution 14 - TLS Mutual
s_connection: verify depth is 1
Handshake duration: 740.28 ms
Execution 15 - TLS Mutual
s_connection: verify depth is 1
Handshake duration: 752.11 ms
Execution 16 - TLS Mutual
s_connection: verify depth is 1
Handshake duration: 719.67 ms
Execution 17 - TLS Mutual
s_connection: verify depth is 1
Handshake duration: 817.72 ms
Execution 18 - TLS Mutual
s_connection: verify depth is 1
Handshake duration: 649.00 ms
Execution 19 - TLS Mutual
s_connection: verify depth is 1
Handshake duration: 651.38 ms
Execution 20 - TLS Mutual
s_connection: verify depth is 1
Handshake duration: 712.50 ms
Execution 21 - TLS Mutual
s_connection: verify depth is 1
Handshake duration: 2099.79 ms
Execution 22 - TLS Mutual
s_connection: verify depth is 1
Handshake duration: 682.28 ms
Execution 23 - TLS Mutual
s_connection: verify depth is 1
Handshake duration: 728.23 ms
Execution 24 - TLS Mutual
s_connection: verify depth is 1
Handshake duration: 733.50 ms
Execution 25 - TLS Mutual
s_connection: verify depth is 1
Handshake duration: 723.45 ms
Execution 26 - TLS Mutual
s_connection: verify depth is 1
Handshake duration: 722.17 ms
Execution 27 - TLS Mutual
s_connection: verify depth is 1
Handshake duration: 739.04 ms
Execution 28 - TLS Mutual
s_connection: verify depth is 1
Handshake duration: 723.50 ms
Execution 29 - TLS Mutual
s_connection: verify depth is 1
Handshake duration: 668.70 ms
Execution 30 - TLS Mutual
s_connection: verify depth is 1
Handshake duration: 1114.44 ms
Execution 31 - TLS Mutual
s_connection: verify depth is 1
Handshake duration: 723.59 ms
Execution 32 - TLS Mutual
s_connection: verify depth is 1
Handshake duration: 729.82 ms
Execution 33 - TLS Mutual
s_connection: verify depth is 1
Handshake duration: 763.00 ms
Execution 34 - TLS Mutual
s_connection: verify depth is 1
Handshake duration: 693.03 ms
Execution 35 - TLS Mutual
s_connection: verify depth is 1
Handshake duration: 687.44 ms
Execution 36 - TLS Mutual
s_connection: verify depth is 1
Handshake duration: 728.96 ms
Execution 37 - TLS Mutual
s_connection: verify depth is 1
Handshake duration: 880.63 ms
Execution 38 - TLS Mutual
s_connection: verify depth is 1
Handshake duration: 738.61 ms
Execution 39 - TLS Mutual
s_connection: verify depth is 1
Handshake duration: 726.46 ms
Execution 40 - TLS Mutual
s_connection: verify depth is 1
Handshake duration: 736.35 ms
Execution 41 - TLS Mutual
s_connection: verify depth is 1
Handshake duration: 735.03 ms
Execution 42 - TLS Mutual
s_connection: verify depth is 1
Handshake duration: 711.41 ms
Execution 43 - TLS Mutual
s_connection: verify depth is 1
Handshake duration: 757.90 ms
Execution 44 - TLS Mutual
s_connection: verify depth is 1
Handshake duration: 714.18 ms
Execution 45 - TLS Mutual
s_connection: verify depth is 1
Handshake duration: 717.74 ms
Execution 46 - TLS Mutual
s_connection: verify depth is 1
Handshake duration: 704.75 ms
Execution 47 - TLS Mutual
s_connection: verify depth is 1
Handshake duration: 753.90 ms
Execution 48 - TLS Mutual
s_connection: verify depth is 1
Handshake duration: 851.43 ms
Execution 49 - TLS Mutual
s_connection: verify depth is 1
Handshake duration: 732.89 ms
Execution 50 - TLS Mutual
s_connection: verify depth is 1
Handshake duration: 734.40 ms
Execution 51 - TLS Mutual
s_connection: verify depth is 1
Handshake duration: 723.55 ms
Execution 52 - TLS Mutual
s_connection: verify depth is 1
Handshake duration: 720.12 ms
Execution 53 - TLS Mutual
s_connection: verify depth is 1
Handshake duration: 735.18 ms
Execution 54 - TLS Mutual
s_connection: verify depth is 1
Handshake duration: 711.82 ms
Execution 55 - TLS Mutual
s_connection: verify depth is 1
Handshake duration: 713.81 ms
Execution 56 - TLS Mutual
s_connection: verify depth is 1
Handshake duration: 714.10 ms
Execution 57 - TLS Mutual
s_connection: verify depth is 1
Handshake duration: 711.77 ms
Execution 58 - TLS Mutual
s_connection: verify depth is 1
Handshake duration: 701.33 ms
Execution 59 - TLS Mutual
s_connection: verify depth is 1
Handshake duration: 727.91 ms
Execution 60 - TLS Mutual
s_connection: verify depth is 1
Handshake duration: 727.29 ms
Execution 61 - TLS Mutual
s_connection: verify depth is 1
Handshake duration: 716.05 ms
Execution 62 - TLS Mutual
s_connection: verify depth is 1
Handshake duration: 695.04 ms
Execution 63 - TLS Mutual
s_connection: verify depth is 1
Handshake duration: 714.87 ms
Execution 64 - TLS Mutual
s_connection: verify depth is 1
Handshake duration: 660.32 ms
Execution 65 - TLS Mutual
s_connection: verify depth is 1
Handshake duration: 702.31 ms
Execution 66 - TLS Mutual
s_connection: verify depth is 1
Handshake duration: 701.23 ms
Execution 67 - TLS Mutual
s_connection: verify depth is 1
Handshake duration: 714.73 ms
Execution 68 - TLS Mutual
s_connection: verify depth is 1
Handshake duration: 689.69 ms
Execution 69 - TLS Mutual
s_connection: verify depth is 1
Handshake duration: 704.01 ms
Execution 70 - TLS Mutual
s_connection: verify depth is 1
Handshake duration: 678.48 ms
Execution 71 - TLS Mutual
s_connection: verify depth is 1
Handshake duration: 766.20 ms
Execution 72 - TLS Mutual
s_connection: verify depth is 1
Handshake duration: 721.76 ms
Execution 73 - TLS Mutual
s_connection: verify depth is 1
Handshake duration: 721.96 ms
Execution 74 - TLS Mutual
s_connection: verify depth is 1
Handshake duration: 763.80 ms
Execution 75 - TLS Mutual
s_connection: verify depth is 1
Handshake duration: 1380.46 ms
Execution 76 - TLS Mutual
s_connection: verify depth is 1
Handshake duration: 720.01 ms
Execution 77 - TLS Mutual
s_connection: verify depth is 1
Handshake duration: 723.86 ms
Execution 78 - TLS Mutual
s_connection: verify depth is 1
Handshake duration: 723.12 ms
Execution 79 - TLS Mutual
s_connection: verify depth is 1
Handshake duration: 716.84 ms
Execution 80 - TLS Mutual
s_connection: verify depth is 1
Handshake duration: 728.75 ms
Execution 81 - TLS Mutual
s_connection: verify depth is 1
Handshake duration: 716.85 ms
Execution 82 - TLS Mutual
s_connection: verify depth is 1
Handshake duration: 698.25 ms
Execution 83 - TLS Mutual
s_connection: verify depth is 1
Handshake duration: 715.04 ms
Execution 84 - TLS Mutual
s_connection: verify depth is 1
Handshake duration: 704.96 ms
Execution 85 - TLS Mutual
s_connection: verify depth is 1
Handshake duration: 723.00 ms
Execution 86 - TLS Mutual
s_connection: verify depth is 1
Handshake duration: 727.93 ms
Execution 87 - TLS Mutual
s_connection: verify depth is 1
Handshake duration: 885.84 ms
Execution 88 - TLS Mutual
s_connection: verify depth is 1
Handshake duration: 740.62 ms
Execution 89 - TLS Mutual
s_connection: verify depth is 1
Handshake duration: 727.14 ms
Execution 90 - TLS Mutual
s_connection: verify depth is 1
Handshake duration: 736.14 ms
Execution 91 - TLS Mutual
s_connection: verify depth is 1
Handshake duration: 701.54 ms
Execution 92 - TLS Mutual
s_connection: verify depth is 1
Handshake duration: 717.84 ms
Execution 93 - TLS Mutual
s_connection: verify depth is 1
Handshake duration: 728.61 ms
Execution 94 - TLS Mutual
s_connection: verify depth is 1
Handshake duration: 772.26 ms
Execution 95 - TLS Mutual
s_connection: verify depth is 1
Handshake duration: 644.43 ms
Execution 96 - TLS Mutual
s_connection: verify depth is 1
Handshake duration: 706.46 ms
Execution 97 - TLS Mutual
s_connection: verify depth is 1
Handshake duration: 722.66 ms
Execution 98 - TLS Mutual
s_connection: verify depth is 1
Handshake duration: 731.12 ms
Execution 99 - TLS Mutual
s_connection: verify depth is 1
Handshake duration: 716.81 ms
Execution 100 - TLS Mutual
s_connection: verify depth is 1
Handshake duration: 719.15 ms
Execution 101 - TLS Mutual
s_connection: verify depth is 1
Handshake duration: 699.36 ms
Execution 102 - TLS Mutual
s_connection: verify depth is 1
Handshake duration: 721.51 ms
Execution 103 - TLS Mutual
s_connection: verify depth is 1
Handshake duration: 718.53 ms
Execution 104 - TLS Mutual
s_connection: verify depth is 1
Handshake duration: 711.96 ms
Execution 105 - TLS Mutual
s_connection: verify depth is 1
Handshake duration: 765.38 ms
Execution 106 - TLS Mutual
s_connection: verify depth is 1
Handshake duration: 697.98 ms
Execution 107 - TLS Mutual
s_connection: verify depth is 1
Handshake duration: 701.24 ms
Execution 108 - TLS Mutual
s_connection: verify depth is 1
Handshake duration: 712.47 ms
Execution 109 - TLS Mutual
s_connection: verify depth is 1
Handshake duration: 718.97 ms
Execution 110 - TLS Mutual
s_connection: verify depth is 1
Handshake duration: 725.61 ms
Execution 111 - TLS Mutual
s_connection: verify depth is 1
Handshake duration: 1126.03 ms
Execution 112 - TLS Mutual
s_connection: verify depth is 1
Handshake duration: 714.66 ms
Execution 113 - TLS Mutual
s_connection: verify depth is 1
Handshake duration: 711.70 ms
Execution 114 - TLS Mutual
s_connection: verify depth is 1
Handshake duration: 708.15 ms
Execution 115 - TLS Mutual
s_connection: verify depth is 1
Handshake duration: 721.78 ms
Execution 116 - TLS Mutual
s_connection: verify depth is 1
Handshake duration: 717.39 ms
Execution 117 - TLS Mutual
s_connection: verify depth is 1
Handshake duration: 702.05 ms
Execution 118 - TLS Mutual
s_connection: verify depth is 1
Handshake duration: 713.85 ms
Execution 119 - TLS Mutual
s_connection: verify depth is 1
Handshake duration: 730.13 ms
Execution 120 - TLS Mutual
s_connection: verify depth is 1
Handshake duration: 747.09 ms
Execution 121 - TLS Mutual
s_connection: verify depth is 1
Handshake duration: 678.94 ms
Execution 122 - TLS Mutual
s_connection: verify depth is 1
Handshake duration: 715.90 ms
Execution 123 - TLS Mutual
s_connection: verify depth is 1
Handshake duration: 719.95 ms
Execution 124 - TLS Mutual
s_connection: verify depth is 1
Handshake duration: 725.73 ms
Execution 125 - TLS Mutual
s_connection: verify depth is 1
Handshake duration: 732.50 ms
