Handshake timeout budget: 150s (identique TLS/QUIC)
Applying netem rules to lo...
Showing qdisc status for the interface: lo
qdisc netem 84d7: root refcnt 2 limit 1000 seed 13580261809466418118
 Sent 0 bytes 0 pkt (dropped 0, overlimits 0 requeues 0) 
 backlog 0b 0p requeues 0
Running ./perftestClientTlsQuic.sh with SIG_ALG=secp384r1 and KEM_ALG=x448_hqc192
Execution 1 - TLS Mutual
s_connection: verify depth is 1
Handshake duration: 724.99 ms
Execution 2 - TLS Mutual
s_connection: verify depth is 1
Handshake duration: 566.44 ms
Execution 3 - TLS Mutual
s_connection: verify depth is 1
Handshake duration: 561.06 ms
Execution 4 - TLS Mutual
s_connection: verify depth is 1
Handshake duration: 566.59 ms
Execution 5 - TLS Mutual
s_connection: verify depth is 1
Handshake duration: 533.74 ms
Execution 6 - TLS Mutual
s_connection: verify depth is 1
Handshake duration: 714.46 ms
Execution 7 - TLS Mutual
s_connection: verify depth is 1
Handshake duration: 543.90 ms
Execution 8 - TLS Mutual
s_connection: verify depth is 1
Handshake duration: 548.54 ms
Execution 9 - TLS Mutual
s_connection: verify depth is 1
Handshake duration: 549.47 ms
Execution 10 - TLS Mutual
s_connection: verify depth is 1
Handshake duration: 495.59 ms
Execution 11 - TLS Mutual
s_connection: verify depth is 1
Handshake duration: 542.01 ms
Execution 12 - TLS Mutual
s_connection: verify depth is 1
Handshake duration: 1555.01 ms
Execution 13 - TLS Mutual
s_connection: verify depth is 1
Handshake duration: 555.46 ms
Execution 14 - TLS Mutual
s_connection: verify depth is 1
Handshake duration: 521.30 ms
Execution 15 - TLS Mutual
s_connection: verify depth is 1
Handshake duration: 556.90 ms
Execution 16 - TLS Mutual
s_connection: verify depth is 1
Handshake duration: 1913.45 ms
Execution 17 - TLS Mutual
s_connection: verify depth is 1
Handshake duration: 543.20 ms
Execution 18 - TLS Mutual
s_connection: verify depth is 1
Handshake duration: 571.41 ms
Execution 19 - TLS Mutual
s_connection: verify depth is 1
Handshake duration: 952.05 ms
Execution 20 - TLS Mutual
s_connection: verify depth is 1
Handshake duration: 792.91 ms
Execution 21 - TLS Mutual
s_connection: verify depth is 1
Handshake duration: 557.42 ms
Execution 22 - TLS Mutual
s_connection: verify depth is 1
Handshake duration: 563.53 ms
Execution 23 - TLS Mutual
s_connection: verify depth is 1
Handshake duration: 536.75 ms
Execution 24 - TLS Mutual
s_connection: verify depth is 1
Handshake duration: 569.76 ms
Execution 25 - TLS Mutual
s_connection: verify depth is 1
Handshake duration: 572.04 ms
Execution 26 - TLS Mutual
s_connection: verify depth is 1
Handshake duration: 556.35 ms
Execution 27 - TLS Mutual
s_connection: verify depth is 1
Handshake duration: 536.28 ms
Execution 28 - TLS Mutual
s_connection: verify depth is 1
Handshake duration: 537.04 ms
Execution 29 - TLS Mutual
s_connection: verify depth is 1
Handshake duration: 544.89 ms
Execution 30 - TLS Mutual
s_connection: verify depth is 1
Handshake duration: 562.05 ms
Execution 31 - TLS Mutual
s_connection: verify depth is 1
Handshake duration: 544.51 ms
Execution 32 - TLS Mutual
s_connection: verify depth is 1
Handshake duration: 557.76 ms
Execution 33 - TLS Mutual
s_connection: verify depth is 1
Handshake duration: 542.77 ms
Execution 34 - TLS Mutual
s_connection: verify depth is 1
Handshake duration: 543.21 ms
Execution 35 - TLS Mutual
s_connection: verify depth is 1
Handshake duration: 541.94 ms
Execution 36 - TLS Mutual
s_connection: verify depth is 1
Handshake duration: 527.47 ms
Execution 37 - TLS Mutual
s_connection: verify depth is 1
Handshake duration: 551.49 ms
Execution 38 - TLS Mutual
s_connection: verify depth is 1
Handshake duration: 545.90 ms
Execution 39 - TLS Mutual
s_connection: verify depth is 1
Handshake duration: 552.45 ms
Execution 40 - TLS Mutual
s_connection: verify depth is 1
Handshake duration: 511.43 ms
Execution 41 - TLS Mutual
s_connection: verify depth is 1
Handshake duration: 547.03 ms
Execution 42 - TLS Mutual
s_connection: verify depth is 1
Handshake duration: 518.58 ms
Execution 43 - TLS Mutual
s_connection: verify depth is 1
Handshake duration: 552.13 ms
Execution 44 - TLS Mutual
s_connection: verify depth is 1
Handshake duration: 545.74 ms
Execution 45 - TLS Mutual
s_connection: verify depth is 1
Handshake duration: 523.26 ms
Execution 46 - TLS Mutual
s_connection: verify depth is 1
Handshake duration: 552.98 ms
Execution 47 - TLS Mutual
s_connection: verify depth is 1
Handshake duration: 565.52 ms
Execution 48 - TLS Mutual
s_connection: verify depth is 1
Handshake duration: 560.95 ms
Execution 49 - TLS Mutual
s_connection: verify depth is 1
Handshake duration: 554.57 ms
Execution 50 - TLS Mutual
s_connection: verify depth is 1
Handshake duration: 491.12 ms
Execution 51 - TLS Mutual
s_connection: verify depth is 1
Handshake duration: 426.65 ms
Execution 52 - TLS Mutual
s_connection: verify depth is 1
Handshake duration: 554.30 ms
Execution 53 - TLS Mutual
s_connection: verify depth is 1
Handshake duration: 570.65 ms
Execution 54 - TLS Mutual
s_connection: verify depth is 1
Handshake duration: 553.44 ms
Execution 55 - TLS Mutual
s_connection: verify depth is 1
Handshake duration: 538.36 ms
Execution 56 - TLS Mutual
s_connection: verify depth is 1
Handshake duration: 538.42 ms
Execution 57 - TLS Mutual
s_connection: verify depth is 1
Handshake duration: 539.94 ms
Execution 58 - TLS Mutual
s_connection: verify depth is 1
Handshake duration: 732.42 ms
Execution 59 - TLS Mutual
s_connection: verify depth is 1
Handshake duration: 557.73 ms
Execution 60 - TLS Mutual
s_connection: verify depth is 1
Handshake duration: 558.00 ms
Execution 61 - TLS Mutual
s_connection: verify depth is 1
Handshake duration: 541.55 ms
Execution 62 - TLS Mutual
s_connection: verify depth is 1
Handshake duration: 539.42 ms
Execution 63 - TLS Mutual
s_connection: verify depth is 1
Handshake duration: 563.88 ms
Execution 64 - TLS Mutual
s_connection: verify depth is 1
Handshake duration: 543.81 ms
Execution 65 - TLS Mutual
s_connection: verify depth is 1
Handshake duration: 538.63 ms
Execution 66 - TLS Mutual
s_connection: verify depth is 1
Handshake duration: 546.63 ms
Execution 67 - TLS Mutual
s_connection: verify depth is 1
Handshake duration: 564.68 ms
Execution 68 - TLS Mutual
s_connection: verify depth is 1
Handshake duration: 939.48 ms
Execution 69 - TLS Mutual
s_connection: verify depth is 1
Handshake duration: 559.72 ms
Execution 70 - TLS Mutual
s_connection: verify depth is 1
Handshake duration: 561.19 ms
Execution 71 - TLS Mutual
s_connection: verify depth is 1
Handshake duration: 544.76 ms
Execution 72 - TLS Mutual
s_connection: verify depth is 1
Handshake duration: 552.11 ms
Execution 73 - TLS Mutual
s_connection: verify depth is 1
Handshake duration: 936.72 ms
Execution 74 - TLS Mutual
s_connection: verify depth is 1
Handshake duration: 554.40 ms
Execution 75 - TLS Mutual
s_connection: verify depth is 1
Handshake duration: 521.68 ms
Execution 76 - TLS Mutual
s_connection: verify depth is 1
Handshake duration: 554.81 ms
Execution 77 - TLS Mutual
s_connection: verify depth is 1
Handshake duration: 553.58 ms
Execution 78 - TLS Mutual
s_connection: verify depth is 1
Handshake duration: 546.06 ms
Execution 79 - TLS Mutual
s_connection: verify depth is 1
Handshake duration: 562.09 ms
Execution 80 - TLS Mutual
s_connection: verify depth is 1
Handshake duration: 558.51 ms
Execution 81 - TLS Mutual
s_connection: verify depth is 1
Handshake duration: 542.63 ms
Execution 82 - TLS Mutual
s_connection: verify depth is 1
Handshake duration: 548.43 ms
Execution 83 - TLS Mutual
s_connection: verify depth is 1
Handshake duration: 550.75 ms
Execution 84 - TLS Mutual
s_connection: verify depth is 1
Handshake duration: 553.88 ms
Execution 85 - TLS Mutual
s_connection: verify depth is 1
Handshake duration: 548.85 ms
Execution 86 - TLS Mutual
s_connection: verify depth is 1
Handshake duration: 545.07 ms
Execution 87 - TLS Mutual
s_connection: verify depth is 1
Handshake duration: 550.75 ms
Execution 88 - TLS Mutual
s_connection: verify depth is 1
Handshake duration: 556.22 ms
Execution 89 - TLS Mutual
s_connection: verify depth is 1
Handshake duration: 551.91 ms
Execution 90 - TLS Mutual
s_connection: verify depth is 1
Handshake duration: 524.86 ms
Execution 91 - TLS Mutual
s_connection: verify depth is 1
Handshake duration: 540.73 ms
Execution 92 - TLS Mutual
s_connection: verify depth is 1
Handshake duration: 556.66 ms
Execution 93 - TLS Mutual
s_connection: verify depth is 1
Handshake duration: 786.79 ms
Execution 94 - TLS Mutual
s_connection: verify depth is 1
Handshake duration: 896.30 ms
Execution 95 - TLS Mutual
s_connection: verify depth is 1
Handshake duration: 552.32 ms
Execution 96 - TLS Mutual
s_connection: verify depth is 1
Handshake duration: 557.89 ms
Execution 97 - TLS Mutual
s_connection: verify depth is 1
Handshake duration: 551.17 ms
Execution 98 - TLS Mutual
s_connection: verify depth is 1
Handshake duration: 537.61 ms
Execution 99 - TLS Mutual
s_connection: verify depth is 1
Handshake duration: 545.52 ms
Execution 100 - TLS Mutual
s_connection: verify depth is 1
Handshake duration: 544.74 ms
Execution 101 - TLS Mutual
s_connection: verify depth is 1
Handshake duration: 496.30 ms
Execution 102 - TLS Mutual
s_connection: verify depth is 1
Handshake duration: 552.32 ms
Execution 103 - TLS Mutual
s_connection: verify depth is 1
Handshake duration: 536.09 ms
Execution 104 - TLS Mutual
s_connection: verify depth is 1
Handshake duration: 548.93 ms
Execution 105 - TLS Mutual
s_connection: verify depth is 1
Handshake duration: 552.11 ms
Execution 106 - TLS Mutual
s_connection: verify depth is 1
Handshake duration: 557.86 ms
Execution 107 - TLS Mutual
s_connection: verify depth is 1
Handshake duration: 551.43 ms
Execution 108 - TLS Mutual
s_connection: verify depth is 1
Handshake duration: 556.85 ms
Execution 109 - TLS Mutual
s_connection: verify depth is 1
Handshake duration: 1097.14 ms
Execution 110 - TLS Mutual
s_connection: verify depth is 1
Handshake duration: 541.14 ms
Execution 111 - TLS Mutual
s_connection: verify depth is 1
Handshake duration: 520.89 ms
Execution 112 - TLS Mutual
s_connection: verify depth is 1
Handshake duration: 558.97 ms
Execution 113 - TLS Mutual
s_connection: verify depth is 1
Handshake duration: 542.72 ms
Execution 114 - TLS Mutual
s_connection: verify depth is 1
Handshake duration: 555.47 ms
Execution 115 - TLS Mutual
s_connection: verify depth is 1
Handshake duration: 542.32 ms
Execution 116 - TLS Mutual
s_connection: verify depth is 1
Handshake duration: 568.94 ms
Execution 117 - TLS Mutual
s_connection: verify depth is 1
Handshake duration: 569.47 ms
Execution 118 - TLS Mutual
s_connection: verify depth is 1
Handshake duration: 491.87 ms
Execution 119 - TLS Mutual
s_connection: verify depth is 1
Handshake duration: 546.04 ms
Execution 120 - TLS Mutual
s_connection: verify depth is 1
Handshake duration: 554.22 ms
Execution 121 - TLS Mutual
s_connection: verify depth is 1
Handshake duration: 542.26 ms
Execution 122 - TLS Mutual
s_connection: verify depth is 1
Handshake duration: 539.33 ms
Execution 123 - TLS Mutual
s_connection: verify depth is 1
Handshake duration: 544.35 ms
Execution 124 - TLS Mutual
s_connection: verify depth is 1
Handshake duration: 544.81 ms
Execution 125 - TLS Mutual
s_connection: verify depth is 1
Handshake duration: 557.14 ms
