Handshake timeout budget: 150s (identique TLS/QUIC)
Applying netem rules to lo...
Showing qdisc status for the interface: lo
qdisc netem 9a0d: root refcnt 2 limit 1000 seed 16284038735485096616
 Sent 0 bytes 0 pkt (dropped 0, overlimits 0 requeues 0) 
 backlog 0b 0p requeues 0
Running ./perftestClientTlsQuic.sh with SIG_ALG=ed25519 and KEM_ALG=hqc128
Execution 1 - TLS Mutual
s_connection: verify depth is 1
Handshake duration: 566.22 ms
Execution 2 - TLS Mutual
s_connection: verify depth is 1
Handshake duration: 398.52 ms
Execution 3 - TLS Mutual
s_connection: verify depth is 1
Handshake duration: 398.31 ms
Execution 4 - TLS Mutual
s_connection: verify depth is 1
Handshake duration: 399.06 ms
Execution 5 - TLS Mutual
s_connection: verify depth is 1
Handshake duration: 396.39 ms
Execution 6 - TLS Mutual
s_connection: verify depth is 1
Handshake duration: 396.37 ms
Execution 7 - TLS Mutual
s_connection: verify depth is 1
Handshake duration: 397.36 ms
Execution 8 - TLS Mutual
s_connection: verify depth is 1
Handshake duration: 397.64 ms
Execution 9 - TLS Mutual
s_connection: verify depth is 1
Handshake duration: 386.72 ms
Execution 10 - TLS Mutual
s_connection: verify depth is 1
Handshake duration: 403.06 ms
Execution 11 - TLS Mutual
s_connection: verify depth is 1
Handshake duration: 400.12 ms
Execution 12 - TLS Mutual
s_connection: verify depth is 1
Handshake duration: 375.49 ms
Execution 13 - TLS Mutual
s_connection: verify depth is 1
Handshake duration: 397.49 ms
Execution 14 - TLS Mutual
s_connection: verify depth is 1
Handshake duration: 398.58 ms
Execution 15 - TLS Mutual
s_connection: verify depth is 1
Handshake duration: 398.73 ms
Execution 16 - TLS Mutual
s_connection: verify depth is 1
Handshake duration: 387.64 ms
Execution 17 - TLS Mutual
s_connection: verify depth is 1
Handshake duration: 398.49 ms
Execution 18 - TLS Mutual
s_connection: verify depth is 1
Handshake duration: 356.19 ms
Execution 19 - TLS Mutual
s_connection: verify depth is 1
Handshake duration: 376.01 ms
Execution 20 - TLS Mutual
s_connection: verify depth is 1
Handshake duration: 720.73 ms
Execution 21 - TLS Mutual
s_connection: verify depth is 1
Handshake duration: 398.88 ms
Execution 22 - TLS Mutual
s_connection: verify depth is 1
Handshake duration: 385.19 ms
Execution 23 - TLS Mutual
s_connection: verify depth is 1
Handshake duration: 365.66 ms
Execution 24 - TLS Mutual
s_connection: verify depth is 1
Handshake duration: 391.04 ms
Execution 25 - TLS Mutual
s_connection: verify depth is 1
Handshake duration: 397.56 ms
Execution 26 - TLS Mutual
s_connection: verify depth is 1
Handshake duration: 396.92 ms
Execution 27 - TLS Mutual
s_connection: verify depth is 1
Handshake duration: 384.36 ms
Execution 28 - TLS Mutual
s_connection: verify depth is 1
Handshake duration: 374.58 ms
Execution 29 - TLS Mutual
s_connection: verify depth is 1
Handshake duration: 392.68 ms
Execution 30 - TLS Mutual
s_connection: verify depth is 1
Handshake duration: 397.93 ms
Execution 31 - TLS Mutual
s_connection: verify depth is 1
Handshake duration: 699.02 ms
Execution 32 - TLS Mutual
s_connection: verify depth is 1
Handshake duration: 386.38 ms
Execution 33 - TLS Mutual
s_connection: verify depth is 1
Handshake duration: 397.92 ms
Execution 34 - TLS Mutual
s_connection: verify depth is 1
Handshake duration: 398.42 ms
Execution 35 - TLS Mutual
s_connection: verify depth is 1
Handshake duration: 387.16 ms
Execution 36 - TLS Mutual
s_connection: verify depth is 1
Handshake duration: 395.70 ms
Execution 37 - TLS Mutual
s_connection: verify depth is 1
Handshake duration: 398.04 ms
Execution 38 - TLS Mutual
s_connection: verify depth is 1
Handshake duration: 398.84 ms
Execution 39 - TLS Mutual
s_connection: verify depth is 1
Handshake duration: 744.18 ms
Execution 40 - TLS Mutual
s_connection: verify depth is 1
Handshake duration: 396.68 ms
Execution 41 - TLS Mutual
s_connection: verify depth is 1
Handshake duration: 398.21 ms
Execution 42 - TLS Mutual
s_connection: verify depth is 1
Handshake duration: 397.17 ms
Execution 43 - TLS Mutual
s_connection: verify depth is 1
Handshake duration: 363.45 ms
Execution 44 - TLS Mutual
s_connection: verify depth is 1
Handshake duration: 397.39 ms
Execution 45 - TLS Mutual
s_connection: verify depth is 1
Handshake duration: 365.27 ms
Execution 46 - TLS Mutual
s_connection: verify depth is 1
Handshake duration: 383.49 ms
Execution 47 - TLS Mutual
s_connection: verify depth is 1
Handshake duration: 396.43 ms
Execution 48 - TLS Mutual
s_connection: verify depth is 1
Handshake duration: 382.07 ms
Execution 49 - TLS Mutual
s_connection: verify depth is 1
Handshake duration: 398.30 ms
Execution 50 - TLS Mutual
s_connection: verify depth is 1
Handshake duration: 382.75 ms
Execution 51 - TLS Mutual
s_connection: verify depth is 1
Handshake duration: 377.46 ms
Execution 52 - TLS Mutual
s_connection: verify depth is 1
Handshake duration: 386.55 ms
Execution 53 - TLS Mutual
s_connection: verify depth is 1
Handshake duration: 399.19 ms
Execution 54 - TLS Mutual
s_connection: verify depth is 1
Handshake duration: 378.23 ms
Execution 55 - TLS Mutual
s_connection: verify depth is 1
Handshake duration: 386.74 ms
Execution 56 - TLS Mutual
s_connection: verify depth is 1
Handshake duration: 397.56 ms
Execution 57 - TLS Mutual
s_connection: verify depth is 1
Handshake duration: 386.54 ms
Execution 58 - TLS Mutual
s_connection: verify depth is 1
Handshake duration: 397.97 ms
Execution 59 - TLS Mutual
s_connection: verify depth is 1
Handshake duration: 364.72 ms
Execution 60 - TLS Mutual
s_connection: verify depth is 1
Handshake duration: 396.57 ms
Execution 61 - TLS Mutual
s_connection: verify depth is 1
Handshake duration: 365.33 ms
Execution 62 - TLS Mutual
s_connection: verify depth is 1
Handshake duration: 399.10 ms
Execution 63 - TLS Mutual
s_connection: verify depth is 1
Handshake duration: 397.15 ms
Execution 64 - TLS Mutual
s_connection: verify depth is 1
Handshake duration: 385.14 ms
Execution 65 - TLS Mutual
s_connection: verify depth is 1
Handshake duration: 376.24 ms
Execution 66 - TLS Mutual
s_connection: verify depth is 1
Handshake duration: 382.46 ms
Execution 67 - TLS Mutual
s_connection: verify depth is 1
Handshake duration: 396.21 ms
Execution 68 - TLS Mutual
s_connection: verify depth is 1
Handshake duration: 384.72 ms
Execution 69 - TLS Mutual
s_connection: verify depth is 1
Handshake duration: 388.34 ms
Execution 70 - TLS Mutual
s_connection: verify depth is 1
Handshake duration: 376.87 ms
Execution 71 - TLS Mutual
s_connection: verify depth is 1
Handshake duration: 377.48 ms
Execution 72 - TLS Mutual
s_connection: verify depth is 1
Handshake duration: 395.80 ms
Execution 73 - TLS Mutual
s_connection: verify depth is 1
Handshake duration: 396.78 ms
Execution 74 - TLS Mutual
s_connection: verify depth is 1
Handshake duration: 385.47 ms
Execution 75 - TLS Mutual
s_connection: verify depth is 1
Handshake duration: 397.52 ms
Execution 76 - TLS Mutual
s_connection: verify depth is 1
Handshake duration: 366.05 ms
Execution 77 - TLS Mutual
s_connection: verify depth is 1
Handshake duration: 398.57 ms
Execution 78 - TLS Mutual
s_connection: verify depth is 1
Handshake duration: 386.82 ms
Execution 79 - TLS Mutual
s_connection: verify depth is 1
Handshake duration: 398.14 ms
Execution 80 - TLS Mutual
s_connection: verify depth is 1
Handshake duration: 388.13 ms
Execution 81 - TLS Mutual
s_connection: verify depth is 1
Handshake duration: 399.26 ms
Execution 82 - TLS Mutual
s_connection: verify depth is 1
Handshake duration: 376.28 ms
Execution 83 - TLS Mutual
s_connection: verify depth is 1
Handshake duration: 1047.19 ms
Execution 84 - TLS Mutual
s_connection: verify depth is 1
Handshake duration: 397.32 ms
Execution 85 - TLS Mutual
s_connection: verify depth is 1
Handshake duration: 397.26 ms
Execution 86 - TLS Mutual
s_connection: verify depth is 1
Handshake duration: 377.14 ms
Execution 87 - TLS Mutual
s_connection: verify depth is 1
Handshake duration: 1208.96 ms
Execution 88 - TLS Mutual
s_connection: verify depth is 1
Handshake duration: 387.83 ms
Execution 89 - TLS Mutual
s_connection: verify depth is 1
Handshake duration: 396.97 ms
Execution 90 - TLS Mutual
s_connection: verify depth is 1
Handshake duration: 389.73 ms
Execution 91 - TLS Mutual
s_connection: verify depth is 1
Handshake duration: 396.63 ms
Execution 92 - TLS Mutual
s_connection: verify depth is 1
Handshake duration: 386.13 ms
Execution 93 - TLS Mutual
s_connection: verify depth is 1
Handshake duration: 399.06 ms
Execution 94 - TLS Mutual
s_connection: verify depth is 1
Handshake duration: 398.53 ms
Execution 95 - TLS Mutual
s_connection: verify depth is 1
Handshake duration: 385.95 ms
Execution 96 - TLS Mutual
s_connection: verify depth is 1
Handshake duration: 375.31 ms
Execution 97 - TLS Mutual
s_connection: verify depth is 1
Handshake duration: 383.56 ms
Execution 98 - TLS Mutual
s_connection: verify depth is 1
Handshake duration: 397.80 ms
Execution 99 - TLS Mutual
s_connection: verify depth is 1
Handshake duration: 397.51 ms
Execution 100 - TLS Mutual
s_connection: verify depth is 1
Handshake duration: 372.63 ms
Execution 101 - TLS Mutual
s_connection: verify depth is 1
Handshake duration: 361.12 ms
Execution 102 - TLS Mutual
s_connection: verify depth is 1
Handshake duration: 373.60 ms
Execution 103 - TLS Mutual
s_connection: verify depth is 1
Handshake duration: 399.69 ms
Execution 104 - TLS Mutual
s_connection: verify depth is 1
Handshake duration: 398.03 ms
Execution 105 - TLS Mutual
s_connection: verify depth is 1
Handshake duration: 387.06 ms
Execution 106 - TLS Mutual
s_connection: verify depth is 1
Handshake duration: 397.89 ms
Execution 107 - TLS Mutual
s_connection: verify depth is 1
Handshake duration: 398.25 ms
Execution 108 - TLS Mutual
s_connection: verify depth is 1
Handshake duration: 757.22 ms
Execution 109 - TLS Mutual
s_connection: verify depth is 1
Handshake duration: 387.59 ms
Execution 110 - TLS Mutual
s_connection: verify depth is 1
Handshake duration: 396.91 ms
Execution 111 - TLS Mutual
s_connection: verify depth is 1
Handshake duration: 386.62 ms
Execution 112 - TLS Mutual
s_connection: verify depth is 1
Handshake duration: 1399.12 ms
Execution 113 - TLS Mutual
s_connection: verify depth is 1
Handshake duration: 398.97 ms
Execution 114 - TLS Mutual
s_connection: verify depth is 1
Handshake duration: 398.94 ms
Execution 115 - TLS Mutual
s_connection: verify depth is 1
Handshake duration: 735.20 ms
Execution 116 - TLS Mutual
s_connection: verify depth is 1
Handshake duration: 400.07 ms
Execution 117 - TLS Mutual
s_connection: verify depth is 1
Handshake duration: 399.85 ms
Execution 118 - TLS Mutual
s_connection: verify depth is 1
Handshake duration: 397.42 ms
Execution 119 - TLS Mutual
s_connection: verify depth is 1
Handshake duration: 396.91 ms
Execution 120 - TLS Mutual
s_connection: verify depth is 1
Handshake duration: 396.72 ms
Execution 121 - TLS Mutual
s_connection: verify depth is 1
Handshake duration: 377.64 ms
Execution 122 - TLS Mutual
s_connection: verify depth is 1
Handshake duration: 362.60 ms
Execution 123 - TLS Mutual
s_connection: verify depth is 1
Handshake duration: 360.97 ms
Execution 124 - TLS Mutual
s_connection: verify depth is 1
Handshake duration: 363.84 ms
Execution 125 - TLS Mutual
s_connection: verify depth is 1
Handshake duration: 356.75 ms
