Handshake timeout budget: 150s (identique TLS/QUIC)
Applying netem rules to lo...
Showing qdisc status for the interface: lo
qdisc netem 8bff: root refcnt 2 limit 1000 seed 8198198107390398347
 Sent 0 bytes 0 pkt (dropped 0, overlimits 0 requeues 0) 
 backlog 0b 0p requeues 0
Running ./perftestClientTlsQuic.sh with SIG_ALG=secp521r1 and KEM_ALG=p521_hqc256
Execution 1 - TLS Mutual
s_connection: verify depth is 1
Handshake duration: 804.86 ms
Execution 2 - TLS Mutual
s_connection: verify depth is 1
Handshake duration: 637.46 ms
Execution 3 - TLS Mutual
s_connection: verify depth is 1
Handshake duration: 659.12 ms
Execution 4 - TLS Mutual
s_connection: verify depth is 1
Handshake duration: 650.42 ms
Execution 5 - TLS Mutual
s_connection: verify depth is 1
Handshake duration: 639.91 ms
Execution 6 - TLS Mutual
s_connection: verify depth is 1
Handshake duration: 641.82 ms
Execution 7 - TLS Mutual
s_connection: verify depth is 1
Handshake duration: 659.27 ms
Execution 8 - TLS Mutual
s_connection: verify depth is 1
Handshake duration: 636.73 ms
Execution 9 - TLS Mutual
s_connection: verify depth is 1
Handshake duration: 641.16 ms
Execution 10 - TLS Mutual
s_connection: verify depth is 1
Handshake duration: 659.78 ms
Execution 11 - TLS Mutual
s_connection: verify depth is 1
Handshake duration: 662.80 ms
Execution 12 - TLS Mutual
s_connection: verify depth is 1
Handshake duration: 642.23 ms
Execution 13 - TLS Mutual
s_connection: verify depth is 1
Handshake duration: 639.38 ms
Execution 14 - TLS Mutual
s_connection: verify depth is 1
Handshake duration: 637.71 ms
Execution 15 - TLS Mutual
s_connection: verify depth is 1
Handshake duration: 618.12 ms
Execution 16 - TLS Mutual
s_connection: verify depth is 1
Handshake duration: 808.73 ms
Execution 17 - TLS Mutual
s_connection: verify depth is 1
Handshake duration: 661.59 ms
Execution 18 - TLS Mutual
s_connection: verify depth is 1
Handshake duration: 618.02 ms
Execution 19 - TLS Mutual
s_connection: verify depth is 1
Handshake duration: 663.79 ms
Execution 20 - TLS Mutual
s_connection: verify depth is 1
Handshake duration: 641.39 ms
Execution 21 - TLS Mutual
s_connection: verify depth is 1
Handshake duration: 663.18 ms
Execution 22 - TLS Mutual
s_connection: verify depth is 1
Handshake duration: 660.04 ms
Execution 23 - TLS Mutual
s_connection: verify depth is 1
Handshake duration: 663.84 ms
Execution 24 - TLS Mutual
s_connection: verify depth is 1
Handshake duration: 664.11 ms
Execution 25 - TLS Mutual
s_connection: verify depth is 1
Handshake duration: 641.62 ms
Execution 26 - TLS Mutual
s_connection: verify depth is 1
Handshake duration: 617.67 ms
Execution 27 - TLS Mutual
s_connection: verify depth is 1
Handshake duration: 607.32 ms
Execution 28 - TLS Mutual
s_connection: verify depth is 1
Handshake duration: 638.49 ms
Execution 29 - TLS Mutual
s_connection: verify depth is 1
Handshake duration: 637.69 ms
Execution 30 - TLS Mutual
s_connection: verify depth is 1
Handshake duration: 640.45 ms
Execution 31 - TLS Mutual
s_connection: verify depth is 1
Handshake duration: 656.40 ms
Execution 32 - TLS Mutual
s_connection: verify depth is 1
Handshake duration: 637.46 ms
Execution 33 - TLS Mutual
s_connection: verify depth is 1
Handshake duration: 1618.65 ms
Execution 34 - TLS Mutual
s_connection: verify depth is 1
Handshake duration: 619.85 ms
Execution 35 - TLS Mutual
s_connection: verify depth is 1
Handshake duration: 618.26 ms
Execution 36 - TLS Mutual
s_connection: verify depth is 1
Handshake duration: 617.44 ms
Execution 37 - TLS Mutual
s_connection: verify depth is 1
Handshake duration: 659.24 ms
Execution 38 - TLS Mutual
s_connection: verify depth is 1
Handshake duration: 660.51 ms
Execution 39 - TLS Mutual
s_connection: verify depth is 1
Handshake duration: 663.57 ms
Execution 40 - TLS Mutual
s_connection: verify depth is 1
Handshake duration: 635.38 ms
Execution 41 - TLS Mutual
s_connection: verify depth is 1
Handshake duration: 659.99 ms
Execution 42 - TLS Mutual
s_connection: verify depth is 1
Handshake duration: 657.94 ms
Execution 43 - TLS Mutual
s_connection: verify depth is 1
Handshake duration: 640.12 ms
Execution 44 - TLS Mutual
s_connection: verify depth is 1
Handshake duration: 622.84 ms
Execution 45 - TLS Mutual
s_connection: verify depth is 1
Handshake duration: 618.77 ms
Execution 46 - TLS Mutual
s_connection: verify depth is 1
Handshake duration: 639.49 ms
Execution 47 - TLS Mutual
s_connection: verify depth is 1
Handshake duration: 633.95 ms
Execution 48 - TLS Mutual
s_connection: verify depth is 1
Handshake duration: 620.06 ms
Execution 49 - TLS Mutual
s_connection: verify depth is 1
Handshake duration: 656.43 ms
Execution 50 - TLS Mutual
s_connection: verify depth is 1
Handshake duration: 637.91 ms
Execution 51 - TLS Mutual
s_connection: verify depth is 1
Handshake duration: 626.33 ms
Execution 52 - TLS Mutual
s_connection: verify depth is 1
Handshake duration: 644.95 ms
Execution 53 - TLS Mutual
s_connection: verify depth is 1
Handshake duration: 610.41 ms
Execution 54 - TLS Mutual
s_connection: verify depth is 1
Handshake duration: 607.39 ms
Execution 55 - TLS Mutual
s_connection: verify depth is 1
Handshake duration: 640.88 ms
Execution 56 - TLS Mutual
s_connection: verify depth is 1
Handshake duration: 663.75 ms
Execution 57 - TLS Mutual
s_connection: verify depth is 1
Handshake duration: 628.43 ms
Execution 58 - TLS Mutual
s_connection: verify depth is 1
Handshake duration: 620.14 ms
Execution 59 - TLS Mutual
s_connection: verify depth is 1
Handshake duration: 974.51 ms
Execution 60 - TLS Mutual
s_connection: verify depth is 1
Handshake duration: 616.83 ms
Execution 61 - TLS Mutual
s_connection: verify depth is 1
Handshake duration: 619.14 ms
Execution 62 - TLS Mutual
s_connection: verify depth is 1
Handshake duration: 662.59 ms
Execution 63 - TLS Mutual
s_connection: verify depth is 1
Handshake duration: 632.73 ms
Execution 64 - TLS Mutual
s_connection: verify depth is 1
Handshake duration: 807.62 ms
Execution 65 - TLS Mutual
s_connection: verify depth is 1
Handshake duration: 638.05 ms
Execution 66 - TLS Mutual
s_connection: verify depth is 1
Handshake duration: 658.50 ms
Execution 67 - TLS Mutual
s_connection: verify depth is 1
Handshake duration: 641.13 ms
Execution 68 - TLS Mutual
s_connection: verify depth is 1
Handshake duration: 618.08 ms
Execution 69 - TLS Mutual
s_connection: verify depth is 1
Handshake duration: 638.16 ms
Execution 70 - TLS Mutual
s_connection: verify depth is 1
Handshake duration: 620.00 ms
Execution 71 - TLS Mutual
s_connection: verify depth is 1
Handshake duration: 617.71 ms
Execution 72 - TLS Mutual
s_connection: verify depth is 1
Handshake duration: 641.08 ms
Execution 73 - TLS Mutual
s_connection: verify depth is 1
Handshake duration: 614.60 ms
Execution 74 - TLS Mutual
s_connection: verify depth is 1
Handshake duration: 638.69 ms
Execution 75 - TLS Mutual
s_connection: verify depth is 1
Handshake duration: 637.16 ms
Execution 76 - TLS Mutual
s_connection: verify depth is 1
Handshake duration: 1144.80 ms
Execution 77 - TLS Mutual
s_connection: verify depth is 1
Handshake duration: 1480.12 ms
Execution 78 - TLS Mutual
s_connection: verify depth is 1
Handshake duration: 637.69 ms
Execution 79 - TLS Mutual
s_connection: verify depth is 1
Handshake duration: 660.72 ms
Execution 80 - TLS Mutual
s_connection: verify depth is 1
Handshake duration: 636.54 ms
Execution 81 - TLS Mutual
s_connection: verify depth is 1
Handshake duration: 618.00 ms
Execution 82 - TLS Mutual
s_connection: verify depth is 1
Handshake duration: 639.10 ms
Execution 83 - TLS Mutual
s_connection: verify depth is 1
Handshake duration: 637.19 ms
Execution 84 - TLS Mutual
s_connection: verify depth is 1
Handshake duration: 638.34 ms
Execution 85 - TLS Mutual
s_connection: verify depth is 1
Handshake duration: 640.39 ms
Execution 86 - TLS Mutual
s_connection: verify depth is 1
Handshake duration: 663.78 ms
Execution 87 - TLS Mutual
s_connection: verify depth is 1
Handshake duration: 639.04 ms
Execution 88 - TLS Mutual
s_connection: verify depth is 1
Handshake duration: 633.14 ms
Execution 89 - TLS Mutual
s_connection: verify depth is 1
Handshake duration: 638.55 ms
Execution 90 - TLS Mutual
s_connection: verify depth is 1
Handshake duration: 659.86 ms
Execution 91 - TLS Mutual
s_connection: verify depth is 1
Handshake duration: 636.73 ms
Execution 92 - TLS Mutual
s_connection: verify depth is 1
Handshake duration: 636.86 ms
Execution 93 - TLS Mutual
s_connection: verify depth is 1
Handshake duration: 636.74 ms
Execution 94 - TLS Mutual
s_connection: verify depth is 1
Handshake duration: 660.78 ms
Execution 95 - TLS Mutual
s_connection: verify depth is 1
Handshake duration: 639.39 ms
Execution 96 - TLS Mutual
s_connection: verify depth is 1
Handshake duration: 617.90 ms
Execution 97 - TLS Mutual
s_connection: verify depth is 1
Handshake duration: 616.62 ms
Execution 98 - TLS Mutual
s_connection: verify depth is 1
Handshake duration: 664.36 ms
Execution 99 - TLS Mutual
s_connection: verify depth is 1
Handshake duration: 639.12 ms
Execution 100 - TLS Mutual
s_connection: verify depth is 1
Handshake duration: 619.21 ms
Execution 101 - TLS Mutual
s_connection: verify depth is 1
Handshake duration: 638.51 ms
Execution 102 - TLS Mutual
s_connection: verify depth is 1
Handshake duration: 617.42 ms
Execution 103 - TLS Mutual
s_connection: verify depth is 1
Handshake duration: 640.16 ms
Execution 104 - TLS Mutual
s_connection: verify depth is 1
Handshake duration: 622.91 ms
Execution 105 - TLS Mutual
s_connection: verify depth is 1
Handshake duration: 621.13 ms
Execution 106 - TLS Mutual
s_connection: verify depth is 1
Handshake duration: 664.72 ms
Execution 107 - TLS Mutual
s_connection: verify depth is 1
Handshake duration: 640.84 ms
Execution 108 - TLS Mutual
s_connection: verify depth is 1
Handshake duration: 977.14 ms
Execution 109 - TLS Mutual
s_connection: verify depth is 1
Handshake duration: 657.33 ms
Execution 110 - TLS Mutual
s_connection: verify depth is 1
Handshake duration: 661.82 ms
Execution 111 - TLS Mutual
s_connection: verify depth is 1
Handshake duration: 661.56 ms
Execution 112 - TLS Mutual
s_connection: verify depth is 1
Handshake duration: 638.12 ms
Execution 113 - TLS Mutual
s_connection: verify depth is 1
Handshake duration: 617.85 ms
Execution 114 - TLS Mutual
s_connection: verify depth is 1
Handshake duration: 659.89 ms
Execution 115 - TLS Mutual
s_connection: verify depth is 1
Handshake duration: 665.13 ms
Execution 116 - TLS Mutual
s_connection: verify depth is 1
Handshake duration: 618.46 ms
Execution 117 - TLS Mutual
s_connection: verify depth is 1
Handshake duration: 661.53 ms
Execution 118 - TLS Mutual
s_connection: verify depth is 1
Handshake duration: 640.09 ms
Execution 119 - TLS Mutual
s_connection: verify depth is 1
Handshake duration: 663.76 ms
Execution 120 - TLS Mutual
s_connection: verify depth is 1
Handshake duration: 1478.38 ms
Execution 121 - TLS Mutual
s_connection: verify depth is 1
Handshake duration: 618.36 ms
Execution 122 - TLS Mutual
s_connection: verify depth is 1
Handshake duration: 633.69 ms
Execution 123 - TLS Mutual
s_connection: verify depth is 1
Handshake duration: 630.58 ms
Execution 124 - TLS Mutual
s_connection: verify depth is 1
Handshake duration: 643.40 ms
Execution 125 - TLS Mutual
s_connection: verify depth is 1
Handshake duration: 616.73 ms
