Handshake timeout budget: 150s (identique TLS/QUIC)
Applying netem rules to lo...
Showing qdisc status for the interface: lo
qdisc netem 84a7: root refcnt 2 limit 1000 seed 2362727540697843423
 Sent 0 bytes 0 pkt (dropped 0, overlimits 0 requeues 0) 
 backlog 0b 0p requeues 0
Running ./perftestClientTlsQuic.sh with SIG_ALG=ed25519 and KEM_ALG=p256_hqc128
Execution 1 - TLS Mutual
s_connection: verify depth is 1
Handshake duration: 611.51 ms
Execution 2 - TLS Mutual
s_connection: verify depth is 1
Handshake duration: 438.81 ms
Execution 3 - TLS Mutual
s_connection: verify depth is 1
Handshake duration: 440.46 ms
Execution 4 - TLS Mutual
s_connection: verify depth is 1
Handshake duration: 448.11 ms
Execution 5 - TLS Mutual
s_connection: verify depth is 1
Handshake duration: 444.62 ms
Execution 6 - TLS Mutual
s_connection: verify depth is 1
Handshake duration: 442.72 ms
Execution 7 - TLS Mutual
s_connection: verify depth is 1
Handshake duration: 453.78 ms
Execution 8 - TLS Mutual
s_connection: verify depth is 1
Handshake duration: 447.60 ms
Execution 9 - TLS Mutual
s_connection: verify depth is 1
Handshake duration: 445.33 ms
Execution 10 - TLS Mutual
s_connection: verify depth is 1
Handshake duration: 443.40 ms
Execution 11 - TLS Mutual
s_connection: verify depth is 1
Handshake duration: 453.33 ms
Execution 12 - TLS Mutual
s_connection: verify depth is 1
Handshake duration: 443.77 ms
Execution 13 - TLS Mutual
s_connection: verify depth is 1
Handshake duration: 448.11 ms
Execution 14 - TLS Mutual
s_connection: verify depth is 1
Handshake duration: 441.21 ms
Execution 15 - TLS Mutual
s_connection: verify depth is 1
Handshake duration: 448.11 ms
Execution 16 - TLS Mutual
s_connection: verify depth is 1
Handshake duration: 441.86 ms
Execution 17 - TLS Mutual
s_connection: verify depth is 1
Handshake duration: 449.76 ms
Execution 18 - TLS Mutual
s_connection: verify depth is 1
Handshake duration: 448.09 ms
Execution 19 - TLS Mutual
s_connection: verify depth is 1
Handshake duration: 455.15 ms
Execution 20 - TLS Mutual
s_connection: verify depth is 1
Handshake duration: 437.41 ms
Execution 21 - TLS Mutual
s_connection: verify depth is 1
Handshake duration: 444.11 ms
Execution 22 - TLS Mutual
s_connection: verify depth is 1
Handshake duration: 450.63 ms
Execution 23 - TLS Mutual
s_connection: verify depth is 1
Handshake duration: 452.61 ms
Execution 24 - TLS Mutual
s_connection: verify depth is 1
Handshake duration: 448.74 ms
Execution 25 - TLS Mutual
s_connection: verify depth is 1
Handshake duration: 430.67 ms
Execution 26 - TLS Mutual
s_connection: verify depth is 1
Handshake duration: 448.62 ms
Execution 27 - TLS Mutual
s_connection: verify depth is 1
Handshake duration: 472.18 ms
Execution 28 - TLS Mutual
s_connection: verify depth is 1
Handshake duration: 447.25 ms
Execution 29 - TLS Mutual
s_connection: verify depth is 1
Handshake duration: 391.08 ms
Execution 30 - TLS Mutual
s_connection: verify depth is 1
Handshake duration: 409.79 ms
Execution 31 - TLS Mutual
s_connection: verify depth is 1
Handshake duration: 456.47 ms
Execution 32 - TLS Mutual
s_connection: verify depth is 1
Handshake duration: 439.77 ms
Execution 33 - TLS Mutual
s_connection: verify depth is 1
Handshake duration: 461.99 ms
Execution 34 - TLS Mutual
s_connection: verify depth is 1
Handshake duration: 1447.21 ms
Execution 35 - TLS Mutual
s_connection: verify depth is 1
Handshake duration: 454.62 ms
Execution 36 - TLS Mutual
s_connection: verify depth is 1
Handshake duration: 443.12 ms
Execution 37 - TLS Mutual
s_connection: verify depth is 1
Handshake duration: 465.96 ms
Execution 38 - TLS Mutual
s_connection: verify depth is 1
Handshake duration: 446.52 ms
Execution 39 - TLS Mutual
s_connection: verify depth is 1
Handshake duration: 449.06 ms
Execution 40 - TLS Mutual
s_connection: verify depth is 1
Handshake duration: 451.65 ms
Execution 41 - TLS Mutual
s_connection: verify depth is 1
Handshake duration: 454.72 ms
Execution 42 - TLS Mutual
s_connection: verify depth is 1
Handshake duration: 449.59 ms
Execution 43 - TLS Mutual
s_connection: verify depth is 1
Handshake duration: 452.47 ms
Execution 44 - TLS Mutual
s_connection: verify depth is 1
Handshake duration: 451.76 ms
Execution 45 - TLS Mutual
s_connection: verify depth is 1
Handshake duration: 440.47 ms
Execution 46 - TLS Mutual
s_connection: verify depth is 1
Handshake duration: 457.68 ms
Execution 47 - TLS Mutual
s_connection: verify depth is 1
Handshake duration: 439.78 ms
Execution 48 - TLS Mutual
s_connection: verify depth is 1
Handshake duration: 456.75 ms
Execution 49 - TLS Mutual
s_connection: verify depth is 1
Handshake duration: 453.46 ms
Execution 50 - TLS Mutual
s_connection: verify depth is 1
Handshake duration: 456.08 ms
Execution 51 - TLS Mutual
s_connection: verify depth is 1
Handshake duration: 448.81 ms
Execution 52 - TLS Mutual
s_connection: verify depth is 1
Handshake duration: 449.24 ms
Execution 53 - TLS Mutual
s_connection: verify depth is 1
Handshake duration: 1437.94 ms
Execution 54 - TLS Mutual
s_connection: verify depth is 1
Handshake duration: 449.35 ms
Execution 55 - TLS Mutual
s_connection: verify depth is 1
Handshake duration: 440.55 ms
Execution 56 - TLS Mutual
s_connection: verify depth is 1
Handshake duration: 436.83 ms
Execution 57 - TLS Mutual
s_connection: verify depth is 1
Handshake duration: 442.38 ms
Execution 58 - TLS Mutual
s_connection: verify depth is 1
Handshake duration: 451.70 ms
Execution 59 - TLS Mutual
s_connection: verify depth is 1
Handshake duration: 459.62 ms
Execution 60 - TLS Mutual
s_connection: verify depth is 1
Handshake duration: 444.02 ms
Execution 61 - TLS Mutual
s_connection: verify depth is 1
Handshake duration: 846.79 ms
Execution 62 - TLS Mutual
s_connection: verify depth is 1
Handshake duration: 445.15 ms
Execution 63 - TLS Mutual
s_connection: verify depth is 1
Handshake duration: 444.72 ms
Execution 64 - TLS Mutual
s_connection: verify depth is 1
Handshake duration: 441.47 ms
Execution 65 - TLS Mutual
s_connection: verify depth is 1
Handshake duration: 453.89 ms
Execution 66 - TLS Mutual
s_connection: verify depth is 1
Handshake duration: 443.91 ms
Execution 67 - TLS Mutual
s_connection: verify depth is 1
Handshake duration: 419.64 ms
Execution 68 - TLS Mutual
s_connection: verify depth is 1
Handshake duration: 431.22 ms
Execution 69 - TLS Mutual
s_connection: verify depth is 1
Handshake duration: 452.70 ms
Execution 70 - TLS Mutual
s_connection: verify depth is 1
Handshake duration: 786.02 ms
Execution 71 - TLS Mutual
s_connection: verify depth is 1
Handshake duration: 441.39 ms
Execution 72 - TLS Mutual
s_connection: verify depth is 1
Handshake duration: 441.44 ms
Execution 73 - TLS Mutual
s_connection: verify depth is 1
Handshake duration: 448.28 ms
Execution 74 - TLS Mutual
s_connection: verify depth is 1
Handshake duration: 449.69 ms
Execution 75 - TLS Mutual
s_connection: verify depth is 1
Handshake duration: 446.54 ms
Execution 76 - TLS Mutual
s_connection: verify depth is 1
Handshake duration: 440.99 ms
Execution 77 - TLS Mutual
s_connection: verify depth is 1
Handshake duration: 448.17 ms
Execution 78 - TLS Mutual
s_connection: verify depth is 1
Handshake duration: 445.04 ms
Execution 79 - TLS Mutual
s_connection: verify depth is 1
Handshake duration: 459.51 ms
Execution 80 - TLS Mutual
s_connection: verify depth is 1
Handshake duration: 440.60 ms
Execution 81 - TLS Mutual
s_connection: verify depth is 1
Handshake duration: 433.07 ms
Execution 82 - TLS Mutual
s_connection: verify depth is 1
Handshake duration: 451.23 ms
Execution 83 - TLS Mutual
s_connection: verify depth is 1
Handshake duration: 438.65 ms
Execution 84 - TLS Mutual
s_connection: verify depth is 1
Handshake duration: 450.07 ms
Execution 85 - TLS Mutual
s_connection: verify depth is 1
Handshake duration: 449.42 ms
Execution 86 - TLS Mutual
s_connection: verify depth is 1
Handshake duration: 460.21 ms
Execution 87 - TLS Mutual
s_connection: verify depth is 1
Handshake duration: 435.47 ms
Execution 88 - TLS Mutual
s_connection: verify depth is 1
Handshake duration: 445.49 ms
Execution 89 - TLS Mutual
s_connection: verify depth is 1
Handshake duration: 449.39 ms
Execution 90 - TLS Mutual
s_connection: verify depth is 1
Handshake duration: 449.94 ms
Execution 91 - TLS Mutual
s_connection: verify depth is 1
Handshake duration: 448.46 ms
Execution 92 - TLS Mutual
s_connection: verify depth is 1
Handshake duration: 453.55 ms
Execution 93 - TLS Mutual
s_connection: verify depth is 1
Handshake duration: 439.89 ms
Execution 94 - TLS Mutual
s_connection: verify depth is 1
Handshake duration: 449.69 ms
Execution 95 - TLS Mutual
s_connection: verify depth is 1
Handshake duration: 445.56 ms
Execution 96 - TLS Mutual
s_connection: verify depth is 1
Handshake duration: 449.35 ms
Execution 97 - TLS Mutual
s_connection: verify depth is 1
Handshake duration: 447.44 ms
Execution 98 - TLS Mutual
s_connection: verify depth is 1
Handshake duration: 451.51 ms
Execution 99 - TLS Mutual
s_connection: verify depth is 1
Handshake duration: 448.26 ms
Execution 100 - TLS Mutual
s_connection: verify depth is 1
Handshake duration: 433.67 ms
Execution 101 - TLS Mutual
s_connection: verify depth is 1
Handshake duration: 443.20 ms
Execution 102 - TLS Mutual
s_connection: verify depth is 1
Handshake duration: 454.56 ms
Execution 103 - TLS Mutual
s_connection: verify depth is 1
Handshake duration: 455.26 ms
Execution 104 - TLS Mutual
s_connection: verify depth is 1
Handshake duration: 1066.29 ms
Execution 105 - TLS Mutual
s_connection: verify depth is 1
Handshake duration: 434.30 ms
Execution 106 - TLS Mutual
s_connection: verify depth is 1
Handshake duration: 457.45 ms
Execution 107 - TLS Mutual
s_connection: verify depth is 1
Handshake duration: 443.91 ms
Execution 108 - TLS Mutual
s_connection: verify depth is 1
Handshake duration: 821.13 ms
Execution 109 - TLS Mutual
s_connection: verify depth is 1
Handshake duration: 436.95 ms
Execution 110 - TLS Mutual
s_connection: verify depth is 1
Handshake duration: 462.51 ms
Execution 111 - TLS Mutual
s_connection: verify depth is 1
Handshake duration: 457.56 ms
Execution 112 - TLS Mutual
s_connection: verify depth is 1
Handshake duration: 448.81 ms
Execution 113 - TLS Mutual
s_connection: verify depth is 1
Handshake duration: 455.31 ms
Execution 114 - TLS Mutual
s_connection: verify depth is 1
Handshake duration: 457.67 ms
Execution 115 - TLS Mutual
s_connection: verify depth is 1
Handshake duration: 448.57 ms
Execution 116 - TLS Mutual
s_connection: verify depth is 1
Handshake duration: 460.87 ms
Execution 117 - TLS Mutual
s_connection: verify depth is 1
Handshake duration: 447.33 ms
Execution 118 - TLS Mutual
s_connection: verify depth is 1
Handshake duration: 451.14 ms
Execution 119 - TLS Mutual
s_connection: verify depth is 1
Handshake duration: 403.39 ms
Execution 120 - TLS Mutual
s_connection: verify depth is 1
Handshake duration: 428.97 ms
Execution 121 - TLS Mutual
s_connection: verify depth is 1
Handshake duration: 439.54 ms
Execution 122 - TLS Mutual
s_connection: verify depth is 1
Handshake duration: 1806.48 ms
Execution 123 - TLS Mutual
s_connection: verify depth is 1
Handshake duration: 449.74 ms
Execution 124 - TLS Mutual
s_connection: verify depth is 1
Handshake duration: 462.68 ms
Execution 125 - TLS Mutual
s_connection: verify depth is 1
Handshake duration: 455.22 ms
