Handshake timeout budget: 150s (identique TLS/QUIC)
Applying netem rules to lo...
Showing qdisc status for the interface: lo
qdisc netem 91f9: root refcnt 2 limit 1000 seed 17995153017115055814
 Sent 0 bytes 0 pkt (dropped 0, overlimits 0 requeues 0) 
 backlog 0b 0p requeues 0
Running ./perftestClientTlsQuic.sh with SIG_ALG=secp384r1 and KEM_ALG=p384_hqc192
Execution 1 - TLS Mutual
s_connection: verify depth is 1
Handshake duration: 578.10 ms
Execution 2 - TLS Mutual
s_connection: verify depth is 1
Handshake duration: 768.13 ms
Execution 3 - TLS Mutual
s_connection: verify depth is 1
Handshake duration: 427.35 ms
Execution 4 - TLS Mutual
s_connection: verify depth is 1
Handshake duration: 432.22 ms
Execution 5 - TLS Mutual
s_connection: verify depth is 1
Handshake duration: 607.11 ms
Execution 6 - TLS Mutual
s_connection: verify depth is 1
Handshake duration: 436.07 ms
Execution 7 - TLS Mutual
s_connection: verify depth is 1
Handshake duration: 431.21 ms
Execution 8 - TLS Mutual
s_connection: verify depth is 1
Handshake duration: 428.99 ms
Execution 9 - TLS Mutual
s_connection: verify depth is 1
Handshake duration: 456.32 ms
Execution 10 - TLS Mutual
s_connection: verify depth is 1
Handshake duration: 430.33 ms
Execution 11 - TLS Mutual
s_connection: verify depth is 1
Handshake duration: 410.06 ms
Execution 12 - TLS Mutual
s_connection: verify depth is 1
Handshake duration: 435.80 ms
Execution 13 - TLS Mutual
s_connection: verify depth is 1
Handshake duration: 434.86 ms
Execution 14 - TLS Mutual
s_connection: verify depth is 1
Handshake duration: 433.16 ms
Execution 15 - TLS Mutual
s_connection: verify depth is 1
Handshake duration: 455.57 ms
Execution 16 - TLS Mutual
s_connection: verify depth is 1
Handshake duration: 412.02 ms
Execution 17 - TLS Mutual
s_connection: verify depth is 1
Handshake duration: 455.50 ms
Execution 18 - TLS Mutual
s_connection: verify depth is 1
Handshake duration: 457.22 ms
Execution 19 - TLS Mutual
s_connection: verify depth is 1
Handshake duration: 406.88 ms
Execution 20 - TLS Mutual
s_connection: verify depth is 1
Handshake duration: 1083.25 ms
Execution 21 - TLS Mutual
s_connection: verify depth is 1
Handshake duration: 435.51 ms
Execution 22 - TLS Mutual
s_connection: verify depth is 1
Handshake duration: 459.77 ms
Execution 23 - TLS Mutual
s_connection: verify depth is 1
Handshake duration: 601.95 ms
Execution 24 - TLS Mutual
s_connection: verify depth is 1
Handshake duration: 1088.51 ms
Execution 25 - TLS Mutual
s_connection: verify depth is 1
Handshake duration: 838.32 ms
Execution 26 - TLS Mutual
s_connection: verify depth is 1
Handshake duration: 826.69 ms
Execution 27 - TLS Mutual
s_connection: verify depth is 1
Handshake duration: 438.62 ms
Execution 28 - TLS Mutual
s_connection: verify depth is 1
Handshake duration: 647.36 ms
Execution 29 - TLS Mutual
s_connection: verify depth is 1
Handshake duration: 456.49 ms
Execution 30 - TLS Mutual
s_connection: verify depth is 1
Handshake duration: 455.96 ms
Execution 31 - TLS Mutual
s_connection: verify depth is 1
Handshake duration: 428.77 ms
Execution 32 - TLS Mutual
s_connection: verify depth is 1
Handshake duration: 457.81 ms
Execution 33 - TLS Mutual
s_connection: verify depth is 1
Handshake duration: 456.65 ms
Execution 34 - TLS Mutual
s_connection: verify depth is 1
Handshake duration: 410.89 ms
Execution 35 - TLS Mutual
s_connection: verify depth is 1
Handshake duration: 456.25 ms
Execution 36 - TLS Mutual
s_connection: verify depth is 1
Handshake duration: 431.29 ms
Execution 37 - TLS Mutual
s_connection: verify depth is 1
Handshake duration: 460.52 ms
Execution 38 - TLS Mutual
s_connection: verify depth is 1
Handshake duration: 408.13 ms
Execution 39 - TLS Mutual
s_connection: verify depth is 1
Handshake duration: 457.65 ms
Execution 40 - TLS Mutual
s_connection: verify depth is 1
Handshake duration: 410.05 ms
Execution 41 - TLS Mutual
s_connection: verify depth is 1
Handshake duration: 457.26 ms
Execution 42 - TLS Mutual
s_connection: verify depth is 1
Handshake duration: 408.39 ms
Execution 43 - TLS Mutual
s_connection: verify depth is 1
Handshake duration: 458.54 ms
Execution 44 - TLS Mutual
s_connection: verify depth is 1
Handshake duration: 425.62 ms
Execution 45 - TLS Mutual
s_connection: verify depth is 1
Handshake duration: 1086.84 ms
Execution 46 - TLS Mutual
s_connection: verify depth is 1
Handshake duration: 437.27 ms
Execution 47 - TLS Mutual
s_connection: verify depth is 1
Handshake duration: 454.53 ms
Execution 48 - TLS Mutual
s_connection: verify depth is 1
Handshake duration: 450.46 ms
Execution 49 - TLS Mutual
s_connection: verify depth is 1
Handshake duration: 579.52 ms
Execution 50 - TLS Mutual
s_connection: verify depth is 1
Handshake duration: 433.26 ms
Execution 51 - TLS Mutual
s_connection: verify depth is 1
Handshake duration: 451.67 ms
Execution 52 - TLS Mutual
s_connection: verify depth is 1
Handshake duration: 455.16 ms
Execution 53 - TLS Mutual
s_connection: verify depth is 1
Handshake duration: 430.77 ms
Execution 54 - TLS Mutual
s_connection: verify depth is 1
Handshake duration: 458.04 ms
Execution 55 - TLS Mutual
s_connection: verify depth is 1
Handshake duration: 434.94 ms
Execution 56 - TLS Mutual
s_connection: verify depth is 1
Handshake duration: 434.13 ms
Execution 57 - TLS Mutual
s_connection: verify depth is 1
Handshake duration: 459.30 ms
Execution 58 - TLS Mutual
s_connection: verify depth is 1
Handshake duration: 432.58 ms
Execution 59 - TLS Mutual
s_connection: verify depth is 1
Handshake duration: 434.42 ms
Execution 60 - TLS Mutual
s_connection: verify depth is 1
Handshake duration: 456.22 ms
Execution 61 - TLS Mutual
s_connection: verify depth is 1
Handshake duration: 436.79 ms
Execution 62 - TLS Mutual
s_connection: verify depth is 1
Handshake duration: 453.80 ms
Execution 63 - TLS Mutual
s_connection: verify depth is 1
Handshake duration: 408.26 ms
Execution 64 - TLS Mutual
s_connection: verify depth is 1
Handshake duration: 621.01 ms
Execution 65 - TLS Mutual
s_connection: verify depth is 1
Handshake duration: 456.57 ms
Execution 66 - TLS Mutual
s_connection: verify depth is 1
Handshake duration: 408.57 ms
Execution 67 - TLS Mutual
s_connection: verify depth is 1
Handshake duration: 411.70 ms
Execution 68 - TLS Mutual
s_connection: verify depth is 1
Handshake duration: 984.20 ms
Execution 69 - TLS Mutual
s_connection: verify depth is 1
Handshake duration: 457.29 ms
Execution 70 - TLS Mutual
s_connection: verify depth is 1
Handshake duration: 1091.57 ms
Execution 71 - TLS Mutual
s_connection: verify depth is 1
Handshake duration: 455.94 ms
Execution 72 - TLS Mutual
s_connection: verify depth is 1
Handshake duration: 431.48 ms
Execution 73 - TLS Mutual
s_connection: verify depth is 1
Handshake duration: 457.26 ms
Execution 74 - TLS Mutual
s_connection: verify depth is 1
Handshake duration: 741.99 ms
Execution 75 - TLS Mutual
s_connection: verify depth is 1
Handshake duration: 455.16 ms
Execution 76 - TLS Mutual
s_connection: verify depth is 1
Handshake duration: 427.84 ms
Execution 77 - TLS Mutual
s_connection: verify depth is 1
Handshake duration: 455.95 ms
Execution 78 - TLS Mutual
s_connection: verify depth is 1
Handshake duration: 408.54 ms
Execution 79 - TLS Mutual
s_connection: verify depth is 1
Handshake duration: 454.26 ms
Execution 80 - TLS Mutual
s_connection: verify depth is 1
Handshake duration: 433.37 ms
Execution 81 - TLS Mutual
s_connection: verify depth is 1
Handshake duration: 433.76 ms
Execution 82 - TLS Mutual
s_connection: verify depth is 1
Handshake duration: 458.32 ms
Execution 83 - TLS Mutual
s_connection: verify depth is 1
Handshake duration: 782.80 ms
Execution 84 - TLS Mutual
s_connection: verify depth is 1
Handshake duration: 457.83 ms
Execution 85 - TLS Mutual
s_connection: verify depth is 1
Handshake duration: 431.74 ms
Execution 86 - TLS Mutual
s_connection: verify depth is 1
Handshake duration: 626.32 ms
Execution 87 - TLS Mutual
s_connection: verify depth is 1
Handshake duration: 455.75 ms
Execution 88 - TLS Mutual
s_connection: verify depth is 1
Handshake duration: 456.86 ms
Execution 89 - TLS Mutual
s_connection: verify depth is 1
Handshake duration: 434.57 ms
Execution 90 - TLS Mutual
s_connection: verify depth is 1
Handshake duration: 454.82 ms
Execution 91 - TLS Mutual
s_connection: verify depth is 1
Handshake duration: 439.74 ms
Execution 92 - TLS Mutual
s_connection: verify depth is 1
Handshake duration: 431.82 ms
Execution 93 - TLS Mutual
s_connection: verify depth is 1
Handshake duration: 460.34 ms
Execution 94 - TLS Mutual
s_connection: verify depth is 1
Handshake duration: 424.80 ms
Execution 95 - TLS Mutual
s_connection: verify depth is 1
Handshake duration: 456.88 ms
Execution 96 - TLS Mutual
s_connection: verify depth is 1
Handshake duration: 446.36 ms
Execution 97 - TLS Mutual
s_connection: verify depth is 1
Handshake duration: 452.28 ms
Execution 98 - TLS Mutual
s_connection: verify depth is 1
Handshake duration: 433.65 ms
Execution 99 - TLS Mutual
s_connection: verify depth is 1
Handshake duration: 436.43 ms
Execution 100 - TLS Mutual
s_connection: verify depth is 1
Handshake duration: 456.09 ms
Execution 101 - TLS Mutual
s_connection: verify depth is 1
Handshake duration: 455.15 ms
Execution 102 - TLS Mutual
s_connection: verify depth is 1
Handshake duration: 791.77 ms
Execution 103 - TLS Mutual
s_connection: verify depth is 1
Handshake duration: 452.61 ms
Execution 104 - TLS Mutual
s_connection: verify depth is 1
Handshake duration: 455.97 ms
Execution 105 - TLS Mutual
s_connection: verify depth is 1
Handshake duration: 431.27 ms
Execution 106 - TLS Mutual
s_connection: verify depth is 1
Handshake duration: 444.02 ms
Execution 107 - TLS Mutual
s_connection: verify depth is 1
Handshake duration: 456.99 ms
Execution 108 - TLS Mutual
s_connection: verify depth is 1
Handshake duration: 452.84 ms
Execution 109 - TLS Mutual
s_connection: verify depth is 1
Handshake duration: 458.06 ms
Execution 110 - TLS Mutual
s_connection: verify depth is 1
Handshake duration: 457.42 ms
Execution 111 - TLS Mutual
s_connection: verify depth is 1
Handshake duration: 456.85 ms
Execution 112 - TLS Mutual
s_connection: verify depth is 1
Handshake duration: 432.90 ms
Execution 113 - TLS Mutual
s_connection: verify depth is 1
Handshake duration: 458.47 ms
Execution 114 - TLS Mutual
s_connection: verify depth is 1
Handshake duration: 408.60 ms
Execution 115 - TLS Mutual
s_connection: verify depth is 1
Handshake duration: 1894.86 ms
Execution 116 - TLS Mutual
s_connection: verify depth is 1
Handshake duration: 430.61 ms
Execution 117 - TLS Mutual
s_connection: verify depth is 1
Handshake duration: 456.04 ms
Execution 118 - TLS Mutual
s_connection: verify depth is 1
Handshake duration: 459.26 ms
Execution 119 - TLS Mutual
s_connection: verify depth is 1
Handshake duration: 431.38 ms
Execution 120 - TLS Mutual
s_connection: verify depth is 1
Handshake duration: 432.20 ms
Execution 121 - TLS Mutual
s_connection: verify depth is 1
Handshake duration: 458.45 ms
Execution 122 - TLS Mutual
s_connection: verify depth is 1
Handshake duration: 457.85 ms
Execution 123 - TLS Mutual
s_connection: verify depth is 1
Handshake duration: 433.17 ms
Execution 124 - TLS Mutual
s_connection: verify depth is 1
Handshake duration: 455.74 ms
Execution 125 - TLS Mutual
s_connection: verify depth is 1
Handshake duration: 1918.99 ms
