Handshake timeout budget: 150s (identique TLS/QUIC)
Applying netem rules to lo...
Showing qdisc status for the interface: lo
qdisc netem 9a31: root refcnt 2 limit 1000 seed 6755501827516049601
 Sent 0 bytes 0 pkt (dropped 0, overlimits 0 requeues 0) 
 backlog 0b 0p requeues 0
Running ./perftestClientTlsQuic.sh with SIG_ALG=ed25519 and KEM_ALG=x25519_hqc128
Execution 1 - TLS Mutual
s_connection: verify depth is 1
Handshake duration: 1564.31 ms
Execution 2 - TLS Mutual
s_connection: verify depth is 1
Handshake duration: 395.72 ms
Execution 3 - TLS Mutual
s_connection: verify depth is 1
Handshake duration: 397.60 ms
Execution 4 - TLS Mutual
s_connection: verify depth is 1
Handshake duration: 395.07 ms
Execution 5 - TLS Mutual
s_connection: verify depth is 1
Handshake duration: 398.47 ms
Execution 6 - TLS Mutual
s_connection: verify depth is 1
Handshake duration: 380.07 ms
Execution 7 - TLS Mutual
s_connection: verify depth is 1
Handshake duration: 401.05 ms
Execution 8 - TLS Mutual
s_connection: verify depth is 1
Handshake duration: 380.57 ms
Execution 9 - TLS Mutual
s_connection: verify depth is 1
Handshake duration: 398.32 ms
Execution 10 - TLS Mutual
s_connection: verify depth is 1
Handshake duration: 379.86 ms
Execution 11 - TLS Mutual
s_connection: verify depth is 1
Handshake duration: 398.54 ms
Execution 12 - TLS Mutual
s_connection: verify depth is 1
Handshake duration: 400.30 ms
Execution 13 - TLS Mutual
s_connection: verify depth is 1
Handshake duration: 399.36 ms
Execution 14 - TLS Mutual
s_connection: verify depth is 1
Handshake duration: 398.12 ms
Execution 15 - TLS Mutual
s_connection: verify depth is 1
Handshake duration: 397.99 ms
Execution 16 - TLS Mutual
s_connection: verify depth is 1
Handshake duration: 398.14 ms
Execution 17 - TLS Mutual
s_connection: verify depth is 1
Handshake duration: 378.93 ms
Execution 18 - TLS Mutual
s_connection: verify depth is 1
Handshake duration: 400.33 ms
Execution 19 - TLS Mutual
s_connection: verify depth is 1
Handshake duration: 381.08 ms
Execution 20 - TLS Mutual
s_connection: verify depth is 1
Handshake duration: 399.64 ms
Execution 21 - TLS Mutual
s_connection: verify depth is 1
Handshake duration: 381.95 ms
Execution 22 - TLS Mutual
s_connection: verify depth is 1
Handshake duration: 381.62 ms
Execution 23 - TLS Mutual
s_connection: verify depth is 1
Handshake duration: 716.92 ms
Execution 24 - TLS Mutual
s_connection: verify depth is 1
Handshake duration: 397.35 ms
Execution 25 - TLS Mutual
s_connection: verify depth is 1
Handshake duration: 390.23 ms
Execution 26 - TLS Mutual
s_connection: verify depth is 1
Handshake duration: 382.03 ms
Execution 27 - TLS Mutual
s_connection: verify depth is 1
Handshake duration: 402.61 ms
Execution 28 - TLS Mutual
s_connection: verify depth is 1
Handshake duration: 398.81 ms
Execution 29 - TLS Mutual
s_connection: verify depth is 1
Handshake duration: 752.18 ms
Execution 30 - TLS Mutual
s_connection: verify depth is 1
Handshake duration: 390.27 ms
Execution 31 - TLS Mutual
s_connection: verify depth is 1
Handshake duration: 399.61 ms
Execution 32 - TLS Mutual
s_connection: verify depth is 1
Handshake duration: 378.71 ms
Execution 33 - TLS Mutual
s_connection: verify depth is 1
Handshake duration: 399.25 ms
Execution 34 - TLS Mutual
s_connection: verify depth is 1
Handshake duration: 365.16 ms
Execution 35 - TLS Mutual
s_connection: verify depth is 1
Handshake duration: 402.23 ms
Execution 36 - TLS Mutual
s_connection: verify depth is 1
Handshake duration: 386.20 ms
Execution 37 - TLS Mutual
s_connection: verify depth is 1
Handshake duration: 401.19 ms
Execution 38 - TLS Mutual
s_connection: verify depth is 1
Handshake duration: 399.53 ms
Execution 39 - TLS Mutual
s_connection: verify depth is 1
Handshake duration: 387.57 ms
Execution 40 - TLS Mutual
s_connection: verify depth is 1
Handshake duration: 399.02 ms
Execution 41 - TLS Mutual
s_connection: verify depth is 1
Handshake duration: 386.08 ms
Execution 42 - TLS Mutual
s_connection: verify depth is 1
Handshake duration: 398.52 ms
Execution 43 - TLS Mutual
s_connection: verify depth is 1
Handshake duration: 368.33 ms
Execution 44 - TLS Mutual
s_connection: verify depth is 1
Handshake duration: 398.18 ms
Execution 45 - TLS Mutual
s_connection: verify depth is 1
Handshake duration: 386.52 ms
Execution 46 - TLS Mutual
s_connection: verify depth is 1
Handshake duration: 399.13 ms
Execution 47 - TLS Mutual
s_connection: verify depth is 1
Handshake duration: 364.66 ms
Execution 48 - TLS Mutual
s_connection: verify depth is 1
Handshake duration: 398.32 ms
Execution 49 - TLS Mutual
s_connection: verify depth is 1
Handshake duration: 387.68 ms
Execution 50 - TLS Mutual
s_connection: verify depth is 1
Handshake duration: 398.69 ms
Execution 51 - TLS Mutual
s_connection: verify depth is 1
Handshake duration: 407.12 ms
Execution 52 - TLS Mutual
s_connection: verify depth is 1
Handshake duration: 403.20 ms
Execution 53 - TLS Mutual
s_connection: verify depth is 1
Handshake duration: 399.62 ms
Execution 54 - TLS Mutual
s_connection: verify depth is 1
Handshake duration: 397.72 ms
Execution 55 - TLS Mutual
s_connection: verify depth is 1
Handshake duration: 356.43 ms
Execution 56 - TLS Mutual
s_connection: verify depth is 1
Handshake duration: 397.92 ms
Execution 57 - TLS Mutual
s_connection: verify depth is 1
Handshake duration: 386.59 ms
Execution 58 - TLS Mutual
s_connection: verify depth is 1
Handshake duration: 369.70 ms
Execution 59 - TLS Mutual
s_connection: verify depth is 1
Handshake duration: 400.43 ms
Execution 60 - TLS Mutual
s_connection: verify depth is 1
Handshake duration: 400.74 ms
Execution 61 - TLS Mutual
s_connection: verify depth is 1
Handshake duration: 399.71 ms
Execution 62 - TLS Mutual
s_connection: verify depth is 1
Handshake duration: 1395.52 ms
Execution 63 - TLS Mutual
s_connection: verify depth is 1
Handshake duration: 400.39 ms
Execution 64 - TLS Mutual
s_connection: verify depth is 1
Handshake duration: 377.95 ms
Execution 65 - TLS Mutual
s_connection: verify depth is 1
Handshake duration: 398.85 ms
Execution 66 - TLS Mutual
s_connection: verify depth is 1
Handshake duration: 398.46 ms
Execution 67 - TLS Mutual
s_connection: verify depth is 1
Handshake duration: 399.65 ms
Execution 68 - TLS Mutual
s_connection: verify depth is 1
Handshake duration: 400.90 ms
Execution 69 - TLS Mutual
s_connection: verify depth is 1
Handshake duration: 378.51 ms
Execution 70 - TLS Mutual
s_connection: verify depth is 1
Handshake duration: 400.09 ms
Execution 71 - TLS Mutual
s_connection: verify depth is 1
Handshake duration: 379.90 ms
Execution 72 - TLS Mutual
s_connection: verify depth is 1
Handshake duration: 383.31 ms
Execution 73 - TLS Mutual
s_connection: verify depth is 1
Handshake duration: 394.53 ms
Execution 74 - TLS Mutual
s_connection: verify depth is 1
Handshake duration: 388.58 ms
Execution 75 - TLS Mutual
s_connection: verify depth is 1
Handshake duration: 375.33 ms
Execution 76 - TLS Mutual
s_connection: verify depth is 1
Handshake duration: 398.27 ms
Execution 77 - TLS Mutual
s_connection: verify depth is 1
Handshake duration: 396.60 ms
Execution 78 - TLS Mutual
s_connection: verify depth is 1
Handshake duration: 1033.03 ms
Execution 79 - TLS Mutual
s_connection: verify depth is 1
Handshake duration: 404.47 ms
Execution 80 - TLS Mutual
s_connection: verify depth is 1
Handshake duration: 760.29 ms
Execution 81 - TLS Mutual
s_connection: verify depth is 1
Handshake duration: 400.70 ms
Execution 82 - TLS Mutual
s_connection: verify depth is 1
Handshake duration: 399.03 ms
Execution 83 - TLS Mutual
s_connection: verify depth is 1
Handshake duration: 398.79 ms
Execution 84 - TLS Mutual
s_connection: verify depth is 1
Handshake duration: 1740.88 ms
Execution 85 - TLS Mutual
s_connection: verify depth is 1
Handshake duration: 398.27 ms
Execution 86 - TLS Mutual
s_connection: verify depth is 1
Handshake duration: 399.95 ms
Execution 87 - TLS Mutual
s_connection: verify depth is 1
Handshake duration: 399.67 ms
Execution 88 - TLS Mutual
s_connection: verify depth is 1
Handshake duration: 399.91 ms
Execution 89 - TLS Mutual
s_connection: verify depth is 1
Handshake duration: 386.41 ms
Execution 90 - TLS Mutual
s_connection: verify depth is 1
Handshake duration: 398.05 ms
Execution 91 - TLS Mutual
s_connection: verify depth is 1
Handshake duration: 398.94 ms
Execution 92 - TLS Mutual
s_connection: verify depth is 1
Handshake duration: 399.31 ms
Execution 93 - TLS Mutual
s_connection: verify depth is 1
Handshake duration: 401.45 ms
Execution 94 - TLS Mutual
s_connection: verify depth is 1
Handshake duration: 402.27 ms
Execution 95 - TLS Mutual
s_connection: verify depth is 1
Handshake duration: 377.95 ms
Execution 96 - TLS Mutual
s_connection: verify depth is 1
Handshake duration: 398.04 ms
Execution 97 - TLS Mutual
s_connection: verify depth is 1
Handshake duration: 385.20 ms
Execution 98 - TLS Mutual
s_connection: verify depth is 1
Handshake duration: 397.60 ms
Execution 99 - TLS Mutual
s_connection: verify depth is 1
Handshake duration: 387.43 ms
Execution 100 - TLS Mutual
s_connection: verify depth is 1
Handshake duration: 760.57 ms
Execution 101 - TLS Mutual
s_connection: verify depth is 1
Handshake duration: 399.50 ms
Execution 102 - TLS Mutual
s_connection: verify depth is 1
Handshake duration: 384.32 ms
Execution 103 - TLS Mutual
s_connection: verify depth is 1
Handshake duration: 396.77 ms
Execution 104 - TLS Mutual
s_connection: verify depth is 1
Handshake duration: 380.44 ms
Execution 105 - TLS Mutual
s_connection: verify depth is 1
Handshake duration: 1716.85 ms
Execution 106 - TLS Mutual
s_connection: verify depth is 1
Handshake duration: 398.89 ms
Execution 107 - TLS Mutual
s_connection: verify depth is 1
Handshake duration: 377.96 ms
Execution 108 - TLS Mutual
s_connection: verify depth is 1
Handshake duration: 396.64 ms
Execution 109 - TLS Mutual
s_connection: verify depth is 1
Handshake duration: 397.21 ms
Execution 110 - TLS Mutual
s_connection: verify depth is 1
Handshake duration: 384.78 ms
Execution 111 - TLS Mutual
s_connection: verify depth is 1
Handshake duration: 378.72 ms
Execution 112 - TLS Mutual
s_connection: verify depth is 1
Handshake duration: 400.59 ms
Execution 113 - TLS Mutual
s_connection: verify depth is 1
Handshake duration: 400.36 ms
Execution 114 - TLS Mutual
s_connection: verify depth is 1
Handshake duration: 379.67 ms
Execution 115 - TLS Mutual
s_connection: verify depth is 1
Handshake duration: 382.61 ms
Execution 116 - TLS Mutual
s_connection: verify depth is 1
Handshake duration: 402.76 ms
Execution 117 - TLS Mutual
s_connection: verify depth is 1
Handshake duration: 381.61 ms
Execution 118 - TLS Mutual
s_connection: verify depth is 1
Handshake duration: 403.36 ms
Execution 119 - TLS Mutual
s_connection: verify depth is 1
Handshake duration: 401.60 ms
Execution 120 - TLS Mutual
s_connection: verify depth is 1
Handshake duration: 401.21 ms
Execution 121 - TLS Mutual
s_connection: verify depth is 1
Handshake duration: 400.59 ms
Execution 122 - TLS Mutual
s_connection: verify depth is 1
Handshake duration: 400.48 ms
Execution 123 - TLS Mutual
s_connection: verify depth is 1
Handshake duration: 404.87 ms
Execution 124 - TLS Mutual
s_connection: verify depth is 1
Handshake duration: 401.70 ms
Execution 125 - TLS Mutual
s_connection: verify depth is 1
Handshake duration: 401.15 ms
