Handshake timeout budget: 150s (identique TLS/QUIC)
Applying netem rules to lo...
Showing qdisc status for the interface: lo
qdisc netem 8b8f: root refcnt 2 limit 1000 seed 4091831154557773979
 Sent 0 bytes 0 pkt (dropped 0, overlimits 0 requeues 0) 
 backlog 0b 0p requeues 0
Running ./perftestClientTlsQuic.sh with SIG_ALG=ed25519 and KEM_ALG=P-256
Execution 1 - TLS Mutual
s_connection: verify depth is 1
Handshake duration: 522.34 ms
Execution 2 - TLS Mutual
s_connection: verify depth is 1
Handshake duration: 346.89 ms
Execution 3 - TLS Mutual
s_connection: verify depth is 1
Handshake duration: 354.35 ms
Execution 4 - TLS Mutual
s_connection: verify depth is 1
Handshake duration: 355.07 ms
Execution 5 - TLS Mutual
s_connection: verify depth is 1
Handshake duration: 355.04 ms
Execution 6 - TLS Mutual
s_connection: verify depth is 1
Handshake duration: 354.65 ms
Execution 7 - TLS Mutual
s_connection: verify depth is 1
Handshake duration: 354.84 ms
Execution 8 - TLS Mutual
s_connection: verify depth is 1
Handshake duration: 353.53 ms
Execution 9 - TLS Mutual
s_connection: verify depth is 1
Handshake duration: 340.71 ms
Execution 10 - TLS Mutual
s_connection: verify depth is 1
Handshake duration: 345.74 ms
Execution 11 - TLS Mutual
s_connection: verify depth is 1
Handshake duration: 354.76 ms
Execution 12 - TLS Mutual
s_connection: verify depth is 1
Handshake duration: 345.80 ms
Execution 13 - TLS Mutual
s_connection: verify depth is 1
Handshake duration: 354.47 ms
Execution 14 - TLS Mutual
s_connection: verify depth is 1
Handshake duration: 346.89 ms
Execution 15 - TLS Mutual
s_connection: verify depth is 1
Handshake duration: 354.52 ms
Execution 16 - TLS Mutual
s_connection: verify depth is 1
Handshake duration: 354.51 ms
Execution 17 - TLS Mutual
s_connection: verify depth is 1
Handshake duration: 346.65 ms
Execution 18 - TLS Mutual
s_connection: verify depth is 1
Handshake duration: 340.16 ms
Execution 19 - TLS Mutual
s_connection: verify depth is 1
Handshake duration: 345.12 ms
Execution 20 - TLS Mutual
s_connection: verify depth is 1
Handshake duration: 354.76 ms
Execution 21 - TLS Mutual
s_connection: verify depth is 1
Handshake duration: 354.57 ms
Execution 22 - TLS Mutual
s_connection: verify depth is 1
Handshake duration: 346.91 ms
Execution 23 - TLS Mutual
s_connection: verify depth is 1
Handshake duration: 354.35 ms
Execution 24 - TLS Mutual
s_connection: verify depth is 1
Handshake duration: 346.65 ms
Execution 25 - TLS Mutual
s_connection: verify depth is 1
Handshake duration: 353.74 ms
Execution 26 - TLS Mutual
s_connection: verify depth is 1
Handshake duration: 354.65 ms
Execution 27 - TLS Mutual
s_connection: verify depth is 1
Handshake duration: 346.23 ms
Execution 28 - TLS Mutual
s_connection: verify depth is 1
Handshake duration: 354.08 ms
Execution 29 - TLS Mutual
s_connection: verify depth is 1
Handshake duration: 355.14 ms
Execution 30 - TLS Mutual
s_connection: verify depth is 1
Handshake duration: 354.52 ms
Execution 31 - TLS Mutual
s_connection: verify depth is 1
Handshake duration: 354.18 ms
Execution 32 - TLS Mutual
s_connection: verify depth is 1
Handshake duration: 354.35 ms
Execution 33 - TLS Mutual
s_connection: verify depth is 1
Handshake duration: 354.46 ms
Execution 34 - TLS Mutual
s_connection: verify depth is 1
Handshake duration: 354.55 ms
Execution 35 - TLS Mutual
s_connection: verify depth is 1
Handshake duration: 347.14 ms
Execution 36 - TLS Mutual
s_connection: verify depth is 1
Handshake duration: 346.13 ms
Execution 37 - TLS Mutual
s_connection: verify depth is 1
Handshake duration: 345.98 ms
Execution 38 - TLS Mutual
s_connection: verify depth is 1
Handshake duration: 353.93 ms
Execution 39 - TLS Mutual
s_connection: verify depth is 1
Handshake duration: 354.54 ms
Execution 40 - TLS Mutual
s_connection: verify depth is 1
Handshake duration: 344.04 ms
Execution 41 - TLS Mutual
s_connection: verify depth is 1
Handshake duration: 341.50 ms
Execution 42 - TLS Mutual
s_connection: verify depth is 1
Handshake duration: 346.79 ms
Execution 43 - TLS Mutual
s_connection: verify depth is 1
Handshake duration: 354.89 ms
Execution 44 - TLS Mutual
s_connection: verify depth is 1
Handshake duration: 354.29 ms
Execution 45 - TLS Mutual
s_connection: verify depth is 1
Handshake duration: 354.54 ms
Execution 46 - TLS Mutual
s_connection: verify depth is 1
Handshake duration: 342.24 ms
Execution 47 - TLS Mutual
s_connection: verify depth is 1
Handshake duration: 346.07 ms
Execution 48 - TLS Mutual
s_connection: verify depth is 1
Handshake duration: 354.24 ms
Execution 49 - TLS Mutual
s_connection: verify depth is 1
Handshake duration: 345.93 ms
Execution 50 - TLS Mutual
s_connection: verify depth is 1
Handshake duration: 345.03 ms
Execution 51 - TLS Mutual
s_connection: verify depth is 1
Handshake duration: 354.75 ms
Execution 52 - TLS Mutual
s_connection: verify depth is 1
Handshake duration: 345.81 ms
Execution 53 - TLS Mutual
s_connection: verify depth is 1
Handshake duration: 359.74 ms
Execution 54 - TLS Mutual
s_connection: verify depth is 1
Handshake duration: 354.55 ms
Execution 55 - TLS Mutual
s_connection: verify depth is 1
Handshake duration: 1357.22 ms
Execution 56 - TLS Mutual
s_connection: verify depth is 1
Handshake duration: 353.90 ms
Execution 57 - TLS Mutual
s_connection: verify depth is 1
Handshake duration: 346.33 ms
Execution 58 - TLS Mutual
s_connection: verify depth is 1
Handshake duration: 354.62 ms
Execution 59 - TLS Mutual
s_connection: verify depth is 1
Handshake duration: 353.71 ms
Execution 60 - TLS Mutual
s_connection: verify depth is 1
Handshake duration: 352.88 ms
Execution 61 - TLS Mutual
s_connection: verify depth is 1
Handshake duration: 346.41 ms
Execution 62 - TLS Mutual
s_connection: verify depth is 1
Handshake duration: 354.93 ms
Execution 63 - TLS Mutual
s_connection: verify depth is 1
Handshake duration: 346.59 ms
Execution 64 - TLS Mutual
s_connection: verify depth is 1
Handshake duration: 343.05 ms
Execution 65 - TLS Mutual
s_connection: verify depth is 1
Handshake duration: 346.07 ms
Execution 66 - TLS Mutual
s_connection: verify depth is 1
Handshake duration: 353.95 ms
Execution 67 - TLS Mutual
s_connection: verify depth is 1
Handshake duration: 857.43 ms
Execution 68 - TLS Mutual
s_connection: verify depth is 1
Handshake duration: 354.08 ms
Execution 69 - TLS Mutual
s_connection: verify depth is 1
Handshake duration: 346.59 ms
Execution 70 - TLS Mutual
s_connection: verify depth is 1
Handshake duration: 353.97 ms
Execution 71 - TLS Mutual
s_connection: verify depth is 1
Handshake duration: 351.49 ms
Execution 72 - TLS Mutual
s_connection: verify depth is 1
Handshake duration: 354.25 ms
Execution 73 - TLS Mutual
s_connection: verify depth is 1
Handshake duration: 353.37 ms
Execution 74 - TLS Mutual
s_connection: verify depth is 1
Handshake duration: 354.92 ms
Execution 75 - TLS Mutual
s_connection: verify depth is 1
Handshake duration: 346.76 ms
Execution 76 - TLS Mutual
s_connection: verify depth is 1
Handshake duration: 353.38 ms
Execution 77 - TLS Mutual
s_connection: verify depth is 1
Handshake duration: 346.74 ms
Execution 78 - TLS Mutual
s_connection: verify depth is 1
Handshake duration: 354.59 ms
Execution 79 - TLS Mutual
s_connection: verify depth is 1
Handshake duration: 346.16 ms
Execution 80 - TLS Mutual
s_connection: verify depth is 1
Handshake duration: 354.97 ms
Execution 81 - TLS Mutual
s_connection: verify depth is 1
Handshake duration: 354.35 ms
Execution 82 - TLS Mutual
s_connection: verify depth is 1
Handshake duration: 346.06 ms
Execution 83 - TLS Mutual
s_connection: verify depth is 1
Handshake duration: 354.44 ms
Execution 84 - TLS Mutual
s_connection: verify depth is 1
Handshake duration: 349.98 ms
Execution 85 - TLS Mutual
s_connection: verify depth is 1
Handshake duration: 354.59 ms
Execution 86 - TLS Mutual
s_connection: verify depth is 1
Handshake duration: 354.47 ms
Execution 87 - TLS Mutual
s_connection: verify depth is 1
Handshake duration: 354.84 ms
Execution 88 - TLS Mutual
s_connection: verify depth is 1
Handshake duration: 355.15 ms
Execution 89 - TLS Mutual
s_connection: verify depth is 1
Handshake duration: 347.01 ms
Execution 90 - TLS Mutual
s_connection: verify depth is 1
Handshake duration: 354.38 ms
Execution 91 - TLS Mutual
s_connection: verify depth is 1
Handshake duration: 354.96 ms
Execution 92 - TLS Mutual
s_connection: verify depth is 1
Handshake duration: 354.75 ms
Execution 93 - TLS Mutual
s_connection: verify depth is 1
Handshake duration: 346.47 ms
Execution 94 - TLS Mutual
s_connection: verify depth is 1
Handshake duration: 354.24 ms
Execution 95 - TLS Mutual
s_connection: verify depth is 1
Handshake duration: 354.24 ms
Execution 96 - TLS Mutual
s_connection: verify depth is 1
Handshake duration: 355.01 ms
Execution 97 - TLS Mutual
s_connection: verify depth is 1
Handshake duration: 354.38 ms
Execution 98 - TLS Mutual
s_connection: verify depth is 1
Handshake duration: 355.67 ms
Execution 99 - TLS Mutual
s_connection: verify depth is 1
Handshake duration: 345.69 ms
Execution 100 - TLS Mutual
s_connection: verify depth is 1
Handshake duration: 354.44 ms
Execution 101 - TLS Mutual
s_connection: verify depth is 1
Handshake duration: 354.66 ms
Execution 102 - TLS Mutual
s_connection: verify depth is 1
Handshake duration: 354.96 ms
Execution 103 - TLS Mutual
s_connection: verify depth is 1
Handshake duration: 354.36 ms
Execution 104 - TLS Mutual
s_connection: verify depth is 1
Handshake duration: 355.59 ms
Execution 105 - TLS Mutual
s_connection: verify depth is 1
Handshake duration: 354.74 ms
Execution 106 - TLS Mutual
s_connection: verify depth is 1
Handshake duration: 354.92 ms
Execution 107 - TLS Mutual
s_connection: verify depth is 1
Handshake duration: 354.57 ms
Execution 108 - TLS Mutual
s_connection: verify depth is 1
Handshake duration: 345.52 ms
Execution 109 - TLS Mutual
s_connection: verify depth is 1
Handshake duration: 353.78 ms
Execution 110 - TLS Mutual
s_connection: verify depth is 1
Handshake duration: 354.74 ms
Execution 111 - TLS Mutual
s_connection: verify depth is 1
Handshake duration: 352.61 ms
Execution 112 - TLS Mutual
s_connection: verify depth is 1
Handshake duration: 341.26 ms
Execution 113 - TLS Mutual
s_connection: verify depth is 1
Handshake duration: 346.31 ms
Execution 114 - TLS Mutual
s_connection: verify depth is 1
Handshake duration: 346.21 ms
Execution 115 - TLS Mutual
s_connection: verify depth is 1
Handshake duration: 354.46 ms
Execution 116 - TLS Mutual
s_connection: verify depth is 1
Handshake duration: 346.72 ms
Execution 117 - TLS Mutual
s_connection: verify depth is 1
Handshake duration: 343.93 ms
Execution 118 - TLS Mutual
s_connection: verify depth is 1
Handshake duration: 354.68 ms
Execution 119 - TLS Mutual
s_connection: verify depth is 1
Handshake duration: 354.20 ms
Execution 120 - TLS Mutual
s_connection: verify depth is 1
Handshake duration: 355.72 ms
Execution 121 - TLS Mutual
s_connection: verify depth is 1
Handshake duration: 355.09 ms
Execution 122 - TLS Mutual
s_connection: verify depth is 1
Handshake duration: 342.80 ms
Execution 123 - TLS Mutual
s_connection: verify depth is 1
Handshake duration: 345.83 ms
Execution 124 - TLS Mutual
s_connection: verify depth is 1
Handshake duration: 346.56 ms
Execution 125 - TLS Mutual
s_connection: verify depth is 1
Handshake duration: 346.26 ms
