Handshake timeout budget: 150s (identique TLS/QUIC)
Applying netem rules to lo...
Showing qdisc status for the interface: lo
qdisc netem 928d: root refcnt 2 limit 1000 seed 5332026067789887190
 Sent 0 bytes 0 pkt (dropped 0, overlimits 0 requeues 0) 
 backlog 0b 0p requeues 0
Running ./perftestClientTlsQuic.sh with SIG_ALG=secp521r1 and KEM_ALG=p521_mlkem1024
Execution 1 - TLS Mutual
s_connection: verify depth is 1
Handshake duration: 546.68 ms
Execution 2 - TLS Mutual
s_connection: verify depth is 1
Handshake duration: 381.62 ms
Execution 3 - TLS Mutual
s_connection: verify depth is 1
Handshake duration: 380.20 ms
Execution 4 - TLS Mutual
s_connection: verify depth is 1
Handshake duration: 372.90 ms
Execution 5 - TLS Mutual
s_connection: verify depth is 1
Handshake duration: 378.65 ms
Execution 6 - TLS Mutual
s_connection: verify depth is 1
Handshake duration: 381.50 ms
Execution 7 - TLS Mutual
s_connection: verify depth is 1
Handshake duration: 1203.02 ms
Execution 8 - TLS Mutual
s_connection: verify depth is 1
Handshake duration: 380.26 ms
Execution 9 - TLS Mutual
s_connection: verify depth is 1
Handshake duration: 383.92 ms
Execution 10 - TLS Mutual
s_connection: verify depth is 1
Handshake duration: 380.97 ms
Execution 11 - TLS Mutual
s_connection: verify depth is 1
Handshake duration: 380.08 ms
Execution 12 - TLS Mutual
s_connection: verify depth is 1
Handshake duration: 365.64 ms
Execution 13 - TLS Mutual
s_connection: verify depth is 1
Handshake duration: 383.36 ms
Execution 14 - TLS Mutual
s_connection: verify depth is 1
Handshake duration: 381.40 ms
Execution 15 - TLS Mutual
s_connection: verify depth is 1
Handshake duration: 377.71 ms
Execution 16 - TLS Mutual
s_connection: verify depth is 1
Handshake duration: 379.60 ms
Execution 17 - TLS Mutual
s_connection: verify depth is 1
Handshake duration: 378.16 ms
Execution 18 - TLS Mutual
s_connection: verify depth is 1
Handshake duration: 382.45 ms
Execution 19 - TLS Mutual
s_connection: verify depth is 1
Handshake duration: 363.88 ms
Execution 20 - TLS Mutual
s_connection: verify depth is 1
Handshake duration: 381.64 ms
Execution 21 - TLS Mutual
s_connection: verify depth is 1
Handshake duration: 363.67 ms
Execution 22 - TLS Mutual
s_connection: verify depth is 1
Handshake duration: 380.58 ms
Execution 23 - TLS Mutual
s_connection: verify depth is 1
Handshake duration: 1209.82 ms
Execution 24 - TLS Mutual
s_connection: verify depth is 1
Handshake duration: 380.41 ms
Execution 25 - TLS Mutual
s_connection: verify depth is 1
Handshake duration: 366.16 ms
Execution 26 - TLS Mutual
s_connection: verify depth is 1
Handshake duration: 382.04 ms
Execution 27 - TLS Mutual
s_connection: verify depth is 1
Handshake duration: 380.13 ms
Execution 28 - TLS Mutual
s_connection: verify depth is 1
Handshake duration: 360.71 ms
Execution 29 - TLS Mutual
s_connection: verify depth is 1
Handshake duration: 380.76 ms
Execution 30 - TLS Mutual
s_connection: verify depth is 1
Handshake duration: 1211.08 ms
Execution 31 - TLS Mutual
s_connection: verify depth is 1
Handshake duration: 380.62 ms
Execution 32 - TLS Mutual
s_connection: verify depth is 1
Handshake duration: 360.02 ms
Execution 33 - TLS Mutual
s_connection: verify depth is 1
Handshake duration: 379.79 ms
Execution 34 - TLS Mutual
s_connection: verify depth is 1
Handshake duration: 1548.61 ms
Execution 35 - TLS Mutual
s_connection: verify depth is 1
Handshake duration: 373.36 ms
Execution 36 - TLS Mutual
s_connection: verify depth is 1
Handshake duration: 377.95 ms
Execution 37 - TLS Mutual
s_connection: verify depth is 1
Handshake duration: 380.41 ms
Execution 38 - TLS Mutual
s_connection: verify depth is 1
Handshake duration: 360.98 ms
Execution 39 - TLS Mutual
s_connection: verify depth is 1
Handshake duration: 380.06 ms
Execution 40 - TLS Mutual
s_connection: verify depth is 1
Handshake duration: 378.30 ms
Execution 41 - TLS Mutual
s_connection: verify depth is 1
Handshake duration: 364.50 ms
Execution 42 - TLS Mutual
s_connection: verify depth is 1
Handshake duration: 359.76 ms
Execution 43 - TLS Mutual
s_connection: verify depth is 1
Handshake duration: 868.34 ms
Execution 44 - TLS Mutual
s_connection: verify depth is 1
Handshake duration: 380.15 ms
Execution 45 - TLS Mutual
s_connection: verify depth is 1
Handshake duration: 358.08 ms
Execution 46 - TLS Mutual
s_connection: verify depth is 1
Handshake duration: 348.84 ms
Execution 47 - TLS Mutual
s_connection: verify depth is 1
Handshake duration: 380.37 ms
Execution 48 - TLS Mutual
s_connection: verify depth is 1
Handshake duration: 362.56 ms
Execution 49 - TLS Mutual
s_connection: verify depth is 1
Handshake duration: 382.07 ms
Execution 50 - TLS Mutual
s_connection: verify depth is 1
Handshake duration: 382.41 ms
Execution 51 - TLS Mutual
s_connection: verify depth is 1
Handshake duration: 378.01 ms
Execution 52 - TLS Mutual
s_connection: verify depth is 1
Handshake duration: 381.15 ms
Execution 53 - TLS Mutual
s_connection: verify depth is 1
Handshake duration: 383.40 ms
Execution 54 - TLS Mutual
s_connection: verify depth is 1
Handshake duration: 383.78 ms
Execution 55 - TLS Mutual
s_connection: verify depth is 1
Handshake duration: 384.97 ms
Execution 56 - TLS Mutual
s_connection: verify depth is 1
Handshake duration: 380.83 ms
Execution 57 - TLS Mutual
s_connection: verify depth is 1
Handshake duration: 362.95 ms
Execution 58 - TLS Mutual
s_connection: verify depth is 1
Handshake duration: 377.12 ms
Execution 59 - TLS Mutual
s_connection: verify depth is 1
Handshake duration: 380.73 ms
Execution 60 - TLS Mutual
s_connection: verify depth is 1
Handshake duration: 374.77 ms
Execution 61 - TLS Mutual
s_connection: verify depth is 1
Handshake duration: 359.38 ms
Execution 62 - TLS Mutual
s_connection: verify depth is 1
Handshake duration: 360.92 ms
Execution 63 - TLS Mutual
s_connection: verify depth is 1
Handshake duration: 869.39 ms
Execution 64 - TLS Mutual
s_connection: verify depth is 1
Handshake duration: 380.72 ms
Execution 65 - TLS Mutual
s_connection: verify depth is 1
Handshake duration: 380.84 ms
Execution 66 - TLS Mutual
s_connection: verify depth is 1
Handshake duration: 366.89 ms
Execution 67 - TLS Mutual
s_connection: verify depth is 1
Handshake duration: 360.44 ms
Execution 68 - TLS Mutual
s_connection: verify depth is 1
Handshake duration: 380.50 ms
Execution 69 - TLS Mutual
s_connection: verify depth is 1
Handshake duration: 369.39 ms
Execution 70 - TLS Mutual
s_connection: verify depth is 1
Handshake duration: 378.44 ms
Execution 71 - TLS Mutual
s_connection: verify depth is 1
Handshake duration: 382.47 ms
Execution 72 - TLS Mutual
s_connection: verify depth is 1
Handshake duration: 380.68 ms
Execution 73 - TLS Mutual
s_connection: verify depth is 1
Handshake duration: 381.44 ms
Execution 74 - TLS Mutual
s_connection: verify depth is 1
Handshake duration: 380.89 ms
Execution 75 - TLS Mutual
s_connection: verify depth is 1
Handshake duration: 375.32 ms
Execution 76 - TLS Mutual
s_connection: verify depth is 1
Handshake duration: 363.13 ms
Execution 77 - TLS Mutual
s_connection: verify depth is 1
Handshake duration: 377.72 ms
Execution 78 - TLS Mutual
s_connection: verify depth is 1
Handshake duration: 381.26 ms
Execution 79 - TLS Mutual
s_connection: verify depth is 1
Handshake duration: 363.11 ms
Execution 80 - TLS Mutual
s_connection: verify depth is 1
Handshake duration: 380.18 ms
Execution 81 - TLS Mutual
s_connection: verify depth is 1
Handshake duration: 365.31 ms
Execution 82 - TLS Mutual
s_connection: verify depth is 1
Handshake duration: 364.29 ms
Execution 83 - TLS Mutual
s_connection: verify depth is 1
Handshake duration: 382.17 ms
Execution 84 - TLS Mutual
s_connection: verify depth is 1
Handshake duration: 363.02 ms
Execution 85 - TLS Mutual
s_connection: verify depth is 1
Handshake duration: 381.41 ms
Execution 86 - TLS Mutual
s_connection: verify depth is 1
Handshake duration: 379.90 ms
Execution 87 - TLS Mutual
s_connection: verify depth is 1
Handshake duration: 357.30 ms
Execution 88 - TLS Mutual
s_connection: verify depth is 1
Handshake duration: 378.48 ms
Execution 89 - TLS Mutual
s_connection: verify depth is 1
Handshake duration: 380.68 ms
Execution 90 - TLS Mutual
s_connection: verify depth is 1
Handshake duration: 380.15 ms
Execution 91 - TLS Mutual
s_connection: verify depth is 1
Handshake duration: 361.06 ms
Execution 92 - TLS Mutual
s_connection: verify depth is 1
Handshake duration: 372.27 ms
Execution 93 - TLS Mutual
s_connection: verify depth is 1
Handshake duration: 365.48 ms
Execution 94 - TLS Mutual
s_connection: verify depth is 1
Handshake duration: 381.58 ms
Execution 95 - TLS Mutual
s_connection: verify depth is 1
Handshake duration: 378.72 ms
Execution 96 - TLS Mutual
s_connection: verify depth is 1
Handshake duration: 381.77 ms
Execution 97 - TLS Mutual
s_connection: verify depth is 1
Handshake duration: 363.76 ms
Execution 98 - TLS Mutual
s_connection: verify depth is 1
Handshake duration: 380.08 ms
Execution 99 - TLS Mutual
s_connection: verify depth is 1
Handshake duration: 380.77 ms
Execution 100 - TLS Mutual
s_connection: verify depth is 1
Handshake duration: 381.46 ms
Execution 101 - TLS Mutual
s_connection: verify depth is 1
Handshake duration: 377.33 ms
Execution 102 - TLS Mutual
s_connection: verify depth is 1
Handshake duration: 380.28 ms
Execution 103 - TLS Mutual
s_connection: verify depth is 1
Handshake duration: 379.70 ms
Execution 104 - TLS Mutual
s_connection: verify depth is 1
Handshake duration: 375.92 ms
Execution 105 - TLS Mutual
s_connection: verify depth is 1
Handshake duration: 382.51 ms
Execution 106 - TLS Mutual
s_connection: verify depth is 1
Handshake duration: 363.67 ms
Execution 107 - TLS Mutual
s_connection: verify depth is 1
Handshake duration: 381.07 ms
Execution 108 - TLS Mutual
s_connection: verify depth is 1
Handshake duration: 374.14 ms
Execution 109 - TLS Mutual
s_connection: verify depth is 1
Handshake duration: 358.07 ms
Execution 110 - TLS Mutual
s_connection: verify depth is 1
Handshake duration: 381.66 ms
Execution 111 - TLS Mutual
s_connection: verify depth is 1
Handshake duration: 365.87 ms
Execution 112 - TLS Mutual
s_connection: verify depth is 1
Handshake duration: 381.28 ms
Execution 113 - TLS Mutual
s_connection: verify depth is 1
Handshake duration: 382.30 ms
Execution 114 - TLS Mutual
s_connection: verify depth is 1
Handshake duration: 363.30 ms
Execution 115 - TLS Mutual
s_connection: verify depth is 1
Handshake duration: 379.21 ms
Execution 116 - TLS Mutual
s_connection: verify depth is 1
Handshake duration: 381.99 ms
Execution 117 - TLS Mutual
s_connection: verify depth is 1
Handshake duration: 361.67 ms
Execution 118 - TLS Mutual
s_connection: verify depth is 1
Handshake duration: 380.99 ms
Execution 119 - TLS Mutual
s_connection: verify depth is 1
Handshake duration: 363.92 ms
Execution 120 - TLS Mutual
s_connection: verify depth is 1
Handshake duration: 377.30 ms
Execution 121 - TLS Mutual
s_connection: verify depth is 1
Handshake duration: 380.00 ms
Execution 122 - TLS Mutual
s_connection: verify depth is 1
Handshake duration: 361.48 ms
Execution 123 - TLS Mutual
s_connection: verify depth is 1
Handshake duration: 380.30 ms
Execution 124 - TLS Mutual
s_connection: verify depth is 1
Handshake duration: 360.80 ms
Execution 125 - TLS Mutual
s_connection: verify depth is 1
Handshake duration: 364.29 ms
