Handshake timeout budget: 150s (identique TLS/QUIC)
Applying netem rules to lo...
Showing qdisc status for the interface: lo
qdisc netem 84cb: root refcnt 2 limit 1000 seed 6954171272008699691
 Sent 0 bytes 0 pkt (dropped 0, overlimits 0 requeues 0) 
 backlog 0b 0p requeues 0
Running ./perftestClientTlsQuic.sh with SIG_ALG=mldsa65 and KEM_ALG=P-384
Execution 1 - TLS Mutual
s_connection: verify depth is 1
Handshake duration: 592.36 ms
Execution 2 - TLS Mutual
s_connection: verify depth is 1
Handshake duration: 442.58 ms
Execution 3 - TLS Mutual
s_connection: verify depth is 1
Handshake duration: 435.83 ms
Execution 4 - TLS Mutual
s_connection: verify depth is 1
Handshake duration: 441.14 ms
Execution 5 - TLS Mutual
s_connection: verify depth is 1
Handshake duration: 618.53 ms
Execution 6 - TLS Mutual
s_connection: verify depth is 1
Handshake duration: 440.80 ms
Execution 7 - TLS Mutual
s_connection: verify depth is 1
Handshake duration: 449.07 ms
Execution 8 - TLS Mutual
s_connection: verify depth is 1
Handshake duration: 427.23 ms
Execution 9 - TLS Mutual
s_connection: verify depth is 1
Handshake duration: 441.22 ms
Execution 10 - TLS Mutual
s_connection: verify depth is 1
Handshake duration: 440.39 ms
Execution 11 - TLS Mutual
s_connection: verify depth is 1
Handshake duration: 439.28 ms
Execution 12 - TLS Mutual
s_connection: verify depth is 1
Handshake duration: 442.86 ms
Execution 13 - TLS Mutual
s_connection: verify depth is 1
Handshake duration: 438.54 ms
Execution 14 - TLS Mutual
s_connection: verify depth is 1
Handshake duration: 386.19 ms
Execution 15 - TLS Mutual
s_connection: verify depth is 1
Handshake duration: 448.86 ms
Execution 16 - TLS Mutual
s_connection: verify depth is 1
Handshake duration: 444.91 ms
Execution 17 - TLS Mutual
s_connection: verify depth is 1
Handshake duration: 454.94 ms
Execution 18 - TLS Mutual
s_connection: verify depth is 1
Handshake duration: 1736.59 ms
Execution 19 - TLS Mutual
s_connection: verify depth is 1
Handshake duration: 446.22 ms
Execution 20 - TLS Mutual
s_connection: verify depth is 1
Handshake duration: 442.11 ms
Execution 21 - TLS Mutual
s_connection: verify depth is 1
Handshake duration: 1777.38 ms
Execution 22 - TLS Mutual
s_connection: verify depth is 1
Handshake duration: 445.88 ms
Execution 23 - TLS Mutual
s_connection: verify depth is 1
Handshake duration: 447.40 ms
Execution 24 - TLS Mutual
s_connection: verify depth is 1
Handshake duration: 443.42 ms
Execution 25 - TLS Mutual
s_connection: verify depth is 1
Handshake duration: 434.87 ms
Execution 26 - TLS Mutual
s_connection: verify depth is 1
Handshake duration: 445.35 ms
Execution 27 - TLS Mutual
s_connection: verify depth is 1
Handshake duration: 444.54 ms
Execution 28 - TLS Mutual
s_connection: verify depth is 1
Handshake duration: 441.37 ms
Execution 29 - TLS Mutual
s_connection: verify depth is 1
Handshake duration: 390.72 ms
Execution 30 - TLS Mutual
s_connection: verify depth is 1
Handshake duration: 440.02 ms
Execution 31 - TLS Mutual
s_connection: verify depth is 1
Handshake duration: 449.52 ms
Execution 32 - TLS Mutual
s_connection: verify depth is 1
Handshake duration: 439.63 ms
Execution 33 - TLS Mutual
s_connection: verify depth is 1
Handshake duration: 444.14 ms
Execution 34 - TLS Mutual
s_connection: verify depth is 1
Handshake duration: 434.43 ms
Execution 35 - TLS Mutual
s_connection: verify depth is 1
Handshake duration: 441.22 ms
Execution 36 - TLS Mutual
s_connection: verify depth is 1
Handshake duration: 443.75 ms
Execution 37 - TLS Mutual
s_connection: verify depth is 1
Handshake duration: 436.74 ms
Execution 38 - TLS Mutual
s_connection: verify depth is 1
Handshake duration: 426.25 ms
Execution 39 - TLS Mutual
s_connection: verify depth is 1
Handshake duration: 1122.08 ms
Execution 40 - TLS Mutual
s_connection: verify depth is 1
Handshake duration: 440.91 ms
Execution 41 - TLS Mutual
s_connection: verify depth is 1
Handshake duration: 448.07 ms
Execution 42 - TLS Mutual
s_connection: verify depth is 1
Handshake duration: 442.11 ms
Execution 43 - TLS Mutual
s_connection: verify depth is 1
Handshake duration: 435.79 ms
Execution 44 - TLS Mutual
s_connection: verify depth is 1
Handshake duration: 441.74 ms
Execution 45 - TLS Mutual
s_connection: verify depth is 1
Handshake duration: 378.46 ms
Execution 46 - TLS Mutual
s_connection: verify depth is 1
Handshake duration: 609.71 ms
Execution 47 - TLS Mutual
s_connection: verify depth is 1
Handshake duration: 437.70 ms
Execution 48 - TLS Mutual
s_connection: verify depth is 1
Handshake duration: 438.48 ms
Execution 49 - TLS Mutual
s_connection: verify depth is 1
Handshake duration: 440.23 ms
Execution 50 - TLS Mutual
s_connection: verify depth is 1
Handshake duration: 445.66 ms
Execution 51 - TLS Mutual
s_connection: verify depth is 1
Handshake duration: 437.12 ms
Execution 52 - TLS Mutual
s_connection: verify depth is 1
Handshake duration: 443.41 ms
Execution 53 - TLS Mutual
s_connection: verify depth is 1
Handshake duration: 448.99 ms
Execution 54 - TLS Mutual
s_connection: verify depth is 1
Handshake duration: 444.28 ms
Execution 55 - TLS Mutual
s_connection: verify depth is 1
Handshake duration: 443.24 ms
Execution 56 - TLS Mutual
s_connection: verify depth is 1
Handshake duration: 438.83 ms
Execution 57 - TLS Mutual
s_connection: verify depth is 1
Handshake duration: 644.55 ms
Execution 58 - TLS Mutual
s_connection: verify depth is 1
Handshake duration: 441.39 ms
Execution 59 - TLS Mutual
s_connection: verify depth is 1
Handshake duration: 1457.20 ms
Execution 60 - TLS Mutual
s_connection: verify depth is 1
Handshake duration: 437.87 ms
Execution 61 - TLS Mutual
s_connection: verify depth is 1
Handshake duration: 441.58 ms
Execution 62 - TLS Mutual
s_connection: verify depth is 1
Handshake duration: 446.27 ms
Execution 63 - TLS Mutual
s_connection: verify depth is 1
Handshake duration: 605.92 ms
Execution 64 - TLS Mutual
s_connection: verify depth is 1
Handshake duration: 440.48 ms
Execution 65 - TLS Mutual
s_connection: verify depth is 1
Handshake duration: 418.80 ms
Execution 66 - TLS Mutual
s_connection: verify depth is 1
Handshake duration: 438.06 ms
Execution 67 - TLS Mutual
s_connection: verify depth is 1
Handshake duration: 445.36 ms
Execution 68 - TLS Mutual
s_connection: verify depth is 1
Handshake duration: 440.40 ms
Execution 69 - TLS Mutual
s_connection: verify depth is 1
Handshake duration: 643.75 ms
Execution 70 - TLS Mutual
s_connection: verify depth is 1
Handshake duration: 447.42 ms
Execution 71 - TLS Mutual
s_connection: verify depth is 1
Handshake duration: 438.59 ms
Execution 72 - TLS Mutual
s_connection: verify depth is 1
Handshake duration: 432.24 ms
Execution 73 - TLS Mutual
s_connection: verify depth is 1
Handshake duration: 427.63 ms
Execution 74 - TLS Mutual
s_connection: verify depth is 1
Handshake duration: 458.49 ms
Execution 75 - TLS Mutual
s_connection: verify depth is 1
Handshake duration: 442.48 ms
Execution 76 - TLS Mutual
s_connection: verify depth is 1
Handshake duration: 448.09 ms
Execution 77 - TLS Mutual
s_connection: verify depth is 1
Handshake duration: 1783.44 ms
Execution 78 - TLS Mutual
s_connection: verify depth is 1
Handshake duration: 509.19 ms
Execution 79 - TLS Mutual
s_connection: verify depth is 1
Handshake duration: 378.12 ms
Execution 80 - TLS Mutual
s_connection: verify depth is 1
Handshake duration: 440.23 ms
Execution 81 - TLS Mutual
s_connection: verify depth is 1
Handshake duration: 433.18 ms
Execution 82 - TLS Mutual
s_connection: verify depth is 1
Handshake duration: 440.93 ms
Execution 83 - TLS Mutual
s_connection: verify depth is 1
Handshake duration: 438.50 ms
Execution 84 - TLS Mutual
s_connection: verify depth is 1
Handshake duration: 452.60 ms
Execution 85 - TLS Mutual
s_connection: verify depth is 1
Handshake duration: 1787.54 ms
Execution 86 - TLS Mutual
s_connection: verify depth is 1
Handshake duration: 444.60 ms
Execution 87 - TLS Mutual
s_connection: verify depth is 1
Handshake duration: 446.72 ms
Execution 88 - TLS Mutual
s_connection: verify depth is 1
Handshake duration: 440.72 ms
Execution 89 - TLS Mutual
s_connection: verify depth is 1
Handshake duration: 442.80 ms
Execution 90 - TLS Mutual
s_connection: verify depth is 1
Handshake duration: 448.58 ms
Execution 91 - TLS Mutual
s_connection: verify depth is 1
Handshake duration: 439.56 ms
Execution 92 - TLS Mutual
s_connection: verify depth is 1
Handshake duration: 437.49 ms
Execution 93 - TLS Mutual
s_connection: verify depth is 1
Handshake duration: 440.99 ms
Execution 94 - TLS Mutual
s_connection: verify depth is 1
Handshake duration: 447.39 ms
Execution 95 - TLS Mutual
s_connection: verify depth is 1
Handshake duration: 442.30 ms
Execution 96 - TLS Mutual
s_connection: verify depth is 1
Handshake duration: 462.31 ms
Execution 97 - TLS Mutual
s_connection: verify depth is 1
Handshake duration: 443.08 ms
Execution 98 - TLS Mutual
s_connection: verify depth is 1
Handshake duration: 447.40 ms
Execution 99 - TLS Mutual
s_connection: verify depth is 1
Handshake duration: 431.50 ms
Execution 100 - TLS Mutual
s_connection: verify depth is 1
Handshake duration: 438.74 ms
Execution 101 - TLS Mutual
s_connection: verify depth is 1
Handshake duration: 444.36 ms
Execution 102 - TLS Mutual
s_connection: verify depth is 1
Handshake duration: 451.75 ms
Execution 103 - TLS Mutual
s_connection: verify depth is 1
Handshake duration: 452.28 ms
Execution 104 - TLS Mutual
s_connection: verify depth is 1
Handshake duration: 411.32 ms
Execution 105 - TLS Mutual
s_connection: verify depth is 1
Handshake duration: 440.16 ms
Execution 106 - TLS Mutual
s_connection: verify depth is 1
Handshake duration: 417.73 ms
Execution 107 - TLS Mutual
s_connection: verify depth is 1
Handshake duration: 407.34 ms
Execution 108 - TLS Mutual
s_connection: verify depth is 1
Handshake duration: 1800.73 ms
Execution 109 - TLS Mutual
s_connection: verify depth is 1
Handshake duration: 426.55 ms
Execution 110 - TLS Mutual
s_connection: verify depth is 1
Handshake duration: 450.96 ms
Execution 111 - TLS Mutual
s_connection: verify depth is 1
Handshake duration: 426.93 ms
Execution 112 - TLS Mutual
s_connection: verify depth is 1
Handshake duration: 441.93 ms
Execution 113 - TLS Mutual
s_connection: verify depth is 1
Handshake duration: 439.13 ms
Execution 114 - TLS Mutual
s_connection: verify depth is 1
Handshake duration: 414.39 ms
Execution 115 - TLS Mutual
s_connection: verify depth is 1
Handshake duration: 438.08 ms
Execution 116 - TLS Mutual
s_connection: verify depth is 1
Handshake duration: 431.60 ms
Execution 117 - TLS Mutual
s_connection: verify depth is 1
Handshake duration: 439.50 ms
Execution 118 - TLS Mutual
s_connection: verify depth is 1
Handshake duration: 455.08 ms
Execution 119 - TLS Mutual
s_connection: verify depth is 1
Handshake duration: 453.39 ms
Execution 120 - TLS Mutual
s_connection: verify depth is 1
Handshake duration: 451.91 ms
Execution 121 - TLS Mutual
s_connection: verify depth is 1
Handshake duration: 425.02 ms
Execution 122 - TLS Mutual
s_connection: verify depth is 1
Handshake duration: 423.91 ms
Execution 123 - TLS Mutual
s_connection: verify depth is 1
Handshake duration: 817.14 ms
Execution 124 - TLS Mutual
s_connection: verify depth is 1
Handshake duration: 439.66 ms
Execution 125 - TLS Mutual
s_connection: verify depth is 1
Handshake duration: 445.06 ms
