Handshake timeout budget: 150s (identique TLS/QUIC)
Applying netem rules to lo...
Showing qdisc status for the interface: lo
qdisc netem 8bcf: root refcnt 2 limit 1000 seed 13366480757099764511
 Sent 0 bytes 0 pkt (dropped 0, overlimits 0 requeues 0) 
 backlog 0b 0p requeues 0
Running ./perftestClientTlsQuic.sh with SIG_ALG=secp521r1 and KEM_ALG=hqc256
Execution 1 - TLS Mutual
s_connection: verify depth is 1
Handshake duration: 816.78 ms
Execution 2 - TLS Mutual
s_connection: verify depth is 1
Handshake duration: 650.19 ms
Execution 3 - TLS Mutual
s_connection: verify depth is 1
Handshake duration: 659.52 ms
Execution 4 - TLS Mutual
s_connection: verify depth is 1
Handshake duration: 656.11 ms
Execution 5 - TLS Mutual
s_connection: verify depth is 1
Handshake duration: 655.43 ms
Execution 6 - TLS Mutual
s_connection: verify depth is 1
Handshake duration: 663.08 ms
Execution 7 - TLS Mutual
s_connection: verify depth is 1
Handshake duration: 661.70 ms
Execution 8 - TLS Mutual
s_connection: verify depth is 1
Handshake duration: 659.62 ms
Execution 9 - TLS Mutual
s_connection: verify depth is 1
Handshake duration: 661.09 ms
Execution 10 - TLS Mutual
s_connection: verify depth is 1
Handshake duration: 660.00 ms
Execution 11 - TLS Mutual
s_connection: verify depth is 1
Handshake duration: 663.27 ms
Execution 12 - TLS Mutual
s_connection: verify depth is 1
Handshake duration: 658.76 ms
Execution 13 - TLS Mutual
s_connection: verify depth is 1
Handshake duration: 653.91 ms
Execution 14 - TLS Mutual
s_connection: verify depth is 1
Handshake duration: 1157.39 ms
Execution 15 - TLS Mutual
s_connection: verify depth is 1
Handshake duration: 645.35 ms
Execution 16 - TLS Mutual
s_connection: verify depth is 1
Handshake duration: 657.34 ms
Execution 17 - TLS Mutual
s_connection: verify depth is 1
Handshake duration: 654.41 ms
Execution 18 - TLS Mutual
s_connection: verify depth is 1
Handshake duration: 651.25 ms
Execution 19 - TLS Mutual
s_connection: verify depth is 1
Handshake duration: 649.67 ms
Execution 20 - TLS Mutual
s_connection: verify depth is 1
Handshake duration: 659.78 ms
Execution 21 - TLS Mutual
s_connection: verify depth is 1
Handshake duration: 658.74 ms
Execution 22 - TLS Mutual
s_connection: verify depth is 1
Handshake duration: 648.94 ms
Execution 23 - TLS Mutual
s_connection: verify depth is 1
Handshake duration: 654.78 ms
Execution 24 - TLS Mutual
s_connection: verify depth is 1
Handshake duration: 658.65 ms
Execution 25 - TLS Mutual
s_connection: verify depth is 1
Handshake duration: 662.02 ms
Execution 26 - TLS Mutual
s_connection: verify depth is 1
Handshake duration: 661.49 ms
Execution 27 - TLS Mutual
s_connection: verify depth is 1
Handshake duration: 656.62 ms
Execution 28 - TLS Mutual
s_connection: verify depth is 1
Handshake duration: 644.62 ms
Execution 29 - TLS Mutual
s_connection: verify depth is 1
Handshake duration: 661.52 ms
Execution 30 - TLS Mutual
s_connection: verify depth is 1
Handshake duration: 653.74 ms
Execution 31 - TLS Mutual
s_connection: verify depth is 1
Handshake duration: 645.87 ms
Execution 32 - TLS Mutual
s_connection: verify depth is 1
Handshake duration: 659.47 ms
Execution 33 - TLS Mutual
s_connection: verify depth is 1
Handshake duration: 647.63 ms
Execution 34 - TLS Mutual
s_connection: verify depth is 1
Handshake duration: 661.27 ms
Execution 35 - TLS Mutual
s_connection: verify depth is 1
Handshake duration: 648.42 ms
Execution 36 - TLS Mutual
s_connection: verify depth is 1
Handshake duration: 657.74 ms
Execution 37 - TLS Mutual
s_connection: verify depth is 1
Handshake duration: 652.75 ms
Execution 38 - TLS Mutual
s_connection: verify depth is 1
Handshake duration: 659.94 ms
Execution 39 - TLS Mutual
s_connection: verify depth is 1
Handshake duration: 662.09 ms
Execution 40 - TLS Mutual
s_connection: verify depth is 1
Handshake duration: 657.22 ms
Execution 41 - TLS Mutual
s_connection: verify depth is 1
Handshake duration: 659.73 ms
Execution 42 - TLS Mutual
s_connection: verify depth is 1
Handshake duration: 658.66 ms
Execution 43 - TLS Mutual
s_connection: verify depth is 1
Handshake duration: 661.31 ms
Execution 44 - TLS Mutual
s_connection: verify depth is 1
Handshake duration: 663.80 ms
Execution 45 - TLS Mutual
s_connection: verify depth is 1
Handshake duration: 646.12 ms
Execution 46 - TLS Mutual
s_connection: verify depth is 1
Handshake duration: 655.94 ms
Execution 47 - TLS Mutual
s_connection: verify depth is 1
Handshake duration: 663.91 ms
Execution 48 - TLS Mutual
s_connection: verify depth is 1
Handshake duration: 623.52 ms
Execution 49 - TLS Mutual
s_connection: verify depth is 1
Handshake duration: 661.24 ms
Execution 50 - TLS Mutual
s_connection: verify depth is 1
Handshake duration: 654.32 ms
Execution 51 - TLS Mutual
s_connection: verify depth is 1
Handshake duration: 655.61 ms
Execution 52 - TLS Mutual
s_connection: verify depth is 1
Handshake duration: 657.48 ms
Execution 53 - TLS Mutual
s_connection: verify depth is 1
Handshake duration: 660.22 ms
Execution 54 - TLS Mutual
s_connection: verify depth is 1
Handshake duration: 654.60 ms
Execution 55 - TLS Mutual
s_connection: verify depth is 1
Handshake duration: 2015.30 ms
Execution 56 - TLS Mutual
s_connection: verify depth is 1
Handshake duration: 658.39 ms
Execution 57 - TLS Mutual
s_connection: verify depth is 1
Handshake duration: 656.22 ms
Execution 58 - TLS Mutual
s_connection: verify depth is 1
Handshake duration: 632.40 ms
Execution 59 - TLS Mutual
s_connection: verify depth is 1
Handshake duration: 657.57 ms
Execution 60 - TLS Mutual
s_connection: verify depth is 1
Handshake duration: 659.78 ms
Execution 61 - TLS Mutual
s_connection: verify depth is 1
Handshake duration: 649.20 ms
Execution 62 - TLS Mutual
s_connection: verify depth is 1
Handshake duration: 658.36 ms
Execution 63 - TLS Mutual
s_connection: verify depth is 1
Handshake duration: 657.69 ms
Execution 64 - TLS Mutual
s_connection: verify depth is 1
Handshake duration: 657.10 ms
Execution 65 - TLS Mutual
s_connection: verify depth is 1
Handshake duration: 655.52 ms
Execution 66 - TLS Mutual
s_connection: verify depth is 1
Handshake duration: 659.13 ms
Execution 67 - TLS Mutual
s_connection: verify depth is 1
Handshake duration: 655.75 ms
Execution 68 - TLS Mutual
s_connection: verify depth is 1
Handshake duration: 626.94 ms
Execution 69 - TLS Mutual
s_connection: verify depth is 1
Handshake duration: 622.54 ms
Execution 70 - TLS Mutual
s_connection: verify depth is 1
Handshake duration: 660.04 ms
Execution 71 - TLS Mutual
s_connection: verify depth is 1
Handshake duration: 651.07 ms
Execution 72 - TLS Mutual
s_connection: verify depth is 1
Handshake duration: 662.99 ms
Execution 73 - TLS Mutual
s_connection: verify depth is 1
Handshake duration: 664.99 ms
Execution 74 - TLS Mutual
s_connection: verify depth is 1
Handshake duration: 659.05 ms
Execution 75 - TLS Mutual
s_connection: verify depth is 1
Handshake duration: 664.27 ms
Execution 76 - TLS Mutual
s_connection: verify depth is 1
Handshake duration: 651.44 ms
Execution 77 - TLS Mutual
s_connection: verify depth is 1
Handshake duration: 661.79 ms
Execution 78 - TLS Mutual
s_connection: verify depth is 1
Handshake duration: 643.71 ms
Execution 79 - TLS Mutual
s_connection: verify depth is 1
Handshake duration: 658.51 ms
Execution 80 - TLS Mutual
s_connection: verify depth is 1
Handshake duration: 663.36 ms
Execution 81 - TLS Mutual
s_connection: verify depth is 1
Handshake duration: 661.30 ms
Execution 82 - TLS Mutual
s_connection: verify depth is 1
Handshake duration: 658.43 ms
Execution 83 - TLS Mutual
s_connection: verify depth is 1
Handshake duration: 664.76 ms
Execution 84 - TLS Mutual
s_connection: verify depth is 1
Handshake duration: 661.19 ms
Execution 85 - TLS Mutual
s_connection: verify depth is 1
Handshake duration: 662.08 ms
Execution 86 - TLS Mutual
s_connection: verify depth is 1
Handshake duration: 654.06 ms
Execution 87 - TLS Mutual
s_connection: verify depth is 1
Handshake duration: 644.54 ms
Execution 88 - TLS Mutual
s_connection: verify depth is 1
Handshake duration: 657.15 ms
Execution 89 - TLS Mutual
s_connection: verify depth is 1
Handshake duration: 662.71 ms
Execution 90 - TLS Mutual
s_connection: verify depth is 1
Handshake duration: 658.60 ms
Execution 91 - TLS Mutual
s_connection: verify depth is 1
Handshake duration: 656.05 ms
Execution 92 - TLS Mutual
s_connection: verify depth is 1
Handshake duration: 662.04 ms
Execution 93 - TLS Mutual
s_connection: verify depth is 1
Handshake duration: 633.91 ms
Execution 94 - TLS Mutual
s_connection: verify depth is 1
Handshake duration: 661.98 ms
Execution 95 - TLS Mutual
s_connection: verify depth is 1
Handshake duration: 660.22 ms
Execution 96 - TLS Mutual
s_connection: verify depth is 1
Handshake duration: 620.39 ms
Execution 97 - TLS Mutual
s_connection: verify depth is 1
Handshake duration: 658.46 ms
Execution 98 - TLS Mutual
s_connection: verify depth is 1
Handshake duration: 650.99 ms
Execution 99 - TLS Mutual
s_connection: verify depth is 1
Handshake duration: 659.16 ms
Execution 100 - TLS Mutual
s_connection: verify depth is 1
Handshake duration: 658.67 ms
Execution 101 - TLS Mutual
s_connection: verify depth is 1
Handshake duration: 653.42 ms
Execution 102 - TLS Mutual
s_connection: verify depth is 1
Handshake duration: 660.62 ms
Execution 103 - TLS Mutual
s_connection: verify depth is 1
Handshake duration: 656.84 ms
Execution 104 - TLS Mutual
s_connection: verify depth is 1
Handshake duration: 656.21 ms
Execution 105 - TLS Mutual
s_connection: verify depth is 1
Handshake duration: 655.10 ms
Execution 106 - TLS Mutual
s_connection: verify depth is 1
Handshake duration: 663.19 ms
Execution 107 - TLS Mutual
s_connection: verify depth is 1
Handshake duration: 655.37 ms
Execution 108 - TLS Mutual
s_connection: verify depth is 1
Handshake duration: 662.16 ms
Execution 109 - TLS Mutual
s_connection: verify depth is 1
Handshake duration: 656.15 ms
Execution 110 - TLS Mutual
s_connection: verify depth is 1
Handshake duration: 660.74 ms
Execution 111 - TLS Mutual
s_connection: verify depth is 1
Handshake duration: 660.66 ms
Execution 112 - TLS Mutual
s_connection: verify depth is 1
Handshake duration: 655.81 ms
Execution 113 - TLS Mutual
s_connection: verify depth is 1
Handshake duration: 641.85 ms
Execution 114 - TLS Mutual
s_connection: verify depth is 1
Handshake duration: 636.24 ms
Execution 115 - TLS Mutual
s_connection: verify depth is 1
Handshake duration: 633.05 ms
Execution 116 - TLS Mutual
s_connection: verify depth is 1
Handshake duration: 654.53 ms
Execution 117 - TLS Mutual
s_connection: verify depth is 1
Handshake duration: 631.79 ms
Execution 118 - TLS Mutual
s_connection: verify depth is 1
Handshake duration: 651.41 ms
Execution 119 - TLS Mutual
s_connection: verify depth is 1
Handshake duration: 668.43 ms
Execution 120 - TLS Mutual
s_connection: verify depth is 1
Handshake duration: 773.34 ms
Execution 121 - TLS Mutual
s_connection: verify depth is 1
Handshake duration: 659.77 ms
Execution 122 - TLS Mutual
s_connection: verify depth is 1
Handshake duration: 625.84 ms
Execution 123 - TLS Mutual
s_connection: verify depth is 1
Handshake duration: 633.98 ms
Execution 124 - TLS Mutual
s_connection: verify depth is 1
Handshake duration: 632.31 ms
Execution 125 - TLS Mutual
s_connection: verify depth is 1
Handshake duration: 634.41 ms
