Handshake timeout budget: 150s (identique TLS/QUIC)
Applying netem rules to lo...
Showing qdisc status for the interface: lo
qdisc netem 9a1d: root refcnt 2 limit 1000 seed 5118716134912866793
 Sent 0 bytes 0 pkt (dropped 0, overlimits 0 requeues 0) 
 backlog 0b 0p requeues 0
Running ./perftestClientTlsQuic.sh with SIG_ALG=mldsa65 and KEM_ALG=hqc192
Execution 1 - TLS Mutual
s_connection: verify depth is 1
Handshake duration: 779.31 ms
Execution 2 - TLS Mutual
s_connection: verify depth is 1
Handshake duration: 785.73 ms
Execution 3 - TLS Mutual
s_connection: verify depth is 1
Handshake duration: 618.80 ms
Execution 4 - TLS Mutual
s_connection: verify depth is 1
Handshake duration: 592.86 ms
Execution 5 - TLS Mutual
s_connection: verify depth is 1
Handshake duration: 619.46 ms
Execution 6 - TLS Mutual
s_connection: verify depth is 1
Handshake duration: 622.39 ms
Execution 7 - TLS Mutual
s_connection: verify depth is 1
Handshake duration: 595.52 ms
Execution 8 - TLS Mutual
s_connection: verify depth is 1
Handshake duration: 619.15 ms
Execution 9 - TLS Mutual
s_connection: verify depth is 1
Handshake duration: 621.26 ms
Execution 10 - TLS Mutual
s_connection: verify depth is 1
Handshake duration: 621.36 ms
Execution 11 - TLS Mutual
s_connection: verify depth is 1
Handshake duration: 619.71 ms
Execution 12 - TLS Mutual
s_connection: verify depth is 1
Handshake duration: 613.73 ms
Execution 13 - TLS Mutual
s_connection: verify depth is 1
Handshake duration: 625.36 ms
Execution 14 - TLS Mutual
s_connection: verify depth is 1
Handshake duration: 621.34 ms
Execution 15 - TLS Mutual
s_connection: verify depth is 1
Handshake duration: 616.84 ms
Execution 16 - TLS Mutual
s_connection: verify depth is 1
Handshake duration: 622.87 ms
Execution 17 - TLS Mutual
s_connection: verify depth is 1
Handshake duration: 619.88 ms
Execution 18 - TLS Mutual
s_connection: verify depth is 1
Handshake duration: 596.26 ms
Execution 19 - TLS Mutual
s_connection: verify depth is 1
Handshake duration: 596.71 ms
Execution 20 - TLS Mutual
s_connection: verify depth is 1
Handshake duration: 619.99 ms
Execution 21 - TLS Mutual
s_connection: verify depth is 1
Handshake duration: 621.77 ms
Execution 22 - TLS Mutual
s_connection: verify depth is 1
Handshake duration: 625.71 ms
Execution 23 - TLS Mutual
s_connection: verify depth is 1
Handshake duration: 595.60 ms
Execution 24 - TLS Mutual
s_connection: verify depth is 1
Handshake duration: 617.67 ms
Execution 25 - TLS Mutual
s_connection: verify depth is 1
Handshake duration: 620.35 ms
Execution 26 - TLS Mutual
s_connection: verify depth is 1
Handshake duration: 598.40 ms
Execution 27 - TLS Mutual
s_connection: verify depth is 1
Handshake duration: 597.99 ms
Execution 28 - TLS Mutual
s_connection: verify depth is 1
Handshake duration: 1967.75 ms
Execution 29 - TLS Mutual
s_connection: verify depth is 1
Handshake duration: 598.57 ms
Execution 30 - TLS Mutual
s_connection: verify depth is 1
Handshake duration: 598.65 ms
Execution 31 - TLS Mutual
s_connection: verify depth is 1
Handshake duration: 622.20 ms
Execution 32 - TLS Mutual
s_connection: verify depth is 1
Handshake duration: 598.49 ms
Execution 33 - TLS Mutual
s_connection: verify depth is 1
Handshake duration: 619.83 ms
Execution 34 - TLS Mutual
s_connection: verify depth is 1
Handshake duration: 618.33 ms
Execution 35 - TLS Mutual
s_connection: verify depth is 1
Handshake duration: 605.27 ms
Execution 36 - TLS Mutual
s_connection: verify depth is 1
Handshake duration: 594.16 ms
Execution 37 - TLS Mutual
s_connection: verify depth is 1
Handshake duration: 563.54 ms
Execution 38 - TLS Mutual
s_connection: verify depth is 1
Handshake duration: 588.27 ms
Execution 39 - TLS Mutual
s_connection: verify depth is 1
Handshake duration: 620.48 ms
Execution 40 - TLS Mutual
s_connection: verify depth is 1
Handshake duration: 642.16 ms
Execution 41 - TLS Mutual
s_connection: verify depth is 1
Handshake duration: 758.29 ms
Execution 42 - TLS Mutual
s_connection: verify depth is 1
Handshake duration: 623.14 ms
Execution 43 - TLS Mutual
s_connection: verify depth is 1
Handshake duration: 595.08 ms
Execution 44 - TLS Mutual
s_connection: verify depth is 1
Handshake duration: 620.20 ms
Execution 45 - TLS Mutual
s_connection: verify depth is 1
Handshake duration: 617.11 ms
Execution 46 - TLS Mutual
s_connection: verify depth is 1
Handshake duration: 612.98 ms
Execution 47 - TLS Mutual
s_connection: verify depth is 1
Handshake duration: 597.04 ms
Execution 48 - TLS Mutual
s_connection: verify depth is 1
Handshake duration: 597.91 ms
Execution 49 - TLS Mutual
s_connection: verify depth is 1
Handshake duration: 620.45 ms
Execution 50 - TLS Mutual
s_connection: verify depth is 1
Handshake duration: 617.64 ms
Execution 51 - TLS Mutual
s_connection: verify depth is 1
Handshake duration: 570.43 ms
Execution 52 - TLS Mutual
s_connection: verify depth is 1
Handshake duration: 621.60 ms
Execution 53 - TLS Mutual
s_connection: verify depth is 1
Handshake duration: 618.11 ms
Execution 54 - TLS Mutual
s_connection: verify depth is 1
Handshake duration: 621.93 ms
Execution 55 - TLS Mutual
s_connection: verify depth is 1
Handshake duration: 619.45 ms
Execution 56 - TLS Mutual
s_connection: verify depth is 1
Handshake duration: 619.18 ms
Execution 57 - TLS Mutual
s_connection: verify depth is 1
Handshake duration: 622.07 ms
Execution 58 - TLS Mutual
s_connection: verify depth is 1
Handshake duration: 622.23 ms
Execution 59 - TLS Mutual
s_connection: verify depth is 1
Handshake duration: 788.79 ms
Execution 60 - TLS Mutual
s_connection: verify depth is 1
Handshake duration: 637.72 ms
Execution 61 - TLS Mutual
s_connection: verify depth is 1
Handshake duration: 593.12 ms
Execution 62 - TLS Mutual
s_connection: verify depth is 1
Handshake duration: 593.51 ms
Execution 63 - TLS Mutual
s_connection: verify depth is 1
Handshake duration: 622.46 ms
Execution 64 - TLS Mutual
s_connection: verify depth is 1
Handshake duration: 617.51 ms
Execution 65 - TLS Mutual
s_connection: verify depth is 1
Handshake duration: 595.70 ms
Execution 66 - TLS Mutual
s_connection: verify depth is 1
Handshake duration: 620.45 ms
Execution 67 - TLS Mutual
s_connection: verify depth is 1
Handshake duration: 617.50 ms
Execution 68 - TLS Mutual
s_connection: verify depth is 1
Handshake duration: 638.92 ms
Execution 69 - TLS Mutual
s_connection: verify depth is 1
Handshake duration: 595.80 ms
Execution 70 - TLS Mutual
s_connection: verify depth is 1
Handshake duration: 596.07 ms
Execution 71 - TLS Mutual
s_connection: verify depth is 1
Handshake duration: 621.19 ms
Execution 72 - TLS Mutual
s_connection: verify depth is 1
Handshake duration: 617.97 ms
Execution 73 - TLS Mutual
s_connection: verify depth is 1
Handshake duration: 1270.18 ms
Execution 74 - TLS Mutual
s_connection: verify depth is 1
Handshake duration: 622.45 ms
Execution 75 - TLS Mutual
s_connection: verify depth is 1
Handshake duration: 593.43 ms
Execution 76 - TLS Mutual
s_connection: verify depth is 1
Handshake duration: 597.49 ms
Execution 77 - TLS Mutual
s_connection: verify depth is 1
Handshake duration: 621.52 ms
Execution 78 - TLS Mutual
s_connection: verify depth is 1
Handshake duration: 594.13 ms
Execution 79 - TLS Mutual
s_connection: verify depth is 1
Handshake duration: 787.89 ms
Execution 80 - TLS Mutual
s_connection: verify depth is 1
Handshake duration: 621.51 ms
Execution 81 - TLS Mutual
s_connection: verify depth is 1
Handshake duration: 623.08 ms
Execution 82 - TLS Mutual
s_connection: verify depth is 1
Handshake duration: 620.98 ms
Execution 83 - TLS Mutual
s_connection: verify depth is 1
Handshake duration: 594.63 ms
Execution 84 - TLS Mutual
s_connection: verify depth is 1
Handshake duration: 596.36 ms
Execution 85 - TLS Mutual
s_connection: verify depth is 1
Handshake duration: 616.60 ms
Execution 86 - TLS Mutual
s_connection: verify depth is 1
Handshake duration: 608.41 ms
Execution 87 - TLS Mutual
s_connection: verify depth is 1
Handshake duration: 614.72 ms
Execution 88 - TLS Mutual
s_connection: verify depth is 1
Handshake duration: 612.82 ms
Execution 89 - TLS Mutual
s_connection: verify depth is 1
Handshake duration: 622.47 ms
Execution 90 - TLS Mutual
s_connection: verify depth is 1
Handshake duration: 620.56 ms
Execution 91 - TLS Mutual
s_connection: verify depth is 1
Handshake duration: 618.11 ms
Execution 92 - TLS Mutual
s_connection: verify depth is 1
Handshake duration: 626.21 ms
Execution 93 - TLS Mutual
s_connection: verify depth is 1
Handshake duration: 599.69 ms
Execution 94 - TLS Mutual
s_connection: verify depth is 1
Handshake duration: 624.45 ms
Execution 95 - TLS Mutual
s_connection: verify depth is 1
Handshake duration: 618.77 ms
Execution 96 - TLS Mutual
s_connection: verify depth is 1
Handshake duration: 598.37 ms
Execution 97 - TLS Mutual
s_connection: verify depth is 1
Handshake duration: 618.86 ms
Execution 98 - TLS Mutual
s_connection: verify depth is 1
Handshake duration: 594.16 ms
Execution 99 - TLS Mutual
s_connection: verify depth is 1
Handshake duration: 598.50 ms
Execution 100 - TLS Mutual
s_connection: verify depth is 1
Handshake duration: 622.40 ms
Execution 101 - TLS Mutual
s_connection: verify depth is 1
Handshake duration: 597.32 ms
Execution 102 - TLS Mutual
s_connection: verify depth is 1
Handshake duration: 598.66 ms
Execution 103 - TLS Mutual
s_connection: verify depth is 1
Handshake duration: 641.75 ms
Execution 104 - TLS Mutual
s_connection: verify depth is 1
Handshake duration: 620.62 ms
Execution 105 - TLS Mutual
s_connection: verify depth is 1
Handshake duration: 598.49 ms
Execution 106 - TLS Mutual
s_connection: verify depth is 1
Handshake duration: 618.07 ms
Execution 107 - TLS Mutual
s_connection: verify depth is 1
Handshake duration: 621.10 ms
Execution 108 - TLS Mutual
s_connection: verify depth is 1
Handshake duration: 592.82 ms
Execution 109 - TLS Mutual
s_connection: verify depth is 1
Handshake duration: 625.04 ms
Execution 110 - TLS Mutual
s_connection: verify depth is 1
Handshake duration: 617.82 ms
Execution 111 - TLS Mutual
s_connection: verify depth is 1
Handshake duration: 596.43 ms
Execution 112 - TLS Mutual
s_connection: verify depth is 1
Handshake duration: 617.64 ms
Execution 113 - TLS Mutual
s_connection: verify depth is 1
Handshake duration: 597.66 ms
Execution 114 - TLS Mutual
s_connection: verify depth is 1
Handshake duration: 1962.31 ms
Execution 115 - TLS Mutual
s_connection: verify depth is 1
Handshake duration: 619.82 ms
Execution 116 - TLS Mutual
s_connection: verify depth is 1
Handshake duration: 596.77 ms
Execution 117 - TLS Mutual
s_connection: verify depth is 1
Handshake duration: 619.80 ms
Execution 118 - TLS Mutual
s_connection: verify depth is 1
Handshake duration: 618.06 ms
Execution 119 - TLS Mutual
s_connection: verify depth is 1
Handshake duration: 622.97 ms
Execution 120 - TLS Mutual
s_connection: verify depth is 1
Handshake duration: 597.55 ms
Execution 121 - TLS Mutual
s_connection: verify depth is 1
Handshake duration: 597.98 ms
Execution 122 - TLS Mutual
s_connection: verify depth is 1
Handshake duration: 623.50 ms
Execution 123 - TLS Mutual
s_connection: verify depth is 1
Handshake duration: 616.74 ms
Execution 124 - TLS Mutual
s_connection: verify depth is 1
Handshake duration: 617.75 ms
Execution 125 - TLS Mutual
s_connection: verify depth is 1
Handshake duration: 620.70 ms
