Handshake timeout budget: 150s (identique TLS/QUIC)
Applying netem rules to lo...
Showing qdisc status for the interface: lo
qdisc netem 9211: root refcnt 2 limit 1000 seed 17473392334031046198
 Sent 0 bytes 0 pkt (dropped 0, overlimits 0 requeues 0) 
 backlog 0b 0p requeues 0
Running ./perftestClientTlsQuic.sh with SIG_ALG=mldsa44 and KEM_ALG=p256_hqc128
Execution 1 - TLS Mutual
s_connection: verify depth is 1
Handshake duration: 602.56 ms
Execution 2 - TLS Mutual
s_connection: verify depth is 1
Handshake duration: 425.54 ms
Execution 3 - TLS Mutual
s_connection: verify depth is 1
Handshake duration: 428.13 ms
Execution 4 - TLS Mutual
s_connection: verify depth is 1
Handshake duration: 413.22 ms
Execution 5 - TLS Mutual
s_connection: verify depth is 1
Handshake duration: 404.60 ms
Execution 6 - TLS Mutual
s_connection: verify depth is 1
Handshake duration: 421.46 ms
Execution 7 - TLS Mutual
s_connection: verify depth is 1
Handshake duration: 420.82 ms
Execution 8 - TLS Mutual
s_connection: verify depth is 1
Handshake duration: 397.89 ms
Execution 9 - TLS Mutual
s_connection: verify depth is 1
Handshake duration: 416.52 ms
Execution 10 - TLS Mutual
s_connection: verify depth is 1
Handshake duration: 427.61 ms
Execution 11 - TLS Mutual
s_connection: verify depth is 1
Handshake duration: 410.66 ms
Execution 12 - TLS Mutual
s_connection: verify depth is 1
Handshake duration: 426.41 ms
Execution 13 - TLS Mutual
s_connection: verify depth is 1
Handshake duration: 412.61 ms
Execution 14 - TLS Mutual
s_connection: verify depth is 1
Handshake duration: 403.08 ms
Execution 15 - TLS Mutual
s_connection: verify depth is 1
Handshake duration: 428.25 ms
Execution 16 - TLS Mutual
s_connection: verify depth is 1
Handshake duration: 426.57 ms
Execution 17 - TLS Mutual
s_connection: verify depth is 1
Handshake duration: 385.42 ms
Execution 18 - TLS Mutual
s_connection: verify depth is 1
Handshake duration: 375.52 ms
Execution 19 - TLS Mutual
s_connection: verify depth is 1
Handshake duration: 429.52 ms
Execution 20 - TLS Mutual
s_connection: verify depth is 1
Handshake duration: 411.56 ms
Execution 21 - TLS Mutual
s_connection: verify depth is 1
Handshake duration: 571.19 ms
Execution 22 - TLS Mutual
s_connection: verify depth is 1
Handshake duration: 412.44 ms
Execution 23 - TLS Mutual
s_connection: verify depth is 1
Handshake duration: 430.21 ms
Execution 24 - TLS Mutual
s_connection: verify depth is 1
Handshake duration: 426.28 ms
Execution 25 - TLS Mutual
s_connection: verify depth is 1
Handshake duration: 428.99 ms
Execution 26 - TLS Mutual
s_connection: verify depth is 1
Handshake duration: 388.97 ms
Execution 27 - TLS Mutual
s_connection: verify depth is 1
Handshake duration: 428.90 ms
Execution 28 - TLS Mutual
s_connection: verify depth is 1
Handshake duration: 390.16 ms
Execution 29 - TLS Mutual
s_connection: verify depth is 1
Handshake duration: 426.99 ms
Execution 30 - TLS Mutual
s_connection: verify depth is 1
Handshake duration: 403.86 ms
Execution 31 - TLS Mutual
s_connection: verify depth is 1
Handshake duration: 431.08 ms
Execution 32 - TLS Mutual
s_connection: verify depth is 1
Handshake duration: 426.69 ms
Execution 33 - TLS Mutual
s_connection: verify depth is 1
Handshake duration: 415.54 ms
Execution 34 - TLS Mutual
s_connection: verify depth is 1
Handshake duration: 590.99 ms
Execution 35 - TLS Mutual
s_connection: verify depth is 1
Handshake duration: 418.85 ms
Execution 36 - TLS Mutual
s_connection: verify depth is 1
Handshake duration: 404.77 ms
Execution 37 - TLS Mutual
s_connection: verify depth is 1
Handshake duration: 429.11 ms
Execution 38 - TLS Mutual
s_connection: verify depth is 1
Handshake duration: 426.19 ms
Execution 39 - TLS Mutual
s_connection: verify depth is 1
Handshake duration: 403.06 ms
Execution 40 - TLS Mutual
s_connection: verify depth is 1
Handshake duration: 427.63 ms
Execution 41 - TLS Mutual
s_connection: verify depth is 1
Handshake duration: 411.95 ms
Execution 42 - TLS Mutual
s_connection: verify depth is 1
Handshake duration: 405.17 ms
Execution 43 - TLS Mutual
s_connection: verify depth is 1
Handshake duration: 427.85 ms
Execution 44 - TLS Mutual
s_connection: verify depth is 1
Handshake duration: 404.68 ms
Execution 45 - TLS Mutual
s_connection: verify depth is 1
Handshake duration: 428.41 ms
Execution 46 - TLS Mutual
s_connection: verify depth is 1
Handshake duration: 391.15 ms
Execution 47 - TLS Mutual
s_connection: verify depth is 1
Handshake duration: 411.98 ms
Execution 48 - TLS Mutual
s_connection: verify depth is 1
Handshake duration: 425.53 ms
Execution 49 - TLS Mutual
s_connection: verify depth is 1
Handshake duration: 414.12 ms
Execution 50 - TLS Mutual
s_connection: verify depth is 1
Handshake duration: 424.15 ms
Execution 51 - TLS Mutual
s_connection: verify depth is 1
Handshake duration: 426.67 ms
Execution 52 - TLS Mutual
s_connection: verify depth is 1
Handshake duration: 410.45 ms
Execution 53 - TLS Mutual
s_connection: verify depth is 1
Handshake duration: 404.87 ms
Execution 54 - TLS Mutual
s_connection: verify depth is 1
Handshake duration: 423.87 ms
Execution 55 - TLS Mutual
s_connection: verify depth is 1
Handshake duration: 389.83 ms
Execution 56 - TLS Mutual
s_connection: verify depth is 1
Handshake duration: 428.51 ms
Execution 57 - TLS Mutual
s_connection: verify depth is 1
Handshake duration: 428.10 ms
Execution 58 - TLS Mutual
s_connection: verify depth is 1
Handshake duration: 388.45 ms
Execution 59 - TLS Mutual
s_connection: verify depth is 1
Handshake duration: 428.64 ms
Execution 60 - TLS Mutual
s_connection: verify depth is 1
Handshake duration: 416.55 ms
Execution 61 - TLS Mutual
s_connection: verify depth is 1
Handshake duration: 397.82 ms
Execution 62 - TLS Mutual
s_connection: verify depth is 1
Handshake duration: 403.96 ms
Execution 63 - TLS Mutual
s_connection: verify depth is 1
Handshake duration: 408.93 ms
Execution 64 - TLS Mutual
s_connection: verify depth is 1
Handshake duration: 1069.36 ms
Execution 65 - TLS Mutual
s_connection: verify depth is 1
Handshake duration: 427.28 ms
Execution 66 - TLS Mutual
s_connection: verify depth is 1
Handshake duration: 429.42 ms
Execution 67 - TLS Mutual
s_connection: verify depth is 1
Handshake duration: 388.44 ms
Execution 68 - TLS Mutual
s_connection: verify depth is 1
Handshake duration: 429.15 ms
Execution 69 - TLS Mutual
s_connection: verify depth is 1
Handshake duration: 411.60 ms
Execution 70 - TLS Mutual
s_connection: verify depth is 1
Handshake duration: 426.53 ms
Execution 71 - TLS Mutual
s_connection: verify depth is 1
Handshake duration: 403.19 ms
Execution 72 - TLS Mutual
s_connection: verify depth is 1
Handshake duration: 428.19 ms
Execution 73 - TLS Mutual
s_connection: verify depth is 1
Handshake duration: 390.29 ms
Execution 74 - TLS Mutual
s_connection: verify depth is 1
Handshake duration: 425.03 ms
Execution 75 - TLS Mutual
s_connection: verify depth is 1
Handshake duration: 1952.54 ms
Execution 76 - TLS Mutual
s_connection: verify depth is 1
Handshake duration: 427.46 ms
Execution 77 - TLS Mutual
s_connection: verify depth is 1
Handshake duration: 427.37 ms
Execution 78 - TLS Mutual
s_connection: verify depth is 1
Handshake duration: 404.27 ms
Execution 79 - TLS Mutual
s_connection: verify depth is 1
Handshake duration: 574.11 ms
Execution 80 - TLS Mutual
s_connection: verify depth is 1
Handshake duration: 1943.93 ms
Execution 81 - TLS Mutual
s_connection: verify depth is 1
Handshake duration: 427.88 ms
Execution 82 - TLS Mutual
s_connection: verify depth is 1
Handshake duration: 426.11 ms
Execution 83 - TLS Mutual
s_connection: verify depth is 1
Handshake duration: 389.60 ms
Execution 84 - TLS Mutual
s_connection: verify depth is 1
Handshake duration: 429.24 ms
Execution 85 - TLS Mutual
s_connection: verify depth is 1
Handshake duration: 390.55 ms
Execution 86 - TLS Mutual
s_connection: verify depth is 1
Handshake duration: 429.27 ms
Execution 87 - TLS Mutual
s_connection: verify depth is 1
Handshake duration: 415.29 ms
Execution 88 - TLS Mutual
s_connection: verify depth is 1
Handshake duration: 425.77 ms
Execution 89 - TLS Mutual
s_connection: verify depth is 1
Handshake duration: 388.92 ms
Execution 90 - TLS Mutual
s_connection: verify depth is 1
Handshake duration: 430.38 ms
Execution 91 - TLS Mutual
s_connection: verify depth is 1
Handshake duration: 556.99 ms
Execution 92 - TLS Mutual
s_connection: verify depth is 1
Handshake duration: 425.91 ms
Execution 93 - TLS Mutual
s_connection: verify depth is 1
Handshake duration: 427.86 ms
Execution 94 - TLS Mutual
s_connection: verify depth is 1
Handshake duration: 557.12 ms
Execution 95 - TLS Mutual
s_connection: verify depth is 1
Handshake duration: 589.81 ms
Execution 96 - TLS Mutual
s_connection: verify depth is 1
Handshake duration: 404.01 ms
Execution 97 - TLS Mutual
s_connection: verify depth is 1
Handshake duration: 413.91 ms
Execution 98 - TLS Mutual
s_connection: verify depth is 1
Handshake duration: 415.17 ms
Execution 99 - TLS Mutual
s_connection: verify depth is 1
Handshake duration: 424.28 ms
Execution 100 - TLS Mutual
s_connection: verify depth is 1
Handshake duration: 426.12 ms
Execution 101 - TLS Mutual
s_connection: verify depth is 1
Handshake duration: 427.46 ms
Execution 102 - TLS Mutual
s_connection: verify depth is 1
Handshake duration: 426.20 ms
Execution 103 - TLS Mutual
s_connection: verify depth is 1
Handshake duration: 427.40 ms
Execution 104 - TLS Mutual
s_connection: verify depth is 1
Handshake duration: 413.27 ms
Execution 105 - TLS Mutual
s_connection: verify depth is 1
Handshake duration: 425.74 ms
Execution 106 - TLS Mutual
s_connection: verify depth is 1
Handshake duration: 412.64 ms
Execution 107 - TLS Mutual
s_connection: verify depth is 1
Handshake duration: 628.74 ms
Execution 108 - TLS Mutual
s_connection: verify depth is 1
Handshake duration: 415.21 ms
Execution 109 - TLS Mutual
s_connection: verify depth is 1
Handshake duration: 426.54 ms
Execution 110 - TLS Mutual
s_connection: verify depth is 1
Handshake duration: 428.71 ms
Execution 111 - TLS Mutual
s_connection: verify depth is 1
Handshake duration: 407.88 ms
Execution 112 - TLS Mutual
s_connection: verify depth is 1
Handshake duration: 571.49 ms
Execution 113 - TLS Mutual
s_connection: verify depth is 1
Handshake duration: 427.54 ms
Execution 114 - TLS Mutual
s_connection: verify depth is 1
Handshake duration: 426.11 ms
Execution 115 - TLS Mutual
s_connection: verify depth is 1
Handshake duration: 416.92 ms
Execution 116 - TLS Mutual
s_connection: verify depth is 1
Handshake duration: 632.13 ms
Execution 117 - TLS Mutual
s_connection: verify depth is 1
Handshake duration: 616.22 ms
Execution 118 - TLS Mutual
s_connection: verify depth is 1
Handshake duration: 413.71 ms
Execution 119 - TLS Mutual
s_connection: verify depth is 1
Handshake duration: 425.58 ms
Execution 120 - TLS Mutual
s_connection: verify depth is 1
Handshake duration: 427.47 ms
Execution 121 - TLS Mutual
s_connection: verify depth is 1
Handshake duration: 414.06 ms
Execution 122 - TLS Mutual
s_connection: verify depth is 1
Handshake duration: 404.16 ms
Execution 123 - TLS Mutual
s_connection: verify depth is 1
Handshake duration: 410.15 ms
Execution 124 - TLS Mutual
s_connection: verify depth is 1
Handshake duration: 1934.49 ms
Execution 125 - TLS Mutual
s_connection: verify depth is 1
Handshake duration: 403.95 ms
