Handshake timeout budget: 150s (identique TLS/QUIC)
Applying netem rules to lo...
Showing qdisc status for the interface: lo
qdisc netem 99f9: root refcnt 2 limit 1000 seed 17477472186937724588
 Sent 0 bytes 0 pkt (dropped 0, overlimits 0 requeues 0) 
 backlog 0b 0p requeues 0
Running ./perftestClientTlsQuic.sh with SIG_ALG=mldsa65 and KEM_ALG=mlkem768
Execution 1 - TLS Mutual
s_connection: verify depth is 1
Handshake duration: 545.01 ms
Execution 2 - TLS Mutual
s_connection: verify depth is 1
Handshake duration: 401.87 ms
Execution 3 - TLS Mutual
s_connection: verify depth is 1
Handshake duration: 399.07 ms
Execution 4 - TLS Mutual
s_connection: verify depth is 1
Handshake duration: 399.79 ms
Execution 5 - TLS Mutual
s_connection: verify depth is 1
Handshake duration: 401.80 ms
Execution 6 - TLS Mutual
s_connection: verify depth is 1
Handshake duration: 376.55 ms
Execution 7 - TLS Mutual
s_connection: verify depth is 1
Handshake duration: 377.62 ms
Execution 8 - TLS Mutual
s_connection: verify depth is 1
Handshake duration: 399.83 ms
Execution 9 - TLS Mutual
s_connection: verify depth is 1
Handshake duration: 376.89 ms
Execution 10 - TLS Mutual
s_connection: verify depth is 1
Handshake duration: 376.71 ms
Execution 11 - TLS Mutual
s_connection: verify depth is 1
Handshake duration: 585.83 ms
Execution 12 - TLS Mutual
s_connection: verify depth is 1
Handshake duration: 400.93 ms
Execution 13 - TLS Mutual
s_connection: verify depth is 1
Handshake duration: 400.99 ms
Execution 14 - TLS Mutual
s_connection: verify depth is 1
Handshake duration: 377.51 ms
Execution 15 - TLS Mutual
s_connection: verify depth is 1
Handshake duration: 371.49 ms
Execution 16 - TLS Mutual
s_connection: verify depth is 1
Handshake duration: 399.36 ms
Execution 17 - TLS Mutual
s_connection: verify depth is 1
Handshake duration: 399.86 ms
Execution 18 - TLS Mutual
s_connection: verify depth is 1
Handshake duration: 400.02 ms
Execution 19 - TLS Mutual
s_connection: verify depth is 1
Handshake duration: 378.07 ms
Execution 20 - TLS Mutual
s_connection: verify depth is 1
Handshake duration: 400.64 ms
Execution 21 - TLS Mutual
s_connection: verify depth is 1
Handshake duration: 398.93 ms
Execution 22 - TLS Mutual
s_connection: verify depth is 1
Handshake duration: 590.12 ms
Execution 23 - TLS Mutual
s_connection: verify depth is 1
Handshake duration: 1893.41 ms
Execution 24 - TLS Mutual
s_connection: verify depth is 1
Handshake duration: 567.07 ms
Execution 25 - TLS Mutual
s_connection: verify depth is 1
Handshake duration: 371.90 ms
Execution 26 - TLS Mutual
s_connection: verify depth is 1
Handshake duration: 377.14 ms
Execution 27 - TLS Mutual
s_connection: verify depth is 1
Handshake duration: 398.38 ms
Execution 28 - TLS Mutual
s_connection: verify depth is 1
Handshake duration: 399.82 ms
Execution 29 - TLS Mutual
s_connection: verify depth is 1
Handshake duration: 397.14 ms
Execution 30 - TLS Mutual
s_connection: verify depth is 1
Handshake duration: 365.95 ms
Execution 31 - TLS Mutual
s_connection: verify depth is 1
Handshake duration: 376.45 ms
Execution 32 - TLS Mutual
s_connection: verify depth is 1
Handshake duration: 608.60 ms
Execution 33 - TLS Mutual
s_connection: verify depth is 1
Handshake duration: 375.60 ms
Execution 34 - TLS Mutual
s_connection: verify depth is 1
Handshake duration: 396.47 ms
Execution 35 - TLS Mutual
s_connection: verify depth is 1
Handshake duration: 398.93 ms
Execution 36 - TLS Mutual
s_connection: verify depth is 1
Handshake duration: 401.48 ms
Execution 37 - TLS Mutual
s_connection: verify depth is 1
Handshake duration: 400.86 ms
Execution 38 - TLS Mutual
s_connection: verify depth is 1
Handshake duration: 399.89 ms
Execution 39 - TLS Mutual
s_connection: verify depth is 1
Handshake duration: 377.15 ms
Execution 40 - TLS Mutual
s_connection: verify depth is 1
Handshake duration: 402.57 ms
Execution 41 - TLS Mutual
s_connection: verify depth is 1
Handshake duration: 377.18 ms
Execution 42 - TLS Mutual
s_connection: verify depth is 1
Handshake duration: 400.97 ms
Execution 43 - TLS Mutual
s_connection: verify depth is 1
Handshake duration: 377.19 ms
Execution 44 - TLS Mutual
s_connection: verify depth is 1
Handshake duration: 400.37 ms
Execution 45 - TLS Mutual
s_connection: verify depth is 1
Handshake duration: 377.03 ms
Execution 46 - TLS Mutual
s_connection: verify depth is 1
Handshake duration: 566.44 ms
Execution 47 - TLS Mutual
s_connection: verify depth is 1
Handshake duration: 399.07 ms
Execution 48 - TLS Mutual
s_connection: verify depth is 1
Handshake duration: 399.25 ms
Execution 49 - TLS Mutual
s_connection: verify depth is 1
Handshake duration: 401.62 ms
Execution 50 - TLS Mutual
s_connection: verify depth is 1
Handshake duration: 396.32 ms
Execution 51 - TLS Mutual
s_connection: verify depth is 1
Handshake duration: 400.65 ms
Execution 52 - TLS Mutual
s_connection: verify depth is 1
Handshake duration: 398.19 ms
Execution 53 - TLS Mutual
s_connection: verify depth is 1
Handshake duration: 401.99 ms
Execution 54 - TLS Mutual
s_connection: verify depth is 1
Handshake duration: 399.12 ms
Execution 55 - TLS Mutual
s_connection: verify depth is 1
Handshake duration: 588.75 ms
Execution 56 - TLS Mutual
s_connection: verify depth is 1
Handshake duration: 400.55 ms
Execution 57 - TLS Mutual
s_connection: verify depth is 1
Handshake duration: 376.03 ms
Execution 58 - TLS Mutual
s_connection: verify depth is 1
Handshake duration: 395.81 ms
Execution 59 - TLS Mutual
s_connection: verify depth is 1
Handshake duration: 376.65 ms
Execution 60 - TLS Mutual
s_connection: verify depth is 1
Handshake duration: 398.37 ms
Execution 61 - TLS Mutual
s_connection: verify depth is 1
Handshake duration: 400.22 ms
Execution 62 - TLS Mutual
s_connection: verify depth is 1
Handshake duration: 378.10 ms
Execution 63 - TLS Mutual
s_connection: verify depth is 1
Handshake duration: 399.54 ms
Execution 64 - TLS Mutual
s_connection: verify depth is 1
Handshake duration: 396.99 ms
Execution 65 - TLS Mutual
s_connection: verify depth is 1
Handshake duration: 401.44 ms
Execution 66 - TLS Mutual
s_connection: verify depth is 1
Handshake duration: 399.82 ms
Execution 67 - TLS Mutual
s_connection: verify depth is 1
Handshake duration: 396.67 ms
Execution 68 - TLS Mutual
s_connection: verify depth is 1
Handshake duration: 397.95 ms
Execution 69 - TLS Mutual
s_connection: verify depth is 1
Handshake duration: 377.76 ms
Execution 70 - TLS Mutual
s_connection: verify depth is 1
Handshake duration: 387.70 ms
Execution 71 - TLS Mutual
s_connection: verify depth is 1
Handshake duration: 399.09 ms
Execution 72 - TLS Mutual
s_connection: verify depth is 1
Handshake duration: 399.96 ms
Execution 73 - TLS Mutual
s_connection: verify depth is 1
Handshake duration: 376.55 ms
Execution 74 - TLS Mutual
s_connection: verify depth is 1
Handshake duration: 399.75 ms
Execution 75 - TLS Mutual
s_connection: verify depth is 1
Handshake duration: 400.96 ms
Execution 76 - TLS Mutual
s_connection: verify depth is 1
Handshake duration: 391.09 ms
Execution 77 - TLS Mutual
s_connection: verify depth is 1
Handshake duration: 397.05 ms
Execution 78 - TLS Mutual
s_connection: verify depth is 1
Handshake duration: 374.31 ms
Execution 79 - TLS Mutual
s_connection: verify depth is 1
Handshake duration: 400.26 ms
Execution 80 - TLS Mutual
s_connection: verify depth is 1
Handshake duration: 397.89 ms
Execution 81 - TLS Mutual
s_connection: verify depth is 1
Handshake duration: 399.63 ms
Execution 82 - TLS Mutual
s_connection: verify depth is 1
Handshake duration: 395.94 ms
Execution 83 - TLS Mutual
s_connection: verify depth is 1
Handshake duration: 400.58 ms
Execution 84 - TLS Mutual
s_connection: verify depth is 1
Handshake duration: 398.33 ms
Execution 85 - TLS Mutual
s_connection: verify depth is 1
Handshake duration: 399.57 ms
Execution 86 - TLS Mutual
s_connection: verify depth is 1
Handshake duration: 398.02 ms
Execution 87 - TLS Mutual
s_connection: verify depth is 1
Handshake duration: 398.13 ms
Execution 88 - TLS Mutual
s_connection: verify depth is 1
Handshake duration: 400.71 ms
Execution 89 - TLS Mutual
s_connection: verify depth is 1
Handshake duration: 379.12 ms
Execution 90 - TLS Mutual
s_connection: verify depth is 1
Handshake duration: 397.14 ms
Execution 91 - TLS Mutual
s_connection: verify depth is 1
Handshake duration: 376.71 ms
Execution 92 - TLS Mutual
s_connection: verify depth is 1
Handshake duration: 399.96 ms
Execution 93 - TLS Mutual
s_connection: verify depth is 1
Handshake duration: 401.49 ms
Execution 94 - TLS Mutual
s_connection: verify depth is 1
Handshake duration: 400.93 ms
Execution 95 - TLS Mutual
s_connection: verify depth is 1
Handshake duration: 398.04 ms
Execution 96 - TLS Mutual
s_connection: verify depth is 1
Handshake duration: 400.17 ms
Execution 97 - TLS Mutual
s_connection: verify depth is 1
Handshake duration: 399.60 ms
Execution 98 - TLS Mutual
s_connection: verify depth is 1
Handshake duration: 398.86 ms
Execution 99 - TLS Mutual
s_connection: verify depth is 1
Handshake duration: 397.96 ms
Execution 100 - TLS Mutual
s_connection: verify depth is 1
Handshake duration: 400.20 ms
Execution 101 - TLS Mutual
s_connection: verify depth is 1
Handshake duration: 377.38 ms
Execution 102 - TLS Mutual
s_connection: verify depth is 1
Handshake duration: 383.62 ms
Execution 103 - TLS Mutual
s_connection: verify depth is 1
Handshake duration: 394.44 ms
Execution 104 - TLS Mutual
s_connection: verify depth is 1
Handshake duration: 590.86 ms
Execution 105 - TLS Mutual
s_connection: verify depth is 1
Handshake duration: 401.15 ms
Execution 106 - TLS Mutual
s_connection: verify depth is 1
Handshake duration: 1078.49 ms
Execution 107 - TLS Mutual
s_connection: verify depth is 1
Handshake duration: 377.21 ms
Execution 108 - TLS Mutual
s_connection: verify depth is 1
Handshake duration: 397.99 ms
Execution 109 - TLS Mutual
s_connection: verify depth is 1
Handshake duration: 377.37 ms
Execution 110 - TLS Mutual
s_connection: verify depth is 1
Handshake duration: 399.04 ms
Execution 111 - TLS Mutual
s_connection: verify depth is 1
Handshake duration: 375.36 ms
Execution 112 - TLS Mutual
s_connection: verify depth is 1
Handshake duration: 399.57 ms
Execution 113 - TLS Mutual
s_connection: verify depth is 1
Handshake duration: 401.22 ms
Execution 114 - TLS Mutual
s_connection: verify depth is 1
Handshake duration: 377.93 ms
Execution 115 - TLS Mutual
s_connection: verify depth is 1
Handshake duration: 397.90 ms
Execution 116 - TLS Mutual
s_connection: verify depth is 1
Handshake duration: 401.61 ms
Execution 117 - TLS Mutual
s_connection: verify depth is 1
Handshake duration: 398.38 ms
Execution 118 - TLS Mutual
s_connection: verify depth is 1
Handshake duration: 396.50 ms
Execution 119 - TLS Mutual
s_connection: verify depth is 1
Handshake duration: 401.28 ms
Execution 120 - TLS Mutual
s_connection: verify depth is 1
Handshake duration: 1895.82 ms
Execution 121 - TLS Mutual
s_connection: verify depth is 1
Handshake duration: 398.58 ms
Execution 122 - TLS Mutual
s_connection: verify depth is 1
Handshake duration: 377.46 ms
Execution 123 - TLS Mutual
s_connection: verify depth is 1
Handshake duration: 400.75 ms
Execution 124 - TLS Mutual
s_connection: verify depth is 1
Handshake duration: 1052.58 ms
Execution 125 - TLS Mutual
s_connection: verify depth is 1
Handshake duration: 399.97 ms
