Handshake timeout budget: 150s (identique TLS/QUIC)
Applying netem rules to lo...
Showing qdisc status for the interface: lo
qdisc netem 8bb3: root refcnt 2 limit 1000 seed 4981026674757374490
 Sent 0 bytes 0 pkt (dropped 0, overlimits 0 requeues 0) 
 backlog 0b 0p requeues 0
Running ./perftestClientTlsQuic.sh with SIG_ALG=mldsa65 and KEM_ALG=mlkem768
Execution 1 - TLS Mutual
s_connection: verify depth is 1
Handshake duration: 708.15 ms
Execution 2 - TLS Mutual
s_connection: verify depth is 1
Handshake duration: 391.08 ms
Execution 3 - TLS Mutual
s_connection: verify depth is 1
Handshake duration: 392.20 ms
Execution 4 - TLS Mutual
s_connection: verify depth is 1
Handshake duration: 559.79 ms
Execution 5 - TLS Mutual
s_connection: verify depth is 1
Handshake duration: 592.20 ms
Execution 6 - TLS Mutual
s_connection: verify depth is 1
Handshake duration: 393.04 ms
Execution 7 - TLS Mutual
s_connection: verify depth is 1
Handshake duration: 394.52 ms
Execution 8 - TLS Mutual
s_connection: verify depth is 1
Handshake duration: 392.80 ms
Execution 9 - TLS Mutual
s_connection: verify depth is 1
Handshake duration: 391.07 ms
Execution 10 - TLS Mutual
s_connection: verify depth is 1
Handshake duration: 388.44 ms
Execution 11 - TLS Mutual
s_connection: verify depth is 1
Handshake duration: 388.67 ms
Execution 12 - TLS Mutual
s_connection: verify depth is 1
Handshake duration: 392.48 ms
Execution 13 - TLS Mutual
s_connection: verify depth is 1
Handshake duration: 392.15 ms
Execution 14 - TLS Mutual
s_connection: verify depth is 1
Handshake duration: 392.82 ms
Execution 15 - TLS Mutual
s_connection: verify depth is 1
Handshake duration: 397.89 ms
Execution 16 - TLS Mutual
s_connection: verify depth is 1
Handshake duration: 394.61 ms
Execution 17 - TLS Mutual
s_connection: verify depth is 1
Handshake duration: 388.95 ms
Execution 18 - TLS Mutual
s_connection: verify depth is 1
Handshake duration: 391.30 ms
Execution 19 - TLS Mutual
s_connection: verify depth is 1
Handshake duration: 392.75 ms
Execution 20 - TLS Mutual
s_connection: verify depth is 1
Handshake duration: 376.40 ms
Execution 21 - TLS Mutual
s_connection: verify depth is 1
Handshake duration: 393.40 ms
Execution 22 - TLS Mutual
s_connection: verify depth is 1
Handshake duration: 385.21 ms
Execution 23 - TLS Mutual
s_connection: verify depth is 1
Handshake duration: 391.44 ms
Execution 24 - TLS Mutual
s_connection: verify depth is 1
Handshake duration: 387.39 ms
Execution 25 - TLS Mutual
s_connection: verify depth is 1
Handshake duration: 390.75 ms
Execution 26 - TLS Mutual
s_connection: verify depth is 1
Handshake duration: 393.77 ms
Execution 27 - TLS Mutual
s_connection: verify depth is 1
Handshake duration: 391.45 ms
Execution 28 - TLS Mutual
s_connection: verify depth is 1
Handshake duration: 1411.19 ms
Execution 29 - TLS Mutual
s_connection: verify depth is 1
Handshake duration: 391.19 ms
Execution 30 - TLS Mutual
s_connection: verify depth is 1
Handshake duration: 370.56 ms
Execution 31 - TLS Mutual
s_connection: verify depth is 1
Handshake duration: 362.14 ms
Execution 32 - TLS Mutual
s_connection: verify depth is 1
Handshake duration: 392.51 ms
Execution 33 - TLS Mutual
s_connection: verify depth is 1
Handshake duration: 389.82 ms
Execution 34 - TLS Mutual
s_connection: verify depth is 1
Handshake duration: 395.61 ms
Execution 35 - TLS Mutual
s_connection: verify depth is 1
Handshake duration: 389.91 ms
Execution 36 - TLS Mutual
s_connection: verify depth is 1
Handshake duration: 389.33 ms
Execution 37 - TLS Mutual
s_connection: verify depth is 1
Handshake duration: 391.51 ms
Execution 38 - TLS Mutual
s_connection: verify depth is 1
Handshake duration: 401.14 ms
Execution 39 - TLS Mutual
s_connection: verify depth is 1
Handshake duration: 389.73 ms
Execution 40 - TLS Mutual
s_connection: verify depth is 1
Handshake duration: 360.50 ms
Execution 41 - TLS Mutual
s_connection: verify depth is 1
Handshake duration: 393.63 ms
Execution 42 - TLS Mutual
s_connection: verify depth is 1
Handshake duration: 393.99 ms
Execution 43 - TLS Mutual
s_connection: verify depth is 1
Handshake duration: 560.03 ms
Execution 44 - TLS Mutual
s_connection: verify depth is 1
Handshake duration: 395.09 ms
Execution 45 - TLS Mutual
s_connection: verify depth is 1
Handshake duration: 393.36 ms
Execution 46 - TLS Mutual
s_connection: verify depth is 1
Handshake duration: 393.89 ms
Execution 47 - TLS Mutual
s_connection: verify depth is 1
Handshake duration: 393.29 ms
Execution 48 - TLS Mutual
s_connection: verify depth is 1
Handshake duration: 1067.57 ms
Execution 49 - TLS Mutual
s_connection: verify depth is 1
Handshake duration: 391.24 ms
Execution 50 - TLS Mutual
s_connection: verify depth is 1
Handshake duration: 1236.39 ms
Execution 51 - TLS Mutual
s_connection: verify depth is 1
Handshake duration: 1902.43 ms
Execution 52 - TLS Mutual
s_connection: verify depth is 1
Handshake duration: 392.10 ms
Execution 53 - TLS Mutual
s_connection: verify depth is 1
Handshake duration: 393.85 ms
Execution 54 - TLS Mutual
s_connection: verify depth is 1
Handshake duration: 561.71 ms
Execution 55 - TLS Mutual
s_connection: verify depth is 1
Handshake duration: 391.44 ms
Execution 56 - TLS Mutual
s_connection: verify depth is 1
Handshake duration: 392.75 ms
Execution 57 - TLS Mutual
s_connection: verify depth is 1
Handshake duration: 393.80 ms
Execution 58 - TLS Mutual
s_connection: verify depth is 1
Handshake duration: 362.39 ms
Execution 59 - TLS Mutual
s_connection: verify depth is 1
Handshake duration: 389.96 ms
Execution 60 - TLS Mutual
s_connection: verify depth is 1
Handshake duration: 391.67 ms
Execution 61 - TLS Mutual
s_connection: verify depth is 1
Handshake duration: 386.06 ms
Execution 62 - TLS Mutual
s_connection: verify depth is 1
Handshake duration: 387.88 ms
Execution 63 - TLS Mutual
s_connection: verify depth is 1
Handshake duration: 391.33 ms
Execution 64 - TLS Mutual
s_connection: verify depth is 1
Handshake duration: 557.78 ms
Execution 65 - TLS Mutual
s_connection: verify depth is 1
Handshake duration: 560.34 ms
Execution 66 - TLS Mutual
s_connection: verify depth is 1
Handshake duration: 391.55 ms
Execution 67 - TLS Mutual
s_connection: verify depth is 1
Handshake duration: 393.42 ms
Execution 68 - TLS Mutual
s_connection: verify depth is 1
Handshake duration: 391.60 ms
Execution 69 - TLS Mutual
s_connection: verify depth is 1
Handshake duration: 392.00 ms
Execution 70 - TLS Mutual
s_connection: verify depth is 1
Handshake duration: 394.35 ms
Execution 71 - TLS Mutual
s_connection: verify depth is 1
Handshake duration: 391.20 ms
Execution 72 - TLS Mutual
s_connection: verify depth is 1
Handshake duration: 567.07 ms
Execution 73 - TLS Mutual
s_connection: verify depth is 1
Handshake duration: 390.44 ms
Execution 74 - TLS Mutual
s_connection: verify depth is 1
Handshake duration: 389.65 ms
Execution 75 - TLS Mutual
s_connection: verify depth is 1
Handshake duration: 386.96 ms
Execution 76 - TLS Mutual
s_connection: verify depth is 1
Handshake duration: 560.38 ms
Execution 77 - TLS Mutual
s_connection: verify depth is 1
Handshake duration: 390.68 ms
Execution 78 - TLS Mutual
s_connection: verify depth is 1
Handshake duration: 391.45 ms
Execution 79 - TLS Mutual
s_connection: verify depth is 1
Handshake duration: 385.48 ms
Execution 80 - TLS Mutual
s_connection: verify depth is 1
Handshake duration: 392.14 ms
Execution 81 - TLS Mutual
s_connection: verify depth is 1
Handshake duration: 387.32 ms
Execution 82 - TLS Mutual
s_connection: verify depth is 1
Handshake duration: 391.04 ms
Execution 83 - TLS Mutual
s_connection: verify depth is 1
Handshake duration: 392.58 ms
Execution 84 - TLS Mutual
s_connection: verify depth is 1
Handshake duration: 560.39 ms
Execution 85 - TLS Mutual
s_connection: verify depth is 1
Handshake duration: 392.86 ms
Execution 86 - TLS Mutual
s_connection: verify depth is 1
Handshake duration: 392.08 ms
Execution 87 - TLS Mutual
s_connection: verify depth is 1
Handshake duration: 385.47 ms
Execution 88 - TLS Mutual
s_connection: verify depth is 1
Handshake duration: 391.94 ms
Execution 89 - TLS Mutual
s_connection: verify depth is 1
Handshake duration: 391.30 ms
Execution 90 - TLS Mutual
s_connection: verify depth is 1
Handshake duration: 388.74 ms
Execution 91 - TLS Mutual
s_connection: verify depth is 1
Handshake duration: 374.98 ms
Execution 92 - TLS Mutual
s_connection: verify depth is 1
Handshake duration: 391.00 ms
Execution 93 - TLS Mutual
s_connection: verify depth is 1
Handshake duration: 391.56 ms
Execution 94 - TLS Mutual
s_connection: verify depth is 1
Handshake duration: 392.41 ms
Execution 95 - TLS Mutual
s_connection: verify depth is 1
Handshake duration: 389.82 ms
Execution 96 - TLS Mutual
s_connection: verify depth is 1
Handshake duration: 1917.40 ms
Execution 97 - TLS Mutual
s_connection: verify depth is 1
Handshake duration: 387.81 ms
Execution 98 - TLS Mutual
s_connection: verify depth is 1
Handshake duration: 391.89 ms
Execution 99 - TLS Mutual
s_connection: verify depth is 1
Handshake duration: 392.28 ms
Execution 100 - TLS Mutual
s_connection: verify depth is 1
Handshake duration: 392.65 ms
Execution 101 - TLS Mutual
s_connection: verify depth is 1
Handshake duration: 392.26 ms
Execution 102 - TLS Mutual
s_connection: verify depth is 1
Handshake duration: 386.83 ms
Execution 103 - TLS Mutual
s_connection: verify depth is 1
Handshake duration: 1919.14 ms
Execution 104 - TLS Mutual
s_connection: verify depth is 1
Handshake duration: 388.40 ms
Execution 105 - TLS Mutual
s_connection: verify depth is 1
Handshake duration: 392.89 ms
Execution 106 - TLS Mutual
s_connection: verify depth is 1
Handshake duration: 391.27 ms
Execution 107 - TLS Mutual
s_connection: verify depth is 1
Handshake duration: 558.73 ms
Execution 108 - TLS Mutual
s_connection: verify depth is 1
Handshake duration: 391.94 ms
Execution 109 - TLS Mutual
s_connection: verify depth is 1
Handshake duration: 392.17 ms
Execution 110 - TLS Mutual
s_connection: verify depth is 1
Handshake duration: 392.85 ms
Execution 111 - TLS Mutual
s_connection: verify depth is 1
Handshake duration: 392.85 ms
Execution 112 - TLS Mutual
s_connection: verify depth is 1
Handshake duration: 392.00 ms
Execution 113 - TLS Mutual
s_connection: verify depth is 1
Handshake duration: 391.63 ms
Execution 114 - TLS Mutual
s_connection: verify depth is 1
Handshake duration: 392.95 ms
Execution 115 - TLS Mutual
s_connection: verify depth is 1
Handshake duration: 389.60 ms
Execution 116 - TLS Mutual
s_connection: verify depth is 1
Handshake duration: 391.00 ms
Execution 117 - TLS Mutual
s_connection: verify depth is 1
Handshake duration: 389.24 ms
Execution 118 - TLS Mutual
s_connection: verify depth is 1
Handshake duration: 388.28 ms
Execution 119 - TLS Mutual
s_connection: verify depth is 1
Handshake duration: 387.76 ms
Execution 120 - TLS Mutual
s_connection: verify depth is 1
Handshake duration: 390.25 ms
Execution 121 - TLS Mutual
s_connection: verify depth is 1
Handshake duration: 389.43 ms
Execution 122 - TLS Mutual
s_connection: verify depth is 1
Handshake duration: 390.03 ms
Execution 123 - TLS Mutual
s_connection: verify depth is 1
Handshake duration: 606.11 ms
Execution 124 - TLS Mutual
s_connection: verify depth is 1
Handshake duration: 396.49 ms
Execution 125 - TLS Mutual
s_connection: verify depth is 1
Handshake duration: 388.95 ms
