Handshake timeout budget: 150s (identique TLS/QUIC)
Applying netem rules to lo...
Showing qdisc status for the interface: lo
qdisc netem 9275: root refcnt 2 limit 1000 seed 8881561109040605944
 Sent 0 bytes 0 pkt (dropped 0, overlimits 0 requeues 0) 
 backlog 0b 0p requeues 0
Running ./perftestClientTlsQuic.sh with SIG_ALG=mldsa65 and KEM_ALG=p384_mlkem768
Execution 1 - TLS Mutual
s_connection: verify depth is 1
Handshake duration: 580.49 ms
Execution 2 - TLS Mutual
s_connection: verify depth is 1
Handshake duration: 405.33 ms
Execution 3 - TLS Mutual
s_connection: verify depth is 1
Handshake duration: 407.97 ms
Execution 4 - TLS Mutual
s_connection: verify depth is 1
Handshake duration: 386.35 ms
Execution 5 - TLS Mutual
s_connection: verify depth is 1
Handshake duration: 380.80 ms
Execution 6 - TLS Mutual
s_connection: verify depth is 1
Handshake duration: 380.27 ms
Execution 7 - TLS Mutual
s_connection: verify depth is 1
Handshake duration: 404.90 ms
Execution 8 - TLS Mutual
s_connection: verify depth is 1
Handshake duration: 387.73 ms
Execution 9 - TLS Mutual
s_connection: verify depth is 1
Handshake duration: 378.74 ms
Execution 10 - TLS Mutual
s_connection: verify depth is 1
Handshake duration: 406.22 ms
Execution 11 - TLS Mutual
s_connection: verify depth is 1
Handshake duration: 383.83 ms
Execution 12 - TLS Mutual
s_connection: verify depth is 1
Handshake duration: 410.25 ms
Execution 13 - TLS Mutual
s_connection: verify depth is 1
Handshake duration: 571.15 ms
Execution 14 - TLS Mutual
s_connection: verify depth is 1
Handshake duration: 406.31 ms
Execution 15 - TLS Mutual
s_connection: verify depth is 1
Handshake duration: 407.05 ms
Execution 16 - TLS Mutual
s_connection: verify depth is 1
Handshake duration: 387.03 ms
Execution 17 - TLS Mutual
s_connection: verify depth is 1
Handshake duration: 408.46 ms
Execution 18 - TLS Mutual
s_connection: verify depth is 1
Handshake duration: 386.31 ms
Execution 19 - TLS Mutual
s_connection: verify depth is 1
Handshake duration: 388.24 ms
Execution 20 - TLS Mutual
s_connection: verify depth is 1
Handshake duration: 406.75 ms
Execution 21 - TLS Mutual
s_connection: verify depth is 1
Handshake duration: 408.79 ms
Execution 22 - TLS Mutual
s_connection: verify depth is 1
Handshake duration: 399.44 ms
Execution 23 - TLS Mutual
s_connection: verify depth is 1
Handshake duration: 407.60 ms
Execution 24 - TLS Mutual
s_connection: verify depth is 1
Handshake duration: 383.22 ms
Execution 25 - TLS Mutual
s_connection: verify depth is 1
Handshake duration: 408.72 ms
Execution 26 - TLS Mutual
s_connection: verify depth is 1
Handshake duration: 406.83 ms
Execution 27 - TLS Mutual
s_connection: verify depth is 1
Handshake duration: 386.27 ms
Execution 28 - TLS Mutual
s_connection: verify depth is 1
Handshake duration: 405.39 ms
Execution 29 - TLS Mutual
s_connection: verify depth is 1
Handshake duration: 382.87 ms
Execution 30 - TLS Mutual
s_connection: verify depth is 1
Handshake duration: 408.21 ms
Execution 31 - TLS Mutual
s_connection: verify depth is 1
Handshake duration: 407.64 ms
Execution 32 - TLS Mutual
s_connection: verify depth is 1
Handshake duration: 409.74 ms
Execution 33 - TLS Mutual
s_connection: verify depth is 1
Handshake duration: 410.68 ms
Execution 34 - TLS Mutual
s_connection: verify depth is 1
Handshake duration: 408.63 ms
Execution 35 - TLS Mutual
s_connection: verify depth is 1
Handshake duration: 405.48 ms
Execution 36 - TLS Mutual
s_connection: verify depth is 1
Handshake duration: 386.13 ms
Execution 37 - TLS Mutual
s_connection: verify depth is 1
Handshake duration: 382.85 ms
Execution 38 - TLS Mutual
s_connection: verify depth is 1
Handshake duration: 408.10 ms
Execution 39 - TLS Mutual
s_connection: verify depth is 1
Handshake duration: 405.03 ms
Execution 40 - TLS Mutual
s_connection: verify depth is 1
Handshake duration: 409.50 ms
Execution 41 - TLS Mutual
s_connection: verify depth is 1
Handshake duration: 407.69 ms
Execution 42 - TLS Mutual
s_connection: verify depth is 1
Handshake duration: 386.06 ms
Execution 43 - TLS Mutual
s_connection: verify depth is 1
Handshake duration: 409.85 ms
Execution 44 - TLS Mutual
s_connection: verify depth is 1
Handshake duration: 411.44 ms
Execution 45 - TLS Mutual
s_connection: verify depth is 1
Handshake duration: 409.37 ms
Execution 46 - TLS Mutual
s_connection: verify depth is 1
Handshake duration: 384.14 ms
Execution 47 - TLS Mutual
s_connection: verify depth is 1
Handshake duration: 383.87 ms
Execution 48 - TLS Mutual
s_connection: verify depth is 1
Handshake duration: 407.97 ms
Execution 49 - TLS Mutual
s_connection: verify depth is 1
Handshake duration: 406.00 ms
Execution 50 - TLS Mutual
s_connection: verify depth is 1
Handshake duration: 386.99 ms
Execution 51 - TLS Mutual
s_connection: verify depth is 1
Handshake duration: 551.47 ms
Execution 52 - TLS Mutual
s_connection: verify depth is 1
Handshake duration: 409.27 ms
Execution 53 - TLS Mutual
s_connection: verify depth is 1
Handshake duration: 407.31 ms
Execution 54 - TLS Mutual
s_connection: verify depth is 1
Handshake duration: 381.81 ms
Execution 55 - TLS Mutual
s_connection: verify depth is 1
Handshake duration: 381.11 ms
Execution 56 - TLS Mutual
s_connection: verify depth is 1
Handshake duration: 409.64 ms
Execution 57 - TLS Mutual
s_connection: verify depth is 1
Handshake duration: 409.25 ms
Execution 58 - TLS Mutual
s_connection: verify depth is 1
Handshake duration: 410.34 ms
Execution 59 - TLS Mutual
s_connection: verify depth is 1
Handshake duration: 383.50 ms
Execution 60 - TLS Mutual
s_connection: verify depth is 1
Handshake duration: 407.35 ms
Execution 61 - TLS Mutual
s_connection: verify depth is 1
Handshake duration: 409.39 ms
Execution 62 - TLS Mutual
s_connection: verify depth is 1
Handshake duration: 407.38 ms
Execution 63 - TLS Mutual
s_connection: verify depth is 1
Handshake duration: 406.81 ms
Execution 64 - TLS Mutual
s_connection: verify depth is 1
Handshake duration: 402.29 ms
Execution 65 - TLS Mutual
s_connection: verify depth is 1
Handshake duration: 382.83 ms
Execution 66 - TLS Mutual
s_connection: verify depth is 1
Handshake duration: 408.62 ms
Execution 67 - TLS Mutual
s_connection: verify depth is 1
Handshake duration: 374.58 ms
Execution 68 - TLS Mutual
s_connection: verify depth is 1
Handshake duration: 405.54 ms
Execution 69 - TLS Mutual
s_connection: verify depth is 1
Handshake duration: 615.92 ms
Execution 70 - TLS Mutual
s_connection: verify depth is 1
Handshake duration: 407.20 ms
Execution 71 - TLS Mutual
s_connection: verify depth is 1
Handshake duration: 406.61 ms
Execution 72 - TLS Mutual
s_connection: verify depth is 1
Handshake duration: 1054.48 ms
Execution 73 - TLS Mutual
s_connection: verify depth is 1
Handshake duration: 407.33 ms
Execution 74 - TLS Mutual
s_connection: verify depth is 1
Handshake duration: 408.02 ms
Execution 75 - TLS Mutual
s_connection: verify depth is 1
Handshake duration: 409.89 ms
Execution 76 - TLS Mutual
s_connection: verify depth is 1
Handshake duration: 410.14 ms
Execution 77 - TLS Mutual
s_connection: verify depth is 1
Handshake duration: 404.38 ms
Execution 78 - TLS Mutual
s_connection: verify depth is 1
Handshake duration: 406.59 ms
Execution 79 - TLS Mutual
s_connection: verify depth is 1
Handshake duration: 411.09 ms
Execution 80 - TLS Mutual
s_connection: verify depth is 1
Handshake duration: 409.55 ms
Execution 81 - TLS Mutual
s_connection: verify depth is 1
Handshake duration: 411.11 ms
Execution 82 - TLS Mutual
s_connection: verify depth is 1
Handshake duration: 407.68 ms
Execution 83 - TLS Mutual
s_connection: verify depth is 1
Handshake duration: 407.18 ms
Execution 84 - TLS Mutual
s_connection: verify depth is 1
Handshake duration: 405.68 ms
Execution 85 - TLS Mutual
s_connection: verify depth is 1
Handshake duration: 404.79 ms
Execution 86 - TLS Mutual
s_connection: verify depth is 1
Handshake duration: 383.61 ms
Execution 87 - TLS Mutual
s_connection: verify depth is 1
Handshake duration: 411.62 ms
Execution 88 - TLS Mutual
s_connection: verify depth is 1
Handshake duration: 385.88 ms
Execution 89 - TLS Mutual
s_connection: verify depth is 1
Handshake duration: 409.24 ms
Execution 90 - TLS Mutual
s_connection: verify depth is 1
Handshake duration: 386.93 ms
Execution 91 - TLS Mutual
s_connection: verify depth is 1
Handshake duration: 407.45 ms
Execution 92 - TLS Mutual
s_connection: verify depth is 1
Handshake duration: 409.05 ms
Execution 93 - TLS Mutual
s_connection: verify depth is 1
Handshake duration: 408.86 ms
Execution 94 - TLS Mutual
s_connection: verify depth is 1
Handshake duration: 1084.17 ms
Execution 95 - TLS Mutual
s_connection: verify depth is 1
Handshake duration: 408.55 ms
Execution 96 - TLS Mutual
s_connection: verify depth is 1
Handshake duration: 385.41 ms
Execution 97 - TLS Mutual
s_connection: verify depth is 1
Handshake duration: 551.64 ms
Execution 98 - TLS Mutual
s_connection: verify depth is 1
Handshake duration: 409.75 ms
Execution 99 - TLS Mutual
s_connection: verify depth is 1
Handshake duration: 393.76 ms
Execution 100 - TLS Mutual
s_connection: verify depth is 1
Handshake duration: 404.26 ms
Execution 101 - TLS Mutual
s_connection: verify depth is 1
Handshake duration: 550.26 ms
Execution 102 - TLS Mutual
s_connection: verify depth is 1
Handshake duration: 410.59 ms
Execution 103 - TLS Mutual
s_connection: verify depth is 1
Handshake duration: 409.14 ms
Execution 104 - TLS Mutual
s_connection: verify depth is 1
Handshake duration: 408.61 ms
Execution 105 - TLS Mutual
s_connection: verify depth is 1
Handshake duration: 405.87 ms
Execution 106 - TLS Mutual
s_connection: verify depth is 1
Handshake duration: 412.14 ms
Execution 107 - TLS Mutual
s_connection: verify depth is 1
Handshake duration: 384.16 ms
Execution 108 - TLS Mutual
s_connection: verify depth is 1
Handshake duration: 411.07 ms
Execution 109 - TLS Mutual
s_connection: verify depth is 1
Handshake duration: 384.34 ms
Execution 110 - TLS Mutual
s_connection: verify depth is 1
Handshake duration: 408.48 ms
Execution 111 - TLS Mutual
s_connection: verify depth is 1
Handshake duration: 384.62 ms
Execution 112 - TLS Mutual
s_connection: verify depth is 1
Handshake duration: 406.86 ms
Execution 113 - TLS Mutual
s_connection: verify depth is 1
Handshake duration: 409.56 ms
Execution 114 - TLS Mutual
s_connection: verify depth is 1
Handshake duration: 409.75 ms
Execution 115 - TLS Mutual
s_connection: verify depth is 1
Handshake duration: 411.50 ms
Execution 116 - TLS Mutual
s_connection: verify depth is 1
Handshake duration: 386.53 ms
Execution 117 - TLS Mutual
s_connection: verify depth is 1
Handshake duration: 571.34 ms
Execution 118 - TLS Mutual
s_connection: verify depth is 1
Handshake duration: 406.09 ms
Execution 119 - TLS Mutual
s_connection: verify depth is 1
Handshake duration: 1052.87 ms
Execution 120 - TLS Mutual
s_connection: verify depth is 1
Handshake duration: 405.25 ms
Execution 121 - TLS Mutual
s_connection: verify depth is 1
Handshake duration: 411.19 ms
Execution 122 - TLS Mutual
s_connection: verify depth is 1
Handshake duration: 408.27 ms
Execution 123 - TLS Mutual
s_connection: verify depth is 1
Handshake duration: 411.06 ms
Execution 124 - TLS Mutual
s_connection: verify depth is 1
Handshake duration: 1057.16 ms
Execution 125 - TLS Mutual
s_connection: verify depth is 1
Handshake duration: 407.18 ms
