Handshake timeout budget: 150s (identique TLS/QUIC)
Applying netem rules to lo...
Showing qdisc status for the interface: lo
qdisc netem 8bfb: root refcnt 2 limit 1000 seed 779853646834550496
 Sent 0 bytes 0 pkt (dropped 0, overlimits 0 requeues 0) 
 backlog 0b 0p requeues 0
Running ./perftestClientTlsQuic.sh with SIG_ALG=mldsa65 and KEM_ALG=x448
Execution 1 - TLS Mutual
s_connection: verify depth is 1
Handshake duration: 567.55 ms
Execution 2 - TLS Mutual
s_connection: verify depth is 1
Handshake duration: 565.06 ms
Execution 3 - TLS Mutual
s_connection: verify depth is 1
Handshake duration: 377.66 ms
Execution 4 - TLS Mutual
s_connection: verify depth is 1
Handshake duration: 400.26 ms
Execution 5 - TLS Mutual
s_connection: verify depth is 1
Handshake duration: 398.37 ms
Execution 6 - TLS Mutual
s_connection: verify depth is 1
Handshake duration: 399.07 ms
Execution 7 - TLS Mutual
s_connection: verify depth is 1
Handshake duration: 386.53 ms
Execution 8 - TLS Mutual
s_connection: verify depth is 1
Handshake duration: 397.39 ms
Execution 9 - TLS Mutual
s_connection: verify depth is 1
Handshake duration: 400.68 ms
Execution 10 - TLS Mutual
s_connection: verify depth is 1
Handshake duration: 377.61 ms
Execution 11 - TLS Mutual
s_connection: verify depth is 1
Handshake duration: 399.26 ms
Execution 12 - TLS Mutual
s_connection: verify depth is 1
Handshake duration: 399.28 ms
Execution 13 - TLS Mutual
s_connection: verify depth is 1
Handshake duration: 402.08 ms
Execution 14 - TLS Mutual
s_connection: verify depth is 1
Handshake duration: 377.74 ms
Execution 15 - TLS Mutual
s_connection: verify depth is 1
Handshake duration: 401.09 ms
Execution 16 - TLS Mutual
s_connection: verify depth is 1
Handshake duration: 401.06 ms
Execution 17 - TLS Mutual
s_connection: verify depth is 1
Handshake duration: 400.45 ms
Execution 18 - TLS Mutual
s_connection: verify depth is 1
Handshake duration: 399.67 ms
Execution 19 - TLS Mutual
s_connection: verify depth is 1
Handshake duration: 369.87 ms
Execution 20 - TLS Mutual
s_connection: verify depth is 1
Handshake duration: 374.93 ms
Execution 21 - TLS Mutual
s_connection: verify depth is 1
Handshake duration: 404.35 ms
Execution 22 - TLS Mutual
s_connection: verify depth is 1
Handshake duration: 373.46 ms
Execution 23 - TLS Mutual
s_connection: verify depth is 1
Handshake duration: 400.43 ms
Execution 24 - TLS Mutual
s_connection: verify depth is 1
Handshake duration: 400.81 ms
Execution 25 - TLS Mutual
s_connection: verify depth is 1
Handshake duration: 758.26 ms
Execution 26 - TLS Mutual
s_connection: verify depth is 1
Handshake duration: 381.62 ms
Execution 27 - TLS Mutual
s_connection: verify depth is 1
Handshake duration: 378.27 ms
Execution 28 - TLS Mutual
s_connection: verify depth is 1
Handshake duration: 400.00 ms
Execution 29 - TLS Mutual
s_connection: verify depth is 1
Handshake duration: 397.33 ms
Execution 30 - TLS Mutual
s_connection: verify depth is 1
Handshake duration: 401.25 ms
Execution 31 - TLS Mutual
s_connection: verify depth is 1
Handshake duration: 396.99 ms
Execution 32 - TLS Mutual
s_connection: verify depth is 1
Handshake duration: 402.35 ms
Execution 33 - TLS Mutual
s_connection: verify depth is 1
Handshake duration: 399.87 ms
Execution 34 - TLS Mutual
s_connection: verify depth is 1
Handshake duration: 400.04 ms
Execution 35 - TLS Mutual
s_connection: verify depth is 1
Handshake duration: 399.20 ms
Execution 36 - TLS Mutual
s_connection: verify depth is 1
Handshake duration: 757.23 ms
Execution 37 - TLS Mutual
s_connection: verify depth is 1
Handshake duration: 400.44 ms
Execution 38 - TLS Mutual
s_connection: verify depth is 1
Handshake duration: 402.84 ms
Execution 39 - TLS Mutual
s_connection: verify depth is 1
Handshake duration: 398.98 ms
Execution 40 - TLS Mutual
s_connection: verify depth is 1
Handshake duration: 380.40 ms
Execution 41 - TLS Mutual
s_connection: verify depth is 1
Handshake duration: 398.98 ms
Execution 42 - TLS Mutual
s_connection: verify depth is 1
Handshake duration: 380.57 ms
Execution 43 - TLS Mutual
s_connection: verify depth is 1
Handshake duration: 378.26 ms
Execution 44 - TLS Mutual
s_connection: verify depth is 1
Handshake duration: 402.64 ms
Execution 45 - TLS Mutual
s_connection: verify depth is 1
Handshake duration: 396.40 ms
Execution 46 - TLS Mutual
s_connection: verify depth is 1
Handshake duration: 399.70 ms
Execution 47 - TLS Mutual
s_connection: verify depth is 1
Handshake duration: 1742.83 ms
Execution 48 - TLS Mutual
s_connection: verify depth is 1
Handshake duration: 378.49 ms
Execution 49 - TLS Mutual
s_connection: verify depth is 1
Handshake duration: 378.69 ms
Execution 50 - TLS Mutual
s_connection: verify depth is 1
Handshake duration: 402.21 ms
Execution 51 - TLS Mutual
s_connection: verify depth is 1
Handshake duration: 568.84 ms
Execution 52 - TLS Mutual
s_connection: verify depth is 1
Handshake duration: 399.94 ms
Execution 53 - TLS Mutual
s_connection: verify depth is 1
Handshake duration: 377.91 ms
Execution 54 - TLS Mutual
s_connection: verify depth is 1
Handshake duration: 390.06 ms
Execution 55 - TLS Mutual
s_connection: verify depth is 1
Handshake duration: 401.57 ms
Execution 56 - TLS Mutual
s_connection: verify depth is 1
Handshake duration: 546.66 ms
Execution 57 - TLS Mutual
s_connection: verify depth is 1
Handshake duration: 398.04 ms
Execution 58 - TLS Mutual
s_connection: verify depth is 1
Handshake duration: 378.63 ms
Execution 59 - TLS Mutual
s_connection: verify depth is 1
Handshake duration: 399.33 ms
Execution 60 - TLS Mutual
s_connection: verify depth is 1
Handshake duration: 398.92 ms
Execution 61 - TLS Mutual
s_connection: verify depth is 1
Handshake duration: 402.29 ms
Execution 62 - TLS Mutual
s_connection: verify depth is 1
Handshake duration: 400.04 ms
Execution 63 - TLS Mutual
s_connection: verify depth is 1
Handshake duration: 611.49 ms
Execution 64 - TLS Mutual
s_connection: verify depth is 1
Handshake duration: 400.70 ms
Execution 65 - TLS Mutual
s_connection: verify depth is 1
Handshake duration: 397.23 ms
Execution 66 - TLS Mutual
s_connection: verify depth is 1
Handshake duration: 398.89 ms
Execution 67 - TLS Mutual
s_connection: verify depth is 1
Handshake duration: 378.23 ms
Execution 68 - TLS Mutual
s_connection: verify depth is 1
Handshake duration: 400.82 ms
Execution 69 - TLS Mutual
s_connection: verify depth is 1
Handshake duration: 376.74 ms
Execution 70 - TLS Mutual
s_connection: verify depth is 1
Handshake duration: 399.29 ms
Execution 71 - TLS Mutual
s_connection: verify depth is 1
Handshake duration: 369.52 ms
Execution 72 - TLS Mutual
s_connection: verify depth is 1
Handshake duration: 400.84 ms
Execution 73 - TLS Mutual
s_connection: verify depth is 1
Handshake duration: 378.59 ms
Execution 74 - TLS Mutual
s_connection: verify depth is 1
Handshake duration: 402.48 ms
Execution 75 - TLS Mutual
s_connection: verify depth is 1
Handshake duration: 378.42 ms
Execution 76 - TLS Mutual
s_connection: verify depth is 1
Handshake duration: 393.58 ms
Execution 77 - TLS Mutual
s_connection: verify depth is 1
Handshake duration: 398.32 ms
Execution 78 - TLS Mutual
s_connection: verify depth is 1
Handshake duration: 399.23 ms
Execution 79 - TLS Mutual
s_connection: verify depth is 1
Handshake duration: 377.58 ms
Execution 80 - TLS Mutual
s_connection: verify depth is 1
Handshake duration: 873.52 ms
Execution 81 - TLS Mutual
s_connection: verify depth is 1
Handshake duration: 379.06 ms
Execution 82 - TLS Mutual
s_connection: verify depth is 1
Handshake duration: 398.58 ms
Execution 83 - TLS Mutual
s_connection: verify depth is 1
Handshake duration: 403.23 ms
Execution 84 - TLS Mutual
s_connection: verify depth is 1
Handshake duration: 398.77 ms
Execution 85 - TLS Mutual
s_connection: verify depth is 1
Handshake duration: 398.77 ms
Execution 86 - TLS Mutual
s_connection: verify depth is 1
Handshake duration: 401.65 ms
Execution 87 - TLS Mutual
s_connection: verify depth is 1
Handshake duration: 378.65 ms
Execution 88 - TLS Mutual
s_connection: verify depth is 1
Handshake duration: 377.95 ms
Execution 89 - TLS Mutual
s_connection: verify depth is 1
Handshake duration: 378.59 ms
Execution 90 - TLS Mutual
s_connection: verify depth is 1
Handshake duration: 378.80 ms
Execution 91 - TLS Mutual
s_connection: verify depth is 1
Handshake duration: 398.22 ms
Execution 92 - TLS Mutual
s_connection: verify depth is 1
Handshake duration: 397.34 ms
Execution 93 - TLS Mutual
s_connection: verify depth is 1
Handshake duration: 400.18 ms
Execution 94 - TLS Mutual
s_connection: verify depth is 1
Handshake duration: 378.14 ms
Execution 95 - TLS Mutual
s_connection: verify depth is 1
Handshake duration: 399.38 ms
Execution 96 - TLS Mutual
s_connection: verify depth is 1
Handshake duration: 758.16 ms
Execution 97 - TLS Mutual
s_connection: verify depth is 1
Handshake duration: 1732.66 ms
Execution 98 - TLS Mutual
s_connection: verify depth is 1
Handshake duration: 376.32 ms
Execution 99 - TLS Mutual
s_connection: verify depth is 1
Handshake duration: 377.48 ms
Execution 100 - TLS Mutual
s_connection: verify depth is 1
Handshake duration: 399.42 ms
Execution 101 - TLS Mutual
s_connection: verify depth is 1
Handshake duration: 1046.81 ms
Execution 102 - TLS Mutual
s_connection: verify depth is 1
Handshake duration: 401.99 ms
Execution 103 - TLS Mutual
s_connection: verify depth is 1
Handshake duration: 378.33 ms
Execution 104 - TLS Mutual
s_connection: verify depth is 1
Handshake duration: 943.99 ms
Execution 105 - TLS Mutual
s_connection: verify depth is 1
Handshake duration: 402.87 ms
Execution 106 - TLS Mutual
s_connection: verify depth is 1
Handshake duration: 377.80 ms
Execution 107 - TLS Mutual
s_connection: verify depth is 1
Handshake duration: 401.89 ms
Execution 108 - TLS Mutual
s_connection: verify depth is 1
Handshake duration: 399.38 ms
Execution 109 - TLS Mutual
s_connection: verify depth is 1
Handshake duration: 377.59 ms
Execution 110 - TLS Mutual
s_connection: verify depth is 1
Handshake duration: 402.93 ms
Execution 111 - TLS Mutual
s_connection: verify depth is 1
Handshake duration: 401.32 ms
Execution 112 - TLS Mutual
s_connection: verify depth is 1
Handshake duration: 400.99 ms
Execution 113 - TLS Mutual
s_connection: verify depth is 1
Handshake duration: 399.04 ms
Execution 114 - TLS Mutual
s_connection: verify depth is 1
Handshake duration: 401.25 ms
Execution 115 - TLS Mutual
s_connection: verify depth is 1
Handshake duration: 379.82 ms
Execution 116 - TLS Mutual
s_connection: verify depth is 1
Handshake duration: 399.89 ms
Execution 117 - TLS Mutual
s_connection: verify depth is 1
Handshake duration: 385.49 ms
Execution 118 - TLS Mutual
s_connection: verify depth is 1
Handshake duration: 403.43 ms
Execution 119 - TLS Mutual
s_connection: verify depth is 1
Handshake duration: 367.06 ms
Execution 120 - TLS Mutual
s_connection: verify depth is 1
Handshake duration: 372.30 ms
Execution 121 - TLS Mutual
s_connection: verify depth is 1
Handshake duration: 402.53 ms
Execution 122 - TLS Mutual
s_connection: verify depth is 1
Handshake duration: 378.44 ms
Execution 123 - TLS Mutual
s_connection: verify depth is 1
Handshake duration: 400.75 ms
Execution 124 - TLS Mutual
s_connection: verify depth is 1
Handshake duration: 401.66 ms
Execution 125 - TLS Mutual
s_connection: verify depth is 1
Handshake duration: 398.06 ms
