Handshake timeout budget: 150s (identique TLS/QUIC)
Applying netem rules to lo...
Showing qdisc status for the interface: lo
qdisc netem 8cbb: root refcnt 2 limit 1000 seed 13319304423783070521
 Sent 0 bytes 0 pkt (dropped 0, overlimits 0 requeues 0) 
 backlog 0b 0p requeues 0
Running ./perftestClientTlsQuic.sh with SIG_ALG=mldsa44 and KEM_ALG=x25519_hqc128
Execution 1 - QUIC Single
Handshake duration: 522.37 ms
Execution 2 - QUIC Single
Handshake duration: 352.68 ms
Execution 3 - QUIC Single
Handshake duration: 352.54 ms
Execution 4 - QUIC Single
Handshake duration: 361.63 ms
Execution 5 - QUIC Single
Handshake duration: 352.68 ms
Execution 6 - QUIC Single
Handshake duration: 352.88 ms
Execution 7 - QUIC Single
Handshake duration: 352.00 ms
Execution 8 - QUIC Single
Handshake duration: 360.47 ms
Execution 9 - QUIC Single
Handshake duration: 353.44 ms
Execution 10 - QUIC Single
Handshake duration: 353.02 ms
Execution 11 - QUIC Single
Handshake duration: 353.46 ms
Execution 12 - QUIC Single
Handshake duration: 352.93 ms
Execution 13 - QUIC Single
Handshake duration: 359.72 ms
Execution 14 - QUIC Single
Handshake duration: 365.07 ms
Execution 15 - QUIC Single
Handshake duration: 353.35 ms
Execution 16 - QUIC Single
Handshake duration: 352.53 ms
Execution 17 - QUIC Single
Handshake duration: 1857.32 ms
Execution 18 - QUIC Single
Handshake duration: 352.17 ms
Execution 19 - QUIC Single
Handshake duration: 352.21 ms
Execution 20 - QUIC Single
Handshake duration: 353.17 ms
Execution 21 - QUIC Single
Handshake duration: 353.92 ms
Execution 22 - QUIC Single
Handshake duration: 352.73 ms
Execution 23 - QUIC Single
Handshake duration: 365.14 ms
Execution 24 - QUIC Single
Handshake duration: 353.62 ms
Execution 25 - QUIC Single
Handshake duration: 357.72 ms
Execution 26 - QUIC Single
Handshake duration: 353.15 ms
Execution 27 - QUIC Single
Handshake duration: 355.02 ms
Execution 28 - QUIC Single
Handshake duration: 353.03 ms
Execution 29 - QUIC Single
Handshake duration: 1856.38 ms
Execution 30 - QUIC Single
Handshake duration: 352.47 ms
Execution 31 - QUIC Single
Handshake duration: 352.16 ms
Execution 32 - QUIC Single
Handshake duration: 352.90 ms
Execution 33 - QUIC Single
Handshake duration: 351.86 ms
Execution 34 - QUIC Single
Handshake duration: 352.33 ms
Execution 35 - QUIC Single
Handshake duration: 358.26 ms
Execution 36 - QUIC Single
Handshake duration: 357.41 ms
Execution 37 - QUIC Single
Handshake duration: 364.16 ms
Execution 38 - QUIC Single
Handshake duration: 353.40 ms
Execution 39 - QUIC Single
Handshake duration: 351.95 ms
Execution 40 - QUIC Single
Handshake duration: 352.71 ms
Execution 41 - QUIC Single
Handshake duration: 353.38 ms
Execution 42 - QUIC Single
Handshake duration: 352.79 ms
Execution 43 - QUIC Single
Handshake duration: 352.48 ms
Execution 44 - QUIC Single
Handshake duration: 354.50 ms
Execution 45 - QUIC Single
Handshake duration: 352.50 ms
Execution 46 - QUIC Single
Handshake duration: 352.71 ms
Execution 47 - QUIC Single
Handshake duration: 353.04 ms
Execution 48 - QUIC Single
Handshake duration: 365.68 ms
Execution 49 - QUIC Single
Handshake duration: 352.10 ms
Execution 50 - QUIC Single
Handshake duration: 352.88 ms
Execution 51 - QUIC Single
Handshake duration: 352.06 ms
Execution 52 - QUIC Single
Handshake duration: 353.73 ms
Execution 53 - QUIC Single
Handshake duration: 352.32 ms
Execution 54 - QUIC Single
Handshake duration: 353.14 ms
Execution 55 - QUIC Single
Handshake duration: 364.84 ms
Execution 56 - QUIC Single
Handshake duration: 352.83 ms
Execution 57 - QUIC Single
Handshake duration: 353.07 ms
Execution 58 - QUIC Single
Handshake duration: 353.83 ms
Execution 59 - QUIC Single
Handshake duration: 353.04 ms
Execution 60 - QUIC Single
Handshake duration: 352.71 ms
Execution 61 - QUIC Single
Handshake duration: 364.94 ms
Execution 62 - QUIC Single
Handshake duration: 352.69 ms
Execution 63 - QUIC Single
Handshake duration: 358.41 ms
Execution 64 - QUIC Single
Handshake duration: 358.27 ms
Execution 65 - QUIC Single
Handshake duration: 353.56 ms
Execution 66 - QUIC Single
Handshake duration: 352.45 ms
Execution 67 - QUIC Single
Handshake duration: 352.16 ms
Execution 68 - QUIC Single
Handshake duration: 353.13 ms
Execution 69 - QUIC Single
Handshake duration: 352.50 ms
Execution 70 - QUIC Single
Handshake duration: 353.36 ms
Execution 71 - QUIC Single
Handshake duration: 352.30 ms
Execution 72 - QUIC Single
Handshake duration: 353.80 ms
Execution 73 - QUIC Single
Handshake duration: 352.45 ms
Execution 74 - QUIC Single
Handshake duration: 353.15 ms
Execution 75 - QUIC Single
Handshake duration: 352.25 ms
Execution 76 - QUIC Single
Handshake duration: 352.24 ms
Execution 77 - QUIC Single
Handshake duration: 364.36 ms
Execution 78 - QUIC Single
Handshake duration: 352.20 ms
Execution 79 - QUIC Single
Handshake duration: 364.45 ms
Execution 80 - QUIC Single
Handshake duration: 359.04 ms
Execution 81 - QUIC Single
Handshake duration: 359.74 ms
Execution 82 - QUIC Single
Handshake duration: 352.18 ms
Execution 83 - QUIC Single
Handshake duration: 352.37 ms
Execution 84 - QUIC Single
Handshake duration: 359.45 ms
Execution 85 - QUIC Single
Handshake duration: 352.02 ms
Execution 86 - QUIC Single
Handshake duration: 352.24 ms
Execution 87 - QUIC Single
Handshake duration: 352.38 ms
Execution 88 - QUIC Single
Handshake duration: 352.18 ms
Execution 89 - QUIC Single
Handshake duration: 352.38 ms
Execution 90 - QUIC Single
Handshake duration: 352.21 ms
Execution 91 - QUIC Single
Handshake duration: 352.13 ms
Execution 92 - QUIC Single
Handshake duration: 352.43 ms
Execution 93 - QUIC Single
Handshake duration: 352.51 ms
Execution 94 - QUIC Single
Handshake duration: 352.46 ms
Execution 95 - QUIC Single
Handshake duration: 352.64 ms
Execution 96 - QUIC Single
Handshake duration: 353.39 ms
Execution 97 - QUIC Single
Handshake duration: 352.64 ms
Execution 98 - QUIC Single
Handshake duration: 352.26 ms
Execution 99 - QUIC Single
Handshake duration: 352.45 ms
Execution 100 - QUIC Single
Handshake duration: 352.82 ms
Execution 101 - QUIC Single
Handshake duration: 352.57 ms
Execution 102 - QUIC Single
Handshake duration: 353.04 ms
Execution 103 - QUIC Single
Handshake duration: 352.37 ms
Execution 104 - QUIC Single
Handshake duration: 353.63 ms
Execution 105 - QUIC Single
Handshake duration: 357.72 ms
Execution 106 - QUIC Single
Handshake duration: 359.46 ms
Execution 107 - QUIC Single
Handshake duration: 352.26 ms
Execution 108 - QUIC Single
Handshake duration: 352.09 ms
Execution 109 - QUIC Single
Handshake duration: 352.47 ms
Execution 110 - QUIC Single
Handshake duration: 353.37 ms
Execution 111 - QUIC Single
Handshake duration: 359.43 ms
Execution 112 - QUIC Single
Handshake duration: 351.97 ms
Execution 113 - QUIC Single
Handshake duration: 352.65 ms
Execution 114 - QUIC Single
Handshake duration: 351.82 ms
Execution 115 - QUIC Single
Handshake duration: 352.29 ms
Execution 116 - QUIC Single
Handshake duration: 352.84 ms
Execution 117 - QUIC Single
Handshake duration: 352.12 ms
Execution 118 - QUIC Single
Handshake duration: 352.64 ms
Execution 119 - QUIC Single
Handshake duration: 359.87 ms
Execution 120 - QUIC Single
Handshake duration: 352.54 ms
Execution 121 - QUIC Single
Handshake duration: 353.88 ms
Execution 122 - QUIC Single
Handshake duration: 364.22 ms
Execution 123 - QUIC Single
Handshake duration: 354.08 ms
Execution 124 - QUIC Single
Handshake duration: 352.49 ms
Execution 125 - QUIC Single
Handshake duration: 353.40 ms
