Handshake timeout budget: 150s (identique TLS/QUIC)
Applying netem rules to lo...
Showing qdisc status for the interface: lo
qdisc netem 92e9: root refcnt 2 limit 1000 seed 3739392965810128812
 Sent 0 bytes 0 pkt (dropped 0, overlimits 0 requeues 0) 
 backlog 0b 0p requeues 0
Running ./perftestClientTlsQuic.sh with SIG_ALG=mldsa65 and KEM_ALG=x448_hqc192
Execution 1 - QUIC Single
Handshake duration: 557.26 ms
Execution 2 - QUIC Single
Handshake duration: 387.08 ms
Execution 3 - QUIC Single
Handshake duration: 386.78 ms
Execution 4 - QUIC Single
Handshake duration: 386.50 ms
Execution 5 - QUIC Single
Handshake duration: 392.75 ms
Execution 6 - QUIC Single
Handshake duration: 386.73 ms
Execution 7 - QUIC Single
Handshake duration: 386.43 ms
Execution 8 - QUIC Single
Handshake duration: 386.28 ms
Execution 9 - QUIC Single
Handshake duration: 386.69 ms
Execution 10 - QUIC Single
Handshake duration: 386.43 ms
Execution 11 - QUIC Single
Handshake duration: 386.33 ms
Execution 12 - QUIC Single
Handshake duration: 404.54 ms
Execution 13 - QUIC Single
Handshake duration: 386.64 ms
Execution 14 - QUIC Single
Handshake duration: 414.25 ms
Execution 15 - QUIC Single
Handshake duration: 399.93 ms
Execution 16 - QUIC Single
Handshake duration: 586.74 ms
Execution 17 - QUIC Single
Handshake duration: 397.35 ms
Execution 18 - QUIC Single
Handshake duration: 386.10 ms
Execution 19 - QUIC Single
Handshake duration: 386.34 ms
Execution 20 - QUIC Single
Handshake duration: 574.90 ms
Execution 21 - QUIC Single
Handshake duration: 386.41 ms
Execution 22 - QUIC Single
Handshake duration: 386.40 ms
Execution 23 - QUIC Single
Handshake duration: 386.91 ms
Execution 24 - QUIC Single
Handshake duration: 387.12 ms
Execution 25 - QUIC Single
Handshake duration: 386.24 ms
Execution 26 - QUIC Single
Handshake duration: 387.01 ms
Execution 27 - QUIC Single
Handshake duration: 401.66 ms
Execution 28 - QUIC Single
Handshake duration: 401.37 ms
Execution 29 - QUIC Single
Handshake duration: 405.46 ms
Execution 30 - QUIC Single
Handshake duration: 387.36 ms
Execution 31 - QUIC Single
Handshake duration: 386.45 ms
Execution 32 - QUIC Single
Handshake duration: 386.34 ms
Execution 33 - QUIC Single
Handshake duration: 386.11 ms
Execution 34 - QUIC Single
Handshake duration: 386.58 ms
Execution 35 - QUIC Single
Handshake duration: 386.56 ms
Execution 36 - QUIC Single
Handshake duration: 387.28 ms
Execution 37 - QUIC Single
Handshake duration: 586.12 ms
Execution 38 - QUIC Single
Handshake duration: 386.71 ms
Execution 39 - QUIC Single
Handshake duration: 401.63 ms
Execution 40 - QUIC Single
Handshake duration: 399.88 ms
Execution 41 - QUIC Single
Handshake duration: 386.49 ms
Execution 42 - QUIC Single
Handshake duration: 386.20 ms
Execution 43 - QUIC Single
Handshake duration: 386.47 ms
Execution 44 - QUIC Single
Handshake duration: 386.37 ms
Execution 45 - QUIC Single
Handshake duration: 386.31 ms
Execution 46 - QUIC Single
Handshake duration: 404.37 ms
Execution 47 - QUIC Single
Handshake duration: 395.86 ms
Execution 48 - QUIC Single
Handshake duration: 386.22 ms
Execution 49 - QUIC Single
Handshake duration: 386.68 ms
Execution 50 - QUIC Single
Handshake duration: 388.86 ms
Execution 51 - QUIC Single
Handshake duration: 386.07 ms
Execution 52 - QUIC Single
Handshake duration: 386.10 ms
Execution 53 - QUIC Single
Handshake duration: 401.53 ms
Execution 54 - QUIC Single
Handshake duration: 412.40 ms
Execution 55 - QUIC Single
Handshake duration: 386.19 ms
Execution 56 - QUIC Single
Handshake duration: 402.20 ms
Execution 57 - QUIC Single
Handshake duration: 387.25 ms
Execution 58 - QUIC Single
Handshake duration: 386.30 ms
Execution 59 - QUIC Single
Handshake duration: 574.37 ms
Execution 60 - QUIC Single
Handshake duration: 386.14 ms
Execution 61 - QUIC Single
Handshake duration: 402.07 ms
Execution 62 - QUIC Single
Handshake duration: 386.51 ms
Execution 63 - QUIC Single
Handshake duration: 386.17 ms
Execution 64 - QUIC Single
Handshake duration: 401.63 ms
Execution 65 - QUIC Single
Handshake duration: 386.66 ms
Execution 66 - QUIC Single
Handshake duration: 398.88 ms
Execution 67 - QUIC Single
Handshake duration: 386.32 ms
Execution 68 - QUIC Single
Handshake duration: 386.62 ms
Execution 69 - QUIC Single
Handshake duration: 386.33 ms
Execution 70 - QUIC Single
Handshake duration: 404.01 ms
Execution 71 - QUIC Single
Handshake duration: 403.79 ms
Execution 72 - QUIC Single
Handshake duration: 386.19 ms
Execution 73 - QUIC Single
Handshake duration: 385.99 ms
Execution 74 - QUIC Single
Handshake duration: 386.00 ms
Execution 75 - QUIC Single
Handshake duration: 386.69 ms
Execution 76 - QUIC Single
Handshake duration: 385.93 ms
Execution 77 - QUIC Single
Handshake duration: 386.31 ms
Execution 78 - QUIC Single
Handshake duration: 386.15 ms
Execution 79 - QUIC Single
Handshake duration: 405.30 ms
Execution 80 - QUIC Single
Handshake duration: 386.28 ms
Execution 81 - QUIC Single
Handshake duration: 403.09 ms
Execution 82 - QUIC Single
Handshake duration: 401.64 ms
Execution 83 - QUIC Single
Handshake duration: 387.53 ms
Execution 84 - QUIC Single
Handshake duration: 386.36 ms
Execution 85 - QUIC Single
Handshake duration: 386.22 ms
Execution 86 - QUIC Single
Handshake duration: 402.85 ms
Execution 87 - QUIC Single
Handshake duration: 386.59 ms
Execution 88 - QUIC Single
Handshake duration: 386.41 ms
Execution 89 - QUIC Single
Handshake duration: 386.80 ms
Execution 90 - QUIC Single
Handshake duration: 386.28 ms
Execution 91 - QUIC Single
Handshake duration: 405.67 ms
Execution 92 - QUIC Single
Handshake duration: 397.22 ms
Execution 93 - QUIC Single
Handshake duration: 386.67 ms
Execution 94 - QUIC Single
Handshake duration: 386.07 ms
Execution 95 - QUIC Single
Handshake duration: 386.41 ms
Execution 96 - QUIC Single
Handshake duration: 386.45 ms
Execution 97 - QUIC Single
Handshake duration: 386.47 ms
Execution 98 - QUIC Single
Handshake duration: 386.42 ms
Execution 99 - QUIC Single
Handshake duration: 386.47 ms
Execution 100 - QUIC Single
Handshake duration: 386.54 ms
Execution 101 - QUIC Single
Handshake duration: 386.58 ms
Execution 102 - QUIC Single
Handshake duration: 386.02 ms
Execution 103 - QUIC Single
Handshake duration: 386.27 ms
Execution 104 - QUIC Single
Handshake duration: 386.37 ms
Execution 105 - QUIC Single
Handshake duration: 404.02 ms
Execution 106 - QUIC Single
Handshake duration: 386.04 ms
Execution 107 - QUIC Single
Handshake duration: 397.86 ms
Execution 108 - QUIC Single
Handshake duration: 401.90 ms
Execution 109 - QUIC Single
Handshake duration: 386.24 ms
Execution 110 - QUIC Single
Handshake duration: 386.12 ms
Execution 111 - QUIC Single
Handshake duration: 699.74 ms
Execution 112 - QUIC Single
Handshake duration: 393.21 ms
Execution 113 - QUIC Single
Handshake duration: 386.51 ms
Execution 114 - QUIC Single
Handshake duration: 572.67 ms
Execution 115 - QUIC Single
Handshake duration: 387.70 ms
Execution 116 - QUIC Single
Handshake duration: 386.39 ms
Execution 117 - QUIC Single
Handshake duration: 386.18 ms
Execution 118 - QUIC Single
Handshake duration: 386.55 ms
Execution 119 - QUIC Single
Handshake duration: 386.40 ms
Execution 120 - QUIC Single
Handshake duration: 387.45 ms
Execution 121 - QUIC Single
Handshake duration: 401.79 ms
Execution 122 - QUIC Single
Handshake duration: 386.83 ms
Execution 123 - QUIC Single
Handshake duration: 386.22 ms
Execution 124 - QUIC Single
Handshake duration: 387.56 ms
Execution 125 - QUIC Single
Handshake duration: 386.71 ms
