Handshake timeout budget: 150s (identique TLS/QUIC)
Applying netem rules to lo...
Showing qdisc status for the interface: lo
qdisc netem 9a89: root refcnt 2 limit 1000 seed 9667109939855869645
 Sent 0 bytes 0 pkt (dropped 0, overlimits 0 requeues 0) 
 backlog 0b 0p requeues 0
Running ./perftestClientTlsQuic.sh with SIG_ALG=mldsa44 and KEM_ALG=p256_hqc128
Execution 1 - QUIC Single
Handshake duration: 540.84 ms
Execution 2 - QUIC Single
Handshake duration: 367.86 ms
Execution 3 - QUIC Single
Handshake duration: 367.54 ms
Execution 4 - QUIC Single
Handshake duration: 367.69 ms
Execution 5 - QUIC Single
Handshake duration: 367.35 ms
Execution 6 - QUIC Single
Handshake duration: 375.98 ms
Execution 7 - QUIC Single
Handshake duration: 372.27 ms
Execution 8 - QUIC Single
Handshake duration: 366.74 ms
Execution 9 - QUIC Single
Handshake duration: 367.12 ms
Execution 10 - QUIC Single
Handshake duration: 368.46 ms
Execution 11 - QUIC Single
Handshake duration: 368.00 ms
Execution 12 - QUIC Single
Handshake duration: 367.88 ms
Execution 13 - QUIC Single
Handshake duration: 375.26 ms
Execution 14 - QUIC Single
Handshake duration: 380.25 ms
Execution 15 - QUIC Single
Handshake duration: 374.45 ms
Execution 16 - QUIC Single
Handshake duration: 382.67 ms
Execution 17 - QUIC Single
Handshake duration: 375.92 ms
Execution 18 - QUIC Single
Handshake duration: 367.64 ms
Execution 19 - QUIC Single
Handshake duration: 387.53 ms
Execution 20 - QUIC Single
Handshake duration: 370.17 ms
Execution 21 - QUIC Single
Handshake duration: 368.33 ms
Execution 22 - QUIC Single
Handshake duration: 369.94 ms
Execution 23 - QUIC Single
Handshake duration: 384.46 ms
Execution 24 - QUIC Single
Handshake duration: 369.52 ms
Execution 25 - QUIC Single
Handshake duration: 386.13 ms
Execution 26 - QUIC Single
Handshake duration: 376.47 ms
Execution 27 - QUIC Single
Handshake duration: 370.64 ms
Execution 28 - QUIC Single
Handshake duration: 368.51 ms
Execution 29 - QUIC Single
Handshake duration: 372.54 ms
Execution 30 - QUIC Single
Handshake duration: 370.41 ms
Execution 31 - QUIC Single
Handshake duration: 370.58 ms
Execution 32 - QUIC Single
Handshake duration: 372.52 ms
Execution 33 - QUIC Single
Handshake duration: 386.00 ms
Execution 34 - QUIC Single
Handshake duration: 371.03 ms
Execution 35 - QUIC Single
Handshake duration: 374.94 ms
Execution 36 - QUIC Single
Handshake duration: 1859.47 ms
Execution 37 - QUIC Single
Handshake duration: 367.81 ms
Execution 38 - QUIC Single
Handshake duration: 374.17 ms
Execution 39 - QUIC Single
Handshake duration: 373.95 ms
Execution 40 - QUIC Single
Handshake duration: 367.99 ms
Execution 41 - QUIC Single
Handshake duration: 372.33 ms
Execution 42 - QUIC Single
Handshake duration: 370.03 ms
Execution 43 - QUIC Single
Handshake duration: 370.73 ms
Execution 44 - QUIC Single
Handshake duration: 367.19 ms
Execution 45 - QUIC Single
Handshake duration: 367.67 ms
Execution 46 - QUIC Single
Handshake duration: 367.91 ms
Execution 47 - QUIC Single
Handshake duration: 370.28 ms
Execution 48 - QUIC Single
Handshake duration: 367.26 ms
Execution 49 - QUIC Single
Handshake duration: 366.70 ms
Execution 50 - QUIC Single
Handshake duration: 367.39 ms
Execution 51 - QUIC Single
Handshake duration: 367.46 ms
Execution 52 - QUIC Single
Handshake duration: 390.42 ms
Execution 53 - QUIC Single
Handshake duration: 366.69 ms
Execution 54 - QUIC Single
Handshake duration: 367.60 ms
Execution 55 - QUIC Single
Handshake duration: 373.02 ms
Execution 56 - QUIC Single
Handshake duration: 383.81 ms
Execution 57 - QUIC Single
Handshake duration: 383.62 ms
Execution 58 - QUIC Single
Handshake duration: 376.98 ms
Execution 59 - QUIC Single
Handshake duration: 372.57 ms
Execution 60 - QUIC Single
Handshake duration: 374.93 ms
Execution 61 - QUIC Single
Handshake duration: 367.09 ms
Execution 62 - QUIC Single
Handshake duration: 386.62 ms
Execution 63 - QUIC Single
Handshake duration: 377.36 ms
Execution 64 - QUIC Single
Handshake duration: 371.81 ms
Execution 65 - QUIC Single
Handshake duration: 369.16 ms
Execution 66 - QUIC Single
Handshake duration: 369.43 ms
Execution 67 - QUIC Single
Handshake duration: 368.65 ms
Execution 68 - QUIC Single
Handshake duration: 371.13 ms
Execution 69 - QUIC Single
Handshake duration: 370.05 ms
Execution 70 - QUIC Single
Handshake duration: 366.58 ms
Execution 71 - QUIC Single
Handshake duration: 367.11 ms
Execution 72 - QUIC Single
Handshake duration: 367.37 ms
Execution 73 - QUIC Single
Handshake duration: 367.52 ms
Execution 74 - QUIC Single
Handshake duration: 382.48 ms
Execution 75 - QUIC Single
Handshake duration: 367.49 ms
Execution 76 - QUIC Single
Handshake duration: 367.53 ms
Execution 77 - QUIC Single
Handshake duration: 383.14 ms
Execution 78 - QUIC Single
Handshake duration: 383.03 ms
Execution 79 - QUIC Single
Handshake duration: 367.88 ms
Execution 80 - QUIC Single
Handshake duration: 369.36 ms
Execution 81 - QUIC Single
Handshake duration: 368.56 ms
Execution 82 - QUIC Single
Handshake duration: 367.37 ms
Execution 83 - QUIC Single
Handshake duration: 368.02 ms
Execution 84 - QUIC Single
Handshake duration: 375.37 ms
Execution 85 - QUIC Single
Handshake duration: 367.95 ms
Execution 86 - QUIC Single
Handshake duration: 379.10 ms
Execution 87 - QUIC Single
Handshake duration: 377.33 ms
Execution 88 - QUIC Single
Handshake duration: 367.48 ms
Execution 89 - QUIC Single
Handshake duration: 393.25 ms
Execution 90 - QUIC Single
Handshake duration: 376.72 ms
Execution 91 - QUIC Single
Handshake duration: 370.70 ms
Execution 92 - QUIC Single
Handshake duration: 368.88 ms
Execution 93 - QUIC Single
Handshake duration: 378.73 ms
Execution 94 - QUIC Single
Handshake duration: 376.36 ms
Execution 95 - QUIC Single
Handshake duration: 369.19 ms
Execution 96 - QUIC Single
Handshake duration: 377.74 ms
Execution 97 - QUIC Single
Handshake duration: 377.44 ms
Execution 98 - QUIC Single
Handshake duration: 367.65 ms
Execution 99 - QUIC Single
Handshake duration: 368.99 ms
Execution 100 - QUIC Single
Handshake duration: 378.20 ms
Execution 101 - QUIC Single
Handshake duration: 371.92 ms
Execution 102 - QUIC Single
Handshake duration: 377.17 ms
Execution 103 - QUIC Single
Handshake duration: 376.32 ms
Execution 104 - QUIC Single
Handshake duration: 381.48 ms
Execution 105 - QUIC Single
Handshake duration: 389.05 ms
Execution 106 - QUIC Single
Handshake duration: 376.46 ms
Execution 107 - QUIC Single
Handshake duration: 375.04 ms
Execution 108 - QUIC Single
Handshake duration: 377.88 ms
Execution 109 - QUIC Single
Handshake duration: 370.27 ms
Execution 110 - QUIC Single
Handshake duration: 374.75 ms
Execution 111 - QUIC Single
Handshake duration: 397.07 ms
Execution 112 - QUIC Single
Handshake duration: 376.69 ms
Execution 113 - QUIC Single
Handshake duration: 373.38 ms
Execution 114 - QUIC Single
Handshake duration: 391.10 ms
Execution 115 - QUIC Single
Handshake duration: 375.28 ms
Execution 116 - QUIC Single
Handshake duration: 369.80 ms
Execution 117 - QUIC Single
Handshake duration: 368.35 ms
Execution 118 - QUIC Single
Handshake duration: 368.57 ms
Execution 119 - QUIC Single
Handshake duration: 370.71 ms
Execution 120 - QUIC Single
Handshake duration: 379.66 ms
Execution 121 - QUIC Single
Handshake duration: 369.10 ms
Execution 122 - QUIC Single
Handshake duration: 367.19 ms
Execution 123 - QUIC Single
Handshake duration: 390.16 ms
Execution 124 - QUIC Single
Handshake duration: 389.00 ms
Execution 125 - QUIC Single
Handshake duration: 368.09 ms
