Handshake timeout budget: 150s (identique TLS/QUIC)
Applying netem rules to lo...
Showing qdisc status for the interface: lo
qdisc netem 9add: root refcnt 2 limit 1000 seed 11422633300512043056
 Sent 0 bytes 0 pkt (dropped 0, overlimits 0 requeues 0) 
 backlog 0b 0p requeues 0
Running ./perftestClientTlsQuic.sh with SIG_ALG=secp384r1 and KEM_ALG=hqc192
Execution 1 - QUIC Single
Handshake duration: 400.80 ms
Execution 2 - QUIC Single
Handshake duration: 233.00 ms
Execution 3 - QUIC Single
Handshake duration: 233.51 ms
Execution 4 - QUIC Single
Handshake duration: 232.05 ms
Execution 5 - QUIC Single
Handshake duration: 232.05 ms
Execution 6 - QUIC Single
Handshake duration: 235.06 ms
Execution 7 - QUIC Single
Handshake duration: 233.27 ms
Execution 8 - QUIC Single
Handshake duration: 255.87 ms
Execution 9 - QUIC Single
Handshake duration: 235.92 ms
Execution 10 - QUIC Single
Handshake duration: 232.89 ms
Execution 11 - QUIC Single
Handshake duration: 232.75 ms
Execution 12 - QUIC Single
Handshake duration: 232.92 ms
Execution 13 - QUIC Single
Handshake duration: 233.25 ms
Execution 14 - QUIC Single
Handshake duration: 250.57 ms
Execution 15 - QUIC Single
Handshake duration: 233.16 ms
Execution 16 - QUIC Single
Handshake duration: 232.66 ms
Execution 17 - QUIC Single
Handshake duration: 232.73 ms
Execution 18 - QUIC Single
Handshake duration: 232.73 ms
Execution 19 - QUIC Single
Handshake duration: 235.37 ms
Execution 20 - QUIC Single
Handshake duration: 232.22 ms
Execution 21 - QUIC Single
Handshake duration: 233.69 ms
Execution 22 - QUIC Single
Handshake duration: 235.11 ms
Execution 23 - QUIC Single
Handshake duration: 232.66 ms
Execution 24 - QUIC Single
Handshake duration: 232.46 ms
Execution 25 - QUIC Single
Handshake duration: 232.62 ms
Execution 26 - QUIC Single
Handshake duration: 232.56 ms
Execution 27 - QUIC Single
Handshake duration: 233.59 ms
Execution 28 - QUIC Single
Handshake duration: 255.94 ms
Execution 29 - QUIC Single
Handshake duration: 246.50 ms
Execution 30 - QUIC Single
Handshake duration: 232.27 ms
Execution 31 - QUIC Single
Handshake duration: 232.53 ms
Execution 32 - QUIC Single
Handshake duration: 231.59 ms
Execution 33 - QUIC Single
Handshake duration: 232.57 ms
Execution 34 - QUIC Single
Handshake duration: 231.99 ms
Execution 35 - QUIC Single
Handshake duration: 232.69 ms
Execution 36 - QUIC Single
Handshake duration: 232.50 ms
Execution 37 - QUIC Single
Handshake duration: 233.31 ms
Execution 38 - QUIC Single
Handshake duration: 233.07 ms
Execution 39 - QUIC Single
Handshake duration: 232.16 ms
Execution 40 - QUIC Single
Handshake duration: 259.14 ms
Execution 41 - QUIC Single
Handshake duration: 233.58 ms
Execution 42 - QUIC Single
Handshake duration: 233.31 ms
Execution 43 - QUIC Single
Handshake duration: 233.09 ms
Execution 44 - QUIC Single
Handshake duration: 234.99 ms
Execution 45 - QUIC Single
Handshake duration: 233.29 ms
Execution 46 - QUIC Single
Handshake duration: 232.96 ms
Execution 47 - QUIC Single
Handshake duration: 236.14 ms
Execution 48 - QUIC Single
Handshake duration: 234.66 ms
Execution 49 - QUIC Single
Handshake duration: 234.25 ms
Execution 50 - QUIC Single
Handshake duration: 237.66 ms
Execution 51 - QUIC Single
Handshake duration: 234.10 ms
Execution 52 - QUIC Single
Handshake duration: 232.09 ms
Execution 53 - QUIC Single
Handshake duration: 233.84 ms
Execution 54 - QUIC Single
Handshake duration: 233.14 ms
Execution 55 - QUIC Single
Handshake duration: 234.52 ms
Execution 56 - QUIC Single
Handshake duration: 233.62 ms
Execution 57 - QUIC Single
Handshake duration: 236.87 ms
Execution 58 - QUIC Single
Handshake duration: 235.03 ms
Execution 59 - QUIC Single
Handshake duration: 232.50 ms
Execution 60 - QUIC Single
Handshake duration: 250.66 ms
Execution 61 - QUIC Single
Handshake duration: 236.49 ms
Execution 62 - QUIC Single
Handshake duration: 238.94 ms
Execution 63 - QUIC Single
Handshake duration: 234.25 ms
Execution 64 - QUIC Single
Handshake duration: 234.20 ms
Execution 65 - QUIC Single
Handshake duration: 232.86 ms
Execution 66 - QUIC Single
Handshake duration: 232.95 ms
Execution 67 - QUIC Single
Handshake duration: 234.18 ms
Execution 68 - QUIC Single
Handshake duration: 234.63 ms
Execution 69 - QUIC Single
Handshake duration: 236.85 ms
Execution 70 - QUIC Single
Handshake duration: 232.41 ms
Execution 71 - QUIC Single
Handshake duration: 232.19 ms
Execution 72 - QUIC Single
Handshake duration: 251.81 ms
Execution 73 - QUIC Single
Handshake duration: 231.25 ms
Execution 74 - QUIC Single
Handshake duration: 232.93 ms
Execution 75 - QUIC Single
Handshake duration: 263.54 ms
Execution 76 - QUIC Single
Handshake duration: 252.59 ms
Execution 77 - QUIC Single
Handshake duration: 250.37 ms
Execution 78 - QUIC Single
Handshake duration: 234.10 ms
Execution 79 - QUIC Single
Handshake duration: 253.00 ms
Execution 80 - QUIC Single
Handshake duration: 234.68 ms
Execution 81 - QUIC Single
Handshake duration: 233.44 ms
Execution 82 - QUIC Single
Handshake duration: 231.39 ms
Execution 83 - QUIC Single
Handshake duration: 235.83 ms
Execution 84 - QUIC Single
Handshake duration: 240.85 ms
Execution 85 - QUIC Single
Handshake duration: 252.69 ms
Execution 86 - QUIC Single
Handshake duration: 235.40 ms
Execution 87 - QUIC Single
Handshake duration: 233.92 ms
Execution 88 - QUIC Single
Handshake duration: 232.96 ms
Execution 89 - QUIC Single
Handshake duration: 240.10 ms
Execution 90 - QUIC Single
Handshake duration: 233.25 ms
Execution 91 - QUIC Single
Handshake duration: 233.14 ms
Execution 92 - QUIC Single
Handshake duration: 232.93 ms
Execution 93 - QUIC Single
Handshake duration: 232.90 ms
Execution 94 - QUIC Single
Handshake duration: 250.13 ms
Execution 95 - QUIC Single
Handshake duration: 240.27 ms
Execution 96 - QUIC Single
Handshake duration: 232.50 ms
Execution 97 - QUIC Single
Handshake duration: 231.91 ms
Execution 98 - QUIC Single
Handshake duration: 232.17 ms
Execution 99 - QUIC Single
Handshake duration: 232.01 ms
Execution 100 - QUIC Single
Handshake duration: 231.56 ms
Execution 101 - QUIC Single
Handshake duration: 233.24 ms
Execution 102 - QUIC Single
Handshake duration: 235.22 ms
Execution 103 - QUIC Single
Handshake duration: 232.00 ms
Execution 104 - QUIC Single
Handshake duration: 232.42 ms
Execution 105 - QUIC Single
Handshake duration: 232.13 ms
Execution 106 - QUIC Single
Handshake duration: 232.77 ms
Execution 107 - QUIC Single
Handshake duration: 232.16 ms
Execution 108 - QUIC Single
Handshake duration: 234.42 ms
Execution 109 - QUIC Single
Handshake duration: 233.69 ms
Execution 110 - QUIC Single
Handshake duration: 231.94 ms
Execution 111 - QUIC Single
Handshake duration: 233.81 ms
Execution 112 - QUIC Single
Handshake duration: 232.33 ms
Execution 113 - QUIC Single
Handshake duration: 233.18 ms
Execution 114 - QUIC Single
Handshake duration: 232.12 ms
Execution 115 - QUIC Single
Handshake duration: 235.87 ms
Execution 116 - QUIC Single
Handshake duration: 232.87 ms
Execution 117 - QUIC Single
Handshake duration: 232.03 ms
Execution 118 - QUIC Single
Handshake duration: 232.61 ms
Execution 119 - QUIC Single
Handshake duration: 234.44 ms
Execution 120 - QUIC Single
Handshake duration: 254.53 ms
Execution 121 - QUIC Single
Handshake duration: 232.28 ms
Execution 122 - QUIC Single
Handshake duration: 233.99 ms
Execution 123 - QUIC Single
Handshake duration: 231.96 ms
Execution 124 - QUIC Single
Handshake duration: 232.70 ms
Execution 125 - QUIC Single
Handshake duration: 233.10 ms
