Handshake timeout budget: 150s (identique TLS/QUIC)
Applying netem rules to lo...
Showing qdisc status for the interface: lo
qdisc netem 8593: root refcnt 2 limit 1000 seed 17922547966994566457
 Sent 0 bytes 0 pkt (dropped 0, overlimits 0 requeues 0) 
 backlog 0b 0p requeues 0
Running ./perftestClientTlsQuic.sh with SIG_ALG=ed25519 and KEM_ALG=p256_hqc128
Execution 1 - QUIC Single
Handshake duration: 398.87 ms
Execution 2 - QUIC Single
Handshake duration: 207.58 ms
Execution 3 - QUIC Single
Handshake duration: 211.40 ms
Execution 4 - QUIC Single
Handshake duration: 209.11 ms
Execution 5 - QUIC Single
Handshake duration: 209.67 ms
Execution 6 - QUIC Single
Handshake duration: 214.49 ms
Execution 7 - QUIC Single
Handshake duration: 224.06 ms
Execution 8 - QUIC Single
Handshake duration: 207.14 ms
Execution 9 - QUIC Single
Handshake duration: 209.65 ms
Execution 10 - QUIC Single
Handshake duration: 222.64 ms
Execution 11 - QUIC Single
Handshake duration: 207.44 ms
Execution 12 - QUIC Single
Handshake duration: 1658.26 ms
Execution 13 - QUIC Single
Handshake duration: 210.36 ms
Execution 14 - QUIC Single
Handshake duration: 214.99 ms
Execution 15 - QUIC Single
Handshake duration: 217.31 ms
Execution 16 - QUIC Single
Handshake duration: 209.18 ms
Execution 17 - QUIC Single
Handshake duration: 207.84 ms
Execution 18 - QUIC Single
Handshake duration: 209.53 ms
Execution 19 - QUIC Single
Handshake duration: 218.28 ms
Execution 20 - QUIC Single
Handshake duration: 216.23 ms
Execution 21 - QUIC Single
Handshake duration: 214.79 ms
Execution 22 - QUIC Single
Handshake duration: 208.21 ms
Execution 23 - QUIC Single
Handshake duration: 207.04 ms
Execution 24 - QUIC Single
Handshake duration: 208.31 ms
Execution 25 - QUIC Single
Handshake duration: 206.84 ms
Execution 26 - QUIC Single
Handshake duration: 208.43 ms
Execution 27 - QUIC Single
Handshake duration: 208.66 ms
Execution 28 - QUIC Single
Handshake duration: 209.52 ms
Execution 29 - QUIC Single
Handshake duration: 208.22 ms
Execution 30 - QUIC Single
Handshake duration: 233.67 ms
Execution 31 - QUIC Single
Handshake duration: 206.03 ms
Execution 32 - QUIC Single
Handshake duration: 209.32 ms
Execution 33 - QUIC Single
Handshake duration: 225.56 ms
Execution 34 - QUIC Single
Handshake duration: 207.75 ms
Execution 35 - QUIC Single
Handshake duration: 206.16 ms
Execution 36 - QUIC Single
Handshake duration: 206.96 ms
Execution 37 - QUIC Single
Handshake duration: 207.09 ms
Execution 38 - QUIC Single
Handshake duration: 226.36 ms
Execution 39 - QUIC Single
Handshake duration: 212.30 ms
Execution 40 - QUIC Single
Handshake duration: 207.76 ms
Execution 41 - QUIC Single
Handshake duration: 209.64 ms
Execution 42 - QUIC Single
Handshake duration: 208.03 ms
Execution 43 - QUIC Single
Handshake duration: 209.36 ms
Execution 44 - QUIC Single
Handshake duration: 208.33 ms
Execution 45 - QUIC Single
Handshake duration: 209.72 ms
Execution 46 - QUIC Single
Handshake duration: 206.71 ms
Execution 47 - QUIC Single
Handshake duration: 215.99 ms
Execution 48 - QUIC Single
Handshake duration: 217.44 ms
Execution 49 - QUIC Single
Handshake duration: 223.57 ms
Execution 50 - QUIC Single
Handshake duration: 211.53 ms
Execution 51 - QUIC Single
Handshake duration: 208.74 ms
Execution 52 - QUIC Single
Handshake duration: 209.05 ms
Execution 53 - QUIC Single
Handshake duration: 224.93 ms
Execution 54 - QUIC Single
Handshake duration: 206.25 ms
Execution 55 - QUIC Single
Handshake duration: 208.52 ms
Execution 56 - QUIC Single
Handshake duration: 226.48 ms
Execution 57 - QUIC Single
Handshake duration: 209.07 ms
Execution 58 - QUIC Single
Handshake duration: 208.43 ms
Execution 59 - QUIC Single
Handshake duration: 208.27 ms
Execution 60 - QUIC Single
Handshake duration: 208.19 ms
Execution 61 - QUIC Single
Handshake duration: 205.94 ms
Execution 62 - QUIC Single
Handshake duration: 206.64 ms
Execution 63 - QUIC Single
Handshake duration: 215.20 ms
Execution 64 - QUIC Single
Handshake duration: 207.32 ms
Execution 65 - QUIC Single
Handshake duration: 218.43 ms
Execution 66 - QUIC Single
Handshake duration: 209.04 ms
Execution 67 - QUIC Single
Handshake duration: 208.59 ms
Execution 68 - QUIC Single
Handshake duration: 210.64 ms
Execution 69 - QUIC Single
Handshake duration: 209.06 ms
Execution 70 - QUIC Single
Handshake duration: 206.98 ms
Execution 71 - QUIC Single
Handshake duration: 209.17 ms
Execution 72 - QUIC Single
Handshake duration: 206.27 ms
Execution 73 - QUIC Single
Handshake duration: 221.69 ms
Execution 74 - QUIC Single
Handshake duration: 209.32 ms
Execution 75 - QUIC Single
Handshake duration: 208.55 ms
Execution 76 - QUIC Single
Handshake duration: 208.76 ms
Execution 77 - QUIC Single
Handshake duration: 206.78 ms
Execution 78 - QUIC Single
Handshake duration: 207.03 ms
Execution 79 - QUIC Single
Handshake duration: 207.38 ms
Execution 80 - QUIC Single
Handshake duration: 208.85 ms
Execution 81 - QUIC Single
Handshake duration: 210.40 ms
Execution 82 - QUIC Single
Handshake duration: 229.83 ms
Execution 83 - QUIC Single
Handshake duration: 209.65 ms
Execution 84 - QUIC Single
Handshake duration: 209.67 ms
Execution 85 - QUIC Single
Handshake duration: 208.37 ms
Execution 86 - QUIC Single
Handshake duration: 210.58 ms
Execution 87 - QUIC Single
Handshake duration: 210.78 ms
Execution 88 - QUIC Single
Handshake duration: 208.11 ms
Execution 89 - QUIC Single
Handshake duration: 214.75 ms
Execution 90 - QUIC Single
Handshake duration: 209.18 ms
Execution 91 - QUIC Single
Handshake duration: 208.74 ms
Execution 92 - QUIC Single
Handshake duration: 207.03 ms
Execution 93 - QUIC Single
Handshake duration: 206.24 ms
Execution 94 - QUIC Single
Handshake duration: 207.44 ms
Execution 95 - QUIC Single
Handshake duration: 215.02 ms
Execution 96 - QUIC Single
Handshake duration: 207.84 ms
Execution 97 - QUIC Single
Handshake duration: 206.99 ms
Execution 98 - QUIC Single
Handshake duration: 209.69 ms
Execution 99 - QUIC Single
Handshake duration: 208.61 ms
Execution 100 - QUIC Single
Handshake duration: 205.25 ms
Execution 101 - QUIC Single
Handshake duration: 217.36 ms
Execution 102 - QUIC Single
Handshake duration: 209.47 ms
Execution 103 - QUIC Single
Handshake duration: 207.47 ms
Execution 104 - QUIC Single
Handshake duration: 207.27 ms
Execution 105 - QUIC Single
Handshake duration: 207.67 ms
Execution 106 - QUIC Single
Handshake duration: 217.68 ms
Execution 107 - QUIC Single
Handshake duration: 209.06 ms
Execution 108 - QUIC Single
Handshake duration: 207.89 ms
Execution 109 - QUIC Single
Handshake duration: 209.12 ms
Execution 110 - QUIC Single
Handshake duration: 214.78 ms
Execution 111 - QUIC Single
Handshake duration: 209.62 ms
Execution 112 - QUIC Single
Handshake duration: 208.28 ms
Execution 113 - QUIC Single
Handshake duration: 222.83 ms
Execution 114 - QUIC Single
Handshake duration: 210.11 ms
Execution 115 - QUIC Single
Handshake duration: 208.79 ms
Execution 116 - QUIC Single
Handshake duration: 206.25 ms
Execution 117 - QUIC Single
Handshake duration: 205.44 ms
Execution 118 - QUIC Single
Handshake duration: 208.31 ms
Execution 119 - QUIC Single
Handshake duration: 208.42 ms
Execution 120 - QUIC Single
Handshake duration: 210.68 ms
Execution 121 - QUIC Single
Handshake duration: 209.16 ms
Execution 122 - QUIC Single
Handshake duration: 210.77 ms
Execution 123 - QUIC Single
Handshake duration: 224.48 ms
Execution 124 - QUIC Single
Handshake duration: 205.37 ms
Execution 125 - QUIC Single
Handshake duration: 205.96 ms
