Handshake timeout budget: 150s (identique TLS/QUIC)
Applying netem rules to lo...
Showing qdisc status for the interface: lo
qdisc netem 8c9f: root refcnt 2 limit 1000 seed 15340688592274410548
 Sent 0 bytes 0 pkt (dropped 0, overlimits 0 requeues 0) 
 backlog 0b 0p requeues 0
Running ./perftestClientTlsQuic.sh with SIG_ALG=mldsa65 and KEM_ALG=p384_mlkem768
Execution 1 - QUIC Single
Handshake duration: 522.05 ms
Execution 2 - QUIC Single
Handshake duration: 347.27 ms
Execution 3 - QUIC Single
Handshake duration: 347.02 ms
Execution 4 - QUIC Single
Handshake duration: 345.64 ms
Execution 5 - QUIC Single
Handshake duration: 350.96 ms
Execution 6 - QUIC Single
Handshake duration: 345.72 ms
Execution 7 - QUIC Single
Handshake duration: 346.78 ms
Execution 8 - QUIC Single
Handshake duration: 345.75 ms
Execution 9 - QUIC Single
Handshake duration: 348.60 ms
Execution 10 - QUIC Single
Handshake duration: 347.22 ms
Execution 11 - QUIC Single
Handshake duration: 345.85 ms
Execution 12 - QUIC Single
Handshake duration: 345.33 ms
Execution 13 - QUIC Single
Handshake duration: 345.30 ms
Execution 14 - QUIC Single
Handshake duration: 347.50 ms
Execution 15 - QUIC Single
Handshake duration: 345.53 ms
Execution 16 - QUIC Single
Handshake duration: 345.56 ms
Execution 17 - QUIC Single
Handshake duration: 345.47 ms
Execution 18 - QUIC Single
Handshake duration: 345.46 ms
Execution 19 - QUIC Single
Handshake duration: 348.61 ms
Execution 20 - QUIC Single
Handshake duration: 346.18 ms
Execution 21 - QUIC Single
Handshake duration: 345.97 ms
Execution 22 - QUIC Single
Handshake duration: 345.71 ms
Execution 23 - QUIC Single
Handshake duration: 345.74 ms
Execution 24 - QUIC Single
Handshake duration: 351.28 ms
Execution 25 - QUIC Single
Handshake duration: 345.80 ms
Execution 26 - QUIC Single
Handshake duration: 345.28 ms
Execution 27 - QUIC Single
Handshake duration: 345.75 ms
Execution 28 - QUIC Single
Handshake duration: 346.01 ms
Execution 29 - QUIC Single
Handshake duration: 346.09 ms
Execution 30 - QUIC Single
Handshake duration: 351.01 ms
Execution 31 - QUIC Single
Handshake duration: 345.60 ms
Execution 32 - QUIC Single
Handshake duration: 349.42 ms
Execution 33 - QUIC Single
Handshake duration: 347.96 ms
Execution 34 - QUIC Single
Handshake duration: 350.85 ms
Execution 35 - QUIC Single
Handshake duration: 345.48 ms
Execution 36 - QUIC Single
Handshake duration: 345.70 ms
Execution 37 - QUIC Single
Handshake duration: 347.00 ms
Execution 38 - QUIC Single
Handshake duration: 346.03 ms
Execution 39 - QUIC Single
Handshake duration: 350.87 ms
Execution 40 - QUIC Single
Handshake duration: 345.26 ms
Execution 41 - QUIC Single
Handshake duration: 345.34 ms
Execution 42 - QUIC Single
Handshake duration: 350.90 ms
Execution 43 - QUIC Single
Handshake duration: 345.81 ms
Execution 44 - QUIC Single
Handshake duration: 345.94 ms
Execution 45 - QUIC Single
Handshake duration: 346.79 ms
Execution 46 - QUIC Single
Handshake duration: 345.36 ms
Execution 47 - QUIC Single
Handshake duration: 345.62 ms
Execution 48 - QUIC Single
Handshake duration: 960.89 ms
Execution 49 - QUIC Single
Handshake duration: 345.73 ms
Execution 50 - QUIC Single
Handshake duration: 345.71 ms
Execution 51 - QUIC Single
Handshake duration: 351.18 ms
Execution 52 - QUIC Single
Handshake duration: 347.38 ms
Execution 53 - QUIC Single
Handshake duration: 347.11 ms
Execution 54 - QUIC Single
Handshake duration: 345.42 ms
Execution 55 - QUIC Single
Handshake duration: 349.00 ms
Execution 56 - QUIC Single
Handshake duration: 345.45 ms
Execution 57 - QUIC Single
Handshake duration: 347.00 ms
Execution 58 - QUIC Single
Handshake duration: 345.48 ms
Execution 59 - QUIC Single
Handshake duration: 347.37 ms
Execution 60 - QUIC Single
Handshake duration: 345.46 ms
Execution 61 - QUIC Single
Handshake duration: 345.37 ms
Execution 62 - QUIC Single
Handshake duration: 345.50 ms
Execution 63 - QUIC Single
Handshake duration: 345.63 ms
Execution 64 - QUIC Single
Handshake duration: 349.00 ms
Execution 65 - QUIC Single
Handshake duration: 345.82 ms
Execution 66 - QUIC Single
Handshake duration: 345.76 ms
Execution 67 - QUIC Single
Handshake duration: 345.52 ms
Execution 68 - QUIC Single
Handshake duration: 347.39 ms
Execution 69 - QUIC Single
Handshake duration: 345.55 ms
Execution 70 - QUIC Single
Handshake duration: 347.38 ms
Execution 71 - QUIC Single
Handshake duration: 345.80 ms
Execution 72 - QUIC Single
Handshake duration: 345.58 ms
Execution 73 - QUIC Single
Handshake duration: 346.09 ms
Execution 74 - QUIC Single
Handshake duration: 349.21 ms
Execution 75 - QUIC Single
Handshake duration: 351.00 ms
Execution 76 - QUIC Single
Handshake duration: 350.89 ms
Execution 77 - QUIC Single
Handshake duration: 348.82 ms
Execution 78 - QUIC Single
Handshake duration: 348.04 ms
Execution 79 - QUIC Single
Handshake duration: 345.55 ms
Execution 80 - QUIC Single
Handshake duration: 345.38 ms
Execution 81 - QUIC Single
Handshake duration: 345.53 ms
Execution 82 - QUIC Single
Handshake duration: 345.64 ms
Execution 83 - QUIC Single
Handshake duration: 345.51 ms
Execution 84 - QUIC Single
Handshake duration: 345.69 ms
Execution 85 - QUIC Single
Handshake duration: 350.90 ms
Execution 86 - QUIC Single
Handshake duration: 345.61 ms
Execution 87 - QUIC Single
Handshake duration: 345.40 ms
Execution 88 - QUIC Single
Handshake duration: 349.19 ms
Execution 89 - QUIC Single
Handshake duration: 350.71 ms
Execution 90 - QUIC Single
Handshake duration: 346.36 ms
Execution 91 - QUIC Single
Handshake duration: 345.47 ms
Execution 92 - QUIC Single
Handshake duration: 345.46 ms
Execution 93 - QUIC Single
Handshake duration: 345.42 ms
Execution 94 - QUIC Single
Handshake duration: 345.41 ms
Execution 95 - QUIC Single
Handshake duration: 345.34 ms
Execution 96 - QUIC Single
Handshake duration: 345.48 ms
Execution 97 - QUIC Single
Handshake duration: 961.11 ms
Execution 98 - QUIC Single
Handshake duration: 345.46 ms
Execution 99 - QUIC Single
Handshake duration: 345.54 ms
Execution 100 - QUIC Single
Handshake duration: 345.28 ms
Execution 101 - QUIC Single
Handshake duration: 345.71 ms
Execution 102 - QUIC Single
Handshake duration: 345.43 ms
Execution 103 - QUIC Single
Handshake duration: 345.61 ms
Execution 104 - QUIC Single
Handshake duration: 350.92 ms
Execution 105 - QUIC Single
Handshake duration: 351.09 ms
Execution 106 - QUIC Single
Handshake duration: 350.78 ms
Execution 107 - QUIC Single
Handshake duration: 345.53 ms
Execution 108 - QUIC Single
Handshake duration: 350.77 ms
Execution 109 - QUIC Single
Handshake duration: 350.78 ms
Execution 110 - QUIC Single
Handshake duration: 345.93 ms
Execution 111 - QUIC Single
Handshake duration: 345.64 ms
Execution 112 - QUIC Single
Handshake duration: 345.71 ms
Execution 113 - QUIC Single
Handshake duration: 345.58 ms
Execution 114 - QUIC Single
Handshake duration: 345.57 ms
Execution 115 - QUIC Single
Handshake duration: 350.79 ms
Execution 116 - QUIC Single
Handshake duration: 345.45 ms
Execution 117 - QUIC Single
Handshake duration: 345.71 ms
Execution 118 - QUIC Single
Handshake duration: 346.23 ms
Execution 119 - QUIC Single
Handshake duration: 345.36 ms
Execution 120 - QUIC Single
Handshake duration: 345.98 ms
Execution 121 - QUIC Single
Handshake duration: 345.58 ms
Execution 122 - QUIC Single
Handshake duration: 345.52 ms
Execution 123 - QUIC Single
Handshake duration: 2522.81 ms
Execution 124 - QUIC Single
Handshake duration: 345.54 ms
Execution 125 - QUIC Single
Handshake duration: 351.06 ms
