Handshake timeout budget: 150s (identique TLS/QUIC)
Applying netem rules to lo...
Showing qdisc status for the interface: lo
qdisc netem 8563: root refcnt 2 limit 1000 seed 7346629297518709176
 Sent 0 bytes 0 pkt (dropped 0, overlimits 0 requeues 0) 
 backlog 0b 0p requeues 0
Running ./perftestClientTlsQuic.sh with SIG_ALG=ed25519 and KEM_ALG=p256_mlkem512
Execution 1 - QUIC Single
Handshake duration: 358.03 ms
Execution 2 - QUIC Single
Handshake duration: 191.50 ms
Execution 3 - QUIC Single
Handshake duration: 184.13 ms
Execution 4 - QUIC Single
Handshake duration: 191.15 ms
Execution 5 - QUIC Single
Handshake duration: 184.99 ms
Execution 6 - QUIC Single
Handshake duration: 191.75 ms
Execution 7 - QUIC Single
Handshake duration: 182.99 ms
Execution 8 - QUIC Single
Handshake duration: 183.44 ms
Execution 9 - QUIC Single
Handshake duration: 184.38 ms
Execution 10 - QUIC Single
Handshake duration: 190.91 ms
Execution 11 - QUIC Single
Handshake duration: 184.91 ms
Execution 12 - QUIC Single
Handshake duration: 182.35 ms
Execution 13 - QUIC Single
Handshake duration: 182.47 ms
Execution 14 - QUIC Single
Handshake duration: 182.74 ms
Execution 15 - QUIC Single
Handshake duration: 183.33 ms
Execution 16 - QUIC Single
Handshake duration: 1380.40 ms
Execution 17 - QUIC Single
Handshake duration: 185.08 ms
Execution 18 - QUIC Single
Handshake duration: 182.24 ms
Execution 19 - QUIC Single
Handshake duration: 191.71 ms
Execution 20 - QUIC Single
Handshake duration: 182.53 ms
Execution 21 - QUIC Single
Handshake duration: 192.53 ms
Execution 22 - QUIC Single
Handshake duration: 183.24 ms
Execution 23 - QUIC Single
Handshake duration: 183.35 ms
Execution 24 - QUIC Single
Handshake duration: 184.60 ms
Execution 25 - QUIC Single
Handshake duration: 182.98 ms
Execution 26 - QUIC Single
Handshake duration: 183.53 ms
Execution 27 - QUIC Single
Handshake duration: 190.39 ms
Execution 28 - QUIC Single
Handshake duration: 184.28 ms
Execution 29 - QUIC Single
Handshake duration: 182.94 ms
Execution 30 - QUIC Single
Handshake duration: 183.16 ms
Execution 31 - QUIC Single
Handshake duration: 184.98 ms
Execution 32 - QUIC Single
Handshake duration: 182.13 ms
Execution 33 - QUIC Single
Handshake duration: 182.69 ms
Execution 34 - QUIC Single
Handshake duration: 183.49 ms
Execution 35 - QUIC Single
Handshake duration: 183.20 ms
Execution 36 - QUIC Single
Handshake duration: 183.40 ms
Execution 37 - QUIC Single
Handshake duration: 183.08 ms
Execution 38 - QUIC Single
Handshake duration: 182.37 ms
Execution 39 - QUIC Single
Handshake duration: 182.62 ms
Execution 40 - QUIC Single
Handshake duration: 183.03 ms
Execution 41 - QUIC Single
Handshake duration: 183.33 ms
Execution 42 - QUIC Single
Handshake duration: 193.98 ms
Execution 43 - QUIC Single
Handshake duration: 183.04 ms
Execution 44 - QUIC Single
Handshake duration: 183.47 ms
Execution 45 - QUIC Single
Handshake duration: 184.79 ms
Execution 46 - QUIC Single
Handshake duration: 181.40 ms
Execution 47 - QUIC Single
Handshake duration: 183.20 ms
Execution 48 - QUIC Single
Handshake duration: 183.81 ms
Execution 49 - QUIC Single
Handshake duration: 193.26 ms
Execution 50 - QUIC Single
Handshake duration: 194.11 ms
Execution 51 - QUIC Single
Handshake duration: 183.22 ms
Execution 52 - QUIC Single
Handshake duration: 182.49 ms
Execution 53 - QUIC Single
Handshake duration: 182.75 ms
Execution 54 - QUIC Single
Handshake duration: 192.91 ms
Execution 55 - QUIC Single
Handshake duration: 183.09 ms
Execution 56 - QUIC Single
Handshake duration: 182.78 ms
Execution 57 - QUIC Single
Handshake duration: 180.75 ms
Execution 58 - QUIC Single
Handshake duration: 183.34 ms
Execution 59 - QUIC Single
Handshake duration: 183.16 ms
Execution 60 - QUIC Single
Handshake duration: 193.37 ms
Execution 61 - QUIC Single
Handshake duration: 182.78 ms
Execution 62 - QUIC Single
Handshake duration: 1378.01 ms
Execution 63 - QUIC Single
Handshake duration: 189.58 ms
Execution 64 - QUIC Single
Handshake duration: 182.13 ms
Execution 65 - QUIC Single
Handshake duration: 183.54 ms
Execution 66 - QUIC Single
Handshake duration: 183.78 ms
Execution 67 - QUIC Single
Handshake duration: 183.23 ms
Execution 68 - QUIC Single
Handshake duration: 191.31 ms
Execution 69 - QUIC Single
Handshake duration: 193.31 ms
Execution 70 - QUIC Single
Handshake duration: 183.91 ms
Execution 71 - QUIC Single
Handshake duration: 190.51 ms
Execution 72 - QUIC Single
Handshake duration: 182.84 ms
Execution 73 - QUIC Single
Handshake duration: 192.38 ms
Execution 74 - QUIC Single
Handshake duration: 182.56 ms
Execution 75 - QUIC Single
Handshake duration: 182.99 ms
Execution 76 - QUIC Single
Handshake duration: 192.21 ms
Execution 77 - QUIC Single
Handshake duration: 182.69 ms
Execution 78 - QUIC Single
Handshake duration: 182.79 ms
Execution 79 - QUIC Single
Handshake duration: 182.77 ms
Execution 80 - QUIC Single
Handshake duration: 183.68 ms
Execution 81 - QUIC Single
Handshake duration: 183.25 ms
Execution 82 - QUIC Single
Handshake duration: 182.65 ms
Execution 83 - QUIC Single
Handshake duration: 182.28 ms
Execution 84 - QUIC Single
Handshake duration: 182.45 ms
Execution 85 - QUIC Single
Handshake duration: 192.31 ms
Execution 86 - QUIC Single
Handshake duration: 185.54 ms
Execution 87 - QUIC Single
Handshake duration: 182.26 ms
Execution 88 - QUIC Single
Handshake duration: 182.85 ms
Execution 89 - QUIC Single
Handshake duration: 182.21 ms
Execution 90 - QUIC Single
Handshake duration: 183.36 ms
Execution 91 - QUIC Single
Handshake duration: 183.02 ms
Execution 92 - QUIC Single
Handshake duration: 183.49 ms
Execution 93 - QUIC Single
Handshake duration: 182.84 ms
Execution 94 - QUIC Single
Handshake duration: 182.82 ms
Execution 95 - QUIC Single
Handshake duration: 193.03 ms
Execution 96 - QUIC Single
Handshake duration: 184.91 ms
Execution 97 - QUIC Single
Handshake duration: 183.51 ms
Execution 98 - QUIC Single
Handshake duration: 183.43 ms
Execution 99 - QUIC Single
Handshake duration: 182.51 ms
Execution 100 - QUIC Single
Handshake duration: 182.87 ms
Execution 101 - QUIC Single
Handshake duration: 183.04 ms
Execution 102 - QUIC Single
Handshake duration: 183.06 ms
Execution 103 - QUIC Single
Handshake duration: 191.30 ms
Execution 104 - QUIC Single
Handshake duration: 183.87 ms
Execution 105 - QUIC Single
Handshake duration: 183.99 ms
Execution 106 - QUIC Single
Handshake duration: 183.80 ms
Execution 107 - QUIC Single
Handshake duration: 192.77 ms
Execution 108 - QUIC Single
Handshake duration: 183.15 ms
Execution 109 - QUIC Single
Handshake duration: 183.13 ms
Execution 110 - QUIC Single
Handshake duration: 183.59 ms
Execution 111 - QUIC Single
Handshake duration: 183.02 ms
Execution 112 - QUIC Single
Handshake duration: 185.28 ms
Execution 113 - QUIC Single
Handshake duration: 183.06 ms
Execution 114 - QUIC Single
Handshake duration: 183.17 ms
Execution 115 - QUIC Single
Handshake duration: 184.57 ms
Execution 116 - QUIC Single
Handshake duration: 182.34 ms
Execution 117 - QUIC Single
Handshake duration: 184.05 ms
Execution 118 - QUIC Single
Handshake duration: 183.47 ms
Execution 119 - QUIC Single
Handshake duration: 183.74 ms
Execution 120 - QUIC Single
Handshake duration: 182.67 ms
Execution 121 - QUIC Single
Handshake duration: 183.04 ms
Execution 122 - QUIC Single
Handshake duration: 182.98 ms
Execution 123 - QUIC Single
Handshake duration: 182.96 ms
Execution 124 - QUIC Single
Handshake duration: 182.65 ms
Execution 125 - QUIC Single
Handshake duration: 182.39 ms
