timestamp_start=2026-08-22T23:51:59+01:00
protocol=tls auth_mode=single network_profile=stable
n_blocks=4 block_index=2 seed=4001 runs_this_block=125
execution_order:
  1) mldsa44|P-256
  2) ed25519|hqc128
  3) mldsa44|p256_mlkem512
  4) mldsa87|hqc256
  5) secp384r1|hqc192
  6) secp384r1|p384_mlkem768
  7) secp521r1|P-521
  8) ed25519|p256_mlkem512
  9) mldsa65|x448
  10) mldsa44|x25519_hqc128
  11) ed25519|mlkem512
  12) mldsa87|p521_hqc256
  13) mldsa44|x25519_mlkem512
  14) secp521r1|p521_hqc256
  15) ed25519|P-256
  16) secp521r1|hqc256
  17) secp384r1|x448_mlkem768
  18) secp384r1|p384_hqc192
  19) ed25519|x25519_hqc128
  20) mldsa65|mlkem768
  21) ed25519|x25519_mlkem512
  22) secp384r1|mlkem768
  23) secp521r1|p521_mlkem1024
  24) mldsa65|x448_mlkem768
  25) mldsa87|P-521
  26) secp384r1|x448
  27) ed25519|x25519
  28) mldsa44|hqc128
  29) mldsa44|mlkem512
  30) secp521r1|mlkem1024
  31) mldsa87|mlkem1024
  32) secp384r1|P-384
  33) mldsa65|x448_hqc192
  34) secp384r1|x448_hqc192
  35) mldsa44|p256_hqc128
  36) mldsa87|p521_mlkem1024
  37) mldsa65|P-384
  38) mldsa65|p384_mlkem768
  39) ed25519|p256_hqc128
  40) mldsa44|x25519
  41) mldsa65|p384_hqc192
  42) mldsa65|hqc192
timestamp_end=2026-08-23T00:43:13+01:00
