Handshake timeout budget: 150s (identique TLS/QUIC)
Applying netem rules to lo...
Showing qdisc status for the interface: lo
qdisc netem 93dd: root refcnt 2 limit 1000 seed 9398839954762916320
 Sent 0 bytes 0 pkt (dropped 0, overlimits 0 requeues 0) 
 backlog 0b 0p requeues 0
Running ./perftestClientTlsQuic.sh with SIG_ALG=secp521r1 and KEM_ALG=p521_hqc256
Execution 1 - TLS Single
s_connection: verify depth is 1
Handshake duration: 88.36 ms
Execution 2 - TLS Single
s_connection: verify depth is 1
Handshake duration: 257.46 ms
Execution 3 - TLS Single
s_connection: verify depth is 1
Handshake duration: 98.60 ms
Execution 4 - TLS Single
s_connection: verify depth is 1
Handshake duration: 1125.02 ms
Execution 5 - TLS Single
s_connection: verify depth is 1
Handshake duration: 86.11 ms
Execution 6 - TLS Single
s_connection: verify depth is 1
Handshake duration: 85.84 ms
Execution 7 - TLS Single
s_connection: verify depth is 1
Handshake duration: 86.31 ms
Execution 8 - TLS Single
s_connection: verify depth is 1
Handshake duration: 333.20 ms
Execution 9 - TLS Single
s_connection: verify depth is 1
Handshake duration: 89.40 ms
Execution 10 - TLS Single
s_connection: verify depth is 1
Handshake duration: 86.30 ms
Execution 11 - TLS Single
s_connection: verify depth is 1
Handshake duration: 1686.05 ms
Execution 12 - TLS Single
s_connection: verify depth is 1
Handshake duration: 95.44 ms
Execution 13 - TLS Single
s_connection: verify depth is 1
Handshake duration: 1109.53 ms
Execution 14 - TLS Single
s_connection: verify depth is 1
Handshake duration: 86.62 ms
Execution 15 - TLS Single
s_connection: verify depth is 1
Handshake duration: 256.52 ms
Execution 16 - TLS Single
s_connection: verify depth is 1
Handshake duration: 97.16 ms
Execution 17 - TLS Single
s_connection: verify depth is 1
Handshake duration: 708.11 ms
Execution 18 - TLS Single
s_connection: verify depth is 1
Handshake duration: 87.81 ms
Execution 19 - TLS Single
s_connection: verify depth is 1
Handshake duration: 86.10 ms
Execution 20 - TLS Single
s_connection: verify depth is 1
Handshake duration: 85.46 ms
Execution 21 - TLS Single
s_connection: verify depth is 1
Handshake duration: 85.44 ms
Execution 22 - TLS Single
s_connection: verify depth is 1
Handshake duration: 326.88 ms
Execution 23 - TLS Single
s_connection: verify depth is 1
Handshake duration: 1298.07 ms
Execution 24 - TLS Single
s_connection: verify depth is 1
Handshake duration: 475.99 ms
Execution 25 - TLS Single
s_connection: verify depth is 1
Handshake duration: 339.39 ms
Execution 26 - TLS Single
s_connection: verify depth is 1
Handshake duration: 87.07 ms
Execution 27 - TLS Single
s_connection: verify depth is 1
Handshake duration: 1572.34 ms
Execution 28 - TLS Single
s_connection: verify depth is 1
Handshake duration: 1117.70 ms
Execution 29 - TLS Single
s_connection: verify depth is 1
Handshake duration: 327.58 ms
Execution 30 - TLS Single
s_connection: verify depth is 1
Handshake duration: 86.69 ms
Execution 31 - TLS Single
s_connection: verify depth is 1
Handshake duration: 3013.82 ms
Execution 32 - TLS Single
s_connection: verify depth is 1
Handshake duration: 87.40 ms
Execution 33 - TLS Single
s_connection: verify depth is 1
Handshake duration: 85.97 ms
Execution 34 - TLS Single
s_connection: verify depth is 1
Handshake duration: 258.91 ms
Execution 35 - TLS Single
s_connection: verify depth is 1
Handshake duration: 1186.30 ms
Execution 36 - TLS Single
s_connection: verify depth is 1
Handshake duration: 1120.48 ms
Execution 37 - TLS Single
s_connection: verify depth is 1
Handshake duration: 1134.25 ms
Execution 38 - TLS Single
s_connection: verify depth is 1
Handshake duration: 86.26 ms
Execution 39 - TLS Single
s_connection: verify depth is 1
Handshake duration: 86.15 ms
Execution 40 - TLS Single
s_connection: verify depth is 1
Handshake duration: 85.65 ms
Execution 41 - TLS Single
s_connection: verify depth is 1
Handshake duration: 86.47 ms
Execution 42 - TLS Single
s_connection: verify depth is 1
Handshake duration: 85.92 ms
Execution 43 - TLS Single
s_connection: verify depth is 1
Handshake duration: 86.13 ms
Execution 44 - TLS Single
s_connection: verify depth is 1
Handshake duration: 330.64 ms
Execution 45 - TLS Single
s_connection: verify depth is 1
Handshake duration: 86.82 ms
Execution 46 - TLS Single
s_connection: verify depth is 1
Handshake duration: 86.75 ms
Execution 47 - TLS Single
s_connection: verify depth is 1
Handshake duration: 263.86 ms
Execution 48 - TLS Single
s_connection: verify depth is 1
Handshake duration: 745.31 ms
Execution 49 - TLS Single
s_connection: verify depth is 1
Handshake duration: 87.48 ms
Execution 50 - TLS Single
s_connection: verify depth is 1
Handshake duration: 85.88 ms
Execution 51 - TLS Single
s_connection: verify depth is 1
Handshake duration: 2179.28 ms
Execution 52 - TLS Single
s_connection: verify depth is 1
Handshake duration: 257.88 ms
Execution 53 - TLS Single
s_connection: verify depth is 1
Handshake duration: 269.94 ms
Execution 54 - TLS Single
s_connection: verify depth is 1
Handshake duration: 340.41 ms
Execution 55 - TLS Single
s_connection: verify depth is 1
Handshake duration: 335.43 ms
Execution 56 - TLS Single
s_connection: verify depth is 1
Handshake duration: 85.89 ms
Execution 57 - TLS Single
s_connection: verify depth is 1
Handshake duration: 333.95 ms
Execution 58 - TLS Single
s_connection: verify depth is 1
Handshake duration: 86.10 ms
Execution 59 - TLS Single
s_connection: verify depth is 1
Handshake duration: 85.95 ms
Execution 60 - TLS Single
s_connection: verify depth is 1
Handshake duration: 260.91 ms
Execution 61 - TLS Single
s_connection: verify depth is 1
Handshake duration: 1130.37 ms
Execution 62 - TLS Single
s_connection: verify depth is 1
Handshake duration: 86.68 ms
Execution 63 - TLS Single
s_connection: verify depth is 1
Handshake duration: 87.74 ms
Execution 64 - TLS Single
s_connection: verify depth is 1
Handshake duration: 1118.09 ms
Execution 65 - TLS Single
s_connection: verify depth is 1
Handshake duration: 87.11 ms
Execution 66 - TLS Single
s_connection: verify depth is 1
Handshake duration: 712.65 ms
Execution 67 - TLS Single
s_connection: verify depth is 1
Handshake duration: 258.77 ms
Execution 68 - TLS Single
s_connection: verify depth is 1
Handshake duration: 93.16 ms
Execution 69 - TLS Single
s_connection: verify depth is 1
Handshake duration: 470.41 ms
Execution 70 - TLS Single
s_connection: verify depth is 1
Handshake duration: 1996.61 ms
Execution 71 - TLS Single
s_connection: verify depth is 1
Handshake duration: 86.85 ms
Execution 72 - TLS Single
s_connection: verify depth is 1
Handshake duration: 1550.44 ms
Execution 73 - TLS Single
s_connection: verify depth is 1
Handshake duration: 88.61 ms
Execution 74 - TLS Single
s_connection: verify depth is 1
Handshake duration: 85.74 ms
Execution 75 - TLS Single
s_connection: verify depth is 1
Handshake duration: 514.10 ms
Execution 76 - TLS Single
s_connection: verify depth is 1
Handshake duration: 87.11 ms
Execution 77 - TLS Single
s_connection: verify depth is 1
Handshake duration: 1281.72 ms
Execution 78 - TLS Single
s_connection: verify depth is 1
Handshake duration: 277.12 ms
Execution 79 - TLS Single
s_connection: verify depth is 1
Handshake duration: 97.93 ms
Execution 80 - TLS Single
s_connection: verify depth is 1
Handshake duration: 86.06 ms
Execution 81 - TLS Single
s_connection: verify depth is 1
Handshake duration: 1541.59 ms
Execution 82 - TLS Single
s_connection: verify depth is 1
Handshake duration: 259.27 ms
Execution 83 - TLS Single
s_connection: verify depth is 1
Handshake duration: 93.41 ms
Execution 84 - TLS Single
s_connection: verify depth is 1
Handshake duration: 85.75 ms
Execution 85 - TLS Single
s_connection: verify depth is 1
Handshake duration: 1380.35 ms
Execution 86 - TLS Single
s_connection: verify depth is 1
Handshake duration: 87.09 ms
Execution 87 - TLS Single
s_connection: verify depth is 1
Handshake duration: 85.90 ms
Execution 88 - TLS Single
s_connection: verify depth is 1
Handshake duration: 85.58 ms
Execution 89 - TLS Single
s_connection: verify depth is 1
Handshake duration: 85.63 ms
Execution 90 - TLS Single
s_connection: verify depth is 1
Handshake duration: 86.69 ms
Execution 91 - TLS Single
s_connection: verify depth is 1
Handshake duration: 1781.61 ms
Execution 92 - TLS Single
s_connection: verify depth is 1
Handshake duration: 87.77 ms
Execution 93 - TLS Single
s_connection: verify depth is 1
Handshake duration: 94.40 ms
Execution 94 - TLS Single
s_connection: verify depth is 1
Handshake duration: 85.53 ms
Execution 95 - TLS Single
s_connection: verify depth is 1
Handshake duration: 1164.96 ms
Execution 96 - TLS Single
s_connection: verify depth is 1
Handshake duration: 85.81 ms
Execution 97 - TLS Single
s_connection: verify depth is 1
Handshake duration: 85.51 ms
Execution 98 - TLS Single
s_connection: verify depth is 1
Handshake duration: 85.56 ms
Execution 99 - TLS Single
s_connection: verify depth is 1
Handshake duration: 88.74 ms
Execution 100 - TLS Single
s_connection: verify depth is 1
Handshake duration: 86.03 ms
Execution 101 - TLS Single
s_connection: verify depth is 1
Handshake duration: 263.30 ms
Execution 102 - TLS Single
s_connection: verify depth is 1
Handshake duration: 270.50 ms
Execution 103 - TLS Single
s_connection: verify depth is 1
Handshake duration: 1130.15 ms
Execution 104 - TLS Single
s_connection: verify depth is 1
Handshake duration: 86.03 ms
Execution 105 - TLS Single
s_connection: verify depth is 1
Handshake duration: 85.63 ms
Execution 106 - TLS Single
s_connection: verify depth is 1
Handshake duration: 2178.51 ms
Execution 107 - TLS Single
s_connection: verify depth is 1
Handshake duration: 334.03 ms
Execution 108 - TLS Single
s_connection: verify depth is 1
Handshake duration: 259.68 ms
Execution 109 - TLS Single
s_connection: verify depth is 1
Handshake duration: 1133.76 ms
Execution 110 - TLS Single
s_connection: verify depth is 1
Handshake duration: 260.82 ms
Execution 111 - TLS Single
s_connection: verify depth is 1
Handshake duration: 104.92 ms
Execution 112 - TLS Single
s_connection: verify depth is 1
Handshake duration: 265.54 ms
Execution 113 - TLS Single
s_connection: verify depth is 1
Handshake duration: 93.99 ms
Execution 114 - TLS Single
s_connection: verify depth is 1
Handshake duration: 85.90 ms
Execution 115 - TLS Single
s_connection: verify depth is 1
Handshake duration: 85.86 ms
Execution 116 - TLS Single
s_connection: verify depth is 1
Handshake duration: 90.22 ms
Execution 117 - TLS Single
s_connection: verify depth is 1
Handshake duration: 88.01 ms
Execution 118 - TLS Single
s_connection: verify depth is 1
Handshake duration: 88.65 ms
Execution 119 - TLS Single
s_connection: verify depth is 1
Handshake duration: 259.50 ms
Execution 120 - TLS Single
s_connection: verify depth is 1
Handshake duration: 98.41 ms
Execution 121 - TLS Single
s_connection: verify depth is 1
Handshake duration: 86.08 ms
Execution 122 - TLS Single
s_connection: verify depth is 1
Handshake duration: 86.13 ms
Execution 123 - TLS Single
s_connection: verify depth is 1
Handshake duration: 3401.86 ms
Execution 124 - TLS Single
s_connection: verify depth is 1
Handshake duration: 93.06 ms
Execution 125 - TLS Single
s_connection: verify depth is 1
Handshake duration: 873.50 ms
