Applying netem rules to lo...
Showing qdisc status for the interface: lo
qdisc netem 8501: root refcnt 2 limit 1000 seed 15439900727106175644
 Sent 0 bytes 0 pkt (dropped 0, overlimits 0 requeues 0) 
 backlog 0b 0p requeues 0
Running ./perftestClientTlsQuic.sh with SIG_ALG=mldsa65 and KEM_ALG=p384_hqc192
Execution 1 - TLS Single
s_connection: verify depth is 1
Handshake duration: 649.33 ms
Execution 2 - TLS Single
s_connection: verify depth is 1
Handshake duration: 60.34 ms
Execution 3 - TLS Single
s_connection: verify depth is 1
Handshake duration: 49.48 ms
Execution 4 - TLS Single
s_connection: verify depth is 1
Handshake duration: 231.96 ms
Execution 5 - TLS Single
s_connection: verify depth is 1
Handshake duration: 59.09 ms
Execution 6 - TLS Single
s_connection: verify depth is 1
Handshake duration: 49.87 ms
Execution 7 - TLS Single
s_connection: verify depth is 1
Handshake duration: 234.09 ms
Execution 8 - TLS Single
s_connection: verify depth is 1
Handshake duration: 54.00 ms
Execution 9 - TLS Single
s_connection: verify depth is 1
Handshake duration: 50.69 ms
Execution 10 - TLS Single
s_connection: verify depth is 1
Handshake duration: 235.98 ms
Execution 11 - TLS Single
s_connection: verify depth is 1
Handshake duration: 258.11 ms
Execution 12 - TLS Single
s_connection: verify depth is 1
Handshake duration: 1094.93 ms
Execution 13 - TLS Single
s_connection: verify depth is 1
Handshake duration: 1095.58 ms
Execution 14 - TLS Single
s_connection: verify depth is 1
Handshake duration: 237.05 ms
Execution 15 - TLS Single
s_connection: verify depth is 1
Handshake duration: 56.37 ms
Execution 16 - TLS Single
s_connection: verify depth is 1
Handshake duration: 49.51 ms
Execution 17 - TLS Single
s_connection: verify depth is 1
Handshake duration: 49.38 ms
Execution 18 - TLS Single
s_connection: verify depth is 1
Handshake duration: 1267.58 ms
Execution 19 - TLS Single
s_connection: verify depth is 1
Handshake duration: 65.96 ms
Execution 20 - TLS Single
s_connection: verify depth is 1
Handshake duration: 1125.33 ms
Execution 21 - TLS Single
s_connection: verify depth is 1
Handshake duration: 266.40 ms
Execution 22 - TLS Single
s_connection: verify depth is 1
Handshake duration: 1099.48 ms
Execution 23 - TLS Single
s_connection: verify depth is 1
Handshake duration: 699.09 ms
Execution 24 - TLS Single
s_connection: verify depth is 1
Handshake duration: 2097.89 ms
Execution 25 - TLS Single
s_connection: verify depth is 1
Handshake duration: 1908.25 ms
Execution 26 - TLS Single
s_connection: verify depth is 1
Handshake duration: 1107.35 ms
Execution 27 - TLS Single
s_connection: verify depth is 1
Handshake duration: 1326.06 ms
Execution 28 - TLS Single
s_connection: verify depth is 1
Handshake duration: 60.33 ms
Execution 29 - TLS Single
s_connection: verify depth is 1
Handshake duration: 1124.28 ms
Execution 30 - TLS Single
s_connection: verify depth is 1
Handshake duration: 240.25 ms
Execution 31 - TLS Single
s_connection: verify depth is 1
Handshake duration: 1127.58 ms
Execution 32 - TLS Single
s_connection: verify depth is 1
Handshake duration: 1144.13 ms
Execution 33 - TLS Single
s_connection: verify depth is 1
Handshake duration: 239.07 ms
Execution 34 - TLS Single
s_connection: verify depth is 1
Handshake duration: 256.69 ms
Execution 35 - TLS Single
s_connection: verify depth is 1
Handshake duration: 247.25 ms
Execution 36 - TLS Single
s_connection: verify depth is 1
Handshake duration: 65.38 ms
Execution 37 - TLS Single
s_connection: verify depth is 1
Handshake duration: 1125.09 ms
Execution 38 - TLS Single
s_connection: verify depth is 1
Handshake duration: 49.74 ms
Execution 39 - TLS Single
s_connection: verify depth is 1
Handshake duration: 49.26 ms
Execution 40 - TLS Single
s_connection: verify depth is 1
Handshake duration: 49.78 ms
Execution 41 - TLS Single
s_connection: verify depth is 1
Handshake duration: 49.63 ms
Execution 42 - TLS Single
s_connection: verify depth is 1
Handshake duration: 231.86 ms
Execution 43 - TLS Single
s_connection: verify depth is 1
Handshake duration: 716.52 ms
Execution 44 - TLS Single
s_connection: verify depth is 1
Handshake duration: 234.22 ms
Execution 45 - TLS Single
s_connection: verify depth is 1
Handshake duration: 71.10 ms
Execution 46 - TLS Single
s_connection: verify depth is 1
Handshake duration: 49.86 ms
Execution 47 - TLS Single
s_connection: verify depth is 1
Handshake duration: 49.68 ms
Execution 48 - TLS Single
s_connection: verify depth is 1
Handshake duration: 49.65 ms
Execution 49 - TLS Single
s_connection: verify depth is 1
Handshake duration: 236.35 ms
Execution 50 - TLS Single
s_connection: verify depth is 1
Handshake duration: 64.78 ms
Execution 51 - TLS Single
s_connection: verify depth is 1
Handshake duration: 53.77 ms
Execution 52 - TLS Single
s_connection: verify depth is 1
Handshake duration: 2122.42 ms
Execution 53 - TLS Single
s_connection: verify depth is 1
Handshake duration: 49.72 ms
Execution 54 - TLS Single
s_connection: verify depth is 1
Handshake duration: 49.70 ms
Execution 55 - TLS Single
s_connection: verify depth is 1
Handshake duration: 1260.31 ms
Execution 56 - TLS Single
s_connection: verify depth is 1
Handshake duration: 854.90 ms
Execution 57 - TLS Single
s_connection: verify depth is 1
Handshake duration: 56.63 ms
Execution 58 - TLS Single
s_connection: verify depth is 1
Handshake duration: 49.43 ms
Execution 59 - TLS Single
s_connection: verify depth is 1
Handshake duration: 49.64 ms
Execution 60 - TLS Single
s_connection: verify depth is 1
Handshake duration: 49.45 ms
Execution 61 - TLS Single
s_connection: verify depth is 1
Handshake duration: 53.34 ms
Execution 62 - TLS Single
s_connection: verify depth is 1
Handshake duration: 49.92 ms
Execution 63 - TLS Single
s_connection: verify depth is 1
Handshake duration: 1706.44 ms
Execution 64 - TLS Single
s_connection: verify depth is 1
Handshake duration: 50.07 ms
Execution 65 - TLS Single
s_connection: verify depth is 1
Handshake duration: 235.76 ms
Execution 66 - TLS Single
s_connection: verify depth is 1
Handshake duration: 59.55 ms
Execution 67 - TLS Single
s_connection: verify depth is 1
Handshake duration: 49.72 ms
Execution 68 - TLS Single
s_connection: verify depth is 1
Handshake duration: 50.15 ms
Execution 69 - TLS Single
s_connection: verify depth is 1
Handshake duration: 49.77 ms
Execution 70 - TLS Single
s_connection: verify depth is 1
Handshake duration: 53.17 ms
Execution 71 - TLS Single
s_connection: verify depth is 1
Handshake duration: 50.00 ms
Execution 72 - TLS Single
s_connection: verify depth is 1
Handshake duration: 236.73 ms
Execution 73 - TLS Single
s_connection: verify depth is 1
Handshake duration: 57.25 ms
Execution 74 - TLS Single
s_connection: verify depth is 1
Handshake duration: 49.78 ms
Execution 75 - TLS Single
s_connection: verify depth is 1
Handshake duration: 49.69 ms
Execution 76 - TLS Single
s_connection: verify depth is 1
Handshake duration: 232.69 ms
Execution 77 - TLS Single
s_connection: verify depth is 1
Handshake duration: 1103.47 ms
Execution 78 - TLS Single
s_connection: verify depth is 1
Handshake duration: 49.72 ms
Execution 79 - TLS Single
s_connection: verify depth is 1
Handshake duration: 49.38 ms
Execution 80 - TLS Single
s_connection: verify depth is 1
Handshake duration: 49.67 ms
Execution 81 - TLS Single
s_connection: verify depth is 1
Handshake duration: 49.66 ms
Execution 82 - TLS Single
s_connection: verify depth is 1
Handshake duration: 1926.49 ms
Execution 83 - TLS Single
s_connection: verify depth is 1
Handshake duration: 1078.34 ms
Execution 84 - TLS Single
s_connection: verify depth is 1
Handshake duration: 465.88 ms
Execution 85 - TLS Single
s_connection: verify depth is 1
Handshake duration: 248.88 ms
Execution 86 - TLS Single
s_connection: verify depth is 1
Handshake duration: 1098.76 ms
Execution 87 - TLS Single
s_connection: verify depth is 1
Handshake duration: 2083.23 ms
Execution 88 - TLS Single
s_connection: verify depth is 1
Handshake duration: 62.14 ms
Execution 89 - TLS Single
s_connection: verify depth is 1
Handshake duration: 644.06 ms
Execution 90 - TLS Single
s_connection: verify depth is 1
Handshake duration: 58.41 ms
Execution 91 - TLS Single
s_connection: verify depth is 1
Handshake duration: 1324.45 ms
Execution 92 - TLS Single
s_connection: verify depth is 1
Handshake duration: 60.61 ms
Execution 93 - TLS Single
s_connection: verify depth is 1
Handshake duration: 1560.30 ms
Execution 94 - TLS Single
s_connection: verify depth is 1
Handshake duration: 49.76 ms
Execution 95 - TLS Single
s_connection: verify depth is 1
Handshake duration: 851.07 ms
Execution 96 - TLS Single
s_connection: verify depth is 1
Handshake duration: 245.46 ms
Execution 97 - TLS Single
s_connection: verify depth is 1
Handshake duration: 66.38 ms
Execution 98 - TLS Single
s_connection: verify depth is 1
Handshake duration: 49.62 ms
Execution 99 - TLS Single
s_connection: verify depth is 1
Handshake duration: 261.23 ms
Execution 100 - TLS Single
s_connection: verify depth is 1
Handshake duration: 57.76 ms
Execution 101 - TLS Single
s_connection: verify depth is 1
Handshake duration: 655.33 ms
Execution 102 - TLS Single
s_connection: verify depth is 1
Handshake duration: 3112.33 ms
Execution 103 - TLS Single
s_connection: verify depth is 1
Handshake duration: 49.75 ms
Execution 104 - TLS Single
s_connection: verify depth is 1
Handshake duration: 3134.12 ms
Execution 105 - TLS Single
s_connection: verify depth is 1
Handshake duration: 50.36 ms
Execution 106 - TLS Single
s_connection: verify depth is 1
Handshake duration: 3335.80 ms
Execution 107 - TLS Single
s_connection: verify depth is 1
Handshake duration: 58.82 ms
Execution 108 - TLS Single
s_connection: verify depth is 1
Handshake duration: 49.46 ms
Execution 109 - TLS Single
s_connection: verify depth is 1
Handshake duration: 49.74 ms
Execution 110 - TLS Single
s_connection: verify depth is 1
Handshake duration: 49.61 ms
Execution 111 - TLS Single
s_connection: verify depth is 1
Handshake duration: 49.79 ms
Execution 112 - TLS Single
s_connection: verify depth is 1
Handshake duration: 1062.62 ms
Execution 113 - TLS Single
s_connection: verify depth is 1
Handshake duration: 54.41 ms
Execution 114 - TLS Single
s_connection: verify depth is 1
Handshake duration: 49.55 ms
Execution 115 - TLS Single
s_connection: verify depth is 1
Handshake duration: 852.44 ms
Execution 116 - TLS Single
s_connection: verify depth is 1
Handshake duration: 301.24 ms
Execution 117 - TLS Single
s_connection: verify depth is 1
Handshake duration: 49.89 ms
Execution 118 - TLS Single
s_connection: verify depth is 1
Handshake duration: 49.87 ms
Execution 119 - TLS Single
s_connection: verify depth is 1
Handshake duration: 49.67 ms
Execution 120 - TLS Single
s_connection: verify depth is 1
Handshake duration: 852.20 ms
Execution 121 - TLS Single
s_connection: verify depth is 1
Handshake duration: 451.20 ms
Execution 122 - TLS Single
s_connection: verify depth is 1
Handshake duration: 246.64 ms
Execution 123 - TLS Single
s_connection: verify depth is 1
Handshake duration: 56.12 ms
Execution 124 - TLS Single
s_connection: verify depth is 1
Handshake duration: 49.73 ms
Execution 125 - TLS Single
s_connection: verify depth is 1
Handshake duration: 50.68 ms
Execution 126 - TLS Single
s_connection: verify depth is 1
Handshake duration: 49.41 ms
Execution 127 - TLS Single
s_connection: verify depth is 1
Handshake duration: 1306.43 ms
Execution 128 - TLS Single
s_connection: verify depth is 1
Handshake duration: 1099.36 ms
Execution 129 - TLS Single
s_connection: verify depth is 1
Handshake duration: 49.42 ms
Execution 130 - TLS Single
s_connection: verify depth is 1
Handshake duration: 49.91 ms
Execution 131 - TLS Single
s_connection: verify depth is 1
Handshake duration: 234.22 ms
Execution 132 - TLS Single
s_connection: verify depth is 1
Handshake duration: 67.95 ms
Execution 133 - TLS Single
s_connection: verify depth is 1
Handshake duration: 1110.51 ms
Execution 134 - TLS Single
s_connection: verify depth is 1
Handshake duration: 51.61 ms
Execution 135 - TLS Single
s_connection: verify depth is 1
Handshake duration: 1321.90 ms
Execution 136 - TLS Single
s_connection: verify depth is 1
Handshake duration: 53.15 ms
Execution 137 - TLS Single
s_connection: verify depth is 1
Handshake duration: 239.78 ms
Execution 138 - TLS Single
s_connection: verify depth is 1
Handshake duration: 69.10 ms
Execution 139 - TLS Single
s_connection: verify depth is 1
Handshake duration: 243.75 ms
Execution 140 - TLS Single
s_connection: verify depth is 1
Handshake duration: 1122.57 ms
Execution 141 - TLS Single
s_connection: verify depth is 1
Handshake duration: 53.38 ms
Execution 142 - TLS Single
s_connection: verify depth is 1
Handshake duration: 240.17 ms
Execution 143 - TLS Single
s_connection: verify depth is 1
Handshake duration: 64.09 ms
Execution 144 - TLS Single
s_connection: verify depth is 1
Handshake duration: 49.73 ms
Execution 145 - TLS Single
s_connection: verify depth is 1
Handshake duration: 49.31 ms
Execution 146 - TLS Single
s_connection: verify depth is 1
Handshake duration: 49.70 ms
Execution 147 - TLS Single
s_connection: verify depth is 1
Handshake duration: 232.91 ms
Execution 148 - TLS Single
s_connection: verify depth is 1
Handshake duration: 60.72 ms
Execution 149 - TLS Single
s_connection: verify depth is 1
Handshake duration: 444.93 ms
Execution 150 - TLS Single
s_connection: verify depth is 1
Handshake duration: 2367.64 ms
Execution 151 - TLS Single
s_connection: verify depth is 1
Handshake duration: 56.60 ms
Execution 152 - TLS Single
s_connection: verify depth is 1
Handshake duration: 3741.26 ms
Execution 153 - TLS Single
s_connection: verify depth is 1
Handshake duration: 1679.15 ms
Execution 154 - TLS Single
s_connection: verify depth is 1
Handshake duration: 260.70 ms
Execution 155 - TLS Single
s_connection: verify depth is 1
Handshake duration: 65.92 ms
Execution 156 - TLS Single
s_connection: verify depth is 1
Handshake duration: 50.00 ms
Execution 157 - TLS Single
s_connection: verify depth is 1
Handshake duration: 49.61 ms
Execution 158 - TLS Single
s_connection: verify depth is 1
Handshake duration: 49.51 ms
Execution 159 - TLS Single
s_connection: verify depth is 1
Handshake duration: 699.49 ms
Execution 160 - TLS Single
s_connection: verify depth is 1
Handshake duration: 235.45 ms
Execution 161 - TLS Single
s_connection: verify depth is 1
Handshake duration: 74.72 ms
Execution 162 - TLS Single
s_connection: verify depth is 1
Handshake duration: 51.02 ms
Execution 163 - TLS Single
s_connection: verify depth is 1
Handshake duration: 51.20 ms
Execution 164 - TLS Single
s_connection: verify depth is 1
Handshake duration: 2161.73 ms
Execution 165 - TLS Single
s_connection: verify depth is 1
Handshake duration: 237.77 ms
Execution 166 - TLS Single
s_connection: verify depth is 1
Handshake duration: 68.57 ms
Execution 167 - TLS Single
s_connection: verify depth is 1
Handshake duration: 644.18 ms
Execution 168 - TLS Single
s_connection: verify depth is 1
Handshake duration: 2097.97 ms
Execution 169 - TLS Single
s_connection: verify depth is 1
Handshake duration: 52.61 ms
Execution 170 - TLS Single
s_connection: verify depth is 1
Handshake duration: 1502.51 ms
Execution 171 - TLS Single
s_connection: verify depth is 1
Handshake duration: 65.15 ms
Execution 172 - TLS Single
s_connection: verify depth is 1
Handshake duration: 49.80 ms
Execution 173 - TLS Single
s_connection: verify depth is 1
Handshake duration: 49.75 ms
Execution 174 - TLS Single
s_connection: verify depth is 1
Handshake duration: 468.67 ms
Execution 175 - TLS Single
s_connection: verify depth is 1
Handshake duration: 53.73 ms
Execution 176 - TLS Single
s_connection: verify depth is 1
Handshake duration: 49.45 ms
Execution 177 - TLS Single
s_connection: verify depth is 1
Handshake duration: 49.83 ms
Execution 178 - TLS Single
s_connection: verify depth is 1
Handshake duration: 49.70 ms
Execution 179 - TLS Single
s_connection: verify depth is 1
Handshake duration: 49.61 ms
Execution 180 - TLS Single
s_connection: verify depth is 1
Handshake duration: 49.61 ms
Execution 181 - TLS Single
s_connection: verify depth is 1
Handshake duration: 50.26 ms
Execution 182 - TLS Single
s_connection: verify depth is 1
Handshake duration: 49.65 ms
Execution 183 - TLS Single
s_connection: verify depth is 1
Handshake duration: 290.55 ms
Execution 184 - TLS Single
s_connection: verify depth is 1
Handshake duration: 49.74 ms
Execution 185 - TLS Single
s_connection: verify depth is 1
Handshake duration: 232.04 ms
Execution 186 - TLS Single
s_connection: verify depth is 1
Handshake duration: 456.16 ms
Execution 187 - TLS Single
s_connection: verify depth is 1
Handshake duration: 301.59 ms
Execution 188 - TLS Single
s_connection: verify depth is 1
Handshake duration: 1092.85 ms
Execution 189 - TLS Single
s_connection: verify depth is 1
Handshake duration: 237.05 ms
Execution 190 - TLS Single
s_connection: verify depth is 1
Handshake duration: 58.10 ms
Execution 191 - TLS Single
s_connection: verify depth is 1
Handshake duration: 902.11 ms
Execution 192 - TLS Single
s_connection: verify depth is 1
Handshake duration: 236.24 ms
Execution 193 - TLS Single
s_connection: verify depth is 1
Handshake duration: 74.29 ms
Execution 194 - TLS Single
s_connection: verify depth is 1
Handshake duration: 647.12 ms
Execution 195 - TLS Single
s_connection: verify depth is 1
Handshake duration: 68.94 ms
Execution 196 - TLS Single
s_connection: verify depth is 1
Handshake duration: 49.95 ms
Execution 197 - TLS Single
s_connection: verify depth is 1
Handshake duration: 1354.38 ms
Execution 198 - TLS Single
s_connection: verify depth is 1
Handshake duration: 49.91 ms
Execution 199 - TLS Single
s_connection: verify depth is 1
Handshake duration: 49.48 ms
Execution 200 - TLS Single
s_connection: verify depth is 1
Handshake duration: 50.38 ms
Execution 201 - TLS Single
s_connection: verify depth is 1
Handshake duration: 1141.54 ms
Execution 202 - TLS Single
s_connection: verify depth is 1
Handshake duration: 51.63 ms
Execution 203 - TLS Single
s_connection: verify depth is 1
Handshake duration: 293.23 ms
Execution 204 - TLS Single
s_connection: verify depth is 1
Handshake duration: 50.03 ms
Execution 205 - TLS Single
s_connection: verify depth is 1
Handshake duration: 50.32 ms
Execution 206 - TLS Single
s_connection: verify depth is 1
Handshake duration: 49.95 ms
Execution 207 - TLS Single
s_connection: verify depth is 1
Handshake duration: 234.79 ms
Execution 208 - TLS Single
s_connection: verify depth is 1
Handshake duration: 299.50 ms
Execution 209 - TLS Single
s_connection: verify depth is 1
Handshake duration: 1093.17 ms
Execution 210 - TLS Single
s_connection: verify depth is 1
Handshake duration: 51.37 ms
Execution 211 - TLS Single
s_connection: verify depth is 1
Handshake duration: 49.71 ms
Execution 212 - TLS Single
s_connection: verify depth is 1
Handshake duration: 236.30 ms
Execution 213 - TLS Single
s_connection: verify depth is 1
Handshake duration: 889.87 ms
Execution 214 - TLS Single
s_connection: verify depth is 1
Handshake duration: 51.08 ms
Execution 215 - TLS Single
s_connection: verify depth is 1
Handshake duration: 49.68 ms
Execution 216 - TLS Single
s_connection: verify depth is 1
Handshake duration: 49.35 ms
Execution 217 - TLS Single
s_connection: verify depth is 1
Handshake duration: 49.97 ms
Execution 218 - TLS Single
s_connection: verify depth is 1
Handshake duration: 234.21 ms
Execution 219 - TLS Single
s_connection: verify depth is 1
Handshake duration: 247.26 ms
Execution 220 - TLS Single
s_connection: verify depth is 1
Handshake duration: 1772.90 ms
Execution 221 - TLS Single
s_connection: verify depth is 1
Handshake duration: 243.53 ms
Execution 222 - TLS Single
s_connection: verify depth is 1
Handshake duration: 63.68 ms
Execution 223 - TLS Single
s_connection: verify depth is 1
Handshake duration: 49.71 ms
Execution 224 - TLS Single
s_connection: verify depth is 1
Handshake duration: 49.57 ms
Execution 225 - TLS Single
s_connection: verify depth is 1
Handshake duration: 49.92 ms
Execution 226 - TLS Single
s_connection: verify depth is 1
Handshake duration: 50.09 ms
Execution 227 - TLS Single
s_connection: verify depth is 1
Handshake duration: 239.78 ms
Execution 228 - TLS Single
s_connection: verify depth is 1
Handshake duration: 60.05 ms
Execution 229 - TLS Single
s_connection: verify depth is 1
Handshake duration: 49.89 ms
Execution 230 - TLS Single
s_connection: verify depth is 1
Handshake duration: 49.64 ms
Execution 231 - TLS Single
s_connection: verify depth is 1
Handshake duration: 1327.14 ms
Execution 232 - TLS Single
s_connection: verify depth is 1
Handshake duration: 65.90 ms
Execution 233 - TLS Single
s_connection: verify depth is 1
Handshake duration: 53.01 ms
Execution 234 - TLS Single
s_connection: verify depth is 1
Handshake duration: 1878.84 ms
Execution 235 - TLS Single
s_connection: verify depth is 1
Handshake duration: 690.53 ms
Execution 236 - TLS Single
s_connection: verify depth is 1
Handshake duration: 1327.71 ms
Execution 237 - TLS Single
s_connection: verify depth is 1
Handshake duration: 1062.87 ms
Execution 238 - TLS Single
s_connection: verify depth is 1
Handshake duration: 77.86 ms
Execution 239 - TLS Single
s_connection: verify depth is 1
Handshake duration: 51.90 ms
Execution 240 - TLS Single
s_connection: verify depth is 1
Handshake duration: 50.02 ms
Execution 241 - TLS Single
s_connection: verify depth is 1
Handshake duration: 694.86 ms
Execution 242 - TLS Single
s_connection: verify depth is 1
Handshake duration: 1359.72 ms
Execution 243 - TLS Single
s_connection: verify depth is 1
Handshake duration: 53.12 ms
Execution 244 - TLS Single
s_connection: verify depth is 1
Handshake duration: 49.69 ms
Execution 245 - TLS Single
s_connection: verify depth is 1
Handshake duration: 49.71 ms
Execution 246 - TLS Single
s_connection: verify depth is 1
Handshake duration: 49.61 ms
Execution 247 - TLS Single
s_connection: verify depth is 1
Handshake duration: 49.98 ms
Execution 248 - TLS Single
s_connection: verify depth is 1
Handshake duration: 49.70 ms
Execution 249 - TLS Single
s_connection: verify depth is 1
Handshake duration: 49.49 ms
Execution 250 - TLS Single
s_connection: verify depth is 1
Handshake duration: 49.88 ms
Execution 251 - TLS Single
s_connection: verify depth is 1
Handshake duration: 49.54 ms
Execution 252 - TLS Single
s_connection: verify depth is 1
Handshake duration: 441.20 ms
Execution 253 - TLS Single
s_connection: verify depth is 1
Handshake duration: 51.08 ms
Execution 254 - TLS Single
s_connection: verify depth is 1
Handshake duration: 1106.85 ms
Execution 255 - TLS Single
s_connection: verify depth is 1
Handshake duration: 1137.57 ms
Execution 256 - TLS Single
s_connection: verify depth is 1
Handshake duration: 445.51 ms
Execution 257 - TLS Single
s_connection: verify depth is 1
Handshake duration: 258.23 ms
Execution 258 - TLS Single
s_connection: verify depth is 1
Handshake duration: 64.13 ms
Execution 259 - TLS Single
s_connection: verify depth is 1
Handshake duration: 49.78 ms
Execution 260 - TLS Single
s_connection: verify depth is 1
Handshake duration: 288.99 ms
Execution 261 - TLS Single
s_connection: verify depth is 1
Handshake duration: 235.32 ms
Execution 262 - TLS Single
s_connection: verify depth is 1
Handshake duration: 1149.55 ms
Execution 263 - TLS Single
s_connection: verify depth is 1
Handshake duration: 54.40 ms
Execution 264 - TLS Single
s_connection: verify depth is 1
Handshake duration: 49.90 ms
Execution 265 - TLS Single
s_connection: verify depth is 1
Handshake duration: 49.45 ms
Execution 266 - TLS Single
s_connection: verify depth is 1
Handshake duration: 49.54 ms
Execution 267 - TLS Single
s_connection: verify depth is 1
Handshake duration: 3124.66 ms
Execution 268 - TLS Single
s_connection: verify depth is 1
Handshake duration: 56.25 ms
Execution 269 - TLS Single
s_connection: verify depth is 1
Handshake duration: 49.46 ms
Execution 270 - TLS Single
s_connection: verify depth is 1
Handshake duration: 49.66 ms
Execution 271 - TLS Single
s_connection: verify depth is 1
Handshake duration: 49.82 ms
Execution 272 - TLS Single
s_connection: verify depth is 1
Handshake duration: 236.50 ms
Execution 273 - TLS Single
s_connection: verify depth is 1
Handshake duration: 248.51 ms
Execution 274 - TLS Single
s_connection: verify depth is 1
Handshake duration: 1123.83 ms
Execution 275 - TLS Single
s_connection: verify depth is 1
Handshake duration: 260.59 ms
Execution 276 - TLS Single
s_connection: verify depth is 1
Handshake duration: 63.26 ms
Execution 277 - TLS Single
s_connection: verify depth is 1
Handshake duration: 50.21 ms
Execution 278 - TLS Single
s_connection: verify depth is 1
Handshake duration: 277.52 ms
Execution 279 - TLS Single
s_connection: verify depth is 1
Handshake duration: 2146.91 ms
Execution 280 - TLS Single
s_connection: verify depth is 1
Handshake duration: 249.82 ms
Execution 281 - TLS Single
s_connection: verify depth is 1
Handshake duration: 59.71 ms
Execution 282 - TLS Single
s_connection: verify depth is 1
Handshake duration: 49.34 ms
Execution 283 - TLS Single
s_connection: verify depth is 1
Handshake duration: 1291.50 ms
Execution 284 - TLS Single
s_connection: verify depth is 1
Handshake duration: 242.31 ms
Execution 285 - TLS Single
s_connection: verify depth is 1
Handshake duration: 248.99 ms
Execution 286 - TLS Single
s_connection: verify depth is 1
Handshake duration: 256.92 ms
Execution 287 - TLS Single
s_connection: verify depth is 1
Handshake duration: 297.07 ms
Execution 288 - TLS Single
s_connection: verify depth is 1
Handshake duration: 50.62 ms
Execution 289 - TLS Single
s_connection: verify depth is 1
Handshake duration: 2161.08 ms
Execution 290 - TLS Single
s_connection: verify depth is 1
Handshake duration: 49.37 ms
Execution 291 - TLS Single
s_connection: verify depth is 1
Handshake duration: 49.50 ms
Execution 292 - TLS Single
s_connection: verify depth is 1
Handshake duration: 1094.62 ms
Execution 293 - TLS Single
s_connection: verify depth is 1
Handshake duration: 290.81 ms
Execution 294 - TLS Single
s_connection: verify depth is 1
Handshake duration: 440.61 ms
Execution 295 - TLS Single
s_connection: verify depth is 1
Handshake duration: 74.58 ms
Execution 296 - TLS Single
s_connection: verify depth is 1
Handshake duration: 49.78 ms
Execution 297 - TLS Single
s_connection: verify depth is 1
Handshake duration: 1115.99 ms
Execution 298 - TLS Single
s_connection: verify depth is 1
Handshake duration: 1100.90 ms
Execution 299 - TLS Single
s_connection: verify depth is 1
Handshake duration: 51.06 ms
Execution 300 - TLS Single
s_connection: verify depth is 1
Handshake duration: 1714.43 ms
Execution 301 - TLS Single
s_connection: verify depth is 1
Handshake duration: 64.50 ms
Execution 302 - TLS Single
s_connection: verify depth is 1
Handshake duration: 238.57 ms
Execution 303 - TLS Single
s_connection: verify depth is 1
Handshake duration: 66.47 ms
Execution 304 - TLS Single
s_connection: verify depth is 1
Handshake duration: 54.16 ms
Execution 305 - TLS Single
s_connection: verify depth is 1
Handshake duration: 49.64 ms
Execution 306 - TLS Single
s_connection: verify depth is 1
Handshake duration: 49.60 ms
Execution 307 - TLS Single
s_connection: verify depth is 1
Handshake duration: 49.90 ms
Execution 308 - TLS Single
s_connection: verify depth is 1
Handshake duration: 49.83 ms
Execution 309 - TLS Single
s_connection: verify depth is 1
Handshake duration: 49.99 ms
Execution 310 - TLS Single
s_connection: verify depth is 1
Handshake duration: 49.74 ms
Execution 311 - TLS Single
s_connection: verify depth is 1
Handshake duration: 50.02 ms
Execution 312 - TLS Single
s_connection: verify depth is 1
Handshake duration: 239.65 ms
Execution 313 - TLS Single
s_connection: verify depth is 1
Handshake duration: 65.02 ms
Execution 314 - TLS Single
s_connection: verify depth is 1
Handshake duration: 1110.56 ms
Execution 315 - TLS Single
s_connection: verify depth is 1
Handshake duration: 1120.79 ms
Execution 316 - TLS Single
s_connection: verify depth is 1
Handshake duration: 51.00 ms
Execution 317 - TLS Single
s_connection: verify depth is 1
Handshake duration: 242.18 ms
Execution 318 - TLS Single
s_connection: verify depth is 1
Handshake duration: 455.57 ms
Execution 319 - TLS Single
s_connection: verify depth is 1
Handshake duration: 60.66 ms
Execution 320 - TLS Single
s_connection: verify depth is 1
Handshake duration: 1718.85 ms
Execution 321 - TLS Single
s_connection: verify depth is 1
Handshake duration: 1087.09 ms
Execution 322 - TLS Single
s_connection: verify depth is 1
Handshake duration: 1313.33 ms
Execution 323 - TLS Single
s_connection: verify depth is 1
Handshake duration: 49.64 ms
Execution 324 - TLS Single
s_connection: verify depth is 1
Handshake duration: 49.57 ms
Execution 325 - TLS Single
s_connection: verify depth is 1
Handshake duration: 1131.91 ms
Execution 326 - TLS Single
s_connection: verify depth is 1
Handshake duration: 49.90 ms
Execution 327 - TLS Single
s_connection: verify depth is 1
Handshake duration: 53.05 ms
Execution 328 - TLS Single
s_connection: verify depth is 1
Handshake duration: 287.84 ms
Execution 329 - TLS Single
s_connection: verify depth is 1
Handshake duration: 55.10 ms
Execution 330 - TLS Single
s_connection: verify depth is 1
Handshake duration: 49.80 ms
Execution 331 - TLS Single
s_connection: verify depth is 1
Handshake duration: 50.01 ms
Execution 332 - TLS Single
s_connection: verify depth is 1
Handshake duration: 290.25 ms
Execution 333 - TLS Single
s_connection: verify depth is 1
Handshake duration: 1140.02 ms
Execution 334 - TLS Single
s_connection: verify depth is 1
Handshake duration: 233.06 ms
Execution 335 - TLS Single
s_connection: verify depth is 1
Handshake duration: 66.99 ms
Execution 336 - TLS Single
s_connection: verify depth is 1
Handshake duration: 49.69 ms
Execution 337 - TLS Single
s_connection: verify depth is 1
Handshake duration: 49.67 ms
Execution 338 - TLS Single
s_connection: verify depth is 1
Handshake duration: 2354.32 ms
Execution 339 - TLS Single
s_connection: verify depth is 1
Handshake duration: 62.39 ms
Execution 340 - TLS Single
s_connection: verify depth is 1
Handshake duration: 50.34 ms
Execution 341 - TLS Single
s_connection: verify depth is 1
Handshake duration: 1094.31 ms
Execution 342 - TLS Single
s_connection: verify depth is 1
Handshake duration: 1077.81 ms
Execution 343 - TLS Single
s_connection: verify depth is 1
Handshake duration: 49.64 ms
Execution 344 - TLS Single
s_connection: verify depth is 1
Handshake duration: 49.47 ms
Execution 345 - TLS Single
s_connection: verify depth is 1
Handshake duration: 1108.94 ms
Execution 346 - TLS Single
s_connection: verify depth is 1
Handshake duration: 292.41 ms
Execution 347 - TLS Single
s_connection: verify depth is 1
Handshake duration: 1285.81 ms
Execution 348 - TLS Single
s_connection: verify depth is 1
Handshake duration: 50.93 ms
Execution 349 - TLS Single
s_connection: verify depth is 1
Handshake duration: 50.34 ms
Execution 350 - TLS Single
s_connection: verify depth is 1
Handshake duration: 49.75 ms
Execution 351 - TLS Single
s_connection: verify depth is 1
Handshake duration: 49.71 ms
Execution 352 - TLS Single
s_connection: verify depth is 1
Handshake duration: 49.42 ms
Execution 353 - TLS Single
s_connection: verify depth is 1
Handshake duration: 242.09 ms
Execution 354 - TLS Single
s_connection: verify depth is 1
Handshake duration: 289.17 ms
Execution 355 - TLS Single
s_connection: verify depth is 1
Handshake duration: 56.65 ms
Execution 356 - TLS Single
s_connection: verify depth is 1
Handshake duration: 294.92 ms
Execution 357 - TLS Single
s_connection: verify depth is 1
Handshake duration: 49.70 ms
Execution 358 - TLS Single
s_connection: verify depth is 1
Handshake duration: 1138.21 ms
Execution 359 - TLS Single
s_connection: verify depth is 1
Handshake duration: 49.61 ms
Execution 360 - TLS Single
s_connection: verify depth is 1
Handshake duration: 50.18 ms
Execution 361 - TLS Single
s_connection: verify depth is 1
Handshake duration: 233.47 ms
Execution 362 - TLS Single
s_connection: verify depth is 1
Handshake duration: 66.50 ms
Execution 363 - TLS Single
s_connection: verify depth is 1
Handshake duration: 49.80 ms
Execution 364 - TLS Single
s_connection: verify depth is 1
Handshake duration: 232.82 ms
Execution 365 - TLS Single
s_connection: verify depth is 1
Handshake duration: 67.39 ms
Execution 366 - TLS Single
s_connection: verify depth is 1
Handshake duration: 234.87 ms
Execution 367 - TLS Single
s_connection: verify depth is 1
Handshake duration: 2773.21 ms
Execution 368 - TLS Single
s_connection: verify depth is 1
Handshake duration: 56.45 ms
Execution 369 - TLS Single
s_connection: verify depth is 1
Handshake duration: 1517.61 ms
Execution 370 - TLS Single
s_connection: verify depth is 1
Handshake duration: 62.75 ms
Execution 371 - TLS Single
s_connection: verify depth is 1
Handshake duration: 51.12 ms
Execution 372 - TLS Single
s_connection: verify depth is 1
Handshake duration: 51.02 ms
Execution 373 - TLS Single
s_connection: verify depth is 1
Handshake duration: 49.68 ms
Execution 374 - TLS Single
s_connection: verify depth is 1
Handshake duration: 854.23 ms
Execution 375 - TLS Single
s_connection: verify depth is 1
Handshake duration: 1072.72 ms
Execution 376 - TLS Single
s_connection: verify depth is 1
Handshake duration: 1080.71 ms
Execution 377 - TLS Single
s_connection: verify depth is 1
Handshake duration: 234.21 ms
Execution 378 - TLS Single
s_connection: verify depth is 1
Handshake duration: 64.90 ms
Execution 379 - TLS Single
s_connection: verify depth is 1
Handshake duration: 49.25 ms
Execution 380 - TLS Single
s_connection: verify depth is 1
Handshake duration: 236.71 ms
Execution 381 - TLS Single
s_connection: verify depth is 1
Handshake duration: 59.03 ms
Execution 382 - TLS Single
s_connection: verify depth is 1
Handshake duration: 1113.66 ms
Execution 383 - TLS Single
s_connection: verify depth is 1
Handshake duration: 50.03 ms
Execution 384 - TLS Single
s_connection: verify depth is 1
Handshake duration: 1298.66 ms
Execution 385 - TLS Single
s_connection: verify depth is 1
Handshake duration: 241.66 ms
Execution 386 - TLS Single
s_connection: verify depth is 1
Handshake duration: 60.23 ms
Execution 387 - TLS Single
s_connection: verify depth is 1
Handshake duration: 49.47 ms
Execution 388 - TLS Single
s_connection: verify depth is 1
Handshake duration: 233.72 ms
Execution 389 - TLS Single
s_connection: verify depth is 1
Handshake duration: 63.92 ms
Execution 390 - TLS Single
s_connection: verify depth is 1
Handshake duration: 49.49 ms
Execution 391 - TLS Single
s_connection: verify depth is 1
Handshake duration: 1088.55 ms
Execution 392 - TLS Single
s_connection: verify depth is 1
Handshake duration: 645.24 ms
Execution 393 - TLS Single
s_connection: verify depth is 1
Handshake duration: 311.68 ms
Execution 394 - TLS Single
s_connection: verify depth is 1
Handshake duration: 51.19 ms
Execution 395 - TLS Single
s_connection: verify depth is 1
Handshake duration: 51.18 ms
Execution 396 - TLS Single
s_connection: verify depth is 1
Handshake duration: 1271.33 ms
Execution 397 - TLS Single
s_connection: verify depth is 1
Handshake duration: 60.53 ms
Execution 398 - TLS Single
s_connection: verify depth is 1
Handshake duration: 49.59 ms
Execution 399 - TLS Single
s_connection: verify depth is 1
Handshake duration: 49.50 ms
Execution 400 - TLS Single
s_connection: verify depth is 1
Handshake duration: 1113.29 ms
Execution 401 - TLS Single
s_connection: verify depth is 1
Handshake duration: 1102.10 ms
Execution 402 - TLS Single
s_connection: verify depth is 1
Handshake duration: 1143.34 ms
Execution 403 - TLS Single
s_connection: verify depth is 1
Handshake duration: 49.85 ms
Execution 404 - TLS Single
s_connection: verify depth is 1
Handshake duration: 1329.94 ms
Execution 405 - TLS Single
s_connection: verify depth is 1
Handshake duration: 54.58 ms
Execution 406 - TLS Single
s_connection: verify depth is 1
Handshake duration: 49.41 ms
Execution 407 - TLS Single
s_connection: verify depth is 1
Handshake duration: 49.44 ms
Execution 408 - TLS Single
s_connection: verify depth is 1
Handshake duration: 1092.41 ms
Execution 409 - TLS Single
s_connection: verify depth is 1
Handshake duration: 50.23 ms
Execution 410 - TLS Single
s_connection: verify depth is 1
Handshake duration: 1086.63 ms
Execution 411 - TLS Single
s_connection: verify depth is 1
Handshake duration: 50.95 ms
Execution 412 - TLS Single
s_connection: verify depth is 1
Handshake duration: 50.98 ms
Execution 413 - TLS Single
s_connection: verify depth is 1
Handshake duration: 51.14 ms
Execution 414 - TLS Single
s_connection: verify depth is 1
Handshake duration: 50.80 ms
Execution 415 - TLS Single
s_connection: verify depth is 1
Handshake duration: 53.97 ms
Execution 416 - TLS Single
s_connection: verify depth is 1
Handshake duration: 53.11 ms
Execution 417 - TLS Single
s_connection: verify depth is 1
Handshake duration: 50.58 ms
Execution 418 - TLS Single
s_connection: verify depth is 1
Handshake duration: 49.98 ms
Execution 419 - TLS Single
s_connection: verify depth is 1
Handshake duration: 289.77 ms
Execution 420 - TLS Single
s_connection: verify depth is 1
Handshake duration: 49.68 ms
Execution 421 - TLS Single
s_connection: verify depth is 1
Handshake duration: 238.08 ms
Execution 422 - TLS Single
s_connection: verify depth is 1
Handshake duration: 245.74 ms
Execution 423 - TLS Single
s_connection: verify depth is 1
Handshake duration: 58.62 ms
Execution 424 - TLS Single
s_connection: verify depth is 1
Handshake duration: 50.74 ms
Execution 425 - TLS Single
s_connection: verify depth is 1
Handshake duration: 51.12 ms
Execution 426 - TLS Single
s_connection: verify depth is 1
Handshake duration: 49.38 ms
Execution 427 - TLS Single
s_connection: verify depth is 1
Handshake duration: 1547.40 ms
Execution 428 - TLS Single
s_connection: verify depth is 1
Handshake duration: 59.22 ms
Execution 429 - TLS Single
s_connection: verify depth is 1
Handshake duration: 230.62 ms
Execution 430 - TLS Single
s_connection: verify depth is 1
Handshake duration: 52.76 ms
Execution 431 - TLS Single
s_connection: verify depth is 1
Handshake duration: 1113.63 ms
Execution 432 - TLS Single
s_connection: verify depth is 1
Handshake duration: 448.72 ms
Execution 433 - TLS Single
s_connection: verify depth is 1
Handshake duration: 65.57 ms
Execution 434 - TLS Single
s_connection: verify depth is 1
Handshake duration: 49.70 ms
Execution 435 - TLS Single
s_connection: verify depth is 1
Handshake duration: 445.75 ms
Execution 436 - TLS Single
s_connection: verify depth is 1
Handshake duration: 56.44 ms
Execution 437 - TLS Single
s_connection: verify depth is 1
Handshake duration: 237.92 ms
Execution 438 - TLS Single
s_connection: verify depth is 1
Handshake duration: 74.65 ms
Execution 439 - TLS Single
s_connection: verify depth is 1
Handshake duration: 49.47 ms
Execution 440 - TLS Single
s_connection: verify depth is 1
Handshake duration: 453.35 ms
Execution 441 - TLS Single
s_connection: verify depth is 1
Handshake duration: 237.50 ms
Execution 442 - TLS Single
s_connection: verify depth is 1
Handshake duration: 62.31 ms
Execution 443 - TLS Single
s_connection: verify depth is 1
Handshake duration: 50.25 ms
Execution 444 - TLS Single
s_connection: verify depth is 1
Handshake duration: 49.71 ms
Execution 445 - TLS Single
s_connection: verify depth is 1
Handshake duration: 1549.46 ms
Execution 446 - TLS Single
s_connection: verify depth is 1
Handshake duration: 441.31 ms
Execution 447 - TLS Single
s_connection: verify depth is 1
Handshake duration: 243.10 ms
Execution 448 - TLS Single
s_connection: verify depth is 1
Handshake duration: 68.21 ms
Execution 449 - TLS Single
s_connection: verify depth is 1
Handshake duration: 3381.33 ms
Execution 450 - TLS Single
s_connection: verify depth is 1
Handshake duration: 71.53 ms
Execution 451 - TLS Single
s_connection: verify depth is 1
Handshake duration: 285.74 ms
Execution 452 - TLS Single
s_connection: verify depth is 1
Handshake duration: 293.08 ms
Execution 453 - TLS Single
s_connection: verify depth is 1
Handshake duration: 233.83 ms
Execution 454 - TLS Single
s_connection: verify depth is 1
Handshake duration: 71.78 ms
Execution 455 - TLS Single
s_connection: verify depth is 1
Handshake duration: 53.97 ms
Execution 456 - TLS Single
s_connection: verify depth is 1
Handshake duration: 1103.63 ms
Execution 457 - TLS Single
s_connection: verify depth is 1
Handshake duration: 49.65 ms
Execution 458 - TLS Single
s_connection: verify depth is 1
Handshake duration: 49.35 ms
Execution 459 - TLS Single
s_connection: verify depth is 1
Handshake duration: 2509.78 ms
Execution 460 - TLS Single
s_connection: verify depth is 1
Handshake duration: 54.34 ms
Execution 461 - TLS Single
s_connection: verify depth is 1
Handshake duration: 58.37 ms
Execution 462 - TLS Single
s_connection: verify depth is 1
Handshake duration: 3409.27 ms
Execution 463 - TLS Single
s_connection: verify depth is 1
Handshake duration: 50.00 ms
Execution 464 - TLS Single
s_connection: verify depth is 1
Handshake duration: 49.62 ms
Execution 465 - TLS Single
s_connection: verify depth is 1
Handshake duration: 49.52 ms
Execution 466 - TLS Single
s_connection: verify depth is 1
Handshake duration: 50.03 ms
Execution 467 - TLS Single
s_connection: verify depth is 1
Handshake duration: 49.43 ms
Execution 468 - TLS Single
s_connection: verify depth is 1
Handshake duration: 49.56 ms
Execution 469 - TLS Single
s_connection: verify depth is 1
Handshake duration: 49.70 ms
Execution 470 - TLS Single
s_connection: verify depth is 1
Handshake duration: 1742.47 ms
Execution 471 - TLS Single
s_connection: verify depth is 1
Handshake duration: 66.83 ms
Execution 472 - TLS Single
s_connection: verify depth is 1
Handshake duration: 49.60 ms
Execution 473 - TLS Single
s_connection: verify depth is 1
Handshake duration: 49.95 ms
Execution 474 - TLS Single
s_connection: verify depth is 1
Handshake duration: 1294.85 ms
Execution 475 - TLS Single
s_connection: verify depth is 1
Handshake duration: 59.01 ms
Execution 476 - TLS Single
s_connection: verify depth is 1
Handshake duration: 243.37 ms
Execution 477 - TLS Single
s_connection: verify depth is 1
Handshake duration: 871.87 ms
Execution 478 - TLS Single
s_connection: verify depth is 1
Handshake duration: 56.32 ms
Execution 479 - TLS Single
s_connection: verify depth is 1
Handshake duration: 2374.39 ms
Execution 480 - TLS Single
s_connection: verify depth is 1
Handshake duration: 52.90 ms
Execution 481 - TLS Single
s_connection: verify depth is 1
Handshake duration: 50.30 ms
Execution 482 - TLS Single
s_connection: verify depth is 1
Handshake duration: 439.96 ms
Execution 483 - TLS Single
s_connection: verify depth is 1
Handshake duration: 59.51 ms
Execution 484 - TLS Single
s_connection: verify depth is 1
Handshake duration: 49.56 ms
Execution 485 - TLS Single
s_connection: verify depth is 1
Handshake duration: 49.53 ms
Execution 486 - TLS Single
s_connection: verify depth is 1
Handshake duration: 1099.54 ms
Execution 487 - TLS Single
s_connection: verify depth is 1
Handshake duration: 49.95 ms
Execution 488 - TLS Single
s_connection: verify depth is 1
Handshake duration: 50.57 ms
Execution 489 - TLS Single
s_connection: verify depth is 1
Handshake duration: 49.71 ms
Execution 490 - TLS Single
s_connection: verify depth is 1
Handshake duration: 445.46 ms
Execution 491 - TLS Single
s_connection: verify depth is 1
Handshake duration: 1311.44 ms
Execution 492 - TLS Single
s_connection: verify depth is 1
Handshake duration: 66.32 ms
Execution 493 - TLS Single
s_connection: verify depth is 1
Handshake duration: 443.13 ms
Execution 494 - TLS Single
s_connection: verify depth is 1
Handshake duration: 59.20 ms
Execution 495 - TLS Single
s_connection: verify depth is 1
Handshake duration: 237.04 ms
Execution 496 - TLS Single
s_connection: verify depth is 1
Handshake duration: 2281.26 ms
Execution 497 - TLS Single
s_connection: verify depth is 1
Handshake duration: 1127.33 ms
Execution 498 - TLS Single
s_connection: verify depth is 1
Handshake duration: 49.48 ms
Execution 499 - TLS Single
s_connection: verify depth is 1
Handshake duration: 49.71 ms
Execution 500 - TLS Single
s_connection: verify depth is 1
Handshake duration: 49.31 ms
