Applying netem rules to lo...
Showing qdisc status for the interface: lo
qdisc netem 8772: root refcnt 2 limit 1000 seed 17981156789961562340
 Sent 0 bytes 0 pkt (dropped 0, overlimits 0 requeues 0) 
 backlog 0b 0p requeues 0
Running ./perftestClientTlsQuic.sh with SIG_ALG=mldsa44 and KEM_ALG=x25519_hqc128
Execution 1 - TLS Single
s_connection: verify depth is 1
Handshake duration: 47.02 ms
Execution 2 - TLS Single
s_connection: verify depth is 1
Handshake duration: 62.74 ms
Execution 3 - TLS Single
s_connection: verify depth is 1
Handshake duration: 63.38 ms
Execution 4 - TLS Single
s_connection: verify depth is 1
Handshake duration: 250.43 ms
Execution 5 - TLS Single
s_connection: verify depth is 1
Handshake duration: 1075.17 ms
Execution 6 - TLS Single
s_connection: verify depth is 1
Handshake duration: 1310.06 ms
Execution 7 - TLS Single
s_connection: verify depth is 1
Handshake duration: 71.94 ms
Execution 8 - TLS Single
s_connection: verify depth is 1
Handshake duration: 74.00 ms
Execution 9 - TLS Single
s_connection: verify depth is 1
Handshake duration: 49.09 ms
Execution 10 - TLS Single
s_connection: verify depth is 1
Handshake duration: 45.85 ms
Execution 11 - TLS Single
s_connection: verify depth is 1
Handshake duration: 891.61 ms
Execution 12 - TLS Single
s_connection: verify depth is 1
Handshake duration: 74.69 ms
Execution 13 - TLS Single
s_connection: verify depth is 1
Handshake duration: 48.74 ms
Execution 14 - TLS Single
s_connection: verify depth is 1
Handshake duration: 38.33 ms
Execution 15 - TLS Single
s_connection: verify depth is 1
Handshake duration: 39.62 ms
Execution 16 - TLS Single
s_connection: verify depth is 1
Handshake duration: 2356.02 ms
Execution 17 - TLS Single
s_connection: verify depth is 1
Handshake duration: 48.76 ms
Execution 18 - TLS Single
s_connection: verify depth is 1
Handshake duration: 48.80 ms
Execution 19 - TLS Single
s_connection: verify depth is 1
Handshake duration: 46.22 ms
Execution 20 - TLS Single
s_connection: verify depth is 1
Handshake duration: 1070.21 ms
Execution 21 - TLS Single
s_connection: verify depth is 1
Handshake duration: 78.45 ms
Execution 22 - TLS Single
s_connection: verify depth is 1
Handshake duration: 72.25 ms
Execution 23 - TLS Single
s_connection: verify depth is 1
Handshake duration: 893.39 ms
Execution 24 - TLS Single
s_connection: verify depth is 1
Handshake duration: 1094.45 ms
Execution 25 - TLS Single
s_connection: verify depth is 1
Handshake duration: 73.84 ms
Execution 26 - TLS Single
s_connection: verify depth is 1
Handshake duration: 50.45 ms
Execution 27 - TLS Single
s_connection: verify depth is 1
Handshake duration: 241.43 ms
Execution 28 - TLS Single
s_connection: verify depth is 1
Handshake duration: 71.09 ms
Execution 29 - TLS Single
s_connection: verify depth is 1
Handshake duration: 252.88 ms
Execution 30 - TLS Single
s_connection: verify depth is 1
Handshake duration: 80.64 ms
Execution 31 - TLS Single
s_connection: verify depth is 1
Handshake duration: 73.70 ms
Execution 32 - TLS Single
s_connection: verify depth is 1
Handshake duration: 71.87 ms
Execution 33 - TLS Single
s_connection: verify depth is 1
Handshake duration: 247.33 ms
Execution 34 - TLS Single
s_connection: verify depth is 1
Handshake duration: 1705.52 ms
Execution 35 - TLS Single
s_connection: verify depth is 1
Handshake duration: 458.92 ms
Execution 36 - TLS Single
s_connection: verify depth is 1
Handshake duration: 73.51 ms
Execution 37 - TLS Single
s_connection: verify depth is 1
Handshake duration: 248.89 ms
Execution 38 - TLS Single
s_connection: verify depth is 1
Handshake duration: 73.13 ms
Execution 39 - TLS Single
s_connection: verify depth is 1
Handshake duration: 71.28 ms
Execution 40 - TLS Single
s_connection: verify depth is 1
Handshake duration: 71.22 ms
Execution 41 - TLS Single
s_connection: verify depth is 1
Handshake duration: 72.92 ms
Execution 42 - TLS Single
s_connection: verify depth is 1
Handshake duration: 71.70 ms
Execution 43 - TLS Single
s_connection: verify depth is 1
Handshake duration: 63.70 ms
Execution 44 - TLS Single
s_connection: verify depth is 1
Handshake duration: 844.82 ms
Execution 45 - TLS Single
s_connection: verify depth is 1
Handshake duration: 73.96 ms
Execution 46 - TLS Single
s_connection: verify depth is 1
Handshake duration: 72.47 ms
Execution 47 - TLS Single
s_connection: verify depth is 1
Handshake duration: 72.98 ms
Execution 48 - TLS Single
s_connection: verify depth is 1
Handshake duration: 51.63 ms
Execution 49 - TLS Single
s_connection: verify depth is 1
Handshake duration: 1535.48 ms
Execution 50 - TLS Single
s_connection: verify depth is 1
Handshake duration: 71.47 ms
Execution 51 - TLS Single
s_connection: verify depth is 1
Handshake duration: 282.45 ms
Execution 52 - TLS Single
s_connection: verify depth is 1
Handshake duration: 1094.01 ms
Execution 53 - TLS Single
s_connection: verify depth is 1
Handshake duration: 658.63 ms
Execution 54 - TLS Single
s_connection: verify depth is 1
Handshake duration: 72.49 ms
Execution 55 - TLS Single
s_connection: verify depth is 1
Handshake duration: 75.32 ms
Execution 56 - TLS Single
s_connection: verify depth is 1
Handshake duration: 247.46 ms
Execution 57 - TLS Single
s_connection: verify depth is 1
Handshake duration: 72.51 ms
Execution 58 - TLS Single
s_connection: verify depth is 1
Handshake duration: 68.98 ms
Execution 59 - TLS Single
s_connection: verify depth is 1
Handshake duration: 223.35 ms
Execution 60 - TLS Single
s_connection: verify depth is 1
Handshake duration: 71.05 ms
Execution 61 - TLS Single
s_connection: verify depth is 1
Handshake duration: 70.70 ms
Execution 62 - TLS Single
s_connection: verify depth is 1
Handshake duration: 49.72 ms
Execution 63 - TLS Single
s_connection: verify depth is 1
Handshake duration: 45.98 ms
Execution 64 - TLS Single
s_connection: verify depth is 1
Handshake duration: 46.96 ms
Execution 65 - TLS Single
s_connection: verify depth is 1
Handshake duration: 46.12 ms
Execution 66 - TLS Single
s_connection: verify depth is 1
Handshake duration: 69.63 ms
Execution 67 - TLS Single
s_connection: verify depth is 1
Handshake duration: 42.85 ms
Execution 68 - TLS Single
s_connection: verify depth is 1
Handshake duration: 28.21 ms
Execution 69 - TLS Single
s_connection: verify depth is 1
Handshake duration: 439.87 ms
Execution 70 - TLS Single
s_connection: verify depth is 1
Handshake duration: 73.65 ms
Execution 71 - TLS Single
s_connection: verify depth is 1
Handshake duration: 1318.81 ms
Execution 72 - TLS Single
s_connection: verify depth is 1
Handshake duration: 71.48 ms
Execution 73 - TLS Single
s_connection: verify depth is 1
Handshake duration: 72.50 ms
Execution 74 - TLS Single
s_connection: verify depth is 1
Handshake duration: 73.67 ms
Execution 75 - TLS Single
s_connection: verify depth is 1
Handshake duration: 236.19 ms
Execution 76 - TLS Single
s_connection: verify depth is 1
Handshake duration: 1132.76 ms
Execution 77 - TLS Single
s_connection: verify depth is 1
Handshake duration: 76.40 ms
Execution 78 - TLS Single
s_connection: verify depth is 1
Handshake duration: 71.04 ms
Execution 79 - TLS Single
s_connection: verify depth is 1
Handshake duration: 28.00 ms
Execution 80 - TLS Single
s_connection: verify depth is 1
Handshake duration: 33.00 ms
Execution 81 - TLS Single
s_connection: verify depth is 1
Handshake duration: 43.53 ms
Execution 82 - TLS Single
s_connection: verify depth is 1
Handshake duration: 70.66 ms
Execution 83 - TLS Single
s_connection: verify depth is 1
Handshake duration: 670.20 ms
Execution 84 - TLS Single
s_connection: verify depth is 1
Handshake duration: 72.77 ms
Execution 85 - TLS Single
s_connection: verify depth is 1
Handshake duration: 246.15 ms
Execution 86 - TLS Single
s_connection: verify depth is 1
Handshake duration: 70.35 ms
Execution 87 - TLS Single
s_connection: verify depth is 1
Handshake duration: 73.73 ms
Execution 88 - TLS Single
s_connection: verify depth is 1
Handshake duration: 1253.76 ms
Execution 89 - TLS Single
s_connection: verify depth is 1
Handshake duration: 72.26 ms
Execution 90 - TLS Single
s_connection: verify depth is 1
Handshake duration: 51.77 ms
Execution 91 - TLS Single
s_connection: verify depth is 1
Handshake duration: 29.11 ms
Execution 92 - TLS Single
s_connection: verify depth is 1
Handshake duration: 27.39 ms
Execution 93 - TLS Single
s_connection: verify depth is 1
Handshake duration: 431.45 ms
Execution 94 - TLS Single
s_connection: verify depth is 1
Handshake duration: 70.58 ms
Execution 95 - TLS Single
s_connection: verify depth is 1
Handshake duration: 75.36 ms
Execution 96 - TLS Single
s_connection: verify depth is 1
Handshake duration: 73.23 ms
Execution 97 - TLS Single
s_connection: verify depth is 1
Handshake duration: 72.22 ms
Execution 98 - TLS Single
s_connection: verify depth is 1
Handshake duration: 73.51 ms
Execution 99 - TLS Single
s_connection: verify depth is 1
Handshake duration: 73.19 ms
Execution 100 - TLS Single
s_connection: verify depth is 1
Handshake duration: 261.06 ms
Execution 101 - TLS Single
s_connection: verify depth is 1
Handshake duration: 71.43 ms
Execution 102 - TLS Single
s_connection: verify depth is 1
Handshake duration: 70.93 ms
Execution 103 - TLS Single
s_connection: verify depth is 1
Handshake duration: 4164.44 ms
Execution 104 - TLS Single
s_connection: verify depth is 1
Handshake duration: 71.03 ms
Execution 105 - TLS Single
s_connection: verify depth is 1
Handshake duration: 73.03 ms
Execution 106 - TLS Single
s_connection: verify depth is 1
Handshake duration: 69.77 ms
Execution 107 - TLS Single
s_connection: verify depth is 1
Handshake duration: 71.03 ms
Execution 108 - TLS Single
s_connection: verify depth is 1
Handshake duration: 71.66 ms
Execution 109 - TLS Single
s_connection: verify depth is 1
Handshake duration: 249.94 ms
Execution 110 - TLS Single
s_connection: verify depth is 1
Handshake duration: 250.67 ms
Execution 111 - TLS Single
s_connection: verify depth is 1
Handshake duration: 71.65 ms
Execution 112 - TLS Single
s_connection: verify depth is 1
Handshake duration: 72.00 ms
Execution 113 - TLS Single
s_connection: verify depth is 1
Handshake duration: 1083.35 ms
Execution 114 - TLS Single
s_connection: verify depth is 1
Handshake duration: 70.75 ms
Execution 115 - TLS Single
s_connection: verify depth is 1
Handshake duration: 72.31 ms
Execution 116 - TLS Single
s_connection: verify depth is 1
Handshake duration: 283.89 ms
Execution 117 - TLS Single
s_connection: verify depth is 1
Handshake duration: 249.67 ms
Execution 118 - TLS Single
s_connection: verify depth is 1
Handshake duration: 70.00 ms
Execution 119 - TLS Single
s_connection: verify depth is 1
Handshake duration: 1076.52 ms
Execution 120 - TLS Single
s_connection: verify depth is 1
Handshake duration: 73.18 ms
Execution 121 - TLS Single
s_connection: verify depth is 1
Handshake duration: 71.73 ms
Execution 122 - TLS Single
s_connection: verify depth is 1
Handshake duration: 658.20 ms
Execution 123 - TLS Single
s_connection: verify depth is 1
Handshake duration: 3136.35 ms
Execution 124 - TLS Single
s_connection: verify depth is 1
Handshake duration: 72.22 ms
Execution 125 - TLS Single
s_connection: verify depth is 1
Handshake duration: 72.17 ms
Execution 126 - TLS Single
s_connection: verify depth is 1
Handshake duration: 33.15 ms
Execution 127 - TLS Single
s_connection: verify depth is 1
Handshake duration: 29.85 ms
Execution 128 - TLS Single
s_connection: verify depth is 1
Handshake duration: 1498.08 ms
Execution 129 - TLS Single
s_connection: verify depth is 1
Handshake duration: 72.06 ms
Execution 130 - TLS Single
s_connection: verify depth is 1
Handshake duration: 1324.86 ms
Execution 131 - TLS Single
s_connection: verify depth is 1
Handshake duration: 72.08 ms
Execution 132 - TLS Single
s_connection: verify depth is 1
Handshake duration: 54.31 ms
Execution 133 - TLS Single
s_connection: verify depth is 1
Handshake duration: 70.71 ms
Execution 134 - TLS Single
s_connection: verify depth is 1
Handshake duration: 73.68 ms
Execution 135 - TLS Single
s_connection: verify depth is 1
Handshake duration: 1522.36 ms
Execution 136 - TLS Single
s_connection: verify depth is 1
Handshake duration: 78.32 ms
Execution 137 - TLS Single
s_connection: verify depth is 1
Handshake duration: 76.36 ms
Execution 138 - TLS Single
s_connection: verify depth is 1
Handshake duration: 40.08 ms
Execution 139 - TLS Single
s_connection: verify depth is 1
Handshake duration: 28.80 ms
Execution 140 - TLS Single
s_connection: verify depth is 1
Handshake duration: 2292.20 ms
Execution 141 - TLS Single
s_connection: verify depth is 1
Handshake duration: 72.62 ms
Execution 142 - TLS Single
s_connection: verify depth is 1
Handshake duration: 843.93 ms
Execution 143 - TLS Single
s_connection: verify depth is 1
Handshake duration: 1304.80 ms
Execution 144 - TLS Single
s_connection: verify depth is 1
Handshake duration: 73.20 ms
Execution 145 - TLS Single
s_connection: verify depth is 1
Handshake duration: 70.88 ms
Execution 146 - TLS Single
s_connection: verify depth is 1
Handshake duration: 73.31 ms
Execution 147 - TLS Single
s_connection: verify depth is 1
Handshake duration: 4188.79 ms
Execution 148 - TLS Single
s_connection: verify depth is 1
Handshake duration: 1076.16 ms
Execution 149 - TLS Single
s_connection: verify depth is 1
Handshake duration: 75.61 ms
Execution 150 - TLS Single
s_connection: verify depth is 1
Handshake duration: 70.71 ms
Execution 151 - TLS Single
s_connection: verify depth is 1
Handshake duration: 1078.29 ms
Execution 152 - TLS Single
s_connection: verify depth is 1
Handshake duration: 73.85 ms
Execution 153 - TLS Single
s_connection: verify depth is 1
Handshake duration: 71.44 ms
Execution 154 - TLS Single
s_connection: verify depth is 1
Handshake duration: 1078.54 ms
Execution 155 - TLS Single
s_connection: verify depth is 1
Handshake duration: 71.74 ms
Execution 156 - TLS Single
s_connection: verify depth is 1
Handshake duration: 46.45 ms
Execution 157 - TLS Single
s_connection: verify depth is 1
Handshake duration: 236.44 ms
Execution 158 - TLS Single
s_connection: verify depth is 1
Handshake duration: 72.85 ms
Execution 159 - TLS Single
s_connection: verify depth is 1
Handshake duration: 69.11 ms
Execution 160 - TLS Single
s_connection: verify depth is 1
Handshake duration: 271.13 ms
Execution 161 - TLS Single
s_connection: verify depth is 1
Handshake duration: 2337.10 ms
Execution 162 - TLS Single
s_connection: verify depth is 1
Handshake duration: 73.09 ms
Execution 163 - TLS Single
s_connection: verify depth is 1
Handshake duration: 72.87 ms
Execution 164 - TLS Single
s_connection: verify depth is 1
Handshake duration: 74.49 ms
Execution 165 - TLS Single
s_connection: verify depth is 1
Handshake duration: 73.77 ms
Execution 166 - TLS Single
s_connection: verify depth is 1
Handshake duration: 70.68 ms
Execution 167 - TLS Single
s_connection: verify depth is 1
Handshake duration: 68.45 ms
Execution 168 - TLS Single
s_connection: verify depth is 1
Handshake duration: 845.52 ms
Execution 169 - TLS Single
s_connection: verify depth is 1
Handshake duration: 72.49 ms
Execution 170 - TLS Single
s_connection: verify depth is 1
Handshake duration: 279.52 ms
Execution 171 - TLS Single
s_connection: verify depth is 1
Handshake duration: 1530.27 ms
Execution 172 - TLS Single
s_connection: verify depth is 1
Handshake duration: 75.11 ms
Execution 173 - TLS Single
s_connection: verify depth is 1
Handshake duration: 49.99 ms
Execution 174 - TLS Single
s_connection: verify depth is 1
Handshake duration: 266.24 ms
Execution 175 - TLS Single
s_connection: verify depth is 1
Handshake duration: 72.75 ms
Execution 176 - TLS Single
s_connection: verify depth is 1
Handshake duration: 274.31 ms
Execution 177 - TLS Single
s_connection: verify depth is 1
Handshake duration: 74.47 ms
Execution 178 - TLS Single
s_connection: verify depth is 1
Handshake duration: 73.90 ms
Execution 179 - TLS Single
s_connection: verify depth is 1
Handshake duration: 35.49 ms
Execution 180 - TLS Single
s_connection: verify depth is 1
Handshake duration: 30.78 ms
Execution 181 - TLS Single
s_connection: verify depth is 1
Handshake duration: 45.53 ms
Execution 182 - TLS Single
s_connection: verify depth is 1
Handshake duration: 58.94 ms
Execution 183 - TLS Single
s_connection: verify depth is 1
Handshake duration: 70.78 ms
Execution 184 - TLS Single
s_connection: verify depth is 1
Handshake duration: 71.51 ms
Execution 185 - TLS Single
s_connection: verify depth is 1
Handshake duration: 71.50 ms
Execution 186 - TLS Single
s_connection: verify depth is 1
Handshake duration: 1287.07 ms
Execution 187 - TLS Single
s_connection: verify depth is 1
Handshake duration: 462.86 ms
Execution 188 - TLS Single
s_connection: verify depth is 1
Handshake duration: 76.21 ms
Execution 189 - TLS Single
s_connection: verify depth is 1
Handshake duration: 49.87 ms
Execution 190 - TLS Single
s_connection: verify depth is 1
Handshake duration: 47.29 ms
Execution 191 - TLS Single
s_connection: verify depth is 1
Handshake duration: 45.80 ms
Execution 192 - TLS Single
s_connection: verify depth is 1
Handshake duration: 63.73 ms
Execution 193 - TLS Single
s_connection: verify depth is 1
Handshake duration: 63.61 ms
Execution 194 - TLS Single
s_connection: verify depth is 1
Handshake duration: 64.92 ms
Execution 195 - TLS Single
s_connection: verify depth is 1
Handshake duration: 62.95 ms
Execution 196 - TLS Single
s_connection: verify depth is 1
Handshake duration: 63.23 ms
Execution 197 - TLS Single
s_connection: verify depth is 1
Handshake duration: 1334.41 ms
Execution 198 - TLS Single
s_connection: verify depth is 1
Handshake duration: 74.56 ms
Execution 199 - TLS Single
s_connection: verify depth is 1
Handshake duration: 228.28 ms
Execution 200 - TLS Single
s_connection: verify depth is 1
Handshake duration: 2497.28 ms
Execution 201 - TLS Single
s_connection: verify depth is 1
Handshake duration: 71.32 ms
Execution 202 - TLS Single
s_connection: verify depth is 1
Handshake duration: 74.92 ms
Execution 203 - TLS Single
s_connection: verify depth is 1
Handshake duration: 71.09 ms
Execution 204 - TLS Single
s_connection: verify depth is 1
Handshake duration: 74.01 ms
Execution 205 - TLS Single
s_connection: verify depth is 1
Handshake duration: 280.57 ms
Execution 206 - TLS Single
s_connection: verify depth is 1
Handshake duration: 74.46 ms
Execution 207 - TLS Single
s_connection: verify depth is 1
Handshake duration: 64.65 ms
Execution 208 - TLS Single
s_connection: verify depth is 1
Handshake duration: 1478.71 ms
Execution 209 - TLS Single
s_connection: verify depth is 1
Handshake duration: 71.81 ms
Execution 210 - TLS Single
s_connection: verify depth is 1
Handshake duration: 70.53 ms
Execution 211 - TLS Single
s_connection: verify depth is 1
Handshake duration: 70.98 ms
Execution 212 - TLS Single
s_connection: verify depth is 1
Handshake duration: 27.23 ms
Execution 213 - TLS Single
s_connection: verify depth is 1
Handshake duration: 27.65 ms
Execution 214 - TLS Single
s_connection: verify depth is 1
Handshake duration: 33.73 ms
Execution 215 - TLS Single
s_connection: verify depth is 1
Handshake duration: 42.57 ms
Execution 216 - TLS Single
s_connection: verify depth is 1
Handshake duration: 72.49 ms
Execution 217 - TLS Single
s_connection: verify depth is 1
Handshake duration: 70.38 ms
Execution 218 - TLS Single
s_connection: verify depth is 1
Handshake duration: 69.85 ms
Execution 219 - TLS Single
s_connection: verify depth is 1
Handshake duration: 462.82 ms
Execution 220 - TLS Single
s_connection: verify depth is 1
Handshake duration: 70.80 ms
Execution 221 - TLS Single
s_connection: verify depth is 1
Handshake duration: 73.12 ms
Execution 222 - TLS Single
s_connection: verify depth is 1
Handshake duration: 33.30 ms
Execution 223 - TLS Single
s_connection: verify depth is 1
Handshake duration: 30.51 ms
Execution 224 - TLS Single
s_connection: verify depth is 1
Handshake duration: 224.26 ms
Execution 225 - TLS Single
s_connection: verify depth is 1
Handshake duration: 1246.48 ms
Execution 226 - TLS Single
s_connection: verify depth is 1
Handshake duration: 73.31 ms
Execution 227 - TLS Single
s_connection: verify depth is 1
Handshake duration: 72.47 ms
Execution 228 - TLS Single
s_connection: verify depth is 1
Handshake duration: 73.70 ms
Execution 229 - TLS Single
s_connection: verify depth is 1
Handshake duration: 73.88 ms
Execution 230 - TLS Single
s_connection: verify depth is 1
Handshake duration: 35.46 ms
Execution 231 - TLS Single
s_connection: verify depth is 1
Handshake duration: 36.26 ms
Execution 232 - TLS Single
s_connection: verify depth is 1
Handshake duration: 43.09 ms
Execution 233 - TLS Single
s_connection: verify depth is 1
Handshake duration: 57.76 ms
Execution 234 - TLS Single
s_connection: verify depth is 1
Handshake duration: 74.32 ms
Execution 235 - TLS Single
s_connection: verify depth is 1
Handshake duration: 71.79 ms
Execution 236 - TLS Single
s_connection: verify depth is 1
Handshake duration: 65.67 ms
Execution 237 - TLS Single
s_connection: verify depth is 1
Handshake duration: 246.87 ms
Execution 238 - TLS Single
s_connection: verify depth is 1
Handshake duration: 71.45 ms
Execution 239 - TLS Single
s_connection: verify depth is 1
Handshake duration: 28.13 ms
Execution 240 - TLS Single
s_connection: verify depth is 1
Handshake duration: 226.11 ms
Execution 241 - TLS Single
s_connection: verify depth is 1
Handshake duration: 72.53 ms
Execution 242 - TLS Single
s_connection: verify depth is 1
Handshake duration: 70.98 ms
Execution 243 - TLS Single
s_connection: verify depth is 1
Handshake duration: 72.82 ms
Execution 244 - TLS Single
s_connection: verify depth is 1
Handshake duration: 75.08 ms
Execution 245 - TLS Single
s_connection: verify depth is 1
Handshake duration: 72.26 ms
Execution 246 - TLS Single
s_connection: verify depth is 1
Handshake duration: 27.86 ms
Execution 247 - TLS Single
s_connection: verify depth is 1
Handshake duration: 1085.30 ms
Execution 248 - TLS Single
s_connection: verify depth is 1
Handshake duration: 69.94 ms
Execution 249 - TLS Single
s_connection: verify depth is 1
Handshake duration: 68.54 ms
Execution 250 - TLS Single
s_connection: verify depth is 1
Handshake duration: 1514.28 ms
Execution 251 - TLS Single
s_connection: verify depth is 1
Handshake duration: 1080.74 ms
Execution 252 - TLS Single
s_connection: verify depth is 1
Handshake duration: 249.87 ms
Execution 253 - TLS Single
s_connection: verify depth is 1
Handshake duration: 70.26 ms
Execution 254 - TLS Single
s_connection: verify depth is 1
Handshake duration: 73.24 ms
Execution 255 - TLS Single
s_connection: verify depth is 1
Handshake duration: 74.17 ms
Execution 256 - TLS Single
s_connection: verify depth is 1
Handshake duration: 71.38 ms
Execution 257 - TLS Single
s_connection: verify depth is 1
Handshake duration: 73.61 ms
Execution 258 - TLS Single
s_connection: verify depth is 1
Handshake duration: 73.36 ms
Execution 259 - TLS Single
s_connection: verify depth is 1
Handshake duration: 72.05 ms
Execution 260 - TLS Single
s_connection: verify depth is 1
Handshake duration: 73.43 ms
Execution 261 - TLS Single
s_connection: verify depth is 1
Handshake duration: 71.14 ms
Execution 262 - TLS Single
s_connection: verify depth is 1
Handshake duration: 72.77 ms
Execution 263 - TLS Single
s_connection: verify depth is 1
Handshake duration: 273.40 ms
Execution 264 - TLS Single
s_connection: verify depth is 1
Handshake duration: 65.97 ms
Execution 265 - TLS Single
s_connection: verify depth is 1
Handshake duration: 44.75 ms
Execution 266 - TLS Single
s_connection: verify depth is 1
Handshake duration: 40.11 ms
Execution 267 - TLS Single
s_connection: verify depth is 1
Handshake duration: 1073.71 ms
Execution 268 - TLS Single
s_connection: verify depth is 1
Handshake duration: 70.72 ms
Execution 269 - TLS Single
s_connection: verify depth is 1
Handshake duration: 71.08 ms
Execution 270 - TLS Single
s_connection: verify depth is 1
Handshake duration: 3130.00 ms
Execution 271 - TLS Single
s_connection: verify depth is 1
Handshake duration: 72.78 ms
Execution 272 - TLS Single
s_connection: verify depth is 1
Handshake duration: 253.83 ms
Execution 273 - TLS Single
s_connection: verify depth is 1
Handshake duration: 251.31 ms
Execution 274 - TLS Single
s_connection: verify depth is 1
Handshake duration: 71.81 ms
Execution 275 - TLS Single
s_connection: verify depth is 1
Handshake duration: 51.70 ms
Execution 276 - TLS Single
s_connection: verify depth is 1
Handshake duration: 34.13 ms
Execution 277 - TLS Single
s_connection: verify depth is 1
Handshake duration: 34.45 ms
Execution 278 - TLS Single
s_connection: verify depth is 1
Handshake duration: 37.57 ms
Execution 279 - TLS Single
s_connection: verify depth is 1
Handshake duration: 35.00 ms
Execution 280 - TLS Single
s_connection: verify depth is 1
Handshake duration: 35.18 ms
Execution 281 - TLS Single
s_connection: verify depth is 1
Handshake duration: 54.66 ms
Execution 282 - TLS Single
s_connection: verify depth is 1
Handshake duration: 69.09 ms
Execution 283 - TLS Single
s_connection: verify depth is 1
Handshake duration: 50.32 ms
Execution 284 - TLS Single
s_connection: verify depth is 1
Handshake duration: 45.13 ms
Execution 285 - TLS Single
s_connection: verify depth is 1
Handshake duration: 58.26 ms
Execution 286 - TLS Single
s_connection: verify depth is 1
Handshake duration: 64.00 ms
Execution 287 - TLS Single
s_connection: verify depth is 1
Handshake duration: 60.89 ms
Execution 288 - TLS Single
s_connection: verify depth is 1
Handshake duration: 63.18 ms
Execution 289 - TLS Single
s_connection: verify depth is 1
Handshake duration: 1518.77 ms
Execution 290 - TLS Single
s_connection: verify depth is 1
Handshake duration: 63.94 ms
Execution 291 - TLS Single
s_connection: verify depth is 1
Handshake duration: 61.44 ms
Execution 292 - TLS Single
s_connection: verify depth is 1
Handshake duration: 60.00 ms
Execution 293 - TLS Single
s_connection: verify depth is 1
Handshake duration: 60.45 ms
Execution 294 - TLS Single
s_connection: verify depth is 1
Handshake duration: 60.41 ms
Execution 295 - TLS Single
s_connection: verify depth is 1
Handshake duration: 61.12 ms
Execution 296 - TLS Single
s_connection: verify depth is 1
Handshake duration: 62.03 ms
Execution 297 - TLS Single
s_connection: verify depth is 1
Handshake duration: 60.10 ms
Execution 298 - TLS Single
s_connection: verify depth is 1
Handshake duration: 61.00 ms
Execution 299 - TLS Single
s_connection: verify depth is 1
Handshake duration: 245.43 ms
Execution 300 - TLS Single
s_connection: verify depth is 1
Handshake duration: 67.65 ms
Execution 301 - TLS Single
s_connection: verify depth is 1
Handshake duration: 64.21 ms
Execution 302 - TLS Single
s_connection: verify depth is 1
Handshake duration: 253.90 ms
Execution 303 - TLS Single
s_connection: verify depth is 1
Handshake duration: 68.07 ms
Execution 304 - TLS Single
s_connection: verify depth is 1
Handshake duration: 247.65 ms
Execution 305 - TLS Single
s_connection: verify depth is 1
Handshake duration: 68.39 ms
Execution 306 - TLS Single
s_connection: verify depth is 1
Handshake duration: 1510.05 ms
Execution 307 - TLS Single
s_connection: verify depth is 1
Handshake duration: 79.64 ms
Execution 308 - TLS Single
s_connection: verify depth is 1
Handshake duration: 27.18 ms
Execution 309 - TLS Single
s_connection: verify depth is 1
Handshake duration: 28.18 ms
Execution 310 - TLS Single
s_connection: verify depth is 1
Handshake duration: 1281.19 ms
Execution 311 - TLS Single
s_connection: verify depth is 1
Handshake duration: 64.79 ms
Execution 312 - TLS Single
s_connection: verify depth is 1
Handshake duration: 62.96 ms
Execution 313 - TLS Single
s_connection: verify depth is 1
Handshake duration: 1096.40 ms
Execution 314 - TLS Single
s_connection: verify depth is 1
Handshake duration: 65.11 ms
Execution 315 - TLS Single
s_connection: verify depth is 1
Handshake duration: 60.08 ms
Execution 316 - TLS Single
s_connection: verify depth is 1
Handshake duration: 64.83 ms
Execution 317 - TLS Single
s_connection: verify depth is 1
Handshake duration: 63.17 ms
Execution 318 - TLS Single
s_connection: verify depth is 1
Handshake duration: 61.51 ms
Execution 319 - TLS Single
s_connection: verify depth is 1
Handshake duration: 2700.69 ms
Execution 320 - TLS Single
s_connection: verify depth is 1
Handshake duration: 24.02 ms
Execution 321 - TLS Single
s_connection: verify depth is 1
Handshake duration: 49.23 ms
Execution 322 - TLS Single
s_connection: verify depth is 1
Handshake duration: 62.19 ms
Execution 323 - TLS Single
s_connection: verify depth is 1
Handshake duration: 5184.67 ms
Execution 324 - TLS Single
s_connection: verify depth is 1
Handshake duration: 63.72 ms
Execution 325 - TLS Single
s_connection: verify depth is 1
Handshake duration: 1068.26 ms
Execution 326 - TLS Single
s_connection: verify depth is 1
Handshake duration: 1116.94 ms
Execution 327 - TLS Single
s_connection: verify depth is 1
Handshake duration: 61.12 ms
Execution 328 - TLS Single
s_connection: verify depth is 1
Handshake duration: 1088.61 ms
Execution 329 - TLS Single
s_connection: verify depth is 1
Handshake duration: 62.22 ms
Execution 330 - TLS Single
s_connection: verify depth is 1
Handshake duration: 61.09 ms
Execution 331 - TLS Single
s_connection: verify depth is 1
Handshake duration: 60.72 ms
Execution 332 - TLS Single
s_connection: verify depth is 1
Handshake duration: 654.31 ms
Execution 333 - TLS Single
s_connection: verify depth is 1
Handshake duration: 63.46 ms
Execution 334 - TLS Single
s_connection: verify depth is 1
Handshake duration: 60.80 ms
Execution 335 - TLS Single
s_connection: verify depth is 1
Handshake duration: 61.80 ms
Execution 336 - TLS Single
s_connection: verify depth is 1
Handshake duration: 62.65 ms
Execution 337 - TLS Single
s_connection: verify depth is 1
Handshake duration: 1093.88 ms
Execution 338 - TLS Single
s_connection: verify depth is 1
Handshake duration: 270.17 ms
Execution 339 - TLS Single
s_connection: verify depth is 1
Handshake duration: 247.45 ms
Execution 340 - TLS Single
s_connection: verify depth is 1
Handshake duration: 67.31 ms
Execution 341 - TLS Single
s_connection: verify depth is 1
Handshake duration: 2759.04 ms
Execution 342 - TLS Single
s_connection: verify depth is 1
Handshake duration: 448.03 ms
Execution 343 - TLS Single
s_connection: verify depth is 1
Handshake duration: 3149.55 ms
Execution 344 - TLS Single
s_connection: verify depth is 1
Handshake duration: 61.40 ms
Execution 345 - TLS Single
s_connection: verify depth is 1
Handshake duration: 62.28 ms
Execution 346 - TLS Single
s_connection: verify depth is 1
Handshake duration: 1308.37 ms
Execution 347 - TLS Single
s_connection: verify depth is 1
Handshake duration: 248.50 ms
Execution 348 - TLS Single
s_connection: verify depth is 1
Handshake duration: 60.84 ms
Execution 349 - TLS Single
s_connection: verify depth is 1
Handshake duration: 245.48 ms
Execution 350 - TLS Single
s_connection: verify depth is 1
Handshake duration: 271.22 ms
Execution 351 - TLS Single
s_connection: verify depth is 1
Handshake duration: 63.83 ms
Execution 352 - TLS Single
s_connection: verify depth is 1
Handshake duration: 1072.81 ms
Execution 353 - TLS Single
s_connection: verify depth is 1
Handshake duration: 64.31 ms
Execution 354 - TLS Single
s_connection: verify depth is 1
Handshake duration: 243.40 ms
Execution 355 - TLS Single
s_connection: verify depth is 1
Handshake duration: 64.63 ms
Execution 356 - TLS Single
s_connection: verify depth is 1
Handshake duration: 249.09 ms
Execution 357 - TLS Single
s_connection: verify depth is 1
Handshake duration: 1327.28 ms
Execution 358 - TLS Single
s_connection: verify depth is 1
Handshake duration: 62.78 ms
Execution 359 - TLS Single
s_connection: verify depth is 1
Handshake duration: 61.04 ms
Execution 360 - TLS Single
s_connection: verify depth is 1
Handshake duration: 59.77 ms
Execution 361 - TLS Single
s_connection: verify depth is 1
Handshake duration: 245.56 ms
Execution 362 - TLS Single
s_connection: verify depth is 1
Handshake duration: 1499.11 ms
Execution 363 - TLS Single
s_connection: verify depth is 1
Handshake duration: 2104.12 ms
Execution 364 - TLS Single
s_connection: verify depth is 1
Handshake duration: 1279.41 ms
Execution 365 - TLS Single
s_connection: verify depth is 1
Handshake duration: 679.96 ms
Execution 366 - TLS Single
s_connection: verify depth is 1
Handshake duration: 455.22 ms
Execution 367 - TLS Single
s_connection: verify depth is 1
Handshake duration: 61.66 ms
Execution 368 - TLS Single
s_connection: verify depth is 1
Handshake duration: 61.25 ms
Execution 369 - TLS Single
s_connection: verify depth is 1
Handshake duration: 60.38 ms
Execution 370 - TLS Single
s_connection: verify depth is 1
Handshake duration: 479.77 ms
Execution 371 - TLS Single
s_connection: verify depth is 1
Handshake duration: 62.84 ms
Execution 372 - TLS Single
s_connection: verify depth is 1
Handshake duration: 61.43 ms
Execution 373 - TLS Single
s_connection: verify depth is 1
Handshake duration: 244.98 ms
Execution 374 - TLS Single
s_connection: verify depth is 1
Handshake duration: 3171.13 ms
Execution 375 - TLS Single
s_connection: verify depth is 1
Handshake duration: 61.41 ms
Execution 376 - TLS Single
s_connection: verify depth is 1
Handshake duration: 60.69 ms
Execution 377 - TLS Single
s_connection: verify depth is 1
Handshake duration: 60.18 ms
Execution 378 - TLS Single
s_connection: verify depth is 1
Handshake duration: 61.39 ms
Execution 379 - TLS Single
s_connection: verify depth is 1
Handshake duration: 1108.59 ms
Execution 380 - TLS Single
s_connection: verify depth is 1
Handshake duration: 64.24 ms
Execution 381 - TLS Single
s_connection: verify depth is 1
Handshake duration: 60.32 ms
Execution 382 - TLS Single
s_connection: verify depth is 1
Handshake duration: 59.86 ms
Execution 383 - TLS Single
s_connection: verify depth is 1
Handshake duration: 1695.42 ms
Execution 384 - TLS Single
s_connection: verify depth is 1
Handshake duration: 63.77 ms
Execution 385 - TLS Single
s_connection: verify depth is 1
Handshake duration: 2334.17 ms
Execution 386 - TLS Single
s_connection: verify depth is 1
Handshake duration: 2122.85 ms
Execution 387 - TLS Single
s_connection: verify depth is 1
Handshake duration: 59.78 ms
Execution 388 - TLS Single
s_connection: verify depth is 1
Handshake duration: 60.31 ms
Execution 389 - TLS Single
s_connection: verify depth is 1
Handshake duration: 72.53 ms
Execution 390 - TLS Single
s_connection: verify depth is 1
Handshake duration: 42.50 ms
Execution 391 - TLS Single
s_connection: verify depth is 1
Handshake duration: 41.60 ms
Execution 392 - TLS Single
s_connection: verify depth is 1
Handshake duration: 41.86 ms
Execution 393 - TLS Single
s_connection: verify depth is 1
Handshake duration: 34.15 ms
Execution 394 - TLS Single
s_connection: verify depth is 1
Handshake duration: 25.29 ms
Execution 395 - TLS Single
s_connection: verify depth is 1
Handshake duration: 25.82 ms
Execution 396 - TLS Single
s_connection: verify depth is 1
Handshake duration: 2105.67 ms
Execution 397 - TLS Single
s_connection: verify depth is 1
Handshake duration: 1115.99 ms
Execution 398 - TLS Single
s_connection: verify depth is 1
Handshake duration: 60.53 ms
Execution 399 - TLS Single
s_connection: verify depth is 1
Handshake duration: 60.25 ms
Execution 400 - TLS Single
s_connection: verify depth is 1
Handshake duration: 60.22 ms
Execution 401 - TLS Single
s_connection: verify depth is 1
Handshake duration: 59.66 ms
Execution 402 - TLS Single
s_connection: verify depth is 1
Handshake duration: 1866.29 ms
Execution 403 - TLS Single
s_connection: verify depth is 1
Handshake duration: 62.58 ms
Execution 404 - TLS Single
s_connection: verify depth is 1
Handshake duration: 61.09 ms
Execution 405 - TLS Single
s_connection: verify depth is 1
Handshake duration: 60.44 ms
Execution 406 - TLS Single
s_connection: verify depth is 1
Handshake duration: 59.31 ms
Execution 407 - TLS Single
s_connection: verify depth is 1
Handshake duration: 1671.23 ms
Execution 408 - TLS Single
s_connection: verify depth is 1
Handshake duration: 62.58 ms
Execution 409 - TLS Single
s_connection: verify depth is 1
Handshake duration: 61.58 ms
Execution 410 - TLS Single
s_connection: verify depth is 1
Handshake duration: 1310.41 ms
Execution 411 - TLS Single
s_connection: verify depth is 1
Handshake duration: 61.73 ms
Execution 412 - TLS Single
s_connection: verify depth is 1
Handshake duration: 60.11 ms
Execution 413 - TLS Single
s_connection: verify depth is 1
Handshake duration: 60.71 ms
Execution 414 - TLS Single
s_connection: verify depth is 1
Handshake duration: 60.83 ms
Execution 415 - TLS Single
s_connection: verify depth is 1
Handshake duration: 280.37 ms
Execution 416 - TLS Single
s_connection: verify depth is 1
Handshake duration: 68.71 ms
Execution 417 - TLS Single
s_connection: verify depth is 1
Handshake duration: 60.71 ms
Execution 418 - TLS Single
s_connection: verify depth is 1
Handshake duration: 249.68 ms
Execution 419 - TLS Single
s_connection: verify depth is 1
Handshake duration: 69.53 ms
Execution 420 - TLS Single
s_connection: verify depth is 1
Handshake duration: 1508.39 ms
Execution 421 - TLS Single
s_connection: verify depth is 1
Handshake duration: 66.70 ms
Execution 422 - TLS Single
s_connection: verify depth is 1
Handshake duration: 69.28 ms
Execution 423 - TLS Single
s_connection: verify depth is 1
Handshake duration: 63.66 ms
Execution 424 - TLS Single
s_connection: verify depth is 1
Handshake duration: 59.85 ms
Execution 425 - TLS Single
s_connection: verify depth is 1
Handshake duration: 59.60 ms
Execution 426 - TLS Single
s_connection: verify depth is 1
Handshake duration: 244.26 ms
Execution 427 - TLS Single
s_connection: verify depth is 1
Handshake duration: 76.35 ms
Execution 428 - TLS Single
s_connection: verify depth is 1
Handshake duration: 1098.57 ms
Execution 429 - TLS Single
s_connection: verify depth is 1
Handshake duration: 1111.19 ms
Execution 430 - TLS Single
s_connection: verify depth is 1
Handshake duration: 61.28 ms
Execution 431 - TLS Single
s_connection: verify depth is 1
Handshake duration: 655.09 ms
Execution 432 - TLS Single
s_connection: verify depth is 1
Handshake duration: 25.13 ms
Execution 433 - TLS Single
s_connection: verify depth is 1
Handshake duration: 32.66 ms
Execution 434 - TLS Single
s_connection: verify depth is 1
Handshake duration: 1094.49 ms
Execution 435 - TLS Single
s_connection: verify depth is 1
Handshake duration: 63.37 ms
Execution 436 - TLS Single
s_connection: verify depth is 1
Handshake duration: 61.29 ms
Execution 437 - TLS Single
s_connection: verify depth is 1
Handshake duration: 61.31 ms
Execution 438 - TLS Single
s_connection: verify depth is 1
Handshake duration: 44.33 ms
Execution 439 - TLS Single
s_connection: verify depth is 1
Handshake duration: 42.00 ms
Execution 440 - TLS Single
s_connection: verify depth is 1
Handshake duration: 1280.68 ms
Execution 441 - TLS Single
s_connection: verify depth is 1
Handshake duration: 63.68 ms
Execution 442 - TLS Single
s_connection: verify depth is 1
Handshake duration: 64.41 ms
Execution 443 - TLS Single
s_connection: verify depth is 1
Handshake duration: 60.57 ms
Execution 444 - TLS Single
s_connection: verify depth is 1
Handshake duration: 60.65 ms
Execution 445 - TLS Single
s_connection: verify depth is 1
Handshake duration: 60.30 ms
Execution 446 - TLS Single
s_connection: verify depth is 1
Handshake duration: 248.60 ms
Execution 447 - TLS Single
s_connection: verify depth is 1
Handshake duration: 81.72 ms
Execution 448 - TLS Single
s_connection: verify depth is 1
Handshake duration: 28.43 ms
Execution 449 - TLS Single
s_connection: verify depth is 1
Handshake duration: 633.05 ms
Execution 450 - TLS Single
s_connection: verify depth is 1
Handshake duration: 68.44 ms
Execution 451 - TLS Single
s_connection: verify depth is 1
Handshake duration: 4546.34 ms
Execution 452 - TLS Single
s_connection: verify depth is 1
Handshake duration: 25.43 ms
Execution 453 - TLS Single
s_connection: verify depth is 1
Handshake duration: 57.32 ms
Execution 454 - TLS Single
s_connection: verify depth is 1
Handshake duration: 64.63 ms
Execution 455 - TLS Single
s_connection: verify depth is 1
Handshake duration: 60.15 ms
Execution 456 - TLS Single
s_connection: verify depth is 1
Handshake duration: 61.12 ms
Execution 457 - TLS Single
s_connection: verify depth is 1
Handshake duration: 268.06 ms
Execution 458 - TLS Single
s_connection: verify depth is 1
Handshake duration: 251.62 ms
Execution 459 - TLS Single
s_connection: verify depth is 1
Handshake duration: 1121.37 ms
Execution 460 - TLS Single
s_connection: verify depth is 1
Handshake duration: 63.44 ms
Execution 461 - TLS Single
s_connection: verify depth is 1
Handshake duration: 60.48 ms
Execution 462 - TLS Single
s_connection: verify depth is 1
Handshake duration: 61.87 ms
Execution 463 - TLS Single
s_connection: verify depth is 1
Handshake duration: 63.25 ms
Execution 464 - TLS Single
s_connection: verify depth is 1
Handshake duration: 61.50 ms
Execution 465 - TLS Single
s_connection: verify depth is 1
Handshake duration: 1293.42 ms
Execution 466 - TLS Single
s_connection: verify depth is 1
Handshake duration: 63.93 ms
Execution 467 - TLS Single
s_connection: verify depth is 1
Handshake duration: 62.37 ms
Execution 468 - TLS Single
s_connection: verify depth is 1
Handshake duration: 60.85 ms
Execution 469 - TLS Single
s_connection: verify depth is 1
Handshake duration: 61.11 ms
Execution 470 - TLS Single
s_connection: verify depth is 1
Handshake duration: 61.52 ms
Execution 471 - TLS Single
s_connection: verify depth is 1
Handshake duration: 64.49 ms
Execution 472 - TLS Single
s_connection: verify depth is 1
Handshake duration: 1289.33 ms
Execution 473 - TLS Single
s_connection: verify depth is 1
Handshake duration: 66.17 ms
Execution 474 - TLS Single
s_connection: verify depth is 1
Handshake duration: 1471.69 ms
Execution 475 - TLS Single
s_connection: verify depth is 1
Handshake duration: 63.80 ms
Execution 476 - TLS Single
s_connection: verify depth is 1
Handshake duration: 63.30 ms
Execution 477 - TLS Single
s_connection: verify depth is 1
Handshake duration: 60.54 ms
Execution 478 - TLS Single
s_connection: verify depth is 1
Handshake duration: 1261.53 ms
Execution 479 - TLS Single
s_connection: verify depth is 1
Handshake duration: 245.99 ms
Execution 480 - TLS Single
s_connection: verify depth is 1
Handshake duration: 64.26 ms
Execution 481 - TLS Single
s_connection: verify depth is 1
Handshake duration: 242.41 ms
Execution 482 - TLS Single
s_connection: verify depth is 1
Handshake duration: 6443.91 ms
Execution 483 - TLS Single
s_connection: verify depth is 1
Handshake duration: 61.85 ms
Execution 484 - TLS Single
s_connection: verify depth is 1
Handshake duration: 860.95 ms
Execution 485 - TLS Single
s_connection: verify depth is 1
Handshake duration: 62.34 ms
Execution 486 - TLS Single
s_connection: verify depth is 1
Handshake duration: 59.40 ms
Execution 487 - TLS Single
s_connection: verify depth is 1
Handshake duration: 60.65 ms
Execution 488 - TLS Single
s_connection: verify depth is 1
Handshake duration: 43.59 ms
Execution 489 - TLS Single
s_connection: verify depth is 1
Handshake duration: 41.73 ms
Execution 490 - TLS Single
s_connection: verify depth is 1
Handshake duration: 42.26 ms
Execution 491 - TLS Single
s_connection: verify depth is 1
Handshake duration: 41.51 ms
Execution 492 - TLS Single
s_connection: verify depth is 1
Handshake duration: 57.71 ms
Execution 493 - TLS Single
s_connection: verify depth is 1
Handshake duration: 267.44 ms
Execution 494 - TLS Single
s_connection: verify depth is 1
Handshake duration: 64.20 ms
Execution 495 - TLS Single
s_connection: verify depth is 1
Handshake duration: 673.83 ms
Execution 496 - TLS Single
s_connection: verify depth is 1
Handshake duration: 62.90 ms
Execution 497 - TLS Single
s_connection: verify depth is 1
Handshake duration: 24.72 ms
Execution 498 - TLS Single
s_connection: verify depth is 1
Handshake duration: 26.75 ms
Execution 499 - TLS Single
s_connection: verify depth is 1
Handshake duration: 24.23 ms
Execution 500 - TLS Single
s_connection: verify depth is 1
Handshake duration: 27.63 ms
