Handshake timeout budget: 150s (identique TLS/QUIC)
Applying netem rules to lo...
Showing qdisc status for the interface: lo
qdisc netem 87a1: root refcnt 2 limit 1000 seed 3186343858534364296
 Sent 0 bytes 0 pkt (dropped 0, overlimits 0 requeues 0) 
 backlog 0b 0p requeues 0
Running ./perftestClientTlsQuic.sh with SIG_ALG=mldsa65 and KEM_ALG=mlkem768
Execution 1 - TLS Single
s_connection: verify depth is 1
Handshake duration: 2.16 ms
Execution 2 - TLS Single
s_connection: verify depth is 1
Handshake duration: 1.46 ms
Execution 3 - TLS Single
s_connection: verify depth is 1
Handshake duration: 619.86 ms
Execution 4 - TLS Single
s_connection: verify depth is 1
Handshake duration: 1.88 ms
Execution 5 - TLS Single
s_connection: verify depth is 1
Handshake duration: 1.84 ms
Execution 6 - TLS Single
s_connection: verify depth is 1
Handshake duration: 1.54 ms
Execution 7 - TLS Single
s_connection: verify depth is 1
Handshake duration: 1.54 ms
Execution 8 - TLS Single
s_connection: verify depth is 1
Handshake duration: 1.78 ms
Execution 9 - TLS Single
s_connection: verify depth is 1
Handshake duration: 1.53 ms
Execution 10 - TLS Single
s_connection: verify depth is 1
Handshake duration: 215.20 ms
Execution 11 - TLS Single
s_connection: verify depth is 1
Handshake duration: 4.36 ms
Execution 12 - TLS Single
s_connection: verify depth is 1
Handshake duration: 1056.84 ms
Execution 13 - TLS Single
s_connection: verify depth is 1
Handshake duration: 2.48 ms
Execution 14 - TLS Single
s_connection: verify depth is 1
Handshake duration: 1051.38 ms
Execution 15 - TLS Single
s_connection: verify depth is 1
Handshake duration: 1.97 ms
Execution 16 - TLS Single
s_connection: verify depth is 1
Handshake duration: 624.43 ms
Execution 17 - TLS Single
s_connection: verify depth is 1
Handshake duration: 7.00 ms
Execution 18 - TLS Single
s_connection: verify depth is 1
Handshake duration: 2.64 ms
Execution 19 - TLS Single
s_connection: verify depth is 1
Handshake duration: 2.56 ms
Execution 20 - TLS Single
s_connection: verify depth is 1
Handshake duration: 2.46 ms
Execution 21 - TLS Single
s_connection: verify depth is 1
Handshake duration: 1043.45 ms
Execution 22 - TLS Single
s_connection: verify depth is 1
Handshake duration: 2.38 ms
Execution 23 - TLS Single
s_connection: verify depth is 1
Handshake duration: 2.19 ms
Execution 24 - TLS Single
s_connection: verify depth is 1
Handshake duration: 1.68 ms
Execution 25 - TLS Single
s_connection: verify depth is 1
Handshake duration: 418.02 ms
Execution 26 - TLS Single
s_connection: verify depth is 1
Handshake duration: 3150.16 ms
Execution 27 - TLS Single
s_connection: verify depth is 1
Handshake duration: 2.45 ms
Execution 28 - TLS Single
s_connection: verify depth is 1
Handshake duration: 2.46 ms
Execution 29 - TLS Single
s_connection: verify depth is 1
Handshake duration: 1.70 ms
Execution 30 - TLS Single
s_connection: verify depth is 1
Handshake duration: 1021.63 ms
Execution 31 - TLS Single
s_connection: verify depth is 1
Handshake duration: 7.10 ms
Execution 32 - TLS Single
s_connection: verify depth is 1
Handshake duration: 4.10 ms
Execution 33 - TLS Single
s_connection: verify depth is 1
Handshake duration: 3105.63 ms
Execution 34 - TLS Single
s_connection: verify depth is 1
Handshake duration: 1.90 ms
Execution 35 - TLS Single
s_connection: verify depth is 1
Handshake duration: 1055.36 ms
Execution 36 - TLS Single
s_connection: verify depth is 1
Handshake duration: 1.69 ms
Execution 37 - TLS Single
s_connection: verify depth is 1
Handshake duration: 1.65 ms
Execution 38 - TLS Single
s_connection: verify depth is 1
Handshake duration: 1.76 ms
Execution 39 - TLS Single
s_connection: verify depth is 1
Handshake duration: 1045.10 ms
Execution 40 - TLS Single
s_connection: verify depth is 1
Handshake duration: 1621.77 ms
Execution 41 - TLS Single
s_connection: verify depth is 1
Handshake duration: 1016.68 ms
Execution 42 - TLS Single
s_connection: verify depth is 1
Handshake duration: 2.19 ms
Execution 43 - TLS Single
s_connection: verify depth is 1
Handshake duration: 1.64 ms
Execution 44 - TLS Single
s_connection: verify depth is 1
Handshake duration: 1.70 ms
Execution 45 - TLS Single
s_connection: verify depth is 1
Handshake duration: 1.68 ms
Execution 46 - TLS Single
s_connection: verify depth is 1
Handshake duration: 1.59 ms
Execution 47 - TLS Single
s_connection: verify depth is 1
Handshake duration: 1.59 ms
Execution 48 - TLS Single
s_connection: verify depth is 1
Handshake duration: 1.81 ms
Execution 49 - TLS Single
s_connection: verify depth is 1
Handshake duration: 1.77 ms
Execution 50 - TLS Single
s_connection: verify depth is 1
Handshake duration: 1.56 ms
Execution 51 - TLS Single
s_connection: verify depth is 1
Handshake duration: 1.71 ms
Execution 52 - TLS Single
s_connection: verify depth is 1
Handshake duration: 1.66 ms
Execution 53 - TLS Single
s_connection: verify depth is 1
Handshake duration: 1890.26 ms
Execution 54 - TLS Single
s_connection: verify depth is 1
Handshake duration: 7.56 ms
Execution 55 - TLS Single
s_connection: verify depth is 1
Handshake duration: 2.94 ms
Execution 56 - TLS Single
s_connection: verify depth is 1
Handshake duration: 1229.22 ms
Execution 57 - TLS Single
s_connection: verify depth is 1
Handshake duration: 210.80 ms
Execution 58 - TLS Single
s_connection: verify depth is 1
Handshake duration: 6367.56 ms
Execution 59 - TLS Single
s_connection: verify depth is 1
Handshake duration: 2.06 ms
Execution 60 - TLS Single
s_connection: verify depth is 1
Handshake duration: 418.56 ms
Execution 61 - TLS Single
s_connection: verify depth is 1
Handshake duration: 1438.77 ms
Execution 62 - TLS Single
s_connection: verify depth is 1
Handshake duration: 1.85 ms
Execution 63 - TLS Single
s_connection: verify depth is 1
Handshake duration: 212.23 ms
Execution 64 - TLS Single
s_connection: verify depth is 1
Handshake duration: 1064.49 ms
Execution 65 - TLS Single
s_connection: verify depth is 1
Handshake duration: 419.12 ms
Execution 66 - TLS Single
s_connection: verify depth is 1
Handshake duration: 2.44 ms
Execution 67 - TLS Single
s_connection: verify depth is 1
Handshake duration: 2.64 ms
Execution 68 - TLS Single
s_connection: verify depth is 1
Handshake duration: 1.72 ms
Execution 69 - TLS Single
s_connection: verify depth is 1
Handshake duration: 1.56 ms
Execution 70 - TLS Single
s_connection: verify depth is 1
Handshake duration: 1.54 ms
Execution 71 - TLS Single
s_connection: verify depth is 1
Handshake duration: 1.64 ms
Execution 72 - TLS Single
s_connection: verify depth is 1
Handshake duration: 1.82 ms
Execution 73 - TLS Single
s_connection: verify depth is 1
Handshake duration: 1.62 ms
Execution 74 - TLS Single
s_connection: verify depth is 1
Handshake duration: 1.52 ms
Execution 75 - TLS Single
s_connection: verify depth is 1
Handshake duration: 1034.38 ms
Execution 76 - TLS Single
s_connection: verify depth is 1
Handshake duration: 616.79 ms
Execution 77 - TLS Single
s_connection: verify depth is 1
Handshake duration: 1.81 ms
Execution 78 - TLS Single
s_connection: verify depth is 1
Handshake duration: 1.78 ms
Execution 79 - TLS Single
s_connection: verify depth is 1
Handshake duration: 1.67 ms
Execution 80 - TLS Single
s_connection: verify depth is 1
Handshake duration: 1.52 ms
Execution 81 - TLS Single
s_connection: verify depth is 1
Handshake duration: 1026.83 ms
Execution 82 - TLS Single
s_connection: verify depth is 1
Handshake duration: 2.60 ms
Execution 83 - TLS Single
s_connection: verify depth is 1
Handshake duration: 5.20 ms
Execution 84 - TLS Single
s_connection: verify depth is 1
Handshake duration: 1.66 ms
Execution 85 - TLS Single
s_connection: verify depth is 1
Handshake duration: 1.58 ms
Execution 86 - TLS Single
s_connection: verify depth is 1
Handshake duration: 1.74 ms
Execution 87 - TLS Single
s_connection: verify depth is 1
Handshake duration: 1.64 ms
Execution 88 - TLS Single
s_connection: verify depth is 1
Handshake duration: 1.70 ms
Execution 89 - TLS Single
s_connection: verify depth is 1
Handshake duration: 1.77 ms
Execution 90 - TLS Single
s_connection: verify depth is 1
Handshake duration: 1.85 ms
Execution 91 - TLS Single
s_connection: verify depth is 1
Handshake duration: 1015.70 ms
Execution 92 - TLS Single
s_connection: verify depth is 1
Handshake duration: 213.36 ms
Execution 93 - TLS Single
s_connection: verify depth is 1
Handshake duration: 3.82 ms
Execution 94 - TLS Single
s_connection: verify depth is 1
Handshake duration: 2.64 ms
Execution 95 - TLS Single
s_connection: verify depth is 1
Handshake duration: 3.09 ms
Execution 96 - TLS Single
s_connection: verify depth is 1
Handshake duration: 7.24 ms
Execution 97 - TLS Single
s_connection: verify depth is 1
Handshake duration: 413.32 ms
Execution 98 - TLS Single
s_connection: verify depth is 1
Handshake duration: 3.81 ms
Execution 99 - TLS Single
s_connection: verify depth is 1
Handshake duration: 1.79 ms
Execution 100 - TLS Single
s_connection: verify depth is 1
Handshake duration: 1.59 ms
Execution 101 - TLS Single
s_connection: verify depth is 1
Handshake duration: 1.56 ms
Execution 102 - TLS Single
s_connection: verify depth is 1
Handshake duration: 212.81 ms
Execution 103 - TLS Single
s_connection: verify depth is 1
Handshake duration: 1007.80 ms
Execution 104 - TLS Single
s_connection: verify depth is 1
Handshake duration: 3.17 ms
Execution 105 - TLS Single
s_connection: verify depth is 1
Handshake duration: 209.30 ms
Execution 106 - TLS Single
s_connection: verify depth is 1
Handshake duration: 1289.82 ms
Execution 107 - TLS Single
s_connection: verify depth is 1
Handshake duration: 1.85 ms
Execution 108 - TLS Single
s_connection: verify depth is 1
Handshake duration: 209.97 ms
Execution 109 - TLS Single
s_connection: verify depth is 1
Handshake duration: 1.80 ms
Execution 110 - TLS Single
s_connection: verify depth is 1
Handshake duration: 1.70 ms
Execution 111 - TLS Single
s_connection: verify depth is 1
Handshake duration: 2.15 ms
Execution 112 - TLS Single
s_connection: verify depth is 1
Handshake duration: 1057.59 ms
Execution 113 - TLS Single
s_connection: verify depth is 1
Handshake duration: 2.17 ms
Execution 114 - TLS Single
s_connection: verify depth is 1
Handshake duration: 1.81 ms
Execution 115 - TLS Single
s_connection: verify depth is 1
Handshake duration: 1.79 ms
Execution 116 - TLS Single
s_connection: verify depth is 1
Handshake duration: 1.50 ms
Execution 117 - TLS Single
s_connection: verify depth is 1
Handshake duration: 1.54 ms
Execution 118 - TLS Single
s_connection: verify depth is 1
Handshake duration: 2.03 ms
Execution 119 - TLS Single
s_connection: verify depth is 1
Handshake duration: 210.99 ms
Execution 120 - TLS Single
s_connection: verify depth is 1
Handshake duration: 6.04 ms
Execution 121 - TLS Single
s_connection: verify depth is 1
Handshake duration: 2.01 ms
Execution 122 - TLS Single
s_connection: verify depth is 1
Handshake duration: 418.22 ms
Execution 123 - TLS Single
s_connection: verify depth is 1
Handshake duration: 1.73 ms
Execution 124 - TLS Single
s_connection: verify depth is 1
Handshake duration: 1027.47 ms
Execution 125 - TLS Single
s_connection: verify depth is 1
Handshake duration: 211.64 ms
