Handshake timeout budget: 150s (identique TLS/QUIC)
Applying netem rules to lo...
Showing qdisc status for the interface: lo
qdisc netem 93d1: root refcnt 2 limit 1000 seed 16741471245040392019
 Sent 0 bytes 0 pkt (dropped 0, overlimits 0 requeues 0) 
 backlog 0b 0p requeues 0
Running ./perftestClientTlsQuic.sh with SIG_ALG=mldsa44 and KEM_ALG=x25519_hqc128
Execution 1 - TLS Single
s_connection: verify depth is 1
Handshake duration: 16.55 ms
Execution 2 - TLS Single
s_connection: verify depth is 1
Handshake duration: 17.51 ms
Execution 3 - TLS Single
s_connection: verify depth is 1
Handshake duration: 20.62 ms
Execution 4 - TLS Single
s_connection: verify depth is 1
Handshake duration: 16.74 ms
Execution 5 - TLS Single
s_connection: verify depth is 1
Handshake duration: 17.46 ms
Execution 6 - TLS Single
s_connection: verify depth is 1
Handshake duration: 16.32 ms
Execution 7 - TLS Single
s_connection: verify depth is 1
Handshake duration: 16.22 ms
Execution 8 - TLS Single
s_connection: verify depth is 1
Handshake duration: 216.96 ms
Execution 9 - TLS Single
s_connection: verify depth is 1
Handshake duration: 1518.88 ms
Execution 10 - TLS Single
s_connection: verify depth is 1
Handshake duration: 18.75 ms
Execution 11 - TLS Single
s_connection: verify depth is 1
Handshake duration: 17.32 ms
Execution 12 - TLS Single
s_connection: verify depth is 1
Handshake duration: 218.50 ms
Execution 13 - TLS Single
s_connection: verify depth is 1
Handshake duration: 28.48 ms
Execution 14 - TLS Single
s_connection: verify depth is 1
Handshake duration: 17.97 ms
Execution 15 - TLS Single
s_connection: verify depth is 1
Handshake duration: 1026.72 ms
Execution 16 - TLS Single
s_connection: verify depth is 1
Handshake duration: 19.40 ms
Execution 17 - TLS Single
s_connection: verify depth is 1
Handshake duration: 18.42 ms
Execution 18 - TLS Single
s_connection: verify depth is 1
Handshake duration: 18.57 ms
Execution 19 - TLS Single
s_connection: verify depth is 1
Handshake duration: 18.30 ms
Execution 20 - TLS Single
s_connection: verify depth is 1
Handshake duration: 18.86 ms
Execution 21 - TLS Single
s_connection: verify depth is 1
Handshake duration: 18.61 ms
Execution 22 - TLS Single
s_connection: verify depth is 1
Handshake duration: 16.90 ms
Execution 23 - TLS Single
s_connection: verify depth is 1
Handshake duration: 219.43 ms
Execution 24 - TLS Single
s_connection: verify depth is 1
Handshake duration: 1918.15 ms
Execution 25 - TLS Single
s_connection: verify depth is 1
Handshake duration: 18.23 ms
Execution 26 - TLS Single
s_connection: verify depth is 1
Handshake duration: 18.02 ms
Execution 27 - TLS Single
s_connection: verify depth is 1
Handshake duration: 18.02 ms
Execution 28 - TLS Single
s_connection: verify depth is 1
Handshake duration: 15.87 ms
Execution 29 - TLS Single
s_connection: verify depth is 1
Handshake duration: 16.16 ms
Execution 30 - TLS Single
s_connection: verify depth is 1
Handshake duration: 16.71 ms
Execution 31 - TLS Single
s_connection: verify depth is 1
Handshake duration: 1045.34 ms
Execution 32 - TLS Single
s_connection: verify depth is 1
Handshake duration: 18.57 ms
Execution 33 - TLS Single
s_connection: verify depth is 1
Handshake duration: 17.96 ms
Execution 34 - TLS Single
s_connection: verify depth is 1
Handshake duration: 18.86 ms
Execution 35 - TLS Single
s_connection: verify depth is 1
Handshake duration: 18.77 ms
Execution 36 - TLS Single
s_connection: verify depth is 1
Handshake duration: 17.92 ms
Execution 37 - TLS Single
s_connection: verify depth is 1
Handshake duration: 16.14 ms
Execution 38 - TLS Single
s_connection: verify depth is 1
Handshake duration: 833.91 ms
Execution 39 - TLS Single
s_connection: verify depth is 1
Handshake duration: 22.09 ms
Execution 40 - TLS Single
s_connection: verify depth is 1
Handshake duration: 1034.09 ms
Execution 41 - TLS Single
s_connection: verify depth is 1
Handshake duration: 18.43 ms
Execution 42 - TLS Single
s_connection: verify depth is 1
Handshake duration: 17.54 ms
Execution 43 - TLS Single
s_connection: verify depth is 1
Handshake duration: 1547.43 ms
Execution 44 - TLS Single
s_connection: verify depth is 1
Handshake duration: 32.74 ms
Execution 45 - TLS Single
s_connection: verify depth is 1
Handshake duration: 22.29 ms
Execution 46 - TLS Single
s_connection: verify depth is 1
Handshake duration: 17.03 ms
Execution 47 - TLS Single
s_connection: verify depth is 1
Handshake duration: 16.55 ms
Execution 48 - TLS Single
s_connection: verify depth is 1
Handshake duration: 16.37 ms
Execution 49 - TLS Single
s_connection: verify depth is 1
Handshake duration: 16.00 ms
Execution 50 - TLS Single
s_connection: verify depth is 1
Handshake duration: 16.35 ms
Execution 51 - TLS Single
s_connection: verify depth is 1
Handshake duration: 1297.77 ms
Execution 52 - TLS Single
s_connection: verify depth is 1
Handshake duration: 1043.92 ms
Execution 53 - TLS Single
s_connection: verify depth is 1
Handshake duration: 18.32 ms
Execution 54 - TLS Single
s_connection: verify depth is 1
Handshake duration: 19.40 ms
Execution 55 - TLS Single
s_connection: verify depth is 1
Handshake duration: 18.41 ms
Execution 56 - TLS Single
s_connection: verify depth is 1
Handshake duration: 16.49 ms
Execution 57 - TLS Single
s_connection: verify depth is 1
Handshake duration: 16.48 ms
Execution 58 - TLS Single
s_connection: verify depth is 1
Handshake duration: 16.21 ms
Execution 59 - TLS Single
s_connection: verify depth is 1
Handshake duration: 16.66 ms
Execution 60 - TLS Single
s_connection: verify depth is 1
Handshake duration: 17.46 ms
Execution 61 - TLS Single
s_connection: verify depth is 1
Handshake duration: 17.39 ms
Execution 62 - TLS Single
s_connection: verify depth is 1
Handshake duration: 1308.92 ms
Execution 63 - TLS Single
s_connection: verify depth is 1
Handshake duration: 20.17 ms
Execution 64 - TLS Single
s_connection: verify depth is 1
Handshake duration: 19.43 ms
Execution 65 - TLS Single
s_connection: verify depth is 1
Handshake duration: 21.14 ms
Execution 66 - TLS Single
s_connection: verify depth is 1
Handshake duration: 16.59 ms
Execution 67 - TLS Single
s_connection: verify depth is 1
Handshake duration: 21.61 ms
Execution 68 - TLS Single
s_connection: verify depth is 1
Handshake duration: 16.14 ms
Execution 69 - TLS Single
s_connection: verify depth is 1
Handshake duration: 16.39 ms
Execution 70 - TLS Single
s_connection: verify depth is 1
Handshake duration: 424.33 ms
Execution 71 - TLS Single
s_connection: verify depth is 1
Handshake duration: 2068.52 ms
Execution 72 - TLS Single
s_connection: verify depth is 1
Handshake duration: 18.30 ms
Execution 73 - TLS Single
s_connection: verify depth is 1
Handshake duration: 846.05 ms
Execution 74 - TLS Single
s_connection: verify depth is 1
Handshake duration: 19.93 ms
Execution 75 - TLS Single
s_connection: verify depth is 1
Handshake duration: 1063.59 ms
Execution 76 - TLS Single
s_connection: verify depth is 1
Handshake duration: 1054.55 ms
Execution 77 - TLS Single
s_connection: verify depth is 1
Handshake duration: 18.89 ms
Execution 78 - TLS Single
s_connection: verify depth is 1
Handshake duration: 1046.47 ms
Execution 79 - TLS Single
s_connection: verify depth is 1
Handshake duration: 20.74 ms
Execution 80 - TLS Single
s_connection: verify depth is 1
Handshake duration: 217.31 ms
Execution 81 - TLS Single
s_connection: verify depth is 1
Handshake duration: 33.08 ms
Execution 82 - TLS Single
s_connection: verify depth is 1
Handshake duration: 1095.77 ms
Execution 83 - TLS Single
s_connection: verify depth is 1
Handshake duration: 21.51 ms
Execution 84 - TLS Single
s_connection: verify depth is 1
Handshake duration: 625.31 ms
Execution 85 - TLS Single
s_connection: verify depth is 1
Handshake duration: 21.43 ms
Execution 86 - TLS Single
s_connection: verify depth is 1
Handshake duration: 17.98 ms
Execution 87 - TLS Single
s_connection: verify depth is 1
Handshake duration: 1086.17 ms
Execution 88 - TLS Single
s_connection: verify depth is 1
Handshake duration: 218.29 ms
Execution 89 - TLS Single
s_connection: verify depth is 1
Handshake duration: 19.55 ms
Execution 90 - TLS Single
s_connection: verify depth is 1
Handshake duration: 18.36 ms
Execution 91 - TLS Single
s_connection: verify depth is 1
Handshake duration: 16.61 ms
Execution 92 - TLS Single
s_connection: verify depth is 1
Handshake duration: 2084.24 ms
Execution 93 - TLS Single
s_connection: verify depth is 1
Handshake duration: 216.73 ms
Execution 94 - TLS Single
s_connection: verify depth is 1
Handshake duration: 28.50 ms
Execution 95 - TLS Single
s_connection: verify depth is 1
Handshake duration: 17.72 ms
Execution 96 - TLS Single
s_connection: verify depth is 1
Handshake duration: 643.37 ms
Execution 97 - TLS Single
s_connection: verify depth is 1
Handshake duration: 18.47 ms
Execution 98 - TLS Single
s_connection: verify depth is 1
Handshake duration: 1032.58 ms
Execution 99 - TLS Single
s_connection: verify depth is 1
Handshake duration: 18.36 ms
Execution 100 - TLS Single
s_connection: verify depth is 1
Handshake duration: 1242.66 ms
Execution 101 - TLS Single
s_connection: verify depth is 1
Handshake duration: 242.10 ms
Execution 102 - TLS Single
s_connection: verify depth is 1
Handshake duration: 1875.66 ms
Execution 103 - TLS Single
s_connection: verify depth is 1
Handshake duration: 27.97 ms
Execution 104 - TLS Single
s_connection: verify depth is 1
Handshake duration: 837.75 ms
Execution 105 - TLS Single
s_connection: verify depth is 1
Handshake duration: 21.02 ms
Execution 106 - TLS Single
s_connection: verify depth is 1
Handshake duration: 18.57 ms
Execution 107 - TLS Single
s_connection: verify depth is 1
Handshake duration: 1269.72 ms
Execution 108 - TLS Single
s_connection: verify depth is 1
Handshake duration: 20.73 ms
Execution 109 - TLS Single
s_connection: verify depth is 1
Handshake duration: 18.85 ms
Execution 110 - TLS Single
s_connection: verify depth is 1
Handshake duration: 17.66 ms
Execution 111 - TLS Single
s_connection: verify depth is 1
Handshake duration: 17.92 ms
Execution 112 - TLS Single
s_connection: verify depth is 1
Handshake duration: 17.91 ms
Execution 113 - TLS Single
s_connection: verify depth is 1
Handshake duration: 17.86 ms
Execution 114 - TLS Single
s_connection: verify depth is 1
Handshake duration: 16.72 ms
Execution 115 - TLS Single
s_connection: verify depth is 1
Handshake duration: 17.25 ms
Execution 116 - TLS Single
s_connection: verify depth is 1
Handshake duration: 16.59 ms
Execution 117 - TLS Single
s_connection: verify depth is 1
Handshake duration: 15.80 ms
Execution 118 - TLS Single
s_connection: verify depth is 1
Handshake duration: 16.41 ms
Execution 119 - TLS Single
s_connection: verify depth is 1
Handshake duration: 16.90 ms
Execution 120 - TLS Single
s_connection: verify depth is 1
Handshake duration: 16.81 ms
Execution 121 - TLS Single
s_connection: verify depth is 1
Handshake duration: 1104.26 ms
Execution 122 - TLS Single
s_connection: verify depth is 1
Handshake duration: 18.64 ms
Execution 123 - TLS Single
s_connection: verify depth is 1
Handshake duration: 16.85 ms
Execution 124 - TLS Single
s_connection: verify depth is 1
Handshake duration: 16.28 ms
Execution 125 - TLS Single
s_connection: verify depth is 1
Handshake duration: 16.23 ms
