Applying netem rules to lo...
Showing qdisc status for the interface: lo
qdisc netem 8790: root refcnt 2 limit 1000 seed 17287658372705604640
 Sent 0 bytes 0 pkt (dropped 0, overlimits 0 requeues 0) 
 backlog 0b 0p requeues 0
Running ./perftestClientTlsQuic.sh with SIG_ALG=mldsa87 and KEM_ALG=p521_mlkem1024
Execution 1 - TLS Single
s_connection: verify depth is 1
Handshake duration: 1692.48 ms
Execution 2 - TLS Single
s_connection: verify depth is 1
Handshake duration: 1055.59 ms
Execution 3 - TLS Single
s_connection: verify depth is 1
Handshake duration: 433.23 ms
Execution 4 - TLS Single
s_connection: verify depth is 1
Handshake duration: 33.35 ms
Execution 5 - TLS Single
s_connection: verify depth is 1
Handshake duration: 230.59 ms
Execution 6 - TLS Single
s_connection: verify depth is 1
Handshake duration: 33.62 ms
Execution 7 - TLS Single
s_connection: verify depth is 1
Handshake duration: 1059.30 ms
Execution 8 - TLS Single
s_connection: verify depth is 1
Handshake duration: 233.41 ms
Execution 9 - TLS Single
s_connection: verify depth is 1
Handshake duration: 33.98 ms
Execution 10 - TLS Single
s_connection: verify depth is 1
Handshake duration: 29.60 ms
Execution 11 - TLS Single
s_connection: verify depth is 1
Handshake duration: 13.37 ms
Execution 12 - TLS Single
s_connection: verify depth is 1
Handshake duration: 11.94 ms
Execution 13 - TLS Single
s_connection: verify depth is 1
Handshake duration: 11.76 ms
Execution 14 - TLS Single
s_connection: verify depth is 1
Handshake duration: 218.01 ms
Execution 15 - TLS Single
s_connection: verify depth is 1
Handshake duration: 848.36 ms
Execution 16 - TLS Single
s_connection: verify depth is 1
Handshake duration: 34.18 ms
Execution 17 - TLS Single
s_connection: verify depth is 1
Handshake duration: 34.16 ms
Execution 18 - TLS Single
s_connection: verify depth is 1
Handshake duration: 33.73 ms
Execution 19 - TLS Single
s_connection: verify depth is 1
Handshake duration: 16.54 ms
Execution 20 - TLS Single
s_connection: verify depth is 1
Handshake duration: 1252.89 ms
Execution 21 - TLS Single
s_connection: verify depth is 1
Handshake duration: 33.52 ms
Execution 22 - TLS Single
s_connection: verify depth is 1
Handshake duration: 33.90 ms
Execution 23 - TLS Single
s_connection: verify depth is 1
Handshake duration: 34.54 ms
Execution 24 - TLS Single
s_connection: verify depth is 1
Handshake duration: 1486.95 ms
Execution 25 - TLS Single
s_connection: verify depth is 1
Handshake duration: 33.87 ms
Execution 26 - TLS Single
s_connection: verify depth is 1
Handshake duration: 434.08 ms
Execution 27 - TLS Single
s_connection: verify depth is 1
Handshake duration: 34.62 ms
Execution 28 - TLS Single
s_connection: verify depth is 1
Handshake duration: 34.05 ms
Execution 29 - TLS Single
s_connection: verify depth is 1
Handshake duration: 1658.33 ms
Execution 30 - TLS Single
s_connection: verify depth is 1
Handshake duration: 35.60 ms
Execution 31 - TLS Single
s_connection: verify depth is 1
Handshake duration: 230.66 ms
Execution 32 - TLS Single
s_connection: verify depth is 1
Handshake duration: 34.25 ms
Execution 33 - TLS Single
s_connection: verify depth is 1
Handshake duration: 1498.89 ms
Execution 34 - TLS Single
s_connection: verify depth is 1
Handshake duration: 1090.19 ms
Execution 35 - TLS Single
s_connection: verify depth is 1
Handshake duration: 230.09 ms
Execution 36 - TLS Single
s_connection: verify depth is 1
Handshake duration: 33.27 ms
Execution 37 - TLS Single
s_connection: verify depth is 1
Handshake duration: 31.16 ms
Execution 38 - TLS Single
s_connection: verify depth is 1
Handshake duration: 222.88 ms
Execution 39 - TLS Single
s_connection: verify depth is 1
Handshake duration: 36.94 ms
Execution 40 - TLS Single
s_connection: verify depth is 1
Handshake duration: 33.61 ms
Execution 41 - TLS Single
s_connection: verify depth is 1
Handshake duration: 33.55 ms
Execution 42 - TLS Single
s_connection: verify depth is 1
Handshake duration: 1472.65 ms
Execution 43 - TLS Single
s_connection: verify depth is 1
Handshake duration: 34.41 ms
Execution 44 - TLS Single
s_connection: verify depth is 1
Handshake duration: 1073.67 ms
Execution 45 - TLS Single
s_connection: verify depth is 1
Handshake duration: 33.95 ms
Execution 46 - TLS Single
s_connection: verify depth is 1
Handshake duration: 34.10 ms
Execution 47 - TLS Single
s_connection: verify depth is 1
Handshake duration: 33.49 ms
Execution 48 - TLS Single
s_connection: verify depth is 1
Handshake duration: 34.30 ms
Execution 49 - TLS Single
s_connection: verify depth is 1
Handshake duration: 33.48 ms
Execution 50 - TLS Single
s_connection: verify depth is 1
Handshake duration: 35.91 ms
Execution 51 - TLS Single
s_connection: verify depth is 1
Handshake duration: 7400.45 ms
Execution 52 - TLS Single
s_connection: verify depth is 1
Handshake duration: 226.78 ms
Execution 53 - TLS Single
s_connection: verify depth is 1
Handshake duration: 1035.65 ms
Execution 54 - TLS Single
s_connection: verify depth is 1
Handshake duration: 33.47 ms
Execution 55 - TLS Single
s_connection: verify depth is 1
Handshake duration: 32.47 ms
Execution 56 - TLS Single
s_connection: verify depth is 1
Handshake duration: 30.50 ms
Execution 57 - TLS Single
s_connection: verify depth is 1
Handshake duration: 433.08 ms
Execution 58 - TLS Single
s_connection: verify depth is 1
Handshake duration: 1076.76 ms
Execution 59 - TLS Single
s_connection: verify depth is 1
Handshake duration: 30.71 ms
Execution 60 - TLS Single
s_connection: verify depth is 1
Handshake duration: 29.94 ms
Execution 61 - TLS Single
s_connection: verify depth is 1
Handshake duration: 21.45 ms
Execution 62 - TLS Single
s_connection: verify depth is 1
Handshake duration: 20.55 ms
Execution 63 - TLS Single
s_connection: verify depth is 1
Handshake duration: 227.03 ms
Execution 64 - TLS Single
s_connection: verify depth is 1
Handshake duration: 235.85 ms
Execution 65 - TLS Single
s_connection: verify depth is 1
Handshake duration: 33.19 ms
Execution 66 - TLS Single
s_connection: verify depth is 1
Handshake duration: 32.79 ms
Execution 67 - TLS Single
s_connection: verify depth is 1
Handshake duration: 1459.97 ms
Execution 68 - TLS Single
s_connection: verify depth is 1
Handshake duration: 36.92 ms
Execution 69 - TLS Single
s_connection: verify depth is 1
Handshake duration: 1071.89 ms
Execution 70 - TLS Single
s_connection: verify depth is 1
Handshake duration: 229.81 ms
Execution 71 - TLS Single
s_connection: verify depth is 1
Handshake duration: 1659.31 ms
Execution 72 - TLS Single
s_connection: verify depth is 1
Handshake duration: 1068.82 ms
Execution 73 - TLS Single
s_connection: verify depth is 1
Handshake duration: 33.90 ms
Execution 74 - TLS Single
s_connection: verify depth is 1
Handshake duration: 30.48 ms
Execution 75 - TLS Single
s_connection: verify depth is 1
Handshake duration: 1244.89 ms
Execution 76 - TLS Single
s_connection: verify depth is 1
Handshake duration: 434.91 ms
Execution 77 - TLS Single
s_connection: verify depth is 1
Handshake duration: 226.30 ms
Execution 78 - TLS Single
s_connection: verify depth is 1
Handshake duration: 35.29 ms
Execution 79 - TLS Single
s_connection: verify depth is 1
Handshake duration: 35.31 ms
Execution 80 - TLS Single
s_connection: verify depth is 1
Handshake duration: 1057.70 ms
Execution 81 - TLS Single
s_connection: verify depth is 1
Handshake duration: 229.78 ms
Execution 82 - TLS Single
s_connection: verify depth is 1
Handshake duration: 233.58 ms
Execution 83 - TLS Single
s_connection: verify depth is 1
Handshake duration: 33.83 ms
Execution 84 - TLS Single
s_connection: verify depth is 1
Handshake duration: 35.02 ms
Execution 85 - TLS Single
s_connection: verify depth is 1
Handshake duration: 1262.04 ms
Execution 86 - TLS Single
s_connection: verify depth is 1
Handshake duration: 234.40 ms
Execution 87 - TLS Single
s_connection: verify depth is 1
Handshake duration: 34.49 ms
Execution 88 - TLS Single
s_connection: verify depth is 1
Handshake duration: 1285.91 ms
Execution 89 - TLS Single
s_connection: verify depth is 1
Handshake duration: 34.03 ms
Execution 90 - TLS Single
s_connection: verify depth is 1
Handshake duration: 1639.17 ms
Execution 91 - TLS Single
s_connection: verify depth is 1
Handshake duration: 642.62 ms
Execution 92 - TLS Single
s_connection: verify depth is 1
Handshake duration: 849.45 ms
Execution 93 - TLS Single
s_connection: verify depth is 1
Handshake duration: 1048.28 ms
Execution 94 - TLS Single
s_connection: verify depth is 1
Handshake duration: 30.27 ms
Execution 95 - TLS Single
s_connection: verify depth is 1
Handshake duration: 227.24 ms
Execution 96 - TLS Single
s_connection: verify depth is 1
Handshake duration: 2883.39 ms
Execution 97 - TLS Single
s_connection: verify depth is 1
Handshake duration: 13.85 ms
Execution 98 - TLS Single
s_connection: verify depth is 1
Handshake duration: 31.44 ms
Execution 99 - TLS Single
s_connection: verify depth is 1
Handshake duration: 30.33 ms
Execution 100 - TLS Single
s_connection: verify depth is 1
Handshake duration: 30.35 ms
Execution 101 - TLS Single
s_connection: verify depth is 1
Handshake duration: 1049.62 ms
Execution 102 - TLS Single
s_connection: verify depth is 1
Handshake duration: 1047.39 ms
Execution 103 - TLS Single
s_connection: verify depth is 1
Handshake duration: 30.04 ms
Execution 104 - TLS Single
s_connection: verify depth is 1
Handshake duration: 1253.76 ms
Execution 105 - TLS Single
s_connection: verify depth is 1
Handshake duration: 1675.66 ms
Execution 106 - TLS Single
s_connection: verify depth is 1
Handshake duration: 1468.79 ms
Execution 107 - TLS Single
s_connection: verify depth is 1
Handshake duration: 30.50 ms
Execution 108 - TLS Single
s_connection: verify depth is 1
Handshake duration: 231.49 ms
Execution 109 - TLS Single
s_connection: verify depth is 1
Handshake duration: 30.57 ms
Execution 110 - TLS Single
s_connection: verify depth is 1
Handshake duration: 843.09 ms
Execution 111 - TLS Single
s_connection: verify depth is 1
Handshake duration: 34.26 ms
Execution 112 - TLS Single
s_connection: verify depth is 1
Handshake duration: 33.18 ms
Execution 113 - TLS Single
s_connection: verify depth is 1
Handshake duration: 31.62 ms
Execution 114 - TLS Single
s_connection: verify depth is 1
Handshake duration: 29.48 ms
Execution 115 - TLS Single
s_connection: verify depth is 1
Handshake duration: 32.22 ms
Execution 116 - TLS Single
s_connection: verify depth is 1
Handshake duration: 32.15 ms
Execution 117 - TLS Single
s_connection: verify depth is 1
Handshake duration: 30.45 ms
Execution 118 - TLS Single
s_connection: verify depth is 1
Handshake duration: 841.25 ms
Execution 119 - TLS Single
s_connection: verify depth is 1
Handshake duration: 34.85 ms
Execution 120 - TLS Single
s_connection: verify depth is 1
Handshake duration: 241.41 ms
Execution 121 - TLS Single
s_connection: verify depth is 1
Handshake duration: 1657.16 ms
Execution 122 - TLS Single
s_connection: verify depth is 1
Handshake duration: 33.96 ms
Execution 123 - TLS Single
s_connection: verify depth is 1
Handshake duration: 33.30 ms
Execution 124 - TLS Single
s_connection: verify depth is 1
Handshake duration: 29.32 ms
Execution 125 - TLS Single
s_connection: verify depth is 1
Handshake duration: 226.91 ms
Execution 126 - TLS Single
s_connection: verify depth is 1
Handshake duration: 33.75 ms
Execution 127 - TLS Single
s_connection: verify depth is 1
Handshake duration: 1658.98 ms
Execution 128 - TLS Single
s_connection: verify depth is 1
Handshake duration: 248.15 ms
Execution 129 - TLS Single
s_connection: verify depth is 1
Handshake duration: 33.91 ms
Execution 130 - TLS Single
s_connection: verify depth is 1
Handshake duration: 229.03 ms
Execution 131 - TLS Single
s_connection: verify depth is 1
Handshake duration: 229.10 ms
Execution 132 - TLS Single
s_connection: verify depth is 1
Handshake duration: 34.53 ms
Execution 133 - TLS Single
s_connection: verify depth is 1
Handshake duration: 33.71 ms
Execution 134 - TLS Single
s_connection: verify depth is 1
Handshake duration: 234.80 ms
Execution 135 - TLS Single
s_connection: verify depth is 1
Handshake duration: 34.00 ms
Execution 136 - TLS Single
s_connection: verify depth is 1
Handshake duration: 35.49 ms
Execution 137 - TLS Single
s_connection: verify depth is 1
Handshake duration: 2766.51 ms
Execution 138 - TLS Single
s_connection: verify depth is 1
Handshake duration: 34.25 ms
Execution 139 - TLS Single
s_connection: verify depth is 1
Handshake duration: 435.94 ms
Execution 140 - TLS Single
s_connection: verify depth is 1
Handshake duration: 3142.43 ms
Execution 141 - TLS Single
s_connection: verify depth is 1
Handshake duration: 1068.42 ms
Execution 142 - TLS Single
s_connection: verify depth is 1
Handshake duration: 30.46 ms
Execution 143 - TLS Single
s_connection: verify depth is 1
Handshake duration: 1062.79 ms
Execution 144 - TLS Single
s_connection: verify depth is 1
Handshake duration: 1053.27 ms
Execution 145 - TLS Single
s_connection: verify depth is 1
Handshake duration: 31.95 ms
Execution 146 - TLS Single
s_connection: verify depth is 1
Handshake duration: 1049.32 ms
Execution 147 - TLS Single
s_connection: verify depth is 1
Handshake duration: 437.73 ms
Execution 148 - TLS Single
s_connection: verify depth is 1
Handshake duration: 34.98 ms
Execution 149 - TLS Single
s_connection: verify depth is 1
Handshake duration: 32.24 ms
Execution 150 - TLS Single
s_connection: verify depth is 1
Handshake duration: 30.60 ms
Execution 151 - TLS Single
s_connection: verify depth is 1
Handshake duration: 33.76 ms
Execution 152 - TLS Single
s_connection: verify depth is 1
Handshake duration: 33.89 ms
Execution 153 - TLS Single
s_connection: verify depth is 1
Handshake duration: 20.22 ms
Execution 154 - TLS Single
s_connection: verify depth is 1
Handshake duration: 622.91 ms
Execution 155 - TLS Single
s_connection: verify depth is 1
Handshake duration: 34.12 ms
Execution 156 - TLS Single
s_connection: verify depth is 1
Handshake duration: 437.00 ms
Execution 157 - TLS Single
s_connection: verify depth is 1
Handshake duration: 233.40 ms
Execution 158 - TLS Single
s_connection: verify depth is 1
Handshake duration: 228.10 ms
Execution 159 - TLS Single
s_connection: verify depth is 1
Handshake duration: 33.98 ms
Execution 160 - TLS Single
s_connection: verify depth is 1
Handshake duration: 29.08 ms
Execution 161 - TLS Single
s_connection: verify depth is 1
Handshake duration: 13.31 ms
Execution 162 - TLS Single
s_connection: verify depth is 1
Handshake duration: 13.03 ms
Execution 163 - TLS Single
s_connection: verify depth is 1
Handshake duration: 13.16 ms
Execution 164 - TLS Single
s_connection: verify depth is 1
Handshake duration: 1235.00 ms
Execution 165 - TLS Single
s_connection: verify depth is 1
Handshake duration: 33.63 ms
Execution 166 - TLS Single
s_connection: verify depth is 1
Handshake duration: 34.54 ms
Execution 167 - TLS Single
s_connection: verify depth is 1
Handshake duration: 33.63 ms
Execution 168 - TLS Single
s_connection: verify depth is 1
Handshake duration: 17.73 ms
Execution 169 - TLS Single
s_connection: verify depth is 1
Handshake duration: 223.30 ms
Execution 170 - TLS Single
s_connection: verify depth is 1
Handshake duration: 232.94 ms
Execution 171 - TLS Single
s_connection: verify depth is 1
Handshake duration: 228.47 ms
Execution 172 - TLS Single
s_connection: verify depth is 1
Handshake duration: 33.59 ms
Execution 173 - TLS Single
s_connection: verify depth is 1
Handshake duration: 33.07 ms
Execution 174 - TLS Single
s_connection: verify depth is 1
Handshake duration: 24.09 ms
Execution 175 - TLS Single
s_connection: verify depth is 1
Handshake duration: 218.46 ms
Execution 176 - TLS Single
s_connection: verify depth is 1
Handshake duration: 234.05 ms
Execution 177 - TLS Single
s_connection: verify depth is 1
Handshake duration: 1065.76 ms
Execution 178 - TLS Single
s_connection: verify depth is 1
Handshake duration: 844.45 ms
Execution 179 - TLS Single
s_connection: verify depth is 1
Handshake duration: 32.94 ms
Execution 180 - TLS Single
s_connection: verify depth is 1
Handshake duration: 226.96 ms
Execution 181 - TLS Single
s_connection: verify depth is 1
Handshake duration: 4945.92 ms
Execution 182 - TLS Single
s_connection: verify depth is 1
Handshake duration: 32.62 ms
Execution 183 - TLS Single
s_connection: verify depth is 1
Handshake duration: 31.43 ms
Execution 184 - TLS Single
s_connection: verify depth is 1
Handshake duration: 29.61 ms
Execution 185 - TLS Single
s_connection: verify depth is 1
Handshake duration: 29.43 ms
Execution 186 - TLS Single
s_connection: verify depth is 1
Handshake duration: 24.11 ms
Execution 187 - TLS Single
s_connection: verify depth is 1
Handshake duration: 1069.31 ms
Execution 188 - TLS Single
s_connection: verify depth is 1
Handshake duration: 232.41 ms
Execution 189 - TLS Single
s_connection: verify depth is 1
Handshake duration: 32.41 ms
Execution 190 - TLS Single
s_connection: verify depth is 1
Handshake duration: 438.36 ms
Execution 191 - TLS Single
s_connection: verify depth is 1
Handshake duration: 33.74 ms
Execution 192 - TLS Single
s_connection: verify depth is 1
Handshake duration: 232.31 ms
Execution 193 - TLS Single
s_connection: verify depth is 1
Handshake duration: 34.12 ms
Execution 194 - TLS Single
s_connection: verify depth is 1
Handshake duration: 34.90 ms
Execution 195 - TLS Single
s_connection: verify depth is 1
Handshake duration: 226.40 ms
Execution 196 - TLS Single
s_connection: verify depth is 1
Handshake duration: 638.91 ms
Execution 197 - TLS Single
s_connection: verify depth is 1
Handshake duration: 3143.14 ms
Execution 198 - TLS Single
s_connection: verify depth is 1
Handshake duration: 1471.38 ms
Execution 199 - TLS Single
s_connection: verify depth is 1
Handshake duration: 31.09 ms
Execution 200 - TLS Single
s_connection: verify depth is 1
Handshake duration: 30.83 ms
Execution 201 - TLS Single
s_connection: verify depth is 1
Handshake duration: 30.16 ms
Execution 202 - TLS Single
s_connection: verify depth is 1
Handshake duration: 32.70 ms
Execution 203 - TLS Single
s_connection: verify depth is 1
Handshake duration: 33.70 ms
Execution 204 - TLS Single
s_connection: verify depth is 1
Handshake duration: 230.65 ms
Execution 205 - TLS Single
s_connection: verify depth is 1
Handshake duration: 34.69 ms
Execution 206 - TLS Single
s_connection: verify depth is 1
Handshake duration: 34.47 ms
Execution 207 - TLS Single
s_connection: verify depth is 1
Handshake duration: 33.48 ms
Execution 208 - TLS Single
s_connection: verify depth is 1
Handshake duration: 34.60 ms
Execution 209 - TLS Single
s_connection: verify depth is 1
Handshake duration: 246.78 ms
Execution 210 - TLS Single
s_connection: verify depth is 1
Handshake duration: 33.52 ms
Execution 211 - TLS Single
s_connection: verify depth is 1
Handshake duration: 33.60 ms
Execution 212 - TLS Single
s_connection: verify depth is 1
Handshake duration: 32.83 ms
Execution 213 - TLS Single
s_connection: verify depth is 1
Handshake duration: 33.65 ms
Execution 214 - TLS Single
s_connection: verify depth is 1
Handshake duration: 34.05 ms
Execution 215 - TLS Single
s_connection: verify depth is 1
Handshake duration: 1079.83 ms
Execution 216 - TLS Single
s_connection: verify depth is 1
Handshake duration: 33.82 ms
Execution 217 - TLS Single
s_connection: verify depth is 1
Handshake duration: 230.27 ms
Execution 218 - TLS Single
s_connection: verify depth is 1
Handshake duration: 442.55 ms
Execution 219 - TLS Single
s_connection: verify depth is 1
Handshake duration: 35.47 ms
Execution 220 - TLS Single
s_connection: verify depth is 1
Handshake duration: 35.11 ms
Execution 221 - TLS Single
s_connection: verify depth is 1
Handshake duration: 1039.10 ms
Execution 222 - TLS Single
s_connection: verify depth is 1
Handshake duration: 34.04 ms
Execution 223 - TLS Single
s_connection: verify depth is 1
Handshake duration: 34.39 ms
Execution 224 - TLS Single
s_connection: verify depth is 1
Handshake duration: 1303.67 ms
Execution 225 - TLS Single
s_connection: verify depth is 1
Handshake duration: 33.52 ms
Execution 226 - TLS Single
s_connection: verify depth is 1
Handshake duration: 33.20 ms
Execution 227 - TLS Single
s_connection: verify depth is 1
Handshake duration: 1448.01 ms
Execution 228 - TLS Single
s_connection: verify depth is 1
Handshake duration: 35.13 ms
Execution 229 - TLS Single
s_connection: verify depth is 1
Handshake duration: 233.44 ms
Execution 230 - TLS Single
s_connection: verify depth is 1
Handshake duration: 33.35 ms
Execution 231 - TLS Single
s_connection: verify depth is 1
Handshake duration: 33.28 ms
Execution 232 - TLS Single
s_connection: verify depth is 1
Handshake duration: 237.19 ms
Execution 233 - TLS Single
s_connection: verify depth is 1
Handshake duration: 1049.62 ms
Execution 234 - TLS Single
s_connection: verify depth is 1
Handshake duration: 12.09 ms
Execution 235 - TLS Single
s_connection: verify depth is 1
Handshake duration: 13.49 ms
Execution 236 - TLS Single
s_connection: verify depth is 1
Handshake duration: 221.43 ms
Execution 237 - TLS Single
s_connection: verify depth is 1
Handshake duration: 219.40 ms
Execution 238 - TLS Single
s_connection: verify depth is 1
Handshake duration: 2509.61 ms
Execution 239 - TLS Single
s_connection: verify depth is 1
Handshake duration: 842.03 ms
Execution 240 - TLS Single
s_connection: verify depth is 1
Handshake duration: 31.56 ms
Execution 241 - TLS Single
s_connection: verify depth is 1
Handshake duration: 29.55 ms
Execution 242 - TLS Single
s_connection: verify depth is 1
Handshake duration: 29.92 ms
Execution 243 - TLS Single
s_connection: verify depth is 1
Handshake duration: 227.72 ms
Execution 244 - TLS Single
s_connection: verify depth is 1
Handshake duration: 33.88 ms
Execution 245 - TLS Single
s_connection: verify depth is 1
Handshake duration: 33.50 ms
Execution 246 - TLS Single
s_connection: verify depth is 1
Handshake duration: 35.39 ms
Execution 247 - TLS Single
s_connection: verify depth is 1
Handshake duration: 441.52 ms
Execution 248 - TLS Single
s_connection: verify depth is 1
Handshake duration: 35.02 ms
Execution 249 - TLS Single
s_connection: verify depth is 1
Handshake duration: 34.71 ms
Execution 250 - TLS Single
s_connection: verify depth is 1
Handshake duration: 223.16 ms
Execution 251 - TLS Single
s_connection: verify depth is 1
Handshake duration: 441.22 ms
Execution 252 - TLS Single
s_connection: verify depth is 1
Handshake duration: 34.09 ms
Execution 253 - TLS Single
s_connection: verify depth is 1
Handshake duration: 35.17 ms
Execution 254 - TLS Single
s_connection: verify depth is 1
Handshake duration: 33.04 ms
Execution 255 - TLS Single
s_connection: verify depth is 1
Handshake duration: 33.55 ms
Execution 256 - TLS Single
s_connection: verify depth is 1
Handshake duration: 1041.70 ms
Execution 257 - TLS Single
s_connection: verify depth is 1
Handshake duration: 446.99 ms
Execution 258 - TLS Single
s_connection: verify depth is 1
Handshake duration: 35.10 ms
Execution 259 - TLS Single
s_connection: verify depth is 1
Handshake duration: 4136.99 ms
Execution 260 - TLS Single
s_connection: verify depth is 1
Handshake duration: 32.56 ms
Execution 261 - TLS Single
s_connection: verify depth is 1
Handshake duration: 30.36 ms
Execution 262 - TLS Single
s_connection: verify depth is 1
Handshake duration: 31.30 ms
Execution 263 - TLS Single
s_connection: verify depth is 1
Handshake duration: 29.71 ms
Execution 264 - TLS Single
s_connection: verify depth is 1
Handshake duration: 431.11 ms
Execution 265 - TLS Single
s_connection: verify depth is 1
Handshake duration: 33.84 ms
Execution 266 - TLS Single
s_connection: verify depth is 1
Handshake duration: 36.28 ms
Execution 267 - TLS Single
s_connection: verify depth is 1
Handshake duration: 1057.37 ms
Execution 268 - TLS Single
s_connection: verify depth is 1
Handshake duration: 31.59 ms
Execution 269 - TLS Single
s_connection: verify depth is 1
Handshake duration: 29.49 ms
Execution 270 - TLS Single
s_connection: verify depth is 1
Handshake duration: 31.36 ms
Execution 271 - TLS Single
s_connection: verify depth is 1
Handshake duration: 1655.11 ms
Execution 272 - TLS Single
s_connection: verify depth is 1
Handshake duration: 1075.02 ms
Execution 273 - TLS Single
s_connection: verify depth is 1
Handshake duration: 33.39 ms
Execution 274 - TLS Single
s_connection: verify depth is 1
Handshake duration: 1652.65 ms
Execution 275 - TLS Single
s_connection: verify depth is 1
Handshake duration: 249.11 ms
Execution 276 - TLS Single
s_connection: verify depth is 1
Handshake duration: 32.52 ms
Execution 277 - TLS Single
s_connection: verify depth is 1
Handshake duration: 2709.95 ms
Execution 278 - TLS Single
s_connection: verify depth is 1
Handshake duration: 31.15 ms
Execution 279 - TLS Single
s_connection: verify depth is 1
Handshake duration: 31.12 ms
Execution 280 - TLS Single
s_connection: verify depth is 1
Handshake duration: 30.09 ms
Execution 281 - TLS Single
s_connection: verify depth is 1
Handshake duration: 31.32 ms
Execution 282 - TLS Single
s_connection: verify depth is 1
Handshake duration: 30.98 ms
Execution 283 - TLS Single
s_connection: verify depth is 1
Handshake duration: 16.96 ms
Execution 284 - TLS Single
s_connection: verify depth is 1
Handshake duration: 15.48 ms
Execution 285 - TLS Single
s_connection: verify depth is 1
Handshake duration: 28.44 ms
Execution 286 - TLS Single
s_connection: verify depth is 1
Handshake duration: 1252.02 ms
Execution 287 - TLS Single
s_connection: verify depth is 1
Handshake duration: 32.66 ms
Execution 288 - TLS Single
s_connection: verify depth is 1
Handshake duration: 30.43 ms
Execution 289 - TLS Single
s_connection: verify depth is 1
Handshake duration: 2266.94 ms
Execution 290 - TLS Single
s_connection: verify depth is 1
Handshake duration: 30.48 ms
Execution 291 - TLS Single
s_connection: verify depth is 1
Handshake duration: 29.37 ms
Execution 292 - TLS Single
s_connection: verify depth is 1
Handshake duration: 644.32 ms
Execution 293 - TLS Single
s_connection: verify depth is 1
Handshake duration: 640.02 ms
Execution 294 - TLS Single
s_connection: verify depth is 1
Handshake duration: 1058.65 ms
Execution 295 - TLS Single
s_connection: verify depth is 1
Handshake duration: 36.85 ms
Execution 296 - TLS Single
s_connection: verify depth is 1
Handshake duration: 1262.65 ms
Execution 297 - TLS Single
s_connection: verify depth is 1
Handshake duration: 34.09 ms
Execution 298 - TLS Single
s_connection: verify depth is 1
Handshake duration: 31.24 ms
Execution 299 - TLS Single
s_connection: verify depth is 1
Handshake duration: 225.35 ms
Execution 300 - TLS Single
s_connection: verify depth is 1
Handshake duration: 33.55 ms
Execution 301 - TLS Single
s_connection: verify depth is 1
Handshake duration: 34.39 ms
Execution 302 - TLS Single
s_connection: verify depth is 1
Handshake duration: 36.14 ms
Execution 303 - TLS Single
s_connection: verify depth is 1
Handshake duration: 34.08 ms
Execution 304 - TLS Single
s_connection: verify depth is 1
Handshake duration: 33.51 ms
Execution 305 - TLS Single
s_connection: verify depth is 1
Handshake duration: 230.26 ms
Execution 306 - TLS Single
s_connection: verify depth is 1
Handshake duration: 33.65 ms
Execution 307 - TLS Single
s_connection: verify depth is 1
Handshake duration: 35.15 ms
Execution 308 - TLS Single
s_connection: verify depth is 1
Handshake duration: 34.33 ms
Execution 309 - TLS Single
s_connection: verify depth is 1
Handshake duration: 34.14 ms
Execution 310 - TLS Single
s_connection: verify depth is 1
Handshake duration: 642.53 ms
Execution 311 - TLS Single
s_connection: verify depth is 1
Handshake duration: 34.91 ms
Execution 312 - TLS Single
s_connection: verify depth is 1
Handshake duration: 33.55 ms
Execution 313 - TLS Single
s_connection: verify depth is 1
Handshake duration: 34.15 ms
Execution 314 - TLS Single
s_connection: verify depth is 1
Handshake duration: 34.55 ms
Execution 315 - TLS Single
s_connection: verify depth is 1
Handshake duration: 18.88 ms
Execution 316 - TLS Single
s_connection: verify depth is 1
Handshake duration: 219.90 ms
Execution 317 - TLS Single
s_connection: verify depth is 1
Handshake duration: 33.72 ms
Execution 318 - TLS Single
s_connection: verify depth is 1
Handshake duration: 34.17 ms
Execution 319 - TLS Single
s_connection: verify depth is 1
Handshake duration: 3329.95 ms
Execution 320 - TLS Single
s_connection: verify depth is 1
Handshake duration: 33.03 ms
Execution 321 - TLS Single
s_connection: verify depth is 1
Handshake duration: 30.47 ms
Execution 322 - TLS Single
s_connection: verify depth is 1
Handshake duration: 30.95 ms
Execution 323 - TLS Single
s_connection: verify depth is 1
Handshake duration: 1054.99 ms
Execution 324 - TLS Single
s_connection: verify depth is 1
Handshake duration: 32.59 ms
Execution 325 - TLS Single
s_connection: verify depth is 1
Handshake duration: 228.62 ms
Execution 326 - TLS Single
s_connection: verify depth is 1
Handshake duration: 33.34 ms
Execution 327 - TLS Single
s_connection: verify depth is 1
Handshake duration: 31.98 ms
Execution 328 - TLS Single
s_connection: verify depth is 1
Handshake duration: 29.55 ms
Execution 329 - TLS Single
s_connection: verify depth is 1
Handshake duration: 29.97 ms
Execution 330 - TLS Single
s_connection: verify depth is 1
Handshake duration: 30.36 ms
Execution 331 - TLS Single
s_connection: verify depth is 1
Handshake duration: 31.46 ms
Execution 332 - TLS Single
s_connection: verify depth is 1
Handshake duration: 33.74 ms
Execution 333 - TLS Single
s_connection: verify depth is 1
Handshake duration: 33.69 ms
Execution 334 - TLS Single
s_connection: verify depth is 1
Handshake duration: 33.28 ms
Execution 335 - TLS Single
s_connection: verify depth is 1
Handshake duration: 1060.87 ms
Execution 336 - TLS Single
s_connection: verify depth is 1
Handshake duration: 34.13 ms
Execution 337 - TLS Single
s_connection: verify depth is 1
Handshake duration: 1035.10 ms
Execution 338 - TLS Single
s_connection: verify depth is 1
Handshake duration: 231.95 ms
Execution 339 - TLS Single
s_connection: verify depth is 1
Handshake duration: 1656.99 ms
Execution 340 - TLS Single
s_connection: verify depth is 1
Handshake duration: 1284.22 ms
Execution 341 - TLS Single
s_connection: verify depth is 1
Handshake duration: 2112.46 ms
Execution 342 - TLS Single
s_connection: verify depth is 1
Handshake duration: 1690.79 ms
Execution 343 - TLS Single
s_connection: verify depth is 1
Handshake duration: 30.25 ms
Execution 344 - TLS Single
s_connection: verify depth is 1
Handshake duration: 231.39 ms
Execution 345 - TLS Single
s_connection: verify depth is 1
Handshake duration: 34.08 ms
Execution 346 - TLS Single
s_connection: verify depth is 1
Handshake duration: 33.50 ms
Execution 347 - TLS Single
s_connection: verify depth is 1
Handshake duration: 18.54 ms
Execution 348 - TLS Single
s_connection: verify depth is 1
Handshake duration: 16.55 ms
Execution 349 - TLS Single
s_connection: verify depth is 1
Handshake duration: 16.20 ms
Execution 350 - TLS Single
s_connection: verify depth is 1
Handshake duration: 216.09 ms
Execution 351 - TLS Single
s_connection: verify depth is 1
Handshake duration: 36.23 ms
Execution 352 - TLS Single
s_connection: verify depth is 1
Handshake duration: 34.25 ms
Execution 353 - TLS Single
s_connection: verify depth is 1
Handshake duration: 33.78 ms
Execution 354 - TLS Single
s_connection: verify depth is 1
Handshake duration: 33.59 ms
Execution 355 - TLS Single
s_connection: verify depth is 1
Handshake duration: 235.24 ms
Execution 356 - TLS Single
s_connection: verify depth is 1
Handshake duration: 34.61 ms
Execution 357 - TLS Single
s_connection: verify depth is 1
Handshake duration: 22.95 ms
Execution 358 - TLS Single
s_connection: verify depth is 1
Handshake duration: 13.75 ms
Execution 359 - TLS Single
s_connection: verify depth is 1
Handshake duration: 15.59 ms
Execution 360 - TLS Single
s_connection: verify depth is 1
Handshake duration: 230.61 ms
Execution 361 - TLS Single
s_connection: verify depth is 1
Handshake duration: 853.15 ms
Execution 362 - TLS Single
s_connection: verify depth is 1
Handshake duration: 235.77 ms
Execution 363 - TLS Single
s_connection: verify depth is 1
Handshake duration: 231.25 ms
Execution 364 - TLS Single
s_connection: verify depth is 1
Handshake duration: 34.54 ms
Execution 365 - TLS Single
s_connection: verify depth is 1
Handshake duration: 248.33 ms
Execution 366 - TLS Single
s_connection: verify depth is 1
Handshake duration: 36.81 ms
Execution 367 - TLS Single
s_connection: verify depth is 1
Handshake duration: 33.88 ms
Execution 368 - TLS Single
s_connection: verify depth is 1
Handshake duration: 1692.60 ms
Execution 369 - TLS Single
s_connection: verify depth is 1
Handshake duration: 233.36 ms
Execution 370 - TLS Single
s_connection: verify depth is 1
Handshake duration: 35.28 ms
Execution 371 - TLS Single
s_connection: verify depth is 1
Handshake duration: 34.19 ms
Execution 372 - TLS Single
s_connection: verify depth is 1
Handshake duration: 33.95 ms
Execution 373 - TLS Single
s_connection: verify depth is 1
Handshake duration: 19.18 ms
Execution 374 - TLS Single
s_connection: verify depth is 1
Handshake duration: 16.38 ms
Execution 375 - TLS Single
s_connection: verify depth is 1
Handshake duration: 35.46 ms
Execution 376 - TLS Single
s_connection: verify depth is 1
Handshake duration: 3373.34 ms
Execution 377 - TLS Single
s_connection: verify depth is 1
Handshake duration: 35.25 ms
Execution 378 - TLS Single
s_connection: verify depth is 1
Handshake duration: 29.54 ms
Execution 379 - TLS Single
s_connection: verify depth is 1
Handshake duration: 225.22 ms
Execution 380 - TLS Single
s_connection: verify depth is 1
Handshake duration: 1264.93 ms
Execution 381 - TLS Single
s_connection: verify depth is 1
Handshake duration: 32.99 ms
Execution 382 - TLS Single
s_connection: verify depth is 1
Handshake duration: 1054.81 ms
Execution 383 - TLS Single
s_connection: verify depth is 1
Handshake duration: 1084.11 ms
Execution 384 - TLS Single
s_connection: verify depth is 1
Handshake duration: 230.00 ms
Execution 385 - TLS Single
s_connection: verify depth is 1
Handshake duration: 234.92 ms
Execution 386 - TLS Single
s_connection: verify depth is 1
Handshake duration: 33.03 ms
Execution 387 - TLS Single
s_connection: verify depth is 1
Handshake duration: 846.79 ms
Execution 388 - TLS Single
s_connection: verify depth is 1
Handshake duration: 234.22 ms
Execution 389 - TLS Single
s_connection: verify depth is 1
Handshake duration: 32.94 ms
Execution 390 - TLS Single
s_connection: verify depth is 1
Handshake duration: 33.85 ms
Execution 391 - TLS Single
s_connection: verify depth is 1
Handshake duration: 32.53 ms
Execution 392 - TLS Single
s_connection: verify depth is 1
Handshake duration: 227.71 ms
Execution 393 - TLS Single
s_connection: verify depth is 1
Handshake duration: 33.37 ms
Execution 394 - TLS Single
s_connection: verify depth is 1
Handshake duration: 33.85 ms
Execution 395 - TLS Single
s_connection: verify depth is 1
Handshake duration: 17.55 ms
Execution 396 - TLS Single
s_connection: verify depth is 1
Handshake duration: 16.10 ms
Execution 397 - TLS Single
s_connection: verify depth is 1
Handshake duration: 34.84 ms
Execution 398 - TLS Single
s_connection: verify depth is 1
Handshake duration: 33.84 ms
Execution 399 - TLS Single
s_connection: verify depth is 1
Handshake duration: 228.69 ms
Execution 400 - TLS Single
s_connection: verify depth is 1
Handshake duration: 36.54 ms
Execution 401 - TLS Single
s_connection: verify depth is 1
Handshake duration: 1708.30 ms
Execution 402 - TLS Single
s_connection: verify depth is 1
Handshake duration: 33.88 ms
Execution 403 - TLS Single
s_connection: verify depth is 1
Handshake duration: 38.22 ms
Execution 404 - TLS Single
s_connection: verify depth is 1
Handshake duration: 33.44 ms
Execution 405 - TLS Single
s_connection: verify depth is 1
Handshake duration: 2259.38 ms
Execution 406 - TLS Single
s_connection: verify depth is 1
Handshake duration: 1042.65 ms
Execution 407 - TLS Single
s_connection: verify depth is 1
Handshake duration: 30.92 ms
Execution 408 - TLS Single
s_connection: verify depth is 1
Handshake duration: 29.28 ms
Execution 409 - TLS Single
s_connection: verify depth is 1
Handshake duration: 24.72 ms
Execution 410 - TLS Single
s_connection: verify depth is 1
Handshake duration: 223.94 ms
Execution 411 - TLS Single
s_connection: verify depth is 1
Handshake duration: 34.17 ms
Execution 412 - TLS Single
s_connection: verify depth is 1
Handshake duration: 234.58 ms
Execution 413 - TLS Single
s_connection: verify depth is 1
Handshake duration: 34.22 ms
Execution 414 - TLS Single
s_connection: verify depth is 1
Handshake duration: 227.47 ms
Execution 415 - TLS Single
s_connection: verify depth is 1
Handshake duration: 234.44 ms
Execution 416 - TLS Single
s_connection: verify depth is 1
Handshake duration: 33.16 ms
Execution 417 - TLS Single
s_connection: verify depth is 1
Handshake duration: 34.32 ms
Execution 418 - TLS Single
s_connection: verify depth is 1
Handshake duration: 33.18 ms
Execution 419 - TLS Single
s_connection: verify depth is 1
Handshake duration: 33.75 ms
Execution 420 - TLS Single
s_connection: verify depth is 1
Handshake duration: 38.11 ms
Execution 421 - TLS Single
s_connection: verify depth is 1
Handshake duration: 225.43 ms
Execution 422 - TLS Single
s_connection: verify depth is 1
Handshake duration: 233.54 ms
Execution 423 - TLS Single
s_connection: verify depth is 1
Handshake duration: 33.73 ms
Execution 424 - TLS Single
s_connection: verify depth is 1
Handshake duration: 235.10 ms
Execution 425 - TLS Single
s_connection: verify depth is 1
Handshake duration: 33.27 ms
Execution 426 - TLS Single
s_connection: verify depth is 1
Handshake duration: 1500.13 ms
Execution 427 - TLS Single
s_connection: verify depth is 1
Handshake duration: 33.98 ms
Execution 428 - TLS Single
s_connection: verify depth is 1
Handshake duration: 446.83 ms
Execution 429 - TLS Single
s_connection: verify depth is 1
Handshake duration: 33.22 ms
Execution 430 - TLS Single
s_connection: verify depth is 1
Handshake duration: 35.50 ms
Execution 431 - TLS Single
s_connection: verify depth is 1
Handshake duration: 33.94 ms
Execution 432 - TLS Single
s_connection: verify depth is 1
Handshake duration: 33.84 ms
Execution 433 - TLS Single
s_connection: verify depth is 1
Handshake duration: 32.24 ms
Execution 434 - TLS Single
s_connection: verify depth is 1
Handshake duration: 30.32 ms
Execution 435 - TLS Single
s_connection: verify depth is 1
Handshake duration: 434.68 ms
Execution 436 - TLS Single
s_connection: verify depth is 1
Handshake duration: 1468.37 ms
Execution 437 - TLS Single
s_connection: verify depth is 1
Handshake duration: 32.86 ms
Execution 438 - TLS Single
s_connection: verify depth is 1
Handshake duration: 1057.67 ms
Execution 439 - TLS Single
s_connection: verify depth is 1
Handshake duration: 31.95 ms
Execution 440 - TLS Single
s_connection: verify depth is 1
Handshake duration: 29.66 ms
Execution 441 - TLS Single
s_connection: verify depth is 1
Handshake duration: 1044.39 ms
Execution 442 - TLS Single
s_connection: verify depth is 1
Handshake duration: 33.77 ms
Execution 443 - TLS Single
s_connection: verify depth is 1
Handshake duration: 32.29 ms
Execution 444 - TLS Single
s_connection: verify depth is 1
Handshake duration: 34.18 ms
Execution 445 - TLS Single
s_connection: verify depth is 1
Handshake duration: 33.51 ms
Execution 446 - TLS Single
s_connection: verify depth is 1
Handshake duration: 229.24 ms
Execution 447 - TLS Single
s_connection: verify depth is 1
Handshake duration: 234.23 ms
Execution 448 - TLS Single
s_connection: verify depth is 1
Handshake duration: 225.24 ms
Execution 449 - TLS Single
s_connection: verify depth is 1
Handshake duration: 33.34 ms
Execution 450 - TLS Single
s_connection: verify depth is 1
Handshake duration: 243.32 ms
Execution 451 - TLS Single
s_connection: verify depth is 1
Handshake duration: 33.88 ms
Execution 452 - TLS Single
s_connection: verify depth is 1
Handshake duration: 34.48 ms
Execution 453 - TLS Single
s_connection: verify depth is 1
Handshake duration: 232.53 ms
Execution 454 - TLS Single
s_connection: verify depth is 1
Handshake duration: 34.16 ms
Execution 455 - TLS Single
s_connection: verify depth is 1
Handshake duration: 34.13 ms
Execution 456 - TLS Single
s_connection: verify depth is 1
Handshake duration: 238.64 ms
Execution 457 - TLS Single
s_connection: verify depth is 1
Handshake duration: 1688.16 ms
Execution 458 - TLS Single
s_connection: verify depth is 1
Handshake duration: 35.40 ms
Execution 459 - TLS Single
s_connection: verify depth is 1
Handshake duration: 232.07 ms
Execution 460 - TLS Single
s_connection: verify depth is 1
Handshake duration: 1090.45 ms
Execution 461 - TLS Single
s_connection: verify depth is 1
Handshake duration: 1670.20 ms
Execution 462 - TLS Single
s_connection: verify depth is 1
Handshake duration: 33.32 ms
Execution 463 - TLS Single
s_connection: verify depth is 1
Handshake duration: 1271.91 ms
Execution 464 - TLS Single
s_connection: verify depth is 1
Handshake duration: 236.40 ms
Execution 465 - TLS Single
s_connection: verify depth is 1
Handshake duration: 32.70 ms
Execution 466 - TLS Single
s_connection: verify depth is 1
Handshake duration: 29.25 ms
Execution 467 - TLS Single
s_connection: verify depth is 1
Handshake duration: 29.56 ms
Execution 468 - TLS Single
s_connection: verify depth is 1
Handshake duration: 22.27 ms
Execution 469 - TLS Single
s_connection: verify depth is 1
Handshake duration: 21.80 ms
Execution 470 - TLS Single
s_connection: verify depth is 1
Handshake duration: 33.93 ms
Execution 471 - TLS Single
s_connection: verify depth is 1
Handshake duration: 29.27 ms
Execution 472 - TLS Single
s_connection: verify depth is 1
Handshake duration: 33.85 ms
Execution 473 - TLS Single
s_connection: verify depth is 1
Handshake duration: 1502.28 ms
Execution 474 - TLS Single
s_connection: verify depth is 1
Handshake duration: 33.50 ms
Execution 475 - TLS Single
s_connection: verify depth is 1
Handshake duration: 33.34 ms
Execution 476 - TLS Single
s_connection: verify depth is 1
Handshake duration: 1482.57 ms
Execution 477 - TLS Single
s_connection: verify depth is 1
Handshake duration: 33.82 ms
Execution 478 - TLS Single
s_connection: verify depth is 1
Handshake duration: 443.38 ms
Execution 479 - TLS Single
s_connection: verify depth is 1
Handshake duration: 1034.59 ms
Execution 480 - TLS Single
s_connection: verify depth is 1
Handshake duration: 33.11 ms
Execution 481 - TLS Single
s_connection: verify depth is 1
Handshake duration: 845.82 ms
Execution 482 - TLS Single
s_connection: verify depth is 1
Handshake duration: 642.61 ms
Execution 483 - TLS Single
s_connection: verify depth is 1
Handshake duration: 850.03 ms
Execution 484 - TLS Single
s_connection: verify depth is 1
Handshake duration: 33.27 ms
Execution 485 - TLS Single
s_connection: verify depth is 1
Handshake duration: 30.95 ms
Execution 486 - TLS Single
s_connection: verify depth is 1
Handshake duration: 32.81 ms
Execution 487 - TLS Single
s_connection: verify depth is 1
Handshake duration: 30.52 ms
Execution 488 - TLS Single
s_connection: verify depth is 1
Handshake duration: 434.30 ms
Execution 489 - TLS Single
s_connection: verify depth is 1
Handshake duration: 33.23 ms
Execution 490 - TLS Single
s_connection: verify depth is 1
Handshake duration: 34.32 ms
Execution 491 - TLS Single
s_connection: verify depth is 1
Handshake duration: 17.52 ms
Execution 492 - TLS Single
s_connection: verify depth is 1
Handshake duration: 13.05 ms
Execution 493 - TLS Single
s_connection: verify depth is 1
Handshake duration: 12.97 ms
Execution 494 - TLS Single
s_connection: verify depth is 1
Handshake duration: 13.53 ms
Execution 495 - TLS Single
s_connection: verify depth is 1
Handshake duration: 15.07 ms
Execution 496 - TLS Single
s_connection: verify depth is 1
Handshake duration: 18.53 ms
Execution 497 - TLS Single
s_connection: verify depth is 1
Handshake duration: 32.32 ms
Execution 498 - TLS Single
s_connection: verify depth is 1
Handshake duration: 33.99 ms
Execution 499 - TLS Single
s_connection: verify depth is 1
Handshake duration: 32.76 ms
Execution 500 - TLS Single
s_connection: verify depth is 1
Handshake duration: 35.79 ms
