Handshake timeout budget: 150s (identique TLS/QUIC)
Applying netem rules to lo...
Showing qdisc status for the interface: lo
qdisc netem 9431: root refcnt 2 limit 1000 seed 15790543622608335585
 Sent 0 bytes 0 pkt (dropped 0, overlimits 0 requeues 0) 
 backlog 0b 0p requeues 0
Running ./perftestClientTlsQuic.sh with SIG_ALG=mldsa65 and KEM_ALG=hqc192
Execution 1 - TLS Single
s_connection: verify depth is 1
Handshake duration: 443.26 ms
Execution 2 - TLS Single
s_connection: verify depth is 1
Handshake duration: 54.82 ms
Execution 3 - TLS Single
s_connection: verify depth is 1
Handshake duration: 45.89 ms
Execution 4 - TLS Single
s_connection: verify depth is 1
Handshake duration: 44.62 ms
Execution 5 - TLS Single
s_connection: verify depth is 1
Handshake duration: 238.51 ms
Execution 6 - TLS Single
s_connection: verify depth is 1
Handshake duration: 242.14 ms
Execution 7 - TLS Single
s_connection: verify depth is 1
Handshake duration: 71.18 ms
Execution 8 - TLS Single
s_connection: verify depth is 1
Handshake duration: 46.06 ms
Execution 9 - TLS Single
s_connection: verify depth is 1
Handshake duration: 45.65 ms
Execution 10 - TLS Single
s_connection: verify depth is 1
Handshake duration: 3124.03 ms
Execution 11 - TLS Single
s_connection: verify depth is 1
Handshake duration: 1111.54 ms
Execution 12 - TLS Single
s_connection: verify depth is 1
Handshake duration: 45.71 ms
Execution 13 - TLS Single
s_connection: verify depth is 1
Handshake duration: 45.30 ms
Execution 14 - TLS Single
s_connection: verify depth is 1
Handshake duration: 45.50 ms
Execution 15 - TLS Single
s_connection: verify depth is 1
Handshake duration: 230.68 ms
Execution 16 - TLS Single
s_connection: verify depth is 1
Handshake duration: 56.70 ms
Execution 17 - TLS Single
s_connection: verify depth is 1
Handshake duration: 2918.42 ms
Execution 18 - TLS Single
s_connection: verify depth is 1
Handshake duration: 58.80 ms
Execution 19 - TLS Single
s_connection: verify depth is 1
Handshake duration: 50.31 ms
Execution 20 - TLS Single
s_connection: verify depth is 1
Handshake duration: 44.38 ms
Execution 21 - TLS Single
s_connection: verify depth is 1
Handshake duration: 44.24 ms
Execution 22 - TLS Single
s_connection: verify depth is 1
Handshake duration: 44.27 ms
Execution 23 - TLS Single
s_connection: verify depth is 1
Handshake duration: 235.09 ms
Execution 24 - TLS Single
s_connection: verify depth is 1
Handshake duration: 59.29 ms
Execution 25 - TLS Single
s_connection: verify depth is 1
Handshake duration: 1299.16 ms
Execution 26 - TLS Single
s_connection: verify depth is 1
Handshake duration: 49.79 ms
Execution 27 - TLS Single
s_connection: verify depth is 1
Handshake duration: 48.14 ms
Execution 28 - TLS Single
s_connection: verify depth is 1
Handshake duration: 48.66 ms
Execution 29 - TLS Single
s_connection: verify depth is 1
Handshake duration: 44.59 ms
Execution 30 - TLS Single
s_connection: verify depth is 1
Handshake duration: 229.94 ms
Execution 31 - TLS Single
s_connection: verify depth is 1
Handshake duration: 67.23 ms
Execution 32 - TLS Single
s_connection: verify depth is 1
Handshake duration: 45.81 ms
Execution 33 - TLS Single
s_connection: verify depth is 1
Handshake duration: 234.76 ms
Execution 34 - TLS Single
s_connection: verify depth is 1
Handshake duration: 59.57 ms
Execution 35 - TLS Single
s_connection: verify depth is 1
Handshake duration: 240.13 ms
Execution 36 - TLS Single
s_connection: verify depth is 1
Handshake duration: 66.27 ms
Execution 37 - TLS Single
s_connection: verify depth is 1
Handshake duration: 646.30 ms
Execution 38 - TLS Single
s_connection: verify depth is 1
Handshake duration: 462.04 ms
Execution 39 - TLS Single
s_connection: verify depth is 1
Handshake duration: 58.92 ms
Execution 40 - TLS Single
s_connection: verify depth is 1
Handshake duration: 49.92 ms
Execution 41 - TLS Single
s_connection: verify depth is 1
Handshake duration: 49.52 ms
Execution 42 - TLS Single
s_connection: verify depth is 1
Handshake duration: 48.31 ms
Execution 43 - TLS Single
s_connection: verify depth is 1
Handshake duration: 47.56 ms
Execution 44 - TLS Single
s_connection: verify depth is 1
Handshake duration: 53.69 ms
Execution 45 - TLS Single
s_connection: verify depth is 1
Handshake duration: 448.08 ms
Execution 46 - TLS Single
s_connection: verify depth is 1
Handshake duration: 3159.91 ms
Execution 47 - TLS Single
s_connection: verify depth is 1
Handshake duration: 52.60 ms
Execution 48 - TLS Single
s_connection: verify depth is 1
Handshake duration: 48.37 ms
Execution 49 - TLS Single
s_connection: verify depth is 1
Handshake duration: 48.45 ms
Execution 50 - TLS Single
s_connection: verify depth is 1
Handshake duration: 44.05 ms
Execution 51 - TLS Single
s_connection: verify depth is 1
Handshake duration: 44.05 ms
Execution 52 - TLS Single
s_connection: verify depth is 1
Handshake duration: 45.62 ms
Execution 53 - TLS Single
s_connection: verify depth is 1
Handshake duration: 46.45 ms
Execution 54 - TLS Single
s_connection: verify depth is 1
Handshake duration: 45.25 ms
Execution 55 - TLS Single
s_connection: verify depth is 1
Handshake duration: 45.47 ms
Execution 56 - TLS Single
s_connection: verify depth is 1
Handshake duration: 46.05 ms
Execution 57 - TLS Single
s_connection: verify depth is 1
Handshake duration: 44.59 ms
Execution 58 - TLS Single
s_connection: verify depth is 1
Handshake duration: 46.33 ms
Execution 59 - TLS Single
s_connection: verify depth is 1
Handshake duration: 49.47 ms
Execution 60 - TLS Single
s_connection: verify depth is 1
Handshake duration: 44.47 ms
Execution 61 - TLS Single
s_connection: verify depth is 1
Handshake duration: 1698.31 ms
Execution 62 - TLS Single
s_connection: verify depth is 1
Handshake duration: 49.99 ms
Execution 63 - TLS Single
s_connection: verify depth is 1
Handshake duration: 49.76 ms
Execution 64 - TLS Single
s_connection: verify depth is 1
Handshake duration: 46.93 ms
Execution 65 - TLS Single
s_connection: verify depth is 1
Handshake duration: 845.65 ms
Execution 66 - TLS Single
s_connection: verify depth is 1
Handshake duration: 460.99 ms
Execution 67 - TLS Single
s_connection: verify depth is 1
Handshake duration: 66.49 ms
Execution 68 - TLS Single
s_connection: verify depth is 1
Handshake duration: 47.86 ms
Execution 69 - TLS Single
s_connection: verify depth is 1
Handshake duration: 638.81 ms
Execution 70 - TLS Single
s_connection: verify depth is 1
Handshake duration: 55.74 ms
Execution 71 - TLS Single
s_connection: verify depth is 1
Handshake duration: 45.72 ms
Execution 72 - TLS Single
s_connection: verify depth is 1
Handshake duration: 2692.89 ms
Execution 73 - TLS Single
s_connection: verify depth is 1
Handshake duration: 52.91 ms
Execution 74 - TLS Single
s_connection: verify depth is 1
Handshake duration: 264.01 ms
Execution 75 - TLS Single
s_connection: verify depth is 1
Handshake duration: 50.04 ms
Execution 76 - TLS Single
s_connection: verify depth is 1
Handshake duration: 47.77 ms
Execution 77 - TLS Single
s_connection: verify depth is 1
Handshake duration: 48.12 ms
Execution 78 - TLS Single
s_connection: verify depth is 1
Handshake duration: 229.40 ms
Execution 79 - TLS Single
s_connection: verify depth is 1
Handshake duration: 49.79 ms
Execution 80 - TLS Single
s_connection: verify depth is 1
Handshake duration: 232.47 ms
Execution 81 - TLS Single
s_connection: verify depth is 1
Handshake duration: 70.24 ms
Execution 82 - TLS Single
s_connection: verify depth is 1
Handshake duration: 45.92 ms
Execution 83 - TLS Single
s_connection: verify depth is 1
Handshake duration: 1083.03 ms
Execution 84 - TLS Single
s_connection: verify depth is 1
Handshake duration: 50.48 ms
Execution 85 - TLS Single
s_connection: verify depth is 1
Handshake duration: 232.32 ms
Execution 86 - TLS Single
s_connection: verify depth is 1
Handshake duration: 70.56 ms
Execution 87 - TLS Single
s_connection: verify depth is 1
Handshake duration: 47.49 ms
Execution 88 - TLS Single
s_connection: verify depth is 1
Handshake duration: 45.96 ms
Execution 89 - TLS Single
s_connection: verify depth is 1
Handshake duration: 1304.73 ms
Execution 90 - TLS Single
s_connection: verify depth is 1
Handshake duration: 240.82 ms
Execution 91 - TLS Single
s_connection: verify depth is 1
Handshake duration: 463.67 ms
Execution 92 - TLS Single
s_connection: verify depth is 1
Handshake duration: 509.48 ms
Execution 93 - TLS Single
s_connection: verify depth is 1
Handshake duration: 46.78 ms
Execution 94 - TLS Single
s_connection: verify depth is 1
Handshake duration: 4144.07 ms
Execution 95 - TLS Single
s_connection: verify depth is 1
Handshake duration: 48.69 ms
Execution 96 - TLS Single
s_connection: verify depth is 1
Handshake duration: 1083.24 ms
Execution 97 - TLS Single
s_connection: verify depth is 1
Handshake duration: 48.06 ms
Execution 98 - TLS Single
s_connection: verify depth is 1
Handshake duration: 44.23 ms
Execution 99 - TLS Single
s_connection: verify depth is 1
Handshake duration: 47.92 ms
Execution 100 - TLS Single
s_connection: verify depth is 1
Handshake duration: 48.22 ms
Execution 101 - TLS Single
s_connection: verify depth is 1
Handshake duration: 45.07 ms
Execution 102 - TLS Single
s_connection: verify depth is 1
Handshake duration: 1301.69 ms
Execution 103 - TLS Single
s_connection: verify depth is 1
Handshake duration: 57.92 ms
Execution 104 - TLS Single
s_connection: verify depth is 1
Handshake duration: 44.55 ms
Execution 105 - TLS Single
s_connection: verify depth is 1
Handshake duration: 44.41 ms
Execution 106 - TLS Single
s_connection: verify depth is 1
Handshake duration: 44.13 ms
Execution 107 - TLS Single
s_connection: verify depth is 1
Handshake duration: 44.19 ms
Execution 108 - TLS Single
s_connection: verify depth is 1
Handshake duration: 440.10 ms
Execution 109 - TLS Single
s_connection: verify depth is 1
Handshake duration: 67.22 ms
Execution 110 - TLS Single
s_connection: verify depth is 1
Handshake duration: 47.77 ms
Execution 111 - TLS Single
s_connection: verify depth is 1
Handshake duration: 45.15 ms
Execution 112 - TLS Single
s_connection: verify depth is 1
Handshake duration: 1067.25 ms
Execution 113 - TLS Single
s_connection: verify depth is 1
Handshake duration: 48.39 ms
Execution 114 - TLS Single
s_connection: verify depth is 1
Handshake duration: 47.33 ms
Execution 115 - TLS Single
s_connection: verify depth is 1
Handshake duration: 44.52 ms
Execution 116 - TLS Single
s_connection: verify depth is 1
Handshake duration: 46.75 ms
Execution 117 - TLS Single
s_connection: verify depth is 1
Handshake duration: 1100.68 ms
Execution 118 - TLS Single
s_connection: verify depth is 1
Handshake duration: 236.53 ms
Execution 119 - TLS Single
s_connection: verify depth is 1
Handshake duration: 240.03 ms
Execution 120 - TLS Single
s_connection: verify depth is 1
Handshake duration: 58.03 ms
Execution 121 - TLS Single
s_connection: verify depth is 1
Handshake duration: 854.69 ms
Execution 122 - TLS Single
s_connection: verify depth is 1
Handshake duration: 239.62 ms
Execution 123 - TLS Single
s_connection: verify depth is 1
Handshake duration: 1091.26 ms
Execution 124 - TLS Single
s_connection: verify depth is 1
Handshake duration: 1527.66 ms
Execution 125 - TLS Single
s_connection: verify depth is 1
Handshake duration: 46.38 ms
