Handshake timeout budget: 150s (identique TLS/QUIC)
Applying netem rules to lo...
Showing qdisc status for the interface: lo
qdisc netem 9b90: root refcnt 2 limit 1000 seed 13590680807389281801
 Sent 0 bytes 0 pkt (dropped 0, overlimits 0 requeues 0) 
 backlog 0b 0p requeues 0
Running ./perftestClientTlsQuic.sh with SIG_ALG=mldsa65 and KEM_ALG=p384_hqc192
Execution 1 - TLS Single
s_connection: verify depth is 1
Handshake duration: 57.63 ms
Execution 2 - TLS Single
s_connection: verify depth is 1
Handshake duration: 57.35 ms
Execution 3 - TLS Single
s_connection: verify depth is 1
Handshake duration: 1090.98 ms
Execution 4 - TLS Single
s_connection: verify depth is 1
Handshake duration: 53.65 ms
Execution 5 - TLS Single
s_connection: verify depth is 1
Handshake duration: 234.62 ms
Execution 6 - TLS Single
s_connection: verify depth is 1
Handshake duration: 5608.88 ms
Execution 7 - TLS Single
s_connection: verify depth is 1
Handshake duration: 56.65 ms
Execution 8 - TLS Single
s_connection: verify depth is 1
Handshake duration: 1285.02 ms
Execution 9 - TLS Single
s_connection: verify depth is 1
Handshake duration: 249.21 ms
Execution 10 - TLS Single
s_connection: verify depth is 1
Handshake duration: 248.66 ms
Execution 11 - TLS Single
s_connection: verify depth is 1
Handshake duration: 250.30 ms
Execution 12 - TLS Single
s_connection: verify depth is 1
Handshake duration: 60.97 ms
Execution 13 - TLS Single
s_connection: verify depth is 1
Handshake duration: 54.43 ms
Execution 14 - TLS Single
s_connection: verify depth is 1
Handshake duration: 53.42 ms
Execution 15 - TLS Single
s_connection: verify depth is 1
Handshake duration: 53.04 ms
Execution 16 - TLS Single
s_connection: verify depth is 1
Handshake duration: 52.32 ms
Execution 17 - TLS Single
s_connection: verify depth is 1
Handshake duration: 58.43 ms
Execution 18 - TLS Single
s_connection: verify depth is 1
Handshake duration: 238.99 ms
Execution 19 - TLS Single
s_connection: verify depth is 1
Handshake duration: 1971.87 ms
Execution 20 - TLS Single
s_connection: verify depth is 1
Handshake duration: 1116.40 ms
Execution 21 - TLS Single
s_connection: verify depth is 1
Handshake duration: 59.15 ms
Execution 22 - TLS Single
s_connection: verify depth is 1
Handshake duration: 441.49 ms
Execution 23 - TLS Single
s_connection: verify depth is 1
Handshake duration: 69.28 ms
Execution 24 - TLS Single
s_connection: verify depth is 1
Handshake duration: 52.54 ms
Execution 25 - TLS Single
s_connection: verify depth is 1
Handshake duration: 238.32 ms
Execution 26 - TLS Single
s_connection: verify depth is 1
Handshake duration: 61.38 ms
Execution 27 - TLS Single
s_connection: verify depth is 1
Handshake duration: 237.02 ms
Execution 28 - TLS Single
s_connection: verify depth is 1
Handshake duration: 1068.57 ms
Execution 29 - TLS Single
s_connection: verify depth is 1
Handshake duration: 56.00 ms
Execution 30 - TLS Single
s_connection: verify depth is 1
Handshake duration: 1063.86 ms
Execution 31 - TLS Single
s_connection: verify depth is 1
Handshake duration: 1318.25 ms
Execution 32 - TLS Single
s_connection: verify depth is 1
Handshake duration: 61.21 ms
Execution 33 - TLS Single
s_connection: verify depth is 1
Handshake duration: 54.87 ms
Execution 34 - TLS Single
s_connection: verify depth is 1
Handshake duration: 52.20 ms
Execution 35 - TLS Single
s_connection: verify depth is 1
Handshake duration: 2754.84 ms
Execution 36 - TLS Single
s_connection: verify depth is 1
Handshake duration: 54.63 ms
Execution 37 - TLS Single
s_connection: verify depth is 1
Handshake duration: 50.10 ms
Execution 38 - TLS Single
s_connection: verify depth is 1
Handshake duration: 1690.16 ms
Execution 39 - TLS Single
s_connection: verify depth is 1
Handshake duration: 57.47 ms
Execution 40 - TLS Single
s_connection: verify depth is 1
Handshake duration: 53.82 ms
Execution 41 - TLS Single
s_connection: verify depth is 1
Handshake duration: 52.86 ms
Execution 42 - TLS Single
s_connection: verify depth is 1
Handshake duration: 1096.49 ms
Execution 43 - TLS Single
s_connection: verify depth is 1
Handshake duration: 1262.73 ms
Execution 44 - TLS Single
s_connection: verify depth is 1
Handshake duration: 69.18 ms
Execution 45 - TLS Single
s_connection: verify depth is 1
Handshake duration: 50.45 ms
Execution 46 - TLS Single
s_connection: verify depth is 1
Handshake duration: 50.82 ms
Execution 47 - TLS Single
s_connection: verify depth is 1
Handshake duration: 51.56 ms
Execution 48 - TLS Single
s_connection: verify depth is 1
Handshake duration: 1127.84 ms
Execution 49 - TLS Single
s_connection: verify depth is 1
Handshake duration: 55.10 ms
Execution 50 - TLS Single
s_connection: verify depth is 1
Handshake duration: 51.49 ms
Execution 51 - TLS Single
s_connection: verify depth is 1
Handshake duration: 677.47 ms
Execution 52 - TLS Single
s_connection: verify depth is 1
Handshake duration: 237.27 ms
Execution 53 - TLS Single
s_connection: verify depth is 1
Handshake duration: 62.00 ms
Execution 54 - TLS Single
s_connection: verify depth is 1
Handshake duration: 52.05 ms
Execution 55 - TLS Single
s_connection: verify depth is 1
Handshake duration: 294.42 ms
Execution 56 - TLS Single
s_connection: verify depth is 1
Handshake duration: 448.55 ms
Execution 57 - TLS Single
s_connection: verify depth is 1
Handshake duration: 70.23 ms
Execution 58 - TLS Single
s_connection: verify depth is 1
Handshake duration: 13213.32 ms
Execution 59 - TLS Single
s_connection: verify depth is 1
Handshake duration: 60.29 ms
Execution 60 - TLS Single
s_connection: verify depth is 1
Handshake duration: 235.58 ms
Execution 61 - TLS Single
s_connection: verify depth is 1
Handshake duration: 58.96 ms
Execution 62 - TLS Single
s_connection: verify depth is 1
Handshake duration: 1338.08 ms
Execution 63 - TLS Single
s_connection: verify depth is 1
Handshake duration: 1485.97 ms
Execution 64 - TLS Single
s_connection: verify depth is 1
Handshake duration: 61.58 ms
Execution 65 - TLS Single
s_connection: verify depth is 1
Handshake duration: 53.16 ms
Execution 66 - TLS Single
s_connection: verify depth is 1
Handshake duration: 1123.54 ms
Execution 67 - TLS Single
s_connection: verify depth is 1
Handshake duration: 1329.15 ms
Execution 68 - TLS Single
s_connection: verify depth is 1
Handshake duration: 864.13 ms
Execution 69 - TLS Single
s_connection: verify depth is 1
Handshake duration: 59.82 ms
Execution 70 - TLS Single
s_connection: verify depth is 1
Handshake duration: 1100.29 ms
Execution 71 - TLS Single
s_connection: verify depth is 1
Handshake duration: 240.49 ms
Execution 72 - TLS Single
s_connection: verify depth is 1
Handshake duration: 64.31 ms
Execution 73 - TLS Single
s_connection: verify depth is 1
Handshake duration: 2126.14 ms
Execution 74 - TLS Single
s_connection: verify depth is 1
Handshake duration: 235.22 ms
Execution 75 - TLS Single
s_connection: verify depth is 1
Handshake duration: 245.42 ms
Execution 76 - TLS Single
s_connection: verify depth is 1
Handshake duration: 67.45 ms
Execution 77 - TLS Single
s_connection: verify depth is 1
Handshake duration: 291.63 ms
Execution 78 - TLS Single
s_connection: verify depth is 1
Handshake duration: 53.92 ms
Execution 79 - TLS Single
s_connection: verify depth is 1
Handshake duration: 51.04 ms
Execution 80 - TLS Single
s_connection: verify depth is 1
Handshake duration: 233.93 ms
Execution 81 - TLS Single
s_connection: verify depth is 1
Handshake duration: 250.58 ms
Execution 82 - TLS Single
s_connection: verify depth is 1
Handshake duration: 245.44 ms
Execution 83 - TLS Single
s_connection: verify depth is 1
Handshake duration: 856.49 ms
Execution 84 - TLS Single
s_connection: verify depth is 1
Handshake duration: 62.64 ms
Execution 85 - TLS Single
s_connection: verify depth is 1
Handshake duration: 51.08 ms
Execution 86 - TLS Single
s_connection: verify depth is 1
Handshake duration: 443.04 ms
Execution 87 - TLS Single
s_connection: verify depth is 1
Handshake duration: 2799.03 ms
Execution 88 - TLS Single
s_connection: verify depth is 1
Handshake duration: 2076.70 ms
Execution 89 - TLS Single
s_connection: verify depth is 1
Handshake duration: 247.99 ms
Execution 90 - TLS Single
s_connection: verify depth is 1
Handshake duration: 62.80 ms
Execution 91 - TLS Single
s_connection: verify depth is 1
Handshake duration: 1092.94 ms
Execution 92 - TLS Single
s_connection: verify depth is 1
Handshake duration: 53.02 ms
Execution 93 - TLS Single
s_connection: verify depth is 1
Handshake duration: 50.99 ms
Execution 94 - TLS Single
s_connection: verify depth is 1
Handshake duration: 1499.80 ms
Execution 95 - TLS Single
s_connection: verify depth is 1
Handshake duration: 245.86 ms
Execution 96 - TLS Single
s_connection: verify depth is 1
Handshake duration: 63.19 ms
Execution 97 - TLS Single
s_connection: verify depth is 1
Handshake duration: 51.01 ms
Execution 98 - TLS Single
s_connection: verify depth is 1
Handshake duration: 1118.79 ms
Execution 99 - TLS Single
s_connection: verify depth is 1
Handshake duration: 55.38 ms
Execution 100 - TLS Single
s_connection: verify depth is 1
Handshake duration: 3161.74 ms
Execution 101 - TLS Single
s_connection: verify depth is 1
Handshake duration: 55.01 ms
Execution 102 - TLS Single
s_connection: verify depth is 1
Handshake duration: 52.10 ms
Execution 103 - TLS Single
s_connection: verify depth is 1
Handshake duration: 50.42 ms
Execution 104 - TLS Single
s_connection: verify depth is 1
Handshake duration: 50.45 ms
Execution 105 - TLS Single
s_connection: verify depth is 1
Handshake duration: 289.75 ms
Execution 106 - TLS Single
s_connection: verify depth is 1
Handshake duration: 240.30 ms
Execution 107 - TLS Single
s_connection: verify depth is 1
Handshake duration: 61.42 ms
Execution 108 - TLS Single
s_connection: verify depth is 1
Handshake duration: 241.26 ms
Execution 109 - TLS Single
s_connection: verify depth is 1
Handshake duration: 1342.41 ms
Execution 110 - TLS Single
s_connection: verify depth is 1
Handshake duration: 657.95 ms
Execution 111 - TLS Single
s_connection: verify depth is 1
Handshake duration: 247.73 ms
Execution 112 - TLS Single
s_connection: verify depth is 1
Handshake duration: 67.10 ms
Execution 113 - TLS Single
s_connection: verify depth is 1
Handshake duration: 53.31 ms
Execution 114 - TLS Single
s_connection: verify depth is 1
Handshake duration: 51.84 ms
Execution 115 - TLS Single
s_connection: verify depth is 1
Handshake duration: 52.66 ms
Execution 116 - TLS Single
s_connection: verify depth is 1
Handshake duration: 237.53 ms
Execution 117 - TLS Single
s_connection: verify depth is 1
Handshake duration: 63.08 ms
Execution 118 - TLS Single
s_connection: verify depth is 1
Handshake duration: 53.17 ms
Execution 119 - TLS Single
s_connection: verify depth is 1
Handshake duration: 52.14 ms
Execution 120 - TLS Single
s_connection: verify depth is 1
Handshake duration: 53.19 ms
Execution 121 - TLS Single
s_connection: verify depth is 1
Handshake duration: 264.48 ms
Execution 122 - TLS Single
s_connection: verify depth is 1
Handshake duration: 673.45 ms
Execution 123 - TLS Single
s_connection: verify depth is 1
Handshake duration: 60.16 ms
Execution 124 - TLS Single
s_connection: verify depth is 1
Handshake duration: 1100.31 ms
Execution 125 - TLS Single
s_connection: verify depth is 1
Handshake duration: 54.79 ms
