Handshake timeout budget: 150s (identique TLS/QUIC)
Applying netem rules to lo...
Showing qdisc status for the interface: lo
qdisc netem 81ed: root refcnt 2 limit 1000 seed 9301903421089323612
 Sent 0 bytes 0 pkt (dropped 0, overlimits 0 requeues 0) 
 backlog 0b 0p requeues 0
Running ./perftestClientTlsQuic.sh with SIG_ALG=mldsa44 and KEM_ALG=P-256
Execution 1 - TLS Single
s_connection: verify depth is 1
Handshake duration: 1.84 ms
Execution 2 - TLS Single
s_connection: verify depth is 1
Handshake duration: 5.57 ms
Execution 3 - TLS Single
s_connection: verify depth is 1
Handshake duration: 2.00 ms
Execution 4 - TLS Single
s_connection: verify depth is 1
Handshake duration: 5.32 ms
Execution 5 - TLS Single
s_connection: verify depth is 1
Handshake duration: 1.65 ms
Execution 6 - TLS Single
s_connection: verify depth is 1
Handshake duration: 1.80 ms
Execution 7 - TLS Single
s_connection: verify depth is 1
Handshake duration: 1.84 ms
Execution 8 - TLS Single
s_connection: verify depth is 1
Handshake duration: 2.04 ms
Execution 9 - TLS Single
s_connection: verify depth is 1
Handshake duration: 6.63 ms
Execution 10 - TLS Single
s_connection: verify depth is 1
Handshake duration: 618.80 ms
Execution 11 - TLS Single
s_connection: verify depth is 1
Handshake duration: 3.08 ms
Execution 12 - TLS Single
s_connection: verify depth is 1
Handshake duration: 1.87 ms
Execution 13 - TLS Single
s_connection: verify depth is 1
Handshake duration: 423.44 ms
Execution 14 - TLS Single
s_connection: verify depth is 1
Handshake duration: 3.06 ms
Execution 15 - TLS Single
s_connection: verify depth is 1
Handshake duration: 5.27 ms
Execution 16 - TLS Single
s_connection: verify depth is 1
Handshake duration: 2.36 ms
Execution 17 - TLS Single
s_connection: verify depth is 1
Handshake duration: 7.03 ms
Execution 18 - TLS Single
s_connection: verify depth is 1
Handshake duration: 1.67 ms
Execution 19 - TLS Single
s_connection: verify depth is 1
Handshake duration: 1.64 ms
Execution 20 - TLS Single
s_connection: verify depth is 1
Handshake duration: 5.57 ms
Execution 21 - TLS Single
s_connection: verify depth is 1
Handshake duration: 1.64 ms
Execution 22 - TLS Single
s_connection: verify depth is 1
Handshake duration: 1028.92 ms
Execution 23 - TLS Single
s_connection: verify depth is 1
Handshake duration: 2.40 ms
Execution 24 - TLS Single
s_connection: verify depth is 1
Handshake duration: 1.95 ms
Execution 25 - TLS Single
s_connection: verify depth is 1
Handshake duration: 2.05 ms
Execution 26 - TLS Single
s_connection: verify depth is 1
Handshake duration: 1.99 ms
Execution 27 - TLS Single
s_connection: verify depth is 1
Handshake duration: 5.39 ms
Execution 28 - TLS Single
s_connection: verify depth is 1
Handshake duration: 1043.79 ms
Execution 29 - TLS Single
s_connection: verify depth is 1
Handshake duration: 2.60 ms
Execution 30 - TLS Single
s_connection: verify depth is 1
Handshake duration: 1043.13 ms
Execution 31 - TLS Single
s_connection: verify depth is 1
Handshake duration: 3.35 ms
Execution 32 - TLS Single
s_connection: verify depth is 1
Handshake duration: 1035.43 ms
Execution 33 - TLS Single
s_connection: verify depth is 1
Handshake duration: 2.69 ms
Execution 34 - TLS Single
s_connection: verify depth is 1
Handshake duration: 1.94 ms
Execution 35 - TLS Single
s_connection: verify depth is 1
Handshake duration: 2.29 ms
Execution 36 - TLS Single
s_connection: verify depth is 1
Handshake duration: 2.00 ms
Execution 37 - TLS Single
s_connection: verify depth is 1
Handshake duration: 1479.98 ms
Execution 38 - TLS Single
s_connection: verify depth is 1
Handshake duration: 3078.79 ms
Execution 39 - TLS Single
s_connection: verify depth is 1
Handshake duration: 4.05 ms
Execution 40 - TLS Single
s_connection: verify depth is 1
Handshake duration: 1.87 ms
Execution 41 - TLS Single
s_connection: verify depth is 1
Handshake duration: 1.70 ms
Execution 42 - TLS Single
s_connection: verify depth is 1
Handshake duration: 1.84 ms
Execution 43 - TLS Single
s_connection: verify depth is 1
Handshake duration: 5.65 ms
Execution 44 - TLS Single
s_connection: verify depth is 1
Handshake duration: 2.31 ms
Execution 45 - TLS Single
s_connection: verify depth is 1
Handshake duration: 1.73 ms
Execution 46 - TLS Single
s_connection: verify depth is 1
Handshake duration: 1.71 ms
Execution 47 - TLS Single
s_connection: verify depth is 1
Handshake duration: 5.67 ms
Execution 48 - TLS Single
s_connection: verify depth is 1
Handshake duration: 1051.31 ms
Execution 49 - TLS Single
s_connection: verify depth is 1
Handshake duration: 1013.43 ms
Execution 50 - TLS Single
s_connection: verify depth is 1
Handshake duration: 3.40 ms
Execution 51 - TLS Single
s_connection: verify depth is 1
Handshake duration: 1045.75 ms
Execution 52 - TLS Single
s_connection: verify depth is 1
Handshake duration: 1064.83 ms
Execution 53 - TLS Single
s_connection: verify depth is 1
Handshake duration: 3.60 ms
Execution 54 - TLS Single
s_connection: verify depth is 1
Handshake duration: 7.15 ms
Execution 55 - TLS Single
s_connection: verify depth is 1
Handshake duration: 2.36 ms
Execution 56 - TLS Single
s_connection: verify depth is 1
Handshake duration: 208.84 ms
Execution 57 - TLS Single
s_connection: verify depth is 1
Handshake duration: 2.90 ms
Execution 58 - TLS Single
s_connection: verify depth is 1
Handshake duration: 209.50 ms
Execution 59 - TLS Single
s_connection: verify depth is 1
Handshake duration: 3.89 ms
Execution 60 - TLS Single
s_connection: verify depth is 1
Handshake duration: 1053.08 ms
Execution 61 - TLS Single
s_connection: verify depth is 1
Handshake duration: 4.32 ms
Execution 62 - TLS Single
s_connection: verify depth is 1
Handshake duration: 7.04 ms
Execution 63 - TLS Single
s_connection: verify depth is 1
Handshake duration: 620.90 ms
Execution 64 - TLS Single
s_connection: verify depth is 1
Handshake duration: 1.98 ms
Execution 65 - TLS Single
s_connection: verify depth is 1
Handshake duration: 1.86 ms
Execution 66 - TLS Single
s_connection: verify depth is 1
Handshake duration: 2.01 ms
Execution 67 - TLS Single
s_connection: verify depth is 1
Handshake duration: 618.82 ms
Execution 68 - TLS Single
s_connection: verify depth is 1
Handshake duration: 2.69 ms
Execution 69 - TLS Single
s_connection: verify depth is 1
Handshake duration: 1.65 ms
Execution 70 - TLS Single
s_connection: verify depth is 1
Handshake duration: 6.44 ms
Execution 71 - TLS Single
s_connection: verify depth is 1
Handshake duration: 1041.24 ms
Execution 72 - TLS Single
s_connection: verify depth is 1
Handshake duration: 3.12 ms
Execution 73 - TLS Single
s_connection: verify depth is 1
Handshake duration: 2.45 ms
Execution 74 - TLS Single
s_connection: verify depth is 1
Handshake duration: 1.75 ms
Execution 75 - TLS Single
s_connection: verify depth is 1
Handshake duration: 6.42 ms
Execution 76 - TLS Single
s_connection: verify depth is 1
Handshake duration: 1.64 ms
Execution 77 - TLS Single
s_connection: verify depth is 1
Handshake duration: 1.64 ms
Execution 78 - TLS Single
s_connection: verify depth is 1
Handshake duration: 1.80 ms
Execution 79 - TLS Single
s_connection: verify depth is 1
Handshake duration: 1.58 ms
Execution 80 - TLS Single
s_connection: verify depth is 1
Handshake duration: 1012.12 ms
Execution 81 - TLS Single
s_connection: verify depth is 1
Handshake duration: 3.83 ms
Execution 82 - TLS Single
s_connection: verify depth is 1
Handshake duration: 2.15 ms
Execution 83 - TLS Single
s_connection: verify depth is 1
Handshake duration: 1.80 ms
Execution 84 - TLS Single
s_connection: verify depth is 1
Handshake duration: 1011.86 ms
Execution 85 - TLS Single
s_connection: verify depth is 1
Handshake duration: 2501.09 ms
Execution 86 - TLS Single
s_connection: verify depth is 1
Handshake duration: 212.33 ms
Execution 87 - TLS Single
s_connection: verify depth is 1
Handshake duration: 1.74 ms
Execution 88 - TLS Single
s_connection: verify depth is 1
Handshake duration: 1.55 ms
Execution 89 - TLS Single
s_connection: verify depth is 1
Handshake duration: 5.20 ms
Execution 90 - TLS Single
s_connection: verify depth is 1
Handshake duration: 1.56 ms
Execution 91 - TLS Single
s_connection: verify depth is 1
Handshake duration: 210.92 ms
Execution 92 - TLS Single
s_connection: verify depth is 1
Handshake duration: 3.58 ms
Execution 93 - TLS Single
s_connection: verify depth is 1
Handshake duration: 2.16 ms
Execution 94 - TLS Single
s_connection: verify depth is 1
Handshake duration: 1065.14 ms
Execution 95 - TLS Single
s_connection: verify depth is 1
Handshake duration: 3.22 ms
Execution 96 - TLS Single
s_connection: verify depth is 1
Handshake duration: 416.60 ms
Execution 97 - TLS Single
s_connection: verify depth is 1
Handshake duration: 2.85 ms
Execution 98 - TLS Single
s_connection: verify depth is 1
Handshake duration: 1.85 ms
Execution 99 - TLS Single
s_connection: verify depth is 1
Handshake duration: 1.75 ms
Execution 100 - TLS Single
s_connection: verify depth is 1
Handshake duration: 5.01 ms
Execution 101 - TLS Single
s_connection: verify depth is 1
Handshake duration: 1.98 ms
Execution 102 - TLS Single
s_connection: verify depth is 1
Handshake duration: 1.76 ms
Execution 103 - TLS Single
s_connection: verify depth is 1
Handshake duration: 5.79 ms
Execution 104 - TLS Single
s_connection: verify depth is 1
Handshake duration: 209.52 ms
Execution 105 - TLS Single
s_connection: verify depth is 1
Handshake duration: 3.98 ms
Execution 106 - TLS Single
s_connection: verify depth is 1
Handshake duration: 1.68 ms
Execution 107 - TLS Single
s_connection: verify depth is 1
Handshake duration: 1.65 ms
Execution 108 - TLS Single
s_connection: verify depth is 1
Handshake duration: 1.63 ms
Execution 109 - TLS Single
s_connection: verify depth is 1
Handshake duration: 1.59 ms
Execution 110 - TLS Single
s_connection: verify depth is 1
Handshake duration: 1.80 ms
Execution 111 - TLS Single
s_connection: verify depth is 1
Handshake duration: 1.66 ms
Execution 112 - TLS Single
s_connection: verify depth is 1
Handshake duration: 1.82 ms
Execution 113 - TLS Single
s_connection: verify depth is 1
Handshake duration: 1264.34 ms
Execution 114 - TLS Single
s_connection: verify depth is 1
Handshake duration: 4098.15 ms
Execution 115 - TLS Single
s_connection: verify depth is 1
Handshake duration: 2.33 ms
Execution 116 - TLS Single
s_connection: verify depth is 1
Handshake duration: 206.29 ms
Execution 117 - TLS Single
s_connection: verify depth is 1
Handshake duration: 1061.50 ms
Execution 118 - TLS Single
s_connection: verify depth is 1
Handshake duration: 3.99 ms
Execution 119 - TLS Single
s_connection: verify depth is 1
Handshake duration: 6.37 ms
Execution 120 - TLS Single
s_connection: verify depth is 1
Handshake duration: 1.61 ms
Execution 121 - TLS Single
s_connection: verify depth is 1
Handshake duration: 1660.79 ms
Execution 122 - TLS Single
s_connection: verify depth is 1
Handshake duration: 3.50 ms
Execution 123 - TLS Single
s_connection: verify depth is 1
Handshake duration: 619.68 ms
Execution 124 - TLS Single
s_connection: verify depth is 1
Handshake duration: 3326.93 ms
Execution 125 - TLS Single
s_connection: verify depth is 1
Handshake duration: 2.35 ms
