Handshake timeout budget: 150s (identique TLS/QUIC)
Applying netem rules to lo...
Showing qdisc status for the interface: lo
qdisc netem 9b3f: root refcnt 2 limit 1000 seed 598604531810797490
 Sent 0 bytes 0 pkt (dropped 0, overlimits 0 requeues 0) 
 backlog 0b 0p requeues 0
Running ./perftestClientTlsQuic.sh with SIG_ALG=secp521r1 and KEM_ALG=p521_hqc256
Execution 1 - TLS Single
s_connection: verify depth is 1
Handshake duration: 261.80 ms
Execution 2 - TLS Single
s_connection: verify depth is 1
Handshake duration: 1585.16 ms
Execution 3 - TLS Single
s_connection: verify depth is 1
Handshake duration: 86.31 ms
Execution 4 - TLS Single
s_connection: verify depth is 1
Handshake duration: 5389.30 ms
Execution 5 - TLS Single
s_connection: verify depth is 1
Handshake duration: 1177.89 ms
Execution 6 - TLS Single
s_connection: verify depth is 1
Handshake duration: 91.50 ms
Execution 7 - TLS Single
s_connection: verify depth is 1
Handshake duration: 85.93 ms
Execution 8 - TLS Single
s_connection: verify depth is 1
Handshake duration: 1366.51 ms
Execution 9 - TLS Single
s_connection: verify depth is 1
Handshake duration: 1144.92 ms
Execution 10 - TLS Single
s_connection: verify depth is 1
Handshake duration: 708.26 ms
Execution 11 - TLS Single
s_connection: verify depth is 1
Handshake duration: 87.77 ms
Execution 12 - TLS Single
s_connection: verify depth is 1
Handshake duration: 323.13 ms
Execution 13 - TLS Single
s_connection: verify depth is 1
Handshake duration: 86.00 ms
Execution 14 - TLS Single
s_connection: verify depth is 1
Handshake duration: 86.13 ms
Execution 15 - TLS Single
s_connection: verify depth is 1
Handshake duration: 85.96 ms
Execution 16 - TLS Single
s_connection: verify depth is 1
Handshake duration: 85.75 ms
Execution 17 - TLS Single
s_connection: verify depth is 1
Handshake duration: 327.60 ms
Execution 18 - TLS Single
s_connection: verify depth is 1
Handshake duration: 1147.99 ms
Execution 19 - TLS Single
s_connection: verify depth is 1
Handshake duration: 86.04 ms
Execution 20 - TLS Single
s_connection: verify depth is 1
Handshake duration: 85.61 ms
Execution 21 - TLS Single
s_connection: verify depth is 1
Handshake duration: 917.48 ms
Execution 22 - TLS Single
s_connection: verify depth is 1
Handshake duration: 875.85 ms
Execution 23 - TLS Single
s_connection: verify depth is 1
Handshake duration: 338.18 ms
Execution 24 - TLS Single
s_connection: verify depth is 1
Handshake duration: 328.23 ms
Execution 25 - TLS Single
s_connection: verify depth is 1
Handshake duration: 708.48 ms
Execution 26 - TLS Single
s_connection: verify depth is 1
Handshake duration: 87.65 ms
Execution 27 - TLS Single
s_connection: verify depth is 1
Handshake duration: 89.45 ms
Execution 28 - TLS Single
s_connection: verify depth is 1
Handshake duration: 85.39 ms
Execution 29 - TLS Single
s_connection: verify depth is 1
Handshake duration: 85.65 ms
Execution 30 - TLS Single
s_connection: verify depth is 1
Handshake duration: 305.06 ms
Execution 31 - TLS Single
s_connection: verify depth is 1
Handshake duration: 324.60 ms
Execution 32 - TLS Single
s_connection: verify depth is 1
Handshake duration: 85.96 ms
Execution 33 - TLS Single
s_connection: verify depth is 1
Handshake duration: 328.00 ms
Execution 34 - TLS Single
s_connection: verify depth is 1
Handshake duration: 86.06 ms
Execution 35 - TLS Single
s_connection: verify depth is 1
Handshake duration: 85.57 ms
Execution 36 - TLS Single
s_connection: verify depth is 1
Handshake duration: 86.07 ms
Execution 37 - TLS Single
s_connection: verify depth is 1
Handshake duration: 85.82 ms
Execution 38 - TLS Single
s_connection: verify depth is 1
Handshake duration: 85.83 ms
Execution 39 - TLS Single
s_connection: verify depth is 1
Handshake duration: 85.87 ms
Execution 40 - TLS Single
s_connection: verify depth is 1
Handshake duration: 325.71 ms
Execution 41 - TLS Single
s_connection: verify depth is 1
Handshake duration: 1147.91 ms
Execution 42 - TLS Single
s_connection: verify depth is 1
Handshake duration: 86.01 ms
Execution 43 - TLS Single
s_connection: verify depth is 1
Handshake duration: 85.54 ms
Execution 44 - TLS Single
s_connection: verify depth is 1
Handshake duration: 339.58 ms
Execution 45 - TLS Single
s_connection: verify depth is 1
Handshake duration: 3182.03 ms
Execution 46 - TLS Single
s_connection: verify depth is 1
Handshake duration: 85.55 ms
Execution 47 - TLS Single
s_connection: verify depth is 1
Handshake duration: 85.37 ms
Execution 48 - TLS Single
s_connection: verify depth is 1
Handshake duration: 1121.95 ms
Execution 49 - TLS Single
s_connection: verify depth is 1
Handshake duration: 715.16 ms
Execution 50 - TLS Single
s_connection: verify depth is 1
Handshake duration: 86.68 ms
Execution 51 - TLS Single
s_connection: verify depth is 1
Handshake duration: 2987.32 ms
Execution 52 - TLS Single
s_connection: verify depth is 1
Handshake duration: 92.21 ms
Execution 53 - TLS Single
s_connection: verify depth is 1
Handshake duration: 85.70 ms
Execution 54 - TLS Single
s_connection: verify depth is 1
Handshake duration: 85.75 ms
Execution 55 - TLS Single
s_connection: verify depth is 1
Handshake duration: 85.58 ms
Execution 56 - TLS Single
s_connection: verify depth is 1
Handshake duration: 330.12 ms
Execution 57 - TLS Single
s_connection: verify depth is 1
Handshake duration: 85.69 ms
Execution 58 - TLS Single
s_connection: verify depth is 1
Handshake duration: 86.76 ms
Execution 59 - TLS Single
s_connection: verify depth is 1
Handshake duration: 716.90 ms
Execution 60 - TLS Single
s_connection: verify depth is 1
Handshake duration: 87.61 ms
Execution 61 - TLS Single
s_connection: verify depth is 1
Handshake duration: 258.10 ms
Execution 62 - TLS Single
s_connection: verify depth is 1
Handshake duration: 2159.36 ms
Execution 63 - TLS Single
s_connection: verify depth is 1
Handshake duration: 85.92 ms
Execution 64 - TLS Single
s_connection: verify depth is 1
Handshake duration: 85.67 ms
Execution 65 - TLS Single
s_connection: verify depth is 1
Handshake duration: 86.02 ms
Execution 66 - TLS Single
s_connection: verify depth is 1
Handshake duration: 1177.46 ms
Execution 67 - TLS Single
s_connection: verify depth is 1
Handshake duration: 85.91 ms
Execution 68 - TLS Single
s_connection: verify depth is 1
Handshake duration: 86.39 ms
Execution 69 - TLS Single
s_connection: verify depth is 1
Handshake duration: 85.54 ms
Execution 70 - TLS Single
s_connection: verify depth is 1
Handshake duration: 258.07 ms
Execution 71 - TLS Single
s_connection: verify depth is 1
Handshake duration: 266.72 ms
Execution 72 - TLS Single
s_connection: verify depth is 1
Handshake duration: 95.51 ms
Execution 73 - TLS Single
s_connection: verify depth is 1
Handshake duration: 262.14 ms
Execution 74 - TLS Single
s_connection: verify depth is 1
Handshake duration: 1336.80 ms
Execution 75 - TLS Single
s_connection: verify depth is 1
Handshake duration: 1775.31 ms
Execution 76 - TLS Single
s_connection: verify depth is 1
Handshake duration: 86.42 ms
Execution 77 - TLS Single
s_connection: verify depth is 1
Handshake duration: 1330.82 ms
Execution 78 - TLS Single
s_connection: verify depth is 1
Handshake duration: 96.00 ms
Execution 79 - TLS Single
s_connection: verify depth is 1
Handshake duration: 260.20 ms
Execution 80 - TLS Single
s_connection: verify depth is 1
Handshake duration: 91.99 ms
Execution 81 - TLS Single
s_connection: verify depth is 1
Handshake duration: 85.53 ms
Execution 82 - TLS Single
s_connection: verify depth is 1
Handshake duration: 509.04 ms
Execution 83 - TLS Single
s_connection: verify depth is 1
Handshake duration: 86.32 ms
Execution 84 - TLS Single
s_connection: verify depth is 1
Handshake duration: 327.18 ms
Execution 85 - TLS Single
s_connection: verify depth is 1
Handshake duration: 1358.59 ms
Execution 86 - TLS Single
s_connection: verify depth is 1
Handshake duration: 88.59 ms
Execution 87 - TLS Single
s_connection: verify depth is 1
Handshake duration: 85.72 ms
Execution 88 - TLS Single
s_connection: verify depth is 1
Handshake duration: 86.50 ms
Execution 89 - TLS Single
s_connection: verify depth is 1
Handshake duration: 85.94 ms
Execution 90 - TLS Single
s_connection: verify depth is 1
Handshake duration: 714.62 ms
Execution 91 - TLS Single
s_connection: verify depth is 1
Handshake duration: 89.59 ms
Execution 92 - TLS Single
s_connection: verify depth is 1
Handshake duration: 515.24 ms
Execution 93 - TLS Single
s_connection: verify depth is 1
Handshake duration: 316.92 ms
Execution 94 - TLS Single
s_connection: verify depth is 1
Handshake duration: 86.12 ms
Execution 95 - TLS Single
s_connection: verify depth is 1
Handshake duration: 85.67 ms
Execution 96 - TLS Single
s_connection: verify depth is 1
Handshake duration: 1161.44 ms
Execution 97 - TLS Single
s_connection: verify depth is 1
Handshake duration: 85.55 ms
Execution 98 - TLS Single
s_connection: verify depth is 1
Handshake duration: 85.97 ms
Execution 99 - TLS Single
s_connection: verify depth is 1
Handshake duration: 85.58 ms
Execution 100 - TLS Single
s_connection: verify depth is 1
Handshake duration: 85.51 ms
Execution 101 - TLS Single
s_connection: verify depth is 1
Handshake duration: 329.02 ms
Execution 102 - TLS Single
s_connection: verify depth is 1
Handshake duration: 262.30 ms
Execution 103 - TLS Single
s_connection: verify depth is 1
Handshake duration: 91.78 ms
Execution 104 - TLS Single
s_connection: verify depth is 1
Handshake duration: 85.48 ms
Execution 105 - TLS Single
s_connection: verify depth is 1
Handshake duration: 85.61 ms
Execution 106 - TLS Single
s_connection: verify depth is 1
Handshake duration: 85.51 ms
Execution 107 - TLS Single
s_connection: verify depth is 1
Handshake duration: 85.75 ms
Execution 108 - TLS Single
s_connection: verify depth is 1
Handshake duration: 258.79 ms
Execution 109 - TLS Single
s_connection: verify depth is 1
Handshake duration: 542.25 ms
Execution 110 - TLS Single
s_connection: verify depth is 1
Handshake duration: 86.77 ms
Execution 111 - TLS Single
s_connection: verify depth is 1
Handshake duration: 86.56 ms
Execution 112 - TLS Single
s_connection: verify depth is 1
Handshake duration: 85.86 ms
Execution 113 - TLS Single
s_connection: verify depth is 1
Handshake duration: 262.05 ms
Execution 114 - TLS Single
s_connection: verify depth is 1
Handshake duration: 102.32 ms
Execution 115 - TLS Single
s_connection: verify depth is 1
Handshake duration: 86.04 ms
Execution 116 - TLS Single
s_connection: verify depth is 1
Handshake duration: 86.70 ms
Execution 117 - TLS Single
s_connection: verify depth is 1
Handshake duration: 85.88 ms
Execution 118 - TLS Single
s_connection: verify depth is 1
Handshake duration: 88.05 ms
Execution 119 - TLS Single
s_connection: verify depth is 1
Handshake duration: 85.19 ms
Execution 120 - TLS Single
s_connection: verify depth is 1
Handshake duration: 85.72 ms
Execution 121 - TLS Single
s_connection: verify depth is 1
Handshake duration: 86.80 ms
Execution 122 - TLS Single
s_connection: verify depth is 1
Handshake duration: 86.80 ms
Execution 123 - TLS Single
s_connection: verify depth is 1
Handshake duration: 333.92 ms
Execution 124 - TLS Single
s_connection: verify depth is 1
Handshake duration: 4016.18 ms
Execution 125 - TLS Single
s_connection: verify depth is 1
Handshake duration: 305.12 ms
