Handshake timeout budget: 150s (identique TLS/QUIC)
Applying netem rules to lo...
Showing qdisc status for the interface: lo
qdisc netem 9b63: root refcnt 2 limit 1000 seed 6947505799754387938
 Sent 0 bytes 0 pkt (dropped 0, overlimits 0 requeues 0) 
 backlog 0b 0p requeues 0
Running ./perftestClientTlsQuic.sh with SIG_ALG=secp384r1 and KEM_ALG=x448
Execution 1 - TLS Single
s_connection: verify depth is 1
Handshake duration: 4.11 ms
Execution 2 - TLS Single
s_connection: verify depth is 1
Handshake duration: 3.47 ms
Execution 3 - TLS Single
s_connection: verify depth is 1
Handshake duration: 1058.58 ms
Execution 4 - TLS Single
s_connection: verify depth is 1
Handshake duration: 5.88 ms
Execution 5 - TLS Single
s_connection: verify depth is 1
Handshake duration: 4.34 ms
Execution 6 - TLS Single
s_connection: verify depth is 1
Handshake duration: 4.10 ms
Execution 7 - TLS Single
s_connection: verify depth is 1
Handshake duration: 1223.02 ms
Execution 8 - TLS Single
s_connection: verify depth is 1
Handshake duration: 8.26 ms
Execution 9 - TLS Single
s_connection: verify depth is 1
Handshake duration: 6.04 ms
Execution 10 - TLS Single
s_connection: verify depth is 1
Handshake duration: 212.45 ms
Execution 11 - TLS Single
s_connection: verify depth is 1
Handshake duration: 2301.55 ms
Execution 12 - TLS Single
s_connection: verify depth is 1
Handshake duration: 4.10 ms
Execution 13 - TLS Single
s_connection: verify depth is 1
Handshake duration: 4.15 ms
Execution 14 - TLS Single
s_connection: verify depth is 1
Handshake duration: 4.34 ms
Execution 15 - TLS Single
s_connection: verify depth is 1
Handshake duration: 211.06 ms
Execution 16 - TLS Single
s_connection: verify depth is 1
Handshake duration: 11.04 ms
Execution 17 - TLS Single
s_connection: verify depth is 1
Handshake duration: 3.83 ms
Execution 18 - TLS Single
s_connection: verify depth is 1
Handshake duration: 1046.56 ms
Execution 19 - TLS Single
s_connection: verify depth is 1
Handshake duration: 4.42 ms
Execution 20 - TLS Single
s_connection: verify depth is 1
Handshake duration: 209.78 ms
Execution 21 - TLS Single
s_connection: verify depth is 1
Handshake duration: 8.83 ms
Execution 22 - TLS Single
s_connection: verify depth is 1
Handshake duration: 832.12 ms
Execution 23 - TLS Single
s_connection: verify depth is 1
Handshake duration: 4.34 ms
Execution 24 - TLS Single
s_connection: verify depth is 1
Handshake duration: 3068.68 ms
Execution 25 - TLS Single
s_connection: verify depth is 1
Handshake duration: 4.15 ms
Execution 26 - TLS Single
s_connection: verify depth is 1
Handshake duration: 4.22 ms
Execution 27 - TLS Single
s_connection: verify depth is 1
Handshake duration: 4.21 ms
Execution 28 - TLS Single
s_connection: verify depth is 1
Handshake duration: 4.15 ms
Execution 29 - TLS Single
s_connection: verify depth is 1
Handshake duration: 1067.02 ms
Execution 30 - TLS Single
s_connection: verify depth is 1
Handshake duration: 4.04 ms
Execution 31 - TLS Single
s_connection: verify depth is 1
Handshake duration: 3.73 ms
Execution 32 - TLS Single
s_connection: verify depth is 1
Handshake duration: 1045.88 ms
Execution 33 - TLS Single
s_connection: verify depth is 1
Handshake duration: 8.15 ms
Execution 34 - TLS Single
s_connection: verify depth is 1
Handshake duration: 1232.10 ms
Execution 35 - TLS Single
s_connection: verify depth is 1
Handshake duration: 4.43 ms
Execution 36 - TLS Single
s_connection: verify depth is 1
Handshake duration: 4.39 ms
Execution 37 - TLS Single
s_connection: verify depth is 1
Handshake duration: 3.87 ms
Execution 38 - TLS Single
s_connection: verify depth is 1
Handshake duration: 4.11 ms
Execution 39 - TLS Single
s_connection: verify depth is 1
Handshake duration: 1059.02 ms
Execution 40 - TLS Single
s_connection: verify depth is 1
Handshake duration: 4.33 ms
Execution 41 - TLS Single
s_connection: verify depth is 1
Handshake duration: 4.40 ms
Execution 42 - TLS Single
s_connection: verify depth is 1
Handshake duration: 3.72 ms
Execution 43 - TLS Single
s_connection: verify depth is 1
Handshake duration: 422.54 ms
Execution 44 - TLS Single
s_connection: verify depth is 1
Handshake duration: 3.99 ms
Execution 45 - TLS Single
s_connection: verify depth is 1
Handshake duration: 2042.51 ms
Execution 46 - TLS Single
s_connection: verify depth is 1
Handshake duration: 4.19 ms
Execution 47 - TLS Single
s_connection: verify depth is 1
Handshake duration: 4.30 ms
Execution 48 - TLS Single
s_connection: verify depth is 1
Handshake duration: 1045.38 ms
Execution 49 - TLS Single
s_connection: verify depth is 1
Handshake duration: 4.38 ms
Execution 50 - TLS Single
s_connection: verify depth is 1
Handshake duration: 4.43 ms
Execution 51 - TLS Single
s_connection: verify depth is 1
Handshake duration: 3.67 ms
Execution 52 - TLS Single
s_connection: verify depth is 1
Handshake duration: 3.69 ms
Execution 53 - TLS Single
s_connection: verify depth is 1
Handshake duration: 216.66 ms
Execution 54 - TLS Single
s_connection: verify depth is 1
Handshake duration: 1073.71 ms
Execution 55 - TLS Single
s_connection: verify depth is 1
Handshake duration: 4.05 ms
Execution 56 - TLS Single
s_connection: verify depth is 1
Handshake duration: 4.10 ms
Execution 57 - TLS Single
s_connection: verify depth is 1
Handshake duration: 4.08 ms
Execution 58 - TLS Single
s_connection: verify depth is 1
Handshake duration: 1022.94 ms
Execution 59 - TLS Single
s_connection: verify depth is 1
Handshake duration: 5.49 ms
Execution 60 - TLS Single
s_connection: verify depth is 1
Handshake duration: 3.81 ms
Execution 61 - TLS Single
s_connection: verify depth is 1
Handshake duration: 1021.92 ms
Execution 62 - TLS Single
s_connection: verify depth is 1
Handshake duration: 4.37 ms
Execution 63 - TLS Single
s_connection: verify depth is 1
Handshake duration: 4.52 ms
Execution 64 - TLS Single
s_connection: verify depth is 1
Handshake duration: 4.43 ms
Execution 65 - TLS Single
s_connection: verify depth is 1
Handshake duration: 1022.93 ms
Execution 66 - TLS Single
s_connection: verify depth is 1
Handshake duration: 214.27 ms
Execution 67 - TLS Single
s_connection: verify depth is 1
Handshake duration: 213.85 ms
Execution 68 - TLS Single
s_connection: verify depth is 1
Handshake duration: 214.69 ms
Execution 69 - TLS Single
s_connection: verify depth is 1
Handshake duration: 4.35 ms
Execution 70 - TLS Single
s_connection: verify depth is 1
Handshake duration: 216.92 ms
Execution 71 - TLS Single
s_connection: verify depth is 1
Handshake duration: 1264.93 ms
Execution 72 - TLS Single
s_connection: verify depth is 1
Handshake duration: 5.64 ms
Execution 73 - TLS Single
s_connection: verify depth is 1
Handshake duration: 216.96 ms
Execution 74 - TLS Single
s_connection: verify depth is 1
Handshake duration: 8.86 ms
Execution 75 - TLS Single
s_connection: verify depth is 1
Handshake duration: 3.90 ms
Execution 76 - TLS Single
s_connection: verify depth is 1
Handshake duration: 3.97 ms
Execution 77 - TLS Single
s_connection: verify depth is 1
Handshake duration: 3.83 ms
Execution 78 - TLS Single
s_connection: verify depth is 1
Handshake duration: 214.73 ms
Execution 79 - TLS Single
s_connection: verify depth is 1
Handshake duration: 212.83 ms
Execution 80 - TLS Single
s_connection: verify depth is 1
Handshake duration: 8.85 ms
Execution 81 - TLS Single
s_connection: verify depth is 1
Handshake duration: 420.24 ms
Execution 82 - TLS Single
s_connection: verify depth is 1
Handshake duration: 4.96 ms
Execution 83 - TLS Single
s_connection: verify depth is 1
Handshake duration: 424.58 ms
Execution 84 - TLS Single
s_connection: verify depth is 1
Handshake duration: 1036.21 ms
Execution 85 - TLS Single
s_connection: verify depth is 1
Handshake duration: 13.55 ms
Execution 86 - TLS Single
s_connection: verify depth is 1
Handshake duration: 216.38 ms
Execution 87 - TLS Single
s_connection: verify depth is 1
Handshake duration: 217.40 ms
Execution 88 - TLS Single
s_connection: verify depth is 1
Handshake duration: 4.25 ms
Execution 89 - TLS Single
s_connection: verify depth is 1
Handshake duration: 1013.38 ms
Execution 90 - TLS Single
s_connection: verify depth is 1
Handshake duration: 1049.39 ms
Execution 91 - TLS Single
s_connection: verify depth is 1
Handshake duration: 206.65 ms
Execution 92 - TLS Single
s_connection: verify depth is 1
Handshake duration: 5.08 ms
Execution 93 - TLS Single
s_connection: verify depth is 1
Handshake duration: 4.98 ms
Execution 94 - TLS Single
s_connection: verify depth is 1
Handshake duration: 5.00 ms
Execution 95 - TLS Single
s_connection: verify depth is 1
Handshake duration: 4.98 ms
Execution 96 - TLS Single
s_connection: verify depth is 1
Handshake duration: 4.92 ms
Execution 97 - TLS Single
s_connection: verify depth is 1
Handshake duration: 1021.11 ms
Execution 98 - TLS Single
s_connection: verify depth is 1
Handshake duration: 1214.96 ms
Execution 99 - TLS Single
s_connection: verify depth is 1
Handshake duration: 4.91 ms
Execution 100 - TLS Single
s_connection: verify depth is 1
Handshake duration: 5.04 ms
Execution 101 - TLS Single
s_connection: verify depth is 1
Handshake duration: 1024.40 ms
Execution 102 - TLS Single
s_connection: verify depth is 1
Handshake duration: 5.02 ms
Execution 103 - TLS Single
s_connection: verify depth is 1
Handshake duration: 1053.57 ms
Execution 104 - TLS Single
s_connection: verify depth is 1
Handshake duration: 4.17 ms
Execution 105 - TLS Single
s_connection: verify depth is 1
Handshake duration: 4.01 ms
Execution 106 - TLS Single
s_connection: verify depth is 1
Handshake duration: 4.38 ms
Execution 107 - TLS Single
s_connection: verify depth is 1
Handshake duration: 4.00 ms
Execution 108 - TLS Single
s_connection: verify depth is 1
Handshake duration: 3.55 ms
Execution 109 - TLS Single
s_connection: verify depth is 1
Handshake duration: 3.53 ms
Execution 110 - TLS Single
s_connection: verify depth is 1
Handshake duration: 3.56 ms
Execution 111 - TLS Single
s_connection: verify depth is 1
Handshake duration: 418.39 ms
Execution 112 - TLS Single
s_connection: verify depth is 1
Handshake duration: 3.73 ms
Execution 113 - TLS Single
s_connection: verify depth is 1
Handshake duration: 3.61 ms
Execution 114 - TLS Single
s_connection: verify depth is 1
Handshake duration: 1075.70 ms
Execution 115 - TLS Single
s_connection: verify depth is 1
Handshake duration: 6.00 ms
Execution 116 - TLS Single
s_connection: verify depth is 1
Handshake duration: 4.25 ms
Execution 117 - TLS Single
s_connection: verify depth is 1
Handshake duration: 1019.00 ms
Execution 118 - TLS Single
s_connection: verify depth is 1
Handshake duration: 1072.68 ms
Execution 119 - TLS Single
s_connection: verify depth is 1
Handshake duration: 4.05 ms
Execution 120 - TLS Single
s_connection: verify depth is 1
Handshake duration: 4.05 ms
Execution 121 - TLS Single
s_connection: verify depth is 1
Handshake duration: 215.03 ms
Execution 122 - TLS Single
s_connection: verify depth is 1
Handshake duration: 5.88 ms
Execution 123 - TLS Single
s_connection: verify depth is 1
Handshake duration: 3.76 ms
Execution 124 - TLS Single
s_connection: verify depth is 1
Handshake duration: 3.77 ms
Execution 125 - TLS Single
s_connection: verify depth is 1
Handshake duration: 4.26 ms
