Handshake timeout budget: 150s (identique TLS/QUIC)
Applying netem rules to lo...
Showing qdisc status for the interface: lo
qdisc netem 8256: root refcnt 2 limit 1000 seed 7206981020268246398
 Sent 0 bytes 0 pkt (dropped 0, overlimits 0 requeues 0) 
 backlog 0b 0p requeues 0
Running ./perftestClientTlsQuic.sh with SIG_ALG=mldsa87 and KEM_ALG=p521_mlkem1024
Execution 1 - TLS Single
s_connection: verify depth is 1
Handshake duration: 11.95 ms
Execution 2 - TLS Single
s_connection: verify depth is 1
Handshake duration: 9.33 ms
Execution 3 - TLS Single
s_connection: verify depth is 1
Handshake duration: 1035.35 ms
Execution 4 - TLS Single
s_connection: verify depth is 1
Handshake duration: 6569.01 ms
Execution 5 - TLS Single
s_connection: verify depth is 1
Handshake duration: 12.83 ms
Execution 6 - TLS Single
s_connection: verify depth is 1
Handshake duration: 211.87 ms
Execution 7 - TLS Single
s_connection: verify depth is 1
Handshake duration: 12.66 ms
Execution 8 - TLS Single
s_connection: verify depth is 1
Handshake duration: 618.66 ms
Execution 9 - TLS Single
s_connection: verify depth is 1
Handshake duration: 1429.26 ms
Execution 10 - TLS Single
s_connection: verify depth is 1
Handshake duration: 19.34 ms
Execution 11 - TLS Single
s_connection: verify depth is 1
Handshake duration: 9.13 ms
Execution 12 - TLS Single
s_connection: verify depth is 1
Handshake duration: 8.91 ms
Execution 13 - TLS Single
s_connection: verify depth is 1
Handshake duration: 8.94 ms
Execution 14 - TLS Single
s_connection: verify depth is 1
Handshake duration: 8.91 ms
Execution 15 - TLS Single
s_connection: verify depth is 1
Handshake duration: 6420.47 ms
Execution 16 - TLS Single
s_connection: verify depth is 1
Handshake duration: 13.92 ms
Execution 17 - TLS Single
s_connection: verify depth is 1
Handshake duration: 1043.95 ms
Execution 18 - TLS Single
s_connection: verify depth is 1
Handshake duration: 1271.80 ms
Execution 19 - TLS Single
s_connection: verify depth is 1
Handshake duration: 12.64 ms
Execution 20 - TLS Single
s_connection: verify depth is 1
Handshake duration: 216.51 ms
Execution 21 - TLS Single
s_connection: verify depth is 1
Handshake duration: 13.09 ms
Execution 22 - TLS Single
s_connection: verify depth is 1
Handshake duration: 9.23 ms
Execution 23 - TLS Single
s_connection: verify depth is 1
Handshake duration: 9.06 ms
Execution 24 - TLS Single
s_connection: verify depth is 1
Handshake duration: 2689.23 ms
Execution 25 - TLS Single
s_connection: verify depth is 1
Handshake duration: 11.58 ms
Execution 26 - TLS Single
s_connection: verify depth is 1
Handshake duration: 8.87 ms
Execution 27 - TLS Single
s_connection: verify depth is 1
Handshake duration: 8.68 ms
Execution 28 - TLS Single
s_connection: verify depth is 1
Handshake duration: 8.72 ms
Execution 29 - TLS Single
s_connection: verify depth is 1
Handshake duration: 8.93 ms
Execution 30 - TLS Single
s_connection: verify depth is 1
Handshake duration: 8.83 ms
Execution 31 - TLS Single
s_connection: verify depth is 1
Handshake duration: 10.36 ms
Execution 32 - TLS Single
s_connection: verify depth is 1
Handshake duration: 8.66 ms
Execution 33 - TLS Single
s_connection: verify depth is 1
Handshake duration: 8.89 ms
Execution 34 - TLS Single
s_connection: verify depth is 1
Handshake duration: 1480.35 ms
Execution 35 - TLS Single
s_connection: verify depth is 1
Handshake duration: 1437.11 ms
Execution 36 - TLS Single
s_connection: verify depth is 1
Handshake duration: 13.56 ms
Execution 37 - TLS Single
s_connection: verify depth is 1
Handshake duration: 226.21 ms
Execution 38 - TLS Single
s_connection: verify depth is 1
Handshake duration: 14.41 ms
Execution 39 - TLS Single
s_connection: verify depth is 1
Handshake duration: 15.17 ms
Execution 40 - TLS Single
s_connection: verify depth is 1
Handshake duration: 1069.40 ms
Execution 41 - TLS Single
s_connection: verify depth is 1
Handshake duration: 227.24 ms
Execution 42 - TLS Single
s_connection: verify depth is 1
Handshake duration: 216.68 ms
Execution 43 - TLS Single
s_connection: verify depth is 1
Handshake duration: 629.46 ms
Execution 44 - TLS Single
s_connection: verify depth is 1
Handshake duration: 13.18 ms
Execution 45 - TLS Single
s_connection: verify depth is 1
Handshake duration: 8.78 ms
Execution 46 - TLS Single
s_connection: verify depth is 1
Handshake duration: 5168.98 ms
Execution 47 - TLS Single
s_connection: verify depth is 1
Handshake duration: 14.28 ms
Execution 48 - TLS Single
s_connection: verify depth is 1
Handshake duration: 8.95 ms
Execution 49 - TLS Single
s_connection: verify depth is 1
Handshake duration: 8.88 ms
Execution 50 - TLS Single
s_connection: verify depth is 1
Handshake duration: 210.90 ms
Execution 51 - TLS Single
s_connection: verify depth is 1
Handshake duration: 12.22 ms
Execution 52 - TLS Single
s_connection: verify depth is 1
Handshake duration: 1033.01 ms
Execution 53 - TLS Single
s_connection: verify depth is 1
Handshake duration: 16.75 ms
Execution 54 - TLS Single
s_connection: verify depth is 1
Handshake duration: 216.26 ms
Execution 55 - TLS Single
s_connection: verify depth is 1
Handshake duration: 222.05 ms
Execution 56 - TLS Single
s_connection: verify depth is 1
Handshake duration: 12.60 ms
Execution 57 - TLS Single
s_connection: verify depth is 1
Handshake duration: 10.45 ms
Execution 58 - TLS Single
s_connection: verify depth is 1
Handshake duration: 9.16 ms
Execution 59 - TLS Single
s_connection: verify depth is 1
Handshake duration: 8.89 ms
Execution 60 - TLS Single
s_connection: verify depth is 1
Handshake duration: 9.02 ms
Execution 61 - TLS Single
s_connection: verify depth is 1
Handshake duration: 9.13 ms
Execution 62 - TLS Single
s_connection: verify depth is 1
Handshake duration: 8.70 ms
Execution 63 - TLS Single
s_connection: verify depth is 1
Handshake duration: 13.98 ms
Execution 64 - TLS Single
s_connection: verify depth is 1
Handshake duration: 215.34 ms
Execution 65 - TLS Single
s_connection: verify depth is 1
Handshake duration: 13.09 ms
Execution 66 - TLS Single
s_connection: verify depth is 1
Handshake duration: 9.80 ms
Execution 67 - TLS Single
s_connection: verify depth is 1
Handshake duration: 8.98 ms
Execution 68 - TLS Single
s_connection: verify depth is 1
Handshake duration: 2084.70 ms
Execution 69 - TLS Single
s_connection: verify depth is 1
Handshake duration: 9.03 ms
Execution 70 - TLS Single
s_connection: verify depth is 1
Handshake duration: 8.84 ms
Execution 71 - TLS Single
s_connection: verify depth is 1
Handshake duration: 8.50 ms
Execution 72 - TLS Single
s_connection: verify depth is 1
Handshake duration: 8.63 ms
Execution 73 - TLS Single
s_connection: verify depth is 1
Handshake duration: 8.53 ms
Execution 74 - TLS Single
s_connection: verify depth is 1
Handshake duration: 214.06 ms
Execution 75 - TLS Single
s_connection: verify depth is 1
Handshake duration: 10.66 ms
Execution 76 - TLS Single
s_connection: verify depth is 1
Handshake duration: 210.92 ms
Execution 77 - TLS Single
s_connection: verify depth is 1
Handshake duration: 3994.79 ms
Execution 78 - TLS Single
s_connection: verify depth is 1
Handshake duration: 15.01 ms
Execution 79 - TLS Single
s_connection: verify depth is 1
Handshake duration: 9.68 ms
Execution 80 - TLS Single
s_connection: verify depth is 1
Handshake duration: 209.26 ms
Execution 81 - TLS Single
s_connection: verify depth is 1
Handshake duration: 12.85 ms
Execution 82 - TLS Single
s_connection: verify depth is 1
Handshake duration: 8.85 ms
Execution 83 - TLS Single
s_connection: verify depth is 1
Handshake duration: 8.77 ms
Execution 84 - TLS Single
s_connection: verify depth is 1
Handshake duration: 11.06 ms
Execution 85 - TLS Single
s_connection: verify depth is 1
Handshake duration: 2100.27 ms
Execution 86 - TLS Single
s_connection: verify depth is 1
Handshake duration: 14.17 ms
Execution 87 - TLS Single
s_connection: verify depth is 1
Handshake duration: 9.17 ms
Execution 88 - TLS Single
s_connection: verify depth is 1
Handshake duration: 8.85 ms
Execution 89 - TLS Single
s_connection: verify depth is 1
Handshake duration: 9.69 ms
Execution 90 - TLS Single
s_connection: verify depth is 1
Handshake duration: 8.87 ms
Execution 91 - TLS Single
s_connection: verify depth is 1
Handshake duration: 9.16 ms
Execution 92 - TLS Single
s_connection: verify depth is 1
Handshake duration: 9.98 ms
Execution 93 - TLS Single
s_connection: verify depth is 1
Handshake duration: 1035.48 ms
Execution 94 - TLS Single
s_connection: verify depth is 1
Handshake duration: 1260.86 ms
Execution 95 - TLS Single
s_connection: verify depth is 1
Handshake duration: 1256.49 ms
Execution 96 - TLS Single
s_connection: verify depth is 1
Handshake duration: 12.27 ms
Execution 97 - TLS Single
s_connection: verify depth is 1
Handshake duration: 210.43 ms
Execution 98 - TLS Single
s_connection: verify depth is 1
Handshake duration: 215.29 ms
Execution 99 - TLS Single
s_connection: verify depth is 1
Handshake duration: 217.39 ms
Execution 100 - TLS Single
s_connection: verify depth is 1
Handshake duration: 8.83 ms
Execution 101 - TLS Single
s_connection: verify depth is 1
Handshake duration: 8.95 ms
Execution 102 - TLS Single
s_connection: verify depth is 1
Handshake duration: 8.81 ms
Execution 103 - TLS Single
s_connection: verify depth is 1
Handshake duration: 8.90 ms
Execution 104 - TLS Single
s_connection: verify depth is 1
Handshake duration: 8.81 ms
Execution 105 - TLS Single
s_connection: verify depth is 1
Handshake duration: 1031.16 ms
Execution 106 - TLS Single
s_connection: verify depth is 1
Handshake duration: 11.55 ms
Execution 107 - TLS Single
s_connection: verify depth is 1
Handshake duration: 9.76 ms
Execution 108 - TLS Single
s_connection: verify depth is 1
Handshake duration: 1022.31 ms
Execution 109 - TLS Single
s_connection: verify depth is 1
Handshake duration: 11.25 ms
Execution 110 - TLS Single
s_connection: verify depth is 1
Handshake duration: 10.47 ms
Execution 111 - TLS Single
s_connection: verify depth is 1
Handshake duration: 11.81 ms
Execution 112 - TLS Single
s_connection: verify depth is 1
Handshake duration: 9.38 ms
Execution 113 - TLS Single
s_connection: verify depth is 1
Handshake duration: 8.67 ms
Execution 114 - TLS Single
s_connection: verify depth is 1
Handshake duration: 211.26 ms
Execution 115 - TLS Single
s_connection: verify depth is 1
Handshake duration: 10.91 ms
Execution 116 - TLS Single
s_connection: verify depth is 1
Handshake duration: 11.04 ms
Execution 117 - TLS Single
s_connection: verify depth is 1
Handshake duration: 9.60 ms
Execution 118 - TLS Single
s_connection: verify depth is 1
Handshake duration: 9.38 ms
Execution 119 - TLS Single
s_connection: verify depth is 1
Handshake duration: 9.31 ms
Execution 120 - TLS Single
s_connection: verify depth is 1
Handshake duration: 11.69 ms
Execution 121 - TLS Single
s_connection: verify depth is 1
Handshake duration: 12.25 ms
Execution 122 - TLS Single
s_connection: verify depth is 1
Handshake duration: 9.91 ms
Execution 123 - TLS Single
s_connection: verify depth is 1
Handshake duration: 9.78 ms
Execution 124 - TLS Single
s_connection: verify depth is 1
Handshake duration: 8.98 ms
Execution 125 - TLS Single
s_connection: verify depth is 1
Handshake duration: 9.51 ms
