Handshake timeout budget: 150s (identique TLS/QUIC)
Applying netem rules to lo...
Showing qdisc status for the interface: lo
qdisc netem 87da: root refcnt 2 limit 1000 seed 17369832048203345572
 Sent 0 bytes 0 pkt (dropped 0, overlimits 0 requeues 0) 
 backlog 0b 0p requeues 0
Running ./perftestClientTlsQuic.sh with SIG_ALG=ed25519 and KEM_ALG=p256_hqc128
Execution 1 - TLS Single
s_connection: verify depth is 1
Handshake duration: 22.73 ms
Execution 2 - TLS Single
s_connection: verify depth is 1
Handshake duration: 2107.43 ms
Execution 3 - TLS Single
s_connection: verify depth is 1
Handshake duration: 655.62 ms
Execution 4 - TLS Single
s_connection: verify depth is 1
Handshake duration: 24.42 ms
Execution 5 - TLS Single
s_connection: verify depth is 1
Handshake duration: 22.36 ms
Execution 6 - TLS Single
s_connection: verify depth is 1
Handshake duration: 223.58 ms
Execution 7 - TLS Single
s_connection: verify depth is 1
Handshake duration: 33.65 ms
Execution 8 - TLS Single
s_connection: verify depth is 1
Handshake duration: 3087.13 ms
Execution 9 - TLS Single
s_connection: verify depth is 1
Handshake duration: 23.61 ms
Execution 10 - TLS Single
s_connection: verify depth is 1
Handshake duration: 21.44 ms
Execution 11 - TLS Single
s_connection: verify depth is 1
Handshake duration: 223.63 ms
Execution 12 - TLS Single
s_connection: verify depth is 1
Handshake duration: 1069.70 ms
Execution 13 - TLS Single
s_connection: verify depth is 1
Handshake duration: 23.56 ms
Execution 14 - TLS Single
s_connection: verify depth is 1
Handshake duration: 430.50 ms
Execution 15 - TLS Single
s_connection: verify depth is 1
Handshake duration: 29.67 ms
Execution 16 - TLS Single
s_connection: verify depth is 1
Handshake duration: 22.23 ms
Execution 17 - TLS Single
s_connection: verify depth is 1
Handshake duration: 21.77 ms
Execution 18 - TLS Single
s_connection: verify depth is 1
Handshake duration: 1068.34 ms
Execution 19 - TLS Single
s_connection: verify depth is 1
Handshake duration: 23.96 ms
Execution 20 - TLS Single
s_connection: verify depth is 1
Handshake duration: 1275.86 ms
Execution 21 - TLS Single
s_connection: verify depth is 1
Handshake duration: 23.31 ms
Execution 22 - TLS Single
s_connection: verify depth is 1
Handshake duration: 23.03 ms
Execution 23 - TLS Single
s_connection: verify depth is 1
Handshake duration: 20.83 ms
Execution 24 - TLS Single
s_connection: verify depth is 1
Handshake duration: 1463.57 ms
Execution 25 - TLS Single
s_connection: verify depth is 1
Handshake duration: 1278.21 ms
Execution 26 - TLS Single
s_connection: verify depth is 1
Handshake duration: 1278.27 ms
Execution 27 - TLS Single
s_connection: verify depth is 1
Handshake duration: 27.02 ms
Execution 28 - TLS Single
s_connection: verify depth is 1
Handshake duration: 23.45 ms
Execution 29 - TLS Single
s_connection: verify depth is 1
Handshake duration: 1101.47 ms
Execution 30 - TLS Single
s_connection: verify depth is 1
Handshake duration: 23.10 ms
Execution 31 - TLS Single
s_connection: verify depth is 1
Handshake duration: 221.71 ms
Execution 32 - TLS Single
s_connection: verify depth is 1
Handshake duration: 32.66 ms
Execution 33 - TLS Single
s_connection: verify depth is 1
Handshake duration: 21.50 ms
Execution 34 - TLS Single
s_connection: verify depth is 1
Handshake duration: 1073.53 ms
Execution 35 - TLS Single
s_connection: verify depth is 1
Handshake duration: 444.26 ms
Execution 36 - TLS Single
s_connection: verify depth is 1
Handshake duration: 30.61 ms
Execution 37 - TLS Single
s_connection: verify depth is 1
Handshake duration: 23.21 ms
Execution 38 - TLS Single
s_connection: verify depth is 1
Handshake duration: 250.25 ms
Execution 39 - TLS Single
s_connection: verify depth is 1
Handshake duration: 40.55 ms
Execution 40 - TLS Single
s_connection: verify depth is 1
Handshake duration: 21.02 ms
Execution 41 - TLS Single
s_connection: verify depth is 1
Handshake duration: 639.73 ms
Execution 42 - TLS Single
s_connection: verify depth is 1
Handshake duration: 223.04 ms
Execution 43 - TLS Single
s_connection: verify depth is 1
Handshake duration: 219.09 ms
Execution 44 - TLS Single
s_connection: verify depth is 1
Handshake duration: 32.50 ms
Execution 45 - TLS Single
s_connection: verify depth is 1
Handshake duration: 21.89 ms
Execution 46 - TLS Single
s_connection: verify depth is 1
Handshake duration: 27.21 ms
Execution 47 - TLS Single
s_connection: verify depth is 1
Handshake duration: 250.99 ms
Execution 48 - TLS Single
s_connection: verify depth is 1
Handshake duration: 40.53 ms
Execution 49 - TLS Single
s_connection: verify depth is 1
Handshake duration: 22.22 ms
Execution 50 - TLS Single
s_connection: verify depth is 1
Handshake duration: 1263.47 ms
Execution 51 - TLS Single
s_connection: verify depth is 1
Handshake duration: 1271.04 ms
Execution 52 - TLS Single
s_connection: verify depth is 1
Handshake duration: 24.87 ms
Execution 53 - TLS Single
s_connection: verify depth is 1
Handshake duration: 23.03 ms
Execution 54 - TLS Single
s_connection: verify depth is 1
Handshake duration: 20.95 ms
Execution 55 - TLS Single
s_connection: verify depth is 1
Handshake duration: 20.53 ms
Execution 56 - TLS Single
s_connection: verify depth is 1
Handshake duration: 223.04 ms
Execution 57 - TLS Single
s_connection: verify depth is 1
Handshake duration: 38.24 ms
Execution 58 - TLS Single
s_connection: verify depth is 1
Handshake duration: 22.59 ms
Execution 59 - TLS Single
s_connection: verify depth is 1
Handshake duration: 21.71 ms
Execution 60 - TLS Single
s_connection: verify depth is 1
Handshake duration: 21.70 ms
Execution 61 - TLS Single
s_connection: verify depth is 1
Handshake duration: 20.92 ms
Execution 62 - TLS Single
s_connection: verify depth is 1
Handshake duration: 20.58 ms
Execution 63 - TLS Single
s_connection: verify depth is 1
Handshake duration: 1696.90 ms
Execution 64 - TLS Single
s_connection: verify depth is 1
Handshake duration: 1070.61 ms
Execution 65 - TLS Single
s_connection: verify depth is 1
Handshake duration: 23.73 ms
Execution 66 - TLS Single
s_connection: verify depth is 1
Handshake duration: 22.77 ms
Execution 67 - TLS Single
s_connection: verify depth is 1
Handshake duration: 21.12 ms
Execution 68 - TLS Single
s_connection: verify depth is 1
Handshake duration: 20.72 ms
Execution 69 - TLS Single
s_connection: verify depth is 1
Handshake duration: 2540.51 ms
Execution 70 - TLS Single
s_connection: verify depth is 1
Handshake duration: 1309.28 ms
Execution 71 - TLS Single
s_connection: verify depth is 1
Handshake duration: 40.27 ms
Execution 72 - TLS Single
s_connection: verify depth is 1
Handshake duration: 32.60 ms
Execution 73 - TLS Single
s_connection: verify depth is 1
Handshake duration: 3109.95 ms
Execution 74 - TLS Single
s_connection: verify depth is 1
Handshake duration: 664.65 ms
Execution 75 - TLS Single
s_connection: verify depth is 1
Handshake duration: 23.81 ms
Execution 76 - TLS Single
s_connection: verify depth is 1
Handshake duration: 21.39 ms
Execution 77 - TLS Single
s_connection: verify depth is 1
Handshake duration: 21.91 ms
Execution 78 - TLS Single
s_connection: verify depth is 1
Handshake duration: 221.60 ms
Execution 79 - TLS Single
s_connection: verify depth is 1
Handshake duration: 37.49 ms
Execution 80 - TLS Single
s_connection: verify depth is 1
Handshake duration: 23.97 ms
Execution 81 - TLS Single
s_connection: verify depth is 1
Handshake duration: 21.26 ms
Execution 82 - TLS Single
s_connection: verify depth is 1
Handshake duration: 1071.79 ms
Execution 83 - TLS Single
s_connection: verify depth is 1
Handshake duration: 23.07 ms
Execution 84 - TLS Single
s_connection: verify depth is 1
Handshake duration: 21.91 ms
Execution 85 - TLS Single
s_connection: verify depth is 1
Handshake duration: 21.90 ms
Execution 86 - TLS Single
s_connection: verify depth is 1
Handshake duration: 21.64 ms
Execution 87 - TLS Single
s_connection: verify depth is 1
Handshake duration: 20.57 ms
Execution 88 - TLS Single
s_connection: verify depth is 1
Handshake duration: 20.38 ms
Execution 89 - TLS Single
s_connection: verify depth is 1
Handshake duration: 20.72 ms
Execution 90 - TLS Single
s_connection: verify depth is 1
Handshake duration: 20.61 ms
Execution 91 - TLS Single
s_connection: verify depth is 1
Handshake duration: 21.09 ms
Execution 92 - TLS Single
s_connection: verify depth is 1
Handshake duration: 839.51 ms
Execution 93 - TLS Single
s_connection: verify depth is 1
Handshake duration: 24.84 ms
Execution 94 - TLS Single
s_connection: verify depth is 1
Handshake duration: 23.01 ms
Execution 95 - TLS Single
s_connection: verify depth is 1
Handshake duration: 21.23 ms
Execution 96 - TLS Single
s_connection: verify depth is 1
Handshake duration: 21.00 ms
Execution 97 - TLS Single
s_connection: verify depth is 1
Handshake duration: 20.73 ms
Execution 98 - TLS Single
s_connection: verify depth is 1
Handshake duration: 20.24 ms
Execution 99 - TLS Single
s_connection: verify depth is 1
Handshake duration: 20.70 ms
Execution 100 - TLS Single
s_connection: verify depth is 1
Handshake duration: 251.16 ms
Execution 101 - TLS Single
s_connection: verify depth is 1
Handshake duration: 222.84 ms
Execution 102 - TLS Single
s_connection: verify depth is 1
Handshake duration: 33.44 ms
Execution 103 - TLS Single
s_connection: verify depth is 1
Handshake duration: 21.94 ms
Execution 104 - TLS Single
s_connection: verify depth is 1
Handshake duration: 21.04 ms
Execution 105 - TLS Single
s_connection: verify depth is 1
Handshake duration: 220.58 ms
Execution 106 - TLS Single
s_connection: verify depth is 1
Handshake duration: 36.47 ms
Execution 107 - TLS Single
s_connection: verify depth is 1
Handshake duration: 1315.43 ms
Execution 108 - TLS Single
s_connection: verify depth is 1
Handshake duration: 25.65 ms
Execution 109 - TLS Single
s_connection: verify depth is 1
Handshake duration: 1297.27 ms
Execution 110 - TLS Single
s_connection: verify depth is 1
Handshake duration: 1044.00 ms
Execution 111 - TLS Single
s_connection: verify depth is 1
Handshake duration: 23.83 ms
Execution 112 - TLS Single
s_connection: verify depth is 1
Handshake duration: 23.77 ms
Execution 113 - TLS Single
s_connection: verify depth is 1
Handshake duration: 21.85 ms
Execution 114 - TLS Single
s_connection: verify depth is 1
Handshake duration: 22.00 ms
Execution 115 - TLS Single
s_connection: verify depth is 1
Handshake duration: 20.42 ms
Execution 116 - TLS Single
s_connection: verify depth is 1
Handshake duration: 1854.57 ms
Execution 117 - TLS Single
s_connection: verify depth is 1
Handshake duration: 32.56 ms
Execution 118 - TLS Single
s_connection: verify depth is 1
Handshake duration: 220.14 ms
Execution 119 - TLS Single
s_connection: verify depth is 1
Handshake duration: 25.07 ms
Execution 120 - TLS Single
s_connection: verify depth is 1
Handshake duration: 25.25 ms
Execution 121 - TLS Single
s_connection: verify depth is 1
Handshake duration: 218.39 ms
Execution 122 - TLS Single
s_connection: verify depth is 1
Handshake duration: 38.11 ms
Execution 123 - TLS Single
s_connection: verify depth is 1
Handshake duration: 1306.66 ms
Execution 124 - TLS Single
s_connection: verify depth is 1
Handshake duration: 2319.68 ms
Execution 125 - TLS Single
s_connection: verify depth is 1
Handshake duration: 40.76 ms
