Handshake timeout budget: 150s (identique TLS/QUIC)
Applying netem rules to lo...
Showing qdisc status for the interface: lo
qdisc netem 820e: root refcnt 2 limit 1000 seed 3725041542895533706
 Sent 0 bytes 0 pkt (dropped 0, overlimits 0 requeues 0) 
 backlog 0b 0p requeues 0
Running ./perftestClientTlsQuic.sh with SIG_ALG=mldsa87 and KEM_ALG=p521_hqc256
Execution 1 - TLS Single
s_connection: verify depth is 1
Handshake duration: 208.24 ms
Execution 2 - TLS Single
s_connection: verify depth is 1
Handshake duration: 218.96 ms
Execution 3 - TLS Single
s_connection: verify depth is 1
Handshake duration: 144.27 ms
Execution 4 - TLS Single
s_connection: verify depth is 1
Handshake duration: 213.06 ms
Execution 5 - TLS Single
s_connection: verify depth is 1
Handshake duration: 698.37 ms
Execution 6 - TLS Single
s_connection: verify depth is 1
Handshake duration: 262.79 ms
Execution 7 - TLS Single
s_connection: verify depth is 1
Handshake duration: 2374.85 ms
Execution 8 - TLS Single
s_connection: verify depth is 1
Handshake duration: 2518.30 ms
Execution 9 - TLS Single
s_connection: verify depth is 1
Handshake duration: 1943.78 ms
Execution 10 - TLS Single
s_connection: verify depth is 1
Handshake duration: 131.13 ms
Execution 11 - TLS Single
s_connection: verify depth is 1
Handshake duration: 133.95 ms
Execution 12 - TLS Single
s_connection: verify depth is 1
Handshake duration: 1537.74 ms
Execution 13 - TLS Single
s_connection: verify depth is 1
Handshake duration: 131.55 ms
Execution 14 - TLS Single
s_connection: verify depth is 1
Handshake duration: 240.87 ms
Execution 15 - TLS Single
s_connection: verify depth is 1
Handshake duration: 132.85 ms
Execution 16 - TLS Single
s_connection: verify depth is 1
Handshake duration: 143.62 ms
Execution 17 - TLS Single
s_connection: verify depth is 1
Handshake duration: 155.15 ms
Execution 18 - TLS Single
s_connection: verify depth is 1
Handshake duration: 154.34 ms
Execution 19 - TLS Single
s_connection: verify depth is 1
Handshake duration: 137.04 ms
Execution 20 - TLS Single
s_connection: verify depth is 1
Handshake duration: 217.47 ms
Execution 21 - TLS Single
s_connection: verify depth is 1
Handshake duration: 132.33 ms
Execution 22 - TLS Single
s_connection: verify depth is 1
Handshake duration: 1681.68 ms
Execution 23 - TLS Single
s_connection: verify depth is 1
Handshake duration: 399.04 ms
Execution 24 - TLS Single
s_connection: verify depth is 1
Handshake duration: 964.95 ms
Execution 25 - TLS Single
s_connection: verify depth is 1
Handshake duration: 259.08 ms
Execution 26 - TLS Single
s_connection: verify depth is 1
Handshake duration: 1299.25 ms
Execution 27 - TLS Single
s_connection: verify depth is 1
Handshake duration: 176.37 ms
Execution 28 - TLS Single
s_connection: verify depth is 1
Handshake duration: 140.01 ms
Execution 29 - TLS Single
s_connection: verify depth is 1
Handshake duration: 134.27 ms
Execution 30 - TLS Single
s_connection: verify depth is 1
Handshake duration: 139.83 ms
Execution 31 - TLS Single
s_connection: verify depth is 1
Handshake duration: 1246.96 ms
Execution 32 - TLS Single
s_connection: verify depth is 1
Handshake duration: 2875.65 ms
Execution 33 - TLS Single
s_connection: verify depth is 1
Handshake duration: 242.82 ms
Execution 34 - TLS Single
s_connection: verify depth is 1
Handshake duration: 193.00 ms
Execution 35 - TLS Single
s_connection: verify depth is 1
Handshake duration: 1537.31 ms
Execution 36 - TLS Single
s_connection: verify depth is 1
Handshake duration: 705.22 ms
Execution 37 - TLS Single
s_connection: verify depth is 1
Handshake duration: 246.52 ms
Execution 38 - TLS Single
s_connection: verify depth is 1
Handshake duration: 1602.09 ms
Execution 39 - TLS Single
s_connection: verify depth is 1
Handshake duration: 258.69 ms
Execution 40 - TLS Single
s_connection: verify depth is 1
Handshake duration: 202.45 ms
Execution 41 - TLS Single
s_connection: verify depth is 1
Handshake duration: 364.48 ms
Execution 42 - TLS Single
s_connection: verify depth is 1
Handshake duration: 526.04 ms
Execution 43 - TLS Single
s_connection: verify depth is 1
Handshake duration: 346.55 ms
Execution 44 - TLS Single
s_connection: verify depth is 1
Handshake duration: 519.82 ms
Execution 45 - TLS Single
s_connection: verify depth is 1
Handshake duration: 136.87 ms
Execution 46 - TLS Single
s_connection: verify depth is 1
Handshake duration: 136.48 ms
Execution 47 - TLS Single
s_connection: verify depth is 1
Handshake duration: 140.85 ms
Execution 48 - TLS Single
s_connection: verify depth is 1
Handshake duration: 143.13 ms
Execution 49 - TLS Single
s_connection: verify depth is 1
Handshake duration: 699.80 ms
Execution 50 - TLS Single
s_connection: verify depth is 1
Handshake duration: 258.69 ms
Execution 51 - TLS Single
s_connection: verify depth is 1
Handshake duration: 230.63 ms
Execution 52 - TLS Single
s_connection: verify depth is 1
Handshake duration: 171.93 ms
Execution 53 - TLS Single
s_connection: verify depth is 1
Handshake duration: 6510.14 ms
Execution 54 - TLS Single
s_connection: verify depth is 1
Handshake duration: 1628.61 ms
Execution 55 - TLS Single
s_connection: verify depth is 1
Handshake duration: 399.07 ms
Execution 56 - TLS Single
s_connection: verify depth is 1
Handshake duration: 931.40 ms
Execution 57 - TLS Single
s_connection: verify depth is 1
Handshake duration: 159.32 ms
Execution 58 - TLS Single
s_connection: verify depth is 1
Handshake duration: 136.87 ms
Execution 59 - TLS Single
s_connection: verify depth is 1
Handshake duration: 353.56 ms
Execution 60 - TLS Single
s_connection: verify depth is 1
Handshake duration: 256.87 ms
Execution 61 - TLS Single
s_connection: verify depth is 1
Handshake duration: 229.28 ms
Execution 62 - TLS Single
s_connection: verify depth is 1
Handshake duration: 145.23 ms
Execution 63 - TLS Single
s_connection: verify depth is 1
Handshake duration: 139.85 ms
Execution 64 - TLS Single
s_connection: verify depth is 1
Handshake duration: 240.69 ms
Execution 65 - TLS Single
s_connection: verify depth is 1
Handshake duration: 419.30 ms
Execution 66 - TLS Single
s_connection: verify depth is 1
Handshake duration: 160.84 ms
Execution 67 - TLS Single
s_connection: verify depth is 1
Handshake duration: 153.63 ms
Execution 68 - TLS Single
s_connection: verify depth is 1
Handshake duration: 293.09 ms
Execution 69 - TLS Single
s_connection: verify depth is 1
Handshake duration: 244.76 ms
Execution 70 - TLS Single
s_connection: verify depth is 1
Handshake duration: 223.97 ms
Execution 71 - TLS Single
s_connection: verify depth is 1
Handshake duration: 253.68 ms
Execution 72 - TLS Single
s_connection: verify depth is 1
Handshake duration: 250.77 ms
Execution 73 - TLS Single
s_connection: verify depth is 1
Handshake duration: 140.02 ms
Execution 74 - TLS Single
s_connection: verify depth is 1
Handshake duration: 290.12 ms
Execution 75 - TLS Single
s_connection: verify depth is 1
Handshake duration: 2041.31 ms
Execution 76 - TLS Single
s_connection: verify depth is 1
Handshake duration: 404.45 ms
Execution 77 - TLS Single
s_connection: verify depth is 1
Handshake duration: 260.33 ms
Execution 78 - TLS Single
s_connection: verify depth is 1
Handshake duration: 159.10 ms
Execution 79 - TLS Single
s_connection: verify depth is 1
Handshake duration: 1243.16 ms
Execution 80 - TLS Single
s_connection: verify depth is 1
Handshake duration: 194.56 ms
Execution 81 - TLS Single
s_connection: verify depth is 1
Handshake duration: 143.26 ms
Execution 82 - TLS Single
s_connection: verify depth is 1
Handshake duration: 1965.57 ms
Execution 83 - TLS Single
s_connection: verify depth is 1
Handshake duration: 1211.94 ms
Execution 84 - TLS Single
s_connection: verify depth is 1
Handshake duration: 1278.59 ms
Execution 85 - TLS Single
s_connection: verify depth is 1
Handshake duration: 145.37 ms
Execution 86 - TLS Single
s_connection: verify depth is 1
Handshake duration: 218.49 ms
Execution 87 - TLS Single
s_connection: verify depth is 1
Handshake duration: 137.53 ms
Execution 88 - TLS Single
s_connection: verify depth is 1
Handshake duration: 223.58 ms
Execution 89 - TLS Single
s_connection: verify depth is 1
Handshake duration: 5964.86 ms
Execution 90 - TLS Single
s_connection: verify depth is 1
Handshake duration: 263.65 ms
Execution 91 - TLS Single
s_connection: verify depth is 1
Handshake duration: 3702.00 ms
Execution 92 - TLS Single
s_connection: verify depth is 1
Handshake duration: 1683.64 ms
Execution 93 - TLS Single
s_connection: verify depth is 1
Handshake duration: 135.86 ms
Execution 94 - TLS Single
s_connection: verify depth is 1
Handshake duration: 134.27 ms
Execution 95 - TLS Single
s_connection: verify depth is 1
Handshake duration: 138.98 ms
Execution 96 - TLS Single
s_connection: verify depth is 1
Handshake duration: 220.18 ms
Execution 97 - TLS Single
s_connection: verify depth is 1
Handshake duration: 936.78 ms
Execution 98 - TLS Single
s_connection: verify depth is 1
Handshake duration: 805.16 ms
Execution 99 - TLS Single
s_connection: verify depth is 1
Handshake duration: 524.34 ms
Execution 100 - TLS Single
s_connection: verify depth is 1
Handshake duration: 132.16 ms
Execution 101 - TLS Single
s_connection: verify depth is 1
Handshake duration: 1902.51 ms
Execution 102 - TLS Single
s_connection: verify depth is 1
Handshake duration: 1572.81 ms
Execution 103 - TLS Single
s_connection: verify depth is 1
Handshake duration: 255.80 ms
Execution 104 - TLS Single
s_connection: verify depth is 1
Handshake duration: 132.51 ms
Execution 105 - TLS Single
s_connection: verify depth is 1
Handshake duration: 1255.06 ms
Execution 106 - TLS Single
s_connection: verify depth is 1
Handshake duration: 763.43 ms
Execution 107 - TLS Single
s_connection: verify depth is 1
Handshake duration: 240.11 ms
Execution 108 - TLS Single
s_connection: verify depth is 1
Handshake duration: 1288.50 ms
Execution 109 - TLS Single
s_connection: verify depth is 1
Handshake duration: 227.86 ms
Execution 110 - TLS Single
s_connection: verify depth is 1
Handshake duration: 145.42 ms
Execution 111 - TLS Single
s_connection: verify depth is 1
Handshake duration: 355.61 ms
Execution 112 - TLS Single
s_connection: verify depth is 1
Handshake duration: 398.57 ms
Execution 113 - TLS Single
s_connection: verify depth is 1
Handshake duration: 255.45 ms
Execution 114 - TLS Single
s_connection: verify depth is 1
Handshake duration: 144.65 ms
Execution 115 - TLS Single
s_connection: verify depth is 1
Handshake duration: 1258.59 ms
Execution 116 - TLS Single
s_connection: verify depth is 1
Handshake duration: 1394.24 ms
Execution 117 - TLS Single
s_connection: verify depth is 1
Handshake duration: 1306.15 ms
Execution 118 - TLS Single
s_connection: verify depth is 1
Handshake duration: 173.52 ms
Execution 119 - TLS Single
s_connection: verify depth is 1
Handshake duration: 2223.74 ms
Execution 120 - TLS Single
s_connection: verify depth is 1
Handshake duration: 1821.55 ms
Execution 121 - TLS Single
s_connection: verify depth is 1
Handshake duration: 248.46 ms
Execution 122 - TLS Single
s_connection: verify depth is 1
Handshake duration: 155.97 ms
Execution 123 - TLS Single
s_connection: verify depth is 1
Handshake duration: 238.28 ms
Execution 124 - TLS Single
s_connection: verify depth is 1
Handshake duration: 231.61 ms
Execution 125 - TLS Single
s_connection: verify depth is 1
Handshake duration: 146.22 ms
