Handshake timeout budget: 150s (identique TLS/QUIC)
Applying netem rules to lo...
Showing qdisc status for the interface: lo
qdisc netem 87b9: root refcnt 2 limit 1000 seed 9694823676772625178
 Sent 0 bytes 0 pkt (dropped 0, overlimits 0 requeues 0) 
 backlog 0b 0p requeues 0
Running ./perftestClientTlsQuic.sh with SIG_ALG=mldsa44 and KEM_ALG=hqc128
Execution 1 - TLS Single
s_connection: verify depth is 1
Handshake duration: 1048.90 ms
Execution 2 - TLS Single
s_connection: verify depth is 1
Handshake duration: 224.31 ms
Execution 3 - TLS Single
s_connection: verify depth is 1
Handshake duration: 27.65 ms
Execution 4 - TLS Single
s_connection: verify depth is 1
Handshake duration: 18.56 ms
Execution 5 - TLS Single
s_connection: verify depth is 1
Handshake duration: 1079.25 ms
Execution 6 - TLS Single
s_connection: verify depth is 1
Handshake duration: 18.21 ms
Execution 7 - TLS Single
s_connection: verify depth is 1
Handshake duration: 246.23 ms
Execution 8 - TLS Single
s_connection: verify depth is 1
Handshake duration: 429.80 ms
Execution 9 - TLS Single
s_connection: verify depth is 1
Handshake duration: 25.06 ms
Execution 10 - TLS Single
s_connection: verify depth is 1
Handshake duration: 1661.56 ms
Execution 11 - TLS Single
s_connection: verify depth is 1
Handshake duration: 229.58 ms
Execution 12 - TLS Single
s_connection: verify depth is 1
Handshake duration: 31.67 ms
Execution 13 - TLS Single
s_connection: verify depth is 1
Handshake duration: 1234.87 ms
Execution 14 - TLS Single
s_connection: verify depth is 1
Handshake duration: 19.00 ms
Execution 15 - TLS Single
s_connection: verify depth is 1
Handshake duration: 20.18 ms
Execution 16 - TLS Single
s_connection: verify depth is 1
Handshake duration: 16.18 ms
Execution 17 - TLS Single
s_connection: verify depth is 1
Handshake duration: 16.22 ms
Execution 18 - TLS Single
s_connection: verify depth is 1
Handshake duration: 16.02 ms
Execution 19 - TLS Single
s_connection: verify depth is 1
Handshake duration: 1049.69 ms
Execution 20 - TLS Single
s_connection: verify depth is 1
Handshake duration: 1298.96 ms
Execution 21 - TLS Single
s_connection: verify depth is 1
Handshake duration: 20.06 ms
Execution 22 - TLS Single
s_connection: verify depth is 1
Handshake duration: 17.11 ms
Execution 23 - TLS Single
s_connection: verify depth is 1
Handshake duration: 16.33 ms
Execution 24 - TLS Single
s_connection: verify depth is 1
Handshake duration: 212.64 ms
Execution 25 - TLS Single
s_connection: verify depth is 1
Handshake duration: 18.94 ms
Execution 26 - TLS Single
s_connection: verify depth is 1
Handshake duration: 17.71 ms
Execution 27 - TLS Single
s_connection: verify depth is 1
Handshake duration: 242.59 ms
Execution 28 - TLS Single
s_connection: verify depth is 1
Handshake duration: 1039.92 ms
Execution 29 - TLS Single
s_connection: verify depth is 1
Handshake duration: 23.74 ms
Execution 30 - TLS Single
s_connection: verify depth is 1
Handshake duration: 2906.91 ms
Execution 31 - TLS Single
s_connection: verify depth is 1
Handshake duration: 221.92 ms
Execution 32 - TLS Single
s_connection: verify depth is 1
Handshake duration: 1042.03 ms
Execution 33 - TLS Single
s_connection: verify depth is 1
Handshake duration: 1075.54 ms
Execution 34 - TLS Single
s_connection: verify depth is 1
Handshake duration: 20.32 ms
Execution 35 - TLS Single
s_connection: verify depth is 1
Handshake duration: 17.59 ms
Execution 36 - TLS Single
s_connection: verify depth is 1
Handshake duration: 17.41 ms
Execution 37 - TLS Single
s_connection: verify depth is 1
Handshake duration: 16.93 ms
Execution 38 - TLS Single
s_connection: verify depth is 1
Handshake duration: 1640.26 ms
Execution 39 - TLS Single
s_connection: verify depth is 1
Handshake duration: 222.63 ms
Execution 40 - TLS Single
s_connection: verify depth is 1
Handshake duration: 1046.47 ms
Execution 41 - TLS Single
s_connection: verify depth is 1
Handshake duration: 18.10 ms
Execution 42 - TLS Single
s_connection: verify depth is 1
Handshake duration: 629.17 ms
Execution 43 - TLS Single
s_connection: verify depth is 1
Handshake duration: 19.50 ms
Execution 44 - TLS Single
s_connection: verify depth is 1
Handshake duration: 18.51 ms
Execution 45 - TLS Single
s_connection: verify depth is 1
Handshake duration: 16.49 ms
Execution 46 - TLS Single
s_connection: verify depth is 1
Handshake duration: 15.91 ms
Execution 47 - TLS Single
s_connection: verify depth is 1
Handshake duration: 15.72 ms
Execution 48 - TLS Single
s_connection: verify depth is 1
Handshake duration: 839.36 ms
Execution 49 - TLS Single
s_connection: verify depth is 1
Handshake duration: 631.62 ms
Execution 50 - TLS Single
s_connection: verify depth is 1
Handshake duration: 1100.48 ms
Execution 51 - TLS Single
s_connection: verify depth is 1
Handshake duration: 18.23 ms
Execution 52 - TLS Single
s_connection: verify depth is 1
Handshake duration: 219.84 ms
Execution 53 - TLS Single
s_connection: verify depth is 1
Handshake duration: 228.19 ms
Execution 54 - TLS Single
s_connection: verify depth is 1
Handshake duration: 20.23 ms
Execution 55 - TLS Single
s_connection: verify depth is 1
Handshake duration: 1046.04 ms
Execution 56 - TLS Single
s_connection: verify depth is 1
Handshake duration: 18.66 ms
Execution 57 - TLS Single
s_connection: verify depth is 1
Handshake duration: 16.74 ms
Execution 58 - TLS Single
s_connection: verify depth is 1
Handshake duration: 218.69 ms
Execution 59 - TLS Single
s_connection: verify depth is 1
Handshake duration: 1039.29 ms
Execution 60 - TLS Single
s_connection: verify depth is 1
Handshake duration: 17.54 ms
Execution 61 - TLS Single
s_connection: verify depth is 1
Handshake duration: 17.55 ms
Execution 62 - TLS Single
s_connection: verify depth is 1
Handshake duration: 17.61 ms
Execution 63 - TLS Single
s_connection: verify depth is 1
Handshake duration: 17.53 ms
Execution 64 - TLS Single
s_connection: verify depth is 1
Handshake duration: 241.48 ms
Execution 65 - TLS Single
s_connection: verify depth is 1
Handshake duration: 1071.45 ms
Execution 66 - TLS Single
s_connection: verify depth is 1
Handshake duration: 22.78 ms
Execution 67 - TLS Single
s_connection: verify depth is 1
Handshake duration: 22.75 ms
Execution 68 - TLS Single
s_connection: verify depth is 1
Handshake duration: 1697.76 ms
Execution 69 - TLS Single
s_connection: verify depth is 1
Handshake duration: 1093.38 ms
Execution 70 - TLS Single
s_connection: verify depth is 1
Handshake duration: 17.46 ms
Execution 71 - TLS Single
s_connection: verify depth is 1
Handshake duration: 1034.94 ms
Execution 72 - TLS Single
s_connection: verify depth is 1
Handshake duration: 18.15 ms
Execution 73 - TLS Single
s_connection: verify depth is 1
Handshake duration: 6404.53 ms
Execution 74 - TLS Single
s_connection: verify depth is 1
Handshake duration: 1708.42 ms
Execution 75 - TLS Single
s_connection: verify depth is 1
Handshake duration: 22.31 ms
Execution 76 - TLS Single
s_connection: verify depth is 1
Handshake duration: 427.60 ms
Execution 77 - TLS Single
s_connection: verify depth is 1
Handshake duration: 29.33 ms
Execution 78 - TLS Single
s_connection: verify depth is 1
Handshake duration: 222.98 ms
Execution 79 - TLS Single
s_connection: verify depth is 1
Handshake duration: 27.86 ms
Execution 80 - TLS Single
s_connection: verify depth is 1
Handshake duration: 17.19 ms
Execution 81 - TLS Single
s_connection: verify depth is 1
Handshake duration: 620.36 ms
Execution 82 - TLS Single
s_connection: verify depth is 1
Handshake duration: 221.87 ms
Execution 83 - TLS Single
s_connection: verify depth is 1
Handshake duration: 20.22 ms
Execution 84 - TLS Single
s_connection: verify depth is 1
Handshake duration: 20.43 ms
Execution 85 - TLS Single
s_connection: verify depth is 1
Handshake duration: 20.54 ms
Execution 86 - TLS Single
s_connection: verify depth is 1
Handshake duration: 20.38 ms
Execution 87 - TLS Single
s_connection: verify depth is 1
Handshake duration: 20.37 ms
Execution 88 - TLS Single
s_connection: verify depth is 1
Handshake duration: 222.23 ms
Execution 89 - TLS Single
s_connection: verify depth is 1
Handshake duration: 1241.20 ms
Execution 90 - TLS Single
s_connection: verify depth is 1
Handshake duration: 1257.93 ms
Execution 91 - TLS Single
s_connection: verify depth is 1
Handshake duration: 32.35 ms
Execution 92 - TLS Single
s_connection: verify depth is 1
Handshake duration: 16.57 ms
Execution 93 - TLS Single
s_connection: verify depth is 1
Handshake duration: 15.92 ms
Execution 94 - TLS Single
s_connection: verify depth is 1
Handshake duration: 16.27 ms
Execution 95 - TLS Single
s_connection: verify depth is 1
Handshake duration: 426.59 ms
Execution 96 - TLS Single
s_connection: verify depth is 1
Handshake duration: 20.81 ms
Execution 97 - TLS Single
s_connection: verify depth is 1
Handshake duration: 1456.94 ms
Execution 98 - TLS Single
s_connection: verify depth is 1
Handshake duration: 18.38 ms
Execution 99 - TLS Single
s_connection: verify depth is 1
Handshake duration: 1057.88 ms
Execution 100 - TLS Single
s_connection: verify depth is 1
Handshake duration: 18.11 ms
Execution 101 - TLS Single
s_connection: verify depth is 1
Handshake duration: 17.45 ms
Execution 102 - TLS Single
s_connection: verify depth is 1
Handshake duration: 16.01 ms
Execution 103 - TLS Single
s_connection: verify depth is 1
Handshake duration: 15.59 ms
Execution 104 - TLS Single
s_connection: verify depth is 1
Handshake duration: 15.48 ms
Execution 105 - TLS Single
s_connection: verify depth is 1
Handshake duration: 15.53 ms
Execution 106 - TLS Single
s_connection: verify depth is 1
Handshake duration: 1050.62 ms
Execution 107 - TLS Single
s_connection: verify depth is 1
Handshake duration: 235.22 ms
Execution 108 - TLS Single
s_connection: verify depth is 1
Handshake duration: 19.54 ms
Execution 109 - TLS Single
s_connection: verify depth is 1
Handshake duration: 17.55 ms
Execution 110 - TLS Single
s_connection: verify depth is 1
Handshake duration: 16.29 ms
Execution 111 - TLS Single
s_connection: verify depth is 1
Handshake duration: 15.85 ms
Execution 112 - TLS Single
s_connection: verify depth is 1
Handshake duration: 627.92 ms
Execution 113 - TLS Single
s_connection: verify depth is 1
Handshake duration: 1032.61 ms
Execution 114 - TLS Single
s_connection: verify depth is 1
Handshake duration: 18.70 ms
Execution 115 - TLS Single
s_connection: verify depth is 1
Handshake duration: 1285.33 ms
Execution 116 - TLS Single
s_connection: verify depth is 1
Handshake duration: 19.28 ms
Execution 117 - TLS Single
s_connection: verify depth is 1
Handshake duration: 17.41 ms
Execution 118 - TLS Single
s_connection: verify depth is 1
Handshake duration: 17.02 ms
Execution 119 - TLS Single
s_connection: verify depth is 1
Handshake duration: 1060.35 ms
Execution 120 - TLS Single
s_connection: verify depth is 1
Handshake duration: 1078.56 ms
Execution 121 - TLS Single
s_connection: verify depth is 1
Handshake duration: 218.23 ms
Execution 122 - TLS Single
s_connection: verify depth is 1
Handshake duration: 27.02 ms
Execution 123 - TLS Single
s_connection: verify depth is 1
Handshake duration: 222.55 ms
Execution 124 - TLS Single
s_connection: verify depth is 1
Handshake duration: 24.37 ms
Execution 125 - TLS Single
s_connection: verify depth is 1
Handshake duration: 17.35 ms
