Applying netem rules to lo...
Showing qdisc status for the interface: lo
qdisc netem 851f: root refcnt 2 limit 1000 seed 5565723257118336103
 Sent 0 bytes 0 pkt (dropped 0, overlimits 0 requeues 0) 
 backlog 0b 0p requeues 0
Running ./perftestClientTlsQuic.sh with SIG_ALG=mldsa44 and KEM_ALG=P-256
Execution 1 - TLS Single
s_connection: verify depth is 1
Handshake duration: 1061.15 ms
Execution 2 - TLS Single
s_connection: verify depth is 1
Handshake duration: 5.97 ms
Execution 3 - TLS Single
s_connection: verify depth is 1
Handshake duration: 1010.33 ms
Execution 4 - TLS Single
s_connection: verify depth is 1
Handshake duration: 214.72 ms
Execution 5 - TLS Single
s_connection: verify depth is 1
Handshake duration: 6.32 ms
Execution 6 - TLS Single
s_connection: verify depth is 1
Handshake duration: 4.98 ms
Execution 7 - TLS Single
s_connection: verify depth is 1
Handshake duration: 1858.15 ms
Execution 8 - TLS Single
s_connection: verify depth is 1
Handshake duration: 6.07 ms
Execution 9 - TLS Single
s_connection: verify depth is 1
Handshake duration: 6.75 ms
Execution 10 - TLS Single
s_connection: verify depth is 1
Handshake duration: 2104.68 ms
Execution 11 - TLS Single
s_connection: verify depth is 1
Handshake duration: 5.81 ms
Execution 12 - TLS Single
s_connection: verify depth is 1
Handshake duration: 5.26 ms
Execution 13 - TLS Single
s_connection: verify depth is 1
Handshake duration: 5.51 ms
Execution 14 - TLS Single
s_connection: verify depth is 1
Handshake duration: 3.04 ms
Execution 15 - TLS Single
s_connection: verify depth is 1
Handshake duration: 2.71 ms
Execution 16 - TLS Single
s_connection: verify depth is 1
Handshake duration: 1884.40 ms
Execution 17 - TLS Single
s_connection: verify depth is 1
Handshake duration: 1461.30 ms
Execution 18 - TLS Single
s_connection: verify depth is 1
Handshake duration: 5.19 ms
Execution 19 - TLS Single
s_connection: verify depth is 1
Handshake duration: 5.85 ms
Execution 20 - TLS Single
s_connection: verify depth is 1
Handshake duration: 2.90 ms
Execution 21 - TLS Single
s_connection: verify depth is 1
Handshake duration: 2.99 ms
Execution 22 - TLS Single
s_connection: verify depth is 1
Handshake duration: 216.36 ms
Execution 23 - TLS Single
s_connection: verify depth is 1
Handshake duration: 218.40 ms
Execution 24 - TLS Single
s_connection: verify depth is 1
Handshake duration: 6.28 ms
Execution 25 - TLS Single
s_connection: verify depth is 1
Handshake duration: 6.17 ms
Execution 26 - TLS Single
s_connection: verify depth is 1
Handshake duration: 6.42 ms
Execution 27 - TLS Single
s_connection: verify depth is 1
Handshake duration: 2.88 ms
Execution 28 - TLS Single
s_connection: verify depth is 1
Handshake duration: 2.51 ms
Execution 29 - TLS Single
s_connection: verify depth is 1
Handshake duration: 211.93 ms
Execution 30 - TLS Single
s_connection: verify depth is 1
Handshake duration: 5.57 ms
Execution 31 - TLS Single
s_connection: verify depth is 1
Handshake duration: 5.78 ms
Execution 32 - TLS Single
s_connection: verify depth is 1
Handshake duration: 1066.42 ms
Execution 33 - TLS Single
s_connection: verify depth is 1
Handshake duration: 5.79 ms
Execution 34 - TLS Single
s_connection: verify depth is 1
Handshake duration: 6.26 ms
Execution 35 - TLS Single
s_connection: verify depth is 1
Handshake duration: 5.76 ms
Execution 36 - TLS Single
s_connection: verify depth is 1
Handshake duration: 7.77 ms
Execution 37 - TLS Single
s_connection: verify depth is 1
Handshake duration: 5.84 ms
Execution 38 - TLS Single
s_connection: verify depth is 1
Handshake duration: 6.43 ms
Execution 39 - TLS Single
s_connection: verify depth is 1
Handshake duration: 7.01 ms
Execution 40 - TLS Single
s_connection: verify depth is 1
Handshake duration: 5.79 ms
Execution 41 - TLS Single
s_connection: verify depth is 1
Handshake duration: 214.48 ms
Execution 42 - TLS Single
s_connection: verify depth is 1
Handshake duration: 213.32 ms
Execution 43 - TLS Single
s_connection: verify depth is 1
Handshake duration: 5.64 ms
Execution 44 - TLS Single
s_connection: verify depth is 1
Handshake duration: 1047.35 ms
Execution 45 - TLS Single
s_connection: verify depth is 1
Handshake duration: 11.15 ms
Execution 46 - TLS Single
s_connection: verify depth is 1
Handshake duration: 6.23 ms
Execution 47 - TLS Single
s_connection: verify depth is 1
Handshake duration: 6.01 ms
Execution 48 - TLS Single
s_connection: verify depth is 1
Handshake duration: 5.95 ms
Execution 49 - TLS Single
s_connection: verify depth is 1
Handshake duration: 5.85 ms
Execution 50 - TLS Single
s_connection: verify depth is 1
Handshake duration: 1012.32 ms
Execution 51 - TLS Single
s_connection: verify depth is 1
Handshake duration: 6.23 ms
Execution 52 - TLS Single
s_connection: verify depth is 1
Handshake duration: 219.67 ms
Execution 53 - TLS Single
s_connection: verify depth is 1
Handshake duration: 5.97 ms
Execution 54 - TLS Single
s_connection: verify depth is 1
Handshake duration: 5.66 ms
Execution 55 - TLS Single
s_connection: verify depth is 1
Handshake duration: 2073.27 ms
Execution 56 - TLS Single
s_connection: verify depth is 1
Handshake duration: 617.77 ms
Execution 57 - TLS Single
s_connection: verify depth is 1
Handshake duration: 1038.59 ms
Execution 58 - TLS Single
s_connection: verify depth is 1
Handshake duration: 6.03 ms
Execution 59 - TLS Single
s_connection: verify depth is 1
Handshake duration: 5.82 ms
Execution 60 - TLS Single
s_connection: verify depth is 1
Handshake duration: 6.82 ms
Execution 61 - TLS Single
s_connection: verify depth is 1
Handshake duration: 5.83 ms
Execution 62 - TLS Single
s_connection: verify depth is 1
Handshake duration: 5.61 ms
Execution 63 - TLS Single
s_connection: verify depth is 1
Handshake duration: 5.12 ms
Execution 64 - TLS Single
s_connection: verify depth is 1
Handshake duration: 618.37 ms
Execution 65 - TLS Single
s_connection: verify depth is 1
Handshake duration: 5.94 ms
Execution 66 - TLS Single
s_connection: verify depth is 1
Handshake duration: 5.37 ms
Execution 67 - TLS Single
s_connection: verify depth is 1
Handshake duration: 5.27 ms
Execution 68 - TLS Single
s_connection: verify depth is 1
Handshake duration: 1051.52 ms
Execution 69 - TLS Single
s_connection: verify depth is 1
Handshake duration: 5.91 ms
Execution 70 - TLS Single
s_connection: verify depth is 1
Handshake duration: 5.75 ms
Execution 71 - TLS Single
s_connection: verify depth is 1
Handshake duration: 1238.85 ms
Execution 72 - TLS Single
s_connection: verify depth is 1
Handshake duration: 5.76 ms
Execution 73 - TLS Single
s_connection: verify depth is 1
Handshake duration: 1053.11 ms
Execution 74 - TLS Single
s_connection: verify depth is 1
Handshake duration: 1048.12 ms
Execution 75 - TLS Single
s_connection: verify depth is 1
Handshake duration: 5.68 ms
Execution 76 - TLS Single
s_connection: verify depth is 1
Handshake duration: 6.31 ms
Execution 77 - TLS Single
s_connection: verify depth is 1
Handshake duration: 213.63 ms
Execution 78 - TLS Single
s_connection: verify depth is 1
Handshake duration: 5.76 ms
Execution 79 - TLS Single
s_connection: verify depth is 1
Handshake duration: 1065.96 ms
Execution 80 - TLS Single
s_connection: verify depth is 1
Handshake duration: 418.12 ms
Execution 81 - TLS Single
s_connection: verify depth is 1
Handshake duration: 5.85 ms
Execution 82 - TLS Single
s_connection: verify depth is 1
Handshake duration: 217.79 ms
Execution 83 - TLS Single
s_connection: verify depth is 1
Handshake duration: 5.69 ms
Execution 84 - TLS Single
s_connection: verify depth is 1
Handshake duration: 1442.53 ms
Execution 85 - TLS Single
s_connection: verify depth is 1
Handshake duration: 5.92 ms
Execution 86 - TLS Single
s_connection: verify depth is 1
Handshake duration: 6.59 ms
Execution 87 - TLS Single
s_connection: verify depth is 1
Handshake duration: 5.85 ms
Execution 88 - TLS Single
s_connection: verify depth is 1
Handshake duration: 5.91 ms
Execution 89 - TLS Single
s_connection: verify depth is 1
Handshake duration: 11.52 ms
Execution 90 - TLS Single
s_connection: verify depth is 1
Handshake duration: 5.83 ms
Execution 91 - TLS Single
s_connection: verify depth is 1
Handshake duration: 3.96 ms
Execution 92 - TLS Single
s_connection: verify depth is 1
Handshake duration: 1874.70 ms
Execution 93 - TLS Single
s_connection: verify depth is 1
Handshake duration: 5.70 ms
Execution 94 - TLS Single
s_connection: verify depth is 1
Handshake duration: 5.77 ms
Execution 95 - TLS Single
s_connection: verify depth is 1
Handshake duration: 5.14 ms
Execution 96 - TLS Single
s_connection: verify depth is 1
Handshake duration: 5.28 ms
Execution 97 - TLS Single
s_connection: verify depth is 1
Handshake duration: 5.07 ms
Execution 98 - TLS Single
s_connection: verify depth is 1
Handshake duration: 3099.92 ms
Execution 99 - TLS Single
s_connection: verify depth is 1
Handshake duration: 618.20 ms
Execution 100 - TLS Single
s_connection: verify depth is 1
Handshake duration: 1035.81 ms
Execution 101 - TLS Single
s_connection: verify depth is 1
Handshake duration: 5.07 ms
Execution 102 - TLS Single
s_connection: verify depth is 1
Handshake duration: 1020.73 ms
Execution 103 - TLS Single
s_connection: verify depth is 1
Handshake duration: 1051.96 ms
Execution 104 - TLS Single
s_connection: verify depth is 1
Handshake duration: 5.74 ms
Execution 105 - TLS Single
s_connection: verify depth is 1
Handshake duration: 6.07 ms
Execution 106 - TLS Single
s_connection: verify depth is 1
Handshake duration: 5.00 ms
Execution 107 - TLS Single
s_connection: verify depth is 1
Handshake duration: 3.40 ms
Execution 108 - TLS Single
s_connection: verify depth is 1
Handshake duration: 3.03 ms
Execution 109 - TLS Single
s_connection: verify depth is 1
Handshake duration: 1013.35 ms
Execution 110 - TLS Single
s_connection: verify depth is 1
Handshake duration: 1280.78 ms
Execution 111 - TLS Single
s_connection: verify depth is 1
Handshake duration: 5.95 ms
Execution 112 - TLS Single
s_connection: verify depth is 1
Handshake duration: 5.94 ms
Execution 113 - TLS Single
s_connection: verify depth is 1
Handshake duration: 5.08 ms
Execution 114 - TLS Single
s_connection: verify depth is 1
Handshake duration: 6.65 ms
Execution 115 - TLS Single
s_connection: verify depth is 1
Handshake duration: 215.99 ms
Execution 116 - TLS Single
s_connection: verify depth is 1
Handshake duration: 6.00 ms
Execution 117 - TLS Single
s_connection: verify depth is 1
Handshake duration: 7.09 ms
Execution 118 - TLS Single
s_connection: verify depth is 1
Handshake duration: 1450.20 ms
Execution 119 - TLS Single
s_connection: verify depth is 1
Handshake duration: 1437.35 ms
Execution 120 - TLS Single
s_connection: verify depth is 1
Handshake duration: 4.17 ms
Execution 121 - TLS Single
s_connection: verify depth is 1
Handshake duration: 5.42 ms
Execution 122 - TLS Single
s_connection: verify depth is 1
Handshake duration: 5.64 ms
Execution 123 - TLS Single
s_connection: verify depth is 1
Handshake duration: 5.04 ms
Execution 124 - TLS Single
s_connection: verify depth is 1
Handshake duration: 5.46 ms
Execution 125 - TLS Single
s_connection: verify depth is 1
Handshake duration: 5.22 ms
Execution 126 - TLS Single
s_connection: verify depth is 1
Handshake duration: 6.16 ms
Execution 127 - TLS Single
s_connection: verify depth is 1
Handshake duration: 827.20 ms
Execution 128 - TLS Single
s_connection: verify depth is 1
Handshake duration: 10.36 ms
Execution 129 - TLS Single
s_connection: verify depth is 1
Handshake duration: 5.81 ms
Execution 130 - TLS Single
s_connection: verify depth is 1
Handshake duration: 217.38 ms
Execution 131 - TLS Single
s_connection: verify depth is 1
Handshake duration: 5.65 ms
Execution 132 - TLS Single
s_connection: verify depth is 1
Handshake duration: 5.83 ms
Execution 133 - TLS Single
s_connection: verify depth is 1
Handshake duration: 1065.93 ms
Execution 134 - TLS Single
s_connection: verify depth is 1
Handshake duration: 1051.47 ms
Execution 135 - TLS Single
s_connection: verify depth is 1
Handshake duration: 5.64 ms
Execution 136 - TLS Single
s_connection: verify depth is 1
Handshake duration: 6.37 ms
Execution 137 - TLS Single
s_connection: verify depth is 1
Handshake duration: 7.21 ms
Execution 138 - TLS Single
s_connection: verify depth is 1
Handshake duration: 10.33 ms
Execution 139 - TLS Single
s_connection: verify depth is 1
Handshake duration: 6.33 ms
Execution 140 - TLS Single
s_connection: verify depth is 1
Handshake duration: 5.96 ms
Execution 141 - TLS Single
s_connection: verify depth is 1
Handshake duration: 6.19 ms
Execution 142 - TLS Single
s_connection: verify depth is 1
Handshake duration: 1059.62 ms
Execution 143 - TLS Single
s_connection: verify depth is 1
Handshake duration: 6.14 ms
Execution 144 - TLS Single
s_connection: verify depth is 1
Handshake duration: 1007.92 ms
Execution 145 - TLS Single
s_connection: verify depth is 1
Handshake duration: 1465.62 ms
Execution 146 - TLS Single
s_connection: verify depth is 1
Handshake duration: 627.31 ms
Execution 147 - TLS Single
s_connection: verify depth is 1
Handshake duration: 1274.38 ms
Execution 148 - TLS Single
s_connection: verify depth is 1
Handshake duration: 212.33 ms
Execution 149 - TLS Single
s_connection: verify depth is 1
Handshake duration: 4978.51 ms
Execution 150 - TLS Single
s_connection: verify depth is 1
Handshake duration: 5.50 ms
Execution 151 - TLS Single
s_connection: verify depth is 1
Handshake duration: 827.98 ms
Execution 152 - TLS Single
s_connection: verify depth is 1
Handshake duration: 6.02 ms
Execution 153 - TLS Single
s_connection: verify depth is 1
Handshake duration: 6.11 ms
Execution 154 - TLS Single
s_connection: verify depth is 1
Handshake duration: 5.00 ms
Execution 155 - TLS Single
s_connection: verify depth is 1
Handshake duration: 4.93 ms
Execution 156 - TLS Single
s_connection: verify depth is 1
Handshake duration: 5.76 ms
Execution 157 - TLS Single
s_connection: verify depth is 1
Handshake duration: 1065.28 ms
Execution 158 - TLS Single
s_connection: verify depth is 1
Handshake duration: 5.79 ms
Execution 159 - TLS Single
s_connection: verify depth is 1
Handshake duration: 214.92 ms
Execution 160 - TLS Single
s_connection: verify depth is 1
Handshake duration: 5.68 ms
Execution 161 - TLS Single
s_connection: verify depth is 1
Handshake duration: 6.12 ms
Execution 162 - TLS Single
s_connection: verify depth is 1
Handshake duration: 7.52 ms
Execution 163 - TLS Single
s_connection: verify depth is 1
Handshake duration: 1687.39 ms
Execution 164 - TLS Single
s_connection: verify depth is 1
Handshake duration: 1070.02 ms
Execution 165 - TLS Single
s_connection: verify depth is 1
Handshake duration: 217.22 ms
Execution 166 - TLS Single
s_connection: verify depth is 1
Handshake duration: 5.77 ms
Execution 167 - TLS Single
s_connection: verify depth is 1
Handshake duration: 6.21 ms
Execution 168 - TLS Single
s_connection: verify depth is 1
Handshake duration: 1031.55 ms
Execution 169 - TLS Single
s_connection: verify depth is 1
Handshake duration: 5.67 ms
Execution 170 - TLS Single
s_connection: verify depth is 1
Handshake duration: 215.60 ms
Execution 171 - TLS Single
s_connection: verify depth is 1
Handshake duration: 213.31 ms
Execution 172 - TLS Single
s_connection: verify depth is 1
Handshake duration: 5.83 ms
Execution 173 - TLS Single
s_connection: verify depth is 1
Handshake duration: 1234.09 ms
Execution 174 - TLS Single
s_connection: verify depth is 1
Handshake duration: 3147.08 ms
Execution 175 - TLS Single
s_connection: verify depth is 1
Handshake duration: 5.11 ms
Execution 176 - TLS Single
s_connection: verify depth is 1
Handshake duration: 5.17 ms
Execution 177 - TLS Single
s_connection: verify depth is 1
Handshake duration: 4.97 ms
Execution 178 - TLS Single
s_connection: verify depth is 1
Handshake duration: 1069.36 ms
Execution 179 - TLS Single
s_connection: verify depth is 1
Handshake duration: 5.83 ms
Execution 180 - TLS Single
s_connection: verify depth is 1
Handshake duration: 5.25 ms
Execution 181 - TLS Single
s_connection: verify depth is 1
Handshake duration: 206.61 ms
Execution 182 - TLS Single
s_connection: verify depth is 1
Handshake duration: 5.78 ms
Execution 183 - TLS Single
s_connection: verify depth is 1
Handshake duration: 1069.80 ms
Execution 184 - TLS Single
s_connection: verify depth is 1
Handshake duration: 5.81 ms
Execution 185 - TLS Single
s_connection: verify depth is 1
Handshake duration: 6.04 ms
Execution 186 - TLS Single
s_connection: verify depth is 1
Handshake duration: 1033.62 ms
Execution 187 - TLS Single
s_connection: verify depth is 1
Handshake duration: 6.27 ms
Execution 188 - TLS Single
s_connection: verify depth is 1
Handshake duration: 6.47 ms
Execution 189 - TLS Single
s_connection: verify depth is 1
Handshake duration: 1032.22 ms
Execution 190 - TLS Single
s_connection: verify depth is 1
Handshake duration: 6.18 ms
Execution 191 - TLS Single
s_connection: verify depth is 1
Handshake duration: 5.92 ms
Execution 192 - TLS Single
s_connection: verify depth is 1
Handshake duration: 208.89 ms
Execution 193 - TLS Single
s_connection: verify depth is 1
Handshake duration: 5.77 ms
Execution 194 - TLS Single
s_connection: verify depth is 1
Handshake duration: 9.32 ms
Execution 195 - TLS Single
s_connection: verify depth is 1
Handshake duration: 1216.79 ms
Execution 196 - TLS Single
s_connection: verify depth is 1
Handshake duration: 6.39 ms
Execution 197 - TLS Single
s_connection: verify depth is 1
Handshake duration: 1057.57 ms
Execution 198 - TLS Single
s_connection: verify depth is 1
Handshake duration: 5.90 ms
Execution 199 - TLS Single
s_connection: verify depth is 1
Handshake duration: 6.13 ms
Execution 200 - TLS Single
s_connection: verify depth is 1
Handshake duration: 6.53 ms
Execution 201 - TLS Single
s_connection: verify depth is 1
Handshake duration: 5.70 ms
Execution 202 - TLS Single
s_connection: verify depth is 1
Handshake duration: 6.47 ms
Execution 203 - TLS Single
s_connection: verify depth is 1
Handshake duration: 2490.62 ms
Execution 204 - TLS Single
s_connection: verify depth is 1
Handshake duration: 2.16 ms
Execution 205 - TLS Single
s_connection: verify depth is 1
Handshake duration: 6.17 ms
Execution 206 - TLS Single
s_connection: verify depth is 1
Handshake duration: 215.94 ms
Execution 207 - TLS Single
s_connection: verify depth is 1
Handshake duration: 4.91 ms
Execution 208 - TLS Single
s_connection: verify depth is 1
Handshake duration: 6.22 ms
Execution 209 - TLS Single
s_connection: verify depth is 1
Handshake duration: 5.55 ms
Execution 210 - TLS Single
s_connection: verify depth is 1
Handshake duration: 6.01 ms
Execution 211 - TLS Single
s_connection: verify depth is 1
Handshake duration: 5.10 ms
Execution 212 - TLS Single
s_connection: verify depth is 1
Handshake duration: 5.68 ms
Execution 213 - TLS Single
s_connection: verify depth is 1
Handshake duration: 6.02 ms
Execution 214 - TLS Single
s_connection: verify depth is 1
Handshake duration: 4.95 ms
Execution 215 - TLS Single
s_connection: verify depth is 1
Handshake duration: 5.01 ms
Execution 216 - TLS Single
s_connection: verify depth is 1
Handshake duration: 1281.75 ms
Execution 217 - TLS Single
s_connection: verify depth is 1
Handshake duration: 5.84 ms
Execution 218 - TLS Single
s_connection: verify depth is 1
Handshake duration: 5.84 ms
Execution 219 - TLS Single
s_connection: verify depth is 1
Handshake duration: 6.23 ms
Execution 220 - TLS Single
s_connection: verify depth is 1
Handshake duration: 5.59 ms
Execution 221 - TLS Single
s_connection: verify depth is 1
Handshake duration: 1050.42 ms
Execution 222 - TLS Single
s_connection: verify depth is 1
Handshake duration: 5.81 ms
Execution 223 - TLS Single
s_connection: verify depth is 1
Handshake duration: 5.91 ms
Execution 224 - TLS Single
s_connection: verify depth is 1
Handshake duration: 5.95 ms
Execution 225 - TLS Single
s_connection: verify depth is 1
Handshake duration: 6.42 ms
Execution 226 - TLS Single
s_connection: verify depth is 1
Handshake duration: 6.80 ms
Execution 227 - TLS Single
s_connection: verify depth is 1
Handshake duration: 5.77 ms
Execution 228 - TLS Single
s_connection: verify depth is 1
Handshake duration: 5.86 ms
Execution 229 - TLS Single
s_connection: verify depth is 1
Handshake duration: 5.70 ms
Execution 230 - TLS Single
s_connection: verify depth is 1
Handshake duration: 6.23 ms
Execution 231 - TLS Single
s_connection: verify depth is 1
Handshake duration: 3.77 ms
Execution 232 - TLS Single
s_connection: verify depth is 1
Handshake duration: 2.76 ms
Execution 233 - TLS Single
s_connection: verify depth is 1
Handshake duration: 206.81 ms
Execution 234 - TLS Single
s_connection: verify depth is 1
Handshake duration: 6.61 ms
Execution 235 - TLS Single
s_connection: verify depth is 1
Handshake duration: 216.81 ms
Execution 236 - TLS Single
s_connection: verify depth is 1
Handshake duration: 2.31 ms
Execution 237 - TLS Single
s_connection: verify depth is 1
Handshake duration: 2.21 ms
Execution 238 - TLS Single
s_connection: verify depth is 1
Handshake duration: 2.10 ms
Execution 239 - TLS Single
s_connection: verify depth is 1
Handshake duration: 6.78 ms
Execution 240 - TLS Single
s_connection: verify depth is 1
Handshake duration: 2.26 ms
Execution 241 - TLS Single
s_connection: verify depth is 1
Handshake duration: 2.54 ms
Execution 242 - TLS Single
s_connection: verify depth is 1
Handshake duration: 2.92 ms
Execution 243 - TLS Single
s_connection: verify depth is 1
Handshake duration: 3.11 ms
Execution 244 - TLS Single
s_connection: verify depth is 1
Handshake duration: 214.42 ms
Execution 245 - TLS Single
s_connection: verify depth is 1
Handshake duration: 5.83 ms
Execution 246 - TLS Single
s_connection: verify depth is 1
Handshake duration: 6.10 ms
Execution 247 - TLS Single
s_connection: verify depth is 1
Handshake duration: 6.38 ms
Execution 248 - TLS Single
s_connection: verify depth is 1
Handshake duration: 6.14 ms
Execution 249 - TLS Single
s_connection: verify depth is 1
Handshake duration: 1068.60 ms
Execution 250 - TLS Single
s_connection: verify depth is 1
Handshake duration: 5.75 ms
Execution 251 - TLS Single
s_connection: verify depth is 1
Handshake duration: 5.89 ms
Execution 252 - TLS Single
s_connection: verify depth is 1
Handshake duration: 5.77 ms
Execution 253 - TLS Single
s_connection: verify depth is 1
Handshake duration: 5.56 ms
Execution 254 - TLS Single
s_connection: verify depth is 1
Handshake duration: 6.94 ms
Execution 255 - TLS Single
s_connection: verify depth is 1
Handshake duration: 5.76 ms
Execution 256 - TLS Single
s_connection: verify depth is 1
Handshake duration: 1050.08 ms
Execution 257 - TLS Single
s_connection: verify depth is 1
Handshake duration: 214.71 ms
Execution 258 - TLS Single
s_connection: verify depth is 1
Handshake duration: 5.75 ms
Execution 259 - TLS Single
s_connection: verify depth is 1
Handshake duration: 5.94 ms
Execution 260 - TLS Single
s_connection: verify depth is 1
Handshake duration: 6.72 ms
Execution 261 - TLS Single
s_connection: verify depth is 1
Handshake duration: 215.97 ms
Execution 262 - TLS Single
s_connection: verify depth is 1
Handshake duration: 1260.42 ms
Execution 263 - TLS Single
s_connection: verify depth is 1
Handshake duration: 211.80 ms
Execution 264 - TLS Single
s_connection: verify depth is 1
Handshake duration: 5.70 ms
Execution 265 - TLS Single
s_connection: verify depth is 1
Handshake duration: 6.45 ms
Execution 266 - TLS Single
s_connection: verify depth is 1
Handshake duration: 1237.80 ms
Execution 267 - TLS Single
s_connection: verify depth is 1
Handshake duration: 5.79 ms
Execution 268 - TLS Single
s_connection: verify depth is 1
Handshake duration: 6.41 ms
Execution 269 - TLS Single
s_connection: verify depth is 1
Handshake duration: 4.96 ms
Execution 270 - TLS Single
s_connection: verify depth is 1
Handshake duration: 5.14 ms
Execution 271 - TLS Single
s_connection: verify depth is 1
Handshake duration: 8.88 ms
Execution 272 - TLS Single
s_connection: verify depth is 1
Handshake duration: 5.20 ms
Execution 273 - TLS Single
s_connection: verify depth is 1
Handshake duration: 5.47 ms
Execution 274 - TLS Single
s_connection: verify depth is 1
Handshake duration: 5.68 ms
Execution 275 - TLS Single
s_connection: verify depth is 1
Handshake duration: 5.35 ms
Execution 276 - TLS Single
s_connection: verify depth is 1
Handshake duration: 5.34 ms
Execution 277 - TLS Single
s_connection: verify depth is 1
Handshake duration: 5.28 ms
Execution 278 - TLS Single
s_connection: verify depth is 1
Handshake duration: 5.34 ms
Execution 279 - TLS Single
s_connection: verify depth is 1
Handshake duration: 4.92 ms
Execution 280 - TLS Single
s_connection: verify depth is 1
Handshake duration: 418.91 ms
Execution 281 - TLS Single
s_connection: verify depth is 1
Handshake duration: 1014.45 ms
Execution 282 - TLS Single
s_connection: verify depth is 1
Handshake duration: 1432.25 ms
Execution 283 - TLS Single
s_connection: verify depth is 1
Handshake duration: 5.48 ms
Execution 284 - TLS Single
s_connection: verify depth is 1
Handshake duration: 5.82 ms
Execution 285 - TLS Single
s_connection: verify depth is 1
Handshake duration: 5.36 ms
Execution 286 - TLS Single
s_connection: verify depth is 1
Handshake duration: 5.13 ms
Execution 287 - TLS Single
s_connection: verify depth is 1
Handshake duration: 1472.65 ms
Execution 288 - TLS Single
s_connection: verify depth is 1
Handshake duration: 4.98 ms
Execution 289 - TLS Single
s_connection: verify depth is 1
Handshake duration: 5.29 ms
Execution 290 - TLS Single
s_connection: verify depth is 1
Handshake duration: 2060.00 ms
Execution 291 - TLS Single
s_connection: verify depth is 1
Handshake duration: 1052.91 ms
Execution 292 - TLS Single
s_connection: verify depth is 1
Handshake duration: 5.72 ms
Execution 293 - TLS Single
s_connection: verify depth is 1
Handshake duration: 215.10 ms
Execution 294 - TLS Single
s_connection: verify depth is 1
Handshake duration: 2684.22 ms
Execution 295 - TLS Single
s_connection: verify depth is 1
Handshake duration: 5.49 ms
Execution 296 - TLS Single
s_connection: verify depth is 1
Handshake duration: 4.93 ms
Execution 297 - TLS Single
s_connection: verify depth is 1
Handshake duration: 1250.92 ms
Execution 298 - TLS Single
s_connection: verify depth is 1
Handshake duration: 2502.93 ms
Execution 299 - TLS Single
s_connection: verify depth is 1
Handshake duration: 5.54 ms
Execution 300 - TLS Single
s_connection: verify depth is 1
Handshake duration: 1221.18 ms
Execution 301 - TLS Single
s_connection: verify depth is 1
Handshake duration: 620.23 ms
Execution 302 - TLS Single
s_connection: verify depth is 1
Handshake duration: 9.60 ms
Execution 303 - TLS Single
s_connection: verify depth is 1
Handshake duration: 5.65 ms
Execution 304 - TLS Single
s_connection: verify depth is 1
Handshake duration: 5.34 ms
Execution 305 - TLS Single
s_connection: verify depth is 1
Handshake duration: 5.02 ms
Execution 306 - TLS Single
s_connection: verify depth is 1
Handshake duration: 5.28 ms
Execution 307 - TLS Single
s_connection: verify depth is 1
Handshake duration: 5.29 ms
Execution 308 - TLS Single
s_connection: verify depth is 1
Handshake duration: 4.86 ms
Execution 309 - TLS Single
s_connection: verify depth is 1
Handshake duration: 3.75 ms
Execution 310 - TLS Single
s_connection: verify depth is 1
Handshake duration: 4.04 ms
Execution 311 - TLS Single
s_connection: verify depth is 1
Handshake duration: 1020.59 ms
Execution 312 - TLS Single
s_connection: verify depth is 1
Handshake duration: 10.53 ms
Execution 313 - TLS Single
s_connection: verify depth is 1
Handshake duration: 5.92 ms
Execution 314 - TLS Single
s_connection: verify depth is 1
Handshake duration: 6.58 ms
Execution 315 - TLS Single
s_connection: verify depth is 1
Handshake duration: 7.06 ms
Execution 316 - TLS Single
s_connection: verify depth is 1
Handshake duration: 5.77 ms
Execution 317 - TLS Single
s_connection: verify depth is 1
Handshake duration: 6.52 ms
Execution 318 - TLS Single
s_connection: verify depth is 1
Handshake duration: 2.83 ms
Execution 319 - TLS Single
s_connection: verify depth is 1
Handshake duration: 2.49 ms
Execution 320 - TLS Single
s_connection: verify depth is 1
Handshake duration: 2.56 ms
Execution 321 - TLS Single
s_connection: verify depth is 1
Handshake duration: 2.41 ms
Execution 322 - TLS Single
s_connection: verify depth is 1
Handshake duration: 2.70 ms
Execution 323 - TLS Single
s_connection: verify depth is 1
Handshake duration: 1020.50 ms
Execution 324 - TLS Single
s_connection: verify depth is 1
Handshake duration: 216.86 ms
Execution 325 - TLS Single
s_connection: verify depth is 1
Handshake duration: 1049.89 ms
Execution 326 - TLS Single
s_connection: verify depth is 1
Handshake duration: 5.61 ms
Execution 327 - TLS Single
s_connection: verify depth is 1
Handshake duration: 6.81 ms
Execution 328 - TLS Single
s_connection: verify depth is 1
Handshake duration: 9.27 ms
Execution 329 - TLS Single
s_connection: verify depth is 1
Handshake duration: 1057.95 ms
Execution 330 - TLS Single
s_connection: verify depth is 1
Handshake duration: 7.01 ms
Execution 331 - TLS Single
s_connection: verify depth is 1
Handshake duration: 5.85 ms
Execution 332 - TLS Single
s_connection: verify depth is 1
Handshake duration: 7.18 ms
Execution 333 - TLS Single
s_connection: verify depth is 1
Handshake duration: 5.77 ms
Execution 334 - TLS Single
s_connection: verify depth is 1
Handshake duration: 6.36 ms
Execution 335 - TLS Single
s_connection: verify depth is 1
Handshake duration: 1020.86 ms
Execution 336 - TLS Single
s_connection: verify depth is 1
Handshake duration: 6.89 ms
Execution 337 - TLS Single
s_connection: verify depth is 1
Handshake duration: 10.43 ms
Execution 338 - TLS Single
s_connection: verify depth is 1
Handshake duration: 5.66 ms
Execution 339 - TLS Single
s_connection: verify depth is 1
Handshake duration: 1053.01 ms
Execution 340 - TLS Single
s_connection: verify depth is 1
Handshake duration: 1043.44 ms
Execution 341 - TLS Single
s_connection: verify depth is 1
Handshake duration: 5.65 ms
Execution 342 - TLS Single
s_connection: verify depth is 1
Handshake duration: 421.99 ms
Execution 343 - TLS Single
s_connection: verify depth is 1
Handshake duration: 5.86 ms
Execution 344 - TLS Single
s_connection: verify depth is 1
Handshake duration: 3334.42 ms
Execution 345 - TLS Single
s_connection: verify depth is 1
Handshake duration: 1240.97 ms
Execution 346 - TLS Single
s_connection: verify depth is 1
Handshake duration: 5.12 ms
Execution 347 - TLS Single
s_connection: verify depth is 1
Handshake duration: 5.73 ms
Execution 348 - TLS Single
s_connection: verify depth is 1
Handshake duration: 4.92 ms
Execution 349 - TLS Single
s_connection: verify depth is 1
Handshake duration: 4.93 ms
Execution 350 - TLS Single
s_connection: verify depth is 1
Handshake duration: 5.32 ms
Execution 351 - TLS Single
s_connection: verify depth is 1
Handshake duration: 215.04 ms
Execution 352 - TLS Single
s_connection: verify depth is 1
Handshake duration: 5.49 ms
Execution 353 - TLS Single
s_connection: verify depth is 1
Handshake duration: 213.55 ms
Execution 354 - TLS Single
s_connection: verify depth is 1
Handshake duration: 5.72 ms
Execution 355 - TLS Single
s_connection: verify depth is 1
Handshake duration: 5.78 ms
Execution 356 - TLS Single
s_connection: verify depth is 1
Handshake duration: 1057.78 ms
Execution 357 - TLS Single
s_connection: verify depth is 1
Handshake duration: 1040.88 ms
Execution 358 - TLS Single
s_connection: verify depth is 1
Handshake duration: 6.58 ms
Execution 359 - TLS Single
s_connection: verify depth is 1
Handshake duration: 6.34 ms
Execution 360 - TLS Single
s_connection: verify depth is 1
Handshake duration: 5.99 ms
Execution 361 - TLS Single
s_connection: verify depth is 1
Handshake duration: 420.39 ms
Execution 362 - TLS Single
s_connection: verify depth is 1
Handshake duration: 5.75 ms
Execution 363 - TLS Single
s_connection: verify depth is 1
Handshake duration: 9.32 ms
Execution 364 - TLS Single
s_connection: verify depth is 1
Handshake duration: 5.72 ms
Execution 365 - TLS Single
s_connection: verify depth is 1
Handshake duration: 5.93 ms
Execution 366 - TLS Single
s_connection: verify depth is 1
Handshake duration: 5.70 ms
Execution 367 - TLS Single
s_connection: verify depth is 1
Handshake duration: 5.78 ms
Execution 368 - TLS Single
s_connection: verify depth is 1
Handshake duration: 6.02 ms
Execution 369 - TLS Single
s_connection: verify depth is 1
Handshake duration: 6.17 ms
Execution 370 - TLS Single
s_connection: verify depth is 1
Handshake duration: 5.65 ms
Execution 371 - TLS Single
s_connection: verify depth is 1
Handshake duration: 1048.60 ms
Execution 372 - TLS Single
s_connection: verify depth is 1
Handshake duration: 5.91 ms
Execution 373 - TLS Single
s_connection: verify depth is 1
Handshake duration: 215.71 ms
Execution 374 - TLS Single
s_connection: verify depth is 1
Handshake duration: 5.77 ms
Execution 375 - TLS Single
s_connection: verify depth is 1
Handshake duration: 10.20 ms
Execution 376 - TLS Single
s_connection: verify depth is 1
Handshake duration: 5.77 ms
Execution 377 - TLS Single
s_connection: verify depth is 1
Handshake duration: 624.32 ms
Execution 378 - TLS Single
s_connection: verify depth is 1
Handshake duration: 5.65 ms
Execution 379 - TLS Single
s_connection: verify depth is 1
Handshake duration: 211.23 ms
Execution 380 - TLS Single
s_connection: verify depth is 1
Handshake duration: 5.76 ms
Execution 381 - TLS Single
s_connection: verify depth is 1
Handshake duration: 618.77 ms
Execution 382 - TLS Single
s_connection: verify depth is 1
Handshake duration: 5.72 ms
Execution 383 - TLS Single
s_connection: verify depth is 1
Handshake duration: 5.82 ms
Execution 384 - TLS Single
s_connection: verify depth is 1
Handshake duration: 6.31 ms
Execution 385 - TLS Single
s_connection: verify depth is 1
Handshake duration: 831.05 ms
Execution 386 - TLS Single
s_connection: verify depth is 1
Handshake duration: 6.04 ms
Execution 387 - TLS Single
s_connection: verify depth is 1
Handshake duration: 5.68 ms
Execution 388 - TLS Single
s_connection: verify depth is 1
Handshake duration: 7.69 ms
Execution 389 - TLS Single
s_connection: verify depth is 1
Handshake duration: 212.93 ms
Execution 390 - TLS Single
s_connection: verify depth is 1
Handshake duration: 5.73 ms
Execution 391 - TLS Single
s_connection: verify depth is 1
Handshake duration: 6.13 ms
Execution 392 - TLS Single
s_connection: verify depth is 1
Handshake duration: 211.24 ms
Execution 393 - TLS Single
s_connection: verify depth is 1
Handshake duration: 5.78 ms
Execution 394 - TLS Single
s_connection: verify depth is 1
Handshake duration: 5.96 ms
Execution 395 - TLS Single
s_connection: verify depth is 1
Handshake duration: 1068.82 ms
Execution 396 - TLS Single
s_connection: verify depth is 1
Handshake duration: 5.82 ms
Execution 397 - TLS Single
s_connection: verify depth is 1
Handshake duration: 6577.21 ms
Execution 398 - TLS Single
s_connection: verify depth is 1
Handshake duration: 1048.97 ms
Execution 399 - TLS Single
s_connection: verify depth is 1
Handshake duration: 6.40 ms
Execution 400 - TLS Single
s_connection: verify depth is 1
Handshake duration: 5.06 ms
Execution 401 - TLS Single
s_connection: verify depth is 1
Handshake duration: 1252.68 ms
Execution 402 - TLS Single
s_connection: verify depth is 1
Handshake duration: 417.94 ms
Execution 403 - TLS Single
s_connection: verify depth is 1
Handshake duration: 1469.86 ms
Execution 404 - TLS Single
s_connection: verify depth is 1
Handshake duration: 5.51 ms
Execution 405 - TLS Single
s_connection: verify depth is 1
Handshake duration: 5.01 ms
Execution 406 - TLS Single
s_connection: verify depth is 1
Handshake duration: 418.65 ms
Execution 407 - TLS Single
s_connection: verify depth is 1
Handshake duration: 627.02 ms
Execution 408 - TLS Single
s_connection: verify depth is 1
Handshake duration: 5.79 ms
Execution 409 - TLS Single
s_connection: verify depth is 1
Handshake duration: 6.84 ms
Execution 410 - TLS Single
s_connection: verify depth is 1
Handshake duration: 1053.03 ms
Execution 411 - TLS Single
s_connection: verify depth is 1
Handshake duration: 9.57 ms
Execution 412 - TLS Single
s_connection: verify depth is 1
Handshake duration: 5.77 ms
Execution 413 - TLS Single
s_connection: verify depth is 1
Handshake duration: 6.25 ms
Execution 414 - TLS Single
s_connection: verify depth is 1
Handshake duration: 1263.61 ms
Execution 415 - TLS Single
s_connection: verify depth is 1
Handshake duration: 5.85 ms
Execution 416 - TLS Single
s_connection: verify depth is 1
Handshake duration: 1053.09 ms
Execution 417 - TLS Single
s_connection: verify depth is 1
Handshake duration: 624.40 ms
Execution 418 - TLS Single
s_connection: verify depth is 1
Handshake duration: 5.72 ms
Execution 419 - TLS Single
s_connection: verify depth is 1
Handshake duration: 6.29 ms
Execution 420 - TLS Single
s_connection: verify depth is 1
Handshake duration: 1065.17 ms
Execution 421 - TLS Single
s_connection: verify depth is 1
Handshake duration: 5.82 ms
Execution 422 - TLS Single
s_connection: verify depth is 1
Handshake duration: 6.57 ms
Execution 423 - TLS Single
s_connection: verify depth is 1
Handshake duration: 7.14 ms
Execution 424 - TLS Single
s_connection: verify depth is 1
Handshake duration: 2.21 ms
Execution 425 - TLS Single
s_connection: verify depth is 1
Handshake duration: 2.19 ms
Execution 426 - TLS Single
s_connection: verify depth is 1
Handshake duration: 2.26 ms
Execution 427 - TLS Single
s_connection: verify depth is 1
Handshake duration: 2.26 ms
Execution 428 - TLS Single
s_connection: verify depth is 1
Handshake duration: 2.18 ms
Execution 429 - TLS Single
s_connection: verify depth is 1
Handshake duration: 1041.44 ms
Execution 430 - TLS Single
s_connection: verify depth is 1
Handshake duration: 5.76 ms
Execution 431 - TLS Single
s_connection: verify depth is 1
Handshake duration: 6.12 ms
Execution 432 - TLS Single
s_connection: verify depth is 1
Handshake duration: 5.64 ms
Execution 433 - TLS Single
s_connection: verify depth is 1
Handshake duration: 6.18 ms
Execution 434 - TLS Single
s_connection: verify depth is 1
Handshake duration: 5.92 ms
Execution 435 - TLS Single
s_connection: verify depth is 1
Handshake duration: 9.66 ms
Execution 436 - TLS Single
s_connection: verify depth is 1
Handshake duration: 1039.65 ms
Execution 437 - TLS Single
s_connection: verify depth is 1
Handshake duration: 5.78 ms
Execution 438 - TLS Single
s_connection: verify depth is 1
Handshake duration: 5.63 ms
Execution 439 - TLS Single
s_connection: verify depth is 1
Handshake duration: 10.20 ms
Execution 440 - TLS Single
s_connection: verify depth is 1
Handshake duration: 5.88 ms
Execution 441 - TLS Single
s_connection: verify depth is 1
Handshake duration: 5.37 ms
Execution 442 - TLS Single
s_connection: verify depth is 1
Handshake duration: 5.60 ms
Execution 443 - TLS Single
s_connection: verify depth is 1
Handshake duration: 1069.14 ms
Execution 444 - TLS Single
s_connection: verify depth is 1
Handshake duration: 5.75 ms
Execution 445 - TLS Single
s_connection: verify depth is 1
Handshake duration: 5.79 ms
Execution 446 - TLS Single
s_connection: verify depth is 1
Handshake duration: 6.35 ms
Execution 447 - TLS Single
s_connection: verify depth is 1
Handshake duration: 5.66 ms
Execution 448 - TLS Single
s_connection: verify depth is 1
Handshake duration: 1011.69 ms
Execution 449 - TLS Single
s_connection: verify depth is 1
Handshake duration: 5.84 ms
Execution 450 - TLS Single
s_connection: verify depth is 1
Handshake duration: 8.17 ms
Execution 451 - TLS Single
s_connection: verify depth is 1
Handshake duration: 11.29 ms
Execution 452 - TLS Single
s_connection: verify depth is 1
Handshake duration: 6.73 ms
Execution 453 - TLS Single
s_connection: verify depth is 1
Handshake duration: 1875.81 ms
Execution 454 - TLS Single
s_connection: verify depth is 1
Handshake duration: 1051.10 ms
Execution 455 - TLS Single
s_connection: verify depth is 1
Handshake duration: 3.13 ms
Execution 456 - TLS Single
s_connection: verify depth is 1
Handshake duration: 1031.30 ms
Execution 457 - TLS Single
s_connection: verify depth is 1
Handshake duration: 5.16 ms
Execution 458 - TLS Single
s_connection: verify depth is 1
Handshake duration: 6.10 ms
Execution 459 - TLS Single
s_connection: verify depth is 1
Handshake duration: 5.58 ms
Execution 460 - TLS Single
s_connection: verify depth is 1
Handshake duration: 8.72 ms
Execution 461 - TLS Single
s_connection: verify depth is 1
Handshake duration: 5.10 ms
Execution 462 - TLS Single
s_connection: verify depth is 1
Handshake duration: 6802.51 ms
Execution 463 - TLS Single
s_connection: verify depth is 1
Handshake duration: 1261.81 ms
Execution 464 - TLS Single
s_connection: verify depth is 1
Handshake duration: 1044.74 ms
Execution 465 - TLS Single
s_connection: verify depth is 1
Handshake duration: 8.09 ms
Execution 466 - TLS Single
s_connection: verify depth is 1
Handshake duration: 2927.98 ms
Execution 467 - TLS Single
s_connection: verify depth is 1
Handshake duration: 5.72 ms
Execution 468 - TLS Single
s_connection: verify depth is 1
Handshake duration: 621.57 ms
Execution 469 - TLS Single
s_connection: verify depth is 1
Handshake duration: 6.17 ms
Execution 470 - TLS Single
s_connection: verify depth is 1
Handshake duration: 10.69 ms
Execution 471 - TLS Single
s_connection: verify depth is 1
Handshake duration: 5.63 ms
Execution 472 - TLS Single
s_connection: verify depth is 1
Handshake duration: 6.37 ms
Execution 473 - TLS Single
s_connection: verify depth is 1
Handshake duration: 5.46 ms
Execution 474 - TLS Single
s_connection: verify depth is 1
Handshake duration: 5.08 ms
Execution 475 - TLS Single
s_connection: verify depth is 1
Handshake duration: 1008.72 ms
Execution 476 - TLS Single
s_connection: verify depth is 1
Handshake duration: 5.91 ms
Execution 477 - TLS Single
s_connection: verify depth is 1
Handshake duration: 418.61 ms
Execution 478 - TLS Single
s_connection: verify depth is 1
Handshake duration: 6.20 ms
Execution 479 - TLS Single
s_connection: verify depth is 1
Handshake duration: 6.14 ms
Execution 480 - TLS Single
s_connection: verify depth is 1
Handshake duration: 1059.77 ms
Execution 481 - TLS Single
s_connection: verify depth is 1
Handshake duration: 6.04 ms
Execution 482 - TLS Single
s_connection: verify depth is 1
Handshake duration: 5.54 ms
Execution 483 - TLS Single
s_connection: verify depth is 1
Handshake duration: 5.87 ms
Execution 484 - TLS Single
s_connection: verify depth is 1
Handshake duration: 420.99 ms
Execution 485 - TLS Single
s_connection: verify depth is 1
Handshake duration: 5.63 ms
Execution 486 - TLS Single
s_connection: verify depth is 1
Handshake duration: 1234.66 ms
Execution 487 - TLS Single
s_connection: verify depth is 1
Handshake duration: 5.60 ms
Execution 488 - TLS Single
s_connection: verify depth is 1
Handshake duration: 10.62 ms
Execution 489 - TLS Single
s_connection: verify depth is 1
Handshake duration: 6.94 ms
Execution 490 - TLS Single
s_connection: verify depth is 1
Handshake duration: 6.28 ms
Execution 491 - TLS Single
s_connection: verify depth is 1
Handshake duration: 6.46 ms
Execution 492 - TLS Single
s_connection: verify depth is 1
Handshake duration: 5.77 ms
Execution 493 - TLS Single
s_connection: verify depth is 1
Handshake duration: 5.56 ms
Execution 494 - TLS Single
s_connection: verify depth is 1
Handshake duration: 6.81 ms
Execution 495 - TLS Single
s_connection: verify depth is 1
Handshake duration: 6.49 ms
Execution 496 - TLS Single
s_connection: verify depth is 1
Handshake duration: 213.01 ms
Execution 497 - TLS Single
s_connection: verify depth is 1
Handshake duration: 5.77 ms
Execution 498 - TLS Single
s_connection: verify depth is 1
Handshake duration: 1026.80 ms
Execution 499 - TLS Single
s_connection: verify depth is 1
Handshake duration: 5.65 ms
Execution 500 - TLS Single
s_connection: verify depth is 1
Handshake duration: 5.76 ms
