Handshake timeout budget: 150s (identique TLS/QUIC)
Applying netem rules to lo...
Showing qdisc status for the interface: lo
qdisc netem 9b1e: root refcnt 2 limit 1000 seed 16197361310604650263
 Sent 0 bytes 0 pkt (dropped 0, overlimits 0 requeues 0) 
 backlog 0b 0p requeues 0
Running ./perftestClientTlsQuic.sh with SIG_ALG=mldsa44 and KEM_ALG=p256_mlkem512
Execution 1 - TLS Single
s_connection: verify depth is 1
Handshake duration: 1058.45 ms
Execution 2 - TLS Single
s_connection: verify depth is 1
Handshake duration: 7.73 ms
Execution 3 - TLS Single
s_connection: verify depth is 1
Handshake duration: 8.36 ms
Execution 4 - TLS Single
s_connection: verify depth is 1
Handshake duration: 8.37 ms
Execution 5 - TLS Single
s_connection: verify depth is 1
Handshake duration: 1456.37 ms
Execution 6 - TLS Single
s_connection: verify depth is 1
Handshake duration: 12.01 ms
Execution 7 - TLS Single
s_connection: verify depth is 1
Handshake duration: 8.91 ms
Execution 8 - TLS Single
s_connection: verify depth is 1
Handshake duration: 8.29 ms
Execution 9 - TLS Single
s_connection: verify depth is 1
Handshake duration: 6.79 ms
Execution 10 - TLS Single
s_connection: verify depth is 1
Handshake duration: 7.09 ms
Execution 11 - TLS Single
s_connection: verify depth is 1
Handshake duration: 8.09 ms
Execution 12 - TLS Single
s_connection: verify depth is 1
Handshake duration: 1264.04 ms
Execution 13 - TLS Single
s_connection: verify depth is 1
Handshake duration: 8.81 ms
Execution 14 - TLS Single
s_connection: verify depth is 1
Handshake duration: 13.82 ms
Execution 15 - TLS Single
s_connection: verify depth is 1
Handshake duration: 215.85 ms
Execution 16 - TLS Single
s_connection: verify depth is 1
Handshake duration: 10.74 ms
Execution 17 - TLS Single
s_connection: verify depth is 1
Handshake duration: 2052.68 ms
Execution 18 - TLS Single
s_connection: verify depth is 1
Handshake duration: 8.30 ms
Execution 19 - TLS Single
s_connection: verify depth is 1
Handshake duration: 7.49 ms
Execution 20 - TLS Single
s_connection: verify depth is 1
Handshake duration: 217.66 ms
Execution 21 - TLS Single
s_connection: verify depth is 1
Handshake duration: 11.64 ms
Execution 22 - TLS Single
s_connection: verify depth is 1
Handshake duration: 3089.33 ms
Execution 23 - TLS Single
s_connection: verify depth is 1
Handshake duration: 11.27 ms
Execution 24 - TLS Single
s_connection: verify depth is 1
Handshake duration: 8.38 ms
Execution 25 - TLS Single
s_connection: verify depth is 1
Handshake duration: 7.16 ms
Execution 26 - TLS Single
s_connection: verify depth is 1
Handshake duration: 6.83 ms
Execution 27 - TLS Single
s_connection: verify depth is 1
Handshake duration: 6.81 ms
Execution 28 - TLS Single
s_connection: verify depth is 1
Handshake duration: 6.95 ms
Execution 29 - TLS Single
s_connection: verify depth is 1
Handshake duration: 6.94 ms
Execution 30 - TLS Single
s_connection: verify depth is 1
Handshake duration: 7.07 ms
Execution 31 - TLS Single
s_connection: verify depth is 1
Handshake duration: 628.38 ms
Execution 32 - TLS Single
s_connection: verify depth is 1
Handshake duration: 8.61 ms
Execution 33 - TLS Single
s_connection: verify depth is 1
Handshake duration: 8.67 ms
Execution 34 - TLS Single
s_connection: verify depth is 1
Handshake duration: 8.30 ms
Execution 35 - TLS Single
s_connection: verify depth is 1
Handshake duration: 7.60 ms
Execution 36 - TLS Single
s_connection: verify depth is 1
Handshake duration: 1022.31 ms
Execution 37 - TLS Single
s_connection: verify depth is 1
Handshake duration: 1270.28 ms
Execution 38 - TLS Single
s_connection: verify depth is 1
Handshake duration: 1260.13 ms
Execution 39 - TLS Single
s_connection: verify depth is 1
Handshake duration: 11.73 ms
Execution 40 - TLS Single
s_connection: verify depth is 1
Handshake duration: 1442.12 ms
Execution 41 - TLS Single
s_connection: verify depth is 1
Handshake duration: 12.38 ms
Execution 42 - TLS Single
s_connection: verify depth is 1
Handshake duration: 1681.10 ms
Execution 43 - TLS Single
s_connection: verify depth is 1
Handshake duration: 223.96 ms
Execution 44 - TLS Single
s_connection: verify depth is 1
Handshake duration: 1067.32 ms
Execution 45 - TLS Single
s_connection: verify depth is 1
Handshake duration: 11.93 ms
Execution 46 - TLS Single
s_connection: verify depth is 1
Handshake duration: 1036.26 ms
Execution 47 - TLS Single
s_connection: verify depth is 1
Handshake duration: 1633.89 ms
Execution 48 - TLS Single
s_connection: verify depth is 1
Handshake duration: 624.54 ms
Execution 49 - TLS Single
s_connection: verify depth is 1
Handshake duration: 219.75 ms
Execution 50 - TLS Single
s_connection: verify depth is 1
Handshake duration: 9.51 ms
Execution 51 - TLS Single
s_connection: verify depth is 1
Handshake duration: 9.77 ms
Execution 52 - TLS Single
s_connection: verify depth is 1
Handshake duration: 10.84 ms
Execution 53 - TLS Single
s_connection: verify depth is 1
Handshake duration: 9.42 ms
Execution 54 - TLS Single
s_connection: verify depth is 1
Handshake duration: 8.37 ms
Execution 55 - TLS Single
s_connection: verify depth is 1
Handshake duration: 1057.89 ms
Execution 56 - TLS Single
s_connection: verify depth is 1
Handshake duration: 1274.86 ms
Execution 57 - TLS Single
s_connection: verify depth is 1
Handshake duration: 10.58 ms
Execution 58 - TLS Single
s_connection: verify depth is 1
Handshake duration: 9.86 ms
Execution 59 - TLS Single
s_connection: verify depth is 1
Handshake duration: 7.81 ms
Execution 60 - TLS Single
s_connection: verify depth is 1
Handshake duration: 7.57 ms
Execution 61 - TLS Single
s_connection: verify depth is 1
Handshake duration: 7.25 ms
Execution 62 - TLS Single
s_connection: verify depth is 1
Handshake duration: 7.12 ms
Execution 63 - TLS Single
s_connection: verify depth is 1
Handshake duration: 6.88 ms
Execution 64 - TLS Single
s_connection: verify depth is 1
Handshake duration: 6.86 ms
Execution 65 - TLS Single
s_connection: verify depth is 1
Handshake duration: 6.81 ms
Execution 66 - TLS Single
s_connection: verify depth is 1
Handshake duration: 6.82 ms
Execution 67 - TLS Single
s_connection: verify depth is 1
Handshake duration: 6.85 ms
Execution 68 - TLS Single
s_connection: verify depth is 1
Handshake duration: 7.31 ms
Execution 69 - TLS Single
s_connection: verify depth is 1
Handshake duration: 7.86 ms
Execution 70 - TLS Single
s_connection: verify depth is 1
Handshake duration: 217.61 ms
Execution 71 - TLS Single
s_connection: verify depth is 1
Handshake duration: 216.52 ms
Execution 72 - TLS Single
s_connection: verify depth is 1
Handshake duration: 1650.68 ms
Execution 73 - TLS Single
s_connection: verify depth is 1
Handshake duration: 9.43 ms
Execution 74 - TLS Single
s_connection: verify depth is 1
Handshake duration: 223.20 ms
Execution 75 - TLS Single
s_connection: verify depth is 1
Handshake duration: 222.93 ms
Execution 76 - TLS Single
s_connection: verify depth is 1
Handshake duration: 11.94 ms
Execution 77 - TLS Single
s_connection: verify depth is 1
Handshake duration: 215.46 ms
Execution 78 - TLS Single
s_connection: verify depth is 1
Handshake duration: 1490.29 ms
Execution 79 - TLS Single
s_connection: verify depth is 1
Handshake duration: 8.90 ms
Execution 80 - TLS Single
s_connection: verify depth is 1
Handshake duration: 9.01 ms
Execution 81 - TLS Single
s_connection: verify depth is 1
Handshake duration: 7.94 ms
Execution 82 - TLS Single
s_connection: verify depth is 1
Handshake duration: 6.92 ms
Execution 83 - TLS Single
s_connection: verify depth is 1
Handshake duration: 6.94 ms
Execution 84 - TLS Single
s_connection: verify depth is 1
Handshake duration: 623.88 ms
Execution 85 - TLS Single
s_connection: verify depth is 1
Handshake duration: 217.58 ms
Execution 86 - TLS Single
s_connection: verify depth is 1
Handshake duration: 13.24 ms
Execution 87 - TLS Single
s_connection: verify depth is 1
Handshake duration: 1028.44 ms
Execution 88 - TLS Single
s_connection: verify depth is 1
Handshake duration: 1072.03 ms
Execution 89 - TLS Single
s_connection: verify depth is 1
Handshake duration: 10.32 ms
Execution 90 - TLS Single
s_connection: verify depth is 1
Handshake duration: 214.98 ms
Execution 91 - TLS Single
s_connection: verify depth is 1
Handshake duration: 9.09 ms
Execution 92 - TLS Single
s_connection: verify depth is 1
Handshake duration: 9.25 ms
Execution 93 - TLS Single
s_connection: verify depth is 1
Handshake duration: 1231.52 ms
Execution 94 - TLS Single
s_connection: verify depth is 1
Handshake duration: 226.11 ms
Execution 95 - TLS Single
s_connection: verify depth is 1
Handshake duration: 1869.06 ms
Execution 96 - TLS Single
s_connection: verify depth is 1
Handshake duration: 8.57 ms
Execution 97 - TLS Single
s_connection: verify depth is 1
Handshake duration: 10.27 ms
Execution 98 - TLS Single
s_connection: verify depth is 1
Handshake duration: 7.54 ms
Execution 99 - TLS Single
s_connection: verify depth is 1
Handshake duration: 7.03 ms
Execution 100 - TLS Single
s_connection: verify depth is 1
Handshake duration: 6.90 ms
Execution 101 - TLS Single
s_connection: verify depth is 1
Handshake duration: 7.06 ms
Execution 102 - TLS Single
s_connection: verify depth is 1
Handshake duration: 2693.03 ms
Execution 103 - TLS Single
s_connection: verify depth is 1
Handshake duration: 9.01 ms
Execution 104 - TLS Single
s_connection: verify depth is 1
Handshake duration: 7.25 ms
Execution 105 - TLS Single
s_connection: verify depth is 1
Handshake duration: 7.00 ms
Execution 106 - TLS Single
s_connection: verify depth is 1
Handshake duration: 7.15 ms
Execution 107 - TLS Single
s_connection: verify depth is 1
Handshake duration: 8.00 ms
Execution 108 - TLS Single
s_connection: verify depth is 1
Handshake duration: 1233.68 ms
Execution 109 - TLS Single
s_connection: verify depth is 1
Handshake duration: 11.17 ms
Execution 110 - TLS Single
s_connection: verify depth is 1
Handshake duration: 7.09 ms
Execution 111 - TLS Single
s_connection: verify depth is 1
Handshake duration: 1271.62 ms
Execution 112 - TLS Single
s_connection: verify depth is 1
Handshake duration: 13.12 ms
Execution 113 - TLS Single
s_connection: verify depth is 1
Handshake duration: 7.25 ms
Execution 114 - TLS Single
s_connection: verify depth is 1
Handshake duration: 3309.91 ms
Execution 115 - TLS Single
s_connection: verify depth is 1
Handshake duration: 9.78 ms
Execution 116 - TLS Single
s_connection: verify depth is 1
Handshake duration: 1032.41 ms
Execution 117 - TLS Single
s_connection: verify depth is 1
Handshake duration: 1073.57 ms
Execution 118 - TLS Single
s_connection: verify depth is 1
Handshake duration: 7.60 ms
Execution 119 - TLS Single
s_connection: verify depth is 1
Handshake duration: 7.17 ms
Execution 120 - TLS Single
s_connection: verify depth is 1
Handshake duration: 7.06 ms
Execution 121 - TLS Single
s_connection: verify depth is 1
Handshake duration: 7.61 ms
Execution 122 - TLS Single
s_connection: verify depth is 1
Handshake duration: 1052.49 ms
Execution 123 - TLS Single
s_connection: verify depth is 1
Handshake duration: 217.47 ms
Execution 124 - TLS Single
s_connection: verify depth is 1
Handshake duration: 3141.15 ms
Execution 125 - TLS Single
s_connection: verify depth is 1
Handshake duration: 8.64 ms
