Handshake timeout budget: 150s (identique TLS/QUIC)
Applying netem rules to lo...
Showing qdisc status for the interface: lo
qdisc netem 877a: root refcnt 2 limit 1000 seed 489969523765540846
 Sent 0 bytes 0 pkt (dropped 0, overlimits 0 requeues 0) 
 backlog 0b 0p requeues 0
Running ./perftestClientTlsQuic.sh with SIG_ALG=secp521r1 and KEM_ALG=P-521
Execution 1 - TLS Single
s_connection: verify depth is 1
Handshake duration: 4.34 ms
Execution 2 - TLS Single
s_connection: verify depth is 1
Handshake duration: 1886.31 ms
Execution 3 - TLS Single
s_connection: verify depth is 1
Handshake duration: 4087.59 ms
Execution 4 - TLS Single
s_connection: verify depth is 1
Handshake duration: 4.02 ms
Execution 5 - TLS Single
s_connection: verify depth is 1
Handshake duration: 3.75 ms
Execution 6 - TLS Single
s_connection: verify depth is 1
Handshake duration: 3.87 ms
Execution 7 - TLS Single
s_connection: verify depth is 1
Handshake duration: 1047.44 ms
Execution 8 - TLS Single
s_connection: verify depth is 1
Handshake duration: 7.52 ms
Execution 9 - TLS Single
s_connection: verify depth is 1
Handshake duration: 5.00 ms
Execution 10 - TLS Single
s_connection: verify depth is 1
Handshake duration: 4.97 ms
Execution 11 - TLS Single
s_connection: verify depth is 1
Handshake duration: 1062.81 ms
Execution 12 - TLS Single
s_connection: verify depth is 1
Handshake duration: 213.86 ms
Execution 13 - TLS Single
s_connection: verify depth is 1
Handshake duration: 4.78 ms
Execution 14 - TLS Single
s_connection: verify depth is 1
Handshake duration: 1010.70 ms
Execution 15 - TLS Single
s_connection: verify depth is 1
Handshake duration: 4.62 ms
Execution 16 - TLS Single
s_connection: verify depth is 1
Handshake duration: 4.63 ms
Execution 17 - TLS Single
s_connection: verify depth is 1
Handshake duration: 1047.52 ms
Execution 18 - TLS Single
s_connection: verify depth is 1
Handshake duration: 5.50 ms
Execution 19 - TLS Single
s_connection: verify depth is 1
Handshake duration: 5.51 ms
Execution 20 - TLS Single
s_connection: verify depth is 1
Handshake duration: 5.37 ms
Execution 21 - TLS Single
s_connection: verify depth is 1
Handshake duration: 1017.33 ms
Execution 22 - TLS Single
s_connection: verify depth is 1
Handshake duration: 7.30 ms
Execution 23 - TLS Single
s_connection: verify depth is 1
Handshake duration: 214.02 ms
Execution 24 - TLS Single
s_connection: verify depth is 1
Handshake duration: 1053.83 ms
Execution 25 - TLS Single
s_connection: verify depth is 1
Handshake duration: 7.06 ms
Execution 26 - TLS Single
s_connection: verify depth is 1
Handshake duration: 5.88 ms
Execution 27 - TLS Single
s_connection: verify depth is 1
Handshake duration: 4103.95 ms
Execution 28 - TLS Single
s_connection: verify depth is 1
Handshake duration: 1010.55 ms
Execution 29 - TLS Single
s_connection: verify depth is 1
Handshake duration: 6.98 ms
Execution 30 - TLS Single
s_connection: verify depth is 1
Handshake duration: 5.55 ms
Execution 31 - TLS Single
s_connection: verify depth is 1
Handshake duration: 4.28 ms
Execution 32 - TLS Single
s_connection: verify depth is 1
Handshake duration: 4.27 ms
Execution 33 - TLS Single
s_connection: verify depth is 1
Handshake duration: 4.31 ms
Execution 34 - TLS Single
s_connection: verify depth is 1
Handshake duration: 4.24 ms
Execution 35 - TLS Single
s_connection: verify depth is 1
Handshake duration: 212.62 ms
Execution 36 - TLS Single
s_connection: verify depth is 1
Handshake duration: 221.41 ms
Execution 37 - TLS Single
s_connection: verify depth is 1
Handshake duration: 214.93 ms
Execution 38 - TLS Single
s_connection: verify depth is 1
Handshake duration: 1216.08 ms
Execution 39 - TLS Single
s_connection: verify depth is 1
Handshake duration: 5.17 ms
Execution 40 - TLS Single
s_connection: verify depth is 1
Handshake duration: 218.75 ms
Execution 41 - TLS Single
s_connection: verify depth is 1
Handshake duration: 7.32 ms
Execution 42 - TLS Single
s_connection: verify depth is 1
Handshake duration: 4.96 ms
Execution 43 - TLS Single
s_connection: verify depth is 1
Handshake duration: 5.00 ms
Execution 44 - TLS Single
s_connection: verify depth is 1
Handshake duration: 1263.65 ms
Execution 45 - TLS Single
s_connection: verify depth is 1
Handshake duration: 1053.97 ms
Execution 46 - TLS Single
s_connection: verify depth is 1
Handshake duration: 426.19 ms
Execution 47 - TLS Single
s_connection: verify depth is 1
Handshake duration: 222.09 ms
Execution 48 - TLS Single
s_connection: verify depth is 1
Handshake duration: 1018.64 ms
Execution 49 - TLS Single
s_connection: verify depth is 1
Handshake duration: 215.26 ms
Execution 50 - TLS Single
s_connection: verify depth is 1
Handshake duration: 4.98 ms
Execution 51 - TLS Single
s_connection: verify depth is 1
Handshake duration: 4.33 ms
Execution 52 - TLS Single
s_connection: verify depth is 1
Handshake duration: 4.17 ms
Execution 53 - TLS Single
s_connection: verify depth is 1
Handshake duration: 4.25 ms
Execution 54 - TLS Single
s_connection: verify depth is 1
Handshake duration: 4.38 ms
Execution 55 - TLS Single
s_connection: verify depth is 1
Handshake duration: 5.19 ms
Execution 56 - TLS Single
s_connection: verify depth is 1
Handshake duration: 4.53 ms
Execution 57 - TLS Single
s_connection: verify depth is 1
Handshake duration: 4.26 ms
Execution 58 - TLS Single
s_connection: verify depth is 1
Handshake duration: 3.95 ms
Execution 59 - TLS Single
s_connection: verify depth is 1
Handshake duration: 1228.67 ms
Execution 60 - TLS Single
s_connection: verify depth is 1
Handshake duration: 4.77 ms
Execution 61 - TLS Single
s_connection: verify depth is 1
Handshake duration: 213.74 ms
Execution 62 - TLS Single
s_connection: verify depth is 1
Handshake duration: 10.97 ms
Execution 63 - TLS Single
s_connection: verify depth is 1
Handshake duration: 1024.85 ms
Execution 64 - TLS Single
s_connection: verify depth is 1
Handshake duration: 4.21 ms
Execution 65 - TLS Single
s_connection: verify depth is 1
Handshake duration: 218.21 ms
Execution 66 - TLS Single
s_connection: verify depth is 1
Handshake duration: 417.56 ms
Execution 67 - TLS Single
s_connection: verify depth is 1
Handshake duration: 212.17 ms
Execution 68 - TLS Single
s_connection: verify depth is 1
Handshake duration: 7.68 ms
Execution 69 - TLS Single
s_connection: verify depth is 1
Handshake duration: 4.76 ms
Execution 70 - TLS Single
s_connection: verify depth is 1
Handshake duration: 4.27 ms
Execution 71 - TLS Single
s_connection: verify depth is 1
Handshake duration: 4.49 ms
Execution 72 - TLS Single
s_connection: verify depth is 1
Handshake duration: 1252.10 ms
Execution 73 - TLS Single
s_connection: verify depth is 1
Handshake duration: 7.54 ms
Execution 74 - TLS Single
s_connection: verify depth is 1
Handshake duration: 1038.23 ms
Execution 75 - TLS Single
s_connection: verify depth is 1
Handshake duration: 4.91 ms
Execution 76 - TLS Single
s_connection: verify depth is 1
Handshake duration: 4.47 ms
Execution 77 - TLS Single
s_connection: verify depth is 1
Handshake duration: 1035.80 ms
Execution 78 - TLS Single
s_connection: verify depth is 1
Handshake duration: 215.57 ms
Execution 79 - TLS Single
s_connection: verify depth is 1
Handshake duration: 8.00 ms
Execution 80 - TLS Single
s_connection: verify depth is 1
Handshake duration: 219.24 ms
Execution 81 - TLS Single
s_connection: verify depth is 1
Handshake duration: 17.19 ms
Execution 82 - TLS Single
s_connection: verify depth is 1
Handshake duration: 7.37 ms
Execution 83 - TLS Single
s_connection: verify depth is 1
Handshake duration: 6.12 ms
Execution 84 - TLS Single
s_connection: verify depth is 1
Handshake duration: 4.50 ms
Execution 85 - TLS Single
s_connection: verify depth is 1
Handshake duration: 212.57 ms
Execution 86 - TLS Single
s_connection: verify depth is 1
Handshake duration: 14.10 ms
Execution 87 - TLS Single
s_connection: verify depth is 1
Handshake duration: 7.45 ms
Execution 88 - TLS Single
s_connection: verify depth is 1
Handshake duration: 1047.27 ms
Execution 89 - TLS Single
s_connection: verify depth is 1
Handshake duration: 4.58 ms
Execution 90 - TLS Single
s_connection: verify depth is 1
Handshake duration: 4.41 ms
Execution 91 - TLS Single
s_connection: verify depth is 1
Handshake duration: 4.30 ms
Execution 92 - TLS Single
s_connection: verify depth is 1
Handshake duration: 4.18 ms
Execution 93 - TLS Single
s_connection: verify depth is 1
Handshake duration: 4.16 ms
Execution 94 - TLS Single
s_connection: verify depth is 1
Handshake duration: 1059.48 ms
Execution 95 - TLS Single
s_connection: verify depth is 1
Handshake duration: 4.62 ms
Execution 96 - TLS Single
s_connection: verify depth is 1
Handshake duration: 4.42 ms
Execution 97 - TLS Single
s_connection: verify depth is 1
Handshake duration: 4.32 ms
Execution 98 - TLS Single
s_connection: verify depth is 1
Handshake duration: 418.42 ms
Execution 99 - TLS Single
s_connection: verify depth is 1
Handshake duration: 1046.87 ms
Execution 100 - TLS Single
s_connection: verify depth is 1
Handshake duration: 4.88 ms
Execution 101 - TLS Single
s_connection: verify depth is 1
Handshake duration: 4.96 ms
Execution 102 - TLS Single
s_connection: verify depth is 1
Handshake duration: 211.92 ms
Execution 103 - TLS Single
s_connection: verify depth is 1
Handshake duration: 6.58 ms
Execution 104 - TLS Single
s_connection: verify depth is 1
Handshake duration: 5.53 ms
Execution 105 - TLS Single
s_connection: verify depth is 1
Handshake duration: 4.01 ms
Execution 106 - TLS Single
s_connection: verify depth is 1
Handshake duration: 4.10 ms
Execution 107 - TLS Single
s_connection: verify depth is 1
Handshake duration: 423.81 ms
Execution 108 - TLS Single
s_connection: verify depth is 1
Handshake duration: 5.10 ms
Execution 109 - TLS Single
s_connection: verify depth is 1
Handshake duration: 1265.22 ms
Execution 110 - TLS Single
s_connection: verify depth is 1
Handshake duration: 5.96 ms
Execution 111 - TLS Single
s_connection: verify depth is 1
Handshake duration: 5.01 ms
Execution 112 - TLS Single
s_connection: verify depth is 1
Handshake duration: 216.82 ms
Execution 113 - TLS Single
s_connection: verify depth is 1
Handshake duration: 4.73 ms
Execution 114 - TLS Single
s_connection: verify depth is 1
Handshake duration: 4.51 ms
Execution 115 - TLS Single
s_connection: verify depth is 1
Handshake duration: 212.84 ms
Execution 116 - TLS Single
s_connection: verify depth is 1
Handshake duration: 1035.48 ms
Execution 117 - TLS Single
s_connection: verify depth is 1
Handshake duration: 2096.15 ms
Execution 118 - TLS Single
s_connection: verify depth is 1
Handshake duration: 423.09 ms
Execution 119 - TLS Single
s_connection: verify depth is 1
Handshake duration: 14.28 ms
Execution 120 - TLS Single
s_connection: verify depth is 1
Handshake duration: 7.66 ms
Execution 121 - TLS Single
s_connection: verify depth is 1
Handshake duration: 7.31 ms
Execution 122 - TLS Single
s_connection: verify depth is 1
Handshake duration: 6.06 ms
Execution 123 - TLS Single
s_connection: verify depth is 1
Handshake duration: 1027.18 ms
Execution 124 - TLS Single
s_connection: verify depth is 1
Handshake duration: 4.65 ms
Execution 125 - TLS Single
s_connection: verify depth is 1
Handshake duration: 1059.26 ms
