Handshake timeout budget: 150s (identique TLS/QUIC)
Applying netem rules to lo...
Showing qdisc status for the interface: lo
qdisc netem 9b5a: root refcnt 2 limit 1000 seed 16967395508018737363
 Sent 0 bytes 0 pkt (dropped 0, overlimits 0 requeues 0) 
 backlog 0b 0p requeues 0
Running ./perftestClientTlsQuic.sh with SIG_ALG=secp521r1 and KEM_ALG=p521_mlkem1024
Execution 1 - TLS Single
s_connection: verify depth is 1
Handshake duration: 12.49 ms
Execution 2 - TLS Single
s_connection: verify depth is 1
Handshake duration: 1028.21 ms
Execution 3 - TLS Single
s_connection: verify depth is 1
Handshake duration: 1070.25 ms
Execution 4 - TLS Single
s_connection: verify depth is 1
Handshake duration: 14.09 ms
Execution 5 - TLS Single
s_connection: verify depth is 1
Handshake duration: 12.04 ms
Execution 6 - TLS Single
s_connection: verify depth is 1
Handshake duration: 2260.25 ms
Execution 7 - TLS Single
s_connection: verify depth is 1
Handshake duration: 11.68 ms
Execution 8 - TLS Single
s_connection: verify depth is 1
Handshake duration: 11.17 ms
Execution 9 - TLS Single
s_connection: verify depth is 1
Handshake duration: 10.36 ms
Execution 10 - TLS Single
s_connection: verify depth is 1
Handshake duration: 10.52 ms
Execution 11 - TLS Single
s_connection: verify depth is 1
Handshake duration: 10.42 ms
Execution 12 - TLS Single
s_connection: verify depth is 1
Handshake duration: 10.80 ms
Execution 13 - TLS Single
s_connection: verify depth is 1
Handshake duration: 10.07 ms
Execution 14 - TLS Single
s_connection: verify depth is 1
Handshake duration: 9.87 ms
Execution 15 - TLS Single
s_connection: verify depth is 1
Handshake duration: 1061.79 ms
Execution 16 - TLS Single
s_connection: verify depth is 1
Handshake duration: 12.40 ms
Execution 17 - TLS Single
s_connection: verify depth is 1
Handshake duration: 12.20 ms
Execution 18 - TLS Single
s_connection: verify depth is 1
Handshake duration: 1450.20 ms
Execution 19 - TLS Single
s_connection: verify depth is 1
Handshake duration: 16.40 ms
Execution 20 - TLS Single
s_connection: verify depth is 1
Handshake duration: 11.64 ms
Execution 21 - TLS Single
s_connection: verify depth is 1
Handshake duration: 10.73 ms
Execution 22 - TLS Single
s_connection: verify depth is 1
Handshake duration: 1076.53 ms
Execution 23 - TLS Single
s_connection: verify depth is 1
Handshake duration: 24.07 ms
Execution 24 - TLS Single
s_connection: verify depth is 1
Handshake duration: 20.67 ms
Execution 25 - TLS Single
s_connection: verify depth is 1
Handshake duration: 11.92 ms
Execution 26 - TLS Single
s_connection: verify depth is 1
Handshake duration: 1033.33 ms
Execution 27 - TLS Single
s_connection: verify depth is 1
Handshake duration: 12.08 ms
Execution 28 - TLS Single
s_connection: verify depth is 1
Handshake duration: 10.13 ms
Execution 29 - TLS Single
s_connection: verify depth is 1
Handshake duration: 434.10 ms
Execution 30 - TLS Single
s_connection: verify depth is 1
Handshake duration: 12.02 ms
Execution 31 - TLS Single
s_connection: verify depth is 1
Handshake duration: 11.40 ms
Execution 32 - TLS Single
s_connection: verify depth is 1
Handshake duration: 9.88 ms
Execution 33 - TLS Single
s_connection: verify depth is 1
Handshake duration: 10.49 ms
Execution 34 - TLS Single
s_connection: verify depth is 1
Handshake duration: 223.60 ms
Execution 35 - TLS Single
s_connection: verify depth is 1
Handshake duration: 11.02 ms
Execution 36 - TLS Single
s_connection: verify depth is 1
Handshake duration: 10.18 ms
Execution 37 - TLS Single
s_connection: verify depth is 1
Handshake duration: 229.09 ms
Execution 38 - TLS Single
s_connection: verify depth is 1
Handshake duration: 20.02 ms
Execution 39 - TLS Single
s_connection: verify depth is 1
Handshake duration: 10.48 ms
Execution 40 - TLS Single
s_connection: verify depth is 1
Handshake duration: 10.56 ms
Execution 41 - TLS Single
s_connection: verify depth is 1
Handshake duration: 9.92 ms
Execution 42 - TLS Single
s_connection: verify depth is 1
Handshake duration: 10.72 ms
Execution 43 - TLS Single
s_connection: verify depth is 1
Handshake duration: 11.52 ms
Execution 44 - TLS Single
s_connection: verify depth is 1
Handshake duration: 15.03 ms
Execution 45 - TLS Single
s_connection: verify depth is 1
Handshake duration: 1268.31 ms
Execution 46 - TLS Single
s_connection: verify depth is 1
Handshake duration: 1465.12 ms
Execution 47 - TLS Single
s_connection: verify depth is 1
Handshake duration: 12.30 ms
Execution 48 - TLS Single
s_connection: verify depth is 1
Handshake duration: 15.80 ms
Execution 49 - TLS Single
s_connection: verify depth is 1
Handshake duration: 10.85 ms
Execution 50 - TLS Single
s_connection: verify depth is 1
Handshake duration: 229.37 ms
Execution 51 - TLS Single
s_connection: verify depth is 1
Handshake duration: 635.21 ms
Execution 52 - TLS Single
s_connection: verify depth is 1
Handshake duration: 230.03 ms
Execution 53 - TLS Single
s_connection: verify depth is 1
Handshake duration: 11.18 ms
Execution 54 - TLS Single
s_connection: verify depth is 1
Handshake duration: 10.61 ms
Execution 55 - TLS Single
s_connection: verify depth is 1
Handshake duration: 11.46 ms
Execution 56 - TLS Single
s_connection: verify depth is 1
Handshake duration: 10.93 ms
Execution 57 - TLS Single
s_connection: verify depth is 1
Handshake duration: 9.95 ms
Execution 58 - TLS Single
s_connection: verify depth is 1
Handshake duration: 10.72 ms
Execution 59 - TLS Single
s_connection: verify depth is 1
Handshake duration: 232.69 ms
Execution 60 - TLS Single
s_connection: verify depth is 1
Handshake duration: 11.25 ms
Execution 61 - TLS Single
s_connection: verify depth is 1
Handshake duration: 10.30 ms
Execution 62 - TLS Single
s_connection: verify depth is 1
Handshake duration: 10.85 ms
Execution 63 - TLS Single
s_connection: verify depth is 1
Handshake duration: 1057.79 ms
Execution 64 - TLS Single
s_connection: verify depth is 1
Handshake duration: 844.71 ms
Execution 65 - TLS Single
s_connection: verify depth is 1
Handshake duration: 19.46 ms
Execution 66 - TLS Single
s_connection: verify depth is 1
Handshake duration: 10.96 ms
Execution 67 - TLS Single
s_connection: verify depth is 1
Handshake duration: 10.55 ms
Execution 68 - TLS Single
s_connection: verify depth is 1
Handshake duration: 9.97 ms
Execution 69 - TLS Single
s_connection: verify depth is 1
Handshake duration: 1088.46 ms
Execution 70 - TLS Single
s_connection: verify depth is 1
Handshake duration: 232.36 ms
Execution 71 - TLS Single
s_connection: verify depth is 1
Handshake duration: 11.46 ms
Execution 72 - TLS Single
s_connection: verify depth is 1
Handshake duration: 10.19 ms
Execution 73 - TLS Single
s_connection: verify depth is 1
Handshake duration: 14.95 ms
Execution 74 - TLS Single
s_connection: verify depth is 1
Handshake duration: 10.24 ms
Execution 75 - TLS Single
s_connection: verify depth is 1
Handshake duration: 10.11 ms
Execution 76 - TLS Single
s_connection: verify depth is 1
Handshake duration: 10.38 ms
Execution 77 - TLS Single
s_connection: verify depth is 1
Handshake duration: 1464.77 ms
Execution 78 - TLS Single
s_connection: verify depth is 1
Handshake duration: 1248.61 ms
Execution 79 - TLS Single
s_connection: verify depth is 1
Handshake duration: 1264.91 ms
Execution 80 - TLS Single
s_connection: verify depth is 1
Handshake duration: 12.24 ms
Execution 81 - TLS Single
s_connection: verify depth is 1
Handshake duration: 11.27 ms
Execution 82 - TLS Single
s_connection: verify depth is 1
Handshake duration: 634.61 ms
Execution 83 - TLS Single
s_connection: verify depth is 1
Handshake duration: 14.20 ms
Execution 84 - TLS Single
s_connection: verify depth is 1
Handshake duration: 14.64 ms
Execution 85 - TLS Single
s_connection: verify depth is 1
Handshake duration: 10.27 ms
Execution 86 - TLS Single
s_connection: verify depth is 1
Handshake duration: 9.95 ms
Execution 87 - TLS Single
s_connection: verify depth is 1
Handshake duration: 1681.94 ms
Execution 88 - TLS Single
s_connection: verify depth is 1
Handshake duration: 17.30 ms
Execution 89 - TLS Single
s_connection: verify depth is 1
Handshake duration: 1243.25 ms
Execution 90 - TLS Single
s_connection: verify depth is 1
Handshake duration: 11.16 ms
Execution 91 - TLS Single
s_connection: verify depth is 1
Handshake duration: 1019.63 ms
Execution 92 - TLS Single
s_connection: verify depth is 1
Handshake duration: 14.16 ms
Execution 93 - TLS Single
s_connection: verify depth is 1
Handshake duration: 230.90 ms
Execution 94 - TLS Single
s_connection: verify depth is 1
Handshake duration: 19.75 ms
Execution 95 - TLS Single
s_connection: verify depth is 1
Handshake duration: 10.33 ms
Execution 96 - TLS Single
s_connection: verify depth is 1
Handshake duration: 10.97 ms
Execution 97 - TLS Single
s_connection: verify depth is 1
Handshake duration: 11.40 ms
Execution 98 - TLS Single
s_connection: verify depth is 1
Handshake duration: 11.00 ms
Execution 99 - TLS Single
s_connection: verify depth is 1
Handshake duration: 11.36 ms
Execution 100 - TLS Single
s_connection: verify depth is 1
Handshake duration: 10.33 ms
Execution 101 - TLS Single
s_connection: verify depth is 1
Handshake duration: 10.12 ms
Execution 102 - TLS Single
s_connection: verify depth is 1
Handshake duration: 10.77 ms
Execution 103 - TLS Single
s_connection: verify depth is 1
Handshake duration: 234.27 ms
Execution 104 - TLS Single
s_connection: verify depth is 1
Handshake duration: 1068.62 ms
Execution 105 - TLS Single
s_connection: verify depth is 1
Handshake duration: 1285.41 ms
Execution 106 - TLS Single
s_connection: verify depth is 1
Handshake duration: 14.16 ms
Execution 107 - TLS Single
s_connection: verify depth is 1
Handshake duration: 19.42 ms
Execution 108 - TLS Single
s_connection: verify depth is 1
Handshake duration: 12.26 ms
Execution 109 - TLS Single
s_connection: verify depth is 1
Handshake duration: 10.21 ms
Execution 110 - TLS Single
s_connection: verify depth is 1
Handshake duration: 228.03 ms
Execution 111 - TLS Single
s_connection: verify depth is 1
Handshake duration: 11.55 ms
Execution 112 - TLS Single
s_connection: verify depth is 1
Handshake duration: 10.85 ms
Execution 113 - TLS Single
s_connection: verify depth is 1
Handshake duration: 2067.66 ms
Execution 114 - TLS Single
s_connection: verify depth is 1
Handshake duration: 12.45 ms
Execution 115 - TLS Single
s_connection: verify depth is 1
Handshake duration: 12.45 ms
Execution 116 - TLS Single
s_connection: verify depth is 1
Handshake duration: 1016.94 ms
Execution 117 - TLS Single
s_connection: verify depth is 1
Handshake duration: 12.64 ms
Execution 118 - TLS Single
s_connection: verify depth is 1
Handshake duration: 12.61 ms
Execution 119 - TLS Single
s_connection: verify depth is 1
Handshake duration: 11.15 ms
Execution 120 - TLS Single
s_connection: verify depth is 1
Handshake duration: 10.45 ms
Execution 121 - TLS Single
s_connection: verify depth is 1
Handshake duration: 9.95 ms
Execution 122 - TLS Single
s_connection: verify depth is 1
Handshake duration: 10.49 ms
Execution 123 - TLS Single
s_connection: verify depth is 1
Handshake duration: 10.76 ms
Execution 124 - TLS Single
s_connection: verify depth is 1
Handshake duration: 10.60 ms
Execution 125 - TLS Single
s_connection: verify depth is 1
Handshake duration: 3068.80 ms
