Handshake timeout budget: 150s (identique TLS/QUIC)
Applying netem rules to lo...
Showing qdisc status for the interface: lo
qdisc netem 9c32: root refcnt 2 limit 1000 seed 2582179877250386948
 Sent 0 bytes 0 pkt (dropped 0, overlimits 0 requeues 0) 
 backlog 0b 0p requeues 0
Running ./perftestClientTlsQuic.sh with SIG_ALG=mldsa65 and KEM_ALG=p384_mlkem768
Execution 1 - QUIC Single
Handshake duration: 2007.74 ms
Execution 2 - QUIC Single
Handshake duration: 83.51 ms
Execution 3 - QUIC Single
Handshake duration: 11.29 ms
Execution 4 - QUIC Single
Handshake duration: 3031.25 ms
Execution 5 - QUIC Single
Handshake duration: 11.34 ms
Execution 6 - QUIC Single
Handshake duration: 11.34 ms
Execution 7 - QUIC Single
Handshake duration: 42.27 ms
Execution 8 - QUIC Single
Handshake duration: 13.72 ms
Execution 9 - QUIC Single
Handshake duration: 11.81 ms
Execution 10 - QUIC Single
Handshake duration: 13.42 ms
Execution 11 - QUIC Single
Handshake duration: 12.96 ms
Execution 12 - QUIC Single
Handshake duration: 2008.62 ms
Execution 13 - QUIC Single
Handshake duration: 12.91 ms
Execution 14 - QUIC Single
Handshake duration: 16.90 ms
Execution 15 - QUIC Single
Handshake duration: 12.89 ms
Execution 16 - QUIC Single
Handshake duration: 11.76 ms
Execution 17 - QUIC Single
Handshake duration: 73.03 ms
Execution 18 - QUIC Single
Handshake duration: 11.03 ms
Execution 19 - QUIC Single
Handshake duration: 4033.39 ms
Execution 20 - QUIC Single
Handshake duration: 11.03 ms
Execution 21 - QUIC Single
Handshake duration: 4142.08 ms
Execution 22 - QUIC Single
Handshake duration: 16.77 ms
Execution 23 - QUIC Single
Handshake duration: 4034.83 ms
Execution 24 - QUIC Single
Handshake duration: 41.94 ms
Execution 25 - QUIC Single
Handshake duration: 11.03 ms
Execution 26 - QUIC Single
Handshake duration: 11.61 ms
Execution 27 - QUIC Single
Handshake duration: 11.36 ms
Execution 28 - QUIC Single
Handshake duration: 16.45 ms
Execution 29 - QUIC Single
Handshake duration: 11.20 ms
Execution 30 - QUIC Single
Handshake duration: 13.44 ms
Execution 31 - QUIC Single
Handshake duration: 11.48 ms
Execution 32 - QUIC Single
Handshake duration: 11.38 ms
Execution 33 - QUIC Single
Handshake duration: 11.24 ms
Execution 34 - QUIC Single
Handshake duration: 41.84 ms
Execution 35 - QUIC Single
Handshake duration: 2031.99 ms
Execution 36 - QUIC Single
Handshake duration: 3014.70 ms
Execution 37 - QUIC Single
Handshake duration: 11.31 ms
Execution 38 - QUIC Single
Handshake duration: 11.85 ms
Execution 39 - QUIC Single
Handshake duration: 2032.52 ms
Execution 40 - QUIC Single
Handshake duration: 13.06 ms
Execution 41 - QUIC Single
Handshake duration: 16.45 ms
Execution 42 - QUIC Single
Handshake duration: 48.12 ms
Execution 43 - QUIC Single
Handshake duration: 11.27 ms
Execution 44 - QUIC Single
Handshake duration: 11.62 ms
Execution 45 - QUIC Single
Handshake duration: 11.09 ms
Execution 46 - QUIC Single
Handshake duration: 11.59 ms
Execution 47 - QUIC Single
Handshake duration: 11.17 ms
Execution 48 - QUIC Single
Handshake duration: 16.94 ms
Execution 49 - QUIC Single
Handshake duration: 2090.60 ms
Execution 50 - QUIC Single
Handshake duration: 2007.77 ms
Execution 51 - QUIC Single
Handshake duration: 11.80 ms
Execution 52 - QUIC Single
Handshake duration: 13.48 ms
Execution 53 - QUIC Single
Handshake duration: 11.59 ms
Execution 54 - QUIC Single
Handshake duration: 11.59 ms
Execution 55 - QUIC Single
Handshake duration: 100.69 ms
Execution 56 - QUIC Single
Handshake duration: 13.06 ms
Execution 57 - QUIC Single
Handshake duration: 13.28 ms
Execution 58 - QUIC Single
Handshake duration: 11.86 ms
Execution 59 - QUIC Single
Handshake duration: 11.08 ms
Execution 60 - QUIC Single
Handshake duration: 11.41 ms
Execution 61 - QUIC Single
Handshake duration: 11.05 ms
Execution 62 - QUIC Single
Handshake duration: 13.22 ms
Execution 63 - QUIC Single
Handshake duration: 220.84 ms
Execution 64 - QUIC Single
Handshake duration: 12.96 ms
Execution 65 - QUIC Single
Handshake duration: 2170.90 ms
Execution 66 - QUIC Single
Handshake duration: 11.18 ms
Execution 67 - QUIC Single
Handshake duration: 11.61 ms
Execution 68 - QUIC Single
Handshake duration: 13.09 ms
Execution 69 - QUIC Single
Handshake duration: 12.97 ms
Execution 70 - QUIC Single
Handshake duration: 2012.26 ms
Execution 71 - QUIC Single
Handshake duration: 41.83 ms
Execution 72 - QUIC Single
Handshake duration: 42.04 ms
Execution 73 - QUIC Single
Handshake duration: 2062.61 ms
Execution 74 - QUIC Single
Handshake duration: 11.05 ms
Execution 75 - QUIC Single
Handshake duration: 11.04 ms
Execution 76 - QUIC Single
Handshake duration: 42.24 ms
Execution 77 - QUIC Single
Handshake duration: 11.09 ms
Execution 78 - QUIC Single
Handshake duration: 102.16 ms
Execution 79 - QUIC Single
Handshake duration: 128.37 ms
Execution 80 - QUIC Single
Handshake duration: 11.29 ms
Execution 81 - QUIC Single
Handshake duration: 11.54 ms
Execution 82 - QUIC Single
Handshake duration: 11.37 ms
Execution 83 - QUIC Single
Handshake duration: 11.17 ms
Execution 84 - QUIC Single
Handshake duration: 41.79 ms
Execution 85 - QUIC Single
Handshake duration: 2007.80 ms
Execution 86 - QUIC Single
Handshake duration: 16.49 ms
Execution 87 - QUIC Single
Handshake duration: 42.25 ms
Execution 88 - QUIC Single
Handshake duration: 11.03 ms
Execution 89 - QUIC Single
Handshake duration: 10.94 ms
Execution 90 - QUIC Single
Handshake duration: 13.31 ms
Execution 91 - QUIC Single
Handshake duration: 16.59 ms
Execution 92 - QUIC Single
Handshake duration: 11.69 ms
Execution 93 - QUIC Single
Handshake duration: 3090.63 ms
Execution 94 - QUIC Single
Handshake duration: 11.12 ms
Execution 95 - QUIC Single
Handshake duration: 3113.05 ms
Execution 96 - QUIC Single
Handshake duration: 2033.93 ms
Execution 97 - QUIC Single
Handshake duration: 2088.25 ms
Execution 98 - QUIC Single
Handshake duration: 11.04 ms
Execution 99 - QUIC Single
Handshake duration: 11.72 ms
Execution 100 - QUIC Single
Handshake duration: 4833.10 ms
Execution 101 - QUIC Single
Handshake duration: 13.07 ms
Execution 102 - QUIC Single
Handshake duration: 12.44 ms
Execution 103 - QUIC Single
Handshake duration: 14.04 ms
Execution 104 - QUIC Single
Handshake duration: 11.11 ms
Execution 105 - QUIC Single
Handshake duration: 15.08 ms
Execution 106 - QUIC Single
Handshake duration: 3006.64 ms
Execution 107 - QUIC Single
Handshake duration: 11.19 ms
Execution 108 - QUIC Single
Handshake duration: 13.33 ms
Execution 109 - QUIC Single
Handshake duration: 40.66 ms
Execution 110 - QUIC Single
Handshake duration: 11.24 ms
Execution 111 - QUIC Single
Handshake duration: 3017.38 ms
Execution 112 - QUIC Single
Handshake duration: 11.66 ms
Execution 113 - QUIC Single
Handshake duration: 11.29 ms
Execution 114 - QUIC Single
Handshake duration: 3069.68 ms
Execution 115 - QUIC Single
Handshake duration: 11.09 ms
Execution 116 - QUIC Single
Handshake duration: 58.04 ms
Execution 117 - QUIC Single
Handshake duration: 11.01 ms
Execution 118 - QUIC Single
Handshake duration: 11.04 ms
Execution 119 - QUIC Single
Handshake duration: 11.05 ms
Execution 120 - QUIC Single
Handshake duration: 11.51 ms
Execution 121 - QUIC Single
Handshake duration: 11.04 ms
Execution 122 - QUIC Single
Handshake duration: 12.89 ms
Execution 123 - QUIC Single
Handshake duration: 11.16 ms
Execution 124 - QUIC Single
Handshake duration: 11.51 ms
Execution 125 - QUIC Single
Handshake duration: 2035.79 ms
