Handshake timeout budget: 150s (identique TLS/QUIC)
Applying netem rules to lo...
Showing qdisc status for the interface: lo
qdisc netem 88a6: root refcnt 2 limit 1000 seed 4880106207711202269
 Sent 0 bytes 0 pkt (dropped 0, overlimits 0 requeues 0) 
 backlog 0b 0p requeues 0
Running ./perftestClientTlsQuic.sh with SIG_ALG=mldsa65 and KEM_ALG=p384_hqc192
Execution 1 - QUIC Single
Handshake duration: 57.46 ms
Execution 2 - QUIC Single
Handshake duration: 441.62 ms
Execution 3 - QUIC Single
Handshake duration: 53.35 ms
Execution 4 - QUIC Single
Handshake duration: 139.19 ms
Execution 5 - QUIC Single
Handshake duration: 193.65 ms
Execution 6 - QUIC Single
Handshake duration: 57.14 ms
Execution 7 - QUIC Single
Handshake duration: 69.31 ms
Execution 8 - QUIC Single
Handshake duration: 205.62 ms
Execution 9 - QUIC Single
Handshake duration: 58.34 ms
Execution 10 - QUIC Single
Handshake duration: 53.08 ms
Execution 11 - QUIC Single
Handshake duration: 101.41 ms
Execution 12 - QUIC Single
Handshake duration: 93.66 ms
Execution 13 - QUIC Single
Handshake duration: 55.02 ms
Execution 14 - QUIC Single
Handshake duration: 137.24 ms
Execution 15 - QUIC Single
Handshake duration: 53.42 ms
Execution 16 - QUIC Single
Handshake duration: 121.63 ms
Execution 17 - QUIC Single
Handshake duration: 54.38 ms
Execution 18 - QUIC Single
Handshake duration: 53.60 ms
Execution 19 - QUIC Single
Handshake duration: 54.54 ms
Execution 20 - QUIC Single
Handshake duration: 53.26 ms
Execution 21 - QUIC Single
Handshake duration: 53.13 ms
Execution 22 - QUIC Single
Handshake duration: 199.47 ms
Execution 23 - QUIC Single
Handshake duration: 54.31 ms
Execution 24 - QUIC Single
Handshake duration: 3034.66 ms
Execution 25 - QUIC Single
Handshake duration: 63.60 ms
Execution 26 - QUIC Single
Handshake duration: 54.79 ms
Execution 27 - QUIC Single
Handshake duration: 53.43 ms
Execution 28 - QUIC Single
Handshake duration: 57.56 ms
Execution 29 - QUIC Single
Handshake duration: 54.83 ms
Execution 30 - QUIC Single
Handshake duration: 54.85 ms
Execution 31 - QUIC Single
Handshake duration: 53.13 ms
Execution 32 - QUIC Single
Handshake duration: 53.18 ms
Execution 33 - QUIC Single
Handshake duration: 53.44 ms
Execution 34 - QUIC Single
Handshake duration: 53.26 ms
Execution 35 - QUIC Single
Handshake duration: 54.43 ms
Execution 36 - QUIC Single
Handshake duration: 54.14 ms
Execution 37 - QUIC Single
Handshake duration: 265.05 ms
Execution 38 - QUIC Single
Handshake duration: 1035.91 ms
Execution 39 - QUIC Single
Handshake duration: 137.68 ms
Execution 40 - QUIC Single
Handshake duration: 54.72 ms
Execution 41 - QUIC Single
Handshake duration: 54.92 ms
Execution 42 - QUIC Single
Handshake duration: 54.61 ms
Execution 43 - QUIC Single
Handshake duration: 54.32 ms
Execution 44 - QUIC Single
Handshake duration: 136.74 ms
Execution 45 - QUIC Single
Handshake duration: 63.70 ms
Execution 46 - QUIC Single
Handshake duration: 53.20 ms
Execution 47 - QUIC Single
Handshake duration: 137.17 ms
Execution 48 - QUIC Single
Handshake duration: 53.36 ms
Execution 49 - QUIC Single
Handshake duration: 102.99 ms
Execution 50 - QUIC Single
Handshake duration: 137.47 ms
Execution 51 - QUIC Single
Handshake duration: 53.47 ms
Execution 52 - QUIC Single
Handshake duration: 317.70 ms
Execution 53 - QUIC Single
Handshake duration: 53.68 ms
Execution 54 - QUIC Single
Handshake duration: 54.36 ms
Execution 55 - QUIC Single
Handshake duration: 54.96 ms
Execution 56 - QUIC Single
Handshake duration: 55.01 ms
Execution 57 - QUIC Single
Handshake duration: 103.03 ms
Execution 58 - QUIC Single
Handshake duration: 1036.06 ms
Execution 59 - QUIC Single
Handshake duration: 137.08 ms
Execution 60 - QUIC Single
Handshake duration: 54.36 ms
Execution 61 - QUIC Single
Handshake duration: 111.20 ms
Execution 62 - QUIC Single
Handshake duration: 63.69 ms
Execution 63 - QUIC Single
Handshake duration: 65.27 ms
Execution 64 - QUIC Single
Handshake duration: 54.63 ms
Execution 65 - QUIC Single
Handshake duration: 54.84 ms
Execution 66 - QUIC Single
Handshake duration: 190.18 ms
Execution 67 - QUIC Single
Handshake duration: 53.51 ms
Execution 68 - QUIC Single
Handshake duration: 72.83 ms
Execution 69 - QUIC Single
Handshake duration: 165.55 ms
Execution 70 - QUIC Single
Handshake duration: 53.18 ms
Execution 71 - QUIC Single
Handshake duration: 53.36 ms
Execution 72 - QUIC Single
Handshake duration: 56.97 ms
Execution 73 - QUIC Single
Handshake duration: 767.83 ms
Execution 74 - QUIC Single
Handshake duration: 164.19 ms
Execution 75 - QUIC Single
Handshake duration: 68.37 ms
Execution 76 - QUIC Single
Handshake duration: 66.67 ms
Execution 77 - QUIC Single
Handshake duration: 70.68 ms
Execution 78 - QUIC Single
Handshake duration: 53.08 ms
Execution 79 - QUIC Single
Handshake duration: 104.52 ms
Execution 80 - QUIC Single
Handshake duration: 94.01 ms
Execution 81 - QUIC Single
Handshake duration: 53.41 ms
Execution 82 - QUIC Single
Handshake duration: 53.12 ms
Execution 83 - QUIC Single
Handshake duration: 293.15 ms
Execution 84 - QUIC Single
Handshake duration: 54.46 ms
Execution 85 - QUIC Single
Handshake duration: 61.01 ms
Execution 86 - QUIC Single
Handshake duration: 136.04 ms
Execution 87 - QUIC Single
Handshake duration: 69.42 ms
Execution 88 - QUIC Single
Handshake duration: 53.10 ms
Execution 89 - QUIC Single
Handshake duration: 53.09 ms
Execution 90 - QUIC Single
Handshake duration: 53.41 ms
Execution 91 - QUIC Single
Handshake duration: 72.86 ms
Execution 92 - QUIC Single
Handshake duration: 53.21 ms
Execution 93 - QUIC Single
Handshake duration: 64.33 ms
Execution 94 - QUIC Single
Handshake duration: 53.09 ms
Execution 95 - QUIC Single
Handshake duration: 62.08 ms
Execution 96 - QUIC Single
Handshake duration: 56.01 ms
Execution 97 - QUIC Single
Handshake duration: 53.31 ms
Execution 98 - QUIC Single
Handshake duration: 55.13 ms
Execution 99 - QUIC Single
Handshake duration: 54.55 ms
Execution 100 - QUIC Single
Handshake duration: 69.28 ms
Execution 101 - QUIC Single
Handshake duration: 263.97 ms
Execution 102 - QUIC Single
Handshake duration: 53.22 ms
Execution 103 - QUIC Single
Handshake duration: 77.60 ms
Execution 104 - QUIC Single
Handshake duration: 54.40 ms
Execution 105 - QUIC Single
Handshake duration: 1140.49 ms
Execution 106 - QUIC Single
Handshake duration: 67.28 ms
Execution 107 - QUIC Single
Handshake duration: 54.36 ms
Execution 108 - QUIC Single
Handshake duration: 53.15 ms
Execution 109 - QUIC Single
Handshake duration: 53.27 ms
Execution 110 - QUIC Single
Handshake duration: 104.56 ms
Execution 111 - QUIC Single
Handshake duration: 52.91 ms
Execution 112 - QUIC Single
Handshake duration: 136.44 ms
Execution 113 - QUIC Single
Handshake duration: 283.74 ms
Execution 114 - QUIC Single
Handshake duration: 92.52 ms
Execution 115 - QUIC Single
Handshake duration: 732.96 ms
Execution 116 - QUIC Single
Handshake duration: 53.05 ms
Execution 117 - QUIC Single
Handshake duration: 137.19 ms
Execution 118 - QUIC Single
Handshake duration: 53.11 ms
Execution 119 - QUIC Single
Handshake duration: 54.97 ms
Execution 120 - QUIC Single
Handshake duration: 54.29 ms
Execution 121 - QUIC Single
Handshake duration: 54.99 ms
Execution 122 - QUIC Single
Handshake duration: 53.31 ms
Execution 123 - QUIC Single
Handshake duration: 57.83 ms
Execution 124 - QUIC Single
Handshake duration: 53.18 ms
Execution 125 - QUIC Single
Handshake duration: 53.02 ms
