Handshake timeout budget: 150s (identique TLS/QUIC)
Applying netem rules to lo...
Showing qdisc status for the interface: lo
qdisc netem 88dc: root refcnt 2 limit 1000 seed 7949536654485799960
 Sent 0 bytes 0 pkt (dropped 0, overlimits 0 requeues 0) 
 backlog 0b 0p requeues 0
Running ./perftestClientTlsQuic.sh with SIG_ALG=mldsa87 and KEM_ALG=p521_hqc256
Execution 1 - QUIC Single
Handshake duration: 102.60 ms
Execution 2 - QUIC Single
Handshake duration: 87.97 ms
Execution 3 - QUIC Single
Handshake duration: 88.58 ms
Execution 4 - QUIC Single
Handshake duration: 88.75 ms
Execution 5 - QUIC Single
Handshake duration: 147.66 ms
Execution 6 - QUIC Single
Handshake duration: 88.27 ms
Execution 7 - QUIC Single
Handshake duration: 88.77 ms
Execution 8 - QUIC Single
Handshake duration: 3088.65 ms
Execution 9 - QUIC Single
Handshake duration: 90.86 ms
Execution 10 - QUIC Single
Handshake duration: 96.67 ms
Execution 11 - QUIC Single
Handshake duration: 146.72 ms
Execution 12 - QUIC Single
Handshake duration: 251.35 ms
Execution 13 - QUIC Single
Handshake duration: 88.53 ms
Execution 14 - QUIC Single
Handshake duration: 88.04 ms
Execution 15 - QUIC Single
Handshake duration: 88.72 ms
Execution 16 - QUIC Single
Handshake duration: 88.63 ms
Execution 17 - QUIC Single
Handshake duration: 110.96 ms
Execution 18 - QUIC Single
Handshake duration: 116.25 ms
Execution 19 - QUIC Single
Handshake duration: 89.53 ms
Execution 20 - QUIC Single
Handshake duration: 88.64 ms
Execution 21 - QUIC Single
Handshake duration: 107.22 ms
Execution 22 - QUIC Single
Handshake duration: 285.50 ms
Execution 23 - QUIC Single
Handshake duration: 88.08 ms
Execution 24 - QUIC Single
Handshake duration: 87.74 ms
Execution 25 - QUIC Single
Handshake duration: 87.96 ms
Execution 26 - QUIC Single
Handshake duration: 88.18 ms
Execution 27 - QUIC Single
Handshake duration: 113.51 ms
Execution 28 - QUIC Single
Handshake duration: 88.54 ms
Execution 29 - QUIC Single
Handshake duration: 91.61 ms
Execution 30 - QUIC Single
Handshake duration: 107.07 ms
Execution 31 - QUIC Single
Handshake duration: 87.94 ms
Execution 32 - QUIC Single
Handshake duration: 95.52 ms
Execution 33 - QUIC Single
Handshake duration: 87.85 ms
Execution 34 - QUIC Single
Handshake duration: 93.26 ms
Execution 35 - QUIC Single
Handshake duration: 88.08 ms
Execution 36 - QUIC Single
Handshake duration: 106.08 ms
Execution 37 - QUIC Single
Handshake duration: 99.11 ms
Execution 38 - QUIC Single
Handshake duration: 88.26 ms
Execution 39 - QUIC Single
Handshake duration: 88.43 ms
Execution 40 - QUIC Single
Handshake duration: 87.85 ms
Execution 41 - QUIC Single
Handshake duration: 164.71 ms
Execution 42 - QUIC Single
Handshake duration: 1090.43 ms
Execution 43 - QUIC Single
Handshake duration: 331.24 ms
Execution 44 - QUIC Single
Handshake duration: 88.01 ms
Execution 45 - QUIC Single
Handshake duration: 184.43 ms
Execution 46 - QUIC Single
Handshake duration: 91.97 ms
Execution 47 - QUIC Single
Handshake duration: 87.97 ms
Execution 48 - QUIC Single
Handshake duration: 88.55 ms
Execution 49 - QUIC Single
Handshake duration: 88.52 ms
Execution 50 - QUIC Single
Handshake duration: 87.90 ms
Execution 51 - QUIC Single
Handshake duration: 87.75 ms
Execution 52 - QUIC Single
Handshake duration: 1168.75 ms
Execution 53 - QUIC Single
Handshake duration: 1063.00 ms
Execution 54 - QUIC Single
Handshake duration: 1274.95 ms
Execution 55 - QUIC Single
Handshake duration: 88.60 ms
Execution 56 - QUIC Single
Handshake duration: 1091.09 ms
Execution 57 - QUIC Single
Handshake duration: 110.74 ms
Execution 58 - QUIC Single
Handshake duration: 98.65 ms
Execution 59 - QUIC Single
Handshake duration: 203.53 ms
Execution 60 - QUIC Single
Handshake duration: 88.38 ms
Execution 61 - QUIC Single
Handshake duration: 110.31 ms
Execution 62 - QUIC Single
Handshake duration: 88.39 ms
Execution 63 - QUIC Single
Handshake duration: 95.92 ms
Execution 64 - QUIC Single
Handshake duration: 109.95 ms
Execution 65 - QUIC Single
Handshake duration: 88.00 ms
Execution 66 - QUIC Single
Handshake duration: 278.71 ms
Execution 67 - QUIC Single
Handshake duration: 89.47 ms
Execution 68 - QUIC Single
Handshake duration: 113.83 ms
Execution 69 - QUIC Single
Handshake duration: 147.45 ms
Execution 70 - QUIC Single
Handshake duration: 97.86 ms
Execution 71 - QUIC Single
Handshake duration: 101.74 ms
Execution 72 - QUIC Single
Handshake duration: 88.67 ms
Execution 73 - QUIC Single
Handshake duration: 88.99 ms
Execution 74 - QUIC Single
Handshake duration: 88.08 ms
Execution 75 - QUIC Single
Handshake duration: 117.08 ms
Execution 76 - QUIC Single
Handshake duration: 1074.73 ms
Execution 77 - QUIC Single
Handshake duration: 88.11 ms
Execution 78 - QUIC Single
Handshake duration: 88.12 ms
Execution 79 - QUIC Single
Handshake duration: 119.78 ms
Execution 80 - QUIC Single
Handshake duration: 88.00 ms
Execution 81 - QUIC Single
Handshake duration: 87.96 ms
Execution 82 - QUIC Single
Handshake duration: 88.65 ms
Execution 83 - QUIC Single
Handshake duration: 88.31 ms
Execution 84 - QUIC Single
Handshake duration: 88.22 ms
Execution 85 - QUIC Single
Handshake duration: 578.68 ms
Execution 86 - QUIC Single
Handshake duration: 88.13 ms
Execution 87 - QUIC Single
Handshake duration: 3167.70 ms
Execution 88 - QUIC Single
Handshake duration: 88.24 ms
Execution 89 - QUIC Single
Handshake duration: 98.54 ms
Execution 90 - QUIC Single
Handshake duration: 1173.06 ms
Execution 91 - QUIC Single
Handshake duration: 88.36 ms
Execution 92 - QUIC Single
Handshake duration: 179.53 ms
Execution 93 - QUIC Single
Handshake duration: 87.95 ms
Execution 94 - QUIC Single
Handshake duration: 87.96 ms
Execution 95 - QUIC Single
Handshake duration: 87.96 ms
Execution 96 - QUIC Single
Handshake duration: 98.55 ms
Execution 97 - QUIC Single
Handshake duration: 98.58 ms
Execution 98 - QUIC Single
Handshake duration: 88.61 ms
Execution 99 - QUIC Single
Handshake duration: 98.94 ms
Execution 100 - QUIC Single
Handshake duration: 88.27 ms
Execution 101 - QUIC Single
Handshake duration: 106.53 ms
Execution 102 - QUIC Single
Handshake duration: 99.64 ms
Execution 103 - QUIC Single
Handshake duration: 1067.58 ms
Execution 104 - QUIC Single
Handshake duration: 95.50 ms
Execution 105 - QUIC Single
Handshake duration: 88.31 ms
Execution 106 - QUIC Single
Handshake duration: 88.21 ms
Execution 107 - QUIC Single
Handshake duration: 88.56 ms
Execution 108 - QUIC Single
Handshake duration: 89.45 ms
Execution 109 - QUIC Single
Handshake duration: 88.15 ms
Execution 110 - QUIC Single
Handshake duration: 88.00 ms
Execution 111 - QUIC Single
Handshake duration: 88.61 ms
Execution 112 - QUIC Single
Handshake duration: 88.26 ms
Execution 113 - QUIC Single
Handshake duration: 87.70 ms
Execution 114 - QUIC Single
Handshake duration: 88.11 ms
Execution 115 - QUIC Single
Handshake duration: 1058.95 ms
Execution 116 - QUIC Single
Handshake duration: 97.98 ms
Execution 117 - QUIC Single
Handshake duration: 88.16 ms
Execution 118 - QUIC Single
Handshake duration: 3060.60 ms
Execution 119 - QUIC Single
Handshake duration: 115.78 ms
Execution 120 - QUIC Single
Handshake duration: 3218.11 ms
Execution 121 - QUIC Single
Handshake duration: 946.37 ms
Execution 122 - QUIC Single
Handshake duration: 87.80 ms
Execution 123 - QUIC Single
Handshake duration: 90.17 ms
Execution 124 - QUIC Single
Handshake duration: 88.47 ms
Execution 125 - QUIC Single
Handshake duration: 88.53 ms
