Handshake timeout budget: 150s (identique TLS/QUIC)
Applying netem rules to lo...
Showing qdisc status for the interface: lo
qdisc netem 9476: root refcnt 2 limit 1000 seed 2330714198891291102
 Sent 0 bytes 0 pkt (dropped 0, overlimits 0 requeues 0) 
 backlog 0b 0p requeues 0
Running ./perftestClientTlsQuic.sh with SIG_ALG=mldsa65 and KEM_ALG=p384_hqc192
Execution 1 - QUIC Single
Handshake duration: 57.34 ms
Execution 2 - QUIC Single
Handshake duration: 53.95 ms
Execution 3 - QUIC Single
Handshake duration: 101.99 ms
Execution 4 - QUIC Single
Handshake duration: 57.35 ms
Execution 5 - QUIC Single
Handshake duration: 53.36 ms
Execution 6 - QUIC Single
Handshake duration: 54.93 ms
Execution 7 - QUIC Single
Handshake duration: 53.47 ms
Execution 8 - QUIC Single
Handshake duration: 136.75 ms
Execution 9 - QUIC Single
Handshake duration: 62.85 ms
Execution 10 - QUIC Single
Handshake duration: 53.58 ms
Execution 11 - QUIC Single
Handshake duration: 167.80 ms
Execution 12 - QUIC Single
Handshake duration: 53.26 ms
Execution 13 - QUIC Single
Handshake duration: 58.35 ms
Execution 14 - QUIC Single
Handshake duration: 72.62 ms
Execution 15 - QUIC Single
Handshake duration: 1052.42 ms
Execution 16 - QUIC Single
Handshake duration: 68.09 ms
Execution 17 - QUIC Single
Handshake duration: 53.62 ms
Execution 18 - QUIC Single
Handshake duration: 103.52 ms
Execution 19 - QUIC Single
Handshake duration: 54.89 ms
Execution 20 - QUIC Single
Handshake duration: 54.69 ms
Execution 21 - QUIC Single
Handshake duration: 1035.96 ms
Execution 22 - QUIC Single
Handshake duration: 58.16 ms
Execution 23 - QUIC Single
Handshake duration: 58.64 ms
Execution 24 - QUIC Single
Handshake duration: 54.45 ms
Execution 25 - QUIC Single
Handshake duration: 125.15 ms
Execution 26 - QUIC Single
Handshake duration: 54.41 ms
Execution 27 - QUIC Single
Handshake duration: 53.66 ms
Execution 28 - QUIC Single
Handshake duration: 72.79 ms
Execution 29 - QUIC Single
Handshake duration: 54.17 ms
Execution 30 - QUIC Single
Handshake duration: 55.11 ms
Execution 31 - QUIC Single
Handshake duration: 1143.11 ms
Execution 32 - QUIC Single
Handshake duration: 53.30 ms
Execution 33 - QUIC Single
Handshake duration: 83.50 ms
Execution 34 - QUIC Single
Handshake duration: 54.42 ms
Execution 35 - QUIC Single
Handshake duration: 54.36 ms
Execution 36 - QUIC Single
Handshake duration: 52.96 ms
Execution 37 - QUIC Single
Handshake duration: 54.39 ms
Execution 38 - QUIC Single
Handshake duration: 53.09 ms
Execution 39 - QUIC Single
Handshake duration: 54.99 ms
Execution 40 - QUIC Single
Handshake duration: 53.05 ms
Execution 41 - QUIC Single
Handshake duration: 54.87 ms
Execution 42 - QUIC Single
Handshake duration: 141.13 ms
Execution 43 - QUIC Single
Handshake duration: 54.18 ms
Execution 44 - QUIC Single
Handshake duration: 58.34 ms
Execution 45 - QUIC Single
Handshake duration: 179.88 ms
Execution 46 - QUIC Single
Handshake duration: 53.26 ms
Execution 47 - QUIC Single
Handshake duration: 54.24 ms
Execution 48 - QUIC Single
Handshake duration: 54.20 ms
Execution 49 - QUIC Single
Handshake duration: 65.67 ms
Execution 50 - QUIC Single
Handshake duration: 53.85 ms
Execution 51 - QUIC Single
Handshake duration: 77.21 ms
Execution 52 - QUIC Single
Handshake duration: 102.56 ms
Execution 53 - QUIC Single
Handshake duration: 710.49 ms
Execution 54 - QUIC Single
Handshake duration: 73.16 ms
Execution 55 - QUIC Single
Handshake duration: 54.49 ms
Execution 56 - QUIC Single
Handshake duration: 72.98 ms
Execution 57 - QUIC Single
Handshake duration: 137.35 ms
Execution 58 - QUIC Single
Handshake duration: 53.30 ms
Execution 59 - QUIC Single
Handshake duration: 137.16 ms
Execution 60 - QUIC Single
Handshake duration: 54.09 ms
Execution 61 - QUIC Single
Handshake duration: 66.31 ms
Execution 62 - QUIC Single
Handshake duration: 1035.82 ms
Execution 63 - QUIC Single
Handshake duration: 55.40 ms
Execution 64 - QUIC Single
Handshake duration: 54.12 ms
Execution 65 - QUIC Single
Handshake duration: 54.30 ms
Execution 66 - QUIC Single
Handshake duration: 53.95 ms
Execution 67 - QUIC Single
Handshake duration: 53.07 ms
Execution 68 - QUIC Single
Handshake duration: 1071.47 ms
Execution 69 - QUIC Single
Handshake duration: 54.36 ms
Execution 70 - QUIC Single
Handshake duration: 54.27 ms
Execution 71 - QUIC Single
Handshake duration: 53.08 ms
Execution 72 - QUIC Single
Handshake duration: 53.32 ms
Execution 73 - QUIC Single
Handshake duration: 53.19 ms
Execution 74 - QUIC Single
Handshake duration: 54.58 ms
Execution 75 - QUIC Single
Handshake duration: 64.09 ms
Execution 76 - QUIC Single
Handshake duration: 62.23 ms
Execution 77 - QUIC Single
Handshake duration: 105.96 ms
Execution 78 - QUIC Single
Handshake duration: 55.57 ms
Execution 79 - QUIC Single
Handshake duration: 245.77 ms
Execution 80 - QUIC Single
Handshake duration: 54.62 ms
Execution 81 - QUIC Single
Handshake duration: 65.78 ms
Execution 82 - QUIC Single
Handshake duration: 238.84 ms
Execution 83 - QUIC Single
Handshake duration: 92.84 ms
Execution 84 - QUIC Single
Handshake duration: 54.45 ms
Execution 85 - QUIC Single
Handshake duration: 101.25 ms
Execution 86 - QUIC Single
Handshake duration: 54.56 ms
Execution 87 - QUIC Single
Handshake duration: 102.87 ms
Execution 88 - QUIC Single
Handshake duration: 54.70 ms
Execution 89 - QUIC Single
Handshake duration: 54.18 ms
Execution 90 - QUIC Single
Handshake duration: 53.80 ms
Execution 91 - QUIC Single
Handshake duration: 54.70 ms
Execution 92 - QUIC Single
Handshake duration: 1061.09 ms
Execution 93 - QUIC Single
Handshake duration: 54.26 ms
Execution 94 - QUIC Single
Handshake duration: 99.74 ms
Execution 95 - QUIC Single
Handshake duration: 479.00 ms
Execution 96 - QUIC Single
Handshake duration: 54.54 ms
Execution 97 - QUIC Single
Handshake duration: 1068.96 ms
Execution 98 - QUIC Single
Handshake duration: 58.39 ms
Execution 99 - QUIC Single
Handshake duration: 54.08 ms
Execution 100 - QUIC Single
Handshake duration: 52.93 ms
Execution 101 - QUIC Single
Handshake duration: 92.69 ms
Execution 102 - QUIC Single
Handshake duration: 165.06 ms
Execution 103 - QUIC Single
Handshake duration: 3184.31 ms
Execution 104 - QUIC Single
Handshake duration: 53.28 ms
Execution 105 - QUIC Single
Handshake duration: 55.02 ms
Execution 106 - QUIC Single
Handshake duration: 1439.48 ms
Execution 107 - QUIC Single
Handshake duration: 102.45 ms
Execution 108 - QUIC Single
Handshake duration: 55.04 ms
Execution 109 - QUIC Single
Handshake duration: 67.05 ms
Execution 110 - QUIC Single
Handshake duration: 472.36 ms
Execution 111 - QUIC Single
Handshake duration: 54.70 ms
Execution 112 - QUIC Single
Handshake duration: 58.21 ms
Execution 113 - QUIC Single
Handshake duration: 122.77 ms
Execution 114 - QUIC Single
Handshake duration: 69.69 ms
Execution 115 - QUIC Single
Handshake duration: 53.26 ms
Execution 116 - QUIC Single
Handshake duration: 54.34 ms
Execution 117 - QUIC Single
Handshake duration: 54.31 ms
Execution 118 - QUIC Single
Handshake duration: 54.54 ms
Execution 119 - QUIC Single
Handshake duration: 55.22 ms
Execution 120 - QUIC Single
Handshake duration: 121.43 ms
Execution 121 - QUIC Single
Handshake duration: 116.60 ms
Execution 122 - QUIC Single
Handshake duration: 53.72 ms
Execution 123 - QUIC Single
Handshake duration: 53.40 ms
Execution 124 - QUIC Single
Handshake duration: 54.31 ms
Execution 125 - QUIC Single
Handshake duration: 55.75 ms
