Applying netem rules to lo...
Showing qdisc status for the interface: lo
qdisc netem 8513: root refcnt 2 limit 1000 seed 14028559085017042420
 Sent 0 bytes 0 pkt (dropped 0, overlimits 0 requeues 0) 
 backlog 0b 0p requeues 0
Running ./perftestClientTlsQuic.sh with SIG_ALG=mldsa65 and KEM_ALG=hqc192
Execution 1 - QUIC Single
Handshake duration: 611.40 ms
Execution 2 - QUIC Single
Handshake duration: 188.37 ms
Execution 3 - QUIC Single
Handshake duration: 558.70 ms
Execution 4 - QUIC Single
Handshake duration: 80.24 ms
Execution 5 - QUIC Single
Handshake duration: 69.20 ms
Execution 6 - QUIC Single
Handshake duration: 135.67 ms
Execution 7 - QUIC Single
Handshake duration: 72.27 ms
Execution 8 - QUIC Single
Handshake duration: 69.74 ms
Execution 9 - QUIC Single
Handshake duration: 91.97 ms
Execution 10 - QUIC Single
Handshake duration: 119.82 ms
Execution 11 - QUIC Single
Handshake duration: 122.98 ms
Execution 12 - QUIC Single
Handshake duration: 70.75 ms
Execution 13 - QUIC Single
Handshake duration: 114.20 ms
Execution 14 - QUIC Single
Handshake duration: 61.20 ms
Execution 15 - QUIC Single
Handshake duration: 66.40 ms
Execution 16 - QUIC Single
Handshake duration: 61.44 ms
Execution 17 - QUIC Single
Handshake duration: 62.59 ms
Execution 18 - QUIC Single
Handshake duration: 52.79 ms
Execution 19 - QUIC Single
Handshake duration: 93.00 ms
Execution 20 - QUIC Single
Handshake duration: 48.48 ms
Execution 21 - QUIC Single
Handshake duration: 115.28 ms
Execution 22 - QUIC Single
Handshake duration: 58.36 ms
Execution 23 - QUIC Single
Handshake duration: 64.03 ms
Execution 24 - QUIC Single
Handshake duration: 46.09 ms
Execution 25 - QUIC Single
Handshake duration: 101.25 ms
Execution 26 - QUIC Single
Handshake duration: 45.46 ms
Execution 27 - QUIC Single
Handshake duration: 45.43 ms
Execution 28 - QUIC Single
Handshake duration: 117.34 ms
Execution 29 - QUIC Single
Handshake duration: 96.36 ms
Execution 30 - QUIC Single
Handshake duration: 47.25 ms
Execution 31 - QUIC Single
Handshake duration: 60.85 ms
Execution 32 - QUIC Single
Handshake duration: 46.66 ms
Execution 33 - QUIC Single
Handshake duration: 46.58 ms
Execution 34 - QUIC Single
Handshake duration: 46.33 ms
Execution 35 - QUIC Single
Handshake duration: 45.85 ms
Execution 36 - QUIC Single
Handshake duration: 107.92 ms
Execution 37 - QUIC Single
Handshake duration: 47.59 ms
Execution 38 - QUIC Single
Handshake duration: 46.48 ms
Execution 39 - QUIC Single
Handshake duration: 46.50 ms
Execution 40 - QUIC Single
Handshake duration: 47.35 ms
Execution 41 - QUIC Single
Handshake duration: 47.07 ms
Execution 42 - QUIC Single
Handshake duration: 1072.90 ms
Execution 43 - QUIC Single
Handshake duration: 47.93 ms
Execution 44 - QUIC Single
Handshake duration: 45.90 ms
Execution 45 - QUIC Single
Handshake duration: 46.54 ms
Execution 46 - QUIC Single
Handshake duration: 46.30 ms
Execution 47 - QUIC Single
Handshake duration: 46.80 ms
Execution 48 - QUIC Single
Handshake duration: 62.64 ms
Execution 49 - QUIC Single
Handshake duration: 59.18 ms
Execution 50 - QUIC Single
Handshake duration: 45.18 ms
Execution 51 - QUIC Single
Handshake duration: 46.69 ms
Execution 52 - QUIC Single
Handshake duration: 48.63 ms
Execution 53 - QUIC Single
Handshake duration: 46.01 ms
Execution 54 - QUIC Single
Handshake duration: 1027.43 ms
Execution 55 - QUIC Single
Handshake duration: 47.18 ms
Execution 56 - QUIC Single
Handshake duration: 47.03 ms
Execution 57 - QUIC Single
Handshake duration: 46.48 ms
Execution 58 - QUIC Single
Handshake duration: 46.86 ms
Execution 59 - QUIC Single
Handshake duration: 1045.80 ms
Execution 60 - QUIC Single
Handshake duration: 177.31 ms
Execution 61 - QUIC Single
Handshake duration: 428.95 ms
Execution 62 - QUIC Single
Handshake duration: 96.72 ms
Execution 63 - QUIC Single
Handshake duration: 64.46 ms
Execution 64 - QUIC Single
Handshake duration: 94.20 ms
Execution 65 - QUIC Single
Handshake duration: 45.09 ms
Execution 66 - QUIC Single
Handshake duration: 45.36 ms
Execution 67 - QUIC Single
Handshake duration: 45.99 ms
Execution 68 - QUIC Single
Handshake duration: 48.48 ms
Execution 69 - QUIC Single
Handshake duration: 154.74 ms
Execution 70 - QUIC Single
Handshake duration: 60.90 ms
Execution 71 - QUIC Single
Handshake duration: 45.85 ms
Execution 72 - QUIC Single
Handshake duration: 45.86 ms
Execution 73 - QUIC Single
Handshake duration: 1047.14 ms
Execution 74 - QUIC Single
Handshake duration: 128.66 ms
Execution 75 - QUIC Single
Handshake duration: 184.44 ms
Execution 76 - QUIC Single
Handshake duration: 85.27 ms
Execution 77 - QUIC Single
Handshake duration: 137.14 ms
Execution 78 - QUIC Single
Handshake duration: 47.28 ms
Execution 79 - QUIC Single
Handshake duration: 59.33 ms
Execution 80 - QUIC Single
Handshake duration: 122.55 ms
Execution 81 - QUIC Single
Handshake duration: 48.40 ms
Execution 82 - QUIC Single
Handshake duration: 84.40 ms
Execution 83 - QUIC Single
Handshake duration: 45.65 ms
Execution 84 - QUIC Single
Handshake duration: 94.76 ms
Execution 85 - QUIC Single
Handshake duration: 45.58 ms
Execution 86 - QUIC Single
Handshake duration: 46.15 ms
Execution 87 - QUIC Single
Handshake duration: 60.00 ms
Execution 88 - QUIC Single
Handshake duration: 45.92 ms
Execution 89 - QUIC Single
Handshake duration: 47.71 ms
Execution 90 - QUIC Single
Handshake duration: 48.25 ms
Execution 91 - QUIC Single
Handshake duration: 54.92 ms
Execution 92 - QUIC Single
Handshake duration: 432.29 ms
Execution 93 - QUIC Single
Handshake duration: 58.72 ms
Execution 94 - QUIC Single
Handshake duration: 61.61 ms
Execution 95 - QUIC Single
Handshake duration: 94.31 ms
Execution 96 - QUIC Single
Handshake duration: 60.53 ms
Execution 97 - QUIC Single
Handshake duration: 45.02 ms
Execution 98 - QUIC Single
Handshake duration: 45.96 ms
Execution 99 - QUIC Single
Handshake duration: 66.51 ms
Execution 100 - QUIC Single
Handshake duration: 45.48 ms
Execution 101 - QUIC Single
Handshake duration: 47.99 ms
Execution 102 - QUIC Single
Handshake duration: 105.81 ms
Execution 103 - QUIC Single
Handshake duration: 63.51 ms
Execution 104 - QUIC Single
Handshake duration: 3028.45 ms
Execution 105 - QUIC Single
Handshake duration: 45.52 ms
Execution 106 - QUIC Single
Handshake duration: 534.77 ms
Execution 107 - QUIC Single
Handshake duration: 54.35 ms
Execution 108 - QUIC Single
Handshake duration: 1029.57 ms
Execution 109 - QUIC Single
Handshake duration: 49.77 ms
Execution 110 - QUIC Single
Handshake duration: 46.52 ms
Execution 111 - QUIC Single
Handshake duration: 48.19 ms
Execution 112 - QUIC Single
Handshake duration: 47.16 ms
Execution 113 - QUIC Single
Handshake duration: 57.00 ms
Execution 114 - QUIC Single
Handshake duration: 47.64 ms
Execution 115 - QUIC Single
Handshake duration: 45.59 ms
Execution 116 - QUIC Single
Handshake duration: 45.34 ms
Execution 117 - QUIC Single
Handshake duration: 46.80 ms
Execution 118 - QUIC Single
Handshake duration: 45.04 ms
Execution 119 - QUIC Single
Handshake duration: 112.34 ms
Execution 120 - QUIC Single
Handshake duration: 61.88 ms
Execution 121 - QUIC Single
Handshake duration: 153.30 ms
Execution 122 - QUIC Single
Handshake duration: 49.36 ms
Execution 123 - QUIC Single
Handshake duration: 49.66 ms
Execution 124 - QUIC Single
Handshake duration: 65.04 ms
Execution 125 - QUIC Single
Handshake duration: 1028.34 ms
Execution 126 - QUIC Single
Handshake duration: 46.99 ms
Execution 127 - QUIC Single
Handshake duration: 47.28 ms
Execution 128 - QUIC Single
Handshake duration: 62.69 ms
Execution 129 - QUIC Single
Handshake duration: 65.72 ms
Execution 130 - QUIC Single
Handshake duration: 45.76 ms
Execution 131 - QUIC Single
Handshake duration: 269.73 ms
Execution 132 - QUIC Single
Handshake duration: 93.97 ms
Execution 133 - QUIC Single
Handshake duration: 47.02 ms
Execution 134 - QUIC Single
Handshake duration: 46.59 ms
Execution 135 - QUIC Single
Handshake duration: 47.07 ms
Execution 136 - QUIC Single
Handshake duration: 128.76 ms
Execution 137 - QUIC Single
Handshake duration: 45.53 ms
Execution 138 - QUIC Single
Handshake duration: 45.03 ms
Execution 139 - QUIC Single
Handshake duration: 45.41 ms
Execution 140 - QUIC Single
Handshake duration: 61.92 ms
Execution 141 - QUIC Single
Handshake duration: 46.38 ms
Execution 142 - QUIC Single
Handshake duration: 45.65 ms
Execution 143 - QUIC Single
Handshake duration: 45.17 ms
Execution 144 - QUIC Single
Handshake duration: 46.89 ms
Execution 145 - QUIC Single
Handshake duration: 46.70 ms
Execution 146 - QUIC Single
Handshake duration: 46.12 ms
Execution 147 - QUIC Single
Handshake duration: 65.41 ms
Execution 148 - QUIC Single
Handshake duration: 188.78 ms
Execution 149 - QUIC Single
Handshake duration: 47.72 ms
Execution 150 - QUIC Single
Handshake duration: 45.19 ms
Execution 151 - QUIC Single
Handshake duration: 49.60 ms
Execution 152 - QUIC Single
Handshake duration: 44.84 ms
Execution 153 - QUIC Single
Handshake duration: 52.58 ms
Execution 154 - QUIC Single
Handshake duration: 47.51 ms
Execution 155 - QUIC Single
Handshake duration: 992.91 ms
Execution 156 - QUIC Single
Handshake duration: 46.12 ms
Execution 157 - QUIC Single
Handshake duration: 46.82 ms
Execution 158 - QUIC Single
Handshake duration: 47.12 ms
Execution 159 - QUIC Single
Handshake duration: 50.48 ms
Execution 160 - QUIC Single
Handshake duration: 46.10 ms
Execution 161 - QUIC Single
Handshake duration: 45.69 ms
Execution 162 - QUIC Single
Handshake duration: 230.40 ms
Execution 163 - QUIC Single
Handshake duration: 46.47 ms
Execution 164 - QUIC Single
Handshake duration: 47.24 ms
Execution 165 - QUIC Single
Handshake duration: 45.43 ms
Execution 166 - QUIC Single
Handshake duration: 102.91 ms
Execution 167 - QUIC Single
Handshake duration: 45.82 ms
Execution 168 - QUIC Single
Handshake duration: 91.69 ms
Execution 169 - QUIC Single
Handshake duration: 46.88 ms
Execution 170 - QUIC Single
Handshake duration: 92.28 ms
Execution 171 - QUIC Single
Handshake duration: 45.82 ms
Execution 172 - QUIC Single
Handshake duration: 46.27 ms
Execution 173 - QUIC Single
Handshake duration: 47.36 ms
Execution 174 - QUIC Single
Handshake duration: 125.03 ms
Execution 175 - QUIC Single
Handshake duration: 44.93 ms
Execution 176 - QUIC Single
Handshake duration: 58.86 ms
Execution 177 - QUIC Single
Handshake duration: 59.03 ms
Execution 178 - QUIC Single
Handshake duration: 46.43 ms
Execution 179 - QUIC Single
Handshake duration: 45.16 ms
Execution 180 - QUIC Single
Handshake duration: 47.41 ms
Execution 181 - QUIC Single
Handshake duration: 1046.75 ms
Execution 182 - QUIC Single
Handshake duration: 737.11 ms
Execution 183 - QUIC Single
Handshake duration: 45.39 ms
Execution 184 - QUIC Single
Handshake duration: 1808.15 ms
Execution 185 - QUIC Single
Handshake duration: 46.43 ms
Execution 186 - QUIC Single
Handshake duration: 44.32 ms
Execution 187 - QUIC Single
Handshake duration: 46.88 ms
Execution 188 - QUIC Single
Handshake duration: 45.13 ms
Execution 189 - QUIC Single
Handshake duration: 44.83 ms
Execution 190 - QUIC Single
Handshake duration: 45.23 ms
Execution 191 - QUIC Single
Handshake duration: 46.79 ms
Execution 192 - QUIC Single
Handshake duration: 50.42 ms
Execution 193 - QUIC Single
Handshake duration: 438.45 ms
Execution 194 - QUIC Single
Handshake duration: 64.94 ms
Execution 195 - QUIC Single
Handshake duration: 131.31 ms
Execution 196 - QUIC Single
Handshake duration: 48.40 ms
Execution 197 - QUIC Single
Handshake duration: 1030.09 ms
Execution 198 - QUIC Single
Handshake duration: 46.45 ms
Execution 199 - QUIC Single
Handshake duration: 45.60 ms
Execution 200 - QUIC Single
Handshake duration: 468.73 ms
Execution 201 - QUIC Single
Handshake duration: 45.25 ms
Execution 202 - QUIC Single
Handshake duration: 47.47 ms
Execution 203 - QUIC Single
Handshake duration: 47.07 ms
Execution 204 - QUIC Single
Handshake duration: 185.46 ms
Execution 205 - QUIC Single
Handshake duration: 46.47 ms
Execution 206 - QUIC Single
Handshake duration: 46.24 ms
Execution 207 - QUIC Single
Handshake duration: 46.32 ms
Execution 208 - QUIC Single
Handshake duration: 62.67 ms
Execution 209 - QUIC Single
Handshake duration: 96.46 ms
Execution 210 - QUIC Single
Handshake duration: 59.56 ms
Execution 211 - QUIC Single
Handshake duration: 64.73 ms
Execution 212 - QUIC Single
Handshake duration: 47.31 ms
Execution 213 - QUIC Single
Handshake duration: 1298.35 ms
Execution 214 - QUIC Single
Handshake duration: 64.81 ms
Execution 215 - QUIC Single
Handshake duration: 141.43 ms
Execution 216 - QUIC Single
Handshake duration: 305.56 ms
Execution 217 - QUIC Single
Handshake duration: 61.94 ms
Execution 218 - QUIC Single
Handshake duration: 52.17 ms
Execution 219 - QUIC Single
Handshake duration: 51.37 ms
Execution 220 - QUIC Single
Handshake duration: 108.46 ms
Execution 221 - QUIC Single
Handshake duration: 58.92 ms
Execution 222 - QUIC Single
Handshake duration: 45.79 ms
Execution 223 - QUIC Single
Handshake duration: 130.58 ms
Execution 224 - QUIC Single
Handshake duration: 46.01 ms
Execution 225 - QUIC Single
Handshake duration: 51.51 ms
Execution 226 - QUIC Single
Handshake duration: 46.06 ms
Execution 227 - QUIC Single
Handshake duration: 137.10 ms
Execution 228 - QUIC Single
Handshake duration: 1092.96 ms
Execution 229 - QUIC Single
Handshake duration: 47.04 ms
Execution 230 - QUIC Single
Handshake duration: 47.06 ms
Execution 231 - QUIC Single
Handshake duration: 90.78 ms
Execution 232 - QUIC Single
Handshake duration: 127.33 ms
Execution 233 - QUIC Single
Handshake duration: 46.59 ms
Execution 234 - QUIC Single
Handshake duration: 44.85 ms
Execution 235 - QUIC Single
Handshake duration: 45.49 ms
Execution 236 - QUIC Single
Handshake duration: 62.30 ms
Execution 237 - QUIC Single
Handshake duration: 47.70 ms
Execution 238 - QUIC Single
Handshake duration: 51.44 ms
Execution 239 - QUIC Single
Handshake duration: 45.99 ms
Execution 240 - QUIC Single
Handshake duration: 47.48 ms
Execution 241 - QUIC Single
Handshake duration: 186.54 ms
Execution 242 - QUIC Single
Handshake duration: 47.17 ms
Execution 243 - QUIC Single
Handshake duration: 368.77 ms
Execution 244 - QUIC Single
Handshake duration: 457.51 ms
Execution 245 - QUIC Single
Handshake duration: 50.91 ms
Execution 246 - QUIC Single
Handshake duration: 91.91 ms
Execution 247 - QUIC Single
Handshake duration: 231.52 ms
Execution 248 - QUIC Single
Handshake duration: 87.02 ms
Execution 249 - QUIC Single
Handshake duration: 56.94 ms
Execution 250 - QUIC Single
Handshake duration: 1030.15 ms
Execution 251 - QUIC Single
Handshake duration: 46.20 ms
Execution 252 - QUIC Single
Handshake duration: 48.88 ms
Execution 253 - QUIC Single
Handshake duration: 47.42 ms
Execution 254 - QUIC Single
Handshake duration: 44.73 ms
Execution 255 - QUIC Single
Handshake duration: 45.51 ms
Execution 256 - QUIC Single
Handshake duration: 1030.19 ms
Execution 257 - QUIC Single
Handshake duration: 221.31 ms
Execution 258 - QUIC Single
Handshake duration: 158.36 ms
Execution 259 - QUIC Single
Handshake duration: 54.31 ms
Execution 260 - QUIC Single
Handshake duration: 220.37 ms
Execution 261 - QUIC Single
Handshake duration: 46.34 ms
Execution 262 - QUIC Single
Handshake duration: 46.97 ms
Execution 263 - QUIC Single
Handshake duration: 45.27 ms
Execution 264 - QUIC Single
Handshake duration: 45.38 ms
Execution 265 - QUIC Single
Handshake duration: 44.74 ms
Execution 266 - QUIC Single
Handshake duration: 1029.05 ms
Execution 267 - QUIC Single
Handshake duration: 82.61 ms
Execution 268 - QUIC Single
Handshake duration: 45.02 ms
Execution 269 - QUIC Single
Handshake duration: 47.09 ms
Execution 270 - QUIC Single
Handshake duration: 63.31 ms
Execution 271 - QUIC Single
Handshake duration: 935.05 ms
Execution 272 - QUIC Single
Handshake duration: 91.26 ms
Execution 273 - QUIC Single
Handshake duration: 499.79 ms
Execution 274 - QUIC Single
Handshake duration: 128.86 ms
Execution 275 - QUIC Single
Handshake duration: 865.65 ms
Execution 276 - QUIC Single
Handshake duration: 67.03 ms
Execution 277 - QUIC Single
Handshake duration: 45.62 ms
Execution 278 - QUIC Single
Handshake duration: 46.44 ms
Execution 279 - QUIC Single
Handshake duration: 259.47 ms
Execution 280 - QUIC Single
Handshake duration: 44.65 ms
Execution 281 - QUIC Single
Handshake duration: 337.69 ms
Execution 282 - QUIC Single
Handshake duration: 46.94 ms
Execution 283 - QUIC Single
Handshake duration: 46.27 ms
Execution 284 - QUIC Single
Handshake duration: 46.49 ms
Execution 285 - QUIC Single
Handshake duration: 47.11 ms
Execution 286 - QUIC Single
Handshake duration: 192.92 ms
Execution 287 - QUIC Single
Handshake duration: 48.13 ms
Execution 288 - QUIC Single
Handshake duration: 45.23 ms
Execution 289 - QUIC Single
Handshake duration: 91.06 ms
Execution 290 - QUIC Single
Handshake duration: 44.90 ms
Execution 291 - QUIC Single
Handshake duration: 45.56 ms
Execution 292 - QUIC Single
Handshake duration: 45.30 ms
Execution 293 - QUIC Single
Handshake duration: 45.96 ms
Execution 294 - QUIC Single
Handshake duration: 47.70 ms
Execution 295 - QUIC Single
Handshake duration: 58.08 ms
Execution 296 - QUIC Single
Handshake duration: 48.99 ms
Execution 297 - QUIC Single
Handshake duration: 94.12 ms
Execution 298 - QUIC Single
Handshake duration: 130.91 ms
Execution 299 - QUIC Single
Handshake duration: 115.39 ms
Execution 300 - QUIC Single
Handshake duration: 1029.14 ms
Execution 301 - QUIC Single
Handshake duration: 160.82 ms
Execution 302 - QUIC Single
Handshake duration: 45.59 ms
Execution 303 - QUIC Single
Handshake duration: 50.00 ms
Execution 304 - QUIC Single
Handshake duration: 45.30 ms
Execution 305 - QUIC Single
Handshake duration: 3486.92 ms
Execution 306 - QUIC Single
Handshake duration: 57.21 ms
Execution 307 - QUIC Single
Handshake duration: 437.29 ms
Execution 308 - QUIC Single
Handshake duration: 44.70 ms
Execution 309 - QUIC Single
Handshake duration: 347.63 ms
Execution 310 - QUIC Single
Handshake duration: 46.77 ms
Execution 311 - QUIC Single
Handshake duration: 46.43 ms
Execution 312 - QUIC Single
Handshake duration: 46.51 ms
Execution 313 - QUIC Single
Handshake duration: 241.74 ms
Execution 314 - QUIC Single
Handshake duration: 91.89 ms
Execution 315 - QUIC Single
Handshake duration: 48.19 ms
Execution 316 - QUIC Single
Handshake duration: 46.28 ms
Execution 317 - QUIC Single
Handshake duration: 45.46 ms
Execution 318 - QUIC Single
Handshake duration: 45.99 ms
Execution 319 - QUIC Single
Handshake duration: 46.55 ms
Execution 320 - QUIC Single
Handshake duration: 45.59 ms
Execution 321 - QUIC Single
Handshake duration: 44.94 ms
Execution 322 - QUIC Single
Handshake duration: 92.45 ms
Execution 323 - QUIC Single
Handshake duration: 46.28 ms
Execution 324 - QUIC Single
Handshake duration: 46.08 ms
Execution 325 - QUIC Single
Handshake duration: 1157.85 ms
Execution 326 - QUIC Single
Handshake duration: 46.88 ms
Execution 327 - QUIC Single
Handshake duration: 92.66 ms
Execution 328 - QUIC Single
Handshake duration: 46.33 ms
Execution 329 - QUIC Single
Handshake duration: 46.85 ms
Execution 330 - QUIC Single
Handshake duration: 46.01 ms
Execution 331 - QUIC Single
Handshake duration: 46.35 ms
Execution 332 - QUIC Single
Handshake duration: 128.02 ms
Execution 333 - QUIC Single
Handshake duration: 127.81 ms
Execution 334 - QUIC Single
Handshake duration: 47.05 ms
Execution 335 - QUIC Single
Handshake duration: 46.30 ms
Execution 336 - QUIC Single
Handshake duration: 93.19 ms
Execution 337 - QUIC Single
Handshake duration: 57.85 ms
Execution 338 - QUIC Single
Handshake duration: 45.64 ms
Execution 339 - QUIC Single
Handshake duration: 45.62 ms
Execution 340 - QUIC Single
Handshake duration: 93.04 ms
Execution 341 - QUIC Single
Handshake duration: 44.99 ms
Execution 342 - QUIC Single
Handshake duration: 3028.05 ms
Execution 343 - QUIC Single
Handshake duration: 110.24 ms
Execution 344 - QUIC Single
Handshake duration: 45.99 ms
Execution 345 - QUIC Single
Handshake duration: 125.80 ms
Execution 346 - QUIC Single
Handshake duration: 48.05 ms
Execution 347 - QUIC Single
Handshake duration: 105.72 ms
Execution 348 - QUIC Single
Handshake duration: 1033.29 ms
Execution 349 - QUIC Single
Handshake duration: 47.22 ms
Execution 350 - QUIC Single
Handshake duration: 46.90 ms
Execution 351 - QUIC Single
Handshake duration: 46.05 ms
Execution 352 - QUIC Single
Handshake duration: 46.23 ms
Execution 353 - QUIC Single
Handshake duration: 82.50 ms
Execution 354 - QUIC Single
Handshake duration: 94.92 ms
Execution 355 - QUIC Single
Handshake duration: 50.52 ms
Execution 356 - QUIC Single
Handshake duration: 86.73 ms
Execution 357 - QUIC Single
Handshake duration: 1027.79 ms
Execution 358 - QUIC Single
Handshake duration: 45.55 ms
Execution 359 - QUIC Single
Handshake duration: 46.84 ms
Execution 360 - QUIC Single
Handshake duration: 45.45 ms
Execution 361 - QUIC Single
Handshake duration: 87.35 ms
Execution 362 - QUIC Single
Handshake duration: 58.23 ms
Execution 363 - QUIC Single
Handshake duration: 56.01 ms
Execution 364 - QUIC Single
Handshake duration: 58.41 ms
Execution 365 - QUIC Single
Handshake duration: 94.22 ms
Execution 366 - QUIC Single
Handshake duration: 63.94 ms
Execution 367 - QUIC Single
Handshake duration: 1055.77 ms
Execution 368 - QUIC Single
Handshake duration: 46.77 ms
Execution 369 - QUIC Single
Handshake duration: 650.35 ms
Execution 370 - QUIC Single
Handshake duration: 46.20 ms
Execution 371 - QUIC Single
Handshake duration: 46.97 ms
Execution 372 - QUIC Single
Handshake duration: 60.56 ms
Execution 373 - QUIC Single
Handshake duration: 46.41 ms
Execution 374 - QUIC Single
Handshake duration: 140.65 ms
Execution 375 - QUIC Single
Handshake duration: 61.46 ms
Execution 376 - QUIC Single
Handshake duration: 106.17 ms
Execution 377 - QUIC Single
Handshake duration: 46.80 ms
Execution 378 - QUIC Single
Handshake duration: 119.49 ms
Execution 379 - QUIC Single
Handshake duration: 62.78 ms
Execution 380 - QUIC Single
Handshake duration: 55.49 ms
Execution 381 - QUIC Single
Handshake duration: 396.55 ms
Execution 382 - QUIC Single
Handshake duration: 46.88 ms
Execution 383 - QUIC Single
Handshake duration: 47.15 ms
Execution 384 - QUIC Single
Handshake duration: 46.42 ms
Execution 385 - QUIC Single
Handshake duration: 60.09 ms
Execution 386 - QUIC Single
Handshake duration: 1073.10 ms
Execution 387 - QUIC Single
Handshake duration: 45.36 ms
Execution 388 - QUIC Single
Handshake duration: 47.04 ms
Execution 389 - QUIC Single
Handshake duration: 1093.52 ms
Execution 390 - QUIC Single
Handshake duration: 151.80 ms
Execution 391 - QUIC Single
Handshake duration: 45.41 ms
Execution 392 - QUIC Single
Handshake duration: 52.65 ms
Execution 393 - QUIC Single
Handshake duration: 1073.13 ms
Execution 394 - QUIC Single
Handshake duration: 46.14 ms
Execution 395 - QUIC Single
Handshake duration: 124.49 ms
Execution 396 - QUIC Single
Handshake duration: 93.17 ms
Execution 397 - QUIC Single
Handshake duration: 60.89 ms
Execution 398 - QUIC Single
Handshake duration: 46.62 ms
Execution 399 - QUIC Single
Handshake duration: 49.29 ms
Execution 400 - QUIC Single
Handshake duration: 51.35 ms
Execution 401 - QUIC Single
Handshake duration: NaN ms
Execution 402 - QUIC Single
Handshake duration: 46.14 ms
Execution 403 - QUIC Single
Handshake duration: 102.75 ms
Execution 404 - QUIC Single
Handshake duration: 117.72 ms
Execution 405 - QUIC Single
Handshake duration: 46.59 ms
Execution 406 - QUIC Single
Handshake duration: 480.12 ms
Execution 407 - QUIC Single
Handshake duration: 110.99 ms
Execution 408 - QUIC Single
Handshake duration: 49.56 ms
Execution 409 - QUIC Single
Handshake duration: 47.06 ms
Execution 410 - QUIC Single
Handshake duration: 46.06 ms
Execution 411 - QUIC Single
Handshake duration: 58.51 ms
Execution 412 - QUIC Single
Handshake duration: 45.95 ms
Execution 413 - QUIC Single
Handshake duration: 45.67 ms
Execution 414 - QUIC Single
Handshake duration: 44.81 ms
Execution 415 - QUIC Single
Handshake duration: 49.81 ms
Execution 416 - QUIC Single
Handshake duration: 46.02 ms
Execution 417 - QUIC Single
Handshake duration: 44.77 ms
Execution 418 - QUIC Single
Handshake duration: 47.02 ms
Execution 419 - QUIC Single
Handshake duration: 102.32 ms
Execution 420 - QUIC Single
Handshake duration: 1068.50 ms
Execution 421 - QUIC Single
Handshake duration: 58.08 ms
Execution 422 - QUIC Single
Handshake duration: 47.64 ms
Execution 423 - QUIC Single
Handshake duration: 98.94 ms
Execution 424 - QUIC Single
Handshake duration: 44.99 ms
Execution 425 - QUIC Single
Handshake duration: 46.28 ms
Execution 426 - QUIC Single
Handshake duration: 46.09 ms
Execution 427 - QUIC Single
Handshake duration: 98.40 ms
Execution 428 - QUIC Single
Handshake duration: 53.62 ms
Execution 429 - QUIC Single
Handshake duration: 92.65 ms
Execution 430 - QUIC Single
Handshake duration: 193.84 ms
Execution 431 - QUIC Single
Handshake duration: 45.26 ms
Execution 432 - QUIC Single
Handshake duration: 105.21 ms
Execution 433 - QUIC Single
Handshake duration: 46.54 ms
Execution 434 - QUIC Single
Handshake duration: 45.51 ms
Execution 435 - QUIC Single
Handshake duration: 96.85 ms
Execution 436 - QUIC Single
Handshake duration: 46.41 ms
Execution 437 - QUIC Single
Handshake duration: 47.78 ms
Execution 438 - QUIC Single
Handshake duration: 63.36 ms
Execution 439 - QUIC Single
Handshake duration: 60.05 ms
Execution 440 - QUIC Single
Handshake duration: 46.22 ms
Execution 441 - QUIC Single
Handshake duration: 46.39 ms
Execution 442 - QUIC Single
Handshake duration: 46.25 ms
Execution 443 - QUIC Single
Handshake duration: 45.78 ms
Execution 444 - QUIC Single
Handshake duration: 46.95 ms
Execution 445 - QUIC Single
Handshake duration: 99.72 ms
Execution 446 - QUIC Single
Handshake duration: 96.41 ms
Execution 447 - QUIC Single
Handshake duration: 46.03 ms
Execution 448 - QUIC Single
Handshake duration: 443.26 ms
Execution 449 - QUIC Single
Handshake duration: 45.75 ms
Execution 450 - QUIC Single
Handshake duration: 45.88 ms
Execution 451 - QUIC Single
Handshake duration: 80.44 ms
Execution 452 - QUIC Single
Handshake duration: 46.05 ms
Execution 453 - QUIC Single
Handshake duration: 80.58 ms
Execution 454 - QUIC Single
Handshake duration: 58.81 ms
Execution 455 - QUIC Single
Handshake duration: 50.78 ms
Execution 456 - QUIC Single
Handshake duration: 45.99 ms
Execution 457 - QUIC Single
Handshake duration: 45.40 ms
Execution 458 - QUIC Single
Handshake duration: 46.52 ms
Execution 459 - QUIC Single
Handshake duration: 3027.51 ms
Execution 460 - QUIC Single
Handshake duration: 46.46 ms
Execution 461 - QUIC Single
Handshake duration: 45.35 ms
Execution 462 - QUIC Single
Handshake duration: 45.24 ms
Execution 463 - QUIC Single
Handshake duration: 44.99 ms
Execution 464 - QUIC Single
Handshake duration: 49.79 ms
Execution 465 - QUIC Single
Handshake duration: 48.91 ms
Execution 466 - QUIC Single
Handshake duration: 149.39 ms
Execution 467 - QUIC Single
Handshake duration: 109.46 ms
Execution 468 - QUIC Single
Handshake duration: 45.71 ms
Execution 469 - QUIC Single
Handshake duration: 46.87 ms
Execution 470 - QUIC Single
Handshake duration: 48.96 ms
Execution 471 - QUIC Single
Handshake duration: 1045.09 ms
Execution 472 - QUIC Single
Handshake duration: 46.02 ms
Execution 473 - QUIC Single
Handshake duration: 61.98 ms
Execution 474 - QUIC Single
Handshake duration: 91.27 ms
Execution 475 - QUIC Single
Handshake duration: 48.76 ms
Execution 476 - QUIC Single
Handshake duration: 45.58 ms
Execution 477 - QUIC Single
Handshake duration: 1065.40 ms
Execution 478 - QUIC Single
Handshake duration: 46.37 ms
Execution 479 - QUIC Single
Handshake duration: 44.90 ms
Execution 480 - QUIC Single
Handshake duration: 45.65 ms
Execution 481 - QUIC Single
Handshake duration: 311.95 ms
Execution 482 - QUIC Single
Handshake duration: 245.83 ms
Execution 483 - QUIC Single
Handshake duration: 65.33 ms
Execution 484 - QUIC Single
Handshake duration: 45.95 ms
Execution 485 - QUIC Single
Handshake duration: 152.00 ms
Execution 486 - QUIC Single
Handshake duration: 47.46 ms
Execution 487 - QUIC Single
Handshake duration: 45.30 ms
Execution 488 - QUIC Single
Handshake duration: 243.05 ms
Execution 489 - QUIC Single
Handshake duration: 129.72 ms
Execution 490 - QUIC Single
Handshake duration: 45.25 ms
Execution 491 - QUIC Single
Handshake duration: 59.24 ms
Execution 492 - QUIC Single
Handshake duration: 61.10 ms
Execution 493 - QUIC Single
Handshake duration: 145.75 ms
Execution 494 - QUIC Single
Handshake duration: 127.61 ms
Execution 495 - QUIC Single
Handshake duration: 45.24 ms
Execution 496 - QUIC Single
Handshake duration: 46.44 ms
Execution 497 - QUIC Single
Handshake duration: 46.91 ms
Execution 498 - QUIC Single
Handshake duration: 128.57 ms
Execution 499 - QUIC Single
Handshake duration: 46.61 ms
Execution 500 - QUIC Single
Handshake duration: 45.53 ms
