Applying netem rules to lo...
Showing qdisc status for the interface: lo
qdisc netem 84fe: root refcnt 2 limit 1000 seed 11202469447243253862
 Sent 0 bytes 0 pkt (dropped 0, overlimits 0 requeues 0) 
 backlog 0b 0p requeues 0
Running ./perftestClientTlsQuic.sh with SIG_ALG=mldsa44 and KEM_ALG=p256_hqc128
Execution 1 - QUIC Single
Handshake duration: 41.25 ms
Execution 2 - QUIC Single
Handshake duration: 42.08 ms
Execution 3 - QUIC Single
Handshake duration: 37.41 ms
Execution 4 - QUIC Single
Handshake duration: 35.76 ms
Execution 5 - QUIC Single
Handshake duration: 1100.80 ms
Execution 6 - QUIC Single
Handshake duration: 50.37 ms
Execution 7 - QUIC Single
Handshake duration: 34.63 ms
Execution 8 - QUIC Single
Handshake duration: 86.41 ms
Execution 9 - QUIC Single
Handshake duration: 171.65 ms
Execution 10 - QUIC Single
Handshake duration: 36.60 ms
Execution 11 - QUIC Single
Handshake duration: 36.90 ms
Execution 12 - QUIC Single
Handshake duration: 41.87 ms
Execution 13 - QUIC Single
Handshake duration: 35.13 ms
Execution 14 - QUIC Single
Handshake duration: 39.03 ms
Execution 15 - QUIC Single
Handshake duration: 34.50 ms
Execution 16 - QUIC Single
Handshake duration: 248.60 ms
Execution 17 - QUIC Single
Handshake duration: 45.17 ms
Execution 18 - QUIC Single
Handshake duration: 44.49 ms
Execution 19 - QUIC Single
Handshake duration: 54.30 ms
Execution 20 - QUIC Single
Handshake duration: 34.71 ms
Execution 21 - QUIC Single
Handshake duration: 50.53 ms
Execution 22 - QUIC Single
Handshake duration: 35.07 ms
Execution 23 - QUIC Single
Handshake duration: 35.57 ms
Execution 24 - QUIC Single
Handshake duration: 34.53 ms
Execution 25 - QUIC Single
Handshake duration: 34.77 ms
Execution 26 - QUIC Single
Handshake duration: 49.49 ms
Execution 27 - QUIC Single
Handshake duration: 192.06 ms
Execution 28 - QUIC Single
Handshake duration: 35.35 ms
Execution 29 - QUIC Single
Handshake duration: 34.56 ms
Execution 30 - QUIC Single
Handshake duration: 42.31 ms
Execution 31 - QUIC Single
Handshake duration: 34.34 ms
Execution 32 - QUIC Single
Handshake duration: 33.56 ms
Execution 33 - QUIC Single
Handshake duration: 34.11 ms
Execution 34 - QUIC Single
Handshake duration: 1091.64 ms
Execution 35 - QUIC Single
Handshake duration: 35.92 ms
Execution 36 - QUIC Single
Handshake duration: 63.20 ms
Execution 37 - QUIC Single
Handshake duration: 33.76 ms
Execution 38 - QUIC Single
Handshake duration: 35.38 ms
Execution 39 - QUIC Single
Handshake duration: 51.60 ms
Execution 40 - QUIC Single
Handshake duration: 1088.76 ms
Execution 41 - QUIC Single
Handshake duration: 33.88 ms
Execution 42 - QUIC Single
Handshake duration: 33.89 ms
Execution 43 - QUIC Single
Handshake duration: 2165.18 ms
Execution 44 - QUIC Single
Handshake duration: 139.47 ms
Execution 45 - QUIC Single
Handshake duration: 32.78 ms
Execution 46 - QUIC Single
Handshake duration: 48.62 ms
Execution 47 - QUIC Single
Handshake duration: 89.67 ms
Execution 48 - QUIC Single
Handshake duration: 33.92 ms
Execution 49 - QUIC Single
Handshake duration: 1097.92 ms
Execution 50 - QUIC Single
Handshake duration: 42.23 ms
Execution 51 - QUIC Single
Handshake duration: 41.43 ms
Execution 52 - QUIC Single
Handshake duration: 59.49 ms
Execution 53 - QUIC Single
Handshake duration: 41.57 ms
Execution 54 - QUIC Single
Handshake duration: 43.30 ms
Execution 55 - QUIC Single
Handshake duration: 34.65 ms
Execution 56 - QUIC Single
Handshake duration: 34.71 ms
Execution 57 - QUIC Single
Handshake duration: 34.64 ms
Execution 58 - QUIC Single
Handshake duration: 36.23 ms
Execution 59 - QUIC Single
Handshake duration: 35.77 ms
Execution 60 - QUIC Single
Handshake duration: 3131.02 ms
Execution 61 - QUIC Single
Handshake duration: 34.18 ms
Execution 62 - QUIC Single
Handshake duration: 1147.15 ms
Execution 63 - QUIC Single
Handshake duration: 174.00 ms
Execution 64 - QUIC Single
Handshake duration: 34.19 ms
Execution 65 - QUIC Single
Handshake duration: 34.75 ms
Execution 66 - QUIC Single
Handshake duration: 34.09 ms
Execution 67 - QUIC Single
Handshake duration: 50.27 ms
Execution 68 - QUIC Single
Handshake duration: 46.32 ms
Execution 69 - QUIC Single
Handshake duration: 56.43 ms
Execution 70 - QUIC Single
Handshake duration: 74.53 ms
Execution 71 - QUIC Single
Handshake duration: 56.02 ms
Execution 72 - QUIC Single
Handshake duration: 35.23 ms
Execution 73 - QUIC Single
Handshake duration: 33.81 ms
Execution 74 - QUIC Single
Handshake duration: 35.02 ms
Execution 75 - QUIC Single
Handshake duration: 36.65 ms
Execution 76 - QUIC Single
Handshake duration: 59.90 ms
Execution 77 - QUIC Single
Handshake duration: 46.90 ms
Execution 78 - QUIC Single
Handshake duration: 34.89 ms
Execution 79 - QUIC Single
Handshake duration: 34.67 ms
Execution 80 - QUIC Single
Handshake duration: 34.70 ms
Execution 81 - QUIC Single
Handshake duration: 50.91 ms
Execution 82 - QUIC Single
Handshake duration: 36.05 ms
Execution 83 - QUIC Single
Handshake duration: 36.31 ms
Execution 84 - QUIC Single
Handshake duration: 35.02 ms
Execution 85 - QUIC Single
Handshake duration: 34.71 ms
Execution 86 - QUIC Single
Handshake duration: 35.34 ms
Execution 87 - QUIC Single
Handshake duration: 62.74 ms
Execution 88 - QUIC Single
Handshake duration: 34.42 ms
Execution 89 - QUIC Single
Handshake duration: 60.12 ms
Execution 90 - QUIC Single
Handshake duration: 62.17 ms
Execution 91 - QUIC Single
Handshake duration: 35.27 ms
Execution 92 - QUIC Single
Handshake duration: 63.04 ms
Execution 93 - QUIC Single
Handshake duration: 75.87 ms
Execution 94 - QUIC Single
Handshake duration: 67.72 ms
Execution 95 - QUIC Single
Handshake duration: 34.50 ms
Execution 96 - QUIC Single
Handshake duration: 120.58 ms
Execution 97 - QUIC Single
Handshake duration: 50.00 ms
Execution 98 - QUIC Single
Handshake duration: 155.74 ms
Execution 99 - QUIC Single
Handshake duration: 42.18 ms
Execution 100 - QUIC Single
Handshake duration: 40.92 ms
Execution 101 - QUIC Single
Handshake duration: 32.29 ms
Execution 102 - QUIC Single
Handshake duration: 33.81 ms
Execution 103 - QUIC Single
Handshake duration: 41.98 ms
Execution 104 - QUIC Single
Handshake duration: 78.76 ms
Execution 105 - QUIC Single
Handshake duration: 33.67 ms
Execution 106 - QUIC Single
Handshake duration: 75.44 ms
Execution 107 - QUIC Single
Handshake duration: 34.37 ms
Execution 108 - QUIC Single
Handshake duration: 34.34 ms
Execution 109 - QUIC Single
Handshake duration: 42.55 ms
Execution 110 - QUIC Single
Handshake duration: 41.30 ms
Execution 111 - QUIC Single
Handshake duration: 33.44 ms
Execution 112 - QUIC Single
Handshake duration: 33.41 ms
Execution 113 - QUIC Single
Handshake duration: 33.84 ms
Execution 114 - QUIC Single
Handshake duration: 42.84 ms
Execution 115 - QUIC Single
Handshake duration: 34.01 ms
Execution 116 - QUIC Single
Handshake duration: 58.95 ms
Execution 117 - QUIC Single
Handshake duration: 34.69 ms
Execution 118 - QUIC Single
Handshake duration: 35.08 ms
Execution 119 - QUIC Single
Handshake duration: 33.95 ms
Execution 120 - QUIC Single
Handshake duration: 34.06 ms
Execution 121 - QUIC Single
Handshake duration: 33.83 ms
Execution 122 - QUIC Single
Handshake duration: 34.39 ms
Execution 123 - QUIC Single
Handshake duration: 54.52 ms
Execution 124 - QUIC Single
Handshake duration: 33.75 ms
Execution 125 - QUIC Single
Handshake duration: 1030.07 ms
Execution 126 - QUIC Single
Handshake duration: 42.74 ms
Execution 127 - QUIC Single
Handshake duration: 59.23 ms
Execution 128 - QUIC Single
Handshake duration: 35.85 ms
Execution 129 - QUIC Single
Handshake duration: 114.38 ms
Execution 130 - QUIC Single
Handshake duration: 45.16 ms
Execution 131 - QUIC Single
Handshake duration: 50.31 ms
Execution 132 - QUIC Single
Handshake duration: 35.04 ms
Execution 133 - QUIC Single
Handshake duration: 1079.11 ms
Execution 134 - QUIC Single
Handshake duration: 48.38 ms
Execution 135 - QUIC Single
Handshake duration: 32.31 ms
Execution 136 - QUIC Single
Handshake duration: 39.67 ms
Execution 137 - QUIC Single
Handshake duration: 83.12 ms
Execution 138 - QUIC Single
Handshake duration: 2456.08 ms
Execution 139 - QUIC Single
Handshake duration: 39.54 ms
Execution 140 - QUIC Single
Handshake duration: 75.68 ms
Execution 141 - QUIC Single
Handshake duration: 50.75 ms
Execution 142 - QUIC Single
Handshake duration: 64.31 ms
Execution 143 - QUIC Single
Handshake duration: 34.24 ms
Execution 144 - QUIC Single
Handshake duration: 75.60 ms
Execution 145 - QUIC Single
Handshake duration: 43.18 ms
Execution 146 - QUIC Single
Handshake duration: 33.74 ms
Execution 147 - QUIC Single
Handshake duration: 70.97 ms
Execution 148 - QUIC Single
Handshake duration: 34.87 ms
Execution 149 - QUIC Single
Handshake duration: 47.39 ms
Execution 150 - QUIC Single
Handshake duration: 43.60 ms
Execution 151 - QUIC Single
Handshake duration: 35.63 ms
Execution 152 - QUIC Single
Handshake duration: 34.55 ms
Execution 153 - QUIC Single
Handshake duration: 34.88 ms
Execution 154 - QUIC Single
Handshake duration: 42.72 ms
Execution 155 - QUIC Single
Handshake duration: 259.81 ms
Execution 156 - QUIC Single
Handshake duration: 55.88 ms
Execution 157 - QUIC Single
Handshake duration: 33.72 ms
Execution 158 - QUIC Single
Handshake duration: 36.31 ms
Execution 159 - QUIC Single
Handshake duration: 60.27 ms
Execution 160 - QUIC Single
Handshake duration: 34.40 ms
Execution 161 - QUIC Single
Handshake duration: 34.61 ms
Execution 162 - QUIC Single
Handshake duration: 42.62 ms
Execution 163 - QUIC Single
Handshake duration: 2084.49 ms
Execution 164 - QUIC Single
Handshake duration: 49.88 ms
Execution 165 - QUIC Single
Handshake duration: 54.75 ms
Execution 166 - QUIC Single
Handshake duration: 49.42 ms
Execution 167 - QUIC Single
Handshake duration: 44.93 ms
Execution 168 - QUIC Single
Handshake duration: 49.31 ms
Execution 169 - QUIC Single
Handshake duration: 100.45 ms
Execution 170 - QUIC Single
Handshake duration: 33.67 ms
Execution 171 - QUIC Single
Handshake duration: 59.72 ms
Execution 172 - QUIC Single
Handshake duration: 42.13 ms
Execution 173 - QUIC Single
Handshake duration: 63.26 ms
Execution 174 - QUIC Single
Handshake duration: 48.04 ms
Execution 175 - QUIC Single
Handshake duration: 60.15 ms
Execution 176 - QUIC Single
Handshake duration: 68.10 ms
Execution 177 - QUIC Single
Handshake duration: 34.66 ms
Execution 178 - QUIC Single
Handshake duration: 43.13 ms
Execution 179 - QUIC Single
Handshake duration: 73.08 ms
Execution 180 - QUIC Single
Handshake duration: 42.29 ms
Execution 181 - QUIC Single
Handshake duration: 36.12 ms
Execution 182 - QUIC Single
Handshake duration: 34.30 ms
Execution 183 - QUIC Single
Handshake duration: 3072.58 ms
Execution 184 - QUIC Single
Handshake duration: 33.48 ms
Execution 185 - QUIC Single
Handshake duration: 48.38 ms
Execution 186 - QUIC Single
Handshake duration: 51.85 ms
Execution 187 - QUIC Single
Handshake duration: 59.49 ms
Execution 188 - QUIC Single
Handshake duration: 33.10 ms
Execution 189 - QUIC Single
Handshake duration: 34.50 ms
Execution 190 - QUIC Single
Handshake duration: 1057.10 ms
Execution 191 - QUIC Single
Handshake duration: 34.48 ms
Execution 192 - QUIC Single
Handshake duration: 34.84 ms
Execution 193 - QUIC Single
Handshake duration: 1040.74 ms
Execution 194 - QUIC Single
Handshake duration: 35.27 ms
Execution 195 - QUIC Single
Handshake duration: 101.24 ms
Execution 196 - QUIC Single
Handshake duration: 32.90 ms
Execution 197 - QUIC Single
Handshake duration: 33.26 ms
Execution 198 - QUIC Single
Handshake duration: 34.28 ms
Execution 199 - QUIC Single
Handshake duration: 34.84 ms
Execution 200 - QUIC Single
Handshake duration: 34.17 ms
Execution 201 - QUIC Single
Handshake duration: 59.95 ms
Execution 202 - QUIC Single
Handshake duration: 1200.14 ms
Execution 203 - QUIC Single
Handshake duration: 34.19 ms
Execution 204 - QUIC Single
Handshake duration: 85.86 ms
Execution 205 - QUIC Single
Handshake duration: 60.30 ms
Execution 206 - QUIC Single
Handshake duration: 52.33 ms
Execution 207 - QUIC Single
Handshake duration: 34.75 ms
Execution 208 - QUIC Single
Handshake duration: 34.16 ms
Execution 209 - QUIC Single
Handshake duration: 34.23 ms
Execution 210 - QUIC Single
Handshake duration: 34.02 ms
Execution 211 - QUIC Single
Handshake duration: 34.71 ms
Execution 212 - QUIC Single
Handshake duration: 35.43 ms
Execution 213 - QUIC Single
Handshake duration: 55.11 ms
Execution 214 - QUIC Single
Handshake duration: 47.64 ms
Execution 215 - QUIC Single
Handshake duration: 34.71 ms
Execution 216 - QUIC Single
Handshake duration: 59.80 ms
Execution 217 - QUIC Single
Handshake duration: 34.28 ms
Execution 218 - QUIC Single
Handshake duration: 35.09 ms
Execution 219 - QUIC Single
Handshake duration: 1087.55 ms
Execution 220 - QUIC Single
Handshake duration: 33.77 ms
Execution 221 - QUIC Single
Handshake duration: 34.22 ms
Execution 222 - QUIC Single
Handshake duration: 33.78 ms
Execution 223 - QUIC Single
Handshake duration: 32.71 ms
Execution 224 - QUIC Single
Handshake duration: 33.16 ms
Execution 225 - QUIC Single
Handshake duration: 42.63 ms
Execution 226 - QUIC Single
Handshake duration: 33.91 ms
Execution 227 - QUIC Single
Handshake duration: 34.22 ms
Execution 228 - QUIC Single
Handshake duration: 62.01 ms
Execution 229 - QUIC Single
Handshake duration: 75.70 ms
Execution 230 - QUIC Single
Handshake duration: 33.19 ms
Execution 231 - QUIC Single
Handshake duration: 47.28 ms
Execution 232 - QUIC Single
Handshake duration: 143.84 ms
Execution 233 - QUIC Single
Handshake duration: 42.65 ms
Execution 234 - QUIC Single
Handshake duration: 55.24 ms
Execution 235 - QUIC Single
Handshake duration: 48.04 ms
Execution 236 - QUIC Single
Handshake duration: 48.35 ms
Execution 237 - QUIC Single
Handshake duration: 75.63 ms
Execution 238 - QUIC Single
Handshake duration: 33.92 ms
Execution 239 - QUIC Single
Handshake duration: 35.48 ms
Execution 240 - QUIC Single
Handshake duration: 35.30 ms
Execution 241 - QUIC Single
Handshake duration: 61.38 ms
Execution 242 - QUIC Single
Handshake duration: 186.43 ms
Execution 243 - QUIC Single
Handshake duration: 4111.98 ms
Execution 244 - QUIC Single
Handshake duration: 1085.93 ms
Execution 245 - QUIC Single
Handshake duration: 32.38 ms
Execution 246 - QUIC Single
Handshake duration: 1030.64 ms
Execution 247 - QUIC Single
Handshake duration: 34.04 ms
Execution 248 - QUIC Single
Handshake duration: 33.66 ms
Execution 249 - QUIC Single
Handshake duration: 34.19 ms
Execution 250 - QUIC Single
Handshake duration: 48.41 ms
Execution 251 - QUIC Single
Handshake duration: 1037.03 ms
Execution 252 - QUIC Single
Handshake duration: 146.11 ms
Execution 253 - QUIC Single
Handshake duration: 3125.83 ms
Execution 254 - QUIC Single
Handshake duration: 74.58 ms
Execution 255 - QUIC Single
Handshake duration: 33.40 ms
Execution 256 - QUIC Single
Handshake duration: 2022.87 ms
Execution 257 - QUIC Single
Handshake duration: 1088.63 ms
Execution 258 - QUIC Single
Handshake duration: 216.06 ms
Execution 259 - QUIC Single
Handshake duration: 34.66 ms
Execution 260 - QUIC Single
Handshake duration: 34.45 ms
Execution 261 - QUIC Single
Handshake duration: 36.42 ms
Execution 262 - QUIC Single
Handshake duration: 37.99 ms
Execution 263 - QUIC Single
Handshake duration: 36.74 ms
Execution 264 - QUIC Single
Handshake duration: 36.43 ms
Execution 265 - QUIC Single
Handshake duration: 35.44 ms
Execution 266 - QUIC Single
Handshake duration: 36.72 ms
Execution 267 - QUIC Single
Handshake duration: 1030.18 ms
Execution 268 - QUIC Single
Handshake duration: 34.76 ms
Execution 269 - QUIC Single
Handshake duration: 34.25 ms
Execution 270 - QUIC Single
Handshake duration: 34.39 ms
Execution 271 - QUIC Single
Handshake duration: 35.20 ms
Execution 272 - QUIC Single
Handshake duration: 38.23 ms
Execution 273 - QUIC Single
Handshake duration: 47.80 ms
Execution 274 - QUIC Single
Handshake duration: 52.52 ms
Execution 275 - QUIC Single
Handshake duration: 55.94 ms
Execution 276 - QUIC Single
Handshake duration: 49.70 ms
Execution 277 - QUIC Single
Handshake duration: 63.09 ms
Execution 278 - QUIC Single
Handshake duration: 59.72 ms
Execution 279 - QUIC Single
Handshake duration: 42.81 ms
Execution 280 - QUIC Single
Handshake duration: 36.42 ms
Execution 281 - QUIC Single
Handshake duration: 62.42 ms
Execution 282 - QUIC Single
Handshake duration: 34.01 ms
Execution 283 - QUIC Single
Handshake duration: 34.54 ms
Execution 284 - QUIC Single
Handshake duration: 34.35 ms
Execution 285 - QUIC Single
Handshake duration: 34.28 ms
Execution 286 - QUIC Single
Handshake duration: 38.05 ms
Execution 287 - QUIC Single
Handshake duration: 33.61 ms
Execution 288 - QUIC Single
Handshake duration: 1030.03 ms
Execution 289 - QUIC Single
Handshake duration: 35.79 ms
Execution 290 - QUIC Single
Handshake duration: 34.76 ms
Execution 291 - QUIC Single
Handshake duration: 128.37 ms
Execution 292 - QUIC Single
Handshake duration: 2078.11 ms
Execution 293 - QUIC Single
Handshake duration: 35.54 ms
Execution 294 - QUIC Single
Handshake duration: 1103.42 ms
Execution 295 - QUIC Single
Handshake duration: 36.33 ms
Execution 296 - QUIC Single
Handshake duration: 164.36 ms
Execution 297 - QUIC Single
Handshake duration: 76.09 ms
Execution 298 - QUIC Single
Handshake duration: 34.49 ms
Execution 299 - QUIC Single
Handshake duration: 55.48 ms
Execution 300 - QUIC Single
Handshake duration: 197.77 ms
Execution 301 - QUIC Single
Handshake duration: 34.61 ms
Execution 302 - QUIC Single
Handshake duration: 33.16 ms
Execution 303 - QUIC Single
Handshake duration: 35.00 ms
Execution 304 - QUIC Single
Handshake duration: 51.48 ms
Execution 305 - QUIC Single
Handshake duration: 34.97 ms
Execution 306 - QUIC Single
Handshake duration: 105.55 ms
Execution 307 - QUIC Single
Handshake duration: 35.50 ms
Execution 308 - QUIC Single
Handshake duration: 34.62 ms
Execution 309 - QUIC Single
Handshake duration: 33.69 ms
Execution 310 - QUIC Single
Handshake duration: 154.03 ms
Execution 311 - QUIC Single
Handshake duration: 41.87 ms
Execution 312 - QUIC Single
Handshake duration: 35.38 ms
Execution 313 - QUIC Single
Handshake duration: 51.07 ms
Execution 314 - QUIC Single
Handshake duration: 35.66 ms
Execution 315 - QUIC Single
Handshake duration: 51.54 ms
Execution 316 - QUIC Single
Handshake duration: 1028.92 ms
Execution 317 - QUIC Single
Handshake duration: 34.21 ms
Execution 318 - QUIC Single
Handshake duration: 74.99 ms
Execution 319 - QUIC Single
Handshake duration: 35.87 ms
Execution 320 - QUIC Single
Handshake duration: 48.39 ms
Execution 321 - QUIC Single
Handshake duration: 50.00 ms
Execution 322 - QUIC Single
Handshake duration: 37.74 ms
Execution 323 - QUIC Single
Handshake duration: 35.14 ms
Execution 324 - QUIC Single
Handshake duration: 316.52 ms
Execution 325 - QUIC Single
Handshake duration: 115.15 ms
Execution 326 - QUIC Single
Handshake duration: 33.77 ms
Execution 327 - QUIC Single
Handshake duration: 49.87 ms
Execution 328 - QUIC Single
Handshake duration: 33.44 ms
Execution 329 - QUIC Single
Handshake duration: 34.64 ms
Execution 330 - QUIC Single
Handshake duration: 34.69 ms
Execution 331 - QUIC Single
Handshake duration: 41.27 ms
Execution 332 - QUIC Single
Handshake duration: 54.22 ms
Execution 333 - QUIC Single
Handshake duration: 75.57 ms
Execution 334 - QUIC Single
Handshake duration: 83.22 ms
Execution 335 - QUIC Single
Handshake duration: 41.66 ms
Execution 336 - QUIC Single
Handshake duration: 34.83 ms
Execution 337 - QUIC Single
Handshake duration: 146.80 ms
Execution 338 - QUIC Single
Handshake duration: 75.91 ms
Execution 339 - QUIC Single
Handshake duration: 62.94 ms
Execution 340 - QUIC Single
Handshake duration: 47.58 ms
Execution 341 - QUIC Single
Handshake duration: 75.85 ms
Execution 342 - QUIC Single
Handshake duration: 34.69 ms
Execution 343 - QUIC Single
Handshake duration: 158.17 ms
Execution 344 - QUIC Single
Handshake duration: 35.07 ms
Execution 345 - QUIC Single
Handshake duration: 33.50 ms
Execution 346 - QUIC Single
Handshake duration: 33.98 ms
Execution 347 - QUIC Single
Handshake duration: 74.81 ms
Execution 348 - QUIC Single
Handshake duration: 35.56 ms
Execution 349 - QUIC Single
Handshake duration: 35.45 ms
Execution 350 - QUIC Single
Handshake duration: 34.56 ms
Execution 351 - QUIC Single
Handshake duration: 34.39 ms
Execution 352 - QUIC Single
Handshake duration: 50.88 ms
Execution 353 - QUIC Single
Handshake duration: 34.99 ms
Execution 354 - QUIC Single
Handshake duration: 35.59 ms
Execution 355 - QUIC Single
Handshake duration: 34.39 ms
Execution 356 - QUIC Single
Handshake duration: 34.67 ms
Execution 357 - QUIC Single
Handshake duration: 34.11 ms
Execution 358 - QUIC Single
Handshake duration: 33.82 ms
Execution 359 - QUIC Single
Handshake duration: 3086.52 ms
Execution 360 - QUIC Single
Handshake duration: 56.68 ms
Execution 361 - QUIC Single
Handshake duration: 36.05 ms
Execution 362 - QUIC Single
Handshake duration: 57.04 ms
Execution 363 - QUIC Single
Handshake duration: 38.57 ms
Execution 364 - QUIC Single
Handshake duration: 36.97 ms
Execution 365 - QUIC Single
Handshake duration: 37.93 ms
Execution 366 - QUIC Single
Handshake duration: 37.30 ms
Execution 367 - QUIC Single
Handshake duration: 37.59 ms
Execution 368 - QUIC Single
Handshake duration: 1041.18 ms
Execution 369 - QUIC Single
Handshake duration: 92.84 ms
Execution 370 - QUIC Single
Handshake duration: 55.10 ms
Execution 371 - QUIC Single
Handshake duration: 54.12 ms
Execution 372 - QUIC Single
Handshake duration: 85.38 ms
Execution 373 - QUIC Single
Handshake duration: 108.95 ms
Execution 374 - QUIC Single
Handshake duration: 38.26 ms
Execution 375 - QUIC Single
Handshake duration: 49.28 ms
Execution 376 - QUIC Single
Handshake duration: 88.75 ms
Execution 377 - QUIC Single
Handshake duration: 34.49 ms
Execution 378 - QUIC Single
Handshake duration: 50.97 ms
Execution 379 - QUIC Single
Handshake duration: 70.22 ms
Execution 380 - QUIC Single
Handshake duration: 85.12 ms
Execution 381 - QUIC Single
Handshake duration: 83.01 ms
Execution 382 - QUIC Single
Handshake duration: 38.71 ms
Execution 383 - QUIC Single
Handshake duration: 46.49 ms
Execution 384 - QUIC Single
Handshake duration: 36.79 ms
Execution 385 - QUIC Single
Handshake duration: 55.61 ms
Execution 386 - QUIC Single
Handshake duration: 1121.48 ms
Execution 387 - QUIC Single
Handshake duration: 37.97 ms
Execution 388 - QUIC Single
Handshake duration: 43.51 ms
Execution 389 - QUIC Single
Handshake duration: 81.41 ms
Execution 390 - QUIC Single
Handshake duration: 35.07 ms
Execution 391 - QUIC Single
Handshake duration: 38.36 ms
Execution 392 - QUIC Single
Handshake duration: 46.90 ms
Execution 393 - QUIC Single
Handshake duration: 37.45 ms
Execution 394 - QUIC Single
Handshake duration: 3096.55 ms
Execution 395 - QUIC Single
Handshake duration: 2038.63 ms
Execution 396 - QUIC Single
Handshake duration: 141.67 ms
Execution 397 - QUIC Single
Handshake duration: 1108.08 ms
Execution 398 - QUIC Single
Handshake duration: 92.18 ms
Execution 399 - QUIC Single
Handshake duration: 32.99 ms
Execution 400 - QUIC Single
Handshake duration: 32.76 ms
Execution 401 - QUIC Single
Handshake duration: 33.26 ms
Execution 402 - QUIC Single
Handshake duration: 39.90 ms
Execution 403 - QUIC Single
Handshake duration: 307.66 ms
Execution 404 - QUIC Single
Handshake duration: 33.04 ms
Execution 405 - QUIC Single
Handshake duration: 48.53 ms
Execution 406 - QUIC Single
Handshake duration: 36.39 ms
Execution 407 - QUIC Single
Handshake duration: 34.87 ms
Execution 408 - QUIC Single
Handshake duration: 41.34 ms
Execution 409 - QUIC Single
Handshake duration: 32.74 ms
Execution 410 - QUIC Single
Handshake duration: 33.85 ms
Execution 411 - QUIC Single
Handshake duration: 44.20 ms
Execution 412 - QUIC Single
Handshake duration: 49.43 ms
Execution 413 - QUIC Single
Handshake duration: 59.97 ms
Execution 414 - QUIC Single
Handshake duration: 36.73 ms
Execution 415 - QUIC Single
Handshake duration: 48.38 ms
Execution 416 - QUIC Single
Handshake duration: 75.09 ms
Execution 417 - QUIC Single
Handshake duration: 55.17 ms
Execution 418 - QUIC Single
Handshake duration: 66.75 ms
Execution 419 - QUIC Single
Handshake duration: 185.32 ms
Execution 420 - QUIC Single
Handshake duration: 1199.77 ms
Execution 421 - QUIC Single
Handshake duration: 150.95 ms
Execution 422 - QUIC Single
Handshake duration: 46.20 ms
Execution 423 - QUIC Single
Handshake duration: 57.55 ms
Execution 424 - QUIC Single
Handshake duration: 1040.24 ms
Execution 425 - QUIC Single
Handshake duration: 35.66 ms
Execution 426 - QUIC Single
Handshake duration: 35.96 ms
Execution 427 - QUIC Single
Handshake duration: 104.82 ms
Execution 428 - QUIC Single
Handshake duration: 194.63 ms
Execution 429 - QUIC Single
Handshake duration: 2083.80 ms
Execution 430 - QUIC Single
Handshake duration: 7025.75 ms
Execution 431 - QUIC Single
Handshake duration: 183.70 ms
Execution 432 - QUIC Single
Handshake duration: 69.40 ms
Execution 433 - QUIC Single
Handshake duration: 62.99 ms
Execution 434 - QUIC Single
Handshake duration: 33.76 ms
Execution 435 - QUIC Single
Handshake duration: 37.29 ms
Execution 436 - QUIC Single
Handshake duration: 34.61 ms
Execution 437 - QUIC Single
Handshake duration: 34.80 ms
Execution 438 - QUIC Single
Handshake duration: 36.12 ms
Execution 439 - QUIC Single
Handshake duration: 32.99 ms
Execution 440 - QUIC Single
Handshake duration: 36.83 ms
Execution 441 - QUIC Single
Handshake duration: 40.48 ms
Execution 442 - QUIC Single
Handshake duration: 1087.83 ms
Execution 443 - QUIC Single
Handshake duration: 101.34 ms
Execution 444 - QUIC Single
Handshake duration: 61.87 ms
Execution 445 - QUIC Single
Handshake duration: 57.69 ms
Execution 446 - QUIC Single
Handshake duration: 34.16 ms
Execution 447 - QUIC Single
Handshake duration: 36.56 ms
Execution 448 - QUIC Single
Handshake duration: 33.88 ms
Execution 449 - QUIC Single
Handshake duration: 34.25 ms
Execution 450 - QUIC Single
Handshake duration: 49.43 ms
Execution 451 - QUIC Single
Handshake duration: 1047.56 ms
Execution 452 - QUIC Single
Handshake duration: 54.39 ms
Execution 453 - QUIC Single
Handshake duration: 43.93 ms
Execution 454 - QUIC Single
Handshake duration: 34.76 ms
Execution 455 - QUIC Single
Handshake duration: 35.06 ms
Execution 456 - QUIC Single
Handshake duration: 34.36 ms
Execution 457 - QUIC Single
Handshake duration: 65.80 ms
Execution 458 - QUIC Single
Handshake duration: 35.64 ms
Execution 459 - QUIC Single
Handshake duration: 42.65 ms
Execution 460 - QUIC Single
Handshake duration: 33.94 ms
Execution 461 - QUIC Single
Handshake duration: 42.67 ms
Execution 462 - QUIC Single
Handshake duration: 63.80 ms
Execution 463 - QUIC Single
Handshake duration: 35.30 ms
Execution 464 - QUIC Single
Handshake duration: 97.97 ms
Execution 465 - QUIC Single
Handshake duration: 34.70 ms
Execution 466 - QUIC Single
Handshake duration: 60.41 ms
Execution 467 - QUIC Single
Handshake duration: 37.53 ms
Execution 468 - QUIC Single
Handshake duration: 34.88 ms
Execution 469 - QUIC Single
Handshake duration: 35.08 ms
Execution 470 - QUIC Single
Handshake duration: 60.34 ms
Execution 471 - QUIC Single
Handshake duration: 34.96 ms
Execution 472 - QUIC Single
Handshake duration: 74.78 ms
Execution 473 - QUIC Single
Handshake duration: 35.07 ms
Execution 474 - QUIC Single
Handshake duration: 33.90 ms
Execution 475 - QUIC Single
Handshake duration: 75.70 ms
Execution 476 - QUIC Single
Handshake duration: 62.62 ms
Execution 477 - QUIC Single
Handshake duration: 34.12 ms
Execution 478 - QUIC Single
Handshake duration: 1041.42 ms
Execution 479 - QUIC Single
Handshake duration: 1028.71 ms
Execution 480 - QUIC Single
Handshake duration: 48.37 ms
Execution 481 - QUIC Single
Handshake duration: 33.90 ms
Execution 482 - QUIC Single
Handshake duration: 4091.32 ms
Execution 483 - QUIC Single
Handshake duration: 61.12 ms
Execution 484 - QUIC Single
Handshake duration: 49.98 ms
Execution 485 - QUIC Single
Handshake duration: 33.19 ms
Execution 486 - QUIC Single
Handshake duration: 2072.23 ms
Execution 487 - QUIC Single
Handshake duration: 36.08 ms
Execution 488 - QUIC Single
Handshake duration: 99.45 ms
Execution 489 - QUIC Single
Handshake duration: 1029.26 ms
Execution 490 - QUIC Single
Handshake duration: 34.83 ms
Execution 491 - QUIC Single
Handshake duration: 36.19 ms
Execution 492 - QUIC Single
Handshake duration: 34.39 ms
Execution 493 - QUIC Single
Handshake duration: 34.18 ms
Execution 494 - QUIC Single
Handshake duration: 50.16 ms
Execution 495 - QUIC Single
Handshake duration: 33.79 ms
Execution 496 - QUIC Single
Handshake duration: 75.42 ms
Execution 497 - QUIC Single
Handshake duration: 33.51 ms
Execution 498 - QUIC Single
Handshake duration: 33.78 ms
Execution 499 - QUIC Single
Handshake duration: 33.97 ms
Execution 500 - QUIC Single
Handshake duration: 34.30 ms
