Handshake timeout budget: 150s (identique TLS/QUIC)
Applying netem rules to lo...
Showing qdisc status for the interface: lo
qdisc netem 80d2: root refcnt 2 limit 1000 seed 9021521883840409107
 Sent 0 bytes 0 pkt (dropped 0, overlimits 0 requeues 0) 
 backlog 0b 0p requeues 0
Running ./perftestClientTlsQuic.sh with SIG_ALG=mldsa87 and KEM_ALG=p521_mlkem1024
Execution 1 - QUIC Single
Handshake duration: 18.46 ms
Execution 2 - QUIC Single
Handshake duration: 12.32 ms
Execution 3 - QUIC Single
Handshake duration: 19.74 ms
Execution 4 - QUIC Single
Handshake duration: 2008.31 ms
Execution 5 - QUIC Single
Handshake duration: 11.42 ms
Execution 6 - QUIC Single
Handshake duration: 165.59 ms
Execution 7 - QUIC Single
Handshake duration: 11.35 ms
Execution 8 - QUIC Single
Handshake duration: 11.77 ms
Execution 9 - QUIC Single
Handshake duration: 2037.62 ms
Execution 10 - QUIC Single
Handshake duration: 2036.01 ms
Execution 11 - QUIC Single
Handshake duration: 13.60 ms
Execution 12 - QUIC Single
Handshake duration: 2012.25 ms
Execution 13 - QUIC Single
Handshake duration: 11.48 ms
Execution 14 - QUIC Single
Handshake duration: 12.08 ms
Execution 15 - QUIC Single
Handshake duration: 12.58 ms
Execution 16 - QUIC Single
Handshake duration: 42.18 ms
Execution 17 - QUIC Single
Handshake duration: 11.88 ms
Execution 18 - QUIC Single
Handshake duration: 2008.36 ms
Execution 19 - QUIC Single
Handshake duration: 12.37 ms
Execution 20 - QUIC Single
Handshake duration: 16.89 ms
Execution 21 - QUIC Single
Handshake duration: 3027.87 ms
Execution 22 - QUIC Single
Handshake duration: 12.74 ms
Execution 23 - QUIC Single
Handshake duration: 41.62 ms
Execution 24 - QUIC Single
Handshake duration: 3125.76 ms
Execution 25 - QUIC Single
Handshake duration: 16.86 ms
Execution 26 - QUIC Single
Handshake duration: 12.94 ms
Execution 27 - QUIC Single
Handshake duration: 11.87 ms
Execution 28 - QUIC Single
Handshake duration: 18.54 ms
Execution 29 - QUIC Single
Handshake duration: 13.02 ms
Execution 30 - QUIC Single
Handshake duration: NaN ms
Execution 31 - QUIC Single
Handshake duration: 3021.49 ms
Execution 32 - QUIC Single
Handshake duration: 16.53 ms
Execution 33 - QUIC Single
Handshake duration: 11.48 ms
Execution 34 - QUIC Single
Handshake duration: 2008.34 ms
Execution 35 - QUIC Single
Handshake duration: 11.49 ms
Execution 36 - QUIC Single
Handshake duration: 11.72 ms
Execution 37 - QUIC Single
Handshake duration: 11.08 ms
Execution 38 - QUIC Single
Handshake duration: 10.92 ms
Execution 39 - QUIC Single
Handshake duration: 12.48 ms
Execution 40 - QUIC Single
Handshake duration: 12.34 ms
Execution 41 - QUIC Single
Handshake duration: 13.75 ms
Execution 42 - QUIC Single
Handshake duration: 13.56 ms
Execution 43 - QUIC Single
Handshake duration: 14.00 ms
Execution 44 - QUIC Single
Handshake duration: 3202.18 ms
Execution 45 - QUIC Single
Handshake duration: 14.52 ms
Execution 46 - QUIC Single
Handshake duration: 12.51 ms
Execution 47 - QUIC Single
Handshake duration: 43.06 ms
Execution 48 - QUIC Single
Handshake duration: 45.55 ms
Execution 49 - QUIC Single
Handshake duration: 13.51 ms
Execution 50 - QUIC Single
Handshake duration: 7062.38 ms
Execution 51 - QUIC Single
Handshake duration: 21.46 ms
Execution 52 - QUIC Single
Handshake duration: 16.91 ms
Execution 53 - QUIC Single
Handshake duration: 44.12 ms
Execution 54 - QUIC Single
Handshake duration: 17.03 ms
Execution 55 - QUIC Single
Handshake duration: 11.95 ms
Execution 56 - QUIC Single
Handshake duration: 13.11 ms
Execution 57 - QUIC Single
Handshake duration: 13.19 ms
Execution 58 - QUIC Single
Handshake duration: 43.88 ms
Execution 59 - QUIC Single
Handshake duration: 11.48 ms
Execution 60 - QUIC Single
Handshake duration: 12.19 ms
Execution 61 - QUIC Single
Handshake duration: 12.40 ms
Execution 62 - QUIC Single
Handshake duration: 55.83 ms
Execution 63 - QUIC Single
Handshake duration: 2036.14 ms
Execution 64 - QUIC Single
Handshake duration: 10.84 ms
Execution 65 - QUIC Single
Handshake duration: 17.44 ms
Execution 66 - QUIC Single
Handshake duration: 11.33 ms
Execution 67 - QUIC Single
Handshake duration: 14.00 ms
Execution 68 - QUIC Single
Handshake duration: 16.98 ms
Execution 69 - QUIC Single
Handshake duration: 13.68 ms
Execution 70 - QUIC Single
Handshake duration: 101.67 ms
Execution 71 - QUIC Single
Handshake duration: 12.85 ms
Execution 72 - QUIC Single
Handshake duration: 11.78 ms
Execution 73 - QUIC Single
Handshake duration: 12.47 ms
Execution 74 - QUIC Single
Handshake duration: 12.62 ms
Execution 75 - QUIC Single
Handshake duration: 11.64 ms
Execution 76 - QUIC Single
Handshake duration: 13.14 ms
Execution 77 - QUIC Single
Handshake duration: 17.05 ms
Execution 78 - QUIC Single
Handshake duration: 12.46 ms
Execution 79 - QUIC Single
Handshake duration: 17.50 ms
Execution 80 - QUIC Single
Handshake duration: 43.70 ms
Execution 81 - QUIC Single
Handshake duration: 12.72 ms
Execution 82 - QUIC Single
Handshake duration: 42.49 ms
Execution 83 - QUIC Single
Handshake duration: 17.72 ms
Execution 84 - QUIC Single
Handshake duration: 15.55 ms
Execution 85 - QUIC Single
Handshake duration: 12.17 ms
Execution 86 - QUIC Single
Handshake duration: 14.05 ms
Execution 87 - QUIC Single
Handshake duration: 13.33 ms
Execution 88 - QUIC Single
Handshake duration: 2036.46 ms
Execution 89 - QUIC Single
Handshake duration: 2040.51 ms
Execution 90 - QUIC Single
Handshake duration: 73.58 ms
Execution 91 - QUIC Single
Handshake duration: 14.11 ms
Execution 92 - QUIC Single
Handshake duration: 11.98 ms
Execution 93 - QUIC Single
Handshake duration: 15.02 ms
Execution 94 - QUIC Single
Handshake duration: 44.19 ms
Execution 95 - QUIC Single
Handshake duration: 105.48 ms
Execution 96 - QUIC Single
Handshake duration: 17.14 ms
Execution 97 - QUIC Single
Handshake duration: 17.01 ms
Execution 98 - QUIC Single
Handshake duration: 73.18 ms
Execution 99 - QUIC Single
Handshake duration: 13.29 ms
Execution 100 - QUIC Single
Handshake duration: 13.75 ms
Execution 101 - QUIC Single
Handshake duration: 43.09 ms
Execution 102 - QUIC Single
Handshake duration: 14.16 ms
Execution 103 - QUIC Single
Handshake duration: 12.46 ms
Execution 104 - QUIC Single
Handshake duration: 12.32 ms
Execution 105 - QUIC Single
Handshake duration: 41.58 ms
Execution 106 - QUIC Single
Handshake duration: 54.09 ms
Execution 107 - QUIC Single
Handshake duration: 12.28 ms
Execution 108 - QUIC Single
Handshake duration: 13.32 ms
Execution 109 - QUIC Single
Handshake duration: 3110.64 ms
Execution 110 - QUIC Single
Handshake duration: 50.22 ms
Execution 111 - QUIC Single
Handshake duration: 14.06 ms
Execution 112 - QUIC Single
Handshake duration: 71.42 ms
Execution 113 - QUIC Single
Handshake duration: 52.17 ms
Execution 114 - QUIC Single
Handshake duration: 12.44 ms
Execution 115 - QUIC Single
Handshake duration: 3118.90 ms
Execution 116 - QUIC Single
Handshake duration: 49.72 ms
Execution 117 - QUIC Single
Handshake duration: 12.39 ms
Execution 118 - QUIC Single
Handshake duration: 12.98 ms
Execution 119 - QUIC Single
Handshake duration: 17.40 ms
Execution 120 - QUIC Single
Handshake duration: 3067.32 ms
Execution 121 - QUIC Single
Handshake duration: 11.84 ms
Execution 122 - QUIC Single
Handshake duration: 80.45 ms
Execution 123 - QUIC Single
Handshake duration: 14.11 ms
Execution 124 - QUIC Single
Handshake duration: 16.95 ms
Execution 125 - QUIC Single
Handshake duration: 49.70 ms
