Applying netem rules to lo...
Showing qdisc status for the interface: lo
qdisc netem 84e9: root refcnt 2 limit 1000 seed 7755601369459262691
 Sent 0 bytes 0 pkt (dropped 0, overlimits 0 requeues 0) 
 backlog 0b 0p requeues 0
Running ./perftestClientTlsQuic.sh with SIG_ALG=secp521r1 and KEM_ALG=p521_hqc256
Execution 1 - QUIC Single
Handshake duration: 151.10 ms
Execution 2 - QUIC Single
Handshake duration: 244.40 ms
Execution 3 - QUIC Single
Handshake duration: NaN ms
Execution 4 - QUIC Single
Handshake duration: 159.06 ms
Execution 5 - QUIC Single
Handshake duration: 129.77 ms
Execution 6 - QUIC Single
Handshake duration: 133.67 ms
Execution 7 - QUIC Single
Handshake duration: 244.26 ms
Execution 8 - QUIC Single
Handshake duration: 127.28 ms
Execution 9 - QUIC Single
Handshake duration: 141.92 ms
Execution 10 - QUIC Single
Handshake duration: 139.89 ms
Execution 11 - QUIC Single
Handshake duration: 130.30 ms
Execution 12 - QUIC Single
Handshake duration: 131.38 ms
Execution 13 - QUIC Single
Handshake duration: 128.81 ms
Execution 14 - QUIC Single
Handshake duration: 151.78 ms
Execution 15 - QUIC Single
Handshake duration: 1077.62 ms
Execution 16 - QUIC Single
Handshake duration: 301.28 ms
Execution 17 - QUIC Single
Handshake duration: 236.87 ms
Execution 18 - QUIC Single
Handshake duration: 231.69 ms
Execution 19 - QUIC Single
Handshake duration: 130.04 ms
Execution 20 - QUIC Single
Handshake duration: 202.09 ms
Execution 21 - QUIC Single
Handshake duration: 146.67 ms
Execution 22 - QUIC Single
Handshake duration: 138.39 ms
Execution 23 - QUIC Single
Handshake duration: 251.52 ms
Execution 24 - QUIC Single
Handshake duration: 132.91 ms
Execution 25 - QUIC Single
Handshake duration: 205.87 ms
Execution 26 - QUIC Single
Handshake duration: 128.89 ms
Execution 27 - QUIC Single
Handshake duration: 164.49 ms
Execution 28 - QUIC Single
Handshake duration: 167.61 ms
Execution 29 - QUIC Single
Handshake duration: 136.74 ms
Execution 30 - QUIC Single
Handshake duration: 130.49 ms
Execution 31 - QUIC Single
Handshake duration: 194.34 ms
Execution 32 - QUIC Single
Handshake duration: 128.84 ms
Execution 33 - QUIC Single
Handshake duration: 135.18 ms
Execution 34 - QUIC Single
Handshake duration: 134.30 ms
Execution 35 - QUIC Single
Handshake duration: 143.30 ms
Execution 36 - QUIC Single
Handshake duration: 142.40 ms
Execution 37 - QUIC Single
Handshake duration: 284.85 ms
Execution 38 - QUIC Single
Handshake duration: 226.60 ms
Execution 39 - QUIC Single
Handshake duration: 157.33 ms
Execution 40 - QUIC Single
Handshake duration: 201.65 ms
Execution 41 - QUIC Single
Handshake duration: 130.91 ms
Execution 42 - QUIC Single
Handshake duration: 155.81 ms
Execution 43 - QUIC Single
Handshake duration: 128.47 ms
Execution 44 - QUIC Single
Handshake duration: 158.38 ms
Execution 45 - QUIC Single
Handshake duration: 129.28 ms
Execution 46 - QUIC Single
Handshake duration: 127.82 ms
Execution 47 - QUIC Single
Handshake duration: 156.16 ms
Execution 48 - QUIC Single
Handshake duration: 156.52 ms
Execution 49 - QUIC Single
Handshake duration: 128.75 ms
Execution 50 - QUIC Single
Handshake duration: 130.12 ms
Execution 51 - QUIC Single
Handshake duration: 220.75 ms
Execution 52 - QUIC Single
Handshake duration: 131.06 ms
Execution 53 - QUIC Single
Handshake duration: 144.01 ms
Execution 54 - QUIC Single
Handshake duration: 134.04 ms
Execution 55 - QUIC Single
Handshake duration: 131.00 ms
Execution 56 - QUIC Single
Handshake duration: 141.73 ms
Execution 57 - QUIC Single
Handshake duration: 148.94 ms
Execution 58 - QUIC Single
Handshake duration: 133.95 ms
Execution 59 - QUIC Single
Handshake duration: 138.36 ms
Execution 60 - QUIC Single
Handshake duration: 142.17 ms
Execution 61 - QUIC Single
Handshake duration: 208.56 ms
Execution 62 - QUIC Single
Handshake duration: 145.12 ms
Execution 63 - QUIC Single
Handshake duration: 237.21 ms
Execution 64 - QUIC Single
Handshake duration: 137.74 ms
Execution 65 - QUIC Single
Handshake duration: 139.31 ms
Execution 66 - QUIC Single
Handshake duration: 136.80 ms
Execution 67 - QUIC Single
Handshake duration: 131.15 ms
Execution 68 - QUIC Single
Handshake duration: 163.48 ms
Execution 69 - QUIC Single
Handshake duration: 138.66 ms
Execution 70 - QUIC Single
Handshake duration: 134.52 ms
Execution 71 - QUIC Single
Handshake duration: 564.82 ms
Execution 72 - QUIC Single
Handshake duration: 142.21 ms
Execution 73 - QUIC Single
Handshake duration: 147.73 ms
Execution 74 - QUIC Single
Handshake duration: 147.69 ms
Execution 75 - QUIC Single
Handshake duration: 202.47 ms
Execution 76 - QUIC Single
Handshake duration: 153.59 ms
Execution 77 - QUIC Single
Handshake duration: 161.09 ms
Execution 78 - QUIC Single
Handshake duration: 202.19 ms
Execution 79 - QUIC Single
Handshake duration: 175.71 ms
Execution 80 - QUIC Single
Handshake duration: 164.22 ms
Execution 81 - QUIC Single
Handshake duration: 160.11 ms
Execution 82 - QUIC Single
Handshake duration: 236.22 ms
Execution 83 - QUIC Single
Handshake duration: 1231.88 ms
Execution 84 - QUIC Single
Handshake duration: 536.77 ms
Execution 85 - QUIC Single
Handshake duration: 194.78 ms
Execution 86 - QUIC Single
Handshake duration: 153.28 ms
Execution 87 - QUIC Single
Handshake duration: 267.57 ms
Execution 88 - QUIC Single
Handshake duration: 451.95 ms
Execution 89 - QUIC Single
Handshake duration: 143.21 ms
Execution 90 - QUIC Single
Handshake duration: 159.91 ms
Execution 91 - QUIC Single
Handshake duration: 145.22 ms
Execution 92 - QUIC Single
Handshake duration: 555.60 ms
Execution 93 - QUIC Single
Handshake duration: 160.91 ms
Execution 94 - QUIC Single
Handshake duration: 153.78 ms
Execution 95 - QUIC Single
Handshake duration: 222.09 ms
Execution 96 - QUIC Single
Handshake duration: 142.00 ms
Execution 97 - QUIC Single
Handshake duration: 150.98 ms
Execution 98 - QUIC Single
Handshake duration: 159.07 ms
Execution 99 - QUIC Single
Handshake duration: 205.69 ms
Execution 100 - QUIC Single
Handshake duration: 139.40 ms
Execution 101 - QUIC Single
Handshake duration: 175.42 ms
Execution 102 - QUIC Single
Handshake duration: 153.53 ms
Execution 103 - QUIC Single
Handshake duration: 134.47 ms
Execution 104 - QUIC Single
Handshake duration: 1111.41 ms
Execution 105 - QUIC Single
Handshake duration: 156.34 ms
Execution 106 - QUIC Single
Handshake duration: 212.35 ms
Execution 107 - QUIC Single
Handshake duration: 213.69 ms
Execution 108 - QUIC Single
Handshake duration: 137.68 ms
Execution 109 - QUIC Single
Handshake duration: 1089.23 ms
Execution 110 - QUIC Single
Handshake duration: 147.43 ms
Execution 111 - QUIC Single
Handshake duration: 141.19 ms
Execution 112 - QUIC Single
Handshake duration: 1086.02 ms
Execution 113 - QUIC Single
Handshake duration: 138.86 ms
Execution 114 - QUIC Single
Handshake duration: 256.13 ms
Execution 115 - QUIC Single
Handshake duration: 146.91 ms
Execution 116 - QUIC Single
Handshake duration: 145.43 ms
Execution 117 - QUIC Single
Handshake duration: 259.71 ms
Execution 118 - QUIC Single
Handshake duration: 135.05 ms
Execution 119 - QUIC Single
Handshake duration: 138.62 ms
Execution 120 - QUIC Single
Handshake duration: 228.92 ms
Execution 121 - QUIC Single
Handshake duration: 203.61 ms
Execution 122 - QUIC Single
Handshake duration: 194.41 ms
Execution 123 - QUIC Single
Handshake duration: 179.24 ms
Execution 124 - QUIC Single
Handshake duration: 236.97 ms
Execution 125 - QUIC Single
Handshake duration: 170.09 ms
Execution 126 - QUIC Single
Handshake duration: 145.00 ms
Execution 127 - QUIC Single
Handshake duration: 150.23 ms
Execution 128 - QUIC Single
Handshake duration: 150.26 ms
Execution 129 - QUIC Single
Handshake duration: 1140.59 ms
Execution 130 - QUIC Single
Handshake duration: 140.49 ms
Execution 131 - QUIC Single
Handshake duration: 3095.82 ms
Execution 132 - QUIC Single
Handshake duration: 140.66 ms
Execution 133 - QUIC Single
Handshake duration: 313.81 ms
Execution 134 - QUIC Single
Handshake duration: 138.86 ms
Execution 135 - QUIC Single
Handshake duration: 162.06 ms
Execution 136 - QUIC Single
Handshake duration: 180.32 ms
Execution 137 - QUIC Single
Handshake duration: 138.00 ms
Execution 138 - QUIC Single
Handshake duration: 261.25 ms
Execution 139 - QUIC Single
Handshake duration: 172.75 ms
Execution 140 - QUIC Single
Handshake duration: 229.48 ms
Execution 141 - QUIC Single
Handshake duration: 280.00 ms
Execution 142 - QUIC Single
Handshake duration: 457.06 ms
Execution 143 - QUIC Single
Handshake duration: 175.94 ms
Execution 144 - QUIC Single
Handshake duration: 213.39 ms
Execution 145 - QUIC Single
Handshake duration: 409.29 ms
Execution 146 - QUIC Single
Handshake duration: 1101.96 ms
Execution 147 - QUIC Single
Handshake duration: 208.08 ms
Execution 148 - QUIC Single
Handshake duration: 173.77 ms
Execution 149 - QUIC Single
Handshake duration: 161.76 ms
Execution 150 - QUIC Single
Handshake duration: 206.40 ms
Execution 151 - QUIC Single
Handshake duration: 143.63 ms
Execution 152 - QUIC Single
Handshake duration: 135.87 ms
Execution 153 - QUIC Single
Handshake duration: 137.99 ms
Execution 154 - QUIC Single
Handshake duration: 176.62 ms
Execution 155 - QUIC Single
Handshake duration: 142.38 ms
Execution 156 - QUIC Single
Handshake duration: 160.12 ms
Execution 157 - QUIC Single
Handshake duration: 169.45 ms
Execution 158 - QUIC Single
Handshake duration: 150.89 ms
Execution 159 - QUIC Single
Handshake duration: 135.72 ms
Execution 160 - QUIC Single
Handshake duration: 139.07 ms
Execution 161 - QUIC Single
Handshake duration: 215.56 ms
Execution 162 - QUIC Single
Handshake duration: 161.51 ms
Execution 163 - QUIC Single
Handshake duration: 166.98 ms
Execution 164 - QUIC Single
Handshake duration: 143.86 ms
Execution 165 - QUIC Single
Handshake duration: 157.23 ms
Execution 166 - QUIC Single
Handshake duration: 143.51 ms
Execution 167 - QUIC Single
Handshake duration: 170.90 ms
Execution 168 - QUIC Single
Handshake duration: 138.68 ms
Execution 169 - QUIC Single
Handshake duration: 171.36 ms
Execution 170 - QUIC Single
Handshake duration: 138.64 ms
Execution 171 - QUIC Single
Handshake duration: 184.57 ms
Execution 172 - QUIC Single
Handshake duration: 264.44 ms
Execution 173 - QUIC Single
Handshake duration: 166.21 ms
Execution 174 - QUIC Single
Handshake duration: 150.94 ms
Execution 175 - QUIC Single
Handshake duration: 136.90 ms
Execution 176 - QUIC Single
Handshake duration: 135.22 ms
Execution 177 - QUIC Single
Handshake duration: 164.81 ms
Execution 178 - QUIC Single
Handshake duration: 138.85 ms
Execution 179 - QUIC Single
Handshake duration: 136.57 ms
Execution 180 - QUIC Single
Handshake duration: 141.26 ms
Execution 181 - QUIC Single
Handshake duration: 148.32 ms
Execution 182 - QUIC Single
Handshake duration: 137.11 ms
Execution 183 - QUIC Single
Handshake duration: 146.35 ms
Execution 184 - QUIC Single
Handshake duration: 1116.64 ms
Execution 185 - QUIC Single
Handshake duration: 302.79 ms
Execution 186 - QUIC Single
Handshake duration: 134.17 ms
Execution 187 - QUIC Single
Handshake duration: 158.87 ms
Execution 188 - QUIC Single
Handshake duration: 128.85 ms
Execution 189 - QUIC Single
Handshake duration: 135.54 ms
Execution 190 - QUIC Single
Handshake duration: 130.24 ms
Execution 191 - QUIC Single
Handshake duration: 148.91 ms
Execution 192 - QUIC Single
Handshake duration: 133.74 ms
Execution 193 - QUIC Single
Handshake duration: 137.27 ms
Execution 194 - QUIC Single
Handshake duration: 143.48 ms
Execution 195 - QUIC Single
Handshake duration: 160.66 ms
Execution 196 - QUIC Single
Handshake duration: 288.49 ms
Execution 197 - QUIC Single
Handshake duration: 134.72 ms
Execution 198 - QUIC Single
Handshake duration: 155.59 ms
Execution 199 - QUIC Single
Handshake duration: 137.59 ms
Execution 200 - QUIC Single
Handshake duration: 145.11 ms
Execution 201 - QUIC Single
Handshake duration: 148.82 ms
Execution 202 - QUIC Single
Handshake duration: 142.65 ms
Execution 203 - QUIC Single
Handshake duration: 135.50 ms
Execution 204 - QUIC Single
Handshake duration: 144.21 ms
Execution 205 - QUIC Single
Handshake duration: 159.85 ms
Execution 206 - QUIC Single
Handshake duration: 135.31 ms
Execution 207 - QUIC Single
Handshake duration: 133.84 ms
Execution 208 - QUIC Single
Handshake duration: 174.15 ms
Execution 209 - QUIC Single
Handshake duration: 143.98 ms
Execution 210 - QUIC Single
Handshake duration: 192.03 ms
Execution 211 - QUIC Single
Handshake duration: 175.99 ms
Execution 212 - QUIC Single
Handshake duration: 141.77 ms
Execution 213 - QUIC Single
Handshake duration: 131.25 ms
Execution 214 - QUIC Single
Handshake duration: 208.24 ms
Execution 215 - QUIC Single
Handshake duration: 180.07 ms
Execution 216 - QUIC Single
Handshake duration: 190.03 ms
Execution 217 - QUIC Single
Handshake duration: 146.45 ms
Execution 218 - QUIC Single
Handshake duration: 161.11 ms
Execution 219 - QUIC Single
Handshake duration: 166.63 ms
Execution 220 - QUIC Single
Handshake duration: 136.82 ms
Execution 221 - QUIC Single
Handshake duration: 299.63 ms
Execution 222 - QUIC Single
Handshake duration: 168.51 ms
Execution 223 - QUIC Single
Handshake duration: 279.37 ms
Execution 224 - QUIC Single
Handshake duration: 135.46 ms
Execution 225 - QUIC Single
Handshake duration: 133.06 ms
Execution 226 - QUIC Single
Handshake duration: 161.07 ms
Execution 227 - QUIC Single
Handshake duration: 142.20 ms
Execution 228 - QUIC Single
Handshake duration: 152.55 ms
Execution 229 - QUIC Single
Handshake duration: 1086.74 ms
Execution 230 - QUIC Single
Handshake duration: 136.96 ms
Execution 231 - QUIC Single
Handshake duration: 134.31 ms
Execution 232 - QUIC Single
Handshake duration: 135.30 ms
Execution 233 - QUIC Single
Handshake duration: 135.17 ms
Execution 234 - QUIC Single
Handshake duration: 169.84 ms
Execution 235 - QUIC Single
Handshake duration: 153.99 ms
Execution 236 - QUIC Single
Handshake duration: 157.24 ms
Execution 237 - QUIC Single
Handshake duration: 1085.51 ms
Execution 238 - QUIC Single
Handshake duration: 143.12 ms
Execution 239 - QUIC Single
Handshake duration: 149.34 ms
Execution 240 - QUIC Single
Handshake duration: 168.99 ms
Execution 241 - QUIC Single
Handshake duration: 197.06 ms
Execution 242 - QUIC Single
Handshake duration: 195.66 ms
Execution 243 - QUIC Single
Handshake duration: 138.46 ms
Execution 244 - QUIC Single
Handshake duration: 190.94 ms
Execution 245 - QUIC Single
Handshake duration: 1190.97 ms
Execution 246 - QUIC Single
Handshake duration: 143.01 ms
Execution 247 - QUIC Single
Handshake duration: 138.32 ms
Execution 248 - QUIC Single
Handshake duration: 147.17 ms
Execution 249 - QUIC Single
Handshake duration: 135.46 ms
Execution 250 - QUIC Single
Handshake duration: 135.94 ms
Execution 251 - QUIC Single
Handshake duration: 149.84 ms
Execution 252 - QUIC Single
Handshake duration: 136.64 ms
Execution 253 - QUIC Single
Handshake duration: 173.86 ms
Execution 254 - QUIC Single
Handshake duration: 164.27 ms
Execution 255 - QUIC Single
Handshake duration: 1171.43 ms
Execution 256 - QUIC Single
Handshake duration: 622.13 ms
Execution 257 - QUIC Single
Handshake duration: 238.14 ms
Execution 258 - QUIC Single
Handshake duration: 569.98 ms
Execution 259 - QUIC Single
Handshake duration: 271.21 ms
Execution 260 - QUIC Single
Handshake duration: 463.91 ms
Execution 261 - QUIC Single
Handshake duration: 159.75 ms
Execution 262 - QUIC Single
Handshake duration: 137.44 ms
Execution 263 - QUIC Single
Handshake duration: 141.56 ms
Execution 264 - QUIC Single
Handshake duration: 1172.71 ms
Execution 265 - QUIC Single
Handshake duration: 152.15 ms
Execution 266 - QUIC Single
Handshake duration: 474.47 ms
Execution 267 - QUIC Single
Handshake duration: 175.92 ms
Execution 268 - QUIC Single
Handshake duration: 172.61 ms
Execution 269 - QUIC Single
Handshake duration: 189.46 ms
Execution 270 - QUIC Single
Handshake duration: 163.47 ms
Execution 271 - QUIC Single
Handshake duration: 686.80 ms
Execution 272 - QUIC Single
Handshake duration: 162.82 ms
Execution 273 - QUIC Single
Handshake duration: 152.45 ms
Execution 274 - QUIC Single
Handshake duration: 1115.71 ms
Execution 275 - QUIC Single
Handshake duration: 283.80 ms
Execution 276 - QUIC Single
Handshake duration: 155.75 ms
Execution 277 - QUIC Single
Handshake duration: 164.16 ms
Execution 278 - QUIC Single
Handshake duration: 3093.79 ms
Execution 279 - QUIC Single
Handshake duration: 1082.97 ms
Execution 280 - QUIC Single
Handshake duration: 189.98 ms
Execution 281 - QUIC Single
Handshake duration: 216.16 ms
Execution 282 - QUIC Single
Handshake duration: 155.06 ms
Execution 283 - QUIC Single
Handshake duration: 1085.61 ms
Execution 284 - QUIC Single
Handshake duration: 140.20 ms
Execution 285 - QUIC Single
Handshake duration: 137.96 ms
Execution 286 - QUIC Single
Handshake duration: 135.36 ms
Execution 287 - QUIC Single
Handshake duration: 269.32 ms
Execution 288 - QUIC Single
Handshake duration: 130.60 ms
Execution 289 - QUIC Single
Handshake duration: 145.53 ms
Execution 290 - QUIC Single
Handshake duration: 131.66 ms
Execution 291 - QUIC Single
Handshake duration: 131.25 ms
Execution 292 - QUIC Single
Handshake duration: 211.77 ms
Execution 293 - QUIC Single
Handshake duration: 144.58 ms
Execution 294 - QUIC Single
Handshake duration: 137.35 ms
Execution 295 - QUIC Single
Handshake duration: 198.34 ms
Execution 296 - QUIC Single
Handshake duration: 3133.02 ms
Execution 297 - QUIC Single
Handshake duration: 136.06 ms
Execution 298 - QUIC Single
Handshake duration: 1143.58 ms
Execution 299 - QUIC Single
Handshake duration: 3089.92 ms
Execution 300 - QUIC Single
Handshake duration: 139.11 ms
Execution 301 - QUIC Single
Handshake duration: 174.45 ms
Execution 302 - QUIC Single
Handshake duration: 1389.69 ms
Execution 303 - QUIC Single
Handshake duration: 143.71 ms
Execution 304 - QUIC Single
Handshake duration: 135.84 ms
Execution 305 - QUIC Single
Handshake duration: 166.50 ms
Execution 306 - QUIC Single
Handshake duration: 171.53 ms
Execution 307 - QUIC Single
Handshake duration: 175.04 ms
Execution 308 - QUIC Single
Handshake duration: 423.21 ms
Execution 309 - QUIC Single
Handshake duration: 163.86 ms
Execution 310 - QUIC Single
Handshake duration: 1182.72 ms
Execution 311 - QUIC Single
Handshake duration: 263.09 ms
Execution 312 - QUIC Single
Handshake duration: 161.82 ms
Execution 313 - QUIC Single
Handshake duration: 240.33 ms
Execution 314 - QUIC Single
Handshake duration: 1096.27 ms
Execution 315 - QUIC Single
Handshake duration: 1157.93 ms
Execution 316 - QUIC Single
Handshake duration: 200.23 ms
Execution 317 - QUIC Single
Handshake duration: 196.58 ms
Execution 318 - QUIC Single
Handshake duration: 158.09 ms
Execution 319 - QUIC Single
Handshake duration: 152.29 ms
Execution 320 - QUIC Single
Handshake duration: 224.98 ms
Execution 321 - QUIC Single
Handshake duration: 172.04 ms
Execution 322 - QUIC Single
Handshake duration: 148.60 ms
Execution 323 - QUIC Single
Handshake duration: 152.02 ms
Execution 324 - QUIC Single
Handshake duration: 308.34 ms
Execution 325 - QUIC Single
Handshake duration: 264.73 ms
Execution 326 - QUIC Single
Handshake duration: 281.35 ms
Execution 327 - QUIC Single
Handshake duration: 157.13 ms
Execution 328 - QUIC Single
Handshake duration: 145.29 ms
Execution 329 - QUIC Single
Handshake duration: 176.05 ms
Execution 330 - QUIC Single
Handshake duration: 183.29 ms
Execution 331 - QUIC Single
Handshake duration: 3189.15 ms
Execution 332 - QUIC Single
Handshake duration: 155.98 ms
Execution 333 - QUIC Single
Handshake duration: 145.94 ms
Execution 334 - QUIC Single
Handshake duration: 151.97 ms
Execution 335 - QUIC Single
Handshake duration: 146.76 ms
Execution 336 - QUIC Single
Handshake duration: 204.48 ms
Execution 337 - QUIC Single
Handshake duration: 143.03 ms
Execution 338 - QUIC Single
Handshake duration: 161.65 ms
Execution 339 - QUIC Single
Handshake duration: 224.96 ms
Execution 340 - QUIC Single
Handshake duration: 158.29 ms
Execution 341 - QUIC Single
Handshake duration: 166.21 ms
Execution 342 - QUIC Single
Handshake duration: 636.42 ms
Execution 343 - QUIC Single
Handshake duration: 140.96 ms
Execution 344 - QUIC Single
Handshake duration: 162.27 ms
Execution 345 - QUIC Single
Handshake duration: 167.40 ms
Execution 346 - QUIC Single
Handshake duration: 136.49 ms
Execution 347 - QUIC Single
Handshake duration: 182.11 ms
Execution 348 - QUIC Single
Handshake duration: 154.85 ms
Execution 349 - QUIC Single
Handshake duration: 170.30 ms
Execution 350 - QUIC Single
Handshake duration: 366.15 ms
Execution 351 - QUIC Single
Handshake duration: 168.03 ms
Execution 352 - QUIC Single
Handshake duration: 142.63 ms
Execution 353 - QUIC Single
Handshake duration: 149.56 ms
Execution 354 - QUIC Single
Handshake duration: 152.00 ms
Execution 355 - QUIC Single
Handshake duration: 159.29 ms
Execution 356 - QUIC Single
Handshake duration: 140.45 ms
Execution 357 - QUIC Single
Handshake duration: 532.10 ms
Execution 358 - QUIC Single
Handshake duration: 156.59 ms
Execution 359 - QUIC Single
Handshake duration: 141.47 ms
Execution 360 - QUIC Single
Handshake duration: 186.42 ms
Execution 361 - QUIC Single
Handshake duration: 173.57 ms
Execution 362 - QUIC Single
Handshake duration: 146.50 ms
Execution 363 - QUIC Single
Handshake duration: 150.54 ms
Execution 364 - QUIC Single
Handshake duration: 172.44 ms
Execution 365 - QUIC Single
Handshake duration: 1138.33 ms
Execution 366 - QUIC Single
Handshake duration: 139.76 ms
Execution 367 - QUIC Single
Handshake duration: 164.10 ms
Execution 368 - QUIC Single
Handshake duration: 240.12 ms
Execution 369 - QUIC Single
Handshake duration: 249.44 ms
Execution 370 - QUIC Single
Handshake duration: 185.69 ms
Execution 371 - QUIC Single
Handshake duration: 174.64 ms
Execution 372 - QUIC Single
Handshake duration: 204.63 ms
Execution 373 - QUIC Single
Handshake duration: 167.84 ms
Execution 374 - QUIC Single
Handshake duration: 138.49 ms
Execution 375 - QUIC Single
Handshake duration: 149.50 ms
Execution 376 - QUIC Single
Handshake duration: 146.34 ms
Execution 377 - QUIC Single
Handshake duration: 1115.22 ms
Execution 378 - QUIC Single
Handshake duration: 150.87 ms
Execution 379 - QUIC Single
Handshake duration: 178.05 ms
Execution 380 - QUIC Single
Handshake duration: 151.75 ms
Execution 381 - QUIC Single
Handshake duration: 148.96 ms
Execution 382 - QUIC Single
Handshake duration: 1121.24 ms
Execution 383 - QUIC Single
Handshake duration: 249.05 ms
Execution 384 - QUIC Single
Handshake duration: 153.90 ms
Execution 385 - QUIC Single
Handshake duration: 250.96 ms
Execution 386 - QUIC Single
Handshake duration: 629.58 ms
Execution 387 - QUIC Single
Handshake duration: 632.46 ms
Execution 388 - QUIC Single
Handshake duration: 264.35 ms
Execution 389 - QUIC Single
Handshake duration: 1356.52 ms
Execution 390 - QUIC Single
Handshake duration: 255.06 ms
Execution 391 - QUIC Single
Handshake duration: 399.19 ms
Execution 392 - QUIC Single
Handshake duration: 154.22 ms
Execution 393 - QUIC Single
Handshake duration: 200.83 ms
Execution 394 - QUIC Single
Handshake duration: 155.16 ms
Execution 395 - QUIC Single
Handshake duration: 147.04 ms
Execution 396 - QUIC Single
Handshake duration: 156.54 ms
Execution 397 - QUIC Single
Handshake duration: 157.06 ms
Execution 398 - QUIC Single
Handshake duration: 160.23 ms
Execution 399 - QUIC Single
Handshake duration: 3175.64 ms
Execution 400 - QUIC Single
Handshake duration: 188.02 ms
Execution 401 - QUIC Single
Handshake duration: 172.92 ms
Execution 402 - QUIC Single
Handshake duration: 162.68 ms
Execution 403 - QUIC Single
Handshake duration: 170.99 ms
Execution 404 - QUIC Single
Handshake duration: 237.23 ms
Execution 405 - QUIC Single
Handshake duration: 172.84 ms
Execution 406 - QUIC Single
Handshake duration: 193.67 ms
Execution 407 - QUIC Single
Handshake duration: 178.51 ms
Execution 408 - QUIC Single
Handshake duration: 181.63 ms
Execution 409 - QUIC Single
Handshake duration: 171.97 ms
Execution 410 - QUIC Single
Handshake duration: 1156.95 ms
Execution 411 - QUIC Single
Handshake duration: 172.51 ms
Execution 412 - QUIC Single
Handshake duration: 167.38 ms
Execution 413 - QUIC Single
Handshake duration: 165.26 ms
Execution 414 - QUIC Single
Handshake duration: 227.75 ms
Execution 415 - QUIC Single
Handshake duration: 270.94 ms
Execution 416 - QUIC Single
Handshake duration: 173.46 ms
Execution 417 - QUIC Single
Handshake duration: 162.18 ms
Execution 418 - QUIC Single
Handshake duration: 243.59 ms
Execution 419 - QUIC Single
Handshake duration: 166.23 ms
Execution 420 - QUIC Single
Handshake duration: 166.65 ms
Execution 421 - QUIC Single
Handshake duration: 184.18 ms
Execution 422 - QUIC Single
Handshake duration: 168.84 ms
Execution 423 - QUIC Single
Handshake duration: 165.80 ms
Execution 424 - QUIC Single
Handshake duration: 170.80 ms
Execution 425 - QUIC Single
Handshake duration: 159.61 ms
Execution 426 - QUIC Single
Handshake duration: 192.04 ms
Execution 427 - QUIC Single
Handshake duration: 189.57 ms
Execution 428 - QUIC Single
Handshake duration: 208.16 ms
Execution 429 - QUIC Single
Handshake duration: 171.03 ms
Execution 430 - QUIC Single
Handshake duration: 193.80 ms
Execution 431 - QUIC Single
Handshake duration: 160.91 ms
Execution 432 - QUIC Single
Handshake duration: 200.65 ms
Execution 433 - QUIC Single
Handshake duration: 217.64 ms
Execution 434 - QUIC Single
Handshake duration: 154.88 ms
Execution 435 - QUIC Single
Handshake duration: 244.65 ms
Execution 436 - QUIC Single
Handshake duration: 148.70 ms
Execution 437 - QUIC Single
Handshake duration: 326.84 ms
Execution 438 - QUIC Single
Handshake duration: 161.65 ms
Execution 439 - QUIC Single
Handshake duration: 160.36 ms
Execution 440 - QUIC Single
Handshake duration: 140.04 ms
Execution 441 - QUIC Single
Handshake duration: 152.31 ms
Execution 442 - QUIC Single
Handshake duration: 162.81 ms
Execution 443 - QUIC Single
Handshake duration: 164.04 ms
Execution 444 - QUIC Single
Handshake duration: 164.38 ms
Execution 445 - QUIC Single
Handshake duration: 3141.83 ms
Execution 446 - QUIC Single
Handshake duration: 161.63 ms
Execution 447 - QUIC Single
Handshake duration: 158.27 ms
Execution 448 - QUIC Single
Handshake duration: 158.53 ms
Execution 449 - QUIC Single
Handshake duration: 142.42 ms
Execution 450 - QUIC Single
Handshake duration: 162.60 ms
Execution 451 - QUIC Single
Handshake duration: 172.54 ms
Execution 452 - QUIC Single
Handshake duration: 216.87 ms
Execution 453 - QUIC Single
Handshake duration: 187.69 ms
Execution 454 - QUIC Single
Handshake duration: 163.67 ms
Execution 455 - QUIC Single
Handshake duration: 227.44 ms
Execution 456 - QUIC Single
Handshake duration: 182.36 ms
Execution 457 - QUIC Single
Handshake duration: 155.77 ms
Execution 458 - QUIC Single
Handshake duration: 1124.79 ms
Execution 459 - QUIC Single
Handshake duration: 168.18 ms
Execution 460 - QUIC Single
Handshake duration: 160.10 ms
Execution 461 - QUIC Single
Handshake duration: 163.37 ms
Execution 462 - QUIC Single
Handshake duration: 145.95 ms
Execution 463 - QUIC Single
Handshake duration: 218.01 ms
Execution 464 - QUIC Single
Handshake duration: 157.66 ms
Execution 465 - QUIC Single
Handshake duration: 315.09 ms
Execution 466 - QUIC Single
Handshake duration: 182.44 ms
Execution 467 - QUIC Single
Handshake duration: 1115.97 ms
Execution 468 - QUIC Single
Handshake duration: 188.43 ms
Execution 469 - QUIC Single
Handshake duration: 173.83 ms
Execution 470 - QUIC Single
Handshake duration: 143.56 ms
Execution 471 - QUIC Single
Handshake duration: 163.37 ms
Execution 472 - QUIC Single
Handshake duration: 242.61 ms
Execution 473 - QUIC Single
Handshake duration: 173.48 ms
Execution 474 - QUIC Single
Handshake duration: 172.78 ms
Execution 475 - QUIC Single
Handshake duration: 224.68 ms
Execution 476 - QUIC Single
Handshake duration: 165.82 ms
Execution 477 - QUIC Single
Handshake duration: 164.70 ms
Execution 478 - QUIC Single
Handshake duration: 152.88 ms
Execution 479 - QUIC Single
Handshake duration: 225.16 ms
Execution 480 - QUIC Single
Handshake duration: 158.69 ms
Execution 481 - QUIC Single
Handshake duration: 1160.94 ms
Execution 482 - QUIC Single
Handshake duration: 162.22 ms
Execution 483 - QUIC Single
Handshake duration: 136.96 ms
Execution 484 - QUIC Single
Handshake duration: 146.16 ms
Execution 485 - QUIC Single
Handshake duration: 162.49 ms
Execution 486 - QUIC Single
Handshake duration: 1158.78 ms
Execution 487 - QUIC Single
Handshake duration: 149.05 ms
Execution 488 - QUIC Single
Handshake duration: 151.33 ms
Execution 489 - QUIC Single
Handshake duration: 171.55 ms
Execution 490 - QUIC Single
Handshake duration: 196.10 ms
Execution 491 - QUIC Single
Handshake duration: 1162.07 ms
Execution 492 - QUIC Single
Handshake duration: 172.25 ms
Execution 493 - QUIC Single
Handshake duration: 207.04 ms
Execution 494 - QUIC Single
Handshake duration: 189.74 ms
Execution 495 - QUIC Single
Handshake duration: 206.08 ms
Execution 496 - QUIC Single
Handshake duration: 223.57 ms
Execution 497 - QUIC Single
Handshake duration: 185.97 ms
Execution 498 - QUIC Single
Handshake duration: 272.13 ms
Execution 499 - QUIC Single
Handshake duration: 162.17 ms
Execution 500 - QUIC Single
Handshake duration: 264.09 ms
