Handshake timeout budget: 150s (identique TLS/QUIC)
Applying netem rules to lo...
Showing qdisc status for the interface: lo
qdisc netem 88cd: root refcnt 2 limit 1000 seed 16721529935245397306
 Sent 0 bytes 0 pkt (dropped 0, overlimits 0 requeues 0) 
 backlog 0b 0p requeues 0
Running ./perftestClientTlsQuic.sh with SIG_ALG=secp521r1 and KEM_ALG=p521_hqc256
Execution 1 - QUIC Single
Handshake duration: 93.45 ms
Execution 2 - QUIC Single
Handshake duration: 145.82 ms
Execution 3 - QUIC Single
Handshake duration: 277.44 ms
Execution 4 - QUIC Single
Handshake duration: 102.28 ms
Execution 5 - QUIC Single
Handshake duration: 89.71 ms
Execution 6 - QUIC Single
Handshake duration: 89.03 ms
Execution 7 - QUIC Single
Handshake duration: 1066.53 ms
Execution 8 - QUIC Single
Handshake duration: 89.27 ms
Execution 9 - QUIC Single
Handshake duration: 90.88 ms
Execution 10 - QUIC Single
Handshake duration: 89.56 ms
Execution 11 - QUIC Single
Handshake duration: 186.70 ms
Execution 12 - QUIC Single
Handshake duration: 89.57 ms
Execution 13 - QUIC Single
Handshake duration: 89.44 ms
Execution 14 - QUIC Single
Handshake duration: 100.08 ms
Execution 15 - QUIC Single
Handshake duration: 91.81 ms
Execution 16 - QUIC Single
Handshake duration: 89.13 ms
Execution 17 - QUIC Single
Handshake duration: 94.06 ms
Execution 18 - QUIC Single
Handshake duration: 89.68 ms
Execution 19 - QUIC Single
Handshake duration: 89.33 ms
Execution 20 - QUIC Single
Handshake duration: 91.58 ms
Execution 21 - QUIC Single
Handshake duration: 89.54 ms
Execution 22 - QUIC Single
Handshake duration: 89.60 ms
Execution 23 - QUIC Single
Handshake duration: 89.26 ms
Execution 24 - QUIC Single
Handshake duration: 89.39 ms
Execution 25 - QUIC Single
Handshake duration: 100.35 ms
Execution 26 - QUIC Single
Handshake duration: 96.79 ms
Execution 27 - QUIC Single
Handshake duration: 89.44 ms
Execution 28 - QUIC Single
Handshake duration: 100.63 ms
Execution 29 - QUIC Single
Handshake duration: 89.56 ms
Execution 30 - QUIC Single
Handshake duration: 89.35 ms
Execution 31 - QUIC Single
Handshake duration: 89.31 ms
Execution 32 - QUIC Single
Handshake duration: 429.38 ms
Execution 33 - QUIC Single
Handshake duration: 90.04 ms
Execution 34 - QUIC Single
Handshake duration: 89.55 ms
Execution 35 - QUIC Single
Handshake duration: 100.13 ms
Execution 36 - QUIC Single
Handshake duration: 168.44 ms
Execution 37 - QUIC Single
Handshake duration: 88.98 ms
Execution 38 - QUIC Single
Handshake duration: 89.64 ms
Execution 39 - QUIC Single
Handshake duration: 1111.25 ms
Execution 40 - QUIC Single
Handshake duration: 89.76 ms
Execution 41 - QUIC Single
Handshake duration: 89.18 ms
Execution 42 - QUIC Single
Handshake duration: 89.02 ms
Execution 43 - QUIC Single
Handshake duration: 88.96 ms
Execution 44 - QUIC Single
Handshake duration: 90.53 ms
Execution 45 - QUIC Single
Handshake duration: 116.83 ms
Execution 46 - QUIC Single
Handshake duration: 89.50 ms
Execution 47 - QUIC Single
Handshake duration: 109.84 ms
Execution 48 - QUIC Single
Handshake duration: 1116.70 ms
Execution 49 - QUIC Single
Handshake duration: 103.25 ms
Execution 50 - QUIC Single
Handshake duration: 117.88 ms
Execution 51 - QUIC Single
Handshake duration: 89.31 ms
Execution 52 - QUIC Single
Handshake duration: 91.64 ms
Execution 53 - QUIC Single
Handshake duration: 89.60 ms
Execution 54 - QUIC Single
Handshake duration: 116.81 ms
Execution 55 - QUIC Single
Handshake duration: 89.23 ms
Execution 56 - QUIC Single
Handshake duration: 89.40 ms
Execution 57 - QUIC Single
Handshake duration: 117.53 ms
Execution 58 - QUIC Single
Handshake duration: 548.70 ms
Execution 59 - QUIC Single
Handshake duration: 91.88 ms
Execution 60 - QUIC Single
Handshake duration: 89.01 ms
Execution 61 - QUIC Single
Handshake duration: 88.90 ms
Execution 62 - QUIC Single
Handshake duration: 116.75 ms
Execution 63 - QUIC Single
Handshake duration: 1123.92 ms
Execution 64 - QUIC Single
Handshake duration: 89.59 ms
Execution 65 - QUIC Single
Handshake duration: 100.11 ms
Execution 66 - QUIC Single
Handshake duration: 196.36 ms
Execution 67 - QUIC Single
Handshake duration: 249.98 ms
Execution 68 - QUIC Single
Handshake duration: 90.18 ms
Execution 69 - QUIC Single
Handshake duration: 89.52 ms
Execution 70 - QUIC Single
Handshake duration: 91.09 ms
Execution 71 - QUIC Single
Handshake duration: 93.46 ms
Execution 72 - QUIC Single
Handshake duration: 1076.69 ms
Execution 73 - QUIC Single
Handshake duration: 89.06 ms
Execution 74 - QUIC Single
Handshake duration: 89.25 ms
Execution 75 - QUIC Single
Handshake duration: 235.78 ms
Execution 76 - QUIC Single
Handshake duration: 90.09 ms
Execution 77 - QUIC Single
Handshake duration: 205.22 ms
Execution 78 - QUIC Single
Handshake duration: 89.30 ms
Execution 79 - QUIC Single
Handshake duration: 99.77 ms
Execution 80 - QUIC Single
Handshake duration: 180.96 ms
Execution 81 - QUIC Single
Handshake duration: 89.72 ms
Execution 82 - QUIC Single
Handshake duration: 89.65 ms
Execution 83 - QUIC Single
Handshake duration: 1879.37 ms
Execution 84 - QUIC Single
Handshake duration: 89.79 ms
Execution 85 - QUIC Single
Handshake duration: 1054.28 ms
Execution 86 - QUIC Single
Handshake duration: 266.70 ms
Execution 87 - QUIC Single
Handshake duration: 99.73 ms
Execution 88 - QUIC Single
Handshake duration: 89.83 ms
Execution 89 - QUIC Single
Handshake duration: 89.97 ms
Execution 90 - QUIC Single
Handshake duration: 117.11 ms
Execution 91 - QUIC Single
Handshake duration: 89.38 ms
Execution 92 - QUIC Single
Handshake duration: 1082.96 ms
Execution 93 - QUIC Single
Handshake duration: 115.17 ms
Execution 94 - QUIC Single
Handshake duration: 89.27 ms
Execution 95 - QUIC Single
Handshake duration: 193.97 ms
Execution 96 - QUIC Single
Handshake duration: 1066.92 ms
Execution 97 - QUIC Single
Handshake duration: 215.34 ms
Execution 98 - QUIC Single
Handshake duration: 116.76 ms
Execution 99 - QUIC Single
Handshake duration: 111.11 ms
Execution 100 - QUIC Single
Handshake duration: 1083.58 ms
Execution 101 - QUIC Single
Handshake duration: 88.90 ms
Execution 102 - QUIC Single
Handshake duration: 89.39 ms
Execution 103 - QUIC Single
Handshake duration: 223.60 ms
Execution 104 - QUIC Single
Handshake duration: 1058.42 ms
Execution 105 - QUIC Single
Handshake duration: 199.75 ms
Execution 106 - QUIC Single
Handshake duration: 197.13 ms
Execution 107 - QUIC Single
Handshake duration: 98.14 ms
Execution 108 - QUIC Single
Handshake duration: 96.20 ms
Execution 109 - QUIC Single
Handshake duration: 496.85 ms
Execution 110 - QUIC Single
Handshake duration: 115.19 ms
Execution 111 - QUIC Single
Handshake duration: 172.27 ms
Execution 112 - QUIC Single
Handshake duration: 99.76 ms
Execution 113 - QUIC Single
Handshake duration: 118.92 ms
Execution 114 - QUIC Single
Handshake duration: 95.69 ms
Execution 115 - QUIC Single
Handshake duration: 173.35 ms
Execution 116 - QUIC Single
Handshake duration: 91.28 ms
Execution 117 - QUIC Single
Handshake duration: 89.46 ms
Execution 118 - QUIC Single
Handshake duration: 89.67 ms
Execution 119 - QUIC Single
Handshake duration: 101.11 ms
Execution 120 - QUIC Single
Handshake duration: 177.02 ms
Execution 121 - QUIC Single
Handshake duration: 90.54 ms
Execution 122 - QUIC Single
Handshake duration: 89.39 ms
Execution 123 - QUIC Single
Handshake duration: 135.18 ms
Execution 124 - QUIC Single
Handshake duration: 171.48 ms
Execution 125 - QUIC Single
Handshake duration: 199.94 ms
