Handshake timeout budget: 150s (identique TLS/QUIC)
Applying netem rules to lo...
Showing qdisc status for the interface: lo
qdisc netem 956f: root refcnt 2 limit 1000 seed 5634171095186315524
 Sent 0 bytes 0 pkt (dropped 0, overlimits 0 requeues 0) 
 backlog 0b 0p requeues 0
Running ./perftestClientTlsQuic.sh with SIG_ALG=ed25519 and KEM_ALG=x25519_hqc128
Execution 1 - TLS Mutual
s_connection: verify depth is 1
Handshake duration: 662.93 ms
Execution 2 - TLS Mutual
s_connection: verify depth is 1
Handshake duration: 1298.90 ms
Execution 3 - TLS Mutual
s_connection: verify depth is 1
Handshake duration: 26.03 ms
Execution 4 - TLS Mutual
s_connection: verify depth is 1
Handshake duration: 19970.90 ms
Execution 5 - TLS Mutual
s_connection: verify depth is 1
Handshake duration: 1057.64 ms
Execution 6 - TLS Mutual
s_connection: verify depth is 1
Handshake duration: 2300.40 ms
Execution 7 - TLS Mutual
s_connection: verify depth is 1
Handshake duration: 23.57 ms
Execution 8 - TLS Mutual
s_connection: verify depth is 1
Handshake duration: 21.19 ms
Execution 9 - TLS Mutual
s_connection: verify depth is 1
Handshake duration: 36487.05 ms
Execution 10 - TLS Mutual
s_connection: verify depth is 1
Handshake duration: 1657.22 ms
Execution 11 - TLS Mutual
s_connection: verify depth is 1
Handshake duration: 7854.24 ms
Execution 12 - TLS Mutual
s_connection: verify depth is 1
Handshake duration: 21.71 ms
Execution 13 - TLS Mutual
s_connection: verify depth is 1
Handshake duration: 1057.32 ms
Execution 14 - TLS Mutual
s_connection: verify depth is 1
Handshake duration: 21.70 ms
Execution 15 - TLS Mutual
s_connection: verify depth is 1
Handshake duration: 1657.26 ms
Execution 16 - TLS Mutual
s_connection: verify depth is 1
Handshake duration: 21.63 ms
Execution 17 - TLS Mutual
s_connection: verify depth is 1
Handshake duration: 7261.68 ms
Execution 18 - TLS Mutual
s_connection: verify depth is 1
Handshake duration: 2729.72 ms
Execution 19 - TLS Mutual
s_connection: verify depth is 1
Handshake duration: 22.25 ms
Execution 20 - TLS Mutual
s_connection: verify depth is 1
Handshake duration: 1263.09 ms
Execution 21 - TLS Mutual
s_connection: verify depth is 1
Handshake duration: 22.04 ms
Execution 22 - TLS Mutual
s_connection: verify depth is 1
Handshake duration: 438.23 ms
Execution 23 - TLS Mutual
s_connection: verify depth is 1
Handshake duration: 22.14 ms
Execution 24 - TLS Mutual
s_connection: verify depth is 1
Handshake duration: 435.48 ms
Execution 25 - TLS Mutual
s_connection: verify depth is 1
Handshake duration: 233.83 ms
Execution 26 - TLS Mutual
s_connection: verify depth is 1
Handshake duration: 25.72 ms
Execution 27 - TLS Mutual
s_connection: verify depth is 1
Handshake duration: 1676.37 ms
Execution 28 - TLS Mutual
s_connection: verify depth is 1
Handshake duration: 4218.37 ms
Execution 29 - TLS Mutual
s_connection: verify depth is 1
Handshake duration: 15130.10 ms
Execution 30 - TLS Mutual
s_connection: verify depth is 1
Handshake duration: 105376.50 ms
Execution 31 - TLS Mutual
s_connection: verify depth is 1
Handshake duration: 4340.24 ms
Execution 32 - TLS Mutual
s_connection: verify depth is 1
Handshake duration: 1294.10 ms
Execution 33 - TLS Mutual
s_connection: verify depth is 1
Handshake duration: 25.99 ms
Execution 34 - TLS Mutual
s_connection: verify depth is 1
Handshake duration: 26.27 ms
Execution 35 - TLS Mutual
s_connection: verify depth is 1
Handshake duration: 1304.38 ms
Execution 36 - TLS Mutual
s_connection: verify depth is 1
Handshake duration: 22.71 ms
Execution 37 - TLS Mutual
s_connection: verify depth is 1
Handshake duration: 467.04 ms
Execution 38 - TLS Mutual
s_connection: verify depth is 1
Handshake duration: 2685.67 ms
Execution 39 - TLS Mutual
s_connection: verify depth is 1
Handshake duration: 3543.76 ms
Execution 40 - TLS Mutual
s_connection: verify depth is 1
Handshake duration: 3538.23 ms
Execution 41 - TLS Mutual
s_connection: verify depth is 1
Handshake duration: 23.60 ms
Execution 42 - TLS Mutual
s_connection: verify depth is 1
Handshake duration: 54754.60 ms
Execution 43 - TLS Mutual
s_connection: verify depth is 1
Handshake duration: 233.21 ms
Execution 44 - TLS Mutual
s_connection: verify depth is 1
Handshake duration: 1706.89 ms
Execution 45 - TLS Mutual
s_connection: verify depth is 1
Handshake duration: 232.34 ms
Execution 46 - TLS Mutual
s_connection: verify depth is 1
Handshake duration: 255.53 ms
Execution 47 - TLS Mutual
s_connection: verify depth is 1
Handshake duration: 5570.66 ms
Execution 48 - TLS Mutual
s_connection: verify depth is 1
Handshake duration: 230.89 ms
Execution 49 - TLS Mutual
s_connection: verify depth is 1
Handshake duration: 440.80 ms
Execution 50 - TLS Mutual
s_connection: verify depth is 1
Handshake duration: 1081.41 ms
Execution 51 - TLS Mutual
s_connection: verify depth is 1
Handshake duration: 1071.94 ms
Execution 52 - TLS Mutual
s_connection: verify depth is 1
Handshake duration: 663.16 ms
Execution 53 - TLS Mutual
s_connection: verify depth is 1
Handshake duration: 435.95 ms
Execution 54 - TLS Mutual
s_connection: verify depth is 1
Handshake duration: 428.02 ms
Execution 55 - TLS Mutual
s_connection: verify depth is 1
Handshake duration: 222.00 ms
Execution 56 - TLS Mutual
s_connection: verify depth is 1
Handshake duration: 1688.65 ms
Execution 57 - TLS Mutual
s_connection: verify depth is 1
Handshake duration: 1274.03 ms
Execution 58 - TLS Mutual
s_connection: verify depth is 1
Handshake duration: 14361.06 ms
Execution 59 - TLS Mutual
s_connection: verify depth is 1
Handshake duration: 1299.74 ms
Execution 60 - TLS Mutual
s_connection: verify depth is 1
Handshake duration: 254.68 ms
Execution 61 - TLS Mutual
s_connection: verify depth is 1
Handshake duration: 21.73 ms
Execution 62 - TLS Mutual
s_connection: verify depth is 1
Handshake duration: 20.54 ms
Execution 63 - TLS Mutual
s_connection: verify depth is 1
Handshake duration: NaN ms  (client-side timeout after 150s)
Execution 64 - TLS Mutual
s_connection: verify depth is 1
Handshake duration: 28.16 ms
Execution 65 - TLS Mutual
s_connection: verify depth is 1
Handshake duration: 1269.07 ms
Execution 66 - TLS Mutual
s_connection: verify depth is 1
Handshake duration: 3162.61 ms
Execution 67 - TLS Mutual
s_connection: verify depth is 1
Handshake duration: 22.25 ms
Execution 68 - TLS Mutual
s_connection: verify depth is 1
Handshake duration: 236.45 ms
Execution 69 - TLS Mutual
s_connection: verify depth is 1
Handshake duration: 1665.10 ms
Execution 70 - TLS Mutual
s_connection: verify depth is 1
Handshake duration: 22.34 ms
Execution 71 - TLS Mutual
s_connection: verify depth is 1
Handshake duration: 1075.22 ms
Execution 72 - TLS Mutual
s_connection: verify depth is 1
Handshake duration: 836.15 ms
Execution 73 - TLS Mutual
s_connection: verify depth is 1
Handshake duration: 22.48 ms
Execution 74 - TLS Mutual
s_connection: verify depth is 1
Handshake duration: 1700.65 ms
Execution 75 - TLS Mutual
s_connection: verify depth is 1
Handshake duration: 1920.40 ms
Execution 76 - TLS Mutual
s_connection: verify depth is 1
Handshake duration: 112931.12 ms
Execution 77 - TLS Mutual
s_connection: verify depth is 1
Handshake duration: 3566.65 ms
Execution 78 - TLS Mutual
s_connection: verify depth is 1
Handshake duration: 1942.18 ms
Execution 79 - TLS Mutual
s_connection: verify depth is 1
Handshake duration: 52765.37 ms
Execution 80 - TLS Mutual
s_connection: verify depth is 1
Handshake duration: 663.11 ms
Execution 81 - TLS Mutual
s_connection: verify depth is 1
Handshake duration: 21.74 ms
Execution 82 - TLS Mutual
s_connection: verify depth is 1
Handshake duration: 2524.25 ms
Execution 83 - TLS Mutual
s_connection: verify depth is 1
Handshake duration: 1490.67 ms
Execution 84 - TLS Mutual
s_connection: verify depth is 1
Handshake duration: 7438.76 ms
Execution 85 - TLS Mutual
s_connection: verify depth is 1
Handshake duration: 7229.26 ms
Execution 86 - TLS Mutual
s_connection: verify depth is 1
Handshake duration: 1269.77 ms
Execution 87 - TLS Mutual
s_connection: verify depth is 1
Handshake duration: 3398.12 ms
Execution 88 - TLS Mutual
s_connection: verify depth is 1
Handshake duration: 3532.82 ms
Execution 89 - TLS Mutual
s_connection: verify depth is 1
Handshake duration: 849.99 ms
Execution 90 - TLS Mutual
s_connection: verify depth is 1
Handshake duration: 2066.75 ms
Execution 91 - TLS Mutual
s_connection: verify depth is 1
Handshake duration: 1499.49 ms
Execution 92 - TLS Mutual
s_connection: verify depth is 1
Handshake duration: 1079.07 ms
Execution 93 - TLS Mutual
s_connection: verify depth is 1
Handshake duration: 21.25 ms
Execution 94 - TLS Mutual
s_connection: verify depth is 1
Handshake duration: 443.20 ms
Execution 95 - TLS Mutual
s_connection: verify depth is 1
Handshake duration: 436.38 ms
Execution 96 - TLS Mutual
s_connection: verify depth is 1
Handshake duration: 19.90 ms
Execution 97 - TLS Mutual
s_connection: verify depth is 1
Handshake duration: 19.56 ms
Execution 98 - TLS Mutual
s_connection: verify depth is 1
Handshake duration: 836.32 ms
Execution 99 - TLS Mutual
s_connection: verify depth is 1
Handshake duration: 231.71 ms
Execution 100 - TLS Mutual
s_connection: verify depth is 1
Handshake duration: 2474.61 ms
Execution 101 - TLS Mutual
s_connection: verify depth is 1
Handshake duration: 640.29 ms
Execution 102 - TLS Mutual
s_connection: verify depth is 1
Handshake duration: 22.37 ms
Execution 103 - TLS Mutual
s_connection: verify depth is 1
Handshake duration: 3131.51 ms
Execution 104 - TLS Mutual
s_connection: verify depth is 1
Handshake duration: 1483.22 ms
Execution 105 - TLS Mutual
s_connection: verify depth is 1
Handshake duration: 23.98 ms
Execution 106 - TLS Mutual
s_connection: verify depth is 1
Handshake duration: 3157.61 ms
Execution 107 - TLS Mutual
s_connection: verify depth is 1
Handshake duration: 850.11 ms
Execution 108 - TLS Mutual
s_connection: verify depth is 1
Handshake duration: 2290.95 ms
Execution 109 - TLS Mutual
s_connection: verify depth is 1
Handshake duration: 27.92 ms
Execution 110 - TLS Mutual
s_connection: verify depth is 1
Handshake duration: 21.26 ms
Execution 111 - TLS Mutual
s_connection: verify depth is 1
Handshake duration: 1477.30 ms
Execution 112 - TLS Mutual
s_connection: verify depth is 1
Handshake duration: 3350.10 ms
Execution 113 - TLS Mutual
s_connection: verify depth is 1
Handshake duration: 1045.21 ms
Execution 114 - TLS Mutual
s_connection: verify depth is 1
Handshake duration: 442.55 ms
Execution 115 - TLS Mutual
s_connection: verify depth is 1
Handshake duration: 1081.37 ms
Execution 116 - TLS Mutual
s_connection: verify depth is 1
Handshake duration: 226.56 ms
Execution 117 - TLS Mutual
s_connection: verify depth is 1
Handshake duration: 26.48 ms
Execution 118 - TLS Mutual
s_connection: verify depth is 1
Handshake duration: 442.67 ms
Execution 119 - TLS Mutual
s_connection: verify depth is 1
Handshake duration: 27.92 ms
Execution 120 - TLS Mutual
s_connection: verify depth is 1
Handshake duration: 2112.29 ms
Execution 121 - TLS Mutual
s_connection: verify depth is 1
Handshake duration: 2934.10 ms
Execution 122 - TLS Mutual
s_connection: verify depth is 1
Handshake duration: 3120.43 ms
Execution 123 - TLS Mutual
s_connection: verify depth is 1
Handshake duration: 1458.10 ms
Execution 124 - TLS Mutual
s_connection: verify depth is 1
Handshake duration: 643.82 ms
Execution 125 - TLS Mutual
s_connection: verify depth is 1
Handshake duration: 851.31 ms
