Handshake timeout budget: 150s (identique TLS/QUIC)
Applying netem rules to lo...
Showing qdisc status for the interface: lo
qdisc netem 8fa5: root refcnt 2 limit 1000 seed 10901959613654395519
 Sent 0 bytes 0 pkt (dropped 0, overlimits 0 requeues 0) 
 backlog 0b 0p requeues 0
Running ./perftestClientTlsQuic.sh with SIG_ALG=mldsa87 and KEM_ALG=P-521
Execution 1 - TLS Mutual
s_connection: verify depth is 1
Handshake duration: 292.79 ms
Execution 2 - TLS Mutual
s_connection: verify depth is 1
Handshake duration: 54252.00 ms
Execution 3 - TLS Mutual
s_connection: verify depth is 1
Handshake duration: 490.10 ms
Execution 4 - TLS Mutual
s_connection: verify depth is 1
Handshake duration: 47.35 ms
Execution 5 - TLS Mutual
s_connection: verify depth is 1
Handshake duration: 46.38 ms
Execution 6 - TLS Mutual
s_connection: verify depth is 1
Handshake duration: 46.12 ms
Execution 7 - TLS Mutual
s_connection: verify depth is 1
Handshake duration: 1895.90 ms
Execution 8 - TLS Mutual
s_connection: verify depth is 1
Handshake duration: 1294.72 ms
Execution 9 - TLS Mutual
s_connection: verify depth is 1
Handshake duration: 1082.03 ms
Execution 10 - TLS Mutual
s_connection: verify depth is 1
Handshake duration: 47.61 ms
Execution 11 - TLS Mutual
s_connection: verify depth is 1
Handshake duration: 881.21 ms
Execution 12 - TLS Mutual
s_connection: verify depth is 1
Handshake duration: 1948.88 ms
Execution 13 - TLS Mutual
s_connection: verify depth is 1
Handshake duration: 1699.24 ms
Execution 14 - TLS Mutual
s_connection: verify depth is 1
Handshake duration: 5082.89 ms
Execution 15 - TLS Mutual
s_connection: verify depth is 1
Handshake duration: 6637.41 ms
Execution 16 - TLS Mutual
s_connection: verify depth is 1
Handshake duration: 2297.37 ms
Execution 17 - TLS Mutual
s_connection: verify depth is 1
Handshake duration: 283.28 ms
Execution 18 - TLS Mutual
s_connection: verify depth is 1
Handshake duration: 13175.58 ms
Execution 19 - TLS Mutual
s_connection: verify depth is 1
Handshake duration: 3988.29 ms
Execution 20 - TLS Mutual
s_connection: verify depth is 1
Handshake duration: 1083.05 ms
Execution 21 - TLS Mutual
s_connection: verify depth is 1
Handshake duration: 2979.22 ms
Execution 22 - TLS Mutual
s_connection: verify depth is 1
Handshake duration: 4830.81 ms
Execution 23 - TLS Mutual
s_connection: verify depth is 1
Handshake duration: 3175.77 ms
Execution 24 - TLS Mutual
s_connection: verify depth is 1
Handshake duration: 48.14 ms
Execution 25 - TLS Mutual
s_connection: verify depth is 1
Handshake duration: 1307.23 ms
Execution 26 - TLS Mutual
s_connection: verify depth is 1
Handshake duration: 47.10 ms
Execution 27 - TLS Mutual
s_connection: verify depth is 1
Handshake duration: 4578.17 ms
Execution 28 - TLS Mutual
s_connection: verify depth is 1
Handshake duration: 52.96 ms
Execution 29 - TLS Mutual
s_connection: verify depth is 1
Handshake duration: 1736.23 ms
Execution 30 - TLS Mutual
s_connection: verify depth is 1
Handshake duration: 15791.62 ms
Execution 31 - TLS Mutual
s_connection: verify depth is 1
Handshake duration: 3529.26 ms
Execution 32 - TLS Mutual
s_connection: verify depth is 1
Handshake duration: 51.60 ms
Execution 33 - TLS Mutual
s_connection: verify depth is 1
Handshake duration: 2783.47 ms
Execution 34 - TLS Mutual
s_connection: verify depth is 1
Handshake duration: 46.73 ms
Execution 35 - TLS Mutual
s_connection: verify depth is 1
Handshake duration: 1317.25 ms
Execution 36 - TLS Mutual
s_connection: verify depth is 1
Handshake duration: 3759.10 ms
Execution 37 - TLS Mutual
s_connection: verify depth is 1
Handshake duration: 1314.96 ms
Execution 38 - TLS Mutual
s_connection: verify depth is 1
Handshake duration: 47.16 ms
Execution 39 - TLS Mutual
s_connection: verify depth is 1
Handshake duration: 492.04 ms
Execution 40 - TLS Mutual
s_connection: verify depth is 1
Handshake duration: 46.33 ms
Execution 41 - TLS Mutual
s_connection: verify depth is 1
Handshake duration: 1690.92 ms
Execution 42 - TLS Mutual
s_connection: verify depth is 1
Handshake duration: 3578.76 ms
Execution 43 - TLS Mutual
s_connection: verify depth is 1
Handshake duration: 282.22 ms
Execution 44 - TLS Mutual
s_connection: verify depth is 1
Handshake duration: 4188.99 ms
Execution 45 - TLS Mutual
s_connection: verify depth is 1
Handshake duration: 1481.81 ms
Execution 46 - TLS Mutual
s_connection: verify depth is 1
Handshake duration: 7449.04 ms
Execution 47 - TLS Mutual
s_connection: verify depth is 1
Handshake duration: 1068.56 ms
Execution 48 - TLS Mutual
s_connection: verify depth is 1
Handshake duration: 47.94 ms
Execution 49 - TLS Mutual
s_connection: verify depth is 1
Handshake duration: 47.75 ms
Execution 50 - TLS Mutual
s_connection: verify depth is 1
Handshake duration: 12857.51 ms
Execution 51 - TLS Mutual
s_connection: verify depth is 1
Handshake duration: 1523.19 ms
Execution 52 - TLS Mutual
s_connection: verify depth is 1
Handshake duration: 47.52 ms
Execution 53 - TLS Mutual
s_connection: verify depth is 1
Handshake duration: 1703.48 ms
Execution 54 - TLS Mutual
s_connection: verify depth is 1
Handshake duration: 2754.64 ms
Execution 55 - TLS Mutual
s_connection: verify depth is 1
Handshake duration: 3381.26 ms
Execution 56 - TLS Mutual
s_connection: verify depth is 1
Handshake duration: 53018.72 ms
Execution 57 - TLS Mutual
s_connection: verify depth is 1
Handshake duration: 1335.95 ms
Execution 58 - TLS Mutual
s_connection: verify depth is 1
Handshake duration: 3178.14 ms
Execution 59 - TLS Mutual
s_connection: verify depth is 1
Handshake duration: 14822.85 ms
Execution 60 - TLS Mutual
s_connection: verify depth is 1
Handshake duration: 15262.52 ms
Execution 61 - TLS Mutual
s_connection: verify depth is 1
Handshake duration: 1732.14 ms
Execution 62 - TLS Mutual
s_connection: verify depth is 1
Handshake duration: 1482.70 ms
Execution 63 - TLS Mutual
s_connection: verify depth is 1
Handshake duration: 288.92 ms
Execution 64 - TLS Mutual
s_connection: verify depth is 1
Handshake duration: 10328.66 ms
Execution 65 - TLS Mutual
s_connection: verify depth is 1
Handshake duration: 671.15 ms
Execution 66 - TLS Mutual
s_connection: verify depth is 1
Handshake duration: 490.13 ms
Execution 67 - TLS Mutual
s_connection: verify depth is 1
Handshake duration: 1120.91 ms
Execution 68 - TLS Mutual
s_connection: verify depth is 1
Handshake duration: 46.94 ms
Execution 69 - TLS Mutual
s_connection: verify depth is 1
Handshake duration: 2781.71 ms
Execution 70 - TLS Mutual
s_connection: verify depth is 1
Handshake duration: 4449.92 ms
Execution 71 - TLS Mutual
s_connection: verify depth is 1
Handshake duration: 8471.99 ms
Execution 72 - TLS Mutual
s_connection: verify depth is 1
Handshake duration: 46.73 ms
Execution 73 - TLS Mutual
s_connection: verify depth is 1
Handshake duration: 7657.61 ms
Execution 74 - TLS Mutual
s_connection: verify depth is 1
Handshake duration: 1105.04 ms
Execution 75 - TLS Mutual
s_connection: verify depth is 1
Handshake duration: 47.16 ms
Execution 76 - TLS Mutual
s_connection: verify depth is 1
Handshake duration: 46.15 ms
Execution 77 - TLS Mutual
s_connection: verify depth is 1
Handshake duration: 46.90 ms
Execution 78 - TLS Mutual
s_connection: verify depth is 1
Handshake duration: 54272.58 ms
Execution 79 - TLS Mutual
s_connection: verify depth is 1
Handshake duration: 46.99 ms
Execution 80 - TLS Mutual
s_connection: verify depth is 1
Handshake duration: 46.12 ms
Execution 81 - TLS Mutual
s_connection: verify depth is 1
Handshake duration: 1728.52 ms
Execution 82 - TLS Mutual
s_connection: verify depth is 1
Handshake duration: 492.01 ms
Execution 83 - TLS Mutual
s_connection: verify depth is 1
Handshake duration: 288.47 ms
Execution 84 - TLS Mutual
s_connection: verify depth is 1
Handshake duration: 2140.05 ms
Execution 85 - TLS Mutual
s_connection: verify depth is 1
Handshake duration: 495.21 ms
Execution 86 - TLS Mutual
s_connection: verify depth is 1
Handshake duration: 879.18 ms
Execution 87 - TLS Mutual
s_connection: verify depth is 1
Handshake duration: 258.11 ms
Execution 88 - TLS Mutual
s_connection: verify depth is 1
Handshake duration: 8716.10 ms
Execution 89 - TLS Mutual
s_connection: verify depth is 1
Handshake duration: 1110.34 ms
Execution 90 - TLS Mutual
s_connection: verify depth is 1
Handshake duration: 281.72 ms
Execution 91 - TLS Mutual
s_connection: verify depth is 1
Handshake duration: 1913.48 ms
Execution 92 - TLS Mutual
s_connection: verify depth is 1
Handshake duration: 4413.51 ms
Execution 93 - TLS Mutual
s_connection: verify depth is 1
Handshake duration: 885.68 ms
Execution 94 - TLS Mutual
s_connection: verify depth is 1
Handshake duration: 904.44 ms
Execution 95 - TLS Mutual
s_connection: verify depth is 1
Handshake duration: 5799.11 ms
Execution 96 - TLS Mutual
s_connection: verify depth is 1
Handshake duration: 15746.71 ms
Execution 97 - TLS Mutual
s_connection: verify depth is 1
Handshake duration: 6535.26 ms
Execution 98 - TLS Mutual
s_connection: verify depth is 1
Handshake duration: 466.76 ms
Execution 99 - TLS Mutual
s_connection: verify depth is 1
Handshake duration: 47.76 ms
Execution 100 - TLS Mutual
s_connection: verify depth is 1
Handshake duration: 2336.36 ms
Execution 101 - TLS Mutual
s_connection: verify depth is 1
Handshake duration: 47.16 ms
Execution 102 - TLS Mutual
s_connection: verify depth is 1
Handshake duration: 46.21 ms
Execution 103 - TLS Mutual
s_connection: verify depth is 1
Handshake duration: 465.68 ms
Execution 104 - TLS Mutual
s_connection: verify depth is 1
Handshake duration: 269.11 ms
Execution 105 - TLS Mutual
s_connection: verify depth is 1
Handshake duration: 65411.00 ms
Execution 106 - TLS Mutual
s_connection: verify depth is 1
Handshake duration: 294.65 ms
Execution 107 - TLS Mutual
s_connection: verify depth is 1
Handshake duration: 12969.99 ms
Execution 108 - TLS Mutual
s_connection: verify depth is 1
Handshake duration: 1273.32 ms
Execution 109 - TLS Mutual
s_connection: verify depth is 1
Handshake duration: 2821.80 ms
Execution 110 - TLS Mutual
s_connection: verify depth is 1
Handshake duration: 3353.15 ms
Execution 111 - TLS Mutual
s_connection: verify depth is 1
Handshake duration: 688.53 ms
Execution 112 - TLS Mutual
s_connection: verify depth is 1
Handshake duration: 10559.15 ms
Execution 113 - TLS Mutual
s_connection: verify depth is 1
Handshake duration: 46.91 ms
Execution 114 - TLS Mutual
s_connection: verify depth is 1
Handshake duration: 6026.21 ms
Execution 115 - TLS Mutual
s_connection: verify depth is 1
Handshake duration: 1307.50 ms
Execution 116 - TLS Mutual
s_connection: verify depth is 1
Handshake duration: 1483.30 ms
Execution 117 - TLS Mutual
s_connection: verify depth is 1
Handshake duration: 27925.38 ms
Execution 118 - TLS Mutual
s_connection: verify depth is 1
Handshake duration: 674.51 ms
Execution 119 - TLS Mutual
s_connection: verify depth is 1
Handshake duration: 47.07 ms
Execution 120 - TLS Mutual
s_connection: verify depth is 1
Handshake duration: 47.13 ms
Execution 121 - TLS Mutual
s_connection: verify depth is 1
Handshake duration: 1924.24 ms
Execution 122 - TLS Mutual
s_connection: verify depth is 1
Handshake duration: 901.02 ms
Execution 123 - TLS Mutual
s_connection: verify depth is 1
Handshake duration: 14780.92 ms
Execution 124 - TLS Mutual
s_connection: verify depth is 1
Handshake duration: 897.52 ms
Execution 125 - TLS Mutual
s_connection: verify depth is 1
Handshake duration: 2549.22 ms
