Handshake timeout budget: 150s (identique TLS/QUIC)
Applying netem rules to lo...
Showing qdisc status for the interface: lo
qdisc netem 958d: root refcnt 2 limit 1000 seed 13626933648976883843
 Sent 0 bytes 0 pkt (dropped 0, overlimits 0 requeues 0) 
 backlog 0b 0p requeues 0
Running ./perftestClientTlsQuic.sh with SIG_ALG=mldsa44 and KEM_ALG=x25519_mlkem512
Execution 1 - TLS Mutual
s_connection: verify depth is 1
Handshake duration: 22.71 ms
Execution 2 - TLS Mutual
s_connection: verify depth is 1
Handshake duration: 20.75 ms
Execution 3 - TLS Mutual
s_connection: verify depth is 1
Handshake duration: 1036.56 ms
Execution 4 - TLS Mutual
s_connection: verify depth is 1
Handshake duration: 265.36 ms
Execution 5 - TLS Mutual
s_connection: verify depth is 1
Handshake duration: 669.18 ms
Execution 6 - TLS Mutual
s_connection: verify depth is 1
Handshake duration: 2513.88 ms
Execution 7 - TLS Mutual
s_connection: verify depth is 1
Handshake duration: 858.70 ms
Execution 8 - TLS Mutual
s_connection: verify depth is 1
Handshake duration: 35.78 ms
Execution 9 - TLS Mutual
s_connection: verify depth is 1
Handshake duration: 21.46 ms
Execution 10 - TLS Mutual
s_connection: verify depth is 1
Handshake duration: 851.27 ms
Execution 11 - TLS Mutual
s_connection: verify depth is 1
Handshake duration: 1468.07 ms
Execution 12 - TLS Mutual
s_connection: verify depth is 1
Handshake duration: 2306.15 ms
Execution 13 - TLS Mutual
s_connection: verify depth is 1
Handshake duration: 644.51 ms
Execution 14 - TLS Mutual
s_connection: verify depth is 1
Handshake duration: 4396.16 ms
Execution 15 - TLS Mutual
s_connection: verify depth is 1
Handshake duration: 25.65 ms
Execution 16 - TLS Mutual
s_connection: verify depth is 1
Handshake duration: 1103.98 ms
Execution 17 - TLS Mutual
s_connection: verify depth is 1
Handshake duration: 22.22 ms
Execution 18 - TLS Mutual
s_connection: verify depth is 1
Handshake duration: 21.86 ms
Execution 19 - TLS Mutual
s_connection: verify depth is 1
Handshake duration: 21.05 ms
Execution 20 - TLS Mutual
s_connection: verify depth is 1
Handshake duration: 21.39 ms
Execution 21 - TLS Mutual
s_connection: verify depth is 1
Handshake duration: 21.12 ms
Execution 22 - TLS Mutual
s_connection: verify depth is 1
Handshake duration: 1309.08 ms
Execution 23 - TLS Mutual
s_connection: verify depth is 1
Handshake duration: 1245.07 ms
Execution 24 - TLS Mutual
s_connection: verify depth is 1
Handshake duration: 23.49 ms
Execution 25 - TLS Mutual
s_connection: verify depth is 1
Handshake duration: 1525.60 ms
Execution 26 - TLS Mutual
s_connection: verify depth is 1
Handshake duration: 1688.95 ms
Execution 27 - TLS Mutual
s_connection: verify depth is 1
Handshake duration: 27.16 ms
Execution 28 - TLS Mutual
s_connection: verify depth is 1
Handshake duration: 22.00 ms
Execution 29 - TLS Mutual
s_connection: verify depth is 1
Handshake duration: 21.49 ms
Execution 30 - TLS Mutual
s_connection: verify depth is 1
Handshake duration: 21.87 ms
Execution 31 - TLS Mutual
s_connection: verify depth is 1
Handshake duration: 3091.58 ms
Execution 32 - TLS Mutual
s_connection: verify depth is 1
Handshake duration: 5035.85 ms
Execution 33 - TLS Mutual
s_connection: verify depth is 1
Handshake duration: 7853.27 ms
Execution 34 - TLS Mutual
s_connection: verify depth is 1
Handshake duration: 1711.35 ms
Execution 35 - TLS Mutual
s_connection: verify depth is 1
Handshake duration: 23.25 ms
Execution 36 - TLS Mutual
s_connection: verify depth is 1
Handshake duration: 636.43 ms
Execution 37 - TLS Mutual
s_connection: verify depth is 1
Handshake duration: 26593.88 ms
Execution 38 - TLS Mutual
s_connection: verify depth is 1
Handshake duration: 1059.57 ms
Execution 39 - TLS Mutual
s_connection: verify depth is 1
Handshake duration: 23.01 ms
Execution 40 - TLS Mutual
s_connection: verify depth is 1
Handshake duration: 5406.48 ms
Execution 41 - TLS Mutual
s_connection: verify depth is 1
Handshake duration: 261.18 ms
Execution 42 - TLS Mutual
s_connection: verify depth is 1
Handshake duration: 449.26 ms
Execution 43 - TLS Mutual
s_connection: verify depth is 1
Handshake duration: 23.12 ms
Execution 44 - TLS Mutual
s_connection: verify depth is 1
Handshake duration: 7647.30 ms
Execution 45 - TLS Mutual
s_connection: verify depth is 1
Handshake duration: 23.38 ms
Execution 46 - TLS Mutual
s_connection: verify depth is 1
Handshake duration: 22.75 ms
Execution 47 - TLS Mutual
s_connection: verify depth is 1
Handshake duration: 1071.26 ms
Execution 48 - TLS Mutual
s_connection: verify depth is 1
Handshake duration: 2078.46 ms
Execution 49 - TLS Mutual
s_connection: verify depth is 1
Handshake duration: 5829.75 ms
Execution 50 - TLS Mutual
s_connection: verify depth is 1
Handshake duration: 23.93 ms
Execution 51 - TLS Mutual
s_connection: verify depth is 1
Handshake duration: 21.77 ms
Execution 52 - TLS Mutual
s_connection: verify depth is 1
Handshake duration: 20.89 ms
Execution 53 - TLS Mutual
s_connection: verify depth is 1
Handshake duration: 7854.85 ms
Execution 54 - TLS Mutual
s_connection: verify depth is 1
Handshake duration: 1490.39 ms
Execution 55 - TLS Mutual
s_connection: verify depth is 1
Handshake duration: 23.25 ms
Execution 56 - TLS Mutual
s_connection: verify depth is 1
Handshake duration: 21.92 ms
Execution 57 - TLS Mutual
s_connection: verify depth is 1
Handshake duration: 8088.61 ms
Execution 58 - TLS Mutual
s_connection: verify depth is 1
Handshake duration: 4138.86 ms
Execution 59 - TLS Mutual
s_connection: verify depth is 1
Handshake duration: 3156.06 ms
Execution 60 - TLS Mutual
s_connection: verify depth is 1
Handshake duration: 23.21 ms
Execution 61 - TLS Mutual
s_connection: verify depth is 1
Handshake duration: 21.77 ms
Execution 62 - TLS Mutual
s_connection: verify depth is 1
Handshake duration: 7422.02 ms
Execution 63 - TLS Mutual
s_connection: verify depth is 1
Handshake duration: 2724.04 ms
Execution 64 - TLS Mutual
s_connection: verify depth is 1
Handshake duration: 1906.35 ms
Execution 65 - TLS Mutual
s_connection: verify depth is 1
Handshake duration: 257.96 ms
Execution 66 - TLS Mutual
s_connection: verify depth is 1
Handshake duration: 7012.17 ms
Execution 67 - TLS Mutual
s_connection: verify depth is 1
Handshake duration: 1486.95 ms
Execution 68 - TLS Mutual
s_connection: verify depth is 1
Handshake duration: 673.52 ms
Execution 69 - TLS Mutual
s_connection: verify depth is 1
Handshake duration: 3139.14 ms
Execution 70 - TLS Mutual
s_connection: verify depth is 1
Handshake duration: 237.25 ms
Execution 71 - TLS Mutual
s_connection: verify depth is 1
Handshake duration: 24.09 ms
Execution 72 - TLS Mutual
s_connection: verify depth is 1
Handshake duration: 22.05 ms
Execution 73 - TLS Mutual
s_connection: verify depth is 1
Handshake duration: 468.11 ms
Execution 74 - TLS Mutual
s_connection: verify depth is 1
Handshake duration: 2939.18 ms
Execution 75 - TLS Mutual
s_connection: verify depth is 1
Handshake duration: 1492.28 ms
Execution 76 - TLS Mutual
s_connection: verify depth is 1
Handshake duration: 53973.11 ms
Execution 77 - TLS Mutual
s_connection: verify depth is 1
Handshake duration: 21.96 ms
Execution 78 - TLS Mutual
s_connection: verify depth is 1
Handshake duration: 27.47 ms
Execution 79 - TLS Mutual
s_connection: verify depth is 1
Handshake duration: 22.51 ms
Execution 80 - TLS Mutual
s_connection: verify depth is 1
Handshake duration: 1500.61 ms
Execution 81 - TLS Mutual
s_connection: verify depth is 1
Handshake duration: 26398.88 ms
Execution 82 - TLS Mutual
s_connection: verify depth is 1
Handshake duration: 1923.34 ms
Execution 83 - TLS Mutual
s_connection: verify depth is 1
Handshake duration: 1085.57 ms
Execution 84 - TLS Mutual
s_connection: verify depth is 1
Handshake duration: 2738.82 ms
Execution 85 - TLS Mutual
s_connection: verify depth is 1
Handshake duration: 2113.68 ms
Execution 86 - TLS Mutual
s_connection: verify depth is 1
Handshake duration: 260.22 ms
Execution 87 - TLS Mutual
s_connection: verify depth is 1
Handshake duration: 1527.71 ms
Execution 88 - TLS Mutual
s_connection: verify depth is 1
Handshake duration: 8092.80 ms
Execution 89 - TLS Mutual
s_connection: verify depth is 1
Handshake duration: 5609.47 ms
Execution 90 - TLS Mutual
s_connection: verify depth is 1
Handshake duration: 17555.45 ms
Execution 91 - TLS Mutual
s_connection: verify depth is 1
Handshake duration: 1456.83 ms
Execution 92 - TLS Mutual
s_connection: verify depth is 1
Handshake duration: 23.52 ms
Execution 93 - TLS Mutual
s_connection: verify depth is 1
Handshake duration: 22.30 ms
Execution 94 - TLS Mutual
s_connection: verify depth is 1
Handshake duration: 1095.44 ms
Execution 95 - TLS Mutual
s_connection: verify depth is 1
Handshake duration: 22.54 ms
Execution 96 - TLS Mutual
s_connection: verify depth is 1
Handshake duration: 2933.57 ms
Execution 97 - TLS Mutual
s_connection: verify depth is 1
Handshake duration: 4788.09 ms
Execution 98 - TLS Mutual
s_connection: verify depth is 1
Handshake duration: 24.46 ms
Execution 99 - TLS Mutual
s_connection: verify depth is 1
Handshake duration: 21.81 ms
Execution 100 - TLS Mutual
s_connection: verify depth is 1
Handshake duration: 445.22 ms
Execution 101 - TLS Mutual
s_connection: verify depth is 1
Handshake duration: 1268.25 ms
Execution 102 - TLS Mutual
s_connection: verify depth is 1
Handshake duration: 2319.07 ms
Execution 103 - TLS Mutual
s_connection: verify depth is 1
Handshake duration: 878.93 ms
Execution 104 - TLS Mutual
s_connection: verify depth is 1
Handshake duration: 2297.27 ms
Execution 105 - TLS Mutual
s_connection: verify depth is 1
Handshake duration: 22.55 ms
Execution 106 - TLS Mutual
s_connection: verify depth is 1
Handshake duration: 21.00 ms
Execution 107 - TLS Mutual
s_connection: verify depth is 1
Handshake duration: 260.90 ms
Execution 108 - TLS Mutual
s_connection: verify depth is 1
Handshake duration: 22.56 ms
Execution 109 - TLS Mutual
s_connection: verify depth is 1
Handshake duration: 264.65 ms
Execution 110 - TLS Mutual
s_connection: verify depth is 1
Handshake duration: 22.48 ms
Execution 111 - TLS Mutual
s_connection: verify depth is 1
Handshake duration: 21.54 ms
Execution 112 - TLS Mutual
s_connection: verify depth is 1
Handshake duration: 1312.95 ms
Execution 113 - TLS Mutual
s_connection: verify depth is 1
Handshake duration: 4790.30 ms
Execution 114 - TLS Mutual
s_connection: verify depth is 1
Handshake duration: 1448.45 ms
Execution 115 - TLS Mutual
s_connection: verify depth is 1
Handshake duration: 1488.30 ms
Execution 116 - TLS Mutual
s_connection: verify depth is 1
Handshake duration: 22.27 ms
Execution 117 - TLS Mutual
s_connection: verify depth is 1
Handshake duration: 1931.70 ms
Execution 118 - TLS Mutual
s_connection: verify depth is 1
Handshake duration: 1061.96 ms
Execution 119 - TLS Mutual
s_connection: verify depth is 1
Handshake duration: 4109.07 ms
Execution 120 - TLS Mutual
s_connection: verify depth is 1
Handshake duration: 27.85 ms
Execution 121 - TLS Mutual
s_connection: verify depth is 1
Handshake duration: 6615.96 ms
Execution 122 - TLS Mutual
s_connection: verify depth is 1
Handshake duration: 3172.08 ms
Execution 123 - TLS Mutual
s_connection: verify depth is 1
Handshake duration: 23.75 ms
Execution 124 - TLS Mutual
s_connection: verify depth is 1
Handshake duration: 22.73 ms
Execution 125 - TLS Mutual
s_connection: verify depth is 1
Handshake duration: 260.93 ms
