Handshake timeout budget: 150s (identique TLS/QUIC)
Applying netem rules to lo...
Showing qdisc status for the interface: lo
qdisc netem 8fc9: root refcnt 2 limit 1000 seed 7481778549461075665
 Sent 0 bytes 0 pkt (dropped 0, overlimits 0 requeues 0) 
 backlog 0b 0p requeues 0
Running ./perftestClientTlsQuic.sh with SIG_ALG=mldsa87 and KEM_ALG=p521_mlkem1024
Execution 1 - TLS Mutual
s_connection: verify depth is 1
Handshake duration: 1549.85 ms
Execution 2 - TLS Mutual
s_connection: verify depth is 1
Handshake duration: 3784.59 ms
Execution 3 - TLS Mutual
s_connection: verify depth is 1
Handshake duration: 279.43 ms
Execution 4 - TLS Mutual
s_connection: verify depth is 1
Handshake duration: NaN ms  (client-side timeout after 150s)
Execution 5 - TLS Mutual
s_connection: verify depth is 1
Handshake duration: 279.87 ms
Execution 6 - TLS Mutual
s_connection: verify depth is 1
Handshake duration: 2116.12 ms
Execution 7 - TLS Mutual
s_connection: verify depth is 1
Handshake duration: 7923.71 ms
Execution 8 - TLS Mutual
s_connection: verify depth is 1
Handshake duration: 3364.18 ms
Execution 9 - TLS Mutual
s_connection: verify depth is 1
Handshake duration: 28562.33 ms
Execution 10 - TLS Mutual
s_connection: verify depth is 1
Handshake duration: 1084.67 ms
Execution 11 - TLS Mutual
s_connection: verify depth is 1
Handshake duration: 1900.36 ms
Execution 12 - TLS Mutual
s_connection: verify depth is 1
Handshake duration: 7625.35 ms
Execution 13 - TLS Mutual
s_connection: verify depth is 1
Handshake duration: 5434.37 ms
Execution 14 - TLS Mutual
s_connection: verify depth is 1
Handshake duration: 105249.80 ms
Execution 15 - TLS Mutual
s_connection: verify depth is 1
Handshake duration: 2311.18 ms
Execution 16 - TLS Mutual
s_connection: verify depth is 1
Handshake duration: 41.67 ms
Execution 17 - TLS Mutual
s_connection: verify depth is 1
Handshake duration: 3580.17 ms
Execution 18 - TLS Mutual
s_connection: verify depth is 1
Handshake duration: 112796.82 ms
Execution 19 - TLS Mutual
s_connection: verify depth is 1
Handshake duration: 669.16 ms
Execution 20 - TLS Mutual
s_connection: verify depth is 1
Handshake duration: 41.45 ms
Execution 21 - TLS Mutual
s_connection: verify depth is 1
Handshake duration: 105748.55 ms
Execution 22 - TLS Mutual
s_connection: verify depth is 1
Handshake duration: 285.38 ms
Execution 23 - TLS Mutual
s_connection: verify depth is 1
Handshake duration: 40.03 ms
Execution 24 - TLS Mutual
s_connection: verify depth is 1
Handshake duration: 6612.28 ms
Execution 25 - TLS Mutual
s_connection: verify depth is 1
Handshake duration: 42.22 ms
Execution 26 - TLS Mutual
s_connection: verify depth is 1
Handshake duration: 38.69 ms
Execution 27 - TLS Mutual
s_connection: verify depth is 1
Handshake duration: 38.85 ms
Execution 28 - TLS Mutual
s_connection: verify depth is 1
Handshake duration: 280.05 ms
Execution 29 - TLS Mutual
s_connection: verify depth is 1
Handshake duration: 7467.63 ms
Execution 30 - TLS Mutual
s_connection: verify depth is 1
Handshake duration: 1509.94 ms
Execution 31 - TLS Mutual
s_connection: verify depth is 1
Handshake duration: 259.18 ms
Execution 32 - TLS Mutual
s_connection: verify depth is 1
Handshake duration: 3569.75 ms
Execution 33 - TLS Mutual
s_connection: verify depth is 1
Handshake duration: 3755.20 ms
Execution 34 - TLS Mutual
s_connection: verify depth is 1
Handshake duration: 2339.02 ms
Execution 35 - TLS Mutual
s_connection: verify depth is 1
Handshake duration: 40.22 ms
Execution 36 - TLS Mutual
s_connection: verify depth is 1
Handshake duration: 8922.53 ms
Execution 37 - TLS Mutual
s_connection: verify depth is 1
Handshake duration: 1464.89 ms
Execution 38 - TLS Mutual
s_connection: verify depth is 1
Handshake duration: 2731.83 ms
Execution 39 - TLS Mutual
s_connection: verify depth is 1
Handshake duration: 683.68 ms
Execution 40 - TLS Mutual
s_connection: verify depth is 1
Handshake duration: 5061.78 ms
Execution 41 - TLS Mutual
s_connection: verify depth is 1
Handshake duration: 1078.47 ms
Execution 42 - TLS Mutual
s_connection: verify depth is 1
Handshake duration: 3581.43 ms
Execution 43 - TLS Mutual
s_connection: verify depth is 1
Handshake duration: 27772.87 ms
Execution 44 - TLS Mutual
s_connection: verify depth is 1
Handshake duration: 13296.75 ms
Execution 45 - TLS Mutual
s_connection: verify depth is 1
Handshake duration: 15966.89 ms
Execution 46 - TLS Mutual
s_connection: verify depth is 1
Handshake duration: 867.25 ms
Execution 47 - TLS Mutual
s_connection: verify depth is 1
Handshake duration: 1683.15 ms
Execution 48 - TLS Mutual
s_connection: verify depth is 1
Handshake duration: 465.66 ms
Execution 49 - TLS Mutual
s_connection: verify depth is 1
Handshake duration: 1724.38 ms
Execution 50 - TLS Mutual
s_connection: verify depth is 1
Handshake duration: 480.27 ms
Execution 51 - TLS Mutual
s_connection: verify depth is 1
Handshake duration: 3758.05 ms
Execution 52 - TLS Mutual
s_connection: verify depth is 1
Handshake duration: 39.06 ms
Execution 53 - TLS Mutual
s_connection: verify depth is 1
Handshake duration: 4968.49 ms
Execution 54 - TLS Mutual
s_connection: verify depth is 1
Handshake duration: 3373.28 ms
Execution 55 - TLS Mutual
s_connection: verify depth is 1
Handshake duration: 40.96 ms
Execution 56 - TLS Mutual
s_connection: verify depth is 1
Handshake duration: 1936.62 ms
Execution 57 - TLS Mutual
s_connection: verify depth is 1
Handshake duration: 666.70 ms
Execution 58 - TLS Mutual
s_connection: verify depth is 1
Handshake duration: 1094.16 ms
Execution 59 - TLS Mutual
s_connection: verify depth is 1
Handshake duration: 1488.69 ms
Execution 60 - TLS Mutual
s_connection: verify depth is 1
Handshake duration: 2128.79 ms
Execution 61 - TLS Mutual
s_connection: verify depth is 1
Handshake duration: 1712.23 ms
Execution 62 - TLS Mutual
s_connection: verify depth is 1
Handshake duration: 40.94 ms
Execution 63 - TLS Mutual
s_connection: verify depth is 1
Handshake duration: 14884.30 ms
Execution 64 - TLS Mutual
s_connection: verify depth is 1
Handshake duration: 276.20 ms
Execution 65 - TLS Mutual
s_connection: verify depth is 1
Handshake duration: 40.09 ms
Execution 66 - TLS Mutual
s_connection: verify depth is 1
Handshake duration: 5180.72 ms
Execution 67 - TLS Mutual
s_connection: verify depth is 1
Handshake duration: 1712.10 ms
Execution 68 - TLS Mutual
s_connection: verify depth is 1
Handshake duration: 1752.49 ms
Execution 69 - TLS Mutual
s_connection: verify depth is 1
Handshake duration: 1933.88 ms
Execution 70 - TLS Mutual
s_connection: verify depth is 1
Handshake duration: 2720.35 ms
Execution 71 - TLS Mutual
s_connection: verify depth is 1
Handshake duration: 2743.15 ms
Execution 72 - TLS Mutual
s_connection: verify depth is 1
Handshake duration: 20065.78 ms
Execution 73 - TLS Mutual
s_connection: verify depth is 1
Handshake duration: 274.78 ms
Execution 74 - TLS Mutual
s_connection: verify depth is 1
Handshake duration: 13621.47 ms
Execution 75 - TLS Mutual
s_connection: verify depth is 1
Handshake duration: 3981.13 ms
Execution 76 - TLS Mutual
s_connection: verify depth is 1
Handshake duration: 107159.82 ms
Execution 77 - TLS Mutual
s_connection: verify depth is 1
Handshake duration: 41.75 ms
Execution 78 - TLS Mutual
s_connection: verify depth is 1
Handshake duration: 39.93 ms
Execution 79 - TLS Mutual
s_connection: verify depth is 1
Handshake duration: 5913.94 ms
Execution 80 - TLS Mutual
s_connection: verify depth is 1
Handshake duration: 468.93 ms
Execution 81 - TLS Mutual
s_connection: verify depth is 1
Handshake duration: 6272.11 ms
Execution 82 - TLS Mutual
s_connection: verify depth is 1
Handshake duration: 661.31 ms
Execution 83 - TLS Mutual
s_connection: verify depth is 1
Handshake duration: 282.84 ms
Execution 84 - TLS Mutual
s_connection: verify depth is 1
Handshake duration: 2299.65 ms
Execution 85 - TLS Mutual
s_connection: verify depth is 1
Handshake duration: 1483.50 ms
Execution 86 - TLS Mutual
s_connection: verify depth is 1
Handshake duration: 273.15 ms
Execution 87 - TLS Mutual
s_connection: verify depth is 1
Handshake duration: 279.34 ms
Execution 88 - TLS Mutual
s_connection: verify depth is 1
Handshake duration: 1713.65 ms
Execution 89 - TLS Mutual
s_connection: verify depth is 1
Handshake duration: 459.64 ms
Execution 90 - TLS Mutual
s_connection: verify depth is 1
Handshake duration: 1288.75 ms
Execution 91 - TLS Mutual
s_connection: verify depth is 1
Handshake duration: 1692.44 ms
Execution 92 - TLS Mutual
s_connection: verify depth is 1
Handshake duration: 2548.70 ms
Execution 93 - TLS Mutual
s_connection: verify depth is 1
Handshake duration: 1315.95 ms
Execution 94 - TLS Mutual
s_connection: verify depth is 1
Handshake duration: 1298.96 ms
Execution 95 - TLS Mutual
s_connection: verify depth is 1
Handshake duration: 42.78 ms
Execution 96 - TLS Mutual
s_connection: verify depth is 1
Handshake duration: 2716.16 ms
Execution 97 - TLS Mutual
s_connection: verify depth is 1
Handshake duration: 42.28 ms
Execution 98 - TLS Mutual
s_connection: verify depth is 1
Handshake duration: 3115.62 ms
Execution 99 - TLS Mutual
s_connection: verify depth is 1
Handshake duration: 2987.99 ms
Execution 100 - TLS Mutual
s_connection: verify depth is 1
Handshake duration: 4580.01 ms
Execution 101 - TLS Mutual
s_connection: verify depth is 1
Handshake duration: 2129.53 ms
Execution 102 - TLS Mutual
s_connection: verify depth is 1
Handshake duration: 7903.91 ms
Execution 103 - TLS Mutual
s_connection: verify depth is 1
Handshake duration: 8072.70 ms
Execution 104 - TLS Mutual
s_connection: verify depth is 1
Handshake duration: 9098.91 ms
Execution 105 - TLS Mutual
s_connection: verify depth is 1
Handshake duration: 3377.26 ms
Execution 106 - TLS Mutual
s_connection: verify depth is 1
Handshake duration: 41.17 ms
Execution 107 - TLS Mutual
s_connection: verify depth is 1
Handshake duration: 40.66 ms
Execution 108 - TLS Mutual
s_connection: verify depth is 1
Handshake duration: 2786.73 ms
Execution 109 - TLS Mutual
s_connection: verify depth is 1
Handshake duration: 3937.96 ms
Execution 110 - TLS Mutual
s_connection: verify depth is 1
Handshake duration: 26702.39 ms
Execution 111 - TLS Mutual
s_connection: verify depth is 1
Handshake duration: 4177.33 ms
Execution 112 - TLS Mutual
s_connection: verify depth is 1
Handshake duration: 482.15 ms
Execution 113 - TLS Mutual
s_connection: verify depth is 1
Handshake duration: 6611.33 ms
Execution 114 - TLS Mutual
s_connection: verify depth is 1
Handshake duration: 41.70 ms
Execution 115 - TLS Mutual
s_connection: verify depth is 1
Handshake duration: 878.70 ms
Execution 116 - TLS Mutual
s_connection: verify depth is 1
Handshake duration: 2340.24 ms
Execution 117 - TLS Mutual
s_connection: verify depth is 1
Handshake duration: 20673.67 ms
Execution 118 - TLS Mutual
s_connection: verify depth is 1
Handshake duration: 1723.81 ms
Execution 119 - TLS Mutual
s_connection: verify depth is 1
Handshake duration: 2544.96 ms
Execution 120 - TLS Mutual
s_connection: verify depth is 1
Handshake duration: 662.93 ms
Execution 121 - TLS Mutual
s_connection: verify depth is 1
Handshake duration: 44.07 ms
Execution 122 - TLS Mutual
s_connection: verify depth is 1
Handshake duration: 39.95 ms
Execution 123 - TLS Mutual
s_connection: verify depth is 1
Handshake duration: 1274.44 ms
Execution 124 - TLS Mutual
s_connection: verify depth is 1
Handshake duration: 6233.42 ms
Execution 125 - TLS Mutual
s_connection: verify depth is 1
Handshake duration: 1923.41 ms
