Handshake timeout budget: 150s (identique TLS/QUIC)
Applying netem rules to lo...
Showing qdisc status for the interface: lo
qdisc netem 9c9e: root refcnt 2 limit 1000 seed 7610058438655682134
 Sent 0 bytes 0 pkt (dropped 0, overlimits 0 requeues 0) 
 backlog 0b 0p requeues 0
Running ./perftestClientTlsQuic.sh with SIG_ALG=secp384r1 and KEM_ALG=p384_mlkem768
Execution 1 - TLS Mutual
s_connection: verify depth is 1
Handshake duration: 1292.70 ms
Execution 2 - TLS Mutual
s_connection: verify depth is 1
Handshake duration: 15.82 ms
Execution 3 - TLS Mutual
s_connection: verify depth is 1
Handshake duration: 7675.92 ms
Execution 4 - TLS Mutual
s_connection: verify depth is 1
Handshake duration: 1067.93 ms
Execution 5 - TLS Mutual
s_connection: verify depth is 1
Handshake duration: 1090.72 ms
Execution 6 - TLS Mutual
s_connection: verify depth is 1
Handshake duration: 1051.56 ms
Execution 7 - TLS Mutual
s_connection: verify depth is 1
Handshake duration: 16.77 ms
Execution 8 - TLS Mutual
s_connection: verify depth is 1
Handshake duration: 15.09 ms
Execution 9 - TLS Mutual
s_connection: verify depth is 1
Handshake duration: 15.06 ms
Execution 10 - TLS Mutual
s_connection: verify depth is 1
Handshake duration: 2285.60 ms
Execution 11 - TLS Mutual
s_connection: verify depth is 1
Handshake duration: 16.75 ms
Execution 12 - TLS Mutual
s_connection: verify depth is 1
Handshake duration: 1031.52 ms
Execution 13 - TLS Mutual
s_connection: verify depth is 1
Handshake duration: 17.20 ms
Execution 14 - TLS Mutual
s_connection: verify depth is 1
Handshake duration: 242.58 ms
Execution 15 - TLS Mutual
s_connection: verify depth is 1
Handshake duration: 15.63 ms
Execution 16 - TLS Mutual
s_connection: verify depth is 1
Handshake duration: 15.51 ms
Execution 17 - TLS Mutual
s_connection: verify depth is 1
Handshake duration: 19.62 ms
Execution 18 - TLS Mutual
s_connection: verify depth is 1
Handshake duration: 16.01 ms
Execution 19 - TLS Mutual
s_connection: verify depth is 1
Handshake duration: 16.35 ms
Execution 20 - TLS Mutual
s_connection: verify depth is 1
Handshake duration: 14.31 ms
Execution 21 - TLS Mutual
s_connection: verify depth is 1
Handshake duration: 242.60 ms
Execution 22 - TLS Mutual
s_connection: verify depth is 1
Handshake duration: 6430.53 ms
Execution 23 - TLS Mutual
s_connection: verify depth is 1
Handshake duration: 2946.79 ms
Execution 24 - TLS Mutual
s_connection: verify depth is 1
Handshake duration: 245.16 ms
Execution 25 - TLS Mutual
s_connection: verify depth is 1
Handshake duration: 2275.43 ms
Execution 26 - TLS Mutual
s_connection: verify depth is 1
Handshake duration: 3109.66 ms
Execution 27 - TLS Mutual
s_connection: verify depth is 1
Handshake duration: 7865.15 ms
Execution 28 - TLS Mutual
s_connection: verify depth is 1
Handshake duration: 2741.04 ms
Execution 29 - TLS Mutual
s_connection: verify depth is 1
Handshake duration: 15.80 ms
Execution 30 - TLS Mutual
s_connection: verify depth is 1
Handshake duration: 15.64 ms
Execution 31 - TLS Mutual
s_connection: verify depth is 1
Handshake duration: 14.23 ms
Execution 32 - TLS Mutual
s_connection: verify depth is 1
Handshake duration: 1037.65 ms
Execution 33 - TLS Mutual
s_connection: verify depth is 1
Handshake duration: 22.34 ms
Execution 34 - TLS Mutual
s_connection: verify depth is 1
Handshake duration: 6985.02 ms
Execution 35 - TLS Mutual
s_connection: verify depth is 1
Handshake duration: 16.10 ms
Execution 36 - TLS Mutual
s_connection: verify depth is 1
Handshake duration: 15.46 ms
Execution 37 - TLS Mutual
s_connection: verify depth is 1
Handshake duration: 2248.71 ms
Execution 38 - TLS Mutual
s_connection: verify depth is 1
Handshake duration: 1461.14 ms
Execution 39 - TLS Mutual
s_connection: verify depth is 1
Handshake duration: 658.10 ms
Execution 40 - TLS Mutual
s_connection: verify depth is 1
Handshake duration: 15.18 ms
Execution 41 - TLS Mutual
s_connection: verify depth is 1
Handshake duration: 433.90 ms
Execution 42 - TLS Mutual
s_connection: verify depth is 1
Handshake duration: 18.06 ms
Execution 43 - TLS Mutual
s_connection: verify depth is 1
Handshake duration: 1438.19 ms
Execution 44 - TLS Mutual
s_connection: verify depth is 1
Handshake duration: 16.63 ms
Execution 45 - TLS Mutual
s_connection: verify depth is 1
Handshake duration: 1284.95 ms
Execution 46 - TLS Mutual
s_connection: verify depth is 1
Handshake duration: 17.25 ms
Execution 47 - TLS Mutual
s_connection: verify depth is 1
Handshake duration: 15.02 ms
Execution 48 - TLS Mutual
s_connection: verify depth is 1
Handshake duration: 1506.41 ms
Execution 49 - TLS Mutual
s_connection: verify depth is 1
Handshake duration: 15.53 ms
Execution 50 - TLS Mutual
s_connection: verify depth is 1
Handshake duration: 1515.26 ms
Execution 51 - TLS Mutual
s_connection: verify depth is 1
Handshake duration: 21.47 ms
Execution 52 - TLS Mutual
s_connection: verify depth is 1
Handshake duration: 1913.34 ms
Execution 53 - TLS Mutual
s_connection: verify depth is 1
Handshake duration: 1513.42 ms
Execution 54 - TLS Mutual
s_connection: verify depth is 1
Handshake duration: 1902.04 ms
Execution 55 - TLS Mutual
s_connection: verify depth is 1
Handshake duration: 857.89 ms
Execution 56 - TLS Mutual
s_connection: verify depth is 1
Handshake duration: 1498.81 ms
Execution 57 - TLS Mutual
s_connection: verify depth is 1
Handshake duration: 15.81 ms
Execution 58 - TLS Mutual
s_connection: verify depth is 1
Handshake duration: 243.48 ms
Execution 59 - TLS Mutual
s_connection: verify depth is 1
Handshake duration: 1078.85 ms
Execution 60 - TLS Mutual
s_connection: verify depth is 1
Handshake duration: 19.28 ms
Execution 61 - TLS Mutual
s_connection: verify depth is 1
Handshake duration: 1053.35 ms
Execution 62 - TLS Mutual
s_connection: verify depth is 1
Handshake duration: 15.89 ms
Execution 63 - TLS Mutual
s_connection: verify depth is 1
Handshake duration: 15.06 ms
Execution 64 - TLS Mutual
s_connection: verify depth is 1
Handshake duration: 1078.99 ms
Execution 65 - TLS Mutual
s_connection: verify depth is 1
Handshake duration: 19.43 ms
Execution 66 - TLS Mutual
s_connection: verify depth is 1
Handshake duration: 1040.13 ms
Execution 67 - TLS Mutual
s_connection: verify depth is 1
Handshake duration: 16.00 ms
Execution 68 - TLS Mutual
s_connection: verify depth is 1
Handshake duration: 19.36 ms
Execution 69 - TLS Mutual
s_connection: verify depth is 1
Handshake duration: 1493.64 ms
Execution 70 - TLS Mutual
s_connection: verify depth is 1
Handshake duration: 16.63 ms
Execution 71 - TLS Mutual
s_connection: verify depth is 1
Handshake duration: 1284.10 ms
Execution 72 - TLS Mutual
s_connection: verify depth is 1
Handshake duration: 1262.50 ms
Execution 73 - TLS Mutual
s_connection: verify depth is 1
Handshake duration: 1269.30 ms
Execution 74 - TLS Mutual
s_connection: verify depth is 1
Handshake duration: 16.95 ms
Execution 75 - TLS Mutual
s_connection: verify depth is 1
Handshake duration: 15.17 ms
Execution 76 - TLS Mutual
s_connection: verify depth is 1
Handshake duration: 857.91 ms
Execution 77 - TLS Mutual
s_connection: verify depth is 1
Handshake duration: 15.48 ms
Execution 78 - TLS Mutual
s_connection: verify depth is 1
Handshake duration: 15.11 ms
Execution 79 - TLS Mutual
s_connection: verify depth is 1
Handshake duration: 14.26 ms
Execution 80 - TLS Mutual
s_connection: verify depth is 1
Handshake duration: 14788.39 ms
Execution 81 - TLS Mutual
s_connection: verify depth is 1
Handshake duration: 20.93 ms
Execution 82 - TLS Mutual
s_connection: verify depth is 1
Handshake duration: 15.01 ms
Execution 83 - TLS Mutual
s_connection: verify depth is 1
Handshake duration: 14.21 ms
Execution 84 - TLS Mutual
s_connection: verify depth is 1
Handshake duration: 2325.43 ms
Execution 85 - TLS Mutual
s_connection: verify depth is 1
Handshake duration: 26.97 ms
Execution 86 - TLS Mutual
s_connection: verify depth is 1
Handshake duration: 1482.61 ms
Execution 87 - TLS Mutual
s_connection: verify depth is 1
Handshake duration: 15.03 ms
Execution 88 - TLS Mutual
s_connection: verify depth is 1
Handshake duration: 2499.78 ms
Execution 89 - TLS Mutual
s_connection: verify depth is 1
Handshake duration: 17.75 ms
Execution 90 - TLS Mutual
s_connection: verify depth is 1
Handshake duration: 1079.09 ms
Execution 91 - TLS Mutual
s_connection: verify depth is 1
Handshake duration: 856.95 ms
Execution 92 - TLS Mutual
s_connection: verify depth is 1
Handshake duration: 842.14 ms
Execution 93 - TLS Mutual
s_connection: verify depth is 1
Handshake duration: 15.96 ms
Execution 94 - TLS Mutual
s_connection: verify depth is 1
Handshake duration: 15.11 ms
Execution 95 - TLS Mutual
s_connection: verify depth is 1
Handshake duration: 4407.17 ms
Execution 96 - TLS Mutual
s_connection: verify depth is 1
Handshake duration: 19.02 ms
Execution 97 - TLS Mutual
s_connection: verify depth is 1
Handshake duration: 2069.20 ms
Execution 98 - TLS Mutual
s_connection: verify depth is 1
Handshake duration: 15.71 ms
Execution 99 - TLS Mutual
s_connection: verify depth is 1
Handshake duration: 16.25 ms
Execution 100 - TLS Mutual
s_connection: verify depth is 1
Handshake duration: 15.10 ms
Execution 101 - TLS Mutual
s_connection: verify depth is 1
Handshake duration: 1054.24 ms
Execution 102 - TLS Mutual
s_connection: verify depth is 1
Handshake duration: 448.27 ms
Execution 103 - TLS Mutual
s_connection: verify depth is 1
Handshake duration: 26205.48 ms
Execution 104 - TLS Mutual
s_connection: verify depth is 1
Handshake duration: 18.44 ms
Execution 105 - TLS Mutual
s_connection: verify depth is 1
Handshake duration: 15.27 ms
Execution 106 - TLS Mutual
s_connection: verify depth is 1
Handshake duration: 3330.60 ms
Execution 107 - TLS Mutual
s_connection: verify depth is 1
Handshake duration: 1063.55 ms
Execution 108 - TLS Mutual
s_connection: verify depth is 1
Handshake duration: 4395.33 ms
Execution 109 - TLS Mutual
s_connection: verify depth is 1
Handshake duration: 3128.32 ms
Execution 110 - TLS Mutual
s_connection: verify depth is 1
Handshake duration: 638.47 ms
Execution 111 - TLS Mutual
s_connection: verify depth is 1
Handshake duration: 234.27 ms
Execution 112 - TLS Mutual
s_connection: verify depth is 1
Handshake duration: 15.47 ms
Execution 113 - TLS Mutual
s_connection: verify depth is 1
Handshake duration: 13133.65 ms
Execution 114 - TLS Mutual
s_connection: verify depth is 1
Handshake duration: 1279.71 ms
Execution 115 - TLS Mutual
s_connection: verify depth is 1
Handshake duration: 17.52 ms
Execution 116 - TLS Mutual
s_connection: verify depth is 1
Handshake duration: 3158.28 ms
Execution 117 - TLS Mutual
s_connection: verify depth is 1
Handshake duration: 2297.22 ms
Execution 118 - TLS Mutual
s_connection: verify depth is 1
Handshake duration: 16.88 ms
Execution 119 - TLS Mutual
s_connection: verify depth is 1
Handshake duration: 1434.78 ms
Execution 120 - TLS Mutual
s_connection: verify depth is 1
Handshake duration: 1066.52 ms
Execution 121 - TLS Mutual
s_connection: verify depth is 1
Handshake duration: 15.94 ms
Execution 122 - TLS Mutual
s_connection: verify depth is 1
Handshake duration: 637.35 ms
Execution 123 - TLS Mutual
s_connection: verify depth is 1
Handshake duration: 1482.41 ms
Execution 124 - TLS Mutual
s_connection: verify depth is 1
Handshake duration: 233.05 ms
Execution 125 - TLS Mutual
s_connection: verify depth is 1
Handshake duration: 2094.98 ms
