Handshake timeout budget: 150s (identique TLS/QUIC)
Applying netem rules to lo...
Showing qdisc status for the interface: lo
qdisc netem 862a: root refcnt 2 limit 1000 seed 6143778676063375048
 Sent 0 bytes 0 pkt (dropped 0, overlimits 0 requeues 0) 
 backlog 0b 0p requeues 0
Running ./perftestClientTlsQuic.sh with SIG_ALG=mldsa87 and KEM_ALG=mlkem1024
Execution 1 - TLS Mutual
s_connection: verify depth is 1
Handshake duration: 1102.73 ms
Execution 2 - TLS Mutual
s_connection: verify depth is 1
Handshake duration: 897.12 ms
Execution 3 - TLS Mutual
s_connection: verify depth is 1
Handshake duration: 494.25 ms
Execution 4 - TLS Mutual
s_connection: verify depth is 1
Handshake duration: 44.96 ms
Execution 5 - TLS Mutual
s_connection: verify depth is 1
Handshake duration: 1327.35 ms
Execution 6 - TLS Mutual
s_connection: verify depth is 1
Handshake duration: 1881.58 ms
Execution 7 - TLS Mutual
s_connection: verify depth is 1
Handshake duration: 3570.32 ms
Execution 8 - TLS Mutual
s_connection: verify depth is 1
Handshake duration: 5732.68 ms
Execution 9 - TLS Mutual
s_connection: verify depth is 1
Handshake duration: 45.11 ms
Execution 10 - TLS Mutual
s_connection: verify depth is 1
Handshake duration: 1085.58 ms
Execution 11 - TLS Mutual
s_connection: verify depth is 1
Handshake duration: 48.78 ms
Execution 12 - TLS Mutual
s_connection: verify depth is 1
Handshake duration: 2543.93 ms
Execution 13 - TLS Mutual
s_connection: verify depth is 1
Handshake duration: 2110.86 ms
Execution 14 - TLS Mutual
s_connection: verify depth is 1
Handshake duration: 4442.78 ms
Execution 15 - TLS Mutual
s_connection: verify depth is 1
Handshake duration: 1267.19 ms
Execution 16 - TLS Mutual
s_connection: verify depth is 1
Handshake duration: 1917.11 ms
Execution 17 - TLS Mutual
s_connection: verify depth is 1
Handshake duration: 69367.87 ms
Execution 18 - TLS Mutual
s_connection: verify depth is 1
Handshake duration: 464.15 ms
Execution 19 - TLS Mutual
s_connection: verify depth is 1
Handshake duration: 5052.90 ms
Execution 20 - TLS Mutual
s_connection: verify depth is 1
Handshake duration: 3611.22 ms
Execution 21 - TLS Mutual
s_connection: verify depth is 1
Handshake duration: 49.77 ms
Execution 22 - TLS Mutual
s_connection: verify depth is 1
Handshake duration: 286.10 ms
Execution 23 - TLS Mutual
s_connection: verify depth is 1
Handshake duration: 9990.38 ms
Execution 24 - TLS Mutual
s_connection: verify depth is 1
Handshake duration: 2756.66 ms
Execution 25 - TLS Mutual
s_connection: verify depth is 1
Handshake duration: 1119.31 ms
Execution 26 - TLS Mutual
s_connection: verify depth is 1
Handshake duration: 2604.89 ms
Execution 27 - TLS Mutual
s_connection: verify depth is 1
Handshake duration: 4544.43 ms
Execution 28 - TLS Mutual
s_connection: verify depth is 1
Handshake duration: 1110.74 ms
Execution 29 - TLS Mutual
s_connection: verify depth is 1
Handshake duration: 2096.34 ms
Execution 30 - TLS Mutual
s_connection: verify depth is 1
Handshake duration: 284.19 ms
Execution 31 - TLS Mutual
s_connection: verify depth is 1
Handshake duration: 3405.62 ms
Execution 32 - TLS Mutual
s_connection: verify depth is 1
Handshake duration: 285.36 ms
Execution 33 - TLS Mutual
s_connection: verify depth is 1
Handshake duration: 44.66 ms
Execution 34 - TLS Mutual
s_connection: verify depth is 1
Handshake duration: 280.70 ms
Execution 35 - TLS Mutual
s_connection: verify depth is 1
Handshake duration: 1515.16 ms
Execution 36 - TLS Mutual
s_connection: verify depth is 1
Handshake duration: 44.76 ms
Execution 37 - TLS Mutual
s_connection: verify depth is 1
Handshake duration: 3375.40 ms
Execution 38 - TLS Mutual
s_connection: verify depth is 1
Handshake duration: 693.45 ms
Execution 39 - TLS Mutual
s_connection: verify depth is 1
Handshake duration: 2133.77 ms
Execution 40 - TLS Mutual
s_connection: verify depth is 1
Handshake duration: 45.10 ms
Execution 41 - TLS Mutual
s_connection: verify depth is 1
Handshake duration: 1070.51 ms
Execution 42 - TLS Mutual
s_connection: verify depth is 1
Handshake duration: 1304.40 ms
Execution 43 - TLS Mutual
s_connection: verify depth is 1
Handshake duration: 44.84 ms
Execution 44 - TLS Mutual
s_connection: verify depth is 1
Handshake duration: 27661.60 ms
Execution 45 - TLS Mutual
s_connection: verify depth is 1
Handshake duration: 45.13 ms
Execution 46 - TLS Mutual
s_connection: verify depth is 1
Handshake duration: 4011.49 ms
Execution 47 - TLS Mutual
s_connection: verify depth is 1
Handshake duration: 2540.26 ms
Execution 48 - TLS Mutual
s_connection: verify depth is 1
Handshake duration: 669.32 ms
Execution 49 - TLS Mutual
s_connection: verify depth is 1
Handshake duration: 1746.32 ms
Execution 50 - TLS Mutual
s_connection: verify depth is 1
Handshake duration: 469.90 ms
Execution 51 - TLS Mutual
s_connection: verify depth is 1
Handshake duration: 7532.31 ms
Execution 52 - TLS Mutual
s_connection: verify depth is 1
Handshake duration: 7643.54 ms
Execution 53 - TLS Mutual
s_connection: verify depth is 1
Handshake duration: 6468.72 ms
Execution 54 - TLS Mutual
s_connection: verify depth is 1
Handshake duration: 50.31 ms
Execution 55 - TLS Mutual
s_connection: verify depth is 1
Handshake duration: 1092.86 ms
Execution 56 - TLS Mutual
s_connection: verify depth is 1
Handshake duration: 491.26 ms
Execution 57 - TLS Mutual
s_connection: verify depth is 1
Handshake duration: 1317.95 ms
Execution 58 - TLS Mutual
s_connection: verify depth is 1
Handshake duration: 1097.52 ms
Execution 59 - TLS Mutual
s_connection: verify depth is 1
Handshake duration: 47.04 ms
Execution 60 - TLS Mutual
s_connection: verify depth is 1
Handshake duration: 5893.40 ms
Execution 61 - TLS Mutual
s_connection: verify depth is 1
Handshake duration: 1722.96 ms
Execution 62 - TLS Mutual
s_connection: verify depth is 1
Handshake duration: 2294.03 ms
Execution 63 - TLS Mutual
s_connection: verify depth is 1
Handshake duration: 47.04 ms
Execution 64 - TLS Mutual
s_connection: verify depth is 1
Handshake duration: 1699.73 ms
Execution 65 - TLS Mutual
s_connection: verify depth is 1
Handshake duration: 283.74 ms
Execution 66 - TLS Mutual
s_connection: verify depth is 1
Handshake duration: 3356.48 ms
Execution 67 - TLS Mutual
s_connection: verify depth is 1
Handshake duration: 284.64 ms
Execution 68 - TLS Mutual
s_connection: verify depth is 1
Handshake duration: 3134.48 ms
Execution 69 - TLS Mutual
s_connection: verify depth is 1
Handshake duration: 45.35 ms
Execution 70 - TLS Mutual
s_connection: verify depth is 1
Handshake duration: 2554.00 ms
Execution 71 - TLS Mutual
s_connection: verify depth is 1
Handshake duration: 5587.52 ms
Execution 72 - TLS Mutual
s_connection: verify depth is 1
Handshake duration: 469.05 ms
Execution 73 - TLS Mutual
s_connection: verify depth is 1
Handshake duration: 282.35 ms
Execution 74 - TLS Mutual
s_connection: verify depth is 1
Handshake duration: 2133.30 ms
Execution 75 - TLS Mutual
s_connection: verify depth is 1
Handshake duration: 666.81 ms
Execution 76 - TLS Mutual
s_connection: verify depth is 1
Handshake duration: 6315.74 ms
Execution 77 - TLS Mutual
s_connection: verify depth is 1
Handshake duration: 2134.43 ms
Execution 78 - TLS Mutual
s_connection: verify depth is 1
Handshake duration: 1280.92 ms
Execution 79 - TLS Mutual
s_connection: verify depth is 1
Handshake duration: 45.96 ms
Execution 80 - TLS Mutual
s_connection: verify depth is 1
Handshake duration: 4166.54 ms
Execution 81 - TLS Mutual
s_connection: verify depth is 1
Handshake duration: 4435.87 ms
Execution 82 - TLS Mutual
s_connection: verify depth is 1
Handshake duration: 44.90 ms
Execution 83 - TLS Mutual
s_connection: verify depth is 1
Handshake duration: 281.38 ms
Execution 84 - TLS Mutual
s_connection: verify depth is 1
Handshake duration: 44.67 ms
Execution 85 - TLS Mutual
s_connection: verify depth is 1
Handshake duration: 672.32 ms
Execution 86 - TLS Mutual
s_connection: verify depth is 1
Handshake duration: 476.65 ms
Execution 87 - TLS Mutual
s_connection: verify depth is 1
Handshake duration: 1297.27 ms
Execution 88 - TLS Mutual
s_connection: verify depth is 1
Handshake duration: 282.11 ms
Execution 89 - TLS Mutual
s_connection: verify depth is 1
Handshake duration: 2765.30 ms
Execution 90 - TLS Mutual
s_connection: verify depth is 1
Handshake duration: 287.54 ms
Execution 91 - TLS Mutual
s_connection: verify depth is 1
Handshake duration: 34500.18 ms
Execution 92 - TLS Mutual
s_connection: verify depth is 1
Handshake duration: 1754.37 ms
Execution 93 - TLS Mutual
s_connection: verify depth is 1
Handshake duration: 1502.99 ms
Execution 94 - TLS Mutual
s_connection: verify depth is 1
Handshake duration: 1495.44 ms
Execution 95 - TLS Mutual
s_connection: verify depth is 1
Handshake duration: 1291.47 ms
Execution 96 - TLS Mutual
s_connection: verify depth is 1
Handshake duration: 1726.17 ms
Execution 97 - TLS Mutual
s_connection: verify depth is 1
Handshake duration: 8735.59 ms
Execution 98 - TLS Mutual
s_connection: verify depth is 1
Handshake duration: 1902.52 ms
Execution 99 - TLS Mutual
s_connection: verify depth is 1
Handshake duration: 1083.68 ms
Execution 100 - TLS Mutual
s_connection: verify depth is 1
Handshake duration: 9330.20 ms
Execution 101 - TLS Mutual
s_connection: verify depth is 1
Handshake duration: 1284.82 ms
Execution 102 - TLS Mutual
s_connection: verify depth is 1
Handshake duration: 28041.51 ms
Execution 103 - TLS Mutual
s_connection: verify depth is 1
Handshake duration: 44.55 ms
Execution 104 - TLS Mutual
s_connection: verify depth is 1
Handshake duration: 288.66 ms
Execution 105 - TLS Mutual
s_connection: verify depth is 1
Handshake duration: 2749.52 ms
Execution 106 - TLS Mutual
s_connection: verify depth is 1
Handshake duration: 1716.21 ms
Execution 107 - TLS Mutual
s_connection: verify depth is 1
Handshake duration: 3531.29 ms
Execution 108 - TLS Mutual
s_connection: verify depth is 1
Handshake duration: 2123.60 ms
Execution 109 - TLS Mutual
s_connection: verify depth is 1
Handshake duration: 1078.31 ms
Execution 110 - TLS Mutual
s_connection: verify depth is 1
Handshake duration: 1075.79 ms
Execution 111 - TLS Mutual
s_connection: verify depth is 1
Handshake duration: 46.62 ms
Execution 112 - TLS Mutual
s_connection: verify depth is 1
Handshake duration: 1288.29 ms
Execution 113 - TLS Mutual
s_connection: verify depth is 1
Handshake duration: 1497.32 ms
Execution 114 - TLS Mutual
s_connection: verify depth is 1
Handshake duration: 1505.90 ms
Execution 115 - TLS Mutual
s_connection: verify depth is 1
Handshake duration: 881.69 ms
Execution 116 - TLS Mutual
s_connection: verify depth is 1
Handshake duration: 489.46 ms
Execution 117 - TLS Mutual
s_connection: verify depth is 1
Handshake duration: 44.64 ms
Execution 118 - TLS Mutual
s_connection: verify depth is 1
Handshake duration: 4410.40 ms
Execution 119 - TLS Mutual
s_connection: verify depth is 1
Handshake duration: 14449.24 ms
Execution 120 - TLS Mutual
s_connection: verify depth is 1
Handshake duration: 2300.10 ms
Execution 121 - TLS Mutual
s_connection: verify depth is 1
Handshake duration: 284.22 ms
Execution 122 - TLS Mutual
s_connection: verify depth is 1
Handshake duration: 283.31 ms
Execution 123 - TLS Mutual
s_connection: verify depth is 1
Handshake duration: 285.85 ms
Execution 124 - TLS Mutual
s_connection: verify depth is 1
Handshake duration: 2102.63 ms
Execution 125 - TLS Mutual
s_connection: verify depth is 1
Handshake duration: 46.47 ms
