Handshake timeout budget: 150s (identique TLS/QUIC)
Applying netem rules to lo...
Showing qdisc status for the interface: lo
qdisc netem 8fab: root refcnt 2 limit 1000 seed 1899112486807208943
 Sent 0 bytes 0 pkt (dropped 0, overlimits 0 requeues 0) 
 backlog 0b 0p requeues 0
Running ./perftestClientTlsQuic.sh with SIG_ALG=secp384r1 and KEM_ALG=x448_mlkem768
Execution 1 - TLS Mutual
s_connection: verify depth is 1
Handshake duration: 10.07 ms
Execution 2 - TLS Mutual
s_connection: verify depth is 1
Handshake duration: 9.61 ms
Execution 3 - TLS Mutual
s_connection: verify depth is 1
Handshake duration: 9.10 ms
Execution 4 - TLS Mutual
s_connection: verify depth is 1
Handshake duration: 1070.38 ms
Execution 5 - TLS Mutual
s_connection: verify depth is 1
Handshake duration: 1070.36 ms
Execution 6 - TLS Mutual
s_connection: verify depth is 1
Handshake duration: 12.25 ms
Execution 7 - TLS Mutual
s_connection: verify depth is 1
Handshake duration: 239.67 ms
Execution 8 - TLS Mutual
s_connection: verify depth is 1
Handshake duration: 1033.00 ms
Execution 9 - TLS Mutual
s_connection: verify depth is 1
Handshake duration: 644.56 ms
Execution 10 - TLS Mutual
s_connection: verify depth is 1
Handshake duration: 10.03 ms
Execution 11 - TLS Mutual
s_connection: verify depth is 1
Handshake duration: 13.94 ms
Execution 12 - TLS Mutual
s_connection: verify depth is 1
Handshake duration: 1086.84 ms
Execution 13 - TLS Mutual
s_connection: verify depth is 1
Handshake duration: 1490.16 ms
Execution 14 - TLS Mutual
s_connection: verify depth is 1
Handshake duration: 5426.52 ms
Execution 15 - TLS Mutual
s_connection: verify depth is 1
Handshake duration: 11.12 ms
Execution 16 - TLS Mutual
s_connection: verify depth is 1
Handshake duration: 1463.63 ms
Execution 17 - TLS Mutual
s_connection: verify depth is 1
Handshake duration: 1048.49 ms
Execution 18 - TLS Mutual
s_connection: verify depth is 1
Handshake duration: 10.64 ms
Execution 19 - TLS Mutual
s_connection: verify depth is 1
Handshake duration: 9.94 ms
Execution 20 - TLS Mutual
s_connection: verify depth is 1
Handshake duration: 5329.00 ms
Execution 21 - TLS Mutual
s_connection: verify depth is 1
Handshake duration: 1059.43 ms
Execution 22 - TLS Mutual
s_connection: verify depth is 1
Handshake duration: 1078.86 ms
Execution 23 - TLS Mutual
s_connection: verify depth is 1
Handshake duration: 9.95 ms
Execution 24 - TLS Mutual
s_connection: verify depth is 1
Handshake duration: 1460.86 ms
Execution 25 - TLS Mutual
s_connection: verify depth is 1
Handshake duration: 3505.81 ms
Execution 26 - TLS Mutual
s_connection: verify depth is 1
Handshake duration: 239.21 ms
Execution 27 - TLS Mutual
s_connection: verify depth is 1
Handshake duration: 1261.27 ms
Execution 28 - TLS Mutual
s_connection: verify depth is 1
Handshake duration: 25027.47 ms
Execution 29 - TLS Mutual
s_connection: verify depth is 1
Handshake duration: 1654.41 ms
Execution 30 - TLS Mutual
s_connection: verify depth is 1
Handshake duration: 9.90 ms
Execution 31 - TLS Mutual
s_connection: verify depth is 1
Handshake duration: 1274.27 ms
Execution 32 - TLS Mutual
s_connection: verify depth is 1
Handshake duration: 11.08 ms
Execution 33 - TLS Mutual
s_connection: verify depth is 1
Handshake duration: 1022.38 ms
Execution 34 - TLS Mutual
s_connection: verify depth is 1
Handshake duration: 4347.41 ms
Execution 35 - TLS Mutual
s_connection: verify depth is 1
Handshake duration: 10.91 ms
Execution 36 - TLS Mutual
s_connection: verify depth is 1
Handshake duration: 2697.34 ms
Execution 37 - TLS Mutual
s_connection: verify depth is 1
Handshake duration: 1281.32 ms
Execution 38 - TLS Mutual
s_connection: verify depth is 1
Handshake duration: 10.79 ms
Execution 39 - TLS Mutual
s_connection: verify depth is 1
Handshake duration: 3906.05 ms
Execution 40 - TLS Mutual
s_connection: verify depth is 1
Handshake duration: 3274.03 ms
Execution 41 - TLS Mutual
s_connection: verify depth is 1
Handshake duration: 15.15 ms
Execution 42 - TLS Mutual
s_connection: verify depth is 1
Handshake duration: 9.53 ms
Execution 43 - TLS Mutual
s_connection: verify depth is 1
Handshake duration: 9.47 ms
Execution 44 - TLS Mutual
s_connection: verify depth is 1
Handshake duration: NaN ms  (client-side timeout after 150s)
Execution 45 - TLS Mutual
s_connection: verify depth is 1
Handshake duration: 238.94 ms
Execution 46 - TLS Mutual
s_connection: verify depth is 1
Handshake duration: 9.73 ms
Execution 47 - TLS Mutual
s_connection: verify depth is 1
Handshake duration: 220.87 ms
Execution 48 - TLS Mutual
s_connection: verify depth is 1
Handshake duration: 13.28 ms
Execution 49 - TLS Mutual
s_connection: verify depth is 1
Handshake duration: 5822.65 ms
Execution 50 - TLS Mutual
s_connection: verify depth is 1
Handshake duration: 5390.77 ms
Execution 51 - TLS Mutual
s_connection: verify depth is 1
Handshake duration: 236.69 ms
Execution 52 - TLS Mutual
s_connection: verify depth is 1
Handshake duration: 28082.25 ms
Execution 53 - TLS Mutual
s_connection: verify depth is 1
Handshake duration: 2262.61 ms
Execution 54 - TLS Mutual
s_connection: verify depth is 1
Handshake duration: 1266.50 ms
Execution 55 - TLS Mutual
s_connection: verify depth is 1
Handshake duration: 3312.31 ms
Execution 56 - TLS Mutual
s_connection: verify depth is 1
Handshake duration: 1473.65 ms
Execution 57 - TLS Mutual
s_connection: verify depth is 1
Handshake duration: 1045.32 ms
Execution 58 - TLS Mutual
s_connection: verify depth is 1
Handshake duration: 238.38 ms
Execution 59 - TLS Mutual
s_connection: verify depth is 1
Handshake duration: 651.95 ms
Execution 60 - TLS Mutual
s_connection: verify depth is 1
Handshake duration: 9.62 ms
Execution 61 - TLS Mutual
s_connection: verify depth is 1
Handshake duration: 9.76 ms
Execution 62 - TLS Mutual
s_connection: verify depth is 1
Handshake duration: 1050.81 ms
Execution 63 - TLS Mutual
s_connection: verify depth is 1
Handshake duration: 15748.06 ms
Execution 64 - TLS Mutual
s_connection: verify depth is 1
Handshake duration: 2100.52 ms
Execution 65 - TLS Mutual
s_connection: verify depth is 1
Handshake duration: 9.53 ms
Execution 66 - TLS Mutual
s_connection: verify depth is 1
Handshake duration: 14.77 ms
Execution 67 - TLS Mutual
s_connection: verify depth is 1
Handshake duration: 9.27 ms
Execution 68 - TLS Mutual
s_connection: verify depth is 1
Handshake duration: 1462.91 ms
Execution 69 - TLS Mutual
s_connection: verify depth is 1
Handshake duration: 11.06 ms
Execution 70 - TLS Mutual
s_connection: verify depth is 1
Handshake duration: 11.01 ms
Execution 71 - TLS Mutual
s_connection: verify depth is 1
Handshake duration: 2083.48 ms
Execution 72 - TLS Mutual
s_connection: verify depth is 1
Handshake duration: 9.91 ms
Execution 73 - TLS Mutual
s_connection: verify depth is 1
Handshake duration: 1052.07 ms
Execution 74 - TLS Mutual
s_connection: verify depth is 1
Handshake duration: 15.19 ms
Execution 75 - TLS Mutual
s_connection: verify depth is 1
Handshake duration: 10.77 ms
Execution 76 - TLS Mutual
s_connection: verify depth is 1
Handshake duration: 9.39 ms
Execution 77 - TLS Mutual
s_connection: verify depth is 1
Handshake duration: 14.41 ms
Execution 78 - TLS Mutual
s_connection: verify depth is 1
Handshake duration: 10.78 ms
Execution 79 - TLS Mutual
s_connection: verify depth is 1
Handshake duration: 1222.19 ms
Execution 80 - TLS Mutual
s_connection: verify depth is 1
Handshake duration: 240.39 ms
Execution 81 - TLS Mutual
s_connection: verify depth is 1
Handshake duration: 230.05 ms
Execution 82 - TLS Mutual
s_connection: verify depth is 1
Handshake duration: 11.57 ms
Execution 83 - TLS Mutual
s_connection: verify depth is 1
Handshake duration: 21323.38 ms
Execution 84 - TLS Mutual
s_connection: verify depth is 1
Handshake duration: 3122.18 ms
Execution 85 - TLS Mutual
s_connection: verify depth is 1
Handshake duration: 3108.48 ms
Execution 86 - TLS Mutual
s_connection: verify depth is 1
Handshake duration: 1484.64 ms
Execution 87 - TLS Mutual
s_connection: verify depth is 1
Handshake duration: 9.86 ms
Execution 88 - TLS Mutual
s_connection: verify depth is 1
Handshake duration: 6409.57 ms
Execution 89 - TLS Mutual
s_connection: verify depth is 1
Handshake duration: 1053.83 ms
Execution 90 - TLS Mutual
s_connection: verify depth is 1
Handshake duration: 14.06 ms
Execution 91 - TLS Mutual
s_connection: verify depth is 1
Handshake duration: 9.46 ms
Execution 92 - TLS Mutual
s_connection: verify depth is 1
Handshake duration: 9.25 ms
Execution 93 - TLS Mutual
s_connection: verify depth is 1
Handshake duration: 9.52 ms
Execution 94 - TLS Mutual
s_connection: verify depth is 1
Handshake duration: 6611.38 ms
Execution 95 - TLS Mutual
s_connection: verify depth is 1
Handshake duration: 3124.43 ms
Execution 96 - TLS Mutual
s_connection: verify depth is 1
Handshake duration: 12.24 ms
Execution 97 - TLS Mutual
s_connection: verify depth is 1
Handshake duration: 1266.20 ms
Execution 98 - TLS Mutual
s_connection: verify depth is 1
Handshake duration: 237.38 ms
Execution 99 - TLS Mutual
s_connection: verify depth is 1
Handshake duration: 8012.06 ms
Execution 100 - TLS Mutual
s_connection: verify depth is 1
Handshake duration: 15.90 ms
Execution 101 - TLS Mutual
s_connection: verify depth is 1
Handshake duration: 4379.10 ms
Execution 102 - TLS Mutual
s_connection: verify depth is 1
Handshake duration: 434.23 ms
Execution 103 - TLS Mutual
s_connection: verify depth is 1
Handshake duration: 11.05 ms
Execution 104 - TLS Mutual
s_connection: verify depth is 1
Handshake duration: 9.59 ms
Execution 105 - TLS Mutual
s_connection: verify depth is 1
Handshake duration: 14478.69 ms
Execution 106 - TLS Mutual
s_connection: verify depth is 1
Handshake duration: 1498.97 ms
Execution 107 - TLS Mutual
s_connection: verify depth is 1
Handshake duration: 240.49 ms
Execution 108 - TLS Mutual
s_connection: verify depth is 1
Handshake duration: 1221.11 ms
Execution 109 - TLS Mutual
s_connection: verify depth is 1
Handshake duration: 1060.24 ms
Execution 110 - TLS Mutual
s_connection: verify depth is 1
Handshake duration: 9.92 ms
Execution 111 - TLS Mutual
s_connection: verify depth is 1
Handshake duration: 1254.13 ms
Execution 112 - TLS Mutual
s_connection: verify depth is 1
Handshake duration: 238.71 ms
Execution 113 - TLS Mutual
s_connection: verify depth is 1
Handshake duration: 630.30 ms
Execution 114 - TLS Mutual
s_connection: verify depth is 1
Handshake duration: 11.02 ms
Execution 115 - TLS Mutual
s_connection: verify depth is 1
Handshake duration: 1232.14 ms
Execution 116 - TLS Mutual
s_connection: verify depth is 1
Handshake duration: 2496.28 ms
Execution 117 - TLS Mutual
s_connection: verify depth is 1
Handshake duration: 1491.12 ms
Execution 118 - TLS Mutual
s_connection: verify depth is 1
Handshake duration: 11.14 ms
Execution 119 - TLS Mutual
s_connection: verify depth is 1
Handshake duration: 240.32 ms
Execution 120 - TLS Mutual
s_connection: verify depth is 1
Handshake duration: 13.56 ms
Execution 121 - TLS Mutual
s_connection: verify depth is 1
Handshake duration: 645.45 ms
Execution 122 - TLS Mutual
s_connection: verify depth is 1
Handshake duration: 10.33 ms
Execution 123 - TLS Mutual
s_connection: verify depth is 1
Handshake duration: 1864.40 ms
Execution 124 - TLS Mutual
s_connection: verify depth is 1
Handshake duration: 10.74 ms
Execution 125 - TLS Mutual
s_connection: verify depth is 1
Handshake duration: 10.51 ms
