Handshake timeout budget: 150s (identique TLS/QUIC)
Applying netem rules to lo...
Showing qdisc status for the interface: lo
qdisc netem 9cda: root refcnt 2 limit 1000 seed 14631637916468592539
 Sent 0 bytes 0 pkt (dropped 0, overlimits 0 requeues 0) 
 backlog 0b 0p requeues 0
Running ./perftestClientTlsQuic.sh with SIG_ALG=mldsa44 and KEM_ALG=hqc128
Execution 1 - TLS Mutual
s_connection: verify depth is 1
ERROR
4007B21025760000:error:80000071:system library:BIO_connect:No route to host:crypto/bio/bio_sock2.c:178:calling connect()
4007B21025760000:error:10000067:BIO routines:BIO_connect:connect error:crypto/bio/bio_sock2.c:180:
4007B21025760000:error:80000071:system library:conn_state:No route to host:crypto/bio/bss_conn.c:215:calling connect(172.18.0.2, 4433)
4007B21025760000:error:10000067:BIO routines:conn_state:connect error:crypto/bio/bss_conn.c:268:
Handshake duration: NaN ms  (client-side timeout after 150s)
Execution 2 - TLS Mutual
s_connection: verify depth is 1
ERROR
406721A8EB770000:error:80000071:system library:BIO_connect:No route to host:crypto/bio/bio_sock2.c:178:calling connect()
406721A8EB770000:error:10000067:BIO routines:BIO_connect:connect error:crypto/bio/bio_sock2.c:180:
406721A8EB770000:error:80000071:system library:conn_state:No route to host:crypto/bio/bss_conn.c:215:calling connect(172.18.0.2, 4433)
406721A8EB770000:error:10000067:BIO routines:conn_state:connect error:crypto/bio/bss_conn.c:268:
Handshake duration: NaN ms  (client-side timeout after 150s)
Execution 3 - TLS Mutual
s_connection: verify depth is 1
Handshake duration: 2134.63 ms
Execution 4 - TLS Mutual
s_connection: verify depth is 1
Handshake duration: 457.50 ms
Execution 5 - TLS Mutual
s_connection: verify depth is 1
Handshake duration: 1068.03 ms
Execution 6 - TLS Mutual
s_connection: verify depth is 1
Handshake duration: 37.81 ms
Execution 7 - TLS Mutual
s_connection: verify depth is 1
Handshake duration: 2129.40 ms
Execution 8 - TLS Mutual
s_connection: verify depth is 1
Handshake duration: 1929.29 ms
Execution 9 - TLS Mutual
s_connection: verify depth is 1
Handshake duration: 2107.91 ms
Execution 10 - TLS Mutual
s_connection: verify depth is 1
Handshake duration: 1476.14 ms
Execution 11 - TLS Mutual
s_connection: verify depth is 1
Handshake duration: 5810.90 ms
Execution 12 - TLS Mutual
s_connection: verify depth is 1
Handshake duration: 8658.76 ms
Execution 13 - TLS Mutual
s_connection: verify depth is 1
Handshake duration: 3119.86 ms
Execution 14 - TLS Mutual
s_connection: verify depth is 1
Handshake duration: 3351.21 ms
Execution 15 - TLS Mutual
s_connection: verify depth is 1
Handshake duration: 3570.13 ms
Execution 16 - TLS Mutual
s_connection: verify depth is 1
Handshake duration: 4389.53 ms
Execution 17 - TLS Mutual
s_connection: verify depth is 1
Handshake duration: 458.91 ms
Execution 18 - TLS Mutual
s_connection: verify depth is 1
Handshake duration: 36.53 ms
Execution 19 - TLS Mutual
s_connection: verify depth is 1
Handshake duration: 3354.77 ms
Execution 20 - TLS Mutual
s_connection: verify depth is 1
Handshake duration: 647.06 ms
Execution 21 - TLS Mutual
s_connection: verify depth is 1
Handshake duration: 2510.92 ms
Execution 22 - TLS Mutual
s_connection: verify depth is 1
Handshake duration: 36.81 ms
Execution 23 - TLS Mutual
s_connection: verify depth is 1
Handshake duration: 34.70 ms
Execution 24 - TLS Mutual
s_connection: verify depth is 1
Handshake duration: 272.86 ms
Execution 25 - TLS Mutual
s_connection: verify depth is 1
Handshake duration: 9608.17 ms
Execution 26 - TLS Mutual
s_connection: verify depth is 1
Handshake duration: 1915.42 ms
Execution 27 - TLS Mutual
s_connection: verify depth is 1
Handshake duration: 37.26 ms
Execution 28 - TLS Mutual
s_connection: verify depth is 1
Handshake duration: 37.91 ms
Execution 29 - TLS Mutual
s_connection: verify depth is 1
Handshake duration: 2723.21 ms
Execution 30 - TLS Mutual
s_connection: verify depth is 1
Handshake duration: 45.57 ms
Execution 31 - TLS Mutual
s_connection: verify depth is 1
Handshake duration: 108170.38 ms
Execution 32 - TLS Mutual
s_connection: verify depth is 1
Handshake duration: 1482.80 ms
Execution 33 - TLS Mutual
s_connection: verify depth is 1
Handshake duration: 3778.68 ms
Execution 34 - TLS Mutual
s_connection: verify depth is 1
Handshake duration: 2104.49 ms
Execution 35 - TLS Mutual
s_connection: verify depth is 1
Handshake duration: 36.66 ms
Execution 36 - TLS Mutual
s_connection: verify depth is 1
Handshake duration: 3118.61 ms
Execution 37 - TLS Mutual
s_connection: verify depth is 1
Handshake duration: 1938.13 ms
Execution 38 - TLS Mutual
s_connection: verify depth is 1
Handshake duration: 34.86 ms
Execution 39 - TLS Mutual
s_connection: verify depth is 1
Handshake duration: 14438.49 ms
Execution 40 - TLS Mutual
s_connection: verify depth is 1
Handshake duration: 3803.13 ms
Execution 41 - TLS Mutual
s_connection: verify depth is 1
Handshake duration: 275.35 ms
Execution 42 - TLS Mutual
s_connection: verify depth is 1
Handshake duration: 3371.90 ms
Execution 43 - TLS Mutual
s_connection: verify depth is 1
Handshake duration: 4604.45 ms
Execution 44 - TLS Mutual
s_connection: verify depth is 1
Handshake duration: 1538.25 ms
Execution 45 - TLS Mutual
s_connection: verify depth is 1
Handshake duration: 3172.35 ms
Execution 46 - TLS Mutual
s_connection: verify depth is 1
Handshake duration: 5228.23 ms
Execution 47 - TLS Mutual
s_connection: verify depth is 1
Handshake duration: 5041.22 ms
Execution 48 - TLS Mutual
s_connection: verify depth is 1
Handshake duration: 3122.86 ms
Execution 49 - TLS Mutual
s_connection: verify depth is 1
Handshake duration: 105907.72 ms
Execution 50 - TLS Mutual
s_connection: verify depth is 1
Handshake duration: 2546.36 ms
Execution 51 - TLS Mutual
s_connection: verify depth is 1
Handshake duration: 1468.83 ms
Execution 52 - TLS Mutual
s_connection: verify depth is 1
Handshake duration: 1919.11 ms
Execution 53 - TLS Mutual
s_connection: verify depth is 1
Handshake duration: 1511.74 ms
Execution 54 - TLS Mutual
s_connection: verify depth is 1
Handshake duration: 34.80 ms
Execution 55 - TLS Mutual
s_connection: verify depth is 1
Handshake duration: 277.73 ms
Execution 56 - TLS Mutual
s_connection: verify depth is 1
Handshake duration: 483.32 ms
Execution 57 - TLS Mutual
s_connection: verify depth is 1
Handshake duration: 1539.39 ms
Execution 58 - TLS Mutual
s_connection: verify depth is 1
Handshake duration: 35.62 ms
Execution 59 - TLS Mutual
s_connection: verify depth is 1
Handshake duration: 7449.01 ms
Execution 60 - TLS Mutual
s_connection: verify depth is 1
Handshake duration: 4182.85 ms
Execution 61 - TLS Mutual
s_connection: verify depth is 1
Handshake duration: 271.45 ms
Execution 62 - TLS Mutual
s_connection: verify depth is 1
Handshake duration: 3347.77 ms
Execution 63 - TLS Mutual
s_connection: verify depth is 1
Handshake duration: 4003.69 ms
Execution 64 - TLS Mutual
s_connection: verify depth is 1
Handshake duration: 38.02 ms
Execution 65 - TLS Mutual
s_connection: verify depth is 1
Handshake duration: 34.78 ms
Execution 66 - TLS Mutual
s_connection: verify depth is 1
Handshake duration: 2899.44 ms
Execution 67 - TLS Mutual
s_connection: verify depth is 1
Handshake duration: 1667.14 ms
Execution 68 - TLS Mutual
s_connection: verify depth is 1
Handshake duration: 5411.50 ms
Execution 69 - TLS Mutual
s_connection: verify depth is 1
Handshake duration: 1466.28 ms
Execution 70 - TLS Mutual
s_connection: verify depth is 1
Handshake duration: 661.73 ms
Execution 71 - TLS Mutual
s_connection: verify depth is 1
Handshake duration: 1270.59 ms
Execution 72 - TLS Mutual
s_connection: verify depth is 1
Handshake duration: 2147.68 ms
Execution 73 - TLS Mutual
s_connection: verify depth is 1
Handshake duration: 1726.81 ms
Execution 74 - TLS Mutual
s_connection: verify depth is 1
Handshake duration: 35.80 ms
Execution 75 - TLS Mutual
s_connection: verify depth is 1
Handshake duration: 14178.19 ms
Execution 76 - TLS Mutual
s_connection: verify depth is 1
Handshake duration: 36.99 ms
Execution 77 - TLS Mutual
s_connection: verify depth is 1
Handshake duration: 1066.77 ms
Execution 78 - TLS Mutual
s_connection: verify depth is 1
Handshake duration: 1549.64 ms
Execution 79 - TLS Mutual
s_connection: verify depth is 1
Handshake duration: 34.31 ms
Execution 80 - TLS Mutual
s_connection: verify depth is 1
Handshake duration: 277.22 ms
Execution 81 - TLS Mutual
s_connection: verify depth is 1
Handshake duration: 2105.32 ms
Execution 82 - TLS Mutual
s_connection: verify depth is 1
Handshake duration: 1876.00 ms
Execution 83 - TLS Mutual
s_connection: verify depth is 1
Handshake duration: 276.65 ms
Execution 84 - TLS Mutual
s_connection: verify depth is 1
Handshake duration: 36.32 ms
Execution 85 - TLS Mutual
s_connection: verify depth is 1
Handshake duration: 3218.26 ms
Execution 86 - TLS Mutual
s_connection: verify depth is 1
Handshake duration: 2123.26 ms
Execution 87 - TLS Mutual
s_connection: verify depth is 1
Handshake duration: 3358.22 ms
Execution 88 - TLS Mutual
s_connection: verify depth is 1
Handshake duration: 658.22 ms
Execution 89 - TLS Mutual
s_connection: verify depth is 1
Handshake duration: 1300.61 ms
Execution 90 - TLS Mutual
s_connection: verify depth is 1
Handshake duration: 266.79 ms
Execution 91 - TLS Mutual
s_connection: verify depth is 1
Handshake duration: 1080.99 ms
Execution 92 - TLS Mutual
s_connection: verify depth is 1
Handshake duration: 37.81 ms
Execution 93 - TLS Mutual
s_connection: verify depth is 1
Handshake duration: 35.32 ms
Execution 94 - TLS Mutual
s_connection: verify depth is 1
Handshake duration: 13423.70 ms
Execution 95 - TLS Mutual
s_connection: verify depth is 1
Handshake duration: 35.23 ms
Execution 96 - TLS Mutual
s_connection: verify depth is 1
Handshake duration: 1898.42 ms
Execution 97 - TLS Mutual
s_connection: verify depth is 1
Handshake duration: 37.27 ms
Execution 98 - TLS Mutual
s_connection: verify depth is 1
Handshake duration: 1716.43 ms
Execution 99 - TLS Mutual
s_connection: verify depth is 1
Handshake duration: 36.64 ms
Execution 100 - TLS Mutual
s_connection: verify depth is 1
Handshake duration: 34.45 ms
Execution 101 - TLS Mutual
s_connection: verify depth is 1
Handshake duration: 9892.79 ms
Execution 102 - TLS Mutual
s_connection: verify depth is 1
Handshake duration: 481.34 ms
Execution 103 - TLS Mutual
s_connection: verify depth is 1
Handshake duration: 4598.42 ms
Execution 104 - TLS Mutual
s_connection: verify depth is 1
Handshake duration: 659.09 ms
Execution 105 - TLS Mutual
s_connection: verify depth is 1
Handshake duration: 1289.42 ms
Execution 106 - TLS Mutual
s_connection: verify depth is 1
Handshake duration: 6419.07 ms
Execution 107 - TLS Mutual
s_connection: verify depth is 1
Handshake duration: 27301.33 ms
Execution 108 - TLS Mutual
s_connection: verify depth is 1
Handshake duration: 652.53 ms
Execution 109 - TLS Mutual
s_connection: verify depth is 1
Handshake duration: 5400.77 ms
Execution 110 - TLS Mutual
s_connection: verify depth is 1
Handshake duration: 1460.29 ms
Execution 111 - TLS Mutual
s_connection: verify depth is 1
Handshake duration: 56495.07 ms
Execution 112 - TLS Mutual
s_connection: verify depth is 1
Handshake duration: 38.17 ms
Execution 113 - TLS Mutual
s_connection: verify depth is 1
Handshake duration: 34.30 ms
Execution 114 - TLS Mutual
s_connection: verify depth is 1
Handshake duration: 34.20 ms
Execution 115 - TLS Mutual
s_connection: verify depth is 1
Handshake duration: 269.23 ms
Execution 116 - TLS Mutual
s_connection: verify depth is 1
Handshake duration: 1287.16 ms
Execution 117 - TLS Mutual
s_connection: verify depth is 1
Handshake duration: 1093.11 ms
Execution 118 - TLS Mutual
s_connection: verify depth is 1
Handshake duration: 1318.39 ms
Execution 119 - TLS Mutual
s_connection: verify depth is 1
Handshake duration: 2930.06 ms
Execution 120 - TLS Mutual
s_connection: verify depth is 1
Handshake duration: 1306.90 ms
Execution 121 - TLS Mutual
s_connection: verify depth is 1
Handshake duration: 7628.04 ms
Execution 122 - TLS Mutual
s_connection: verify depth is 1
Handshake duration: 2961.01 ms
Execution 123 - TLS Mutual
s_connection: verify depth is 1
Handshake duration: 269.25 ms
Execution 124 - TLS Mutual
s_connection: verify depth is 1
Handshake duration: 38.17 ms
Execution 125 - TLS Mutual
s_connection: verify depth is 1
Handshake duration: 1279.94 ms
