Handshake timeout budget: 150s (identique TLS/QUIC)
Applying netem rules to lo...
Showing qdisc status for the interface: lo
qdisc netem 9581: root refcnt 2 limit 1000 seed 7475277824145159982
 Sent 0 bytes 0 pkt (dropped 0, overlimits 0 requeues 0) 
 backlog 0b 0p requeues 0
Running ./perftestClientTlsQuic.sh with SIG_ALG=secp384r1 and KEM_ALG=hqc192
Execution 1 - TLS Mutual
s_connection: verify depth is 1
Handshake duration: 2139.88 ms
Execution 2 - TLS Mutual
s_connection: verify depth is 1
Handshake duration: 296.86 ms
Execution 3 - TLS Mutual
s_connection: verify depth is 1
Handshake duration: 9372.30 ms
Execution 4 - TLS Mutual
s_connection: verify depth is 1
Handshake duration: 296.54 ms
Execution 5 - TLS Mutual
s_connection: verify depth is 1
Handshake duration: 664.74 ms
Execution 6 - TLS Mutual
s_connection: verify depth is 1
Handshake duration: 1896.56 ms
Execution 7 - TLS Mutual
s_connection: verify depth is 1
Handshake duration: 296.75 ms
Execution 8 - TLS Mutual
s_connection: verify depth is 1
Handshake duration: 3589.06 ms
Execution 9 - TLS Mutual
s_connection: verify depth is 1
Handshake duration: 911.23 ms
Execution 10 - TLS Mutual
s_connection: verify depth is 1
Handshake duration: 49.62 ms
Execution 11 - TLS Mutual
s_connection: verify depth is 1
Handshake duration: 1741.87 ms
Execution 12 - TLS Mutual
s_connection: verify depth is 1
Handshake duration: 2539.21 ms
Execution 13 - TLS Mutual
s_connection: verify depth is 1
Handshake duration: 4643.12 ms
Execution 14 - TLS Mutual
s_connection: verify depth is 1
Handshake duration: 1290.64 ms
Execution 15 - TLS Mutual
s_connection: verify depth is 1
Handshake duration: 13492.39 ms
Execution 16 - TLS Mutual
s_connection: verify depth is 1
Handshake duration: 6634.60 ms
Execution 17 - TLS Mutual
s_connection: verify depth is 1
Handshake duration: 269.85 ms
Execution 18 - TLS Mutual
s_connection: verify depth is 1
Handshake duration: 2142.46 ms
Execution 19 - TLS Mutual
s_connection: verify depth is 1
Handshake duration: 255.73 ms
Execution 20 - TLS Mutual
s_connection: verify depth is 1
Handshake duration: 1689.46 ms
Execution 21 - TLS Mutual
s_connection: verify depth is 1
Handshake duration: 257.06 ms
Execution 22 - TLS Mutual
s_connection: verify depth is 1
Handshake duration: 1484.72 ms
Execution 23 - TLS Mutual
s_connection: verify depth is 1
Handshake duration: 53.00 ms
Execution 24 - TLS Mutual
s_connection: verify depth is 1
Handshake duration: 1546.90 ms
Execution 25 - TLS Mutual
s_connection: verify depth is 1
Handshake duration: 3365.05 ms
Execution 26 - TLS Mutual
s_connection: verify depth is 1
Handshake duration: 2563.06 ms
Execution 27 - TLS Mutual
s_connection: verify depth is 1
Handshake duration: 29220.69 ms
Execution 28 - TLS Mutual
s_connection: verify depth is 1
Handshake duration: 1304.73 ms
Execution 29 - TLS Mutual
s_connection: verify depth is 1
Handshake duration: 50.81 ms
Execution 30 - TLS Mutual
s_connection: verify depth is 1
Handshake duration: 473.29 ms
Execution 31 - TLS Mutual
s_connection: verify depth is 1
Handshake duration: 52393.73 ms
Execution 32 - TLS Mutual
s_connection: verify depth is 1
Handshake duration: 1098.71 ms
Execution 33 - TLS Mutual
s_connection: verify depth is 1
Handshake duration: 257.07 ms
Execution 34 - TLS Mutual
s_connection: verify depth is 1
Handshake duration: 6634.79 ms
Execution 35 - TLS Mutual
s_connection: verify depth is 1
Handshake duration: 6959.37 ms
Execution 36 - TLS Mutual
s_connection: verify depth is 1
Handshake duration: 1923.61 ms
Execution 37 - TLS Mutual
s_connection: verify depth is 1
Handshake duration: 13207.97 ms
Execution 38 - TLS Mutual
s_connection: verify depth is 1
Handshake duration: 292.18 ms
Execution 39 - TLS Mutual
s_connection: verify depth is 1
Handshake duration: 5987.12 ms
Execution 40 - TLS Mutual
s_connection: verify depth is 1
Handshake duration: 2312.43 ms
Execution 41 - TLS Mutual
s_connection: verify depth is 1
Handshake duration: 1346.53 ms
Execution 42 - TLS Mutual
s_connection: verify depth is 1
Handshake duration: 1344.65 ms
Execution 43 - TLS Mutual
s_connection: verify depth is 1
Handshake duration: 1304.96 ms
Execution 44 - TLS Mutual
s_connection: verify depth is 1
Handshake duration: 1930.82 ms
Execution 45 - TLS Mutual
s_connection: verify depth is 1
Handshake duration: 1301.50 ms
Execution 46 - TLS Mutual
s_connection: verify depth is 1
Handshake duration: 1336.69 ms
Execution 47 - TLS Mutual
s_connection: verify depth is 1
Handshake duration: 1112.95 ms
Execution 48 - TLS Mutual
s_connection: verify depth is 1
Handshake duration: 3167.20 ms
Execution 49 - TLS Mutual
s_connection: verify depth is 1
Handshake duration: 1538.15 ms
Execution 50 - TLS Mutual
s_connection: verify depth is 1
Handshake duration: 2317.22 ms
Execution 51 - TLS Mutual
s_connection: verify depth is 1
Handshake duration: 14963.47 ms
Execution 52 - TLS Mutual
s_connection: verify depth is 1
Handshake duration: 2609.73 ms
Execution 53 - TLS Mutual
s_connection: verify depth is 1
Handshake duration: 49.46 ms
Execution 54 - TLS Mutual
s_connection: verify depth is 1
Handshake duration: 1543.08 ms
Execution 55 - TLS Mutual
s_connection: verify depth is 1
Handshake duration: 1546.53 ms
Execution 56 - TLS Mutual
s_connection: verify depth is 1
Handshake duration: 50.25 ms
Execution 57 - TLS Mutual
s_connection: verify depth is 1
Handshake duration: 3159.70 ms
Execution 58 - TLS Mutual
s_connection: verify depth is 1
Handshake duration: 52.09 ms
Execution 59 - TLS Mutual
s_connection: verify depth is 1
Handshake duration: 293.76 ms
Execution 60 - TLS Mutual
s_connection: verify depth is 1
Handshake duration: 1698.83 ms
Execution 61 - TLS Mutual
s_connection: verify depth is 1
Handshake duration: 290.84 ms
Execution 62 - TLS Mutual
s_connection: verify depth is 1
Handshake duration: 292.09 ms
Execution 63 - TLS Mutual
s_connection: verify depth is 1
Handshake duration: 1112.77 ms
Execution 64 - TLS Mutual
s_connection: verify depth is 1
Handshake duration: 290.30 ms
Execution 65 - TLS Mutual
s_connection: verify depth is 1
Handshake duration: 59.12 ms
Execution 66 - TLS Mutual
s_connection: verify depth is 1
Handshake duration: 255.94 ms
Execution 67 - TLS Mutual
s_connection: verify depth is 1
Handshake duration: 54.27 ms
Execution 68 - TLS Mutual
s_connection: verify depth is 1
Handshake duration: 52526.95 ms
Execution 69 - TLS Mutual
s_connection: verify depth is 1
Handshake duration: 1308.29 ms
Execution 70 - TLS Mutual
s_connection: verify depth is 1
Handshake duration: 26827.83 ms
Execution 71 - TLS Mutual
s_connection: verify depth is 1
Handshake duration: 50.33 ms
Execution 72 - TLS Mutual
s_connection: verify depth is 1
Handshake duration: 4626.24 ms
Execution 73 - TLS Mutual
s_connection: verify depth is 1
Handshake duration: 8704.41 ms
Execution 74 - TLS Mutual
s_connection: verify depth is 1
Handshake duration: 50.90 ms
Execution 75 - TLS Mutual
s_connection: verify depth is 1
Handshake duration: 3993.49 ms
Execution 76 - TLS Mutual
s_connection: verify depth is 1
Handshake duration: 1129.44 ms
Execution 77 - TLS Mutual
s_connection: verify depth is 1
Handshake duration: 1690.31 ms
Execution 78 - TLS Mutual
s_connection: verify depth is 1
Handshake duration: 51.89 ms
Execution 79 - TLS Mutual
s_connection: verify depth is 1
Handshake duration: 1095.31 ms
Execution 80 - TLS Mutual
s_connection: verify depth is 1
Handshake duration: 2927.63 ms
Execution 81 - TLS Mutual
s_connection: verify depth is 1
Handshake duration: 55.36 ms
Execution 82 - TLS Mutual
s_connection: verify depth is 1
Handshake duration: 1289.97 ms
Execution 83 - TLS Mutual
s_connection: verify depth is 1
Handshake duration: 2968.09 ms
Execution 84 - TLS Mutual
s_connection: verify depth is 1
Handshake duration: 251.52 ms
Execution 85 - TLS Mutual
s_connection: verify depth is 1
Handshake duration: 55.44 ms
Execution 86 - TLS Mutual
s_connection: verify depth is 1
Handshake duration: 52746.43 ms
Execution 87 - TLS Mutual
s_connection: verify depth is 1
Handshake duration: 292.04 ms
Execution 88 - TLS Mutual
s_connection: verify depth is 1
Handshake duration: 1326.36 ms
Execution 89 - TLS Mutual
s_connection: verify depth is 1
Handshake duration: 54.99 ms
Execution 90 - TLS Mutual
s_connection: verify depth is 1
Handshake duration: 1477.42 ms
Execution 91 - TLS Mutual
s_connection: verify depth is 1
Handshake duration: 53.33 ms
Execution 92 - TLS Mutual
s_connection: verify depth is 1
Handshake duration: 1514.95 ms
Execution 93 - TLS Mutual
s_connection: verify depth is 1
Handshake duration: 462.85 ms
Execution 94 - TLS Mutual
s_connection: verify depth is 1
Handshake duration: 915.72 ms
Execution 95 - TLS Mutual
s_connection: verify depth is 1
Handshake duration: 872.68 ms
Execution 96 - TLS Mutual
s_connection: verify depth is 1
Handshake duration: 687.31 ms
Execution 97 - TLS Mutual
s_connection: verify depth is 1
Handshake duration: 1931.85 ms
Execution 98 - TLS Mutual
s_connection: verify depth is 1
Handshake duration: 52.53 ms
Execution 99 - TLS Mutual
s_connection: verify depth is 1
Handshake duration: 13244.82 ms
Execution 100 - TLS Mutual
s_connection: verify depth is 1
Handshake duration: 1288.29 ms
Execution 101 - TLS Mutual
s_connection: verify depth is 1
Handshake duration: 1331.94 ms
Execution 102 - TLS Mutual
s_connection: verify depth is 1
Handshake duration: 257.38 ms
Execution 103 - TLS Mutual
s_connection: verify depth is 1
Handshake duration: 1965.83 ms
Execution 104 - TLS Mutual
s_connection: verify depth is 1
Handshake duration: 3375.68 ms
Execution 105 - TLS Mutual
s_connection: verify depth is 1
Handshake duration: 8123.48 ms
Execution 106 - TLS Mutual
s_connection: verify depth is 1
Handshake duration: 283.97 ms
Execution 107 - TLS Mutual
s_connection: verify depth is 1
Handshake duration: 51.90 ms
Execution 108 - TLS Mutual
s_connection: verify depth is 1
Handshake duration: 13339.74 ms
Execution 109 - TLS Mutual
s_connection: verify depth is 1
Handshake duration: 2591.69 ms
Execution 110 - TLS Mutual
s_connection: verify depth is 1
Handshake duration: 2106.02 ms
Execution 111 - TLS Mutual
s_connection: verify depth is 1
Handshake duration: 29587.85 ms
Execution 112 - TLS Mutual
s_connection: verify depth is 1
Handshake duration: 14836.75 ms
Execution 113 - TLS Mutual
s_connection: verify depth is 1
Handshake duration: 463.87 ms
Execution 114 - TLS Mutual
s_connection: verify depth is 1
Handshake duration: 1509.88 ms
Execution 115 - TLS Mutual
s_connection: verify depth is 1
Handshake duration: 653.08 ms
Execution 116 - TLS Mutual
s_connection: verify depth is 1
Handshake duration: 6113.80 ms
Execution 117 - TLS Mutual
s_connection: verify depth is 1
Handshake duration: 51.09 ms
Execution 118 - TLS Mutual
s_connection: verify depth is 1
Handshake duration: 1687.92 ms
Execution 119 - TLS Mutual
s_connection: verify depth is 1
Handshake duration: 888.06 ms
Execution 120 - TLS Mutual
s_connection: verify depth is 1
Handshake duration: 463.69 ms
Execution 121 - TLS Mutual
s_connection: verify depth is 1
Handshake duration: 26680.52 ms
Execution 122 - TLS Mutual
s_connection: verify depth is 1
Handshake duration: 13065.78 ms
Execution 123 - TLS Mutual
s_connection: verify depth is 1
Handshake duration: 1087.75 ms
Execution 124 - TLS Mutual
s_connection: verify depth is 1
Handshake duration: 54903.27 ms
Execution 125 - TLS Mutual
s_connection: verify depth is 1
Handshake duration: 2740.64 ms
