Handshake timeout budget: 150s (identique TLS/QUIC)
Applying netem rules to lo...
Showing qdisc status for the interface: lo
qdisc netem 8f78: root refcnt 2 limit 1000 seed 8052326363752455977
 Sent 0 bytes 0 pkt (dropped 0, overlimits 0 requeues 0) 
 backlog 0b 0p requeues 0
Running ./perftestClientTlsQuic.sh with SIG_ALG=mldsa65 and KEM_ALG=x448_mlkem768
Execution 1 - TLS Mutual
s_connection: verify depth is 1
Handshake duration: 1077.51 ms
Execution 2 - TLS Mutual
s_connection: verify depth is 1
Handshake duration: 1298.67 ms
Execution 3 - TLS Mutual
s_connection: verify depth is 1
Handshake duration: 35.37 ms
Execution 4 - TLS Mutual
s_connection: verify depth is 1
Handshake duration: 4592.00 ms
Execution 5 - TLS Mutual
s_connection: verify depth is 1
Handshake duration: 1680.28 ms
Execution 6 - TLS Mutual
s_connection: verify depth is 1
Handshake duration: 36.58 ms
Execution 7 - TLS Mutual
s_connection: verify depth is 1
Handshake duration: 1073.72 ms
Execution 8 - TLS Mutual
s_connection: verify depth is 1
Handshake duration: 1491.91 ms
Execution 9 - TLS Mutual
s_connection: verify depth is 1
Handshake duration: 35.61 ms
Execution 10 - TLS Mutual
s_connection: verify depth is 1
Handshake duration: 14483.32 ms
Execution 11 - TLS Mutual
s_connection: verify depth is 1
Handshake duration: 1677.40 ms
Execution 12 - TLS Mutual
s_connection: verify depth is 1
Handshake duration: 485.66 ms
Execution 13 - TLS Mutual
s_connection: verify depth is 1
Handshake duration: 12943.62 ms
Execution 14 - TLS Mutual
s_connection: verify depth is 1
Handshake duration: 1293.28 ms
Execution 15 - TLS Mutual
s_connection: verify depth is 1
Handshake duration: 1490.53 ms
Execution 16 - TLS Mutual
s_connection: verify depth is 1
Handshake duration: 34.33 ms
Execution 17 - TLS Mutual
s_connection: verify depth is 1
Handshake duration: 33.56 ms
Execution 18 - TLS Mutual
s_connection: verify depth is 1
Handshake duration: 687.14 ms
Execution 19 - TLS Mutual
s_connection: verify depth is 1
Handshake duration: 35.57 ms
Execution 20 - TLS Mutual
s_connection: verify depth is 1
Handshake duration: 1289.08 ms
Execution 21 - TLS Mutual
s_connection: verify depth is 1
Handshake duration: 1264.21 ms
Execution 22 - TLS Mutual
s_connection: verify depth is 1
Handshake duration: 36.33 ms
Execution 23 - TLS Mutual
s_connection: verify depth is 1
Handshake duration: 2098.24 ms
Execution 24 - TLS Mutual
s_connection: verify depth is 1
Handshake duration: 5012.63 ms
Execution 25 - TLS Mutual
s_connection: verify depth is 1
Handshake duration: 1126.73 ms
Execution 26 - TLS Mutual
s_connection: verify depth is 1
Handshake duration: 34.36 ms
Execution 27 - TLS Mutual
s_connection: verify depth is 1
Handshake duration: 2535.72 ms
Execution 28 - TLS Mutual
s_connection: verify depth is 1
Handshake duration: 2519.11 ms
Execution 29 - TLS Mutual
s_connection: verify depth is 1
Handshake duration: 35.87 ms
Execution 30 - TLS Mutual
s_connection: verify depth is 1
Handshake duration: 1682.85 ms
Execution 31 - TLS Mutual
s_connection: verify depth is 1
Handshake duration: 256.78 ms
Execution 32 - TLS Mutual
s_connection: verify depth is 1
Handshake duration: 459.03 ms
Execution 33 - TLS Mutual
s_connection: verify depth is 1
Handshake duration: 35.66 ms
Execution 34 - TLS Mutual
s_connection: verify depth is 1
Handshake duration: 26411.83 ms
Execution 35 - TLS Mutual
s_connection: verify depth is 1
Handshake duration: 35.69 ms
Execution 36 - TLS Mutual
s_connection: verify depth is 1
Handshake duration: 278.39 ms
Execution 37 - TLS Mutual
s_connection: verify depth is 1
Handshake duration: 1523.22 ms
Execution 38 - TLS Mutual
s_connection: verify depth is 1
Handshake duration: 1059.86 ms
Execution 39 - TLS Mutual
s_connection: verify depth is 1
Handshake duration: 488.39 ms
Execution 40 - TLS Mutual
s_connection: verify depth is 1
Handshake duration: 1705.38 ms
Execution 41 - TLS Mutual
s_connection: verify depth is 1
Handshake duration: 272.87 ms
Execution 42 - TLS Mutual
s_connection: verify depth is 1
Handshake duration: 39.18 ms
Execution 43 - TLS Mutual
s_connection: verify depth is 1
Handshake duration: 33.31 ms
Execution 44 - TLS Mutual
s_connection: verify depth is 1
Handshake duration: 54365.18 ms
Execution 45 - TLS Mutual
s_connection: verify depth is 1
Handshake duration: 1263.09 ms
Execution 46 - TLS Mutual
s_connection: verify depth is 1
Handshake duration: 676.50 ms
Execution 47 - TLS Mutual
s_connection: verify depth is 1
Handshake duration: 34.88 ms
Execution 48 - TLS Mutual
s_connection: verify depth is 1
Handshake duration: 33.79 ms
Execution 49 - TLS Mutual
s_connection: verify depth is 1
Handshake duration: 53317.91 ms
Execution 50 - TLS Mutual
s_connection: verify depth is 1
Handshake duration: 247.18 ms
Execution 51 - TLS Mutual
s_connection: verify depth is 1
Handshake duration: 1074.52 ms
Execution 52 - TLS Mutual
s_connection: verify depth is 1
Handshake duration: 26170.88 ms
Execution 53 - TLS Mutual
s_connection: verify depth is 1
Handshake duration: 39.27 ms
Execution 54 - TLS Mutual
s_connection: verify depth is 1
Handshake duration: 2115.22 ms
Execution 55 - TLS Mutual
s_connection: verify depth is 1
Handshake duration: 10607.23 ms
Execution 56 - TLS Mutual
s_connection: verify depth is 1
Handshake duration: 38.01 ms
Execution 57 - TLS Mutual
s_connection: verify depth is 1
Handshake duration: 4582.77 ms
Execution 58 - TLS Mutual
s_connection: verify depth is 1
Handshake duration: 662.59 ms
Execution 59 - TLS Mutual
s_connection: verify depth is 1
Handshake duration: 480.30 ms
Execution 60 - TLS Mutual
s_connection: verify depth is 1
Handshake duration: 2318.22 ms
Execution 61 - TLS Mutual
s_connection: verify depth is 1
Handshake duration: 3195.12 ms
Execution 62 - TLS Mutual
s_connection: verify depth is 1
Handshake duration: 34.47 ms
Execution 63 - TLS Mutual
s_connection: verify depth is 1
Handshake duration: 33.22 ms
Execution 64 - TLS Mutual
s_connection: verify depth is 1
Handshake duration: 2778.93 ms
Execution 65 - TLS Mutual
s_connection: verify depth is 1
Handshake duration: 277.98 ms
Execution 66 - TLS Mutual
s_connection: verify depth is 1
Handshake duration: 34.19 ms
Execution 67 - TLS Mutual
s_connection: verify depth is 1
Handshake duration: 4441.82 ms
Execution 68 - TLS Mutual
s_connection: verify depth is 1
Handshake duration: 275.15 ms
Execution 69 - TLS Mutual
s_connection: verify depth is 1
Handshake duration: 14492.22 ms
Execution 70 - TLS Mutual
s_connection: verify depth is 1
Handshake duration: 1694.88 ms
Execution 71 - TLS Mutual
s_connection: verify depth is 1
Handshake duration: 3121.61 ms
Execution 72 - TLS Mutual
s_connection: verify depth is 1
Handshake duration: 6641.20 ms
Execution 73 - TLS Mutual
s_connection: verify depth is 1
Handshake duration: 1081.92 ms
Execution 74 - TLS Mutual
s_connection: verify depth is 1
Handshake duration: 35.15 ms
Execution 75 - TLS Mutual
s_connection: verify depth is 1
Handshake duration: 2735.99 ms
Execution 76 - TLS Mutual
s_connection: verify depth is 1
Handshake duration: 1891.53 ms
Execution 77 - TLS Mutual
s_connection: verify depth is 1
Handshake duration: 35.69 ms
Execution 78 - TLS Mutual
s_connection: verify depth is 1
Handshake duration: 32.96 ms
Execution 79 - TLS Mutual
s_connection: verify depth is 1
Handshake duration: 33.46 ms
Execution 80 - TLS Mutual
s_connection: verify depth is 1
Handshake duration: 7050.65 ms
Execution 81 - TLS Mutual
s_connection: verify depth is 1
Handshake duration: 52994.76 ms
Execution 82 - TLS Mutual
s_connection: verify depth is 1
Handshake duration: 894.45 ms
Execution 83 - TLS Mutual
s_connection: verify depth is 1
Handshake duration: 480.73 ms
Execution 84 - TLS Mutual
s_connection: verify depth is 1
Handshake duration: 33.49 ms
Execution 85 - TLS Mutual
s_connection: verify depth is 1
Handshake duration: 272.39 ms
Execution 86 - TLS Mutual
s_connection: verify depth is 1
Handshake duration: 2765.86 ms
Execution 87 - TLS Mutual
s_connection: verify depth is 1
Handshake duration: 659.47 ms
Execution 88 - TLS Mutual
s_connection: verify depth is 1
Handshake duration: 36.90 ms
Execution 89 - TLS Mutual
s_connection: verify depth is 1
Handshake duration: 270.26 ms
Execution 90 - TLS Mutual
s_connection: verify depth is 1
Handshake duration: 1261.75 ms
Execution 91 - TLS Mutual
s_connection: verify depth is 1
Handshake duration: 35.62 ms
Execution 92 - TLS Mutual
s_connection: verify depth is 1
Handshake duration: 2307.51 ms
Execution 93 - TLS Mutual
s_connection: verify depth is 1
Handshake duration: 35.98 ms
Execution 94 - TLS Mutual
s_connection: verify depth is 1
Handshake duration: 34.10 ms
Execution 95 - TLS Mutual
s_connection: verify depth is 1
Handshake duration: 654.52 ms
Execution 96 - TLS Mutual
s_connection: verify depth is 1
Handshake duration: 34.82 ms
Execution 97 - TLS Mutual
s_connection: verify depth is 1
Handshake duration: 36.15 ms
Execution 98 - TLS Mutual
s_connection: verify depth is 1
Handshake duration: 6279.28 ms
Execution 99 - TLS Mutual
s_connection: verify depth is 1
Handshake duration: 11282.93 ms
Execution 100 - TLS Mutual
s_connection: verify depth is 1
Handshake duration: 2115.79 ms
Execution 101 - TLS Mutual
s_connection: verify depth is 1
Handshake duration: 269.45 ms
Execution 102 - TLS Mutual
s_connection: verify depth is 1
Handshake duration: 7668.62 ms
Execution 103 - TLS Mutual
s_connection: verify depth is 1
Handshake duration: 275.79 ms
Execution 104 - TLS Mutual
s_connection: verify depth is 1
Handshake duration: 2691.87 ms
Execution 105 - TLS Mutual
s_connection: verify depth is 1
Handshake duration: 1330.30 ms
Execution 106 - TLS Mutual
s_connection: verify depth is 1
Handshake duration: 2123.35 ms
Execution 107 - TLS Mutual
s_connection: verify depth is 1
Handshake duration: 36.22 ms
Execution 108 - TLS Mutual
s_connection: verify depth is 1
Handshake duration: 1506.18 ms
Execution 109 - TLS Mutual
s_connection: verify depth is 1
Handshake duration: 1540.40 ms
Execution 110 - TLS Mutual
s_connection: verify depth is 1
Handshake duration: 652.59 ms
Execution 111 - TLS Mutual
s_connection: verify depth is 1
Handshake duration: 6436.03 ms
Execution 112 - TLS Mutual
s_connection: verify depth is 1
Handshake duration: 3334.97 ms
Execution 113 - TLS Mutual
s_connection: verify depth is 1
Handshake duration: 7201.11 ms
Execution 114 - TLS Mutual
s_connection: verify depth is 1
Handshake duration: 54144.92 ms
Execution 115 - TLS Mutual
s_connection: verify depth is 1
Handshake duration: 34273.80 ms
Execution 116 - TLS Mutual
s_connection: verify depth is 1
Handshake duration: 1292.94 ms
Execution 117 - TLS Mutual
s_connection: verify depth is 1
Handshake duration: 37.49 ms
Execution 118 - TLS Mutual
s_connection: verify depth is 1
Handshake duration: 35.66 ms
Execution 119 - TLS Mutual
s_connection: verify depth is 1
Handshake duration: 15991.44 ms
Execution 120 - TLS Mutual
s_connection: verify depth is 1
Handshake duration: 1491.32 ms
Execution 121 - TLS Mutual
s_connection: verify depth is 1
Handshake duration: 1284.11 ms
Execution 122 - TLS Mutual
s_connection: verify depth is 1
Handshake duration: 7020.51 ms
Execution 123 - TLS Mutual
s_connection: verify depth is 1
Handshake duration: 2762.83 ms
Execution 124 - TLS Mutual
s_connection: verify depth is 1
Handshake duration: 274.67 ms
Execution 125 - TLS Mutual
s_connection: verify depth is 1
Handshake duration: 1519.50 ms
