Handshake timeout budget: 150s (identique TLS/QUIC)
Applying netem rules to lo...
Showing qdisc status for the interface: lo
qdisc netem 8fd2: root refcnt 2 limit 1000 seed 2926361696609482417
 Sent 0 bytes 0 pkt (dropped 0, overlimits 0 requeues 0) 
 backlog 0b 0p requeues 0
Running ./perftestClientTlsQuic.sh with SIG_ALG=secp521r1 and KEM_ALG=mlkem1024
Execution 1 - TLS Mutual
s_connection: verify depth is 1
Handshake duration: 9.54 ms
Execution 2 - TLS Mutual
s_connection: verify depth is 1
Handshake duration: 240.32 ms
Execution 3 - TLS Mutual
s_connection: verify depth is 1
Handshake duration: 1477.30 ms
Execution 4 - TLS Mutual
s_connection: verify depth is 1
Handshake duration: 1431.28 ms
Execution 5 - TLS Mutual
s_connection: verify depth is 1
Handshake duration: 11.01 ms
Execution 6 - TLS Mutual
s_connection: verify depth is 1
Handshake duration: 239.91 ms
Execution 7 - TLS Mutual
s_connection: verify depth is 1
Handshake duration: 10.27 ms
Execution 8 - TLS Mutual
s_connection: verify depth is 1
Handshake duration: 1473.15 ms
Execution 9 - TLS Mutual
s_connection: verify depth is 1
Handshake duration: 3156.67 ms
Execution 10 - TLS Mutual
s_connection: verify depth is 1
Handshake duration: 1445.46 ms
Execution 11 - TLS Mutual
s_connection: verify depth is 1
Handshake duration: 1895.20 ms
Execution 12 - TLS Mutual
s_connection: verify depth is 1
Handshake duration: 11.51 ms
Execution 13 - TLS Mutual
s_connection: verify depth is 1
Handshake duration: 10.43 ms
Execution 14 - TLS Mutual
s_connection: verify depth is 1
Handshake duration: 9.15 ms
Execution 15 - TLS Mutual
s_connection: verify depth is 1
Handshake duration: 1509.02 ms
Execution 16 - TLS Mutual
s_connection: verify depth is 1
Handshake duration: 9.70 ms
Execution 17 - TLS Mutual
s_connection: verify depth is 1
Handshake duration: 244.99 ms
Execution 18 - TLS Mutual
s_connection: verify depth is 1
Handshake duration: 3105.52 ms
Execution 19 - TLS Mutual
s_connection: verify depth is 1
Handshake duration: 1075.33 ms
Execution 20 - TLS Mutual
s_connection: verify depth is 1
Handshake duration: 81723.20 ms
Execution 21 - TLS Mutual
s_connection: verify depth is 1
Handshake duration: 1060.18 ms
Execution 22 - TLS Mutual
s_connection: verify depth is 1
Handshake duration: 6395.72 ms
Execution 23 - TLS Mutual
s_connection: verify depth is 1
Handshake duration: 3308.22 ms
Execution 24 - TLS Mutual
s_connection: verify depth is 1
Handshake duration: 10.04 ms
Execution 25 - TLS Mutual
s_connection: verify depth is 1
Handshake duration: 9.89 ms
Execution 26 - TLS Mutual
s_connection: verify depth is 1
Handshake duration: 1280.83 ms
Execution 27 - TLS Mutual
s_connection: verify depth is 1
Handshake duration: 631.76 ms
Execution 28 - TLS Mutual
s_connection: verify depth is 1
Handshake duration: 10.98 ms
Execution 29 - TLS Mutual
s_connection: verify depth is 1
Handshake duration: 13247.41 ms
Execution 30 - TLS Mutual
s_connection: verify depth is 1
Handshake duration: 11.40 ms
Execution 31 - TLS Mutual
s_connection: verify depth is 1
Handshake duration: 9.73 ms
Execution 32 - TLS Mutual
s_connection: verify depth is 1
Handshake duration: 2272.98 ms
Execution 33 - TLS Mutual
s_connection: verify depth is 1
Handshake duration: 1248.12 ms
Execution 34 - TLS Mutual
s_connection: verify depth is 1
Handshake duration: NaN ms  (client-side timeout after 150s)
Execution 35 - TLS Mutual
s_connection: verify depth is 1
Handshake duration: 220.48 ms
Execution 36 - TLS Mutual
s_connection: verify depth is 1
Handshake duration: 6592.53 ms
Execution 37 - TLS Mutual
s_connection: verify depth is 1
Handshake duration: 9.87 ms
Execution 38 - TLS Mutual
s_connection: verify depth is 1
Handshake duration: 9.43 ms
Execution 39 - TLS Mutual
s_connection: verify depth is 1
Handshake duration: 1685.38 ms
Execution 40 - TLS Mutual
s_connection: verify depth is 1
Handshake duration: 10.15 ms
Execution 41 - TLS Mutual
s_connection: verify depth is 1
Handshake duration: 9.45 ms
Execution 42 - TLS Mutual
s_connection: verify depth is 1
Handshake duration: 9.24 ms
Execution 43 - TLS Mutual
s_connection: verify depth is 1
Handshake duration: 239.46 ms
Execution 44 - TLS Mutual
s_connection: verify depth is 1
Handshake duration: 1484.95 ms
Execution 45 - TLS Mutual
s_connection: verify depth is 1
Handshake duration: 2465.87 ms
Execution 46 - TLS Mutual
s_connection: verify depth is 1
Handshake duration: 240.25 ms
Execution 47 - TLS Mutual
s_connection: verify depth is 1
Handshake duration: 9.42 ms
Execution 48 - TLS Mutual
s_connection: verify depth is 1
Handshake duration: 1237.22 ms
Execution 49 - TLS Mutual
s_connection: verify depth is 1
Handshake duration: 241.30 ms
Execution 50 - TLS Mutual
s_connection: verify depth is 1
Handshake duration: 9.45 ms
Execution 51 - TLS Mutual
s_connection: verify depth is 1
Handshake duration: 4343.74 ms
Execution 52 - TLS Mutual
s_connection: verify depth is 1
Handshake duration: 225.52 ms
Execution 53 - TLS Mutual
s_connection: verify depth is 1
Handshake duration: 1487.64 ms
Execution 54 - TLS Mutual
s_connection: verify depth is 1
Handshake duration: 239.60 ms
Execution 55 - TLS Mutual
s_connection: verify depth is 1
Handshake duration: 1271.57 ms
Execution 56 - TLS Mutual
s_connection: verify depth is 1
Handshake duration: 12.87 ms
Execution 57 - TLS Mutual
s_connection: verify depth is 1
Handshake duration: 1236.14 ms
Execution 58 - TLS Mutual
s_connection: verify depth is 1
Handshake duration: 26528.90 ms
Execution 59 - TLS Mutual
s_connection: verify depth is 1
Handshake duration: 3106.15 ms
Execution 60 - TLS Mutual
s_connection: verify depth is 1
Handshake duration: 2738.27 ms
Execution 61 - TLS Mutual
s_connection: verify depth is 1
Handshake duration: 10.88 ms
Execution 62 - TLS Mutual
s_connection: verify depth is 1
Handshake duration: 1466.27 ms
Execution 63 - TLS Mutual
s_connection: verify depth is 1
Handshake duration: 10.57 ms
Execution 64 - TLS Mutual
s_connection: verify depth is 1
Handshake duration: 1024.69 ms
Execution 65 - TLS Mutual
s_connection: verify depth is 1
Handshake duration: 2109.65 ms
Execution 66 - TLS Mutual
s_connection: verify depth is 1
Handshake duration: 16.71 ms
Execution 67 - TLS Mutual
s_connection: verify depth is 1
Handshake duration: 9.54 ms
Execution 68 - TLS Mutual
s_connection: verify depth is 1
Handshake duration: 1470.43 ms
Execution 69 - TLS Mutual
s_connection: verify depth is 1
Handshake duration: 11.10 ms
Execution 70 - TLS Mutual
s_connection: verify depth is 1
Handshake duration: 2698.25 ms
Execution 71 - TLS Mutual
s_connection: verify depth is 1
Handshake duration: 5150.09 ms
Execution 72 - TLS Mutual
s_connection: verify depth is 1
Handshake duration: 8.93 ms
Execution 73 - TLS Mutual
s_connection: verify depth is 1
Handshake duration: 1476.14 ms
Execution 74 - TLS Mutual
s_connection: verify depth is 1
Handshake duration: 14.32 ms
Execution 75 - TLS Mutual
s_connection: verify depth is 1
Handshake duration: 12.90 ms
Execution 76 - TLS Mutual
s_connection: verify depth is 1
Handshake duration: 235.83 ms
Execution 77 - TLS Mutual
s_connection: verify depth is 1
Handshake duration: 447.45 ms
Execution 78 - TLS Mutual
s_connection: verify depth is 1
Handshake duration: 20.18 ms
Execution 79 - TLS Mutual
s_connection: verify depth is 1
Handshake duration: 9.85 ms
Execution 80 - TLS Mutual
s_connection: verify depth is 1
Handshake duration: 3908.71 ms
Execution 81 - TLS Mutual
s_connection: verify depth is 1
Handshake duration: 221.63 ms
Execution 82 - TLS Mutual
s_connection: verify depth is 1
Handshake duration: 9.36 ms
Execution 83 - TLS Mutual
s_connection: verify depth is 1
Handshake duration: 9.21 ms
Execution 84 - TLS Mutual
s_connection: verify depth is 1
Handshake duration: 8.80 ms
Execution 85 - TLS Mutual
s_connection: verify depth is 1
Handshake duration: 8.52 ms
Execution 86 - TLS Mutual
s_connection: verify depth is 1
Handshake duration: 8.34 ms
Execution 87 - TLS Mutual
s_connection: verify depth is 1
Handshake duration: 36643.08 ms
Execution 88 - TLS Mutual
s_connection: verify depth is 1
Handshake duration: 10.63 ms
Execution 89 - TLS Mutual
s_connection: verify depth is 1
Handshake duration: 10.89 ms
Execution 90 - TLS Mutual
s_connection: verify depth is 1
Handshake duration: 9.39 ms
Execution 91 - TLS Mutual
s_connection: verify depth is 1
Handshake duration: 8.87 ms
Execution 92 - TLS Mutual
s_connection: verify depth is 1
Handshake duration: 8.91 ms
Execution 93 - TLS Mutual
s_connection: verify depth is 1
Handshake duration: 9.04 ms
Execution 94 - TLS Mutual
s_connection: verify depth is 1
Handshake duration: 3271.70 ms
Execution 95 - TLS Mutual
s_connection: verify depth is 1
Handshake duration: 1266.77 ms
Execution 96 - TLS Mutual
s_connection: verify depth is 1
Handshake duration: 1489.62 ms
Execution 97 - TLS Mutual
s_connection: verify depth is 1
Handshake duration: 9.76 ms
Execution 98 - TLS Mutual
s_connection: verify depth is 1
Handshake duration: 8.87 ms
Execution 99 - TLS Mutual
s_connection: verify depth is 1
Handshake duration: 1257.51 ms
Execution 100 - TLS Mutual
s_connection: verify depth is 1
Handshake duration: 10.72 ms
Execution 101 - TLS Mutual
s_connection: verify depth is 1
Handshake duration: 1048.76 ms
Execution 102 - TLS Mutual
s_connection: verify depth is 1
Handshake duration: 1262.66 ms
Execution 103 - TLS Mutual
s_connection: verify depth is 1
Handshake duration: 16.47 ms
Execution 104 - TLS Mutual
s_connection: verify depth is 1
Handshake duration: 841.14 ms
Execution 105 - TLS Mutual
s_connection: verify depth is 1
Handshake duration: 9.95 ms
Execution 106 - TLS Mutual
s_connection: verify depth is 1
Handshake duration: 13.80 ms
Execution 107 - TLS Mutual
s_connection: verify depth is 1
Handshake duration: 9.63 ms
Execution 108 - TLS Mutual
s_connection: verify depth is 1
Handshake duration: 9.26 ms
Execution 109 - TLS Mutual
s_connection: verify depth is 1
Handshake duration: 9.56 ms
Execution 110 - TLS Mutual
s_connection: verify depth is 1
Handshake duration: 3720.29 ms
Execution 111 - TLS Mutual
s_connection: verify depth is 1
Handshake duration: 10.24 ms
Execution 112 - TLS Mutual
s_connection: verify depth is 1
Handshake duration: 9.39 ms
Execution 113 - TLS Mutual
s_connection: verify depth is 1
Handshake duration: 14.40 ms
Execution 114 - TLS Mutual
s_connection: verify depth is 1
Handshake duration: 9.19 ms
Execution 115 - TLS Mutual
s_connection: verify depth is 1
Handshake duration: 1025.04 ms
Execution 116 - TLS Mutual
s_connection: verify depth is 1
Handshake duration: 2097.35 ms
Execution 117 - TLS Mutual
s_connection: verify depth is 1
Handshake duration: 10.46 ms
Execution 118 - TLS Mutual
s_connection: verify depth is 1
Handshake duration: 9.66 ms
Execution 119 - TLS Mutual
s_connection: verify depth is 1
Handshake duration: 1030.97 ms
Execution 120 - TLS Mutual
s_connection: verify depth is 1
Handshake duration: 11.27 ms
Execution 121 - TLS Mutual
s_connection: verify depth is 1
Handshake duration: 9.40 ms
Execution 122 - TLS Mutual
s_connection: verify depth is 1
Handshake duration: 9.35 ms
Execution 123 - TLS Mutual
s_connection: verify depth is 1
Handshake duration: 1088.56 ms
Execution 124 - TLS Mutual
s_connection: verify depth is 1
Handshake duration: 9.44 ms
Execution 125 - TLS Mutual
s_connection: verify depth is 1
Handshake duration: 9.58 ms
