Handshake timeout budget: 150s (identique TLS/QUIC)
Applying netem rules to lo...
Showing qdisc status for the interface: lo
qdisc netem 85fd: root refcnt 2 limit 1000 seed 6100269391552279181
 Sent 0 bytes 0 pkt (dropped 0, overlimits 0 requeues 0) 
 backlog 0b 0p requeues 0
Running ./perftestClientTlsQuic.sh with SIG_ALG=ed25519 and KEM_ALG=hqc128
Execution 1 - TLS Mutual
s_connection: verify depth is 1
Handshake duration: 2989.16 ms
Execution 2 - TLS Mutual
s_connection: verify depth is 1
Handshake duration: 237.47 ms
Execution 3 - TLS Mutual
s_connection: verify depth is 1
Handshake duration: 2726.44 ms
Execution 4 - TLS Mutual
s_connection: verify depth is 1
Handshake duration: 3952.26 ms
Execution 5 - TLS Mutual
s_connection: verify depth is 1
Handshake duration: 853.05 ms
Execution 6 - TLS Mutual
s_connection: verify depth is 1
Handshake duration: 27.84 ms
Execution 7 - TLS Mutual
s_connection: verify depth is 1
Handshake duration: 7721.68 ms
Execution 8 - TLS Mutual
s_connection: verify depth is 1
Handshake duration: 2737.12 ms
Execution 9 - TLS Mutual
s_connection: verify depth is 1
Handshake duration: 3333.53 ms
Execution 10 - TLS Mutual
s_connection: verify depth is 1
Handshake duration: 256.40 ms
Execution 11 - TLS Mutual
s_connection: verify depth is 1
Handshake duration: 7828.32 ms
Execution 12 - TLS Mutual
s_connection: verify depth is 1
Handshake duration: 253.95 ms
Execution 13 - TLS Mutual
s_connection: verify depth is 1
Handshake duration: 231.49 ms
Execution 14 - TLS Mutual
s_connection: verify depth is 1
Handshake duration: 1068.13 ms
Execution 15 - TLS Mutual
s_connection: verify depth is 1
Handshake duration: 6252.76 ms
Execution 16 - TLS Mutual
s_connection: verify depth is 1
Handshake duration: 228.84 ms
Execution 17 - TLS Mutual
s_connection: verify depth is 1
Handshake duration: 1283.61 ms
Execution 18 - TLS Mutual
s_connection: verify depth is 1
Handshake duration: 869.73 ms
Execution 19 - TLS Mutual
s_connection: verify depth is 1
Handshake duration: 26.87 ms
Execution 20 - TLS Mutual
s_connection: verify depth is 1
Handshake duration: 20.31 ms
Execution 21 - TLS Mutual
s_connection: verify depth is 1
Handshake duration: 252.34 ms
Execution 22 - TLS Mutual
s_connection: verify depth is 1
Handshake duration: 5386.29 ms
Execution 23 - TLS Mutual
s_connection: verify depth is 1
Handshake duration: 22.28 ms
Execution 24 - TLS Mutual
s_connection: verify depth is 1
Handshake duration: 258.64 ms
Execution 25 - TLS Mutual
s_connection: verify depth is 1
Handshake duration: 1499.83 ms
Execution 26 - TLS Mutual
s_connection: verify depth is 1
Handshake duration: 23.99 ms
Execution 27 - TLS Mutual
s_connection: verify depth is 1
Handshake duration: 13522.31 ms
Execution 28 - TLS Mutual
s_connection: verify depth is 1
Handshake duration: 3168.66 ms
Execution 29 - TLS Mutual
s_connection: verify depth is 1
Handshake duration: 839.90 ms
Execution 30 - TLS Mutual
s_connection: verify depth is 1
Handshake duration: 30.47 ms
Execution 31 - TLS Mutual
s_connection: verify depth is 1
Handshake duration: 1716.62 ms
Execution 32 - TLS Mutual
s_connection: verify depth is 1
Handshake duration: 1075.73 ms
Execution 33 - TLS Mutual
s_connection: verify depth is 1
Handshake duration: 1697.30 ms
Execution 34 - TLS Mutual
s_connection: verify depth is 1
Handshake duration: 1311.11 ms
Execution 35 - TLS Mutual
s_connection: verify depth is 1
Handshake duration: 1685.79 ms
Execution 36 - TLS Mutual
s_connection: verify depth is 1
Handshake duration: 21.49 ms
Execution 37 - TLS Mutual
s_connection: verify depth is 1
Handshake duration: 226.74 ms
Execution 38 - TLS Mutual
s_connection: verify depth is 1
Handshake duration: 3137.25 ms
Execution 39 - TLS Mutual
s_connection: verify depth is 1
Handshake duration: 438.49 ms
Execution 40 - TLS Mutual
s_connection: verify depth is 1
Handshake duration: 1884.71 ms
Execution 41 - TLS Mutual
s_connection: verify depth is 1
Handshake duration: 1495.64 ms
Execution 42 - TLS Mutual
s_connection: verify depth is 1
Handshake duration: 1878.15 ms
Execution 43 - TLS Mutual
s_connection: verify depth is 1
Handshake duration: 1080.30 ms
Execution 44 - TLS Mutual
s_connection: verify depth is 1
Handshake duration: 3316.59 ms
Execution 45 - TLS Mutual
s_connection: verify depth is 1
Handshake duration: 24.21 ms
Execution 46 - TLS Mutual
s_connection: verify depth is 1
Handshake duration: 1934.11 ms
Execution 47 - TLS Mutual
s_connection: verify depth is 1
Handshake duration: 1473.62 ms
Execution 48 - TLS Mutual
s_connection: verify depth is 1
Handshake duration: 1033.99 ms
Execution 49 - TLS Mutual
s_connection: verify depth is 1
Handshake duration: 1703.91 ms
Execution 50 - TLS Mutual
s_connection: verify depth is 1
Handshake duration: 1504.95 ms
Execution 51 - TLS Mutual
s_connection: verify depth is 1
Handshake duration: 22.38 ms
Execution 52 - TLS Mutual
s_connection: verify depth is 1
Handshake duration: 3752.41 ms
Execution 53 - TLS Mutual
s_connection: verify depth is 1
Handshake duration: 231.93 ms
Execution 54 - TLS Mutual
s_connection: verify depth is 1
Handshake duration: 104694.25 ms
Execution 55 - TLS Mutual
s_connection: verify depth is 1
Handshake duration: 25.22 ms
Execution 56 - TLS Mutual
s_connection: verify depth is 1
Handshake duration: 21.09 ms
Execution 57 - TLS Mutual
s_connection: verify depth is 1
Handshake duration: 438.92 ms
Execution 58 - TLS Mutual
s_connection: verify depth is 1
Handshake duration: 1247.26 ms
Execution 59 - TLS Mutual
s_connection: verify depth is 1
Handshake duration: 1468.50 ms
Execution 60 - TLS Mutual
s_connection: verify depth is 1
Handshake duration: 458.53 ms
Execution 61 - TLS Mutual
s_connection: verify depth is 1
Handshake duration: 1084.88 ms
Execution 62 - TLS Mutual
s_connection: verify depth is 1
Handshake duration: 1299.41 ms
Execution 63 - TLS Mutual
s_connection: verify depth is 1
Handshake duration: 20.93 ms
Execution 64 - TLS Mutual
s_connection: verify depth is 1
Handshake duration: 21.45 ms
Execution 65 - TLS Mutual
s_connection: verify depth is 1
Handshake duration: 226.65 ms
Execution 66 - TLS Mutual
s_connection: verify depth is 1
Handshake duration: 23.63 ms
Execution 67 - TLS Mutual
s_connection: verify depth is 1
Handshake duration: 2090.70 ms
Execution 68 - TLS Mutual
s_connection: verify depth is 1
Handshake duration: 436.20 ms
Execution 69 - TLS Mutual
s_connection: verify depth is 1
Handshake duration: 7894.27 ms
Execution 70 - TLS Mutual
s_connection: verify depth is 1
Handshake duration: 21.86 ms
Execution 71 - TLS Mutual
s_connection: verify depth is 1
Handshake duration: 1084.50 ms
Execution 72 - TLS Mutual
s_connection: verify depth is 1
Handshake duration: 3920.15 ms
Execution 73 - TLS Mutual
s_connection: verify depth is 1
Handshake duration: 20.23 ms
Execution 74 - TLS Mutual
s_connection: verify depth is 1
Handshake duration: 637.21 ms
Execution 75 - TLS Mutual
s_connection: verify depth is 1
Handshake duration: 3128.22 ms
Execution 76 - TLS Mutual
s_connection: verify depth is 1
Handshake duration: 22.06 ms
Execution 77 - TLS Mutual
s_connection: verify depth is 1
Handshake duration: 2084.69 ms
Execution 78 - TLS Mutual
s_connection: verify depth is 1
Handshake duration: 255.09 ms
Execution 79 - TLS Mutual
s_connection: verify depth is 1
Handshake duration: 25.69 ms
Execution 80 - TLS Mutual
s_connection: verify depth is 1
Handshake duration: 855.34 ms
Execution 81 - TLS Mutual
s_connection: verify depth is 1
Handshake duration: 231.20 ms
Execution 82 - TLS Mutual
s_connection: verify depth is 1
Handshake duration: 6580.14 ms
Execution 83 - TLS Mutual
s_connection: verify depth is 1
Handshake duration: 431.93 ms
Execution 84 - TLS Mutual
s_connection: verify depth is 1
Handshake duration: 13625.00 ms
Execution 85 - TLS Mutual
s_connection: verify depth is 1
Handshake duration: 252.89 ms
Execution 86 - TLS Mutual
s_connection: verify depth is 1
Handshake duration: 21.56 ms
Execution 87 - TLS Mutual
s_connection: verify depth is 1
Handshake duration: 20.72 ms
Execution 88 - TLS Mutual
s_connection: verify depth is 1
Handshake duration: 228.97 ms
Execution 89 - TLS Mutual
s_connection: verify depth is 1
Handshake duration: 31.59 ms
Execution 90 - TLS Mutual
s_connection: verify depth is 1
Handshake duration: 845.50 ms
Execution 91 - TLS Mutual
s_connection: verify depth is 1
Handshake duration: 230.85 ms
Execution 92 - TLS Mutual
s_connection: verify depth is 1
Handshake duration: 447.00 ms
Execution 93 - TLS Mutual
s_connection: verify depth is 1
Handshake duration: 1898.48 ms
Execution 94 - TLS Mutual
s_connection: verify depth is 1
Handshake duration: 2545.26 ms
Execution 95 - TLS Mutual
s_connection: verify depth is 1
Handshake duration: 22.06 ms
Execution 96 - TLS Mutual
s_connection: verify depth is 1
Handshake duration: 229.15 ms
Execution 97 - TLS Mutual
s_connection: verify depth is 1
Handshake duration: 2767.17 ms
Execution 98 - TLS Mutual
s_connection: verify depth is 1
Handshake duration: 22.12 ms
Execution 99 - TLS Mutual
s_connection: verify depth is 1
Handshake duration: 20.83 ms
Execution 100 - TLS Mutual
s_connection: verify depth is 1
Handshake duration: 444.76 ms
Execution 101 - TLS Mutual
s_connection: verify depth is 1
Handshake duration: 1272.27 ms
Execution 102 - TLS Mutual
s_connection: verify depth is 1
Handshake duration: 461.28 ms
Execution 103 - TLS Mutual
s_connection: verify depth is 1
Handshake duration: 1699.08 ms
Execution 104 - TLS Mutual
s_connection: verify depth is 1
Handshake duration: 28.33 ms
Execution 105 - TLS Mutual
s_connection: verify depth is 1
Handshake duration: 53920.43 ms
Execution 106 - TLS Mutual
s_connection: verify depth is 1
Handshake duration: 29986.13 ms
Execution 107 - TLS Mutual
s_connection: verify depth is 1
Handshake duration: 1712.76 ms
Execution 108 - TLS Mutual
s_connection: verify depth is 1
Handshake duration: 253.94 ms
Execution 109 - TLS Mutual
s_connection: verify depth is 1
Handshake duration: 3337.99 ms
Execution 110 - TLS Mutual
s_connection: verify depth is 1
Handshake duration: 241.64 ms
Execution 111 - TLS Mutual
s_connection: verify depth is 1
Handshake duration: 1269.23 ms
Execution 112 - TLS Mutual
s_connection: verify depth is 1
Handshake duration: 22.35 ms
Execution 113 - TLS Mutual
s_connection: verify depth is 1
Handshake duration: 3806.20 ms
Execution 114 - TLS Mutual
s_connection: verify depth is 1
Handshake duration: 21.34 ms
Execution 115 - TLS Mutual
s_connection: verify depth is 1
Handshake duration: 4984.41 ms
Execution 116 - TLS Mutual
s_connection: verify depth is 1
Handshake duration: 4352.67 ms
Execution 117 - TLS Mutual
s_connection: verify depth is 1
Handshake duration: 2925.90 ms
Execution 118 - TLS Mutual
s_connection: verify depth is 1
Handshake duration: 26.85 ms
Execution 119 - TLS Mutual
s_connection: verify depth is 1
Handshake duration: 3337.23 ms
Execution 120 - TLS Mutual
s_connection: verify depth is 1
Handshake duration: 27281.29 ms
Execution 121 - TLS Mutual
s_connection: verify depth is 1
Handshake duration: 22.40 ms
Execution 122 - TLS Mutual
s_connection: verify depth is 1
Handshake duration: 26.82 ms
Execution 123 - TLS Mutual
s_connection: verify depth is 1
Handshake duration: 22.53 ms
Execution 124 - TLS Mutual
s_connection: verify depth is 1
Handshake duration: 2143.60 ms
Execution 125 - TLS Mutual
s_connection: verify depth is 1
Handshake duration: 23.97 ms
