Handshake timeout budget: 150s (identique TLS/QUIC)
Applying netem rules to lo...
Showing qdisc status for the interface: lo
qdisc netem 8f72: root refcnt 2 limit 1000 seed 1554938593690605320
 Sent 0 bytes 0 pkt (dropped 0, overlimits 0 requeues 0) 
 backlog 0b 0p requeues 0
Running ./perftestClientTlsQuic.sh with SIG_ALG=mldsa65 and KEM_ALG=p384_hqc192
Execution 1 - TLS Mutual
s_connection: verify depth is 1
Handshake duration: 703.25 ms
Execution 2 - TLS Mutual
s_connection: verify depth is 1
Handshake duration: 13546.93 ms
Execution 3 - TLS Mutual
s_connection: verify depth is 1
Handshake duration: 1934.37 ms
Execution 4 - TLS Mutual
s_connection: verify depth is 1
Handshake duration: 718.51 ms
Execution 5 - TLS Mutual
s_connection: verify depth is 1
Handshake duration: 2596.40 ms
Execution 6 - TLS Mutual
s_connection: verify depth is 1
Handshake duration: 78.54 ms
Execution 7 - TLS Mutual
s_connection: verify depth is 1
Handshake duration: 891.44 ms
Execution 8 - TLS Mutual
s_connection: verify depth is 1
Handshake duration: 80.73 ms
Execution 9 - TLS Mutual
s_connection: verify depth is 1
Handshake duration: 2866.38 ms
Execution 10 - TLS Mutual
s_connection: verify depth is 1
Handshake duration: 107972.69 ms
Execution 11 - TLS Mutual
s_connection: verify depth is 1
Handshake duration: 9988.11 ms
Execution 12 - TLS Mutual
s_connection: verify depth is 1
Handshake duration: 81.80 ms
Execution 13 - TLS Mutual
s_connection: verify depth is 1
Handshake duration: 108331.02 ms
Execution 14 - TLS Mutual
s_connection: verify depth is 1
Handshake duration: 78.37 ms
Execution 15 - TLS Mutual
s_connection: verify depth is 1
Handshake duration: 1360.92 ms
Execution 16 - TLS Mutual
s_connection: verify depth is 1
Handshake duration: 86.96 ms
Execution 17 - TLS Mutual
s_connection: verify depth is 1
Handshake duration: 2356.19 ms
Execution 18 - TLS Mutual
s_connection: verify depth is 1
Handshake duration: 693.39 ms
Execution 19 - TLS Mutual
s_connection: verify depth is 1
Handshake duration: 4181.95 ms
Execution 20 - TLS Mutual
s_connection: verify depth is 1
Handshake duration: 1388.74 ms
Execution 21 - TLS Mutual
s_connection: verify depth is 1
Handshake duration: 2773.68 ms
Execution 22 - TLS Mutual
s_connection: verify depth is 1
Handshake duration: 1968.27 ms
Execution 23 - TLS Mutual
s_connection: verify depth is 1
Handshake duration: 5477.26 ms
Execution 24 - TLS Mutual
s_connection: verify depth is 1
Handshake duration: 57944.33 ms
Execution 25 - TLS Mutual
s_connection: verify depth is 1
Handshake duration: 80.37 ms
Execution 26 - TLS Mutual
s_connection: verify depth is 1
Handshake duration: 5920.05 ms
Execution 27 - TLS Mutual
s_connection: verify depth is 1
Handshake duration: 4701.03 ms
Execution 28 - TLS Mutual
s_connection: verify depth is 1
Handshake duration: 1346.61 ms
Execution 29 - TLS Mutual
s_connection: verify depth is 1
Handshake duration: 78.72 ms
Execution 30 - TLS Mutual
s_connection: verify depth is 1
Handshake duration: 6456.73 ms
Execution 31 - TLS Mutual
s_connection: verify depth is 1
Handshake duration: 713.25 ms
Execution 32 - TLS Mutual
s_connection: verify depth is 1
Handshake duration: 6086.67 ms
Execution 33 - TLS Mutual
s_connection: verify depth is 1
Handshake duration: 3230.85 ms
Execution 34 - TLS Mutual
s_connection: verify depth is 1
Handshake duration: 3384.18 ms
Execution 35 - TLS Mutual
s_connection: verify depth is 1
Handshake duration: 79.08 ms
Execution 36 - TLS Mutual
s_connection: verify depth is 1
Handshake duration: 27905.06 ms
Execution 37 - TLS Mutual
s_connection: verify depth is 1
Handshake duration: 8754.23 ms
Execution 38 - TLS Mutual
s_connection: verify depth is 1
Handshake duration: 1344.38 ms
Execution 39 - TLS Mutual
s_connection: verify depth is 1
Handshake duration: 83.15 ms
Execution 40 - TLS Mutual
s_connection: verify depth is 1
Handshake duration: 39535.37 ms
Execution 41 - TLS Mutual
s_connection: verify depth is 1
Handshake duration: 506.25 ms
Execution 42 - TLS Mutual
s_connection: verify depth is 1
Handshake duration: 115283.53 ms
Execution 43 - TLS Mutual
s_connection: verify depth is 1
Handshake duration: 9457.20 ms
Execution 44 - TLS Mutual
s_connection: verify depth is 1
Handshake duration: 7693.77 ms
Execution 45 - TLS Mutual
s_connection: verify depth is 1
Handshake duration: 67594.42 ms
Execution 46 - TLS Mutual
s_connection: verify depth is 1
Handshake duration: 2818.52 ms
Execution 47 - TLS Mutual
s_connection: verify depth is 1
Handshake duration: 506.65 ms
Execution 48 - TLS Mutual
s_connection: verify depth is 1
Handshake duration: 79.02 ms
Execution 49 - TLS Mutual
s_connection: verify depth is 1
Handshake duration: 1922.60 ms
Execution 50 - TLS Mutual
s_connection: verify depth is 1
Handshake duration: 79.27 ms
Execution 51 - TLS Mutual
s_connection: verify depth is 1
Handshake duration: 77.30 ms
Execution 52 - TLS Mutual
s_connection: verify depth is 1
Handshake duration: 323.13 ms
Execution 53 - TLS Mutual
s_connection: verify depth is 1
Handshake duration: 2341.47 ms
Execution 54 - TLS Mutual
s_connection: verify depth is 1
Handshake duration: 705.23 ms
Execution 55 - TLS Mutual
s_connection: verify depth is 1
Handshake duration: 1541.48 ms
Execution 56 - TLS Mutual
s_connection: verify depth is 1
Handshake duration: 298.06 ms
Execution 57 - TLS Mutual
s_connection: verify depth is 1
Handshake duration: 1305.51 ms
Execution 58 - TLS Mutual
s_connection: verify depth is 1
Handshake duration: 80.54 ms
Execution 59 - TLS Mutual
s_connection: verify depth is 1
Handshake duration: 1698.21 ms
Execution 60 - TLS Mutual
s_connection: verify depth is 1
Handshake duration: 79.02 ms
Execution 61 - TLS Mutual
s_connection: verify depth is 1
Handshake duration: 294.08 ms
Execution 62 - TLS Mutual
s_connection: verify depth is 1
Handshake duration: 83.74 ms
Execution 63 - TLS Mutual
s_connection: verify depth is 1
Handshake duration: 3438.70 ms
Execution 64 - TLS Mutual
s_connection: verify depth is 1
Handshake duration: 1762.61 ms
Execution 65 - TLS Mutual
s_connection: verify depth is 1
Handshake duration: 4187.59 ms
Execution 66 - TLS Mutual
s_connection: verify depth is 1
Handshake duration: 9554.41 ms
Execution 67 - TLS Mutual
s_connection: verify depth is 1
Handshake duration: 296.39 ms
Execution 68 - TLS Mutual
s_connection: verify depth is 1
Handshake duration: 14557.86 ms
Execution 69 - TLS Mutual
s_connection: verify depth is 1
Handshake duration: 705.12 ms
Execution 70 - TLS Mutual
s_connection: verify depth is 1
Handshake duration: 6462.05 ms
Execution 71 - TLS Mutual
s_connection: verify depth is 1
Handshake duration: 3584.63 ms
Execution 72 - TLS Mutual
s_connection: verify depth is 1
Handshake duration: 53623.30 ms
Execution 73 - TLS Mutual
s_connection: verify depth is 1
Handshake duration: 16292.89 ms
Execution 74 - TLS Mutual
s_connection: verify depth is 1
Handshake duration: 3670.05 ms
Execution 75 - TLS Mutual
s_connection: verify depth is 1
Handshake duration: 2787.47 ms
Execution 76 - TLS Mutual
s_connection: verify depth is 1
Handshake duration: 1160.59 ms
Execution 77 - TLS Mutual
s_connection: verify depth is 1
Handshake duration: 6672.14 ms
Execution 78 - TLS Mutual
s_connection: verify depth is 1
Handshake duration: 80.96 ms
Execution 79 - TLS Mutual
s_connection: verify depth is 1
Handshake duration: 1540.02 ms
Execution 80 - TLS Mutual
s_connection: verify depth is 1
Handshake duration: 299.63 ms
Execution 81 - TLS Mutual
s_connection: verify depth is 1
Handshake duration: 1528.06 ms
Execution 82 - TLS Mutual
s_connection: verify depth is 1
Handshake duration: 5430.78 ms
Execution 83 - TLS Mutual
s_connection: verify depth is 1
Handshake duration: 4630.88 ms
Execution 84 - TLS Mutual
s_connection: verify depth is 1
Handshake duration: 1405.79 ms
Execution 85 - TLS Mutual
s_connection: verify depth is 1
Handshake duration: 3837.83 ms
Execution 86 - TLS Mutual
s_connection: verify depth is 1
Handshake duration: 4869.73 ms
Execution 87 - TLS Mutual
s_connection: verify depth is 1
Handshake duration: 890.70 ms
Execution 88 - TLS Mutual
s_connection: verify depth is 1
Handshake duration: 107114.38 ms
Execution 89 - TLS Mutual
s_connection: verify depth is 1
Handshake duration: 10401.53 ms
Execution 90 - TLS Mutual
s_connection: verify depth is 1
Handshake duration: 1120.53 ms
Execution 91 - TLS Mutual
s_connection: verify depth is 1
Handshake duration: 78.28 ms
Execution 92 - TLS Mutual
s_connection: verify depth is 1
Handshake duration: 77.09 ms
Execution 93 - TLS Mutual
s_connection: verify depth is 1
Handshake duration: 323.71 ms
Execution 94 - TLS Mutual
s_connection: verify depth is 1
Handshake duration: 14074.45 ms
Execution 95 - TLS Mutual
s_connection: verify depth is 1
Handshake duration: 1574.69 ms
Execution 96 - TLS Mutual
s_connection: verify depth is 1
Handshake duration: 15492.71 ms
Execution 97 - TLS Mutual
s_connection: verify depth is 1
Handshake duration: 314.02 ms
Execution 98 - TLS Mutual
s_connection: verify depth is 1
Handshake duration: 1983.23 ms
Execution 99 - TLS Mutual
s_connection: verify depth is 1
Handshake duration: 935.97 ms
Execution 100 - TLS Mutual
s_connection: verify depth is 1
Handshake duration: 1142.09 ms
Execution 101 - TLS Mutual
s_connection: verify depth is 1
Handshake duration: 8573.90 ms
Execution 102 - TLS Mutual
s_connection: verify depth is 1
Handshake duration: 299.26 ms
Execution 103 - TLS Mutual
s_connection: verify depth is 1
Handshake duration: 9389.32 ms
Execution 104 - TLS Mutual
s_connection: verify depth is 1
Handshake duration: 78.76 ms
Execution 105 - TLS Mutual
s_connection: verify depth is 1
Handshake duration: 6472.10 ms
Execution 106 - TLS Mutual
s_connection: verify depth is 1
Handshake duration: 1141.91 ms
Execution 107 - TLS Mutual
s_connection: verify depth is 1
Handshake duration: 27081.97 ms
Execution 108 - TLS Mutual
s_connection: verify depth is 1
Handshake duration: 1124.55 ms
Execution 109 - TLS Mutual
s_connection: verify depth is 1
Handshake duration: 4623.98 ms
Execution 110 - TLS Mutual
s_connection: verify depth is 1
Handshake duration: 297.32 ms
Execution 111 - TLS Mutual
s_connection: verify depth is 1
Handshake duration: 4803.34 ms
Execution 112 - TLS Mutual
s_connection: verify depth is 1
Handshake duration: 2574.59 ms
Execution 113 - TLS Mutual
s_connection: verify depth is 1
Handshake duration: 78.15 ms
Execution 114 - TLS Mutual
s_connection: verify depth is 1
Handshake duration: 1137.22 ms
Execution 115 - TLS Mutual
s_connection: verify depth is 1
Handshake duration: 508.75 ms
Execution 116 - TLS Mutual
s_connection: verify depth is 1
Handshake duration: 3763.12 ms
Execution 117 - TLS Mutual
s_connection: verify depth is 1
Handshake duration: 80.45 ms
Execution 118 - TLS Mutual
s_connection: verify depth is 1
Handshake duration: 893.78 ms
Execution 119 - TLS Mutual
s_connection: verify depth is 1
Handshake duration: 78.26 ms
Execution 120 - TLS Mutual
s_connection: verify depth is 1
Handshake duration: 6484.95 ms
Execution 121 - TLS Mutual
s_connection: verify depth is 1
Handshake duration: 16698.08 ms
Execution 122 - TLS Mutual
s_connection: verify depth is 1
Handshake duration: 906.30 ms
Execution 123 - TLS Mutual
s_connection: verify depth is 1
Handshake duration: 124139.78 ms
Execution 124 - TLS Mutual
s_connection: verify depth is 1
Handshake duration: 6491.34 ms
Execution 125 - TLS Mutual
s_connection: verify depth is 1
Handshake duration: 80.00 ms
