Handshake timeout budget: 150s (identique TLS/QUIC)
Applying netem rules to lo...
Showing qdisc status for the interface: lo
qdisc netem 9cbf: root refcnt 2 limit 1000 seed 13104747142423155718
 Sent 0 bytes 0 pkt (dropped 0, overlimits 0 requeues 0) 
 backlog 0b 0p requeues 0
Running ./perftestClientTlsQuic.sh with SIG_ALG=ed25519 and KEM_ALG=P-256
Execution 1 - TLS Mutual
s_connection: verify depth is 1
Handshake duration: 1256.49 ms
Execution 2 - TLS Mutual
s_connection: verify depth is 1
Handshake duration: 3093.78 ms
Execution 3 - TLS Mutual
s_connection: verify depth is 1
Handshake duration: 2918.07 ms
Execution 4 - TLS Mutual
s_connection: verify depth is 1
Handshake duration: 7.71 ms
Execution 5 - TLS Mutual
s_connection: verify depth is 1
Handshake duration: 2084.63 ms
Execution 6 - TLS Mutual
s_connection: verify depth is 1
Handshake duration: 6.50 ms
Execution 7 - TLS Mutual
s_connection: verify depth is 1
Handshake duration: 5.65 ms
Execution 8 - TLS Mutual
s_connection: verify depth is 1
Handshake duration: 3088.63 ms
Execution 9 - TLS Mutual
s_connection: verify depth is 1
Handshake duration: 427.03 ms
Execution 10 - TLS Mutual
s_connection: verify depth is 1
Handshake duration: 1065.96 ms
Execution 11 - TLS Mutual
s_connection: verify depth is 1
Handshake duration: 1277.16 ms
Execution 12 - TLS Mutual
s_connection: verify depth is 1
Handshake duration: 222.83 ms
Execution 13 - TLS Mutual
s_connection: verify depth is 1
Handshake duration: 424.73 ms
Execution 14 - TLS Mutual
s_connection: verify depth is 1
Handshake duration: 1890.33 ms
Execution 15 - TLS Mutual
s_connection: verify depth is 1
Handshake duration: 1019.04 ms
Execution 16 - TLS Mutual
s_connection: verify depth is 1
Handshake duration: 835.63 ms
Execution 17 - TLS Mutual
s_connection: verify depth is 1
Handshake duration: 1461.55 ms
Execution 18 - TLS Mutual
s_connection: verify depth is 1
Handshake duration: 7633.82 ms
Execution 19 - TLS Mutual
s_connection: verify depth is 1
Handshake duration: 7.84 ms
Execution 20 - TLS Mutual
s_connection: verify depth is 1
Handshake duration: 1051.25 ms
Execution 21 - TLS Mutual
s_connection: verify depth is 1
Handshake duration: 6.32 ms
Execution 22 - TLS Mutual
s_connection: verify depth is 1
Handshake duration: 4379.60 ms
Execution 23 - TLS Mutual
s_connection: verify depth is 1
Handshake duration: 5.89 ms
Execution 24 - TLS Mutual
s_connection: verify depth is 1
Handshake duration: 6.01 ms
Execution 25 - TLS Mutual
s_connection: verify depth is 1
Handshake duration: 3094.87 ms
Execution 26 - TLS Mutual
s_connection: verify depth is 1
Handshake duration: 1478.90 ms
Execution 27 - TLS Mutual
s_connection: verify depth is 1
Handshake duration: 832.68 ms
Execution 28 - TLS Mutual
s_connection: verify depth is 1
Handshake duration: 1239.66 ms
Execution 29 - TLS Mutual
s_connection: verify depth is 1
Handshake duration: 17621.77 ms
Execution 30 - TLS Mutual
s_connection: verify depth is 1
Handshake duration: 1287.87 ms
Execution 31 - TLS Mutual
s_connection: verify depth is 1
Handshake duration: 424.54 ms
Execution 32 - TLS Mutual
s_connection: verify depth is 1
Handshake duration: 5.95 ms
Execution 33 - TLS Mutual
s_connection: verify depth is 1
Handshake duration: 3343.87 ms
Execution 34 - TLS Mutual
s_connection: verify depth is 1
Handshake duration: 223.88 ms
Execution 35 - TLS Mutual
s_connection: verify depth is 1
Handshake duration: 7170.78 ms
Execution 36 - TLS Mutual
s_connection: verify depth is 1
Handshake duration: 3120.69 ms
Execution 37 - TLS Mutual
s_connection: verify depth is 1
Handshake duration: 832.35 ms
Execution 38 - TLS Mutual
s_connection: verify depth is 1
Handshake duration: 3104.51 ms
Execution 39 - TLS Mutual
s_connection: verify depth is 1
Handshake duration: 8.00 ms
Execution 40 - TLS Mutual
s_connection: verify depth is 1
Handshake duration: 222.31 ms
Execution 41 - TLS Mutual
s_connection: verify depth is 1
Handshake duration: 6.00 ms
Execution 42 - TLS Mutual
s_connection: verify depth is 1
Handshake duration: 1052.87 ms
Execution 43 - TLS Mutual
s_connection: verify depth is 1
Handshake duration: 3301.09 ms
Execution 44 - TLS Mutual
s_connection: verify depth is 1
Handshake duration: 6.71 ms
Execution 45 - TLS Mutual
s_connection: verify depth is 1
Handshake duration: 4133.20 ms
Execution 46 - TLS Mutual
s_connection: verify depth is 1
Handshake duration: 5.67 ms
Execution 47 - TLS Mutual
s_connection: verify depth is 1
Handshake duration: 1043.53 ms
Execution 48 - TLS Mutual
s_connection: verify depth is 1
Handshake duration: 1079.36 ms
Execution 49 - TLS Mutual
s_connection: verify depth is 1
Handshake duration: 830.49 ms
Execution 50 - TLS Mutual
s_connection: verify depth is 1
Handshake duration: 223.77 ms
Execution 51 - TLS Mutual
s_connection: verify depth is 1
Handshake duration: 7.40 ms
Execution 52 - TLS Mutual
s_connection: verify depth is 1
Handshake duration: 5.45 ms
Execution 53 - TLS Mutual
s_connection: verify depth is 1
Handshake duration: 5.47 ms
Execution 54 - TLS Mutual
s_connection: verify depth is 1
Handshake duration: 5.49 ms
Execution 55 - TLS Mutual
s_connection: verify depth is 1
Handshake duration: 5.43 ms
Execution 56 - TLS Mutual
s_connection: verify depth is 1
Handshake duration: 1072.40 ms
Execution 57 - TLS Mutual
s_connection: verify depth is 1
Handshake duration: 224.72 ms
Execution 58 - TLS Mutual
s_connection: verify depth is 1
Handshake duration: 6.26 ms
Execution 59 - TLS Mutual
s_connection: verify depth is 1
Handshake duration: 6.42 ms
Execution 60 - TLS Mutual
s_connection: verify depth is 1
Handshake duration: 1047.11 ms
Execution 61 - TLS Mutual
s_connection: verify depth is 1
Handshake duration: 1074.95 ms
Execution 62 - TLS Mutual
s_connection: verify depth is 1
Handshake duration: 4400.23 ms
Execution 63 - TLS Mutual
s_connection: verify depth is 1
Handshake duration: 5.91 ms
Execution 64 - TLS Mutual
s_connection: verify depth is 1
Handshake duration: 1878.10 ms
Execution 65 - TLS Mutual
s_connection: verify depth is 1
Handshake duration: 6.99 ms
Execution 66 - TLS Mutual
s_connection: verify depth is 1
Handshake duration: 1060.11 ms
Execution 67 - TLS Mutual
s_connection: verify depth is 1
Handshake duration: 1073.00 ms
Execution 68 - TLS Mutual
s_connection: verify depth is 1
Handshake duration: 222.31 ms
Execution 69 - TLS Mutual
s_connection: verify depth is 1
Handshake duration: 9.61 ms
Execution 70 - TLS Mutual
s_connection: verify depth is 1
Handshake duration: 5.41 ms
Execution 71 - TLS Mutual
s_connection: verify depth is 1
Handshake duration: 225.73 ms
Execution 72 - TLS Mutual
s_connection: verify depth is 1
Handshake duration: 10.36 ms
Execution 73 - TLS Mutual
s_connection: verify depth is 1
Handshake duration: 5.71 ms
Execution 74 - TLS Mutual
s_connection: verify depth is 1
Handshake duration: 5.80 ms
Execution 75 - TLS Mutual
s_connection: verify depth is 1
Handshake duration: 6.11 ms
Execution 76 - TLS Mutual
s_connection: verify depth is 1
Handshake duration: 417.23 ms
Execution 77 - TLS Mutual
s_connection: verify depth is 1
Handshake duration: 5.56 ms
Execution 78 - TLS Mutual
s_connection: verify depth is 1
Handshake duration: 1070.36 ms
Execution 79 - TLS Mutual
s_connection: verify depth is 1
Handshake duration: 221.78 ms
Execution 80 - TLS Mutual
s_connection: verify depth is 1
Handshake duration: 1069.85 ms
Execution 81 - TLS Mutual
s_connection: verify depth is 1
Handshake duration: 1072.57 ms
Execution 82 - TLS Mutual
s_connection: verify depth is 1
Handshake duration: 1017.64 ms
Execution 83 - TLS Mutual
s_connection: verify depth is 1
Handshake duration: 5.79 ms
Execution 84 - TLS Mutual
s_connection: verify depth is 1
Handshake duration: 2489.97 ms
Execution 85 - TLS Mutual
s_connection: verify depth is 1
Handshake duration: 1235.62 ms
Execution 86 - TLS Mutual
s_connection: verify depth is 1
Handshake duration: 8.47 ms
Execution 87 - TLS Mutual
s_connection: verify depth is 1
Handshake duration: 6.96 ms
Execution 88 - TLS Mutual
s_connection: verify depth is 1
Handshake duration: 1430.31 ms
Execution 89 - TLS Mutual
s_connection: verify depth is 1
Handshake duration: 1043.44 ms
Execution 90 - TLS Mutual
s_connection: verify depth is 1
Handshake duration: 6.03 ms
Execution 91 - TLS Mutual
s_connection: verify depth is 1
Handshake duration: 5.97 ms
Execution 92 - TLS Mutual
s_connection: verify depth is 1
Handshake duration: 2059.37 ms
Execution 93 - TLS Mutual
s_connection: verify depth is 1
Handshake duration: 1278.88 ms
Execution 94 - TLS Mutual
s_connection: verify depth is 1
Handshake duration: 224.87 ms
Execution 95 - TLS Mutual
s_connection: verify depth is 1
Handshake duration: 7.10 ms
Execution 96 - TLS Mutual
s_connection: verify depth is 1
Handshake duration: 2270.77 ms
Execution 97 - TLS Mutual
s_connection: verify depth is 1
Handshake duration: 6.08 ms
Execution 98 - TLS Mutual
s_connection: verify depth is 1
Handshake duration: 5.94 ms
Execution 99 - TLS Mutual
s_connection: verify depth is 1
Handshake duration: 5.59 ms
Execution 100 - TLS Mutual
s_connection: verify depth is 1
Handshake duration: 429.02 ms
Execution 101 - TLS Mutual
s_connection: verify depth is 1
Handshake duration: 425.97 ms
Execution 102 - TLS Mutual
s_connection: verify depth is 1
Handshake duration: 3059.62 ms
Execution 103 - TLS Mutual
s_connection: verify depth is 1
Handshake duration: 6.13 ms
Execution 104 - TLS Mutual
s_connection: verify depth is 1
Handshake duration: 5.71 ms
Execution 105 - TLS Mutual
s_connection: verify depth is 1
Handshake duration: 5.47 ms
Execution 106 - TLS Mutual
s_connection: verify depth is 1
Handshake duration: 425.19 ms
Execution 107 - TLS Mutual
s_connection: verify depth is 1
Handshake duration: 1234.47 ms
Execution 108 - TLS Mutual
s_connection: verify depth is 1
Handshake duration: 6.43 ms
Execution 109 - TLS Mutual
s_connection: verify depth is 1
Handshake duration: 1676.41 ms
Execution 110 - TLS Mutual
s_connection: verify depth is 1
Handshake duration: 2242.77 ms
Execution 111 - TLS Mutual
s_connection: verify depth is 1
Handshake duration: 6.24 ms
Execution 112 - TLS Mutual
s_connection: verify depth is 1
Handshake duration: 420.98 ms
Execution 113 - TLS Mutual
s_connection: verify depth is 1
Handshake duration: 6.47 ms
Execution 114 - TLS Mutual
s_connection: verify depth is 1
Handshake duration: 1032.25 ms
Execution 115 - TLS Mutual
s_connection: verify depth is 1
Handshake duration: 5.86 ms
Execution 116 - TLS Mutual
s_connection: verify depth is 1
Handshake duration: 1055.73 ms
Execution 117 - TLS Mutual
s_connection: verify depth is 1
Handshake duration: 420.14 ms
Execution 118 - TLS Mutual
s_connection: verify depth is 1
Handshake duration: 2056.42 ms
Execution 119 - TLS Mutual
s_connection: verify depth is 1
Handshake duration: 219.97 ms
Execution 120 - TLS Mutual
s_connection: verify depth is 1
Handshake duration: 223.34 ms
Execution 121 - TLS Mutual
s_connection: verify depth is 1
Handshake duration: 7.42 ms
Execution 122 - TLS Mutual
s_connection: verify depth is 1
Handshake duration: 219.81 ms
Execution 123 - TLS Mutual
s_connection: verify depth is 1
Handshake duration: 1642.48 ms
Execution 124 - TLS Mutual
s_connection: verify depth is 1
Handshake duration: 1064.33 ms
Execution 125 - TLS Mutual
s_connection: verify depth is 1
Handshake duration: 1073.79 ms
