Handshake timeout budget: 150s (identique TLS/QUIC)
Applying netem rules to lo...
Showing qdisc status for the interface: lo
qdisc netem 9d01: root refcnt 2 limit 1000 seed 2382134897719729738
 Sent 0 bytes 0 pkt (dropped 0, overlimits 0 requeues 0) 
 backlog 0b 0p requeues 0
Running ./perftestClientTlsQuic.sh with SIG_ALG=mldsa65 and KEM_ALG=x448_hqc192
Execution 1 - TLS Mutual
s_connection: verify depth is 1
Handshake duration: 2773.20 ms
Execution 2 - TLS Mutual
s_connection: verify depth is 1
Handshake duration: 78.02 ms
Execution 3 - TLS Mutual
s_connection: verify depth is 1
Handshake duration: 6712.91 ms
Execution 4 - TLS Mutual
s_connection: verify depth is 1
Handshake duration: 301.34 ms
Execution 5 - TLS Mutual
s_connection: verify depth is 1
Handshake duration: 19643.90 ms
Execution 6 - TLS Mutual
s_connection: verify depth is 1
Handshake duration: 299.06 ms
Execution 7 - TLS Mutual
s_connection: verify depth is 1
Handshake duration: 1537.81 ms
Execution 8 - TLS Mutual
s_connection: verify depth is 1
Handshake duration: 75.20 ms
Execution 9 - TLS Mutual
s_connection: verify depth is 1
Handshake duration: 16589.86 ms
Execution 10 - TLS Mutual
s_connection: verify depth is 1
Handshake duration: 704.86 ms
Execution 11 - TLS Mutual
s_connection: verify depth is 1
Handshake duration: 75.51 ms
Execution 12 - TLS Mutual
s_connection: verify depth is 1
Handshake duration: 2801.21 ms
Execution 13 - TLS Mutual
s_connection: verify depth is 1
Handshake duration: 16688.59 ms
Execution 14 - TLS Mutual
s_connection: verify depth is 1
Handshake duration: 2374.93 ms
Execution 15 - TLS Mutual
s_connection: verify depth is 1
Handshake duration: 346.59 ms
Execution 16 - TLS Mutual
s_connection: verify depth is 1
Handshake duration: 7702.77 ms
Execution 17 - TLS Mutual
s_connection: verify depth is 1
Handshake duration: 2135.15 ms
Execution 18 - TLS Mutual
s_connection: verify depth is 1
Handshake duration: 1331.19 ms
Execution 19 - TLS Mutual
s_connection: verify depth is 1
Handshake duration: 16284.88 ms
Execution 20 - TLS Mutual
s_connection: verify depth is 1
Handshake duration: 1566.40 ms
Execution 21 - TLS Mutual
s_connection: verify depth is 1
Handshake duration: 2978.35 ms
Execution 22 - TLS Mutual
s_connection: verify depth is 1
Handshake duration: 512.51 ms
Execution 23 - TLS Mutual
s_connection: verify depth is 1
Handshake duration: 26922.94 ms
Execution 24 - TLS Mutual
s_connection: verify depth is 1
Handshake duration: 1114.14 ms
Execution 25 - TLS Mutual
s_connection: verify depth is 1
Handshake duration: 5454.54 ms
Execution 26 - TLS Mutual
s_connection: verify depth is 1
Handshake duration: 24113.72 ms
Execution 27 - TLS Mutual
s_connection: verify depth is 1
Handshake duration: 76.61 ms
Execution 28 - TLS Mutual
s_connection: verify depth is 1
Handshake duration: 75.09 ms
Execution 29 - TLS Mutual
s_connection: verify depth is 1
Handshake duration: 2777.52 ms
Execution 30 - TLS Mutual
s_connection: verify depth is 1
Handshake duration: 886.44 ms
Execution 31 - TLS Mutual
s_connection: verify depth is 1
Handshake duration: 4188.18 ms
Execution 32 - TLS Mutual
s_connection: verify depth is 1
Handshake duration: 682.99 ms
Execution 33 - TLS Mutual
s_connection: verify depth is 1
Handshake duration: 80.88 ms
Execution 34 - TLS Mutual
s_connection: verify depth is 1
Handshake duration: 1728.31 ms
Execution 35 - TLS Mutual
s_connection: verify depth is 1
Handshake duration: 1362.12 ms
Execution 36 - TLS Mutual
s_connection: verify depth is 1
Handshake duration: 9804.02 ms
Execution 37 - TLS Mutual
s_connection: verify depth is 1
Handshake duration: 28916.50 ms
Execution 38 - TLS Mutual
s_connection: verify depth is 1
Handshake duration: 75.50 ms
Execution 39 - TLS Mutual
s_connection: verify depth is 1
Handshake duration: 295.55 ms
Execution 40 - TLS Mutual
s_connection: verify depth is 1
Handshake duration: 5106.85 ms
Execution 41 - TLS Mutual
s_connection: verify depth is 1
Handshake duration: 317.22 ms
Execution 42 - TLS Mutual
s_connection: verify depth is 1
Handshake duration: 890.07 ms
Execution 43 - TLS Mutual
s_connection: verify depth is 1
Handshake duration: 1589.42 ms
Execution 44 - TLS Mutual
s_connection: verify depth is 1
Handshake duration: 3650.48 ms
Execution 45 - TLS Mutual
s_connection: verify depth is 1
Handshake duration: 76.10 ms
Execution 46 - TLS Mutual
s_connection: verify depth is 1
Handshake duration: 910.00 ms
Execution 47 - TLS Mutual
s_connection: verify depth is 1
Handshake duration: 26906.65 ms
Execution 48 - TLS Mutual
s_connection: verify depth is 1
Handshake duration: 109782.76 ms
Execution 49 - TLS Mutual
s_connection: verify depth is 1
Handshake duration: 2565.46 ms
Execution 50 - TLS Mutual
s_connection: verify depth is 1
Handshake duration: 2982.29 ms
Execution 51 - TLS Mutual
s_connection: verify depth is 1
Handshake duration: 319.53 ms
Execution 52 - TLS Mutual
s_connection: verify depth is 1
Handshake duration: 76.38 ms
Execution 53 - TLS Mutual
s_connection: verify depth is 1
Handshake duration: 1926.80 ms
Execution 54 - TLS Mutual
s_connection: verify depth is 1
Handshake duration: 7697.36 ms
Execution 55 - TLS Mutual
s_connection: verify depth is 1
Handshake duration: 4573.44 ms
Execution 56 - TLS Mutual
s_connection: verify depth is 1
Handshake duration: 477.71 ms
Execution 57 - TLS Mutual
s_connection: verify depth is 1
Handshake duration: 320.47 ms
Execution 58 - TLS Mutual
s_connection: verify depth is 1
Handshake duration: 315.61 ms
Execution 59 - TLS Mutual
s_connection: verify depth is 1
Handshake duration: 8159.19 ms
Execution 60 - TLS Mutual
s_connection: verify depth is 1
Handshake duration: 321.61 ms
Execution 61 - TLS Mutual
s_connection: verify depth is 1
Handshake duration: 5247.81 ms
Execution 62 - TLS Mutual
s_connection: verify depth is 1
Handshake duration: 2139.31 ms
Execution 63 - TLS Mutual
s_connection: verify depth is 1
Handshake duration: 1137.96 ms
Execution 64 - TLS Mutual
s_connection: verify depth is 1
Handshake duration: 54414.43 ms
Execution 65 - TLS Mutual
s_connection: verify depth is 1
Handshake duration: 703.62 ms
Execution 66 - TLS Mutual
s_connection: verify depth is 1
Handshake duration: 1725.43 ms
Execution 67 - TLS Mutual
s_connection: verify depth is 1
Handshake duration: 77.44 ms
Execution 68 - TLS Mutual
s_connection: verify depth is 1
Handshake duration: 7705.51 ms
Execution 69 - TLS Mutual
s_connection: verify depth is 1
Handshake duration: 6919.66 ms
Execution 70 - TLS Mutual
s_connection: verify depth is 1
Handshake duration: 891.22 ms
Execution 71 - TLS Mutual
s_connection: verify depth is 1
Handshake duration: 1730.36 ms
Execution 72 - TLS Mutual
s_connection: verify depth is 1
Handshake duration: 76.88 ms
Execution 73 - TLS Mutual
s_connection: verify depth is 1
Handshake duration: 2529.55 ms
Execution 74 - TLS Mutual
s_connection: verify depth is 1
Handshake duration: 3349.73 ms
Execution 75 - TLS Mutual
s_connection: verify depth is 1
Handshake duration: 4243.99 ms
Execution 76 - TLS Mutual
s_connection: verify depth is 1
Handshake duration: 889.47 ms
Execution 77 - TLS Mutual
s_connection: verify depth is 1
Handshake duration: 1309.05 ms
Execution 78 - TLS Mutual
s_connection: verify depth is 1
Handshake duration: 2743.86 ms
Execution 79 - TLS Mutual
s_connection: verify depth is 1
Handshake duration: 78.45 ms
Execution 80 - TLS Mutual
s_connection: verify depth is 1
Handshake duration: 8699.78 ms
Execution 81 - TLS Mutual
s_connection: verify depth is 1
Handshake duration: 75.39 ms
Execution 82 - TLS Mutual
s_connection: verify depth is 1
Handshake duration: 6075.25 ms
Execution 83 - TLS Mutual
s_connection: verify depth is 1
Handshake duration: 76.06 ms
Execution 84 - TLS Mutual
s_connection: verify depth is 1
Handshake duration: 4178.88 ms
Execution 85 - TLS Mutual
s_connection: verify depth is 1
Handshake duration: 301.05 ms
Execution 86 - TLS Mutual
s_connection: verify depth is 1
Handshake duration: 2146.46 ms
Execution 87 - TLS Mutual
s_connection: verify depth is 1
Handshake duration: 1148.84 ms
Execution 88 - TLS Mutual
s_connection: verify depth is 1
Handshake duration: 485.07 ms
Execution 89 - TLS Mutual
s_connection: verify depth is 1
Handshake duration: 31452.09 ms
Execution 90 - TLS Mutual
s_connection: verify depth is 1
Handshake duration: 8752.90 ms
Execution 91 - TLS Mutual
s_connection: verify depth is 1
Handshake duration: 2310.26 ms
Execution 92 - TLS Mutual
s_connection: verify depth is 1
Handshake duration: 2122.41 ms
Execution 93 - TLS Mutual
s_connection: verify depth is 1
Handshake duration: 300.38 ms
Execution 94 - TLS Mutual
s_connection: verify depth is 1
Handshake duration: 11540.40 ms
Execution 95 - TLS Mutual
s_connection: verify depth is 1
Handshake duration: 4017.92 ms
Execution 96 - TLS Mutual
s_connection: verify depth is 1
Handshake duration: 13745.31 ms
Execution 97 - TLS Mutual
s_connection: verify depth is 1
Handshake duration: 17198.79 ms
Execution 98 - TLS Mutual
s_connection: verify depth is 1
Handshake duration: 897.08 ms
Execution 99 - TLS Mutual
s_connection: verify depth is 1
Handshake duration: 2153.22 ms
Execution 100 - TLS Mutual
s_connection: verify depth is 1
Handshake duration: 75.12 ms
Execution 101 - TLS Mutual
s_connection: verify depth is 1
Handshake duration: 17652.53 ms
Execution 102 - TLS Mutual
s_connection: verify depth is 1
Handshake duration: 76.32 ms
Execution 103 - TLS Mutual
s_connection: verify depth is 1
Handshake duration: 1759.40 ms
Execution 104 - TLS Mutual
s_connection: verify depth is 1
Handshake duration: 1711.99 ms
Execution 105 - TLS Mutual
s_connection: verify depth is 1
Handshake duration: 1507.66 ms
Execution 106 - TLS Mutual
s_connection: verify depth is 1
Handshake duration: 4486.95 ms
Execution 107 - TLS Mutual
s_connection: verify depth is 1
Handshake duration: 74.94 ms
Execution 108 - TLS Mutual
s_connection: verify depth is 1
Handshake duration: 1299.43 ms
Execution 109 - TLS Mutual
s_connection: verify depth is 1
Handshake duration: 298.08 ms
Execution 110 - TLS Mutual
s_connection: verify depth is 1
Handshake duration: 300.39 ms
Execution 111 - TLS Mutual
s_connection: verify depth is 1
Handshake duration: 290.48 ms
Execution 112 - TLS Mutual
s_connection: verify depth is 1
Handshake duration: 75.35 ms
Execution 113 - TLS Mutual
s_connection: verify depth is 1
Handshake duration: 75.70 ms
Execution 114 - TLS Mutual
s_connection: verify depth is 1
Handshake duration: 3144.07 ms
Execution 115 - TLS Mutual
s_connection: verify depth is 1
Handshake duration: 300.30 ms
Execution 116 - TLS Mutual
s_connection: verify depth is 1
Handshake duration: 1123.30 ms
Execution 117 - TLS Mutual
s_connection: verify depth is 1
Handshake duration: 6109.78 ms
Execution 118 - TLS Mutual
s_connection: verify depth is 1
Handshake duration: 1967.43 ms
Execution 119 - TLS Mutual
s_connection: verify depth is 1
Handshake duration: 1727.59 ms
Execution 120 - TLS Mutual
s_connection: verify depth is 1
Handshake duration: 30419.12 ms
Execution 121 - TLS Mutual
s_connection: verify depth is 1
Handshake duration: 2163.39 ms
Execution 122 - TLS Mutual
s_connection: verify depth is 1
Handshake duration: 3213.20 ms
Execution 123 - TLS Mutual
s_connection: verify depth is 1
Handshake duration: 1125.68 ms
Execution 124 - TLS Mutual
s_connection: verify depth is 1
Handshake duration: 5063.72 ms
Execution 125 - TLS Mutual
s_connection: verify depth is 1
Handshake duration: 23093.72 ms
