Handshake timeout budget: 150s (identique TLS/QUIC)
Applying netem rules to lo...
Showing qdisc status for the interface: lo
qdisc netem 8600: root refcnt 2 limit 1000 seed 3198971979283472789
 Sent 0 bytes 0 pkt (dropped 0, overlimits 0 requeues 0) 
 backlog 0b 0p requeues 0
Running ./perftestClientTlsQuic.sh with SIG_ALG=secp384r1 and KEM_ALG=P-384
Execution 1 - TLS Mutual
s_connection: verify depth is 1
Handshake duration: 3319.38 ms
Execution 2 - TLS Mutual
s_connection: verify depth is 1
Handshake duration: 442.26 ms
Execution 3 - TLS Mutual
s_connection: verify depth is 1
Handshake duration: 238.66 ms
Execution 4 - TLS Mutual
s_connection: verify depth is 1
Handshake duration: 12.10 ms
Execution 5 - TLS Mutual
s_connection: verify depth is 1
Handshake duration: 449.22 ms
Execution 6 - TLS Mutual
s_connection: verify depth is 1
Handshake duration: 15.34 ms
Execution 7 - TLS Mutual
s_connection: verify depth is 1
Handshake duration: 10.64 ms
Execution 8 - TLS Mutual
s_connection: verify depth is 1
Handshake duration: 9.92 ms
Execution 9 - TLS Mutual
s_connection: verify depth is 1
Handshake duration: 1041.98 ms
Execution 10 - TLS Mutual
s_connection: verify depth is 1
Handshake duration: 11243.83 ms
Execution 11 - TLS Mutual
s_connection: verify depth is 1
Handshake duration: 14.17 ms
Execution 12 - TLS Mutual
s_connection: verify depth is 1
Handshake duration: 10.50 ms
Execution 13 - TLS Mutual
s_connection: verify depth is 1
Handshake duration: 9.53 ms
Execution 14 - TLS Mutual
s_connection: verify depth is 1
Handshake duration: 10.18 ms
Execution 15 - TLS Mutual
s_connection: verify depth is 1
Handshake duration: 1099.99 ms
Execution 16 - TLS Mutual
s_connection: verify depth is 1
Handshake duration: 1061.84 ms
Execution 17 - TLS Mutual
s_connection: verify depth is 1
Handshake duration: 239.00 ms
Execution 18 - TLS Mutual
s_connection: verify depth is 1
Handshake duration: 7195.66 ms
Execution 19 - TLS Mutual
s_connection: verify depth is 1
Handshake duration: 10.51 ms
Execution 20 - TLS Mutual
s_connection: verify depth is 1
Handshake duration: 10.09 ms
Execution 21 - TLS Mutual
s_connection: verify depth is 1
Handshake duration: 4088.30 ms
Execution 22 - TLS Mutual
s_connection: verify depth is 1
Handshake duration: 2938.72 ms
Execution 23 - TLS Mutual
s_connection: verify depth is 1
Handshake duration: 22706.46 ms
Execution 24 - TLS Mutual
s_connection: verify depth is 1
Handshake duration: 1075.40 ms
Execution 25 - TLS Mutual
s_connection: verify depth is 1
Handshake duration: 11.97 ms
Execution 26 - TLS Mutual
s_connection: verify depth is 1
Handshake duration: 1041.82 ms
Execution 27 - TLS Mutual
s_connection: verify depth is 1
Handshake duration: 12.67 ms
Execution 28 - TLS Mutual
s_connection: verify depth is 1
Handshake duration: 9.67 ms
Execution 29 - TLS Mutual
s_connection: verify depth is 1
Handshake duration: 1087.01 ms
Execution 30 - TLS Mutual
s_connection: verify depth is 1
Handshake duration: 1699.07 ms
Execution 31 - TLS Mutual
s_connection: verify depth is 1
Handshake duration: 235.60 ms
Execution 32 - TLS Mutual
s_connection: verify depth is 1
Handshake duration: 12.85 ms
Execution 33 - TLS Mutual
s_connection: verify depth is 1
Handshake duration: 853.76 ms
Execution 34 - TLS Mutual
s_connection: verify depth is 1
Handshake duration: 10.55 ms
Execution 35 - TLS Mutual
s_connection: verify depth is 1
Handshake duration: 1459.93 ms
Execution 36 - TLS Mutual
s_connection: verify depth is 1
Handshake duration: 9.96 ms
Execution 37 - TLS Mutual
s_connection: verify depth is 1
Handshake duration: 10.35 ms
Execution 38 - TLS Mutual
s_connection: verify depth is 1
Handshake duration: 1038.57 ms
Execution 39 - TLS Mutual
s_connection: verify depth is 1
Handshake duration: 10.99 ms
Execution 40 - TLS Mutual
s_connection: verify depth is 1
Handshake duration: 35934.53 ms
Execution 41 - TLS Mutual
s_connection: verify depth is 1
Handshake duration: 1069.21 ms
Execution 42 - TLS Mutual
s_connection: verify depth is 1
Handshake duration: 4388.57 ms
Execution 43 - TLS Mutual
s_connection: verify depth is 1
Handshake duration: 1067.95 ms
Execution 44 - TLS Mutual
s_connection: verify depth is 1
Handshake duration: 3109.38 ms
Execution 45 - TLS Mutual
s_connection: verify depth is 1
Handshake duration: 13.13 ms
Execution 46 - TLS Mutual
s_connection: verify depth is 1
Handshake duration: 9.97 ms
Execution 47 - TLS Mutual
s_connection: verify depth is 1
Handshake duration: 849.53 ms
Execution 48 - TLS Mutual
s_connection: verify depth is 1
Handshake duration: 5194.55 ms
Execution 49 - TLS Mutual
s_connection: verify depth is 1
Handshake duration: 16.95 ms
Execution 50 - TLS Mutual
s_connection: verify depth is 1
Handshake duration: 9.90 ms
Execution 51 - TLS Mutual
s_connection: verify depth is 1
Handshake duration: 1074.10 ms
Execution 52 - TLS Mutual
s_connection: verify depth is 1
Handshake duration: 3114.09 ms
Execution 53 - TLS Mutual
s_connection: verify depth is 1
Handshake duration: 235.43 ms
Execution 54 - TLS Mutual
s_connection: verify depth is 1
Handshake duration: 14.22 ms
Execution 55 - TLS Mutual
s_connection: verify depth is 1
Handshake duration: 9.82 ms
Execution 56 - TLS Mutual
s_connection: verify depth is 1
Handshake duration: 9.58 ms
Execution 57 - TLS Mutual
s_connection: verify depth is 1
Handshake duration: 9.21 ms
Execution 58 - TLS Mutual
s_connection: verify depth is 1
Handshake duration: 10.06 ms
Execution 59 - TLS Mutual
s_connection: verify depth is 1
Handshake duration: 9.27 ms
Execution 60 - TLS Mutual
s_connection: verify depth is 1
Handshake duration: 1051.50 ms
Execution 61 - TLS Mutual
s_connection: verify depth is 1
Handshake duration: 1068.07 ms
Execution 62 - TLS Mutual
s_connection: verify depth is 1
Handshake duration: 1059.07 ms
Execution 63 - TLS Mutual
s_connection: verify depth is 1
Handshake duration: 9.74 ms
Execution 64 - TLS Mutual
s_connection: verify depth is 1
Handshake duration: 446.88 ms
Execution 65 - TLS Mutual
s_connection: verify depth is 1
Handshake duration: 1098.56 ms
Execution 66 - TLS Mutual
s_connection: verify depth is 1
Handshake duration: 445.33 ms
Execution 67 - TLS Mutual
s_connection: verify depth is 1
Handshake duration: 13.67 ms
Execution 68 - TLS Mutual
s_connection: verify depth is 1
Handshake duration: 9.65 ms
Execution 69 - TLS Mutual
s_connection: verify depth is 1
Handshake duration: 448.12 ms
Execution 70 - TLS Mutual
s_connection: verify depth is 1
Handshake duration: 450.14 ms
Execution 71 - TLS Mutual
s_connection: verify depth is 1
Handshake duration: 14.05 ms
Execution 72 - TLS Mutual
s_connection: verify depth is 1
Handshake duration: 440.45 ms
Execution 73 - TLS Mutual
s_connection: verify depth is 1
Handshake duration: 1505.50 ms
Execution 74 - TLS Mutual
s_connection: verify depth is 1
Handshake duration: 1038.68 ms
Execution 75 - TLS Mutual
s_connection: verify depth is 1
Handshake duration: 17.01 ms
Execution 76 - TLS Mutual
s_connection: verify depth is 1
Handshake duration: 1292.27 ms
Execution 77 - TLS Mutual
s_connection: verify depth is 1
Handshake duration: 1060.17 ms
Execution 78 - TLS Mutual
s_connection: verify depth is 1
Handshake duration: 14.28 ms
Execution 79 - TLS Mutual
s_connection: verify depth is 1
Handshake duration: 240.59 ms
Execution 80 - TLS Mutual
s_connection: verify depth is 1
Handshake duration: 232.68 ms
Execution 81 - TLS Mutual
s_connection: verify depth is 1
Handshake duration: 13.87 ms
Execution 82 - TLS Mutual
s_connection: verify depth is 1
Handshake duration: 443.45 ms
Execution 83 - TLS Mutual
s_connection: verify depth is 1
Handshake duration: 1033.68 ms
Execution 84 - TLS Mutual
s_connection: verify depth is 1
Handshake duration: 1297.34 ms
Execution 85 - TLS Mutual
s_connection: verify depth is 1
Handshake duration: 236.60 ms
Execution 86 - TLS Mutual
s_connection: verify depth is 1
Handshake duration: 235.54 ms
Execution 87 - TLS Mutual
s_connection: verify depth is 1
Handshake duration: 16.58 ms
Execution 88 - TLS Mutual
s_connection: verify depth is 1
Handshake duration: 9.79 ms
Execution 89 - TLS Mutual
s_connection: verify depth is 1
Handshake duration: 852.97 ms
Execution 90 - TLS Mutual
s_connection: verify depth is 1
Handshake duration: 13.72 ms
Execution 91 - TLS Mutual
s_connection: verify depth is 1
Handshake duration: 9.22 ms
Execution 92 - TLS Mutual
s_connection: verify depth is 1
Handshake duration: 5543.53 ms
Execution 93 - TLS Mutual
s_connection: verify depth is 1
Handshake duration: 17.05 ms
Execution 94 - TLS Mutual
s_connection: verify depth is 1
Handshake duration: 441.38 ms
Execution 95 - TLS Mutual
s_connection: verify depth is 1
Handshake duration: 233.09 ms
Execution 96 - TLS Mutual
s_connection: verify depth is 1
Handshake duration: 238.89 ms
Execution 97 - TLS Mutual
s_connection: verify depth is 1
Handshake duration: 14.31 ms
Execution 98 - TLS Mutual
s_connection: verify depth is 1
Handshake duration: 2509.10 ms
Execution 99 - TLS Mutual
s_connection: verify depth is 1
Handshake duration: 12.21 ms
Execution 100 - TLS Mutual
s_connection: verify depth is 1
Handshake duration: 11.21 ms
Execution 101 - TLS Mutual
s_connection: verify depth is 1
Handshake duration: 11.66 ms
Execution 102 - TLS Mutual
s_connection: verify depth is 1
Handshake duration: 9.61 ms
Execution 103 - TLS Mutual
s_connection: verify depth is 1
Handshake duration: 9.85 ms
Execution 104 - TLS Mutual
s_connection: verify depth is 1
Handshake duration: 850.12 ms
Execution 105 - TLS Mutual
s_connection: verify depth is 1
Handshake duration: 240.60 ms
Execution 106 - TLS Mutual
s_connection: verify depth is 1
Handshake duration: 1293.06 ms
Execution 107 - TLS Mutual
s_connection: verify depth is 1
Handshake duration: 236.17 ms
Execution 108 - TLS Mutual
s_connection: verify depth is 1
Handshake duration: 1252.33 ms
Execution 109 - TLS Mutual
s_connection: verify depth is 1
Handshake duration: 2284.64 ms
Execution 110 - TLS Mutual
s_connection: verify depth is 1
Handshake duration: 4376.54 ms
Execution 111 - TLS Mutual
s_connection: verify depth is 1
Handshake duration: 1075.53 ms
Execution 112 - TLS Mutual
s_connection: verify depth is 1
Handshake duration: 1698.47 ms
Execution 113 - TLS Mutual
s_connection: verify depth is 1
Handshake duration: 1701.88 ms
Execution 114 - TLS Mutual
s_connection: verify depth is 1
Handshake duration: 1077.13 ms
Execution 115 - TLS Mutual
s_connection: verify depth is 1
Handshake duration: 12.65 ms
Execution 116 - TLS Mutual
s_connection: verify depth is 1
Handshake duration: 9.90 ms
Execution 117 - TLS Mutual
s_connection: verify depth is 1
Handshake duration: 31787.45 ms
Execution 118 - TLS Mutual
s_connection: verify depth is 1
Handshake duration: 1480.30 ms
Execution 119 - TLS Mutual
s_connection: verify depth is 1
Handshake duration: 13.64 ms
Execution 120 - TLS Mutual
s_connection: verify depth is 1
Handshake duration: 12.13 ms
Execution 121 - TLS Mutual
s_connection: verify depth is 1
Handshake duration: 427.59 ms
Execution 122 - TLS Mutual
s_connection: verify depth is 1
Handshake duration: 238.02 ms
Execution 123 - TLS Mutual
s_connection: verify depth is 1
Handshake duration: 10.81 ms
Execution 124 - TLS Mutual
s_connection: verify depth is 1
Handshake duration: 10.83 ms
Execution 125 - TLS Mutual
s_connection: verify depth is 1
Handshake duration: 1079.25 ms
