Handshake timeout budget: 150s (identique TLS/QUIC)
Applying netem rules to lo...
Showing qdisc status for the interface: lo
qdisc netem 8648: root refcnt 2 limit 1000 seed 14143142037258057950
 Sent 0 bytes 0 pkt (dropped 0, overlimits 0 requeues 0) 
 backlog 0b 0p requeues 0
Running ./perftestClientTlsQuic.sh with SIG_ALG=mldsa65 and KEM_ALG=x448
Execution 1 - TLS Mutual
s_connection: verify depth is 1
Handshake duration: 1345.95 ms
Execution 2 - TLS Mutual
s_connection: verify depth is 1
Handshake duration: 3240.65 ms
Execution 3 - TLS Mutual
s_connection: verify depth is 1
Handshake duration: 531.06 ms
Execution 4 - TLS Mutual
s_connection: verify depth is 1
Handshake duration: 938.26 ms
Execution 5 - TLS Mutual
s_connection: verify depth is 1
Handshake duration: 321.39 ms
Execution 6 - TLS Mutual
s_connection: verify depth is 1
Handshake duration: 5080.63 ms
Execution 7 - TLS Mutual
s_connection: verify depth is 1
Handshake duration: 1596.95 ms
Execution 8 - TLS Mutual
s_connection: verify depth is 1
Handshake duration: 2164.73 ms
Execution 9 - TLS Mutual
s_connection: verify depth is 1
Handshake duration: 325.76 ms
Execution 10 - TLS Mutual
s_connection: verify depth is 1
Handshake duration: 7328.06 ms
Execution 11 - TLS Mutual
s_connection: verify depth is 1
Handshake duration: 50.45 ms
Execution 12 - TLS Mutual
s_connection: verify depth is 1
Handshake duration: 532.23 ms
Execution 13 - TLS Mutual
s_connection: verify depth is 1
Handshake duration: 320.91 ms
Execution 14 - TLS Mutual
s_connection: verify depth is 1
Handshake duration: 10679.15 ms
Execution 15 - TLS Mutual
s_connection: verify depth is 1
Handshake duration: 52.07 ms
Execution 16 - TLS Mutual
s_connection: verify depth is 1
Handshake duration: 1181.32 ms
Execution 17 - TLS Mutual
s_connection: verify depth is 1
Handshake duration: 2200.77 ms
Execution 18 - TLS Mutual
s_connection: verify depth is 1
Handshake duration: 2401.40 ms
Execution 19 - TLS Mutual
s_connection: verify depth is 1
Handshake duration: 528.43 ms
Execution 20 - TLS Mutual
s_connection: verify depth is 1
Handshake duration: 1167.62 ms
Execution 21 - TLS Mutual
s_connection: verify depth is 1
Handshake duration: 3436.71 ms
Execution 22 - TLS Mutual
s_connection: verify depth is 1
Handshake duration: 743.59 ms
Execution 23 - TLS Mutual
s_connection: verify depth is 1
Handshake duration: 330.40 ms
Execution 24 - TLS Mutual
s_connection: verify depth is 1
Handshake duration: 52.10 ms
Execution 25 - TLS Mutual
s_connection: verify depth is 1
Handshake duration: 936.54 ms
Execution 26 - TLS Mutual
s_connection: verify depth is 1
Handshake duration: 536.20 ms
Execution 27 - TLS Mutual
s_connection: verify depth is 1
Handshake duration: 111.96 ms
Execution 28 - TLS Mutual
s_connection: verify depth is 1
Handshake duration: 2196.83 ms
Execution 29 - TLS Mutual
s_connection: verify depth is 1
Handshake duration: 111.58 ms
Execution 30 - TLS Mutual
s_connection: verify depth is 1
Handshake duration: 1333.67 ms
Execution 31 - TLS Mutual
s_connection: verify depth is 1
Handshake duration: 5334.19 ms
Execution 32 - TLS Mutual
s_connection: verify depth is 1
Handshake duration: 56746.32 ms
Execution 33 - TLS Mutual
s_connection: verify depth is 1
Handshake duration: 5681.42 ms
Execution 34 - TLS Mutual
s_connection: verify depth is 1
Handshake duration: 107.73 ms
Execution 35 - TLS Mutual
s_connection: verify depth is 1
Handshake duration: 52.36 ms
Execution 36 - TLS Mutual
s_connection: verify depth is 1
Handshake duration: 27128.47 ms
Execution 37 - TLS Mutual
s_connection: verify depth is 1
Handshake duration: 3020.30 ms
Execution 38 - TLS Mutual
s_connection: verify depth is 1
Handshake duration: 1762.85 ms
Execution 39 - TLS Mutual
s_connection: verify depth is 1
Handshake duration: 2844.19 ms
Execution 40 - TLS Mutual
s_connection: verify depth is 1
Handshake duration: 735.46 ms
Execution 41 - TLS Mutual
s_connection: verify depth is 1
Handshake duration: 321.66 ms
Execution 42 - TLS Mutual
s_connection: verify depth is 1
Handshake duration: 943.56 ms
Execution 43 - TLS Mutual
s_connection: verify depth is 1
Handshake duration: 1795.87 ms
Execution 44 - TLS Mutual
s_connection: verify depth is 1
Handshake duration: 325.50 ms
Execution 45 - TLS Mutual
s_connection: verify depth is 1
Handshake duration: 1566.43 ms
Execution 46 - TLS Mutual
s_connection: verify depth is 1
Handshake duration: 50.35 ms
Execution 47 - TLS Mutual
s_connection: verify depth is 1
Handshake duration: 10678.11 ms
Execution 48 - TLS Mutual
s_connection: verify depth is 1
Handshake duration: 63.63 ms
Execution 49 - TLS Mutual
s_connection: verify depth is 1
Handshake duration: 58.64 ms
Execution 50 - TLS Mutual
s_connection: verify depth is 1
Handshake duration: 28424.26 ms
Execution 51 - TLS Mutual
s_connection: verify depth is 1
Handshake duration: 328.48 ms
Execution 52 - TLS Mutual
s_connection: verify depth is 1
Handshake duration: 537.98 ms
Execution 53 - TLS Mutual
s_connection: verify depth is 1
Handshake duration: 326.35 ms
Execution 54 - TLS Mutual
s_connection: verify depth is 1
Handshake duration: 3826.34 ms
Execution 55 - TLS Mutual
s_connection: verify depth is 1
Handshake duration: 327.44 ms
Execution 56 - TLS Mutual
s_connection: verify depth is 1
Handshake duration: 2164.33 ms
Execution 57 - TLS Mutual
s_connection: verify depth is 1
Handshake duration: 1347.25 ms
Execution 58 - TLS Mutual
s_connection: verify depth is 1
Handshake duration: 1146.86 ms
Execution 59 - TLS Mutual
s_connection: verify depth is 1
Handshake duration: 4458.27 ms
Execution 60 - TLS Mutual
s_connection: verify depth is 1
Handshake duration: 938.33 ms
Execution 61 - TLS Mutual
s_connection: verify depth is 1
Handshake duration: 1774.35 ms
Execution 62 - TLS Mutual
s_connection: verify depth is 1
Handshake duration: 1551.30 ms
Execution 63 - TLS Mutual
s_connection: verify depth is 1
Handshake duration: 4279.41 ms
Execution 64 - TLS Mutual
s_connection: verify depth is 1
Handshake duration: 19698.46 ms
Execution 65 - TLS Mutual
s_connection: verify depth is 1
Handshake duration: 51.21 ms
Execution 66 - TLS Mutual
s_connection: verify depth is 1
Handshake duration: 47.69 ms
Execution 67 - TLS Mutual
s_connection: verify depth is 1
Handshake duration: 51.23 ms
Execution 68 - TLS Mutual
s_connection: verify depth is 1
Handshake duration: 54.37 ms
Execution 69 - TLS Mutual
s_connection: verify depth is 1
Handshake duration: 320.51 ms
Execution 70 - TLS Mutual
s_connection: verify depth is 1
Handshake duration: 14980.06 ms
Execution 71 - TLS Mutual
s_connection: verify depth is 1
Handshake duration: 53.02 ms
Execution 72 - TLS Mutual
s_connection: verify depth is 1
Handshake duration: 1179.00 ms
Execution 73 - TLS Mutual
s_connection: verify depth is 1
Handshake duration: 108.21 ms
Execution 74 - TLS Mutual
s_connection: verify depth is 1
Handshake duration: 4304.91 ms
Execution 75 - TLS Mutual
s_connection: verify depth is 1
Handshake duration: 3227.44 ms
Execution 76 - TLS Mutual
s_connection: verify depth is 1
Handshake duration: 325.54 ms
Execution 77 - TLS Mutual
s_connection: verify depth is 1
Handshake duration: 107.48 ms
Execution 78 - TLS Mutual
s_connection: verify depth is 1
Handshake duration: 1789.03 ms
Execution 79 - TLS Mutual
s_connection: verify depth is 1
Handshake duration: 2194.97 ms
Execution 80 - TLS Mutual
s_connection: verify depth is 1
Handshake duration: 321.21 ms
Execution 81 - TLS Mutual
s_connection: verify depth is 1
Handshake duration: 4447.87 ms
Execution 82 - TLS Mutual
s_connection: verify depth is 1
Handshake duration: 735.77 ms
Execution 83 - TLS Mutual
s_connection: verify depth is 1
Handshake duration: 1175.37 ms
Execution 84 - TLS Mutual
s_connection: verify depth is 1
Handshake duration: 324.96 ms
Execution 85 - TLS Mutual
s_connection: verify depth is 1
Handshake duration: 50.60 ms
Execution 86 - TLS Mutual
s_connection: verify depth is 1
Handshake duration: 48.51 ms
Execution 87 - TLS Mutual
s_connection: verify depth is 1
Handshake duration: 50.51 ms
Execution 88 - TLS Mutual
s_connection: verify depth is 1
Handshake duration: 2763.65 ms
Execution 89 - TLS Mutual
s_connection: verify depth is 1
Handshake duration: 112.23 ms
Execution 90 - TLS Mutual
s_connection: verify depth is 1
Handshake duration: 331.14 ms
Execution 91 - TLS Mutual
s_connection: verify depth is 1
Handshake duration: 103.29 ms
Execution 92 - TLS Mutual
s_connection: verify depth is 1
Handshake duration: 4471.50 ms
Execution 93 - TLS Mutual
s_connection: verify depth is 1
Handshake duration: 1386.02 ms
Execution 94 - TLS Mutual
s_connection: verify depth is 1
Handshake duration: 1549.88 ms
Execution 95 - TLS Mutual
s_connection: verify depth is 1
Handshake duration: 3027.41 ms
Execution 96 - TLS Mutual
s_connection: verify depth is 1
Handshake duration: 110.83 ms
Execution 97 - TLS Mutual
s_connection: verify depth is 1
Handshake duration: 47.81 ms
Execution 98 - TLS Mutual
s_connection: verify depth is 1
Handshake duration: 48.49 ms
Execution 99 - TLS Mutual
s_connection: verify depth is 1
Handshake duration: 1185.91 ms
Execution 100 - TLS Mutual
s_connection: verify depth is 1
Handshake duration: 111.44 ms
Execution 101 - TLS Mutual
s_connection: verify depth is 1
Handshake duration: 4458.13 ms
Execution 102 - TLS Mutual
s_connection: verify depth is 1
Handshake duration: 51.77 ms
Execution 103 - TLS Mutual
s_connection: verify depth is 1
Handshake duration: 1598.49 ms
Execution 104 - TLS Mutual
s_connection: verify depth is 1
Handshake duration: 2404.79 ms
Execution 105 - TLS Mutual
s_connection: verify depth is 1
Handshake duration: 108.70 ms
Execution 106 - TLS Mutual
s_connection: verify depth is 1
Handshake duration: 55.09 ms
Execution 107 - TLS Mutual
s_connection: verify depth is 1
Handshake duration: 56123.11 ms
Execution 108 - TLS Mutual
s_connection: verify depth is 1
Handshake duration: 27864.86 ms
Execution 109 - TLS Mutual
s_connection: verify depth is 1
Handshake duration: 534.19 ms
Execution 110 - TLS Mutual
s_connection: verify depth is 1
Handshake duration: 1186.15 ms
Execution 111 - TLS Mutual
s_connection: verify depth is 1
Handshake duration: 50.24 ms
Execution 112 - TLS Mutual
s_connection: verify depth is 1
Handshake duration: 541.47 ms
Execution 113 - TLS Mutual
s_connection: verify depth is 1
Handshake duration: 2850.24 ms
Execution 114 - TLS Mutual
s_connection: verify depth is 1
Handshake duration: 528.21 ms
Execution 115 - TLS Mutual
s_connection: verify depth is 1
Handshake duration: 111.79 ms
Execution 116 - TLS Mutual
s_connection: verify depth is 1
Handshake duration: 1589.24 ms
Execution 117 - TLS Mutual
s_connection: verify depth is 1
Handshake duration: 3602.42 ms
Execution 118 - TLS Mutual
s_connection: verify depth is 1
Handshake duration: 3258.99 ms
Execution 119 - TLS Mutual
s_connection: verify depth is 1
Handshake duration: 1324.81 ms
Execution 120 - TLS Mutual
s_connection: verify depth is 1
Handshake duration: 1583.51 ms
Execution 121 - TLS Mutual
s_connection: verify depth is 1
Handshake duration: 729.38 ms
Execution 122 - TLS Mutual
s_connection: verify depth is 1
Handshake duration: 54330.15 ms
Execution 123 - TLS Mutual
s_connection: verify depth is 1
Handshake duration: 533.31 ms
Execution 124 - TLS Mutual
s_connection: verify depth is 1
Handshake duration: 108.87 ms
Execution 125 - TLS Mutual
s_connection: verify depth is 1
Handshake duration: 319.42 ms
