Handshake timeout budget: 150s (identique TLS/QUIC)
Applying netem rules to lo...
Showing qdisc status for the interface: lo
qdisc netem 9cfe: root refcnt 2 limit 1000 seed 14958190140486717693
 Sent 0 bytes 0 pkt (dropped 0, overlimits 0 requeues 0) 
 backlog 0b 0p requeues 0
Running ./perftestClientTlsQuic.sh with SIG_ALG=ed25519 and KEM_ALG=x25519_mlkem512
Execution 1 - TLS Mutual
s_connection: verify depth is 1
Handshake duration: 1452.90 ms
Execution 2 - TLS Mutual
s_connection: verify depth is 1
Handshake duration: 5603.10 ms
Execution 3 - TLS Mutual
s_connection: verify depth is 1
Handshake duration: 3090.12 ms
Execution 4 - TLS Mutual
s_connection: verify depth is 1
Handshake duration: 5.72 ms
Execution 5 - TLS Mutual
s_connection: verify depth is 1
Handshake duration: 1273.73 ms
Execution 6 - TLS Mutual
s_connection: verify depth is 1
Handshake duration: 626.62 ms
Execution 7 - TLS Mutual
s_connection: verify depth is 1
Handshake duration: 6.87 ms
Execution 8 - TLS Mutual
s_connection: verify depth is 1
Handshake duration: 7.04 ms
Execution 9 - TLS Mutual
s_connection: verify depth is 1
Handshake duration: 1069.39 ms
Execution 10 - TLS Mutual
s_connection: verify depth is 1
Handshake duration: 9.71 ms
Execution 11 - TLS Mutual
s_connection: verify depth is 1
Handshake duration: 6.14 ms
Execution 12 - TLS Mutual
s_connection: verify depth is 1
Handshake duration: 10.03 ms
Execution 13 - TLS Mutual
s_connection: verify depth is 1
Handshake duration: 5.29 ms
Execution 14 - TLS Mutual
s_connection: verify depth is 1
Handshake duration: 1442.37 ms
Execution 15 - TLS Mutual
s_connection: verify depth is 1
Handshake duration: 1044.56 ms
Execution 16 - TLS Mutual
s_connection: verify depth is 1
Handshake duration: 221.75 ms
Execution 17 - TLS Mutual
s_connection: verify depth is 1
Handshake duration: 227.33 ms
Execution 18 - TLS Mutual
s_connection: verify depth is 1
Handshake duration: 224.72 ms
Execution 19 - TLS Mutual
s_connection: verify depth is 1
Handshake duration: 6.04 ms
Execution 20 - TLS Mutual
s_connection: verify depth is 1
Handshake duration: 10.60 ms
Execution 21 - TLS Mutual
s_connection: verify depth is 1
Handshake duration: 1041.65 ms
Execution 22 - TLS Mutual
s_connection: verify depth is 1
Handshake duration: 2305.70 ms
Execution 23 - TLS Mutual
s_connection: verify depth is 1
Handshake duration: 6.13 ms
Execution 24 - TLS Mutual
s_connection: verify depth is 1
Handshake duration: 6.10 ms
Execution 25 - TLS Mutual
s_connection: verify depth is 1
Handshake duration: 5.79 ms
Execution 26 - TLS Mutual
s_connection: verify depth is 1
Handshake duration: 1639.79 ms
Execution 27 - TLS Mutual
s_connection: verify depth is 1
Handshake duration: 6.13 ms
Execution 28 - TLS Mutual
s_connection: verify depth is 1
Handshake duration: 428.93 ms
Execution 29 - TLS Mutual
s_connection: verify depth is 1
Handshake duration: 225.63 ms
Execution 30 - TLS Mutual
s_connection: verify depth is 1
Handshake duration: 7.26 ms
Execution 31 - TLS Mutual
s_connection: verify depth is 1
Handshake duration: 1023.52 ms
Execution 32 - TLS Mutual
s_connection: verify depth is 1
Handshake duration: 621.22 ms
Execution 33 - TLS Mutual
s_connection: verify depth is 1
Handshake duration: 6.80 ms
Execution 34 - TLS Mutual
s_connection: verify depth is 1
Handshake duration: 6.60 ms
Execution 35 - TLS Mutual
s_connection: verify depth is 1
Handshake duration: 5.49 ms
Execution 36 - TLS Mutual
s_connection: verify depth is 1
Handshake duration: 1849.55 ms
Execution 37 - TLS Mutual
s_connection: verify depth is 1
Handshake duration: 2095.07 ms
Execution 38 - TLS Mutual
s_connection: verify depth is 1
Handshake duration: 6.22 ms
Execution 39 - TLS Mutual
s_connection: verify depth is 1
Handshake duration: 2923.21 ms
Execution 40 - TLS Mutual
s_connection: verify depth is 1
Handshake duration: 1058.45 ms
Execution 41 - TLS Mutual
s_connection: verify depth is 1
Handshake duration: 1073.82 ms
Execution 42 - TLS Mutual
s_connection: verify depth is 1
Handshake duration: 1072.01 ms
Execution 43 - TLS Mutual
s_connection: verify depth is 1
Handshake duration: 9133.77 ms
Execution 44 - TLS Mutual
s_connection: verify depth is 1
Handshake duration: 9.09 ms
Execution 45 - TLS Mutual
s_connection: verify depth is 1
Handshake duration: 221.39 ms
Execution 46 - TLS Mutual
s_connection: verify depth is 1
Handshake duration: 2069.31 ms
Execution 47 - TLS Mutual
s_connection: verify depth is 1
Handshake duration: 2090.54 ms
Execution 48 - TLS Mutual
s_connection: verify depth is 1
Handshake duration: 5.15 ms
Execution 49 - TLS Mutual
s_connection: verify depth is 1
Handshake duration: 8.88 ms
Execution 50 - TLS Mutual
s_connection: verify depth is 1
Handshake duration: 5.19 ms
Execution 51 - TLS Mutual
s_connection: verify depth is 1
Handshake duration: 5.21 ms
Execution 52 - TLS Mutual
s_connection: verify depth is 1
Handshake duration: 5.12 ms
Execution 53 - TLS Mutual
s_connection: verify depth is 1
Handshake duration: 5794.88 ms
Execution 54 - TLS Mutual
s_connection: verify depth is 1
Handshake duration: 632.05 ms
Execution 55 - TLS Mutual
s_connection: verify depth is 1
Handshake duration: 224.07 ms
Execution 56 - TLS Mutual
s_connection: verify depth is 1
Handshake duration: 9.78 ms
Execution 57 - TLS Mutual
s_connection: verify depth is 1
Handshake duration: 5.47 ms
Execution 58 - TLS Mutual
s_connection: verify depth is 1
Handshake duration: 5.25 ms
Execution 59 - TLS Mutual
s_connection: verify depth is 1
Handshake duration: 1048.88 ms
Execution 60 - TLS Mutual
s_connection: verify depth is 1
Handshake duration: 16168.92 ms
Execution 61 - TLS Mutual
s_connection: verify depth is 1
Handshake duration: 2732.55 ms
Execution 62 - TLS Mutual
s_connection: verify depth is 1
Handshake duration: 5.50 ms
Execution 63 - TLS Mutual
s_connection: verify depth is 1
Handshake duration: 5.63 ms
Execution 64 - TLS Mutual
s_connection: verify depth is 1
Handshake duration: 5.51 ms
Execution 65 - TLS Mutual
s_connection: verify depth is 1
Handshake duration: 1028.57 ms
Execution 66 - TLS Mutual
s_connection: verify depth is 1
Handshake duration: 221.39 ms
Execution 67 - TLS Mutual
s_connection: verify depth is 1
Handshake duration: 5.96 ms
Execution 68 - TLS Mutual
s_connection: verify depth is 1
Handshake duration: 6.00 ms
Execution 69 - TLS Mutual
s_connection: verify depth is 1
Handshake duration: 1263.41 ms
Execution 70 - TLS Mutual
s_connection: verify depth is 1
Handshake duration: 5.91 ms
Execution 71 - TLS Mutual
s_connection: verify depth is 1
Handshake duration: 2060.46 ms
Execution 72 - TLS Mutual
s_connection: verify depth is 1
Handshake duration: 6.11 ms
Execution 73 - TLS Mutual
s_connection: verify depth is 1
Handshake duration: 9.56 ms
Execution 74 - TLS Mutual
s_connection: verify depth is 1
Handshake duration: 226.21 ms
Execution 75 - TLS Mutual
s_connection: verify depth is 1
Handshake duration: 4150.76 ms
Execution 76 - TLS Mutual
s_connection: verify depth is 1
Handshake duration: 7.06 ms
Execution 77 - TLS Mutual
s_connection: verify depth is 1
Handshake duration: 6.00 ms
Execution 78 - TLS Mutual
s_connection: verify depth is 1
Handshake duration: 626.06 ms
Execution 79 - TLS Mutual
s_connection: verify depth is 1
Handshake duration: 228.49 ms
Execution 80 - TLS Mutual
s_connection: verify depth is 1
Handshake duration: 4308.83 ms
Execution 81 - TLS Mutual
s_connection: verify depth is 1
Handshake duration: 11.00 ms
Execution 82 - TLS Mutual
s_connection: verify depth is 1
Handshake duration: 5.51 ms
Execution 83 - TLS Mutual
s_connection: verify depth is 1
Handshake duration: 5.45 ms
Execution 84 - TLS Mutual
s_connection: verify depth is 1
Handshake duration: 625.10 ms
Execution 85 - TLS Mutual
s_connection: verify depth is 1
Handshake duration: 10.72 ms
Execution 86 - TLS Mutual
s_connection: verify depth is 1
Handshake duration: 2927.43 ms
Execution 87 - TLS Mutual
s_connection: verify depth is 1
Handshake duration: 1452.35 ms
Execution 88 - TLS Mutual
s_connection: verify depth is 1
Handshake duration: 7.74 ms
Execution 89 - TLS Mutual
s_connection: verify depth is 1
Handshake duration: 4329.56 ms
Execution 90 - TLS Mutual
s_connection: verify depth is 1
Handshake duration: 6.00 ms
Execution 91 - TLS Mutual
s_connection: verify depth is 1
Handshake duration: 1042.12 ms
Execution 92 - TLS Mutual
s_connection: verify depth is 1
Handshake duration: 8.71 ms
Execution 93 - TLS Mutual
s_connection: verify depth is 1
Handshake duration: 1043.98 ms
Execution 94 - TLS Mutual
s_connection: verify depth is 1
Handshake duration: 6.40 ms
Execution 95 - TLS Mutual
s_connection: verify depth is 1
Handshake duration: 1056.22 ms
Execution 96 - TLS Mutual
s_connection: verify depth is 1
Handshake duration: 6.38 ms
Execution 97 - TLS Mutual
s_connection: verify depth is 1
Handshake duration: 228.06 ms
Execution 98 - TLS Mutual
s_connection: verify depth is 1
Handshake duration: 1055.96 ms
Execution 99 - TLS Mutual
s_connection: verify depth is 1
Handshake duration: 4384.70 ms
Execution 100 - TLS Mutual
s_connection: verify depth is 1
Handshake duration: 2042.08 ms
Execution 101 - TLS Mutual
s_connection: verify depth is 1
Handshake duration: 6.59 ms
Execution 102 - TLS Mutual
s_connection: verify depth is 1
Handshake duration: 626.90 ms
Execution 103 - TLS Mutual
s_connection: verify depth is 1
Handshake duration: 6.10 ms
Execution 104 - TLS Mutual
s_connection: verify depth is 1
Handshake duration: 1446.67 ms
Execution 105 - TLS Mutual
s_connection: verify depth is 1
Handshake duration: 6.16 ms
Execution 106 - TLS Mutual
s_connection: verify depth is 1
Handshake duration: 5.88 ms
Execution 107 - TLS Mutual
s_connection: verify depth is 1
Handshake duration: 5.76 ms
Execution 108 - TLS Mutual
s_connection: verify depth is 1
Handshake duration: 1243.96 ms
Execution 109 - TLS Mutual
s_connection: verify depth is 1
Handshake duration: 5.91 ms
Execution 110 - TLS Mutual
s_connection: verify depth is 1
Handshake duration: 5.72 ms
Execution 111 - TLS Mutual
s_connection: verify depth is 1
Handshake duration: 5.55 ms
Execution 112 - TLS Mutual
s_connection: verify depth is 1
Handshake duration: 1029.29 ms
Execution 113 - TLS Mutual
s_connection: verify depth is 1
Handshake duration: 1059.63 ms
Execution 114 - TLS Mutual
s_connection: verify depth is 1
Handshake duration: 14382.76 ms
Execution 115 - TLS Mutual
s_connection: verify depth is 1
Handshake duration: 5.93 ms
Execution 116 - TLS Mutual
s_connection: verify depth is 1
Handshake duration: 629.86 ms
Execution 117 - TLS Mutual
s_connection: verify depth is 1
Handshake duration: 1262.85 ms
Execution 118 - TLS Mutual
s_connection: verify depth is 1
Handshake duration: 5.66 ms
Execution 119 - TLS Mutual
s_connection: verify depth is 1
Handshake duration: 5.58 ms
Execution 120 - TLS Mutual
s_connection: verify depth is 1
Handshake duration: 5.45 ms
Execution 121 - TLS Mutual
s_connection: verify depth is 1
Handshake duration: 9.90 ms
Execution 122 - TLS Mutual
s_connection: verify depth is 1
Handshake duration: 1855.69 ms
Execution 123 - TLS Mutual
s_connection: verify depth is 1
Handshake duration: 6.92 ms
Execution 124 - TLS Mutual
s_connection: verify depth is 1
Handshake duration: 5.97 ms
Execution 125 - TLS Mutual
s_connection: verify depth is 1
Handshake duration: 13458.17 ms
