Handshake timeout budget: 150s (identique TLS/QUIC)
Applying netem rules to lo...
Showing qdisc status for the interface: lo
qdisc netem 9cd4: root refcnt 2 limit 1000 seed 1178017828522822144
 Sent 0 bytes 0 pkt (dropped 0, overlimits 0 requeues 0) 
 backlog 0b 0p requeues 0
Running ./perftestClientTlsQuic.sh with SIG_ALG=mldsa44 and KEM_ALG=x25519_hqc128
Execution 1 - TLS Mutual
s_connection: verify depth is 1
Handshake duration: 1072.76 ms
Execution 2 - TLS Mutual
s_connection: verify depth is 1
Handshake duration: 37.54 ms
Execution 3 - TLS Mutual
s_connection: verify depth is 1
Handshake duration: 6394.77 ms
Execution 4 - TLS Mutual
s_connection: verify depth is 1
Handshake duration: 37.11 ms
Execution 5 - TLS Mutual
s_connection: verify depth is 1
Handshake duration: 1092.86 ms
Execution 6 - TLS Mutual
s_connection: verify depth is 1
Handshake duration: 37.10 ms
Execution 7 - TLS Mutual
s_connection: verify depth is 1
Handshake duration: 33528.57 ms
Execution 8 - TLS Mutual
s_connection: verify depth is 1
Handshake duration: 108026.07 ms
Execution 9 - TLS Mutual
s_connection: verify depth is 1
Handshake duration: 38.28 ms
Execution 10 - TLS Mutual
s_connection: verify depth is 1
Handshake duration: 1951.83 ms
Execution 11 - TLS Mutual
s_connection: verify depth is 1
Handshake duration: 1899.14 ms
Execution 12 - TLS Mutual
s_connection: verify depth is 1
Handshake duration: 6230.82 ms
Execution 13 - TLS Mutual
s_connection: verify depth is 1
Handshake duration: 7019.41 ms
Execution 14 - TLS Mutual
s_connection: verify depth is 1
Handshake duration: 483.96 ms
Execution 15 - TLS Mutual
s_connection: verify depth is 1
Handshake duration: 276.67 ms
Execution 16 - TLS Mutual
s_connection: verify depth is 1
Handshake duration: 37.25 ms
Execution 17 - TLS Mutual
s_connection: verify depth is 1
Handshake duration: 35.50 ms
Execution 18 - TLS Mutual
s_connection: verify depth is 1
Handshake duration: 36.19 ms
Execution 19 - TLS Mutual
s_connection: verify depth is 1
Handshake duration: 1886.20 ms
Execution 20 - TLS Mutual
s_connection: verify depth is 1
Handshake duration: 2115.69 ms
Execution 21 - TLS Mutual
s_connection: verify depth is 1
Handshake duration: 478.15 ms
Execution 22 - TLS Mutual
s_connection: verify depth is 1
Handshake duration: 36.80 ms
Execution 23 - TLS Mutual
s_connection: verify depth is 1
Handshake duration: 1525.73 ms
Execution 24 - TLS Mutual
s_connection: verify depth is 1
Handshake duration: 38.76 ms
Execution 25 - TLS Mutual
s_connection: verify depth is 1
Handshake duration: 2521.45 ms
Execution 26 - TLS Mutual
s_connection: verify depth is 1
Handshake duration: 1081.19 ms
Execution 27 - TLS Mutual
s_connection: verify depth is 1
Handshake duration: NaN ms  (client-side timeout after 150s)
Execution 28 - TLS Mutual
s_connection: verify depth is 1
Handshake duration: 3411.09 ms
Execution 29 - TLS Mutual
s_connection: verify depth is 1
Handshake duration: 36.66 ms
Execution 30 - TLS Mutual
s_connection: verify depth is 1
Handshake duration: 3119.97 ms
Execution 31 - TLS Mutual
s_connection: verify depth is 1
Handshake duration: 1711.20 ms
Execution 32 - TLS Mutual
s_connection: verify depth is 1
Handshake duration: 657.63 ms
Execution 33 - TLS Mutual
s_connection: verify depth is 1
Handshake duration: 11818.82 ms
Execution 34 - TLS Mutual
s_connection: verify depth is 1
Handshake duration: 1050.55 ms
Execution 35 - TLS Mutual
s_connection: verify depth is 1
Handshake duration: 7292.88 ms
Execution 36 - TLS Mutual
s_connection: verify depth is 1
Handshake duration: 2117.55 ms
Execution 37 - TLS Mutual
s_connection: verify depth is 1
Handshake duration: 4617.38 ms
Execution 38 - TLS Mutual
s_connection: verify depth is 1
Handshake duration: 15090.19 ms
Execution 39 - TLS Mutual
s_connection: verify depth is 1
Handshake duration: 1324.55 ms
Execution 40 - TLS Mutual
s_connection: verify depth is 1
Handshake duration: 1326.11 ms
Execution 41 - TLS Mutual
s_connection: verify depth is 1
Handshake duration: 36.24 ms
Execution 42 - TLS Mutual
s_connection: verify depth is 1
Handshake duration: 655.39 ms
Execution 43 - TLS Mutual
s_connection: verify depth is 1
Handshake duration: 39.26 ms
Execution 44 - TLS Mutual
s_connection: verify depth is 1
Handshake duration: 35.88 ms
Execution 45 - TLS Mutual
s_connection: verify depth is 1
Handshake duration: 4789.15 ms
Execution 46 - TLS Mutual
s_connection: verify depth is 1
Handshake duration: 8465.94 ms
Execution 47 - TLS Mutual
s_connection: verify depth is 1
Handshake duration: 8902.35 ms
Execution 48 - TLS Mutual
s_connection: verify depth is 1
Handshake duration: 267.66 ms
Execution 49 - TLS Mutual
s_connection: verify depth is 1
Handshake duration: 5476.43 ms
Execution 50 - TLS Mutual
s_connection: verify depth is 1
Handshake duration: 1072.91 ms
Execution 51 - TLS Mutual
s_connection: verify depth is 1
Handshake duration: 1912.47 ms
Execution 52 - TLS Mutual
s_connection: verify depth is 1
Handshake duration: 2290.60 ms
Execution 53 - TLS Mutual
s_connection: verify depth is 1
Handshake duration: 3729.72 ms
Execution 54 - TLS Mutual
s_connection: verify depth is 1
Handshake duration: 1482.48 ms
Execution 55 - TLS Mutual
s_connection: verify depth is 1
Handshake duration: 4739.40 ms
Execution 56 - TLS Mutual
s_connection: verify depth is 1
Handshake duration: 2522.55 ms
Execution 57 - TLS Mutual
s_connection: verify depth is 1
Handshake duration: 1508.69 ms
Execution 58 - TLS Mutual
s_connection: verify depth is 1
Handshake duration: 38.52 ms
Execution 59 - TLS Mutual
s_connection: verify depth is 1
Handshake duration: 273.58 ms
Execution 60 - TLS Mutual
s_connection: verify depth is 1
Handshake duration: 7652.48 ms
Execution 61 - TLS Mutual
s_connection: verify depth is 1
Handshake duration: 283.79 ms
Execution 62 - TLS Mutual
s_connection: verify depth is 1
Handshake duration: 2714.39 ms
Execution 63 - TLS Mutual
s_connection: verify depth is 1
Handshake duration: 39.40 ms
Execution 64 - TLS Mutual
s_connection: verify depth is 1
Handshake duration: 14264.35 ms
Execution 65 - TLS Mutual
s_connection: verify depth is 1
Handshake duration: 1516.64 ms
Execution 66 - TLS Mutual
s_connection: verify depth is 1
Handshake duration: 1956.93 ms
Execution 67 - TLS Mutual
s_connection: verify depth is 1
Handshake duration: 1922.30 ms
Execution 68 - TLS Mutual
s_connection: verify depth is 1
Handshake duration: 1904.83 ms
Execution 69 - TLS Mutual
s_connection: verify depth is 1
Handshake duration: 38.37 ms
Execution 70 - TLS Mutual
s_connection: verify depth is 1
Handshake duration: 3156.63 ms
Execution 71 - TLS Mutual
s_connection: verify depth is 1
Handshake duration: 3177.44 ms
Execution 72 - TLS Mutual
s_connection: verify depth is 1
Handshake duration: 38.02 ms
Execution 73 - TLS Mutual
s_connection: verify depth is 1
Handshake duration: 674.53 ms
Execution 74 - TLS Mutual
s_connection: verify depth is 1
Handshake duration: 13339.83 ms
Execution 75 - TLS Mutual
s_connection: verify depth is 1
Handshake duration: 6076.18 ms
Execution 76 - TLS Mutual
s_connection: verify depth is 1
Handshake duration: 36.50 ms
Execution 77 - TLS Mutual
s_connection: verify depth is 1
Handshake duration: 35.78 ms
Execution 78 - TLS Mutual
s_connection: verify depth is 1
Handshake duration: 1923.07 ms
Execution 79 - TLS Mutual
s_connection: verify depth is 1
Handshake duration: 37.61 ms
Execution 80 - TLS Mutual
s_connection: verify depth is 1
Handshake duration: 2704.40 ms
Execution 81 - TLS Mutual
s_connection: verify depth is 1
Handshake duration: 479.63 ms
Execution 82 - TLS Mutual
s_connection: verify depth is 1
Handshake duration: 38.36 ms
Execution 83 - TLS Mutual
s_connection: verify depth is 1
Handshake duration: 1537.97 ms
Execution 84 - TLS Mutual
s_connection: verify depth is 1
Handshake duration: 1716.71 ms
Execution 85 - TLS Mutual
s_connection: verify depth is 1
Handshake duration: 38.06 ms
Execution 86 - TLS Mutual
s_connection: verify depth is 1
Handshake duration: 1105.85 ms
Execution 87 - TLS Mutual
s_connection: verify depth is 1
Handshake duration: 866.25 ms
Execution 88 - TLS Mutual
s_connection: verify depth is 1
Handshake duration: 13233.71 ms
Execution 89 - TLS Mutual
s_connection: verify depth is 1
Handshake duration: 281.35 ms
Execution 90 - TLS Mutual
s_connection: verify depth is 1
Handshake duration: 6413.02 ms
Execution 91 - TLS Mutual
s_connection: verify depth is 1
Handshake duration: 39.00 ms
Execution 92 - TLS Mutual
s_connection: verify depth is 1
Handshake duration: 36.51 ms
Execution 93 - TLS Mutual
s_connection: verify depth is 1
Handshake duration: 2496.27 ms
Execution 94 - TLS Mutual
s_connection: verify depth is 1
Handshake duration: 38.29 ms
Execution 95 - TLS Mutual
s_connection: verify depth is 1
Handshake duration: 1299.01 ms
Execution 96 - TLS Mutual
s_connection: verify depth is 1
Handshake duration: 7924.32 ms
Execution 97 - TLS Mutual
s_connection: verify depth is 1
Handshake duration: 1317.32 ms
Execution 98 - TLS Mutual
s_connection: verify depth is 1
Handshake duration: 864.35 ms
Execution 99 - TLS Mutual
s_connection: verify depth is 1
Handshake duration: 3385.17 ms
Execution 100 - TLS Mutual
s_connection: verify depth is 1
Handshake duration: 38.88 ms
Execution 101 - TLS Mutual
s_connection: verify depth is 1
Handshake duration: 1106.16 ms
Execution 102 - TLS Mutual
s_connection: verify depth is 1
Handshake duration: 1329.47 ms
Execution 103 - TLS Mutual
s_connection: verify depth is 1
Handshake duration: 1328.54 ms
Execution 104 - TLS Mutual
s_connection: verify depth is 1
Handshake duration: 3347.32 ms
Execution 105 - TLS Mutual
s_connection: verify depth is 1
Handshake duration: 4977.25 ms
Execution 106 - TLS Mutual
s_connection: verify depth is 1
Handshake duration: 859.12 ms
Execution 107 - TLS Mutual
s_connection: verify depth is 1
Handshake duration: 3131.62 ms
Execution 108 - TLS Mutual
s_connection: verify depth is 1
Handshake duration: 8708.68 ms
Execution 109 - TLS Mutual
s_connection: verify depth is 1
Handshake duration: 2108.20 ms
Execution 110 - TLS Mutual
s_connection: verify depth is 1
Handshake duration: 30106.16 ms
Execution 111 - TLS Mutual
s_connection: verify depth is 1
Handshake duration: 37.67 ms
Execution 112 - TLS Mutual
s_connection: verify depth is 1
Handshake duration: 3346.91 ms
Execution 113 - TLS Mutual
s_connection: verify depth is 1
Handshake duration: 4618.46 ms
Execution 114 - TLS Mutual
s_connection: verify depth is 1
Handshake duration: 55027.44 ms
Execution 115 - TLS Mutual
s_connection: verify depth is 1
Handshake duration: 26508.26 ms
Execution 116 - TLS Mutual
s_connection: verify depth is 1
Handshake duration: 258.20 ms
Execution 117 - TLS Mutual
s_connection: verify depth is 1
Handshake duration: 4674.14 ms
Execution 118 - TLS Mutual
s_connection: verify depth is 1
Handshake duration: 41.13 ms
Execution 119 - TLS Mutual
s_connection: verify depth is 1
Handshake duration: 268.82 ms
Execution 120 - TLS Mutual
s_connection: verify depth is 1
Handshake duration: 273.74 ms
Execution 121 - TLS Mutual
s_connection: verify depth is 1
Handshake duration: 1483.10 ms
Execution 122 - TLS Mutual
s_connection: verify depth is 1
Handshake duration: 2305.68 ms
Execution 123 - TLS Mutual
s_connection: verify depth is 1
Handshake duration: 41.05 ms
Execution 124 - TLS Mutual
s_connection: verify depth is 1
Handshake duration: 273.06 ms
Execution 125 - TLS Mutual
s_connection: verify depth is 1
Handshake duration: 863.27 ms
