Handshake timeout budget: 150s (identique TLS/QUIC)
Applying netem rules to lo...
Showing qdisc status for the interface: lo
qdisc netem 8fde: root refcnt 2 limit 1000 seed 8530572062234290972
 Sent 0 bytes 0 pkt (dropped 0, overlimits 0 requeues 0) 
 backlog 0b 0p requeues 0
Running ./perftestClientTlsQuic.sh with SIG_ALG=ed25519 and KEM_ALG=x25519_mlkem512
Execution 1 - TLS Mutual
s_connection: verify depth is 1
Handshake duration: 628.90 ms
Execution 2 - TLS Mutual
s_connection: verify depth is 1
Handshake duration: 10.38 ms
Execution 3 - TLS Mutual
s_connection: verify depth is 1
Handshake duration: 10.04 ms
Execution 4 - TLS Mutual
s_connection: verify depth is 1
Handshake duration: 2300.60 ms
Execution 5 - TLS Mutual
s_connection: verify depth is 1
Handshake duration: 10.24 ms
Execution 6 - TLS Mutual
s_connection: verify depth is 1
Handshake duration: 6.49 ms
Execution 7 - TLS Mutual
s_connection: verify depth is 1
Handshake duration: 1060.45 ms
Execution 8 - TLS Mutual
s_connection: verify depth is 1
Handshake duration: 6.51 ms
Execution 9 - TLS Mutual
s_connection: verify depth is 1
Handshake duration: 1455.55 ms
Execution 10 - TLS Mutual
s_connection: verify depth is 1
Handshake duration: 7642.22 ms
Execution 11 - TLS Mutual
s_connection: verify depth is 1
Handshake duration: 6.79 ms
Execution 12 - TLS Mutual
s_connection: verify depth is 1
Handshake duration: 1048.50 ms
Execution 13 - TLS Mutual
s_connection: verify depth is 1
Handshake duration: 3736.07 ms
Execution 14 - TLS Mutual
s_connection: verify depth is 1
Handshake duration: 832.02 ms
Execution 15 - TLS Mutual
s_connection: verify depth is 1
Handshake duration: 7.12 ms
Execution 16 - TLS Mutual
s_connection: verify depth is 1
Handshake duration: 6.73 ms
Execution 17 - TLS Mutual
s_connection: verify depth is 1
Handshake duration: 1232.52 ms
Execution 18 - TLS Mutual
s_connection: verify depth is 1
Handshake duration: 234.41 ms
Execution 19 - TLS Mutual
s_connection: verify depth is 1
Handshake duration: 1439.36 ms
Execution 20 - TLS Mutual
s_connection: verify depth is 1
Handshake duration: 1036.52 ms
Execution 21 - TLS Mutual
s_connection: verify depth is 1
Handshake duration: 6.88 ms
Execution 22 - TLS Mutual
s_connection: verify depth is 1
Handshake duration: 6.21 ms
Execution 23 - TLS Mutual
s_connection: verify depth is 1
Handshake duration: 228.63 ms
Execution 24 - TLS Mutual
s_connection: verify depth is 1
Handshake duration: 10.29 ms
Execution 25 - TLS Mutual
s_connection: verify depth is 1
Handshake duration: 2714.17 ms
Execution 26 - TLS Mutual
s_connection: verify depth is 1
Handshake duration: 8.53 ms
Execution 27 - TLS Mutual
s_connection: verify depth is 1
Handshake duration: 6.26 ms
Execution 28 - TLS Mutual
s_connection: verify depth is 1
Handshake duration: 9.65 ms
Execution 29 - TLS Mutual
s_connection: verify depth is 1
Handshake duration: 5.90 ms
Execution 30 - TLS Mutual
s_connection: verify depth is 1
Handshake duration: 5.91 ms
Execution 31 - TLS Mutual
s_connection: verify depth is 1
Handshake duration: 6624.80 ms
Execution 32 - TLS Mutual
s_connection: verify depth is 1
Handshake duration: 1264.76 ms
Execution 33 - TLS Mutual
s_connection: verify depth is 1
Handshake duration: 7.81 ms
Execution 34 - TLS Mutual
s_connection: verify depth is 1
Handshake duration: 3145.09 ms
Execution 35 - TLS Mutual
s_connection: verify depth is 1
Handshake duration: 1289.71 ms
Execution 36 - TLS Mutual
s_connection: verify depth is 1
Handshake duration: 624.87 ms
Execution 37 - TLS Mutual
s_connection: verify depth is 1
Handshake duration: 2255.57 ms
Execution 38 - TLS Mutual
s_connection: verify depth is 1
Handshake duration: 8.69 ms
Execution 39 - TLS Mutual
s_connection: verify depth is 1
Handshake duration: 231.53 ms
Execution 40 - TLS Mutual
s_connection: verify depth is 1
Handshake duration: 2087.39 ms
Execution 41 - TLS Mutual
s_connection: verify depth is 1
Handshake duration: 6.28 ms
Execution 42 - TLS Mutual
s_connection: verify depth is 1
Handshake duration: 4561.22 ms
Execution 43 - TLS Mutual
s_connection: verify depth is 1
Handshake duration: 1671.69 ms
Execution 44 - TLS Mutual
s_connection: verify depth is 1
Handshake duration: 1056.37 ms
Execution 45 - TLS Mutual
s_connection: verify depth is 1
Handshake duration: 7.91 ms
Execution 46 - TLS Mutual
s_connection: verify depth is 1
Handshake duration: 10.96 ms
Execution 47 - TLS Mutual
s_connection: verify depth is 1
Handshake duration: 6.05 ms
Execution 48 - TLS Mutual
s_connection: verify depth is 1
Handshake duration: 220.19 ms
Execution 49 - TLS Mutual
s_connection: verify depth is 1
Handshake duration: 1482.15 ms
Execution 50 - TLS Mutual
s_connection: verify depth is 1
Handshake duration: 1220.69 ms
Execution 51 - TLS Mutual
s_connection: verify depth is 1
Handshake duration: 6.28 ms
Execution 52 - TLS Mutual
s_connection: verify depth is 1
Handshake duration: 1035.83 ms
Execution 53 - TLS Mutual
s_connection: verify depth is 1
Handshake duration: 231.25 ms
Execution 54 - TLS Mutual
s_connection: verify depth is 1
Handshake duration: 233.39 ms
Execution 55 - TLS Mutual
s_connection: verify depth is 1
Handshake duration: 1681.50 ms
Execution 56 - TLS Mutual
s_connection: verify depth is 1
Handshake duration: 10.24 ms
Execution 57 - TLS Mutual
s_connection: verify depth is 1
Handshake duration: 5.99 ms
Execution 58 - TLS Mutual
s_connection: verify depth is 1
Handshake duration: 1053.18 ms
Execution 59 - TLS Mutual
s_connection: verify depth is 1
Handshake duration: 6.35 ms
Execution 60 - TLS Mutual
s_connection: verify depth is 1
Handshake duration: 10.68 ms
Execution 61 - TLS Mutual
s_connection: verify depth is 1
Handshake duration: 1463.76 ms
Execution 62 - TLS Mutual
s_connection: verify depth is 1
Handshake duration: 7.32 ms
Execution 63 - TLS Mutual
s_connection: verify depth is 1
Handshake duration: 435.30 ms
Execution 64 - TLS Mutual
s_connection: verify depth is 1
Handshake duration: 226.75 ms
Execution 65 - TLS Mutual
s_connection: verify depth is 1
Handshake duration: 3301.80 ms
Execution 66 - TLS Mutual
s_connection: verify depth is 1
Handshake duration: 627.63 ms
Execution 67 - TLS Mutual
s_connection: verify depth is 1
Handshake duration: 13.36 ms
Execution 68 - TLS Mutual
s_connection: verify depth is 1
Handshake duration: 10.11 ms
Execution 69 - TLS Mutual
s_connection: verify depth is 1
Handshake duration: 2062.90 ms
Execution 70 - TLS Mutual
s_connection: verify depth is 1
Handshake duration: 1083.96 ms
Execution 71 - TLS Mutual
s_connection: verify depth is 1
Handshake duration: 1266.42 ms
Execution 72 - TLS Mutual
s_connection: verify depth is 1
Handshake duration: 633.25 ms
Execution 73 - TLS Mutual
s_connection: verify depth is 1
Handshake duration: 8.12 ms
Execution 74 - TLS Mutual
s_connection: verify depth is 1
Handshake duration: 6.25 ms
Execution 75 - TLS Mutual
s_connection: verify depth is 1
Handshake duration: 19633.45 ms
Execution 76 - TLS Mutual
s_connection: verify depth is 1
Handshake duration: 4132.65 ms
Execution 77 - TLS Mutual
s_connection: verify depth is 1
Handshake duration: 4765.49 ms
Execution 78 - TLS Mutual
s_connection: verify depth is 1
Handshake duration: 832.26 ms
Execution 79 - TLS Mutual
s_connection: verify depth is 1
Handshake duration: 8.66 ms
Execution 80 - TLS Mutual
s_connection: verify depth is 1
Handshake duration: 7.76 ms
Execution 81 - TLS Mutual
s_connection: verify depth is 1
Handshake duration: 228.01 ms
Execution 82 - TLS Mutual
s_connection: verify depth is 1
Handshake duration: 2051.51 ms
Execution 83 - TLS Mutual
s_connection: verify depth is 1
Handshake duration: 8.70 ms
Execution 84 - TLS Mutual
s_connection: verify depth is 1
Handshake duration: 1874.44 ms
Execution 85 - TLS Mutual
s_connection: verify depth is 1
Handshake duration: 3295.19 ms
Execution 86 - TLS Mutual
s_connection: verify depth is 1
Handshake duration: 12.21 ms
Execution 87 - TLS Mutual
s_connection: verify depth is 1
Handshake duration: 3325.03 ms
Execution 88 - TLS Mutual
s_connection: verify depth is 1
Handshake duration: 7.42 ms
Execution 89 - TLS Mutual
s_connection: verify depth is 1
Handshake duration: 2702.88 ms
Execution 90 - TLS Mutual
s_connection: verify depth is 1
Handshake duration: 7.07 ms
Execution 91 - TLS Mutual
s_connection: verify depth is 1
Handshake duration: 3363.69 ms
Execution 92 - TLS Mutual
s_connection: verify depth is 1
Handshake duration: 1062.08 ms
Execution 93 - TLS Mutual
s_connection: verify depth is 1
Handshake duration: 231.44 ms
Execution 94 - TLS Mutual
s_connection: verify depth is 1
Handshake duration: 6.51 ms
Execution 95 - TLS Mutual
s_connection: verify depth is 1
Handshake duration: 6.49 ms
Execution 96 - TLS Mutual
s_connection: verify depth is 1
Handshake duration: 224.37 ms
Execution 97 - TLS Mutual
s_connection: verify depth is 1
Handshake duration: 12.20 ms
Execution 98 - TLS Mutual
s_connection: verify depth is 1
Handshake duration: 1073.53 ms
Execution 99 - TLS Mutual
s_connection: verify depth is 1
Handshake duration: 1080.29 ms
Execution 100 - TLS Mutual
s_connection: verify depth is 1
Handshake duration: 1884.18 ms
Execution 101 - TLS Mutual
s_connection: verify depth is 1
Handshake duration: 6.77 ms
Execution 102 - TLS Mutual
s_connection: verify depth is 1
Handshake duration: 1070.55 ms
Execution 103 - TLS Mutual
s_connection: verify depth is 1
Handshake duration: 6.88 ms
Execution 104 - TLS Mutual
s_connection: verify depth is 1
Handshake duration: 1037.44 ms
Execution 105 - TLS Mutual
s_connection: verify depth is 1
Handshake duration: 8.27 ms
Execution 106 - TLS Mutual
s_connection: verify depth is 1
Handshake duration: 213.73 ms
Execution 107 - TLS Mutual
s_connection: verify depth is 1
Handshake duration: 1261.01 ms
Execution 108 - TLS Mutual
s_connection: verify depth is 1
Handshake duration: 7.87 ms
Execution 109 - TLS Mutual
s_connection: verify depth is 1
Handshake duration: 10.19 ms
Execution 110 - TLS Mutual
s_connection: verify depth is 1
Handshake duration: 6.43 ms
Execution 111 - TLS Mutual
s_connection: verify depth is 1
Handshake duration: 4340.20 ms
Execution 112 - TLS Mutual
s_connection: verify depth is 1
Handshake duration: 6.66 ms
Execution 113 - TLS Mutual
s_connection: verify depth is 1
Handshake duration: 6.45 ms
Execution 114 - TLS Mutual
s_connection: verify depth is 1
Handshake duration: 625.43 ms
Execution 115 - TLS Mutual
s_connection: verify depth is 1
Handshake duration: 2689.18 ms
Execution 116 - TLS Mutual
s_connection: verify depth is 1
Handshake duration: 428.21 ms
Execution 117 - TLS Mutual
s_connection: verify depth is 1
Handshake duration: 4392.74 ms
Execution 118 - TLS Mutual
s_connection: verify depth is 1
Handshake duration: 12.19 ms
Execution 119 - TLS Mutual
s_connection: verify depth is 1
Handshake duration: 11.27 ms
Execution 120 - TLS Mutual
s_connection: verify depth is 1
Handshake duration: 5.94 ms
Execution 121 - TLS Mutual
s_connection: verify depth is 1
Handshake duration: 1262.04 ms
Execution 122 - TLS Mutual
s_connection: verify depth is 1
Handshake duration: 11.49 ms
Execution 123 - TLS Mutual
s_connection: verify depth is 1
Handshake duration: 1450.17 ms
Execution 124 - TLS Mutual
s_connection: verify depth is 1
Handshake duration: 224.64 ms
Execution 125 - TLS Mutual
s_connection: verify depth is 1
Handshake duration: 3092.38 ms
