Handshake timeout budget: 150s (identique TLS/QUIC)
Applying netem rules to lo...
Showing qdisc status for the interface: lo
qdisc netem 9566: root refcnt 2 limit 1000 seed 12019912078150238737
 Sent 0 bytes 0 pkt (dropped 0, overlimits 0 requeues 0) 
 backlog 0b 0p requeues 0
Running ./perftestClientTlsQuic.sh with SIG_ALG=mldsa65 and KEM_ALG=mlkem768
Execution 1 - TLS Mutual
s_connection: verify depth is 1
Handshake duration: 32.69 ms
Execution 2 - TLS Mutual
s_connection: verify depth is 1
Handshake duration: 1066.33 ms
Execution 3 - TLS Mutual
s_connection: verify depth is 1
Handshake duration: 1313.17 ms
Execution 4 - TLS Mutual
s_connection: verify depth is 1
Handshake duration: 6411.05 ms
Execution 5 - TLS Mutual
s_connection: verify depth is 1
Handshake duration: 4785.52 ms
Execution 6 - TLS Mutual
s_connection: verify depth is 1
Handshake duration: 34.73 ms
Execution 7 - TLS Mutual
s_connection: verify depth is 1
Handshake duration: 1121.86 ms
Execution 8 - TLS Mutual
s_connection: verify depth is 1
Handshake duration: 1705.15 ms
Execution 9 - TLS Mutual
s_connection: verify depth is 1
Handshake duration: 31.90 ms
Execution 10 - TLS Mutual
s_connection: verify depth is 1
Handshake duration: 457.52 ms
Execution 11 - TLS Mutual
s_connection: verify depth is 1
Handshake duration: 1509.85 ms
Execution 12 - TLS Mutual
s_connection: verify depth is 1
Handshake duration: 31.54 ms
Execution 13 - TLS Mutual
s_connection: verify depth is 1
Handshake duration: 54127.30 ms
Execution 14 - TLS Mutual
s_connection: verify depth is 1
Handshake duration: 1131.55 ms
Execution 15 - TLS Mutual
s_connection: verify depth is 1
Handshake duration: 26795.99 ms
Execution 16 - TLS Mutual
s_connection: verify depth is 1
Handshake duration: 4126.59 ms
Execution 17 - TLS Mutual
s_connection: verify depth is 1
Handshake duration: 54215.08 ms
Execution 18 - TLS Mutual
s_connection: verify depth is 1
Handshake duration: 30.94 ms
Execution 19 - TLS Mutual
s_connection: verify depth is 1
Handshake duration: 53195.42 ms
Execution 20 - TLS Mutual
s_connection: verify depth is 1
Handshake duration: 3347.68 ms
Execution 21 - TLS Mutual
s_connection: verify depth is 1
Handshake duration: 1697.72 ms
Execution 22 - TLS Mutual
s_connection: verify depth is 1
Handshake duration: 2146.42 ms
Execution 23 - TLS Mutual
s_connection: verify depth is 1
Handshake duration: 1262.57 ms
Execution 24 - TLS Mutual
s_connection: verify depth is 1
Handshake duration: 3104.44 ms
Execution 25 - TLS Mutual
s_connection: verify depth is 1
Handshake duration: 37.80 ms
Execution 26 - TLS Mutual
s_connection: verify depth is 1
Handshake duration: 1294.29 ms
Execution 27 - TLS Mutual
s_connection: verify depth is 1
Handshake duration: 5780.25 ms
Execution 28 - TLS Mutual
s_connection: verify depth is 1
Handshake duration: 35.70 ms
Execution 29 - TLS Mutual
s_connection: verify depth is 1
Handshake duration: 3118.66 ms
Execution 30 - TLS Mutual
s_connection: verify depth is 1
Handshake duration: 274.53 ms
Execution 31 - TLS Mutual
s_connection: verify depth is 1
Handshake duration: 14792.65 ms
Execution 32 - TLS Mutual
s_connection: verify depth is 1
Handshake duration: 1283.72 ms
Execution 33 - TLS Mutual
s_connection: verify depth is 1
Handshake duration: 267.08 ms
Execution 34 - TLS Mutual
s_connection: verify depth is 1
Handshake duration: 3138.48 ms
Execution 35 - TLS Mutual
s_connection: verify depth is 1
Handshake duration: 274.70 ms
Execution 36 - TLS Mutual
s_connection: verify depth is 1
Handshake duration: 1486.30 ms
Execution 37 - TLS Mutual
s_connection: verify depth is 1
Handshake duration: 38.32 ms
Execution 38 - TLS Mutual
s_connection: verify depth is 1
Handshake duration: 1912.98 ms
Execution 39 - TLS Mutual
s_connection: verify depth is 1
Handshake duration: 1084.83 ms
Execution 40 - TLS Mutual
s_connection: verify depth is 1
Handshake duration: 32.21 ms
Execution 41 - TLS Mutual
s_connection: verify depth is 1
Handshake duration: 1717.54 ms
Execution 42 - TLS Mutual
s_connection: verify depth is 1
Handshake duration: 1935.35 ms
Execution 43 - TLS Mutual
s_connection: verify depth is 1
Handshake duration: 35.19 ms
Execution 44 - TLS Mutual
s_connection: verify depth is 1
Handshake duration: 681.85 ms
Execution 45 - TLS Mutual
s_connection: verify depth is 1
Handshake duration: 889.33 ms
Execution 46 - TLS Mutual
s_connection: verify depth is 1
Handshake duration: 1469.33 ms
Execution 47 - TLS Mutual
s_connection: verify depth is 1
Handshake duration: 254.59 ms
Execution 48 - TLS Mutual
s_connection: verify depth is 1
Handshake duration: 455.77 ms
Execution 49 - TLS Mutual
s_connection: verify depth is 1
Handshake duration: 15402.73 ms
Execution 50 - TLS Mutual
s_connection: verify depth is 1
Handshake duration: 3165.48 ms
Execution 51 - TLS Mutual
s_connection: verify depth is 1
Handshake duration: 1490.28 ms
Execution 52 - TLS Mutual
s_connection: verify depth is 1
Handshake duration: 277.40 ms
Execution 53 - TLS Mutual
s_connection: verify depth is 1
Handshake duration: 31.13 ms
Execution 54 - TLS Mutual
s_connection: verify depth is 1
Handshake duration: 1515.43 ms
Execution 55 - TLS Mutual
s_connection: verify depth is 1
Handshake duration: 31.80 ms
Execution 56 - TLS Mutual
s_connection: verify depth is 1
Handshake duration: 31.05 ms
Execution 57 - TLS Mutual
s_connection: verify depth is 1
Handshake duration: 30.36 ms
Execution 58 - TLS Mutual
s_connection: verify depth is 1
Handshake duration: 271.78 ms
Execution 59 - TLS Mutual
s_connection: verify depth is 1
Handshake duration: 1500.47 ms
Execution 60 - TLS Mutual
s_connection: verify depth is 1
Handshake duration: 32.34 ms
Execution 61 - TLS Mutual
s_connection: verify depth is 1
Handshake duration: 30.99 ms
Execution 62 - TLS Mutual
s_connection: verify depth is 1
Handshake duration: 30.97 ms
Execution 63 - TLS Mutual
s_connection: verify depth is 1
Handshake duration: 1539.02 ms
Execution 64 - TLS Mutual
s_connection: verify depth is 1
Handshake duration: 5857.05 ms
Execution 65 - TLS Mutual
s_connection: verify depth is 1
Handshake duration: 1928.06 ms
Execution 66 - TLS Mutual
s_connection: verify depth is 1
Handshake duration: 3769.78 ms
Execution 67 - TLS Mutual
s_connection: verify depth is 1
Handshake duration: 33.00 ms
Execution 68 - TLS Mutual
s_connection: verify depth is 1
Handshake duration: 5205.80 ms
Execution 69 - TLS Mutual
s_connection: verify depth is 1
Handshake duration: 4394.24 ms
Execution 70 - TLS Mutual
s_connection: verify depth is 1
Handshake duration: 33.25 ms
Execution 71 - TLS Mutual
s_connection: verify depth is 1
Handshake duration: 456.32 ms
Execution 72 - TLS Mutual
s_connection: verify depth is 1
Handshake duration: 32.00 ms
Execution 73 - TLS Mutual
s_connection: verify depth is 1
Handshake duration: 5206.13 ms
Execution 74 - TLS Mutual
s_connection: verify depth is 1
Handshake duration: 32.26 ms
Execution 75 - TLS Mutual
s_connection: verify depth is 1
Handshake duration: 1081.15 ms
Execution 76 - TLS Mutual
s_connection: verify depth is 1
Handshake duration: 8337.05 ms
Execution 77 - TLS Mutual
s_connection: verify depth is 1
Handshake duration: 2128.18 ms
Execution 78 - TLS Mutual
s_connection: verify depth is 1
Handshake duration: 32.98 ms
Execution 79 - TLS Mutual
s_connection: verify depth is 1
Handshake duration: 1098.14 ms
Execution 80 - TLS Mutual
s_connection: verify depth is 1
Handshake duration: 1711.07 ms
Execution 81 - TLS Mutual
s_connection: verify depth is 1
Handshake duration: 52747.48 ms
Execution 82 - TLS Mutual
s_connection: verify depth is 1
Handshake duration: 269.24 ms
Execution 83 - TLS Mutual
s_connection: verify depth is 1
Handshake duration: 33.23 ms
Execution 84 - TLS Mutual
s_connection: verify depth is 1
Handshake duration: 1283.09 ms
Execution 85 - TLS Mutual
s_connection: verify depth is 1
Handshake duration: 31.96 ms
Execution 86 - TLS Mutual
s_connection: verify depth is 1
Handshake duration: 3517.04 ms
Execution 87 - TLS Mutual
s_connection: verify depth is 1
Handshake duration: 1290.69 ms
Execution 88 - TLS Mutual
s_connection: verify depth is 1
Handshake duration: 31.83 ms
Execution 89 - TLS Mutual
s_connection: verify depth is 1
Handshake duration: 278.27 ms
Execution 90 - TLS Mutual
s_connection: verify depth is 1
Handshake duration: 7853.84 ms
Execution 91 - TLS Mutual
s_connection: verify depth is 1
Handshake duration: 1080.36 ms
Execution 92 - TLS Mutual
s_connection: verify depth is 1
Handshake duration: 4592.90 ms
Execution 93 - TLS Mutual
s_connection: verify depth is 1
Handshake duration: 1284.05 ms
Execution 94 - TLS Mutual
s_connection: verify depth is 1
Handshake duration: 1914.20 ms
Execution 95 - TLS Mutual
s_connection: verify depth is 1
Handshake duration: 3102.64 ms
Execution 96 - TLS Mutual
s_connection: verify depth is 1
Handshake duration: 36.73 ms
Execution 97 - TLS Mutual
s_connection: verify depth is 1
Handshake duration: 34.33 ms
Execution 98 - TLS Mutual
s_connection: verify depth is 1
Handshake duration: 660.18 ms
Execution 99 - TLS Mutual
s_connection: verify depth is 1
Handshake duration: 1482.03 ms
Execution 100 - TLS Mutual
s_connection: verify depth is 1
Handshake duration: 1492.90 ms
Execution 101 - TLS Mutual
s_connection: verify depth is 1
Handshake duration: 651.55 ms
Execution 102 - TLS Mutual
s_connection: verify depth is 1
Handshake duration: 4411.36 ms
Execution 103 - TLS Mutual
s_connection: verify depth is 1
Handshake duration: 2499.85 ms
Execution 104 - TLS Mutual
s_connection: verify depth is 1
Handshake duration: 2332.43 ms
Execution 105 - TLS Mutual
s_connection: verify depth is 1
Handshake duration: 110841.68 ms
Execution 106 - TLS Mutual
s_connection: verify depth is 1
Handshake duration: 1260.74 ms
Execution 107 - TLS Mutual
s_connection: verify depth is 1
Handshake duration: 857.60 ms
Execution 108 - TLS Mutual
s_connection: verify depth is 1
Handshake duration: 33.14 ms
Execution 109 - TLS Mutual
s_connection: verify depth is 1
Handshake duration: 1656.67 ms
Execution 110 - TLS Mutual
s_connection: verify depth is 1
Handshake duration: 863.73 ms
Execution 111 - TLS Mutual
s_connection: verify depth is 1
Handshake duration: 1706.97 ms
Execution 112 - TLS Mutual
s_connection: verify depth is 1
Handshake duration: 4955.35 ms
Execution 113 - TLS Mutual
s_connection: verify depth is 1
Handshake duration: 1490.57 ms
Execution 114 - TLS Mutual
s_connection: verify depth is 1
Handshake duration: 6235.85 ms
Execution 115 - TLS Mutual
s_connection: verify depth is 1
Handshake duration: 31.63 ms
Execution 116 - TLS Mutual
s_connection: verify depth is 1
Handshake duration: 1103.69 ms
Execution 117 - TLS Mutual
s_connection: verify depth is 1
Handshake duration: 13397.89 ms
Execution 118 - TLS Mutual
s_connection: verify depth is 1
Handshake duration: 31.38 ms
Execution 119 - TLS Mutual
s_connection: verify depth is 1
Handshake duration: 30.54 ms
Execution 120 - TLS Mutual
s_connection: verify depth is 1
Handshake duration: 269.24 ms
Execution 121 - TLS Mutual
s_connection: verify depth is 1
Handshake duration: 35.84 ms
Execution 122 - TLS Mutual
s_connection: verify depth is 1
Handshake duration: 1278.14 ms
Execution 123 - TLS Mutual
s_connection: verify depth is 1
Handshake duration: 32.92 ms
Execution 124 - TLS Mutual
s_connection: verify depth is 1
Handshake duration: 31.92 ms
Execution 125 - TLS Mutual
s_connection: verify depth is 1
Handshake duration: 6809.56 ms
