Handshake timeout budget: 150s (identique TLS/QUIC)
Applying netem rules to lo...
Showing qdisc status for the interface: lo
qdisc netem 8663: root refcnt 2 limit 1000 seed 3089700010247558856
 Sent 0 bytes 0 pkt (dropped 0, overlimits 0 requeues 0) 
 backlog 0b 0p requeues 0
Running ./perftestClientTlsQuic.sh with SIG_ALG=mldsa44 and KEM_ALG=x25519
Execution 1 - TLS Mutual
s_connection: verify depth is 1
Handshake duration: 1093.38 ms
Execution 2 - TLS Mutual
s_connection: verify depth is 1
Handshake duration: 1529.85 ms
Execution 3 - TLS Mutual
s_connection: verify depth is 1
Handshake duration: 55.78 ms
Execution 4 - TLS Mutual
s_connection: verify depth is 1
Handshake duration: 4430.65 ms
Execution 5 - TLS Mutual
s_connection: verify depth is 1
Handshake duration: 49.51 ms
Execution 6 - TLS Mutual
s_connection: verify depth is 1
Handshake duration: 33.94 ms
Execution 7 - TLS Mutual
s_connection: verify depth is 1
Handshake duration: 1142.67 ms
Execution 8 - TLS Mutual
s_connection: verify depth is 1
Handshake duration: 2342.22 ms
Execution 9 - TLS Mutual
s_connection: verify depth is 1
Handshake duration: 1303.04 ms
Execution 10 - TLS Mutual
s_connection: verify depth is 1
Handshake duration: 82.77 ms
Execution 11 - TLS Mutual
s_connection: verify depth is 1
Handshake duration: 5041.69 ms
Execution 12 - TLS Mutual
s_connection: verify depth is 1
Handshake duration: 4877.47 ms
Execution 13 - TLS Mutual
s_connection: verify depth is 1
Handshake duration: 53.80 ms
Execution 14 - TLS Mutual
s_connection: verify depth is 1
Handshake duration: 28609.88 ms
Execution 15 - TLS Mutual
s_connection: verify depth is 1
Handshake duration: 66.81 ms
Execution 16 - TLS Mutual
s_connection: verify depth is 1
Handshake duration: 1972.39 ms
Execution 17 - TLS Mutual
s_connection: verify depth is 1
Handshake duration: 50.44 ms
Execution 18 - TLS Mutual
s_connection: verify depth is 1
Handshake duration: 15505.14 ms
Execution 19 - TLS Mutual
s_connection: verify depth is 1
Handshake duration: 82.39 ms
Execution 20 - TLS Mutual
s_connection: verify depth is 1
Handshake duration: 2778.88 ms
Execution 21 - TLS Mutual
s_connection: verify depth is 1
Handshake duration: 3786.85 ms
Execution 22 - TLS Mutual
s_connection: verify depth is 1
Handshake duration: 1328.20 ms
Execution 23 - TLS Mutual
s_connection: verify depth is 1
Handshake duration: 1710.56 ms
Execution 24 - TLS Mutual
s_connection: verify depth is 1
Handshake duration: 3824.78 ms
Execution 25 - TLS Mutual
s_connection: verify depth is 1
Handshake duration: 83.06 ms
Execution 26 - TLS Mutual
s_connection: verify depth is 1
Handshake duration: 83.24 ms
Execution 27 - TLS Mutual
s_connection: verify depth is 1
Handshake duration: 1137.62 ms
Execution 28 - TLS Mutual
s_connection: verify depth is 1
Handshake duration: 82.91 ms
Execution 29 - TLS Mutual
s_connection: verify depth is 1
Handshake duration: 2138.23 ms
Execution 30 - TLS Mutual
s_connection: verify depth is 1
Handshake duration: 4189.03 ms
Execution 31 - TLS Mutual
s_connection: verify depth is 1
Handshake duration: 55.64 ms
Execution 32 - TLS Mutual
s_connection: verify depth is 1
Handshake duration: 7686.72 ms
Execution 33 - TLS Mutual
s_connection: verify depth is 1
Handshake duration: 53.76 ms
Execution 34 - TLS Mutual
s_connection: verify depth is 1
Handshake duration: 34.76 ms
Execution 35 - TLS Mutual
s_connection: verify depth is 1
Handshake duration: 33.90 ms
Execution 36 - TLS Mutual
s_connection: verify depth is 1
Handshake duration: 34.62 ms
Execution 37 - TLS Mutual
s_connection: verify depth is 1
Handshake duration: 37.65 ms
Execution 38 - TLS Mutual
s_connection: verify depth is 1
Handshake duration: 1086.78 ms
Execution 39 - TLS Mutual
s_connection: verify depth is 1
Handshake duration: 1521.89 ms
Execution 40 - TLS Mutual
s_connection: verify depth is 1
Handshake duration: 5246.72 ms
Execution 41 - TLS Mutual
s_connection: verify depth is 1
Handshake duration: 906.97 ms
Execution 42 - TLS Mutual
s_connection: verify depth is 1
Handshake duration: 289.64 ms
Execution 43 - TLS Mutual
s_connection: verify depth is 1
Handshake duration: 1551.50 ms
Execution 44 - TLS Mutual
s_connection: verify depth is 1
Handshake duration: 82.94 ms
Execution 45 - TLS Mutual
s_connection: verify depth is 1
Handshake duration: 1948.90 ms
Execution 46 - TLS Mutual
s_connection: verify depth is 1
Handshake duration: 2150.09 ms
Execution 47 - TLS Mutual
s_connection: verify depth is 1
Handshake duration: 4238.99 ms
Execution 48 - TLS Mutual
s_connection: verify depth is 1
Handshake duration: 1315.78 ms
Execution 49 - TLS Mutual
s_connection: verify depth is 1
Handshake duration: 83.33 ms
Execution 50 - TLS Mutual
s_connection: verify depth is 1
Handshake duration: 288.98 ms
Execution 51 - TLS Mutual
s_connection: verify depth is 1
Handshake duration: 288.20 ms
Execution 52 - TLS Mutual
s_connection: verify depth is 1
Handshake duration: 76.98 ms
Execution 53 - TLS Mutual
s_connection: verify depth is 1
Handshake duration: 905.89 ms
Execution 54 - TLS Mutual
s_connection: verify depth is 1
Handshake duration: 5221.38 ms
Execution 55 - TLS Mutual
s_connection: verify depth is 1
Handshake duration: 82.60 ms
Execution 56 - TLS Mutual
s_connection: verify depth is 1
Handshake duration: 1737.12 ms
Execution 57 - TLS Mutual
s_connection: verify depth is 1
Handshake duration: NaN ms  (client-side timeout after 150s)
Execution 58 - TLS Mutual
s_connection: verify depth is 1
Handshake duration: 1143.58 ms
Execution 59 - TLS Mutual
s_connection: verify depth is 1
Handshake duration: 13974.03 ms
Execution 60 - TLS Mutual
s_connection: verify depth is 1
Handshake duration: 7510.95 ms
Execution 61 - TLS Mutual
s_connection: verify depth is 1
Handshake duration: 503.40 ms
Execution 62 - TLS Mutual
s_connection: verify depth is 1
Handshake duration: 84.07 ms
Execution 63 - TLS Mutual
s_connection: verify depth is 1
Handshake duration: 82.25 ms
Execution 64 - TLS Mutual
s_connection: verify depth is 1
Handshake duration: 497.90 ms
Execution 65 - TLS Mutual
s_connection: verify depth is 1
Handshake duration: 2153.06 ms
Execution 66 - TLS Mutual
s_connection: verify depth is 1
Handshake duration: 1315.49 ms
Execution 67 - TLS Mutual
s_connection: verify depth is 1
Handshake duration: 1513.01 ms
Execution 68 - TLS Mutual
s_connection: verify depth is 1
Handshake duration: 292.87 ms
Execution 69 - TLS Mutual
s_connection: verify depth is 1
Handshake duration: 1129.98 ms
Execution 70 - TLS Mutual
s_connection: verify depth is 1
Handshake duration: 499.97 ms
Execution 71 - TLS Mutual
s_connection: verify depth is 1
Handshake duration: 1147.02 ms
Execution 72 - TLS Mutual
s_connection: verify depth is 1
Handshake duration: 292.65 ms
Execution 73 - TLS Mutual
s_connection: verify depth is 1
Handshake duration: 2326.86 ms
Execution 74 - TLS Mutual
s_connection: verify depth is 1
Handshake duration: 10629.14 ms
Execution 75 - TLS Mutual
s_connection: verify depth is 1
Handshake duration: 4233.04 ms
Execution 76 - TLS Mutual
s_connection: verify depth is 1
Handshake duration: 714.30 ms
Execution 77 - TLS Mutual
s_connection: verify depth is 1
Handshake duration: 1145.80 ms
Execution 78 - TLS Mutual
s_connection: verify depth is 1
Handshake duration: 3306.82 ms
Execution 79 - TLS Mutual
s_connection: verify depth is 1
Handshake duration: 1494.08 ms
Execution 80 - TLS Mutual
s_connection: verify depth is 1
Handshake duration: 511.31 ms
Execution 81 - TLS Mutual
s_connection: verify depth is 1
Handshake duration: 6438.23 ms
Execution 82 - TLS Mutual
s_connection: verify depth is 1
Handshake duration: 1327.24 ms
Execution 83 - TLS Mutual
s_connection: verify depth is 1
Handshake duration: 696.90 ms
Execution 84 - TLS Mutual
s_connection: verify depth is 1
Handshake duration: 7070.21 ms
Execution 85 - TLS Mutual
s_connection: verify depth is 1
Handshake duration: 59800.55 ms
Execution 86 - TLS Mutual
s_connection: verify depth is 1
Handshake duration: 1113.70 ms
Execution 87 - TLS Mutual
s_connection: verify depth is 1
Handshake duration: 2352.06 ms
Execution 88 - TLS Mutual
s_connection: verify depth is 1
Handshake duration: 5392.15 ms
Execution 89 - TLS Mutual
s_connection: verify depth is 1
Handshake duration: 35.53 ms
Execution 90 - TLS Mutual
s_connection: verify depth is 1
Handshake duration: 1111.58 ms
Execution 91 - TLS Mutual
s_connection: verify depth is 1
Handshake duration: 82.34 ms
Execution 92 - TLS Mutual
s_connection: verify depth is 1
Handshake duration: 501.25 ms
Execution 93 - TLS Mutual
s_connection: verify depth is 1
Handshake duration: 4418.43 ms
Execution 94 - TLS Mutual
s_connection: verify depth is 1
Handshake duration: 696.17 ms
Execution 95 - TLS Mutual
s_connection: verify depth is 1
Handshake duration: 1146.09 ms
Execution 96 - TLS Mutual
s_connection: verify depth is 1
Handshake duration: 4822.32 ms
Execution 97 - TLS Mutual
s_connection: verify depth is 1
Handshake duration: 1935.66 ms
Execution 98 - TLS Mutual
s_connection: verify depth is 1
Handshake duration: 51.99 ms
Execution 99 - TLS Mutual
s_connection: verify depth is 1
Handshake duration: 1500.86 ms
Execution 100 - TLS Mutual
s_connection: verify depth is 1
Handshake duration: 2550.12 ms
Execution 101 - TLS Mutual
s_connection: verify depth is 1
Handshake duration: 292.73 ms
Execution 102 - TLS Mutual
s_connection: verify depth is 1
Handshake duration: 1961.68 ms
Execution 103 - TLS Mutual
s_connection: verify depth is 1
Handshake duration: 3373.56 ms
Execution 104 - TLS Mutual
s_connection: verify depth is 1
Handshake duration: 696.65 ms
Execution 105 - TLS Mutual
s_connection: verify depth is 1
Handshake duration: 14589.39 ms
Execution 106 - TLS Mutual
s_connection: verify depth is 1
Handshake duration: 5806.25 ms
Execution 107 - TLS Mutual
s_connection: verify depth is 1
Handshake duration: 15224.61 ms
Execution 108 - TLS Mutual
s_connection: verify depth is 1
Handshake duration: 6496.83 ms
Execution 109 - TLS Mutual
s_connection: verify depth is 1
Handshake duration: 39703.16 ms
Execution 110 - TLS Mutual
s_connection: verify depth is 1
Handshake duration: 4182.04 ms
Execution 111 - TLS Mutual
s_connection: verify depth is 1
Handshake duration: 1323.42 ms
Execution 112 - TLS Mutual
s_connection: verify depth is 1
Handshake duration: 1522.03 ms
Execution 113 - TLS Mutual
s_connection: verify depth is 1
Handshake duration: 82.71 ms
Execution 114 - TLS Mutual
s_connection: verify depth is 1
Handshake duration: 34.78 ms
Execution 115 - TLS Mutual
s_connection: verify depth is 1
Handshake duration: 493.97 ms
Execution 116 - TLS Mutual
s_connection: verify depth is 1
Handshake duration: 4622.66 ms
Execution 117 - TLS Mutual
s_connection: verify depth is 1
Handshake duration: 55.61 ms
Execution 118 - TLS Mutual
s_connection: verify depth is 1
Handshake duration: 36.93 ms
Execution 119 - TLS Mutual
s_connection: verify depth is 1
Handshake duration: 695.77 ms
Execution 120 - TLS Mutual
s_connection: verify depth is 1
Handshake duration: 2140.53 ms
Execution 121 - TLS Mutual
s_connection: verify depth is 1
Handshake duration: 293.65 ms
Execution 122 - TLS Mutual
s_connection: verify depth is 1
Handshake duration: 82.24 ms
Execution 123 - TLS Mutual
s_connection: verify depth is 1
Handshake duration: 2137.03 ms
Execution 124 - TLS Mutual
s_connection: verify depth is 1
Handshake duration: 1116.34 ms
Execution 125 - TLS Mutual
s_connection: verify depth is 1
Handshake duration: 83.28 ms
