Handshake timeout budget: 150s (identique TLS/QUIC)
Applying netem rules to lo...
Showing qdisc status for the interface: lo
qdisc netem 9ce3: root refcnt 2 limit 1000 seed 8855793748883049584
 Sent 0 bytes 0 pkt (dropped 0, overlimits 0 requeues 0) 
 backlog 0b 0p requeues 0
Running ./perftestClientTlsQuic.sh with SIG_ALG=secp384r1 and KEM_ALG=hqc192
Execution 1 - TLS Mutual
s_connection: verify depth is 1
Handshake duration: 473.64 ms
Execution 2 - TLS Mutual
s_connection: verify depth is 1
Handshake duration: 52.12 ms
Execution 3 - TLS Mutual
s_connection: verify depth is 1
Handshake duration: 48.90 ms
Execution 4 - TLS Mutual
s_connection: verify depth is 1
Handshake duration: 1106.86 ms
Execution 5 - TLS Mutual
s_connection: verify depth is 1
Handshake duration: 4215.51 ms
Execution 6 - TLS Mutual
s_connection: verify depth is 1
Handshake duration: 48.98 ms
Execution 7 - TLS Mutual
s_connection: verify depth is 1
Handshake duration: 1954.51 ms
Execution 8 - TLS Mutual
s_connection: verify depth is 1
Handshake duration: 907.74 ms
Execution 9 - TLS Mutual
s_connection: verify depth is 1
Handshake duration: 292.26 ms
Execution 10 - TLS Mutual
s_connection: verify depth is 1
Handshake duration: 49.44 ms
Execution 11 - TLS Mutual
s_connection: verify depth is 1
Handshake duration: 1532.56 ms
Execution 12 - TLS Mutual
s_connection: verify depth is 1
Handshake duration: 54498.97 ms
Execution 13 - TLS Mutual
s_connection: verify depth is 1
Handshake duration: 49.97 ms
Execution 14 - TLS Mutual
s_connection: verify depth is 1
Handshake duration: 48.97 ms
Execution 15 - TLS Mutual
s_connection: verify depth is 1
Handshake duration: 2978.41 ms
Execution 16 - TLS Mutual
s_connection: verify depth is 1
Handshake duration: 7475.99 ms
Execution 17 - TLS Mutual
s_connection: verify depth is 1
Handshake duration: 292.84 ms
Execution 18 - TLS Mutual
s_connection: verify depth is 1
Handshake duration: 250.47 ms
Execution 19 - TLS Mutual
s_connection: verify depth is 1
Handshake duration: 15115.17 ms
Execution 20 - TLS Mutual
s_connection: verify depth is 1
Handshake duration: 1540.65 ms
Execution 21 - TLS Mutual
s_connection: verify depth is 1
Handshake duration: 1253.01 ms
Execution 22 - TLS Mutual
s_connection: verify depth is 1
Handshake duration: 865.00 ms
Execution 23 - TLS Mutual
s_connection: verify depth is 1
Handshake duration: 2128.70 ms
Execution 24 - TLS Mutual
s_connection: verify depth is 1
Handshake duration: 671.77 ms
Execution 25 - TLS Mutual
s_connection: verify depth is 1
Handshake duration: 6884.54 ms
Execution 26 - TLS Mutual
s_connection: verify depth is 1
Handshake duration: 1092.29 ms
Execution 27 - TLS Mutual
s_connection: verify depth is 1
Handshake duration: 2808.78 ms
Execution 28 - TLS Mutual
s_connection: verify depth is 1
Handshake duration: 1494.34 ms
Execution 29 - TLS Mutual
s_connection: verify depth is 1
Handshake duration: 2127.35 ms
Execution 30 - TLS Mutual
s_connection: verify depth is 1
Handshake duration: 2099.82 ms
Execution 31 - TLS Mutual
s_connection: verify depth is 1
Handshake duration: 1312.78 ms
Execution 32 - TLS Mutual
s_connection: verify depth is 1
Handshake duration: 49.17 ms
Execution 33 - TLS Mutual
s_connection: verify depth is 1
Handshake duration: 1098.00 ms
Execution 34 - TLS Mutual
s_connection: verify depth is 1
Handshake duration: 7674.13 ms
Execution 35 - TLS Mutual
s_connection: verify depth is 1
Handshake duration: 6632.53 ms
Execution 36 - TLS Mutual
s_connection: verify depth is 1
Handshake duration: 3366.11 ms
Execution 37 - TLS Mutual
s_connection: verify depth is 1
Handshake duration: 4018.11 ms
Execution 38 - TLS Mutual
s_connection: verify depth is 1
Handshake duration: 290.52 ms
Execution 39 - TLS Mutual
s_connection: verify depth is 1
Handshake duration: 49.43 ms
Execution 40 - TLS Mutual
s_connection: verify depth is 1
Handshake duration: 289.79 ms
Execution 41 - TLS Mutual
s_connection: verify depth is 1
Handshake duration: 474.14 ms
Execution 42 - TLS Mutual
s_connection: verify depth is 1
Handshake duration: 1933.66 ms
Execution 43 - TLS Mutual
s_connection: verify depth is 1
Handshake duration: 51.17 ms
Execution 44 - TLS Mutual
s_connection: verify depth is 1
Handshake duration: 48.57 ms
Execution 45 - TLS Mutual
s_connection: verify depth is 1
Handshake duration: 462.10 ms
Execution 46 - TLS Mutual
s_connection: verify depth is 1
Handshake duration: 1530.40 ms
Execution 47 - TLS Mutual
s_connection: verify depth is 1
Handshake duration: 54.94 ms
Execution 48 - TLS Mutual
s_connection: verify depth is 1
Handshake duration: 1530.61 ms
Execution 49 - TLS Mutual
s_connection: verify depth is 1
Handshake duration: 51.04 ms
Execution 50 - TLS Mutual
s_connection: verify depth is 1
Handshake duration: 26421.44 ms
Execution 51 - TLS Mutual
s_connection: verify depth is 1
Handshake duration: 50.80 ms
Execution 52 - TLS Mutual
s_connection: verify depth is 1
Handshake duration: 49.35 ms
Execution 53 - TLS Mutual
s_connection: verify depth is 1
Handshake duration: 48.82 ms
Execution 54 - TLS Mutual
s_connection: verify depth is 1
Handshake duration: 2330.57 ms
Execution 55 - TLS Mutual
s_connection: verify depth is 1
Handshake duration: 8781.83 ms
Execution 56 - TLS Mutual
s_connection: verify depth is 1
Handshake duration: 2131.88 ms
Execution 57 - TLS Mutual
s_connection: verify depth is 1
Handshake duration: 862.12 ms
Execution 58 - TLS Mutual
s_connection: verify depth is 1
Handshake duration: 887.09 ms
Execution 59 - TLS Mutual
s_connection: verify depth is 1
Handshake duration: 30003.23 ms
Execution 60 - TLS Mutual
s_connection: verify depth is 1
Handshake duration: 501.51 ms
Execution 61 - TLS Mutual
s_connection: verify depth is 1
Handshake duration: 5389.39 ms
Execution 62 - TLS Mutual
s_connection: verify depth is 1
Handshake duration: 1536.04 ms
Execution 63 - TLS Mutual
s_connection: verify depth is 1
Handshake duration: 1291.56 ms
Execution 64 - TLS Mutual
s_connection: verify depth is 1
Handshake duration: 3789.48 ms
Execution 65 - TLS Mutual
s_connection: verify depth is 1
Handshake duration: 1944.33 ms
Execution 66 - TLS Mutual
s_connection: verify depth is 1
Handshake duration: 500.42 ms
Execution 67 - TLS Mutual
s_connection: verify depth is 1
Handshake duration: 696.77 ms
Execution 68 - TLS Mutual
s_connection: verify depth is 1
Handshake duration: 26527.21 ms
Execution 69 - TLS Mutual
s_connection: verify depth is 1
Handshake duration: 1092.92 ms
Execution 70 - TLS Mutual
s_connection: verify depth is 1
Handshake duration: 50.87 ms
Execution 71 - TLS Mutual
s_connection: verify depth is 1
Handshake duration: 49.22 ms
Execution 72 - TLS Mutual
s_connection: verify depth is 1
Handshake duration: 13511.31 ms
Execution 73 - TLS Mutual
s_connection: verify depth is 1
Handshake duration: 53.16 ms
Execution 74 - TLS Mutual
s_connection: verify depth is 1
Handshake duration: 48.72 ms
Execution 75 - TLS Mutual
s_connection: verify depth is 1
Handshake duration: 49.89 ms
Execution 76 - TLS Mutual
s_connection: verify depth is 1
Handshake duration: 10193.07 ms
Execution 77 - TLS Mutual
s_connection: verify depth is 1
Handshake duration: 4803.45 ms
Execution 78 - TLS Mutual
s_connection: verify depth is 1
Handshake duration: 1497.00 ms
Execution 79 - TLS Mutual
s_connection: verify depth is 1
Handshake duration: 54.75 ms
Execution 80 - TLS Mutual
s_connection: verify depth is 1
Handshake duration: 257.70 ms
Execution 81 - TLS Mutual
s_connection: verify depth is 1
Handshake duration: 2788.26 ms
Execution 82 - TLS Mutual
s_connection: verify depth is 1
Handshake duration: 2531.09 ms
Execution 83 - TLS Mutual
s_connection: verify depth is 1
Handshake duration: 3156.97 ms
Execution 84 - TLS Mutual
s_connection: verify depth is 1
Handshake duration: 20417.52 ms
Execution 85 - TLS Mutual
s_connection: verify depth is 1
Handshake duration: 1538.45 ms
Execution 86 - TLS Mutual
s_connection: verify depth is 1
Handshake duration: 53.08 ms
Execution 87 - TLS Mutual
s_connection: verify depth is 1
Handshake duration: 1300.47 ms
Execution 88 - TLS Mutual
s_connection: verify depth is 1
Handshake duration: 3823.69 ms
Execution 89 - TLS Mutual
s_connection: verify depth is 1
Handshake duration: 49.04 ms
Execution 90 - TLS Mutual
s_connection: verify depth is 1
Handshake duration: 2920.11 ms
Execution 91 - TLS Mutual
s_connection: verify depth is 1
Handshake duration: 882.62 ms
Execution 92 - TLS Mutual
s_connection: verify depth is 1
Handshake duration: 2101.41 ms
Execution 93 - TLS Mutual
s_connection: verify depth is 1
Handshake duration: 254.28 ms
Execution 94 - TLS Mutual
s_connection: verify depth is 1
Handshake duration: 5045.05 ms
Execution 95 - TLS Mutual
s_connection: verify depth is 1
Handshake duration: 3205.61 ms
Execution 96 - TLS Mutual
s_connection: verify depth is 1
Handshake duration: 503.78 ms
Execution 97 - TLS Mutual
s_connection: verify depth is 1
Handshake duration: 293.01 ms
Execution 98 - TLS Mutual
s_connection: verify depth is 1
Handshake duration: 253.51 ms
Execution 99 - TLS Mutual
s_connection: verify depth is 1
Handshake duration: 1710.20 ms
Execution 100 - TLS Mutual
s_connection: verify depth is 1
Handshake duration: 54.10 ms
Execution 101 - TLS Mutual
s_connection: verify depth is 1
Handshake duration: 48.99 ms
Execution 102 - TLS Mutual
s_connection: verify depth is 1
Handshake duration: 1566.27 ms
Execution 103 - TLS Mutual
s_connection: verify depth is 1
Handshake duration: 3147.24 ms
Execution 104 - TLS Mutual
s_connection: verify depth is 1
Handshake duration: 13133.81 ms
Execution 105 - TLS Mutual
s_connection: verify depth is 1
Handshake duration: 2741.52 ms
Execution 106 - TLS Mutual
s_connection: verify depth is 1
Handshake duration: 14312.34 ms
Execution 107 - TLS Mutual
s_connection: verify depth is 1
Handshake duration: 674.34 ms
Execution 108 - TLS Mutual
s_connection: verify depth is 1
Handshake duration: NaN ms  (client-side timeout after 150s)
Execution 109 - TLS Mutual
s_connection: verify depth is 1
Handshake duration: 54416.35 ms
Execution 110 - TLS Mutual
s_connection: verify depth is 1
Handshake duration: 52702.69 ms
Execution 111 - TLS Mutual
s_connection: verify depth is 1
Handshake duration: 50.91 ms
Execution 112 - TLS Mutual
s_connection: verify depth is 1
Handshake duration: 1097.49 ms
Execution 113 - TLS Mutual
s_connection: verify depth is 1
Handshake duration: 7639.22 ms
Execution 114 - TLS Mutual
s_connection: verify depth is 1
Handshake duration: 53.35 ms
Execution 115 - TLS Mutual
s_connection: verify depth is 1
Handshake duration: 48.61 ms
Execution 116 - TLS Mutual
s_connection: verify depth is 1
Handshake duration: 2560.03 ms
Execution 117 - TLS Mutual
s_connection: verify depth is 1
Handshake duration: 7027.63 ms
Execution 118 - TLS Mutual
s_connection: verify depth is 1
Handshake duration: 291.22 ms
Execution 119 - TLS Mutual
s_connection: verify depth is 1
Handshake duration: 1356.68 ms
Execution 120 - TLS Mutual
s_connection: verify depth is 1
Handshake duration: 10217.93 ms
Execution 121 - TLS Mutual
s_connection: verify depth is 1
Handshake duration: 55.21 ms
Execution 122 - TLS Mutual
s_connection: verify depth is 1
Handshake duration: 1523.61 ms
Execution 123 - TLS Mutual
s_connection: verify depth is 1
Handshake duration: 5660.11 ms
Execution 124 - TLS Mutual
s_connection: verify depth is 1
Handshake duration: 255.63 ms
Execution 125 - TLS Mutual
s_connection: verify depth is 1
Handshake duration: 295.17 ms
