Handshake timeout budget: 150s (identique TLS/QUIC)
Applying netem rules to lo...
Showing qdisc status for the interface: lo
qdisc netem 8fae: root refcnt 2 limit 1000 seed 15950273734864128020
 Sent 0 bytes 0 pkt (dropped 0, overlimits 0 requeues 0) 
 backlog 0b 0p requeues 0
Running ./perftestClientTlsQuic.sh with SIG_ALG=mldsa87 and KEM_ALG=mlkem1024
Execution 1 - TLS Mutual
s_connection: verify depth is 1
Handshake duration: 1335.52 ms
Execution 2 - TLS Mutual
s_connection: verify depth is 1
Handshake duration: 286.58 ms
Execution 3 - TLS Mutual
s_connection: verify depth is 1
Handshake duration: 27947.68 ms
Execution 4 - TLS Mutual
s_connection: verify depth is 1
Handshake duration: 2337.70 ms
Execution 5 - TLS Mutual
s_connection: verify depth is 1
Handshake duration: 45.78 ms
Execution 6 - TLS Mutual
s_connection: verify depth is 1
Handshake duration: 2953.13 ms
Execution 7 - TLS Mutual
s_connection: verify depth is 1
Handshake duration: 46.05 ms
Execution 8 - TLS Mutual
s_connection: verify depth is 1
Handshake duration: 287.62 ms
Execution 9 - TLS Mutual
s_connection: verify depth is 1
Handshake duration: 45.05 ms
Execution 10 - TLS Mutual
s_connection: verify depth is 1
Handshake duration: 468.72 ms
Execution 11 - TLS Mutual
s_connection: verify depth is 1
Handshake duration: 16751.52 ms
Execution 12 - TLS Mutual
s_connection: verify depth is 1
Handshake duration: 17392.51 ms
Execution 13 - TLS Mutual
s_connection: verify depth is 1
Handshake duration: 4201.12 ms
Execution 14 - TLS Mutual
s_connection: verify depth is 1
Handshake duration: 48.00 ms
Execution 15 - TLS Mutual
s_connection: verify depth is 1
Handshake duration: 2735.75 ms
Execution 16 - TLS Mutual
s_connection: verify depth is 1
Handshake duration: 2333.43 ms
Execution 17 - TLS Mutual
s_connection: verify depth is 1
Handshake duration: 1121.21 ms
Execution 18 - TLS Mutual
s_connection: verify depth is 1
Handshake duration: 2914.75 ms
Execution 19 - TLS Mutual
s_connection: verify depth is 1
Handshake duration: 108433.15 ms
Execution 20 - TLS Mutual
s_connection: verify depth is 1
Handshake duration: 285.45 ms
Execution 21 - TLS Mutual
s_connection: verify depth is 1
Handshake duration: 468.31 ms
Execution 22 - TLS Mutual
s_connection: verify depth is 1
Handshake duration: 2729.73 ms
Execution 23 - TLS Mutual
s_connection: verify depth is 1
Handshake duration: 6300.19 ms
Execution 24 - TLS Mutual
s_connection: verify depth is 1
Handshake duration: 51.30 ms
Execution 25 - TLS Mutual
s_connection: verify depth is 1
Handshake duration: 278.62 ms
Execution 26 - TLS Mutual
s_connection: verify depth is 1
Handshake duration: 44.84 ms
Execution 27 - TLS Mutual
s_connection: verify depth is 1
Handshake duration: 1710.63 ms
Execution 28 - TLS Mutual
s_connection: verify depth is 1
Handshake duration: 4477.79 ms
Execution 29 - TLS Mutual
s_connection: verify depth is 1
Handshake duration: 2565.36 ms
Execution 30 - TLS Mutual
s_connection: verify depth is 1
Handshake duration: 3352.55 ms
Execution 31 - TLS Mutual
s_connection: verify depth is 1
Handshake duration: 472.81 ms
Execution 32 - TLS Mutual
s_connection: verify depth is 1
Handshake duration: 8865.69 ms
Execution 33 - TLS Mutual
s_connection: verify depth is 1
Handshake duration: 46.26 ms
Execution 34 - TLS Mutual
s_connection: verify depth is 1
Handshake duration: 2513.55 ms
Execution 35 - TLS Mutual
s_connection: verify depth is 1
Handshake duration: 1888.27 ms
Execution 36 - TLS Mutual
s_connection: verify depth is 1
Handshake duration: 285.30 ms
Execution 37 - TLS Mutual
s_connection: verify depth is 1
Handshake duration: 2132.41 ms
Execution 38 - TLS Mutual
s_connection: verify depth is 1
Handshake duration: 10802.10 ms
Execution 39 - TLS Mutual
s_connection: verify depth is 1
Handshake duration: 278.94 ms
Execution 40 - TLS Mutual
s_connection: verify depth is 1
Handshake duration: 4621.34 ms
Execution 41 - TLS Mutual
s_connection: verify depth is 1
Handshake duration: 486.12 ms
Execution 42 - TLS Mutual
s_connection: verify depth is 1
Handshake duration: 879.20 ms
Execution 43 - TLS Mutual
s_connection: verify depth is 1
Handshake duration: 1939.29 ms
Execution 44 - TLS Mutual
s_connection: verify depth is 1
Handshake duration: 4550.46 ms
Execution 45 - TLS Mutual
s_connection: verify depth is 1
Handshake duration: 3613.76 ms
Execution 46 - TLS Mutual
s_connection: verify depth is 1
Handshake duration: 902.98 ms
Execution 47 - TLS Mutual
s_connection: verify depth is 1
Handshake duration: 285.95 ms
Execution 48 - TLS Mutual
s_connection: verify depth is 1
Handshake duration: 1273.13 ms
Execution 49 - TLS Mutual
s_connection: verify depth is 1
Handshake duration: 1940.63 ms
Execution 50 - TLS Mutual
s_connection: verify depth is 1
Handshake duration: 901.17 ms
Execution 51 - TLS Mutual
s_connection: verify depth is 1
Handshake duration: 46.85 ms
Execution 52 - TLS Mutual
s_connection: verify depth is 1
Handshake duration: 19689.24 ms
Execution 53 - TLS Mutual
s_connection: verify depth is 1
Handshake duration: 892.89 ms
Execution 54 - TLS Mutual
s_connection: verify depth is 1
Handshake duration: 1283.88 ms
Execution 55 - TLS Mutual
s_connection: verify depth is 1
Handshake duration: 1734.26 ms
Execution 56 - TLS Mutual
s_connection: verify depth is 1
Handshake duration: 4824.91 ms
Execution 57 - TLS Mutual
s_connection: verify depth is 1
Handshake duration: 45.62 ms
Execution 58 - TLS Mutual
s_connection: verify depth is 1
Handshake duration: 1274.99 ms
Execution 59 - TLS Mutual
s_connection: verify depth is 1
Handshake duration: 26717.39 ms
Execution 60 - TLS Mutual
s_connection: verify depth is 1
Handshake duration: 19779.22 ms
Execution 61 - TLS Mutual
s_connection: verify depth is 1
Handshake duration: 4163.84 ms
Execution 62 - TLS Mutual
s_connection: verify depth is 1
Handshake duration: 10132.15 ms
Execution 63 - TLS Mutual
s_connection: verify depth is 1
Handshake duration: 45.56 ms
Execution 64 - TLS Mutual
s_connection: verify depth is 1
Handshake duration: 2345.90 ms
Execution 65 - TLS Mutual
s_connection: verify depth is 1
Handshake duration: 281.24 ms
Execution 66 - TLS Mutual
s_connection: verify depth is 1
Handshake duration: 1124.68 ms
Execution 67 - TLS Mutual
s_connection: verify depth is 1
Handshake duration: 25901.90 ms
Execution 68 - TLS Mutual
s_connection: verify depth is 1
Handshake duration: 464.78 ms
Execution 69 - TLS Mutual
s_connection: verify depth is 1
Handshake duration: 1319.94 ms
Execution 70 - TLS Mutual
s_connection: verify depth is 1
Handshake duration: 3568.17 ms
Execution 71 - TLS Mutual
s_connection: verify depth is 1
Handshake duration: 8732.48 ms
Execution 72 - TLS Mutual
s_connection: verify depth is 1
Handshake duration: 908.01 ms
Execution 73 - TLS Mutual
s_connection: verify depth is 1
Handshake duration: 4217.66 ms
Execution 74 - TLS Mutual
s_connection: verify depth is 1
Handshake duration: 4614.46 ms
Execution 75 - TLS Mutual
s_connection: verify depth is 1
Handshake duration: 43.51 ms
Execution 76 - TLS Mutual
s_connection: verify depth is 1
Handshake duration: 1493.78 ms
Execution 77 - TLS Mutual
s_connection: verify depth is 1
Handshake duration: 15092.32 ms
Execution 78 - TLS Mutual
s_connection: verify depth is 1
Handshake duration: 1715.76 ms
Execution 79 - TLS Mutual
s_connection: verify depth is 1
Handshake duration: 283.39 ms
Execution 80 - TLS Mutual
s_connection: verify depth is 1
Handshake duration: 45.13 ms
Execution 81 - TLS Mutual
s_connection: verify depth is 1
Handshake duration: 284.09 ms
Execution 82 - TLS Mutual
s_connection: verify depth is 1
Handshake duration: 14510.12 ms
Execution 83 - TLS Mutual
s_connection: verify depth is 1
Handshake duration: 465.25 ms
Execution 84 - TLS Mutual
s_connection: verify depth is 1
Handshake duration: 44.45 ms
Execution 85 - TLS Mutual
s_connection: verify depth is 1
Handshake duration: 10482.86 ms
Execution 86 - TLS Mutual
s_connection: verify depth is 1
Handshake duration: 1971.17 ms
Execution 87 - TLS Mutual
s_connection: verify depth is 1
Handshake duration: 1323.96 ms
Execution 88 - TLS Mutual
s_connection: verify depth is 1
Handshake duration: 44.61 ms
Execution 89 - TLS Mutual
s_connection: verify depth is 1
Handshake duration: 1084.77 ms
Execution 90 - TLS Mutual
s_connection: verify depth is 1
Handshake duration: 6432.76 ms
Execution 91 - TLS Mutual
s_connection: verify depth is 1
Handshake duration: 1493.53 ms
Execution 92 - TLS Mutual
s_connection: verify depth is 1
Handshake duration: 29780.41 ms
Execution 93 - TLS Mutual
s_connection: verify depth is 1
Handshake duration: 53548.35 ms
Execution 94 - TLS Mutual
s_connection: verify depth is 1
Handshake duration: 45.49 ms
Execution 95 - TLS Mutual
s_connection: verify depth is 1
Handshake duration: 6917.67 ms
Execution 96 - TLS Mutual
s_connection: verify depth is 1
Handshake duration: 46.08 ms
Execution 97 - TLS Mutual
s_connection: verify depth is 1
Handshake duration: 876.79 ms
Execution 98 - TLS Mutual
s_connection: verify depth is 1
Handshake duration: 1086.14 ms
Execution 99 - TLS Mutual
s_connection: verify depth is 1
Handshake duration: 1698.60 ms
Execution 100 - TLS Mutual
s_connection: verify depth is 1
Handshake duration: 899.41 ms
Execution 101 - TLS Mutual
s_connection: verify depth is 1
Handshake duration: 11462.82 ms
Execution 102 - TLS Mutual
s_connection: verify depth is 1
Handshake duration: 1305.67 ms
Execution 103 - TLS Mutual
s_connection: verify depth is 1
Handshake duration: 44.42 ms
Execution 104 - TLS Mutual
s_connection: verify depth is 1
Handshake duration: 28140.29 ms
Execution 105 - TLS Mutual
s_connection: verify depth is 1
Handshake duration: 43.59 ms
Execution 106 - TLS Mutual
s_connection: verify depth is 1
Handshake duration: 4462.35 ms
Execution 107 - TLS Mutual
s_connection: verify depth is 1
Handshake duration: 3395.31 ms
Execution 108 - TLS Mutual
s_connection: verify depth is 1
Handshake duration: 43.73 ms
Execution 109 - TLS Mutual
s_connection: verify depth is 1
Handshake duration: 1139.33 ms
Execution 110 - TLS Mutual
s_connection: verify depth is 1
Handshake duration: 257.42 ms
Execution 111 - TLS Mutual
s_connection: verify depth is 1
Handshake duration: 52298.78 ms
Execution 112 - TLS Mutual
s_connection: verify depth is 1
Handshake duration: 468.64 ms
Execution 113 - TLS Mutual
s_connection: verify depth is 1
Handshake duration: 466.10 ms
Execution 114 - TLS Mutual
s_connection: verify depth is 1
Handshake duration: 13490.67 ms
Execution 115 - TLS Mutual
s_connection: verify depth is 1
Handshake duration: 897.91 ms
Execution 116 - TLS Mutual
s_connection: verify depth is 1
Handshake duration: 1701.39 ms
Execution 117 - TLS Mutual
s_connection: verify depth is 1
Handshake duration: 466.77 ms
Execution 118 - TLS Mutual
s_connection: verify depth is 1
Handshake duration: 2142.62 ms
Execution 119 - TLS Mutual
s_connection: verify depth is 1
Handshake duration: 1489.84 ms
Execution 120 - TLS Mutual
s_connection: verify depth is 1
Handshake duration: 5042.69 ms
Execution 121 - TLS Mutual
s_connection: verify depth is 1
Handshake duration: 1739.68 ms
Execution 122 - TLS Mutual
s_connection: verify depth is 1
Handshake duration: 1739.73 ms
Execution 123 - TLS Mutual
s_connection: verify depth is 1
Handshake duration: 44.60 ms
Execution 124 - TLS Mutual
s_connection: verify depth is 1
Handshake duration: 1067.48 ms
Execution 125 - TLS Mutual
s_connection: verify depth is 1
Handshake duration: 7279.10 ms
