Handshake timeout budget: 150s (identique TLS/QUIC)
Applying netem rules to lo...
Showing qdisc status for the interface: lo
qdisc netem 958a: root refcnt 2 limit 1000 seed 15327250779277399396
 Sent 0 bytes 0 pkt (dropped 0, overlimits 0 requeues 0) 
 backlog 0b 0p requeues 0
Running ./perftestClientTlsQuic.sh with SIG_ALG=mldsa65 and KEM_ALG=x448
Execution 1 - TLS Mutual
s_connection: verify depth is 1
Handshake duration: 1725.25 ms
Execution 2 - TLS Mutual
s_connection: verify depth is 1
Handshake duration: 14330.24 ms
Execution 3 - TLS Mutual
s_connection: verify depth is 1
Handshake duration: 2548.92 ms
Execution 4 - TLS Mutual
s_connection: verify depth is 1
Handshake duration: 29.78 ms
Execution 5 - TLS Mutual
s_connection: verify depth is 1
Handshake duration: 450.05 ms
Execution 6 - TLS Mutual
s_connection: verify depth is 1
Handshake duration: 30.15 ms
Execution 7 - TLS Mutual
s_connection: verify depth is 1
Handshake duration: 1491.55 ms
Execution 8 - TLS Mutual
s_connection: verify depth is 1
Handshake duration: 30.15 ms
Execution 9 - TLS Mutual
s_connection: verify depth is 1
Handshake duration: 106311.28 ms
Execution 10 - TLS Mutual
s_connection: verify depth is 1
Handshake duration: 29.34 ms
Execution 11 - TLS Mutual
s_connection: verify depth is 1
Handshake duration: 28.43 ms
Execution 12 - TLS Mutual
s_connection: verify depth is 1
Handshake duration: 1246.49 ms
Execution 13 - TLS Mutual
s_connection: verify depth is 1
Handshake duration: 1684.27 ms
Execution 14 - TLS Mutual
s_connection: verify depth is 1
Handshake duration: 3329.35 ms
Execution 15 - TLS Mutual
s_connection: verify depth is 1
Handshake duration: 31.34 ms
Execution 16 - TLS Mutual
s_connection: verify depth is 1
Handshake duration: 1313.05 ms
Execution 17 - TLS Mutual
s_connection: verify depth is 1
Handshake duration: 867.09 ms
Execution 18 - TLS Mutual
s_connection: verify depth is 1
Handshake duration: 3370.32 ms
Execution 19 - TLS Mutual
s_connection: verify depth is 1
Handshake duration: 269.81 ms
Execution 20 - TLS Mutual
s_connection: verify depth is 1
Handshake duration: 266.63 ms
Execution 21 - TLS Mutual
s_connection: verify depth is 1
Handshake duration: 1273.79 ms
Execution 22 - TLS Mutual
s_connection: verify depth is 1
Handshake duration: 33.61 ms
Execution 23 - TLS Mutual
s_connection: verify depth is 1
Handshake duration: 34.25 ms
Execution 24 - TLS Mutual
s_connection: verify depth is 1
Handshake duration: 447.36 ms
Execution 25 - TLS Mutual
s_connection: verify depth is 1
Handshake duration: 2061.29 ms
Execution 26 - TLS Mutual
s_connection: verify depth is 1
Handshake duration: 30.52 ms
Execution 27 - TLS Mutual
s_connection: verify depth is 1
Handshake duration: 3366.73 ms
Execution 28 - TLS Mutual
s_connection: verify depth is 1
Handshake duration: 473.81 ms
Execution 29 - TLS Mutual
s_connection: verify depth is 1
Handshake duration: 30.45 ms
Execution 30 - TLS Mutual
s_connection: verify depth is 1
Handshake duration: 14629.99 ms
Execution 31 - TLS Mutual
s_connection: verify depth is 1
Handshake duration: 449.48 ms
Execution 32 - TLS Mutual
s_connection: verify depth is 1
Handshake duration: 3355.11 ms
Execution 33 - TLS Mutual
s_connection: verify depth is 1
Handshake duration: 1091.66 ms
Execution 34 - TLS Mutual
s_connection: verify depth is 1
Handshake duration: 2899.36 ms
Execution 35 - TLS Mutual
s_connection: verify depth is 1
Handshake duration: 31.34 ms
Execution 36 - TLS Mutual
s_connection: verify depth is 1
Handshake duration: 448.24 ms
Execution 37 - TLS Mutual
s_connection: verify depth is 1
Handshake duration: 3347.96 ms
Execution 38 - TLS Mutual
s_connection: verify depth is 1
Handshake duration: 8090.77 ms
Execution 39 - TLS Mutual
s_connection: verify depth is 1
Handshake duration: 3146.24 ms
Execution 40 - TLS Mutual
s_connection: verify depth is 1
Handshake duration: 1282.75 ms
Execution 41 - TLS Mutual
s_connection: verify depth is 1
Handshake duration: 682.52 ms
Execution 42 - TLS Mutual
s_connection: verify depth is 1
Handshake duration: 3349.26 ms
Execution 43 - TLS Mutual
s_connection: verify depth is 1
Handshake duration: 270.48 ms
Execution 44 - TLS Mutual
s_connection: verify depth is 1
Handshake duration: 272.35 ms
Execution 45 - TLS Mutual
s_connection: verify depth is 1
Handshake duration: 30.16 ms
Execution 46 - TLS Mutual
s_connection: verify depth is 1
Handshake duration: 1277.68 ms
Execution 47 - TLS Mutual
s_connection: verify depth is 1
Handshake duration: 4443.72 ms
Execution 48 - TLS Mutual
s_connection: verify depth is 1
Handshake duration: 274.79 ms
Execution 49 - TLS Mutual
s_connection: verify depth is 1
Handshake duration: 1094.10 ms
Execution 50 - TLS Mutual
s_connection: verify depth is 1
Handshake duration: 31.80 ms
Execution 51 - TLS Mutual
s_connection: verify depth is 1
Handshake duration: 452.04 ms
Execution 52 - TLS Mutual
s_connection: verify depth is 1
Handshake duration: 2724.40 ms
Execution 53 - TLS Mutual
s_connection: verify depth is 1
Handshake duration: 105629.63 ms
Execution 54 - TLS Mutual
s_connection: verify depth is 1
Handshake duration: 446.41 ms
Execution 55 - TLS Mutual
s_connection: verify depth is 1
Handshake duration: 30.15 ms
Execution 56 - TLS Mutual
s_connection: verify depth is 1
Handshake duration: 2297.24 ms
Execution 57 - TLS Mutual
s_connection: verify depth is 1
Handshake duration: 454.01 ms
Execution 58 - TLS Mutual
s_connection: verify depth is 1
Handshake duration: 30.48 ms
Execution 59 - TLS Mutual
s_connection: verify depth is 1
Handshake duration: 1505.25 ms
Execution 60 - TLS Mutual
s_connection: verify depth is 1
Handshake duration: 14994.91 ms
Execution 61 - TLS Mutual
s_connection: verify depth is 1
Handshake duration: 1252.09 ms
Execution 62 - TLS Mutual
s_connection: verify depth is 1
Handshake duration: 1266.74 ms
Execution 63 - TLS Mutual
s_connection: verify depth is 1
Handshake duration: 2122.86 ms
Execution 64 - TLS Mutual
s_connection: verify depth is 1
Handshake duration: 6019.28 ms
Execution 65 - TLS Mutual
s_connection: verify depth is 1
Handshake duration: 475.87 ms
Execution 66 - TLS Mutual
s_connection: verify depth is 1
Handshake duration: 269.33 ms
Execution 67 - TLS Mutual
s_connection: verify depth is 1
Handshake duration: 2113.93 ms
Execution 68 - TLS Mutual
s_connection: verify depth is 1
Handshake duration: 1285.34 ms
Execution 69 - TLS Mutual
s_connection: verify depth is 1
Handshake duration: 31.34 ms
Execution 70 - TLS Mutual
s_connection: verify depth is 1
Handshake duration: 1079.47 ms
Execution 71 - TLS Mutual
s_connection: verify depth is 1
Handshake duration: 269.28 ms
Execution 72 - TLS Mutual
s_connection: verify depth is 1
Handshake duration: 29.05 ms
Execution 73 - TLS Mutual
s_connection: verify depth is 1
Handshake duration: 1713.41 ms
Execution 74 - TLS Mutual
s_connection: verify depth is 1
Handshake duration: 29.29 ms
Execution 75 - TLS Mutual
s_connection: verify depth is 1
Handshake duration: 3380.26 ms
Execution 76 - TLS Mutual
s_connection: verify depth is 1
Handshake duration: 7226.90 ms
Execution 77 - TLS Mutual
s_connection: verify depth is 1
Handshake duration: 1704.76 ms
Execution 78 - TLS Mutual
s_connection: verify depth is 1
Handshake duration: 1099.71 ms
Execution 79 - TLS Mutual
s_connection: verify depth is 1
Handshake duration: 4976.30 ms
Execution 80 - TLS Mutual
s_connection: verify depth is 1
Handshake duration: 3137.76 ms
Execution 81 - TLS Mutual
s_connection: verify depth is 1
Handshake duration: 31.90 ms
Execution 82 - TLS Mutual
s_connection: verify depth is 1
Handshake duration: 269.71 ms
Execution 83 - TLS Mutual
s_connection: verify depth is 1
Handshake duration: 29.73 ms
Execution 84 - TLS Mutual
s_connection: verify depth is 1
Handshake duration: 28.43 ms
Execution 85 - TLS Mutual
s_connection: verify depth is 1
Handshake duration: 1043.96 ms
Execution 86 - TLS Mutual
s_connection: verify depth is 1
Handshake duration: 452.87 ms
Execution 87 - TLS Mutual
s_connection: verify depth is 1
Handshake duration: 31.76 ms
Execution 88 - TLS Mutual
s_connection: verify depth is 1
Handshake duration: 29.24 ms
Execution 89 - TLS Mutual
s_connection: verify depth is 1
Handshake duration: 28.93 ms
Execution 90 - TLS Mutual
s_connection: verify depth is 1
Handshake duration: 1059.42 ms
Execution 91 - TLS Mutual
s_connection: verify depth is 1
Handshake duration: 2536.63 ms
Execution 92 - TLS Mutual
s_connection: verify depth is 1
Handshake duration: 452.58 ms
Execution 93 - TLS Mutual
s_connection: verify depth is 1
Handshake duration: 1523.99 ms
Execution 94 - TLS Mutual
s_connection: verify depth is 1
Handshake duration: 31.32 ms
Execution 95 - TLS Mutual
s_connection: verify depth is 1
Handshake duration: 263.15 ms
Execution 96 - TLS Mutual
s_connection: verify depth is 1
Handshake duration: 13293.07 ms
Execution 97 - TLS Mutual
s_connection: verify depth is 1
Handshake duration: 30.66 ms
Execution 98 - TLS Mutual
s_connection: verify depth is 1
Handshake duration: 29.43 ms
Execution 99 - TLS Mutual
s_connection: verify depth is 1
Handshake duration: 58719.07 ms
Execution 100 - TLS Mutual
s_connection: verify depth is 1
Handshake duration: 2954.76 ms
Execution 101 - TLS Mutual
s_connection: verify depth is 1
Handshake duration: 476.24 ms
Execution 102 - TLS Mutual
s_connection: verify depth is 1
Handshake duration: 1701.11 ms
Execution 103 - TLS Mutual
s_connection: verify depth is 1
Handshake duration: 1924.03 ms
Execution 104 - TLS Mutual
s_connection: verify depth is 1
Handshake duration: 281.27 ms
Execution 105 - TLS Mutual
s_connection: verify depth is 1
Handshake duration: 5004.61 ms
Execution 106 - TLS Mutual
s_connection: verify depth is 1
Handshake duration: 31.70 ms
Execution 107 - TLS Mutual
s_connection: verify depth is 1
Handshake duration: 3360.36 ms
Execution 108 - TLS Mutual
s_connection: verify depth is 1
Handshake duration: 266.87 ms
Execution 109 - TLS Mutual
s_connection: verify depth is 1
Handshake duration: 4229.44 ms
Execution 110 - TLS Mutual
s_connection: verify depth is 1
Handshake duration: 651.34 ms
Execution 111 - TLS Mutual
s_connection: verify depth is 1
Handshake duration: 7003.55 ms
Execution 112 - TLS Mutual
s_connection: verify depth is 1
Handshake duration: 1457.87 ms
Execution 113 - TLS Mutual
s_connection: verify depth is 1
Handshake duration: 30.45 ms
Execution 114 - TLS Mutual
s_connection: verify depth is 1
Handshake duration: 54411.20 ms
Execution 115 - TLS Mutual
s_connection: verify depth is 1
Handshake duration: 472.16 ms
Execution 116 - TLS Mutual
s_connection: verify depth is 1
Handshake duration: 1043.07 ms
Execution 117 - TLS Mutual
s_connection: verify depth is 1
Handshake duration: 30.90 ms
Execution 118 - TLS Mutual
s_connection: verify depth is 1
Handshake duration: 270.14 ms
Execution 119 - TLS Mutual
s_connection: verify depth is 1
Handshake duration: 1913.04 ms
Execution 120 - TLS Mutual
s_connection: verify depth is 1
Handshake duration: 273.67 ms
Execution 121 - TLS Mutual
s_connection: verify depth is 1
Handshake duration: 28.79 ms
Execution 122 - TLS Mutual
s_connection: verify depth is 1
Handshake duration: 1881.41 ms
Execution 123 - TLS Mutual
s_connection: verify depth is 1
Handshake duration: 268.42 ms
Execution 124 - TLS Mutual
s_connection: verify depth is 1
Handshake duration: 30.05 ms
Execution 125 - TLS Mutual
s_connection: verify depth is 1
Handshake duration: 266.79 ms
