Handshake timeout budget: 150s (identique TLS/QUIC)
Applying netem rules to lo...
Showing qdisc status for the interface: lo
qdisc netem 9596: root refcnt 2 limit 1000 seed 14125672153647677894
 Sent 0 bytes 0 pkt (dropped 0, overlimits 0 requeues 0) 
 backlog 0b 0p requeues 0
Running ./perftestClientTlsQuic.sh with SIG_ALG=mldsa44 and KEM_ALG=p256_mlkem512
Execution 1 - TLS Mutual
s_connection: verify depth is 1
Handshake duration: 28.45 ms
Execution 2 - TLS Mutual
s_connection: verify depth is 1
Handshake duration: 1106.77 ms
Execution 3 - TLS Mutual
s_connection: verify depth is 1
Handshake duration: 654.88 ms
Execution 4 - TLS Mutual
s_connection: verify depth is 1
Handshake duration: 3145.12 ms
Execution 5 - TLS Mutual
s_connection: verify depth is 1
Handshake duration: 1282.80 ms
Execution 6 - TLS Mutual
s_connection: verify depth is 1
Handshake duration: 27.94 ms
Execution 7 - TLS Mutual
s_connection: verify depth is 1
Handshake duration: 4796.16 ms
Execution 8 - TLS Mutual
s_connection: verify depth is 1
Handshake duration: 27.88 ms
Execution 9 - TLS Mutual
s_connection: verify depth is 1
Handshake duration: 7435.01 ms
Execution 10 - TLS Mutual
s_connection: verify depth is 1
Handshake duration: 243.32 ms
Execution 11 - TLS Mutual
s_connection: verify depth is 1
Handshake duration: 243.30 ms
Execution 12 - TLS Mutual
s_connection: verify depth is 1
Handshake duration: 2738.16 ms
Execution 13 - TLS Mutual
s_connection: verify depth is 1
Handshake duration: 29.63 ms
Execution 14 - TLS Mutual
s_connection: verify depth is 1
Handshake duration: 880.67 ms
Execution 15 - TLS Mutual
s_connection: verify depth is 1
Handshake duration: 29.98 ms
Execution 16 - TLS Mutual
s_connection: verify depth is 1
Handshake duration: 1285.54 ms
Execution 17 - TLS Mutual
s_connection: verify depth is 1
Handshake duration: 648.20 ms
Execution 18 - TLS Mutual
s_connection: verify depth is 1
Handshake duration: 268.91 ms
Execution 19 - TLS Mutual
s_connection: verify depth is 1
Handshake duration: 3319.82 ms
Execution 20 - TLS Mutual
s_connection: verify depth is 1
Handshake duration: 1467.32 ms
Execution 21 - TLS Mutual
s_connection: verify depth is 1
Handshake duration: 28.31 ms
Execution 22 - TLS Mutual
s_connection: verify depth is 1
Handshake duration: 3346.40 ms
Execution 23 - TLS Mutual
s_connection: verify depth is 1
Handshake duration: 2884.53 ms
Execution 24 - TLS Mutual
s_connection: verify depth is 1
Handshake duration: 12859.11 ms
Execution 25 - TLS Mutual
s_connection: verify depth is 1
Handshake duration: 1898.44 ms
Execution 26 - TLS Mutual
s_connection: verify depth is 1
Handshake duration: 2115.91 ms
Execution 27 - TLS Mutual
s_connection: verify depth is 1
Handshake duration: 2527.93 ms
Execution 28 - TLS Mutual
s_connection: verify depth is 1
Handshake duration: 3366.67 ms
Execution 29 - TLS Mutual
s_connection: verify depth is 1
Handshake duration: 3085.21 ms
Execution 30 - TLS Mutual
s_connection: verify depth is 1
Handshake duration: 1085.20 ms
Execution 31 - TLS Mutual
s_connection: verify depth is 1
Handshake duration: 272.01 ms
Execution 32 - TLS Mutual
s_connection: verify depth is 1
Handshake duration: 27.18 ms
Execution 33 - TLS Mutual
s_connection: verify depth is 1
Handshake duration: 882.31 ms
Execution 34 - TLS Mutual
s_connection: verify depth is 1
Handshake duration: 1706.47 ms
Execution 35 - TLS Mutual
s_connection: verify depth is 1
Handshake duration: 27.74 ms
Execution 36 - TLS Mutual
s_connection: verify depth is 1
Handshake duration: 1516.55 ms
Execution 37 - TLS Mutual
s_connection: verify depth is 1
Handshake duration: 84724.33 ms
Execution 38 - TLS Mutual
s_connection: verify depth is 1
Handshake duration: 27.25 ms
Execution 39 - TLS Mutual
s_connection: verify depth is 1
Handshake duration: 1269.04 ms
Execution 40 - TLS Mutual
s_connection: verify depth is 1
Handshake duration: 854.97 ms
Execution 41 - TLS Mutual
s_connection: verify depth is 1
Handshake duration: 660.17 ms
Execution 42 - TLS Mutual
s_connection: verify depth is 1
Handshake duration: 28.30 ms
Execution 43 - TLS Mutual
s_connection: verify depth is 1
Handshake duration: 11258.48 ms
Execution 44 - TLS Mutual
s_connection: verify depth is 1
Handshake duration: 5227.98 ms
Execution 45 - TLS Mutual
s_connection: verify depth is 1
Handshake duration: 1089.40 ms
Execution 46 - TLS Mutual
s_connection: verify depth is 1
Handshake duration: 28.28 ms
Execution 47 - TLS Mutual
s_connection: verify depth is 1
Handshake duration: 25.82 ms
Execution 48 - TLS Mutual
s_connection: verify depth is 1
Handshake duration: 4583.44 ms
Execution 49 - TLS Mutual
s_connection: verify depth is 1
Handshake duration: 1264.67 ms
Execution 50 - TLS Mutual
s_connection: verify depth is 1
Handshake duration: 1068.98 ms
Execution 51 - TLS Mutual
s_connection: verify depth is 1
Handshake duration: 28.59 ms
Execution 52 - TLS Mutual
s_connection: verify depth is 1
Handshake duration: 25.85 ms
Execution 53 - TLS Mutual
s_connection: verify depth is 1
Handshake duration: 266.22 ms
Execution 54 - TLS Mutual
s_connection: verify depth is 1
Handshake duration: 26.93 ms
Execution 55 - TLS Mutual
s_connection: verify depth is 1
Handshake duration: 1284.67 ms
Execution 56 - TLS Mutual
s_connection: verify depth is 1
Handshake duration: 5342.86 ms
Execution 57 - TLS Mutual
s_connection: verify depth is 1
Handshake duration: 28.61 ms
Execution 58 - TLS Mutual
s_connection: verify depth is 1
Handshake duration: 1313.33 ms
Execution 59 - TLS Mutual
s_connection: verify depth is 1
Handshake duration: 1249.11 ms
Execution 60 - TLS Mutual
s_connection: verify depth is 1
Handshake duration: 1915.00 ms
Execution 61 - TLS Mutual
s_connection: verify depth is 1
Handshake duration: 4325.51 ms
Execution 62 - TLS Mutual
s_connection: verify depth is 1
Handshake duration: 27.46 ms
Execution 63 - TLS Mutual
s_connection: verify depth is 1
Handshake duration: 267.40 ms
Execution 64 - TLS Mutual
s_connection: verify depth is 1
Handshake duration: 26.32 ms
Execution 65 - TLS Mutual
s_connection: verify depth is 1
Handshake duration: 1297.28 ms
Execution 66 - TLS Mutual
s_connection: verify depth is 1
Handshake duration: 3374.59 ms
Execution 67 - TLS Mutual
s_connection: verify depth is 1
Handshake duration: 27.42 ms
Execution 68 - TLS Mutual
s_connection: verify depth is 1
Handshake duration: 1085.79 ms
Execution 69 - TLS Mutual
s_connection: verify depth is 1
Handshake duration: 262.74 ms
Execution 70 - TLS Mutual
s_connection: verify depth is 1
Handshake duration: 1055.64 ms
Execution 71 - TLS Mutual
s_connection: verify depth is 1
Handshake duration: 650.51 ms
Execution 72 - TLS Mutual
s_connection: verify depth is 1
Handshake duration: 28.09 ms
Execution 73 - TLS Mutual
s_connection: verify depth is 1
Handshake duration: 54976.46 ms
Execution 74 - TLS Mutual
s_connection: verify depth is 1
Handshake duration: 857.99 ms
Execution 75 - TLS Mutual
s_connection: verify depth is 1
Handshake duration: 28.03 ms
Execution 76 - TLS Mutual
s_connection: verify depth is 1
Handshake duration: 1690.09 ms
Execution 77 - TLS Mutual
s_connection: verify depth is 1
Handshake duration: 1068.17 ms
Execution 78 - TLS Mutual
s_connection: verify depth is 1
Handshake duration: 880.36 ms
Execution 79 - TLS Mutual
s_connection: verify depth is 1
Handshake duration: 1909.24 ms
Execution 80 - TLS Mutual
s_connection: verify depth is 1
Handshake duration: 1707.84 ms
Execution 81 - TLS Mutual
s_connection: verify depth is 1
Handshake duration: 28.25 ms
Execution 82 - TLS Mutual
s_connection: verify depth is 1
Handshake duration: 7865.85 ms
Execution 83 - TLS Mutual
s_connection: verify depth is 1
Handshake duration: 59168.25 ms
Execution 84 - TLS Mutual
s_connection: verify depth is 1
Handshake duration: 2909.77 ms
Execution 85 - TLS Mutual
s_connection: verify depth is 1
Handshake duration: 28.77 ms
Execution 86 - TLS Mutual
s_connection: verify depth is 1
Handshake duration: 1265.86 ms
Execution 87 - TLS Mutual
s_connection: verify depth is 1
Handshake duration: 1671.78 ms
Execution 88 - TLS Mutual
s_connection: verify depth is 1
Handshake duration: 27.53 ms
Execution 89 - TLS Mutual
s_connection: verify depth is 1
Handshake duration: 1263.48 ms
Execution 90 - TLS Mutual
s_connection: verify depth is 1
Handshake duration: 28.18 ms
Execution 91 - TLS Mutual
s_connection: verify depth is 1
Handshake duration: 3348.58 ms
Execution 92 - TLS Mutual
s_connection: verify depth is 1
Handshake duration: 1481.55 ms
Execution 93 - TLS Mutual
s_connection: verify depth is 1
Handshake duration: 2932.22 ms
Execution 94 - TLS Mutual
s_connection: verify depth is 1
Handshake duration: 1291.85 ms
Execution 95 - TLS Mutual
s_connection: verify depth is 1
Handshake duration: 7450.99 ms
Execution 96 - TLS Mutual
s_connection: verify depth is 1
Handshake duration: 28.51 ms
Execution 97 - TLS Mutual
s_connection: verify depth is 1
Handshake duration: 650.67 ms
Execution 98 - TLS Mutual
s_connection: verify depth is 1
Handshake duration: 28.00 ms
Execution 99 - TLS Mutual
s_connection: verify depth is 1
Handshake duration: 4552.75 ms
Execution 100 - TLS Mutual
s_connection: verify depth is 1
Handshake duration: 651.06 ms
Execution 101 - TLS Mutual
s_connection: verify depth is 1
Handshake duration: 238.64 ms
Execution 102 - TLS Mutual
s_connection: verify depth is 1
Handshake duration: 5155.37 ms
Execution 103 - TLS Mutual
s_connection: verify depth is 1
Handshake duration: 1721.51 ms
Execution 104 - TLS Mutual
s_connection: verify depth is 1
Handshake duration: 3553.78 ms
Execution 105 - TLS Mutual
s_connection: verify depth is 1
Handshake duration: 4835.63 ms
Execution 106 - TLS Mutual
s_connection: verify depth is 1
Handshake duration: 27.33 ms
Execution 107 - TLS Mutual
s_connection: verify depth is 1
Handshake duration: 1064.51 ms
Execution 108 - TLS Mutual
s_connection: verify depth is 1
Handshake duration: 1302.51 ms
Execution 109 - TLS Mutual
s_connection: verify depth is 1
Handshake duration: 884.58 ms
Execution 110 - TLS Mutual
s_connection: verify depth is 1
Handshake duration: 27.18 ms
Execution 111 - TLS Mutual
s_connection: verify depth is 1
Handshake duration: 262.54 ms
Execution 112 - TLS Mutual
s_connection: verify depth is 1
Handshake duration: 1274.51 ms
Execution 113 - TLS Mutual
s_connection: verify depth is 1
Handshake duration: 650.76 ms
Execution 114 - TLS Mutual
s_connection: verify depth is 1
Handshake duration: 1077.09 ms
Execution 115 - TLS Mutual
s_connection: verify depth is 1
Handshake duration: 1084.48 ms
Execution 116 - TLS Mutual
s_connection: verify depth is 1
Handshake duration: 6439.94 ms
Execution 117 - TLS Mutual
s_connection: verify depth is 1
Handshake duration: 7038.88 ms
Execution 118 - TLS Mutual
s_connection: verify depth is 1
Handshake duration: 6437.96 ms
Execution 119 - TLS Mutual
s_connection: verify depth is 1
Handshake duration: 7000.92 ms
Execution 120 - TLS Mutual
s_connection: verify depth is 1
Handshake duration: 1037.13 ms
Execution 121 - TLS Mutual
s_connection: verify depth is 1
Handshake duration: 7207.47 ms
Execution 122 - TLS Mutual
s_connection: verify depth is 1
Handshake duration: 858.80 ms
Execution 123 - TLS Mutual
s_connection: verify depth is 1
Handshake duration: 28.09 ms
Execution 124 - TLS Mutual
s_connection: verify depth is 1
Handshake duration: 4435.44 ms
Execution 125 - TLS Mutual
s_connection: verify depth is 1
Handshake duration: 2891.09 ms
