Handshake timeout budget: 150s (identique TLS/QUIC)
Applying netem rules to lo...
Showing qdisc status for the interface: lo
qdisc netem 9560: root refcnt 2 limit 1000 seed 6263037567951215768
 Sent 0 bytes 0 pkt (dropped 0, overlimits 0 requeues 0) 
 backlog 0b 0p requeues 0
Running ./perftestClientTlsQuic.sh with SIG_ALG=mldsa65 and KEM_ALG=hqc192
Execution 1 - TLS Mutual
s_connection: verify depth is 1
Handshake duration: 3761.22 ms
Execution 2 - TLS Mutual
s_connection: verify depth is 1
Handshake duration: NaN ms  (client-side timeout after 150s)
Execution 3 - TLS Mutual
s_connection: verify depth is 1
Handshake duration: 2127.39 ms
Execution 4 - TLS Mutual
s_connection: verify depth is 1
Handshake duration: 17362.60 ms
Execution 5 - TLS Mutual
s_connection: verify depth is 1
Handshake duration: 6269.06 ms
Execution 6 - TLS Mutual
s_connection: verify depth is 1
Handshake duration: 19508.37 ms
Execution 7 - TLS Mutual
s_connection: verify depth is 1
Handshake duration: 1121.98 ms
Execution 8 - TLS Mutual
s_connection: verify depth is 1
Handshake duration: 286.02 ms
Execution 9 - TLS Mutual
s_connection: verify depth is 1
Handshake duration: 2979.62 ms
Execution 10 - TLS Mutual
s_connection: verify depth is 1
Handshake duration: 2972.29 ms
Execution 11 - TLS Mutual
s_connection: verify depth is 1
Handshake duration: 6359.57 ms
Execution 12 - TLS Mutual
s_connection: verify depth is 1
Handshake duration: 3001.60 ms
Execution 13 - TLS Mutual
s_connection: verify depth is 1
Handshake duration: 889.56 ms
Execution 14 - TLS Mutual
s_connection: verify depth is 1
Handshake duration: 75.31 ms
Execution 15 - TLS Mutual
s_connection: verify depth is 1
Handshake duration: 13229.17 ms
Execution 16 - TLS Mutual
s_connection: verify depth is 1
Handshake duration: 289.44 ms
Execution 17 - TLS Mutual
s_connection: verify depth is 1
Handshake duration: 71.40 ms
Execution 18 - TLS Mutual
s_connection: verify depth is 1
Handshake duration: 113778.77 ms
Execution 19 - TLS Mutual
s_connection: verify depth is 1
Handshake duration: 4596.35 ms
Execution 20 - TLS Mutual
s_connection: verify depth is 1
Handshake duration: 1114.37 ms
Execution 21 - TLS Mutual
s_connection: verify depth is 1
Handshake duration: 1771.26 ms
Execution 22 - TLS Mutual
s_connection: verify depth is 1
Handshake duration: 70.32 ms
Execution 23 - TLS Mutual
s_connection: verify depth is 1
Handshake duration: 4864.83 ms
Execution 24 - TLS Mutual
s_connection: verify depth is 1
Handshake duration: 72.39 ms
Execution 25 - TLS Mutual
s_connection: verify depth is 1
Handshake duration: 314.48 ms
Execution 26 - TLS Mutual
s_connection: verify depth is 1
Handshake duration: 3423.38 ms
Execution 27 - TLS Mutual
s_connection: verify depth is 1
Handshake duration: 1534.81 ms
Execution 28 - TLS Mutual
s_connection: verify depth is 1
Handshake duration: 1526.88 ms
Execution 29 - TLS Mutual
s_connection: verify depth is 1
Handshake duration: 27278.17 ms
Execution 30 - TLS Mutual
s_connection: verify depth is 1
Handshake duration: 7692.82 ms
Execution 31 - TLS Mutual
s_connection: verify depth is 1
Handshake duration: 111673.15 ms
Execution 32 - TLS Mutual
s_connection: verify depth is 1
Handshake duration: 72.45 ms
Execution 33 - TLS Mutual
s_connection: verify depth is 1
Handshake duration: 70.43 ms
Execution 34 - TLS Mutual
s_connection: verify depth is 1
Handshake duration: 7485.61 ms
Execution 35 - TLS Mutual
s_connection: verify depth is 1
Handshake duration: 59187.31 ms
Execution 36 - TLS Mutual
s_connection: verify depth is 1
Handshake duration: 1099.88 ms
Execution 37 - TLS Mutual
s_connection: verify depth is 1
Handshake duration: 2729.85 ms
Execution 38 - TLS Mutual
s_connection: verify depth is 1
Handshake duration: 3148.54 ms
Execution 39 - TLS Mutual
s_connection: verify depth is 1
Handshake duration: 311.61 ms
Execution 40 - TLS Mutual
s_connection: verify depth is 1
Handshake duration: 3230.47 ms
Execution 41 - TLS Mutual
s_connection: verify depth is 1
Handshake duration: 675.02 ms
Execution 42 - TLS Mutual
s_connection: verify depth is 1
Handshake duration: 73.38 ms
Execution 43 - TLS Mutual
s_connection: verify depth is 1
Handshake duration: 1312.34 ms
Execution 44 - TLS Mutual
s_connection: verify depth is 1
Handshake duration: 111977.47 ms
Execution 45 - TLS Mutual
s_connection: verify depth is 1
Handshake duration: 1299.74 ms
Execution 46 - TLS Mutual
s_connection: verify depth is 1
Handshake duration: 74.20 ms
Execution 47 - TLS Mutual
s_connection: verify depth is 1
Handshake duration: 1944.19 ms
Execution 48 - TLS Mutual
s_connection: verify depth is 1
Handshake duration: 293.23 ms
Execution 49 - TLS Mutual
s_connection: verify depth is 1
Handshake duration: 5264.09 ms
Execution 50 - TLS Mutual
s_connection: verify depth is 1
Handshake duration: 7387.50 ms
Execution 51 - TLS Mutual
s_connection: verify depth is 1
Handshake duration: 30012.98 ms
Execution 52 - TLS Mutual
s_connection: verify depth is 1
Handshake duration: 70.31 ms
Execution 53 - TLS Mutual
s_connection: verify depth is 1
Handshake duration: 3009.12 ms
Execution 54 - TLS Mutual
s_connection: verify depth is 1
Handshake duration: 70.06 ms
Execution 55 - TLS Mutual
s_connection: verify depth is 1
Handshake duration: 69.82 ms
Execution 56 - TLS Mutual
s_connection: verify depth is 1
Handshake duration: 3992.54 ms
Execution 57 - TLS Mutual
s_connection: verify depth is 1
Handshake duration: 3223.49 ms
Execution 58 - TLS Mutual
s_connection: verify depth is 1
Handshake duration: 1404.26 ms
Execution 59 - TLS Mutual
s_connection: verify depth is 1
Handshake duration: 691.94 ms
Execution 60 - TLS Mutual
s_connection: verify depth is 1
Handshake duration: 6470.91 ms
Execution 61 - TLS Mutual
s_connection: verify depth is 1
Handshake duration: 1946.53 ms
Execution 62 - TLS Mutual
s_connection: verify depth is 1
Handshake duration: 8845.50 ms
Execution 63 - TLS Mutual
s_connection: verify depth is 1
Handshake duration: 1739.79 ms
Execution 64 - TLS Mutual
s_connection: verify depth is 1
Handshake duration: 1136.01 ms
Execution 65 - TLS Mutual
s_connection: verify depth is 1
Handshake duration: 17336.20 ms
Execution 66 - TLS Mutual
s_connection: verify depth is 1
Handshake duration: 109250.47 ms
Execution 67 - TLS Mutual
s_connection: verify depth is 1
Handshake duration: 71.00 ms
Execution 68 - TLS Mutual
s_connection: verify depth is 1
Handshake duration: 906.06 ms
Execution 69 - TLS Mutual
s_connection: verify depth is 1
Handshake duration: 19777.27 ms
Execution 70 - TLS Mutual
s_connection: verify depth is 1
Handshake duration: 669.52 ms
Execution 71 - TLS Mutual
s_connection: verify depth is 1
Handshake duration: 1707.00 ms
Execution 72 - TLS Mutual
s_connection: verify depth is 1
Handshake duration: 17156.69 ms
Execution 73 - TLS Mutual
s_connection: verify depth is 1
Handshake duration: 76.34 ms
Execution 74 - TLS Mutual
s_connection: verify depth is 1
Handshake duration: 8684.05 ms
Execution 75 - TLS Mutual
s_connection: verify depth is 1
Handshake duration: 3214.03 ms
Execution 76 - TLS Mutual
s_connection: verify depth is 1
Handshake duration: 74.69 ms
Execution 77 - TLS Mutual
s_connection: verify depth is 1
Handshake duration: 8569.12 ms
Execution 78 - TLS Mutual
s_connection: verify depth is 1
Handshake duration: 70.24 ms
Execution 79 - TLS Mutual
s_connection: verify depth is 1
Handshake duration: 2198.51 ms
Execution 80 - TLS Mutual
s_connection: verify depth is 1
Handshake duration: 70.80 ms
Execution 81 - TLS Mutual
s_connection: verify depth is 1
Handshake duration: 2981.14 ms
Execution 82 - TLS Mutual
s_connection: verify depth is 1
Handshake duration: 74.91 ms
Execution 83 - TLS Mutual
s_connection: verify depth is 1
Handshake duration: 1836.65 ms
Execution 84 - TLS Mutual
s_connection: verify depth is 1
Handshake duration: 9401.52 ms
Execution 85 - TLS Mutual
s_connection: verify depth is 1
Handshake duration: 72.09 ms
Execution 86 - TLS Mutual
s_connection: verify depth is 1
Handshake duration: 2361.17 ms
Execution 87 - TLS Mutual
s_connection: verify depth is 1
Handshake duration: 6444.59 ms
Execution 88 - TLS Mutual
s_connection: verify depth is 1
Handshake duration: 5892.86 ms
Execution 89 - TLS Mutual
s_connection: verify depth is 1
Handshake duration: 14618.25 ms
Execution 90 - TLS Mutual
s_connection: verify depth is 1
Handshake duration: 1592.58 ms
Execution 91 - TLS Mutual
s_connection: verify depth is 1
Handshake duration: 1718.60 ms
Execution 92 - TLS Mutual
s_connection: verify depth is 1
Handshake duration: 6316.44 ms
Execution 93 - TLS Mutual
s_connection: verify depth is 1
Handshake duration: 476.07 ms
Execution 94 - TLS Mutual
s_connection: verify depth is 1
Handshake duration: 2596.69 ms
Execution 95 - TLS Mutual
s_connection: verify depth is 1
Handshake duration: 70.19 ms
Execution 96 - TLS Mutual
s_connection: verify depth is 1
Handshake duration: 13941.86 ms
Execution 97 - TLS Mutual
s_connection: verify depth is 1
Handshake duration: 501.56 ms
Execution 98 - TLS Mutual
s_connection: verify depth is 1
Handshake duration: 4832.24 ms
Execution 99 - TLS Mutual
s_connection: verify depth is 1
Handshake duration: 2756.41 ms
Execution 100 - TLS Mutual
s_connection: verify depth is 1
Handshake duration: 13471.78 ms
Execution 101 - TLS Mutual
s_connection: verify depth is 1
Handshake duration: 6834.22 ms
Execution 102 - TLS Mutual
s_connection: verify depth is 1
Handshake duration: 72.25 ms
Execution 103 - TLS Mutual
s_connection: verify depth is 1
Handshake duration: 2598.20 ms
Execution 104 - TLS Mutual
s_connection: verify depth is 1
Handshake duration: 8225.89 ms
Execution 105 - TLS Mutual
s_connection: verify depth is 1
Handshake duration: 70.51 ms
Execution 106 - TLS Mutual
s_connection: verify depth is 1
Handshake duration: 504.86 ms
Execution 107 - TLS Mutual
s_connection: verify depth is 1
Handshake duration: 2937.77 ms
Execution 108 - TLS Mutual
s_connection: verify depth is 1
Handshake duration: 73.43 ms
Execution 109 - TLS Mutual
s_connection: verify depth is 1
Handshake duration: 8167.58 ms
Execution 110 - TLS Mutual
s_connection: verify depth is 1
Handshake duration: 13727.45 ms
Execution 111 - TLS Mutual
s_connection: verify depth is 1
Handshake duration: 72.13 ms
Execution 112 - TLS Mutual
s_connection: verify depth is 1
Handshake duration: 292.19 ms
Execution 113 - TLS Mutual
s_connection: verify depth is 1
Handshake duration: 74.41 ms
Execution 114 - TLS Mutual
s_connection: verify depth is 1
Handshake duration: 3141.68 ms
Execution 115 - TLS Mutual
s_connection: verify depth is 1
Handshake duration: 71.63 ms
Execution 116 - TLS Mutual
s_connection: verify depth is 1
Handshake duration: 1313.43 ms
Execution 117 - TLS Mutual
s_connection: verify depth is 1
Handshake duration: 14610.05 ms
Execution 118 - TLS Mutual
s_connection: verify depth is 1
Handshake duration: 3133.18 ms
Execution 119 - TLS Mutual
s_connection: verify depth is 1
Handshake duration: 294.40 ms
Execution 120 - TLS Mutual
s_connection: verify depth is 1
Handshake duration: 2154.70 ms
Execution 121 - TLS Mutual
s_connection: verify depth is 1
Handshake duration: 8972.83 ms
Execution 122 - TLS Mutual
s_connection: verify depth is 1
Handshake duration: 1736.81 ms
Execution 123 - TLS Mutual
s_connection: verify depth is 1
Handshake duration: 2163.31 ms
Execution 124 - TLS Mutual
s_connection: verify depth is 1
Handshake duration: 72.78 ms
Execution 125 - TLS Mutual
s_connection: verify depth is 1
Handshake duration: 4855.15 ms
