Handshake timeout budget: 150s (identique TLS/QUIC)
Applying netem rules to lo...
Showing qdisc status for the interface: lo
qdisc netem 9d0a: root refcnt 2 limit 1000 seed 3452190195753119936
 Sent 0 bytes 0 pkt (dropped 0, overlimits 0 requeues 0) 
 backlog 0b 0p requeues 0
Running ./perftestClientTlsQuic.sh with SIG_ALG=secp521r1 and KEM_ALG=hqc256
Execution 1 - TLS Mutual
s_connection: verify depth is 1
Handshake duration: 6450.72 ms
Execution 2 - TLS Mutual
s_connection: verify depth is 1
Handshake duration: 1524.58 ms
Execution 3 - TLS Mutual
s_connection: verify depth is 1
Handshake duration: 3458.40 ms
Execution 4 - TLS Mutual
s_connection: verify depth is 1
Handshake duration: 472.62 ms
Execution 5 - TLS Mutual
s_connection: verify depth is 1
Handshake duration: 520.95 ms
Execution 6 - TLS Mutual
s_connection: verify depth is 1
Handshake duration: 1606.64 ms
Execution 7 - TLS Mutual
s_connection: verify depth is 1
Handshake duration: 9161.29 ms
Execution 8 - TLS Mutual
s_connection: verify depth is 1
Handshake duration: 2223.44 ms
Execution 9 - TLS Mutual
s_connection: verify depth is 1
Handshake duration: 1544.33 ms
Execution 10 - TLS Mutual
s_connection: verify depth is 1
Handshake duration: 88.21 ms
Execution 11 - TLS Mutual
s_connection: verify depth is 1
Handshake duration: 60567.96 ms
Execution 12 - TLS Mutual
s_connection: verify depth is 1
Handshake duration: 88.60 ms
Execution 13 - TLS Mutual
s_connection: verify depth is 1
Handshake duration: 4574.85 ms
Execution 14 - TLS Mutual
s_connection: verify depth is 1
Handshake duration: 4224.41 ms
Execution 15 - TLS Mutual
s_connection: verify depth is 1
Handshake duration: 9628.56 ms
Execution 16 - TLS Mutual
s_connection: verify depth is 1
Handshake duration: 85.84 ms
Execution 17 - TLS Mutual
s_connection: verify depth is 1
Handshake duration: 86.18 ms
Execution 18 - TLS Mutual
s_connection: verify depth is 1
Handshake duration: 1994.23 ms
Execution 19 - TLS Mutual
s_connection: verify depth is 1
Handshake duration: 9628.03 ms
Execution 20 - TLS Mutual
s_connection: verify depth is 1
Handshake duration: 13290.05 ms
Execution 21 - TLS Mutual
s_connection: verify depth is 1
Handshake duration: 55263.07 ms
Execution 22 - TLS Mutual
s_connection: verify depth is 1
Handshake duration: 921.58 ms
Execution 23 - TLS Mutual
s_connection: verify depth is 1
Handshake duration: 4429.64 ms
Execution 24 - TLS Mutual
s_connection: verify depth is 1
Handshake duration: 1523.66 ms
Execution 25 - TLS Mutual
s_connection: verify depth is 1
Handshake duration: NaN ms  (client-side timeout after 150s)
Execution 26 - TLS Mutual
s_connection: verify depth is 1
Handshake duration: 721.54 ms
Execution 27 - TLS Mutual
s_connection: verify depth is 1
Handshake duration: 1563.61 ms
Execution 28 - TLS Mutual
s_connection: verify depth is 1
Handshake duration: 52685.49 ms
Execution 29 - TLS Mutual
s_connection: verify depth is 1
Handshake duration: 14894.21 ms
Execution 30 - TLS Mutual
s_connection: verify depth is 1
Handshake duration: 85.10 ms
Execution 31 - TLS Mutual
s_connection: verify depth is 1
Handshake duration: 1335.43 ms
Execution 32 - TLS Mutual
s_connection: verify depth is 1
Handshake duration: 86.36 ms
Execution 33 - TLS Mutual
s_connection: verify depth is 1
Handshake duration: 84.98 ms
Execution 34 - TLS Mutual
s_connection: verify depth is 1
Handshake duration: 3446.16 ms
Execution 35 - TLS Mutual
s_connection: verify depth is 1
Handshake duration: 86.10 ms
Execution 36 - TLS Mutual
s_connection: verify depth is 1
Handshake duration: 14436.24 ms
Execution 37 - TLS Mutual
s_connection: verify depth is 1
Handshake duration: 3233.61 ms
Execution 38 - TLS Mutual
s_connection: verify depth is 1
Handshake duration: 85.79 ms
Execution 39 - TLS Mutual
s_connection: verify depth is 1
Handshake duration: 334.48 ms
Execution 40 - TLS Mutual
s_connection: verify depth is 1
Handshake duration: 85.06 ms
Execution 41 - TLS Mutual
s_connection: verify depth is 1
Handshake duration: 4337.62 ms
Execution 42 - TLS Mutual
s_connection: verify depth is 1
Handshake duration: 12126.37 ms
Execution 43 - TLS Mutual
s_connection: verify depth is 1
Handshake duration: 1561.62 ms
Execution 44 - TLS Mutual
s_connection: verify depth is 1
Handshake duration: 85.43 ms
Execution 45 - TLS Mutual
s_connection: verify depth is 1
Handshake duration: 1773.71 ms
Execution 46 - TLS Mutual
s_connection: verify depth is 1
Handshake duration: 85.84 ms
Execution 47 - TLS Mutual
s_connection: verify depth is 1
Handshake duration: 2378.65 ms
Execution 48 - TLS Mutual
s_connection: verify depth is 1
Handshake duration: 5834.93 ms
Execution 49 - TLS Mutual
s_connection: verify depth is 1
Handshake duration: 2602.79 ms
Execution 50 - TLS Mutual
s_connection: verify depth is 1
Handshake duration: 4827.39 ms
Execution 51 - TLS Mutual
s_connection: verify depth is 1
Handshake duration: 8775.81 ms
Execution 52 - TLS Mutual
s_connection: verify depth is 1
Handshake duration: 5684.31 ms
Execution 53 - TLS Mutual
s_connection: verify depth is 1
Handshake duration: 4019.24 ms
Execution 54 - TLS Mutual
s_connection: verify depth is 1
Handshake duration: 3191.96 ms
Execution 55 - TLS Mutual
s_connection: verify depth is 1
Handshake duration: 473.04 ms
Execution 56 - TLS Mutual
s_connection: verify depth is 1
Handshake duration: 2154.07 ms
Execution 57 - TLS Mutual
s_connection: verify depth is 1
Handshake duration: 1988.48 ms
Execution 58 - TLS Mutual
s_connection: verify depth is 1
Handshake duration: 28881.03 ms
Execution 59 - TLS Mutual
s_connection: verify depth is 1
Handshake duration: 485.96 ms
Execution 60 - TLS Mutual
s_connection: verify depth is 1
Handshake duration: 88.88 ms
Execution 61 - TLS Mutual
s_connection: verify depth is 1
Handshake duration: 507.86 ms
Execution 62 - TLS Mutual
s_connection: verify depth is 1
Handshake duration: 5458.56 ms
Execution 63 - TLS Mutual
s_connection: verify depth is 1
Handshake duration: 86.26 ms
Execution 64 - TLS Mutual
s_connection: verify depth is 1
Handshake duration: 1620.99 ms
Execution 65 - TLS Mutual
s_connection: verify depth is 1
Handshake duration: 86.67 ms
Execution 66 - TLS Mutual
s_connection: verify depth is 1
Handshake duration: 85.38 ms
Execution 67 - TLS Mutual
s_connection: verify depth is 1
Handshake duration: 926.96 ms
Execution 68 - TLS Mutual
s_connection: verify depth is 1
Handshake duration: 273.95 ms
Execution 69 - TLS Mutual
s_connection: verify depth is 1
Handshake duration: 96.34 ms
Execution 70 - TLS Mutual
s_connection: verify depth is 1
Handshake duration: 7286.84 ms
Execution 71 - TLS Mutual
s_connection: verify depth is 1
Handshake duration: 1564.09 ms
Execution 72 - TLS Mutual
s_connection: verify depth is 1
Handshake duration: 5746.44 ms
Execution 73 - TLS Mutual
s_connection: verify depth is 1
Handshake duration: 5907.91 ms
Execution 74 - TLS Mutual
s_connection: verify depth is 1
Handshake duration: 470.19 ms
Execution 75 - TLS Mutual
s_connection: verify depth is 1
Handshake duration: 2202.42 ms
Execution 76 - TLS Mutual
s_connection: verify depth is 1
Handshake duration: 1537.13 ms
Execution 77 - TLS Mutual
s_connection: verify depth is 1
Handshake duration: 3645.19 ms
Execution 78 - TLS Mutual
s_connection: verify depth is 1
Handshake duration: 2635.49 ms
Execution 79 - TLS Mutual
s_connection: verify depth is 1
Handshake duration: 324.75 ms
Execution 80 - TLS Mutual
s_connection: verify depth is 1
Handshake duration: 6461.77 ms
Execution 81 - TLS Mutual
s_connection: verify depth is 1
Handshake duration: 29748.33 ms
Execution 82 - TLS Mutual
s_connection: verify depth is 1
Handshake duration: 3209.47 ms
Execution 83 - TLS Mutual
s_connection: verify depth is 1
Handshake duration: 324.73 ms
Execution 84 - TLS Mutual
s_connection: verify depth is 1
Handshake duration: 5464.63 ms
Execution 85 - TLS Mutual
s_connection: verify depth is 1
Handshake duration: 3195.37 ms
Execution 86 - TLS Mutual
s_connection: verify depth is 1
Handshake duration: 1749.34 ms
Execution 87 - TLS Mutual
s_connection: verify depth is 1
Handshake duration: 1145.20 ms
Execution 88 - TLS Mutual
s_connection: verify depth is 1
Handshake duration: 325.29 ms
Execution 89 - TLS Mutual
s_connection: verify depth is 1
Handshake duration: NaN ms  (client-side timeout after 150s)
Execution 90 - TLS Mutual
s_connection: verify depth is 1
Handshake duration: 2776.06 ms
Execution 91 - TLS Mutual
s_connection: verify depth is 1
Handshake duration: 7758.15 ms
Execution 92 - TLS Mutual
s_connection: verify depth is 1
Handshake duration: 1561.58 ms
Execution 93 - TLS Mutual
s_connection: verify depth is 1
Handshake duration: 85.35 ms
Execution 94 - TLS Mutual
s_connection: verify depth is 1
Handshake duration: 2141.70 ms
Execution 95 - TLS Mutual
s_connection: verify depth is 1
Handshake duration: 5863.16 ms
Execution 96 - TLS Mutual
s_connection: verify depth is 1
Handshake duration: 86.16 ms
Execution 97 - TLS Mutual
s_connection: verify depth is 1
Handshake duration: 1743.61 ms
Execution 98 - TLS Mutual
s_connection: verify depth is 1
Handshake duration: 4238.35 ms
Execution 99 - TLS Mutual
s_connection: verify depth is 1
Handshake duration: 4505.36 ms
Execution 100 - TLS Mutual
s_connection: verify depth is 1
Handshake duration: 1137.23 ms
Execution 101 - TLS Mutual
s_connection: verify depth is 1
Handshake duration: 486.54 ms
Execution 102 - TLS Mutual
s_connection: verify depth is 1
Handshake duration: 331.74 ms
Execution 103 - TLS Mutual
s_connection: verify depth is 1
Handshake duration: 5101.95 ms
Execution 104 - TLS Mutual
s_connection: verify depth is 1
Handshake duration: 5482.41 ms
Execution 105 - TLS Mutual
s_connection: verify depth is 1
Handshake duration: 740.79 ms
Execution 106 - TLS Mutual
s_connection: verify depth is 1
Handshake duration: 716.20 ms
Execution 107 - TLS Mutual
s_connection: verify depth is 1
Handshake duration: 274.86 ms
Execution 108 - TLS Mutual
s_connection: verify depth is 1
Handshake duration: 2812.19 ms
Execution 109 - TLS Mutual
s_connection: verify depth is 1
Handshake duration: 8985.23 ms
Execution 110 - TLS Mutual
s_connection: verify depth is 1
Handshake duration: 280.81 ms
Execution 111 - TLS Mutual
s_connection: verify depth is 1
Handshake duration: 89.91 ms
Execution 112 - TLS Mutual
s_connection: verify depth is 1
Handshake duration: 11948.08 ms
Execution 113 - TLS Mutual
s_connection: verify depth is 1
Handshake duration: 4069.22 ms
Execution 114 - TLS Mutual
s_connection: verify depth is 1
Handshake duration: 85.24 ms
Execution 115 - TLS Mutual
s_connection: verify depth is 1
Handshake duration: 84.86 ms
Execution 116 - TLS Mutual
s_connection: verify depth is 1
Handshake duration: 276.84 ms
Execution 117 - TLS Mutual
s_connection: verify depth is 1
Handshake duration: 11652.77 ms
Execution 118 - TLS Mutual
s_connection: verify depth is 1
Handshake duration: 8756.15 ms
Execution 119 - TLS Mutual
s_connection: verify depth is 1
Handshake duration: 86.04 ms
Execution 120 - TLS Mutual
s_connection: verify depth is 1
Handshake duration: 85.50 ms
Execution 121 - TLS Mutual
s_connection: verify depth is 1
Handshake duration: 2212.81 ms
Execution 122 - TLS Mutual
s_connection: verify depth is 1
Handshake duration: 12929.81 ms
Execution 123 - TLS Mutual
s_connection: verify depth is 1
Handshake duration: 86.04 ms
Execution 124 - TLS Mutual
s_connection: verify depth is 1
Handshake duration: 85.06 ms
Execution 125 - TLS Mutual
s_connection: verify depth is 1
Handshake duration: 15938.76 ms
