Handshake timeout budget: 150s (identique TLS/QUIC)
Applying netem rules to lo...
Showing qdisc status for the interface: lo
qdisc netem 9cd1: root refcnt 2 limit 1000 seed 13367777829426645008
 Sent 0 bytes 0 pkt (dropped 0, overlimits 0 requeues 0) 
 backlog 0b 0p requeues 0
Running ./perftestClientTlsQuic.sh with SIG_ALG=ed25519 and KEM_ALG=x25519_hqc128
Execution 1 - TLS Mutual
s_connection: verify depth is 1
Handshake duration: 2104.33 ms
Execution 2 - TLS Mutual
s_connection: verify depth is 1
Handshake duration: 22.41 ms
Execution 3 - TLS Mutual
s_connection: verify depth is 1
Handshake duration: 1703.86 ms
Execution 4 - TLS Mutual
s_connection: verify depth is 1
Handshake duration: 843.39 ms
Execution 5 - TLS Mutual
s_connection: verify depth is 1
Handshake duration: 1696.20 ms
Execution 6 - TLS Mutual
s_connection: verify depth is 1
Handshake duration: 1690.07 ms
Execution 7 - TLS Mutual
s_connection: verify depth is 1
Handshake duration: 22.59 ms
Execution 8 - TLS Mutual
s_connection: verify depth is 1
Handshake duration: 3545.82 ms
Execution 9 - TLS Mutual
s_connection: verify depth is 1
Handshake duration: 5210.26 ms
Execution 10 - TLS Mutual
s_connection: verify depth is 1
Handshake duration: 23.25 ms
Execution 11 - TLS Mutual
s_connection: verify depth is 1
Handshake duration: 436.94 ms
Execution 12 - TLS Mutual
s_connection: verify depth is 1
Handshake duration: 22.85 ms
Execution 13 - TLS Mutual
s_connection: verify depth is 1
Handshake duration: 250.59 ms
Execution 14 - TLS Mutual
s_connection: verify depth is 1
Handshake duration: 31.11 ms
Execution 15 - TLS Mutual
s_connection: verify depth is 1
Handshake duration: 444.92 ms
Execution 16 - TLS Mutual
s_connection: verify depth is 1
Handshake duration: 5191.57 ms
Execution 17 - TLS Mutual
s_connection: verify depth is 1
Handshake duration: 446.65 ms
Execution 18 - TLS Mutual
s_connection: verify depth is 1
Handshake duration: 1701.31 ms
Execution 19 - TLS Mutual
s_connection: verify depth is 1
Handshake duration: 1509.42 ms
Execution 20 - TLS Mutual
s_connection: verify depth is 1
Handshake duration: 22.21 ms
Execution 21 - TLS Mutual
s_connection: verify depth is 1
Handshake duration: 2705.57 ms
Execution 22 - TLS Mutual
s_connection: verify depth is 1
Handshake duration: 1084.07 ms
Execution 23 - TLS Mutual
s_connection: verify depth is 1
Handshake duration: 2100.72 ms
Execution 24 - TLS Mutual
s_connection: verify depth is 1
Handshake duration: 1291.87 ms
Execution 25 - TLS Mutual
s_connection: verify depth is 1
Handshake duration: 23.16 ms
Execution 26 - TLS Mutual
s_connection: verify depth is 1
Handshake duration: 24.39 ms
Execution 27 - TLS Mutual
s_connection: verify depth is 1
Handshake duration: 24.00 ms
Execution 28 - TLS Mutual
s_connection: verify depth is 1
Handshake duration: 19.38 ms
Execution 29 - TLS Mutual
s_connection: verify depth is 1
Handshake duration: 229.07 ms
Execution 30 - TLS Mutual
s_connection: verify depth is 1
Handshake duration: 1080.22 ms
Execution 31 - TLS Mutual
s_connection: verify depth is 1
Handshake duration: 21.67 ms
Execution 32 - TLS Mutual
s_connection: verify depth is 1
Handshake duration: 2289.19 ms
Execution 33 - TLS Mutual
s_connection: verify depth is 1
Handshake duration: 7241.89 ms
Execution 34 - TLS Mutual
s_connection: verify depth is 1
Handshake duration: 3163.15 ms
Execution 35 - TLS Mutual
s_connection: verify depth is 1
Handshake duration: 643.66 ms
Execution 36 - TLS Mutual
s_connection: verify depth is 1
Handshake duration: 2122.21 ms
Execution 37 - TLS Mutual
s_connection: verify depth is 1
Handshake duration: 9630.35 ms
Execution 38 - TLS Mutual
s_connection: verify depth is 1
Handshake duration: 226.10 ms
Execution 39 - TLS Mutual
s_connection: verify depth is 1
Handshake duration: 22.63 ms
Execution 40 - TLS Mutual
s_connection: verify depth is 1
Handshake duration: 20.61 ms
Execution 41 - TLS Mutual
s_connection: verify depth is 1
Handshake duration: 1653.76 ms
Execution 42 - TLS Mutual
s_connection: verify depth is 1
Handshake duration: 5435.30 ms
Execution 43 - TLS Mutual
s_connection: verify depth is 1
Handshake duration: 641.57 ms
Execution 44 - TLS Mutual
s_connection: verify depth is 1
Handshake duration: 1714.36 ms
Execution 45 - TLS Mutual
s_connection: verify depth is 1
Handshake duration: 1311.22 ms
Execution 46 - TLS Mutual
s_connection: verify depth is 1
Handshake duration: 25.86 ms
Execution 47 - TLS Mutual
s_connection: verify depth is 1
Handshake duration: 5197.52 ms
Execution 48 - TLS Mutual
s_connection: verify depth is 1
Handshake duration: 1705.35 ms
Execution 49 - TLS Mutual
s_connection: verify depth is 1
Handshake duration: 1327.90 ms
Execution 50 - TLS Mutual
s_connection: verify depth is 1
Handshake duration: 232.90 ms
Execution 51 - TLS Mutual
s_connection: verify depth is 1
Handshake duration: 1028.30 ms
Execution 52 - TLS Mutual
s_connection: verify depth is 1
Handshake duration: 232.34 ms
Execution 53 - TLS Mutual
s_connection: verify depth is 1
Handshake duration: 13940.75 ms
Execution 54 - TLS Mutual
s_connection: verify depth is 1
Handshake duration: 4777.15 ms
Execution 55 - TLS Mutual
s_connection: verify depth is 1
Handshake duration: 30.81 ms
Execution 56 - TLS Mutual
s_connection: verify depth is 1
Handshake duration: 20.85 ms
Execution 57 - TLS Mutual
s_connection: verify depth is 1
Handshake duration: 2507.80 ms
Execution 58 - TLS Mutual
s_connection: verify depth is 1
Handshake duration: 21.69 ms
Execution 59 - TLS Mutual
s_connection: verify depth is 1
Handshake duration: 20.92 ms
Execution 60 - TLS Mutual
s_connection: verify depth is 1
Handshake duration: 19.23 ms
Execution 61 - TLS Mutual
s_connection: verify depth is 1
Handshake duration: 21.01 ms
Execution 62 - TLS Mutual
s_connection: verify depth is 1
Handshake duration: 2747.38 ms
Execution 63 - TLS Mutual
s_connection: verify depth is 1
Handshake duration: 22.04 ms
Execution 64 - TLS Mutual
s_connection: verify depth is 1
Handshake duration: 1049.98 ms
Execution 65 - TLS Mutual
s_connection: verify depth is 1
Handshake duration: 256.95 ms
Execution 66 - TLS Mutual
s_connection: verify depth is 1
Handshake duration: 4560.64 ms
Execution 67 - TLS Mutual
s_connection: verify depth is 1
Handshake duration: 22.74 ms
Execution 68 - TLS Mutual
s_connection: verify depth is 1
Handshake duration: 1473.34 ms
Execution 69 - TLS Mutual
s_connection: verify depth is 1
Handshake duration: 13959.05 ms
Execution 70 - TLS Mutual
s_connection: verify depth is 1
Handshake duration: 6386.21 ms
Execution 71 - TLS Mutual
s_connection: verify depth is 1
Handshake duration: 3738.85 ms
Execution 72 - TLS Mutual
s_connection: verify depth is 1
Handshake duration: 1466.87 ms
Execution 73 - TLS Mutual
s_connection: verify depth is 1
Handshake duration: 3331.84 ms
Execution 74 - TLS Mutual
s_connection: verify depth is 1
Handshake duration: 1498.28 ms
Execution 75 - TLS Mutual
s_connection: verify depth is 1
Handshake duration: 1041.56 ms
Execution 76 - TLS Mutual
s_connection: verify depth is 1
Handshake duration: 22.29 ms
Execution 77 - TLS Mutual
s_connection: verify depth is 1
Handshake duration: 231.83 ms
Execution 78 - TLS Mutual
s_connection: verify depth is 1
Handshake duration: 25.27 ms
Execution 79 - TLS Mutual
s_connection: verify depth is 1
Handshake duration: 640.95 ms
Execution 80 - TLS Mutual
s_connection: verify depth is 1
Handshake duration: 22.32 ms
Execution 81 - TLS Mutual
s_connection: verify depth is 1
Handshake duration: 253.13 ms
Execution 82 - TLS Mutual
s_connection: verify depth is 1
Handshake duration: 3361.19 ms
Execution 83 - TLS Mutual
s_connection: verify depth is 1
Handshake duration: 52528.36 ms
Execution 84 - TLS Mutual
s_connection: verify depth is 1
Handshake duration: 30.70 ms
Execution 85 - TLS Mutual
s_connection: verify depth is 1
Handshake duration: 20.23 ms
Execution 86 - TLS Mutual
s_connection: verify depth is 1
Handshake duration: 12780.31 ms
Execution 87 - TLS Mutual
s_connection: verify depth is 1
Handshake duration: 1259.26 ms
Execution 88 - TLS Mutual
s_connection: verify depth is 1
Handshake duration: 1299.72 ms
Execution 89 - TLS Mutual
s_connection: verify depth is 1
Handshake duration: 5210.87 ms
Execution 90 - TLS Mutual
s_connection: verify depth is 1
Handshake duration: 1089.68 ms
Execution 91 - TLS Mutual
s_connection: verify depth is 1
Handshake duration: 235.28 ms
Execution 92 - TLS Mutual
s_connection: verify depth is 1
Handshake duration: 1075.16 ms
Execution 93 - TLS Mutual
s_connection: verify depth is 1
Handshake duration: 1268.34 ms
Execution 94 - TLS Mutual
s_connection: verify depth is 1
Handshake duration: 22.84 ms
Execution 95 - TLS Mutual
s_connection: verify depth is 1
Handshake duration: 20.86 ms
Execution 96 - TLS Mutual
s_connection: verify depth is 1
Handshake duration: 19.61 ms
Execution 97 - TLS Mutual
s_connection: verify depth is 1
Handshake duration: 254.59 ms
Execution 98 - TLS Mutual
s_connection: verify depth is 1
Handshake duration: 30.54 ms
Execution 99 - TLS Mutual
s_connection: verify depth is 1
Handshake duration: 7624.55 ms
Execution 100 - TLS Mutual
s_connection: verify depth is 1
Handshake duration: 232.19 ms
Execution 101 - TLS Mutual
s_connection: verify depth is 1
Handshake duration: 22.13 ms
Execution 102 - TLS Mutual
s_connection: verify depth is 1
Handshake duration: 1050.89 ms
Execution 103 - TLS Mutual
s_connection: verify depth is 1
Handshake duration: 1074.62 ms
Execution 104 - TLS Mutual
s_connection: verify depth is 1
Handshake duration: 23.14 ms
Execution 105 - TLS Mutual
s_connection: verify depth is 1
Handshake duration: 22.48 ms
Execution 106 - TLS Mutual
s_connection: verify depth is 1
Handshake duration: 3576.06 ms
Execution 107 - TLS Mutual
s_connection: verify depth is 1
Handshake duration: 225.89 ms
Execution 108 - TLS Mutual
s_connection: verify depth is 1
Handshake duration: 227.23 ms
Execution 109 - TLS Mutual
s_connection: verify depth is 1
Handshake duration: 1456.33 ms
Execution 110 - TLS Mutual
s_connection: verify depth is 1
Handshake duration: 232.44 ms
Execution 111 - TLS Mutual
s_connection: verify depth is 1
Handshake duration: 227.46 ms
Execution 112 - TLS Mutual
s_connection: verify depth is 1
Handshake duration: 23.91 ms
Execution 113 - TLS Mutual
s_connection: verify depth is 1
Handshake duration: 20.77 ms
Execution 114 - TLS Mutual
s_connection: verify depth is 1
Handshake duration: 19.75 ms
Execution 115 - TLS Mutual
s_connection: verify depth is 1
Handshake duration: 1872.51 ms
Execution 116 - TLS Mutual
s_connection: verify depth is 1
Handshake duration: 21.83 ms
Execution 117 - TLS Mutual
s_connection: verify depth is 1
Handshake duration: 20.88 ms
Execution 118 - TLS Mutual
s_connection: verify depth is 1
Handshake duration: 856.70 ms
Execution 119 - TLS Mutual
s_connection: verify depth is 1
Handshake duration: 430.71 ms
Execution 120 - TLS Mutual
s_connection: verify depth is 1
Handshake duration: 8456.76 ms
Execution 121 - TLS Mutual
s_connection: verify depth is 1
Handshake duration: 848.41 ms
Execution 122 - TLS Mutual
s_connection: verify depth is 1
Handshake duration: 430.96 ms
Execution 123 - TLS Mutual
s_connection: verify depth is 1
Handshake duration: 22.50 ms
Execution 124 - TLS Mutual
s_connection: verify depth is 1
Handshake duration: 2075.82 ms
Execution 125 - TLS Mutual
s_connection: verify depth is 1
Handshake duration: 22.12 ms
