Handshake timeout budget: 150s (identique TLS/QUIC)
Applying netem rules to lo...
Showing qdisc status for the interface: lo
qdisc netem 8633: root refcnt 2 limit 1000 seed 7433753642657602976
 Sent 0 bytes 0 pkt (dropped 0, overlimits 0 requeues 0) 
 backlog 0b 0p requeues 0
Running ./perftestClientTlsQuic.sh with SIG_ALG=mldsa87 and KEM_ALG=p521_hqc256
Execution 1 - TLS Mutual
s_connection: verify depth is 1
Handshake duration: 15905.49 ms
Execution 2 - TLS Mutual
s_connection: verify depth is 1
Handshake duration: 129.14 ms
Execution 3 - TLS Mutual
s_connection: verify depth is 1
Handshake duration: 1734.09 ms
Execution 4 - TLS Mutual
s_connection: verify depth is 1
Handshake duration: NaN ms  (client-side timeout after 150s)
Execution 5 - TLS Mutual
s_connection: verify depth is 1
Handshake duration: 1551.20 ms
Execution 6 - TLS Mutual
s_connection: verify depth is 1
Handshake duration: 3796.40 ms
Execution 7 - TLS Mutual
s_connection: verify depth is 1
Handshake duration: 7096.78 ms
Execution 8 - TLS Mutual
s_connection: verify depth is 1
Handshake duration: 132.53 ms
Execution 9 - TLS Mutual
s_connection: verify depth is 1
Handshake duration: 4890.19 ms
Execution 10 - TLS Mutual
s_connection: verify depth is 1
Handshake duration: 751.03 ms
Execution 11 - TLS Mutual
s_connection: verify depth is 1
Handshake duration: 32703.25 ms
Execution 12 - TLS Mutual
s_connection: verify depth is 1
Handshake duration: 2596.52 ms
Execution 13 - TLS Mutual
s_connection: verify depth is 1
Handshake duration: 129.19 ms
Execution 14 - TLS Mutual
s_connection: verify depth is 1
Handshake duration: 128.36 ms
Execution 15 - TLS Mutual
s_connection: verify depth is 1
Handshake duration: 2226.59 ms
Execution 16 - TLS Mutual
s_connection: verify depth is 1
Handshake duration: 2811.97 ms
Execution 17 - TLS Mutual
s_connection: verify depth is 1
Handshake duration: 751.32 ms
Execution 18 - TLS Mutual
s_connection: verify depth is 1
Handshake duration: 128.41 ms
Execution 19 - TLS Mutual
s_connection: verify depth is 1
Handshake duration: 128.69 ms
Execution 20 - TLS Mutual
s_connection: verify depth is 1
Handshake duration: 1751.27 ms
Execution 21 - TLS Mutual
s_connection: verify depth is 1
Handshake duration: 957.50 ms
Execution 22 - TLS Mutual
s_connection: verify depth is 1
Handshake duration: 1571.25 ms
Execution 23 - TLS Mutual
s_connection: verify depth is 1
Handshake duration: 18537.31 ms
Execution 24 - TLS Mutual
s_connection: verify depth is 1
Handshake duration: 7784.03 ms
Execution 25 - TLS Mutual
s_connection: verify depth is 1
Handshake duration: 6602.78 ms
Execution 26 - TLS Mutual
s_connection: verify depth is 1
Handshake duration: 5719.08 ms
Execution 27 - TLS Mutual
s_connection: verify depth is 1
Handshake duration: 724.80 ms
Execution 28 - TLS Mutual
s_connection: verify depth is 1
Handshake duration: 129.38 ms
Execution 29 - TLS Mutual
s_connection: verify depth is 1
Handshake duration: 2406.50 ms
Execution 30 - TLS Mutual
s_connection: verify depth is 1
Handshake duration: 6734.47 ms
Execution 31 - TLS Mutual
s_connection: verify depth is 1
Handshake duration: 1336.69 ms
Execution 32 - TLS Mutual
s_connection: verify depth is 1
Handshake duration: 1983.56 ms
Execution 33 - TLS Mutual
s_connection: verify depth is 1
Handshake duration: 365.38 ms
Execution 34 - TLS Mutual
s_connection: verify depth is 1
Handshake duration: 6954.13 ms
Execution 35 - TLS Mutual
s_connection: verify depth is 1
Handshake duration: 4871.09 ms
Execution 36 - TLS Mutual
s_connection: verify depth is 1
Handshake duration: 114278.41 ms
Execution 37 - TLS Mutual
s_connection: verify depth is 1
Handshake duration: 4871.53 ms
Execution 38 - TLS Mutual
s_connection: verify depth is 1
Handshake duration: 1354.45 ms
Execution 39 - TLS Mutual
s_connection: verify depth is 1
Handshake duration: 10625.50 ms
Execution 40 - TLS Mutual
s_connection: verify depth is 1
Handshake duration: 130.69 ms
Execution 41 - TLS Mutual
s_connection: verify depth is 1
Handshake duration: 1949.54 ms
Execution 42 - TLS Mutual
s_connection: verify depth is 1
Handshake duration: 3803.72 ms
Execution 43 - TLS Mutual
s_connection: verify depth is 1
Handshake duration: 541.99 ms
Execution 44 - TLS Mutual
s_connection: verify depth is 1
Handshake duration: 6947.89 ms
Execution 45 - TLS Mutual
s_connection: verify depth is 1
Handshake duration: 3592.39 ms
Execution 46 - TLS Mutual
s_connection: verify depth is 1
Handshake duration: 1336.17 ms
Execution 47 - TLS Mutual
s_connection: verify depth is 1
Handshake duration: 4860.93 ms
Execution 48 - TLS Mutual
s_connection: verify depth is 1
Handshake duration: 128.40 ms
Execution 49 - TLS Mutual
s_connection: verify depth is 1
Handshake duration: 10014.37 ms
Execution 50 - TLS Mutual
s_connection: verify depth is 1
Handshake duration: 1963.29 ms
Execution 51 - TLS Mutual
s_connection: verify depth is 1
Handshake duration: 329.35 ms
Execution 52 - TLS Mutual
s_connection: verify depth is 1
Handshake duration: 6321.53 ms
Execution 53 - TLS Mutual
s_connection: verify depth is 1
Handshake duration: 1566.42 ms
Execution 54 - TLS Mutual
s_connection: verify depth is 1
Handshake duration: 128.54 ms
Execution 55 - TLS Mutual
s_connection: verify depth is 1
Handshake duration: 2246.16 ms
Execution 56 - TLS Mutual
s_connection: verify depth is 1
Handshake duration: 3837.25 ms
Execution 57 - TLS Mutual
s_connection: verify depth is 1
Handshake duration: 4470.52 ms
Execution 58 - TLS Mutual
s_connection: verify depth is 1
Handshake duration: 4088.43 ms
Execution 59 - TLS Mutual
s_connection: verify depth is 1
Handshake duration: 1209.74 ms
Execution 60 - TLS Mutual
s_connection: verify depth is 1
Handshake duration: 519.35 ms
Execution 61 - TLS Mutual
s_connection: verify depth is 1
Handshake duration: 2771.00 ms
Execution 62 - TLS Mutual
s_connection: verify depth is 1
Handshake duration: 128.02 ms
Execution 63 - TLS Mutual
s_connection: verify depth is 1
Handshake duration: 337.60 ms
Execution 64 - TLS Mutual
s_connection: verify depth is 1
Handshake duration: 2365.07 ms
Execution 65 - TLS Mutual
s_connection: verify depth is 1
Handshake duration: 6156.34 ms
Execution 66 - TLS Mutual
s_connection: verify depth is 1
Handshake duration: 350.31 ms
Execution 67 - TLS Mutual
s_connection: verify depth is 1
Handshake duration: 2992.63 ms
Execution 68 - TLS Mutual
s_connection: verify depth is 1
Handshake duration: 3420.10 ms
Execution 69 - TLS Mutual
s_connection: verify depth is 1
Handshake duration: 740.18 ms
Execution 70 - TLS Mutual
s_connection: verify depth is 1
Handshake duration: 11374.62 ms
Execution 71 - TLS Mutual
s_connection: verify depth is 1
Handshake duration: 112924.71 ms
Execution 72 - TLS Mutual
s_connection: verify depth is 1
Handshake duration: 989.17 ms
Execution 73 - TLS Mutual
s_connection: verify depth is 1
Handshake duration: 329.39 ms
Execution 74 - TLS Mutual
s_connection: verify depth is 1
Handshake duration: 4219.12 ms
Execution 75 - TLS Mutual
s_connection: verify depth is 1
Handshake duration: 3214.97 ms
Execution 76 - TLS Mutual
s_connection: verify depth is 1
Handshake duration: 6554.27 ms
Execution 77 - TLS Mutual
s_connection: verify depth is 1
Handshake duration: 720.85 ms
Execution 78 - TLS Mutual
s_connection: verify depth is 1
Handshake duration: 540.13 ms
Execution 79 - TLS Mutual
s_connection: verify depth is 1
Handshake duration: 1371.35 ms
Execution 80 - TLS Mutual
s_connection: verify depth is 1
Handshake duration: 1926.46 ms
Execution 81 - TLS Mutual
s_connection: verify depth is 1
Handshake duration: 14724.41 ms
Execution 82 - TLS Mutual
s_connection: verify depth is 1
Handshake duration: 514.96 ms
Execution 83 - TLS Mutual
s_connection: verify depth is 1
Handshake duration: 1561.13 ms
Execution 84 - TLS Mutual
s_connection: verify depth is 1
Handshake duration: 2196.35 ms
Execution 85 - TLS Mutual
s_connection: verify depth is 1
Handshake duration: 2192.30 ms
Execution 86 - TLS Mutual
s_connection: verify depth is 1
Handshake duration: 129.80 ms
Execution 87 - TLS Mutual
s_connection: verify depth is 1
Handshake duration: 10093.48 ms
Execution 88 - TLS Mutual
s_connection: verify depth is 1
Handshake duration: 3192.45 ms
Execution 89 - TLS Mutual
s_connection: verify depth is 1
Handshake duration: 2168.86 ms
Execution 90 - TLS Mutual
s_connection: verify depth is 1
Handshake duration: 9424.92 ms
Execution 91 - TLS Mutual
s_connection: verify depth is 1
Handshake duration: 128.73 ms
Execution 92 - TLS Mutual
s_connection: verify depth is 1
Handshake duration: 15746.95 ms
Execution 93 - TLS Mutual
s_connection: verify depth is 1
Handshake duration: 716.94 ms
Execution 94 - TLS Mutual
s_connection: verify depth is 1
Handshake duration: 128.44 ms
Execution 95 - TLS Mutual
s_connection: verify depth is 1
Handshake duration: 4491.94 ms
Execution 96 - TLS Mutual
s_connection: verify depth is 1
Handshake duration: 128.39 ms
Execution 97 - TLS Mutual
s_connection: verify depth is 1
Handshake duration: 3175.76 ms
Execution 98 - TLS Mutual
s_connection: verify depth is 1
Handshake duration: 3830.18 ms
Execution 99 - TLS Mutual
s_connection: verify depth is 1
Handshake duration: 13558.51 ms
Execution 100 - TLS Mutual
s_connection: verify depth is 1
Handshake duration: 132.53 ms
Execution 101 - TLS Mutual
s_connection: verify depth is 1
Handshake duration: 12550.36 ms
Execution 102 - TLS Mutual
s_connection: verify depth is 1
Handshake duration: 4620.79 ms
Execution 103 - TLS Mutual
s_connection: verify depth is 1
Handshake duration: 3643.77 ms
Execution 104 - TLS Mutual
s_connection: verify depth is 1
Handshake duration: 5243.08 ms
Execution 105 - TLS Mutual
s_connection: verify depth is 1
Handshake duration: 1367.10 ms
Execution 106 - TLS Mutual
s_connection: verify depth is 1
Handshake duration: 2793.86 ms
Execution 107 - TLS Mutual
s_connection: verify depth is 1
Handshake duration: 3614.02 ms
Execution 108 - TLS Mutual
s_connection: verify depth is 1
Handshake duration: 3632.84 ms
Execution 109 - TLS Mutual
s_connection: verify depth is 1
Handshake duration: 108754.24 ms
Execution 110 - TLS Mutual
s_connection: verify depth is 1
Handshake duration: 1829.42 ms
Execution 111 - TLS Mutual
s_connection: verify depth is 1
Handshake duration: 4650.12 ms
Execution 112 - TLS Mutual
s_connection: verify depth is 1
Handshake duration: 2684.00 ms
Execution 113 - TLS Mutual
s_connection: verify depth is 1
Handshake duration: 1815.97 ms
Execution 114 - TLS Mutual
s_connection: verify depth is 1
Handshake duration: 7863.52 ms
Execution 115 - TLS Mutual
s_connection: verify depth is 1
Handshake duration: 53791.58 ms
Execution 116 - TLS Mutual
s_connection: verify depth is 1
Handshake duration: 952.13 ms
Execution 117 - TLS Mutual
s_connection: verify depth is 1
Handshake duration: 369.21 ms
Execution 118 - TLS Mutual
s_connection: verify depth is 1
Handshake duration: 945.24 ms
Execution 119 - TLS Mutual
s_connection: verify depth is 1
Handshake duration: 1205.79 ms
Execution 120 - TLS Mutual
s_connection: verify depth is 1
Handshake duration: 364.41 ms
Execution 121 - TLS Mutual
s_connection: verify depth is 1
Handshake duration: 549.10 ms
Execution 122 - TLS Mutual
s_connection: verify depth is 1
Handshake duration: 128.28 ms
Execution 123 - TLS Mutual
s_connection: verify depth is 1
Handshake duration: 128.03 ms
Execution 124 - TLS Mutual
s_connection: verify depth is 1
Handshake duration: 10005.40 ms
Execution 125 - TLS Mutual
s_connection: verify depth is 1
Handshake duration: 540.38 ms
