Handshake timeout budget: 150s (identique TLS/QUIC)
Applying netem rules to lo...
Showing qdisc status for the interface: lo
qdisc netem 8f96: root refcnt 2 limit 1000 seed 9948874295321065318
 Sent 0 bytes 0 pkt (dropped 0, overlimits 0 requeues 0) 
 backlog 0b 0p requeues 0
Running ./perftestClientTlsQuic.sh with SIG_ALG=ed25519 and KEM_ALG=p256_hqc128
Execution 1 - TLS Mutual
s_connection: verify depth is 1
Handshake duration: 27.91 ms
Execution 2 - TLS Mutual
s_connection: verify depth is 1
Handshake duration: 468.58 ms
Execution 3 - TLS Mutual
s_connection: verify depth is 1
Handshake duration: 6503.91 ms
Execution 4 - TLS Mutual
s_connection: verify depth is 1
Handshake duration: 431.94 ms
Execution 5 - TLS Mutual
s_connection: verify depth is 1
Handshake duration: 27.82 ms
Execution 6 - TLS Mutual
s_connection: verify depth is 1
Handshake duration: 3762.99 ms
Execution 7 - TLS Mutual
s_connection: verify depth is 1
Handshake duration: 3564.06 ms
Execution 8 - TLS Mutual
s_connection: verify depth is 1
Handshake duration: 1711.95 ms
Execution 9 - TLS Mutual
s_connection: verify depth is 1
Handshake duration: 237.57 ms
Execution 10 - TLS Mutual
s_connection: verify depth is 1
Handshake duration: 3381.59 ms
Execution 11 - TLS Mutual
s_connection: verify depth is 1
Handshake duration: 30.59 ms
Execution 12 - TLS Mutual
s_connection: verify depth is 1
Handshake duration: 25.54 ms
Execution 13 - TLS Mutual
s_connection: verify depth is 1
Handshake duration: 1294.82 ms
Execution 14 - TLS Mutual
s_connection: verify depth is 1
Handshake duration: 880.82 ms
Execution 15 - TLS Mutual
s_connection: verify depth is 1
Handshake duration: 1659.39 ms
Execution 16 - TLS Mutual
s_connection: verify depth is 1
Handshake duration: 4218.74 ms
Execution 17 - TLS Mutual
s_connection: verify depth is 1
Handshake duration: 53168.47 ms
Execution 18 - TLS Mutual
s_connection: verify depth is 1
Handshake duration: 432.30 ms
Execution 19 - TLS Mutual
s_connection: verify depth is 1
Handshake duration: 233.49 ms
Execution 20 - TLS Mutual
s_connection: verify depth is 1
Handshake duration: 29.70 ms
Execution 21 - TLS Mutual
s_connection: verify depth is 1
Handshake duration: 25.52 ms
Execution 22 - TLS Mutual
s_connection: verify depth is 1
Handshake duration: 1065.77 ms
Execution 23 - TLS Mutual
s_connection: verify depth is 1
Handshake duration: 27.95 ms
Execution 24 - TLS Mutual
s_connection: verify depth is 1
Handshake duration: 652.06 ms
Execution 25 - TLS Mutual
s_connection: verify depth is 1
Handshake duration: 2528.53 ms
Execution 26 - TLS Mutual
s_connection: verify depth is 1
Handshake duration: 1460.60 ms
Execution 27 - TLS Mutual
s_connection: verify depth is 1
Handshake duration: 1128.92 ms
Execution 28 - TLS Mutual
s_connection: verify depth is 1
Handshake duration: 5864.45 ms
Execution 29 - TLS Mutual
s_connection: verify depth is 1
Handshake duration: 250.49 ms
Execution 30 - TLS Mutual
s_connection: verify depth is 1
Handshake duration: 3765.10 ms
Execution 31 - TLS Mutual
s_connection: verify depth is 1
Handshake duration: 1515.34 ms
Execution 32 - TLS Mutual
s_connection: verify depth is 1
Handshake duration: 3313.23 ms
Execution 33 - TLS Mutual
s_connection: verify depth is 1
Handshake duration: 439.29 ms
Execution 34 - TLS Mutual
s_connection: verify depth is 1
Handshake duration: 865.77 ms
Execution 35 - TLS Mutual
s_connection: verify depth is 1
Handshake duration: 2504.09 ms
Execution 36 - TLS Mutual
s_connection: verify depth is 1
Handshake duration: 645.37 ms
Execution 37 - TLS Mutual
s_connection: verify depth is 1
Handshake duration: 27.05 ms
Execution 38 - TLS Mutual
s_connection: verify depth is 1
Handshake duration: 25.94 ms
Execution 39 - TLS Mutual
s_connection: verify depth is 1
Handshake duration: 263.49 ms
Execution 40 - TLS Mutual
s_connection: verify depth is 1
Handshake duration: 27.59 ms
Execution 41 - TLS Mutual
s_connection: verify depth is 1
Handshake duration: 2741.87 ms
Execution 42 - TLS Mutual
s_connection: verify depth is 1
Handshake duration: 2068.09 ms
Execution 43 - TLS Mutual
s_connection: verify depth is 1
Handshake duration: 19947.23 ms
Execution 44 - TLS Mutual
s_connection: verify depth is 1
Handshake duration: 3408.05 ms
Execution 45 - TLS Mutual
s_connection: verify depth is 1
Handshake duration: 31.92 ms
Execution 46 - TLS Mutual
s_connection: verify depth is 1
Handshake duration: 25.26 ms
Execution 47 - TLS Mutual
s_connection: verify depth is 1
Handshake duration: 3298.95 ms
Execution 48 - TLS Mutual
s_connection: verify depth is 1
Handshake duration: 659.18 ms
Execution 49 - TLS Mutual
s_connection: verify depth is 1
Handshake duration: 27.23 ms
Execution 50 - TLS Mutual
s_connection: verify depth is 1
Handshake duration: 1695.62 ms
Execution 51 - TLS Mutual
s_connection: verify depth is 1
Handshake duration: 26.24 ms
Execution 52 - TLS Mutual
s_connection: verify depth is 1
Handshake duration: 27.43 ms
Execution 53 - TLS Mutual
s_connection: verify depth is 1
Handshake duration: 236.76 ms
Execution 54 - TLS Mutual
s_connection: verify depth is 1
Handshake duration: 4164.21 ms
Execution 55 - TLS Mutual
s_connection: verify depth is 1
Handshake duration: 438.44 ms
Execution 56 - TLS Mutual
s_connection: verify depth is 1
Handshake duration: 8867.14 ms
Execution 57 - TLS Mutual
s_connection: verify depth is 1
Handshake duration: 5703.78 ms
Execution 58 - TLS Mutual
s_connection: verify depth is 1
Handshake duration: 851.78 ms
Execution 59 - TLS Mutual
s_connection: verify depth is 1
Handshake duration: 2556.13 ms
Execution 60 - TLS Mutual
s_connection: verify depth is 1
Handshake duration: 107581.34 ms
Execution 61 - TLS Mutual
s_connection: verify depth is 1
Handshake duration: 1315.88 ms
Execution 62 - TLS Mutual
s_connection: verify depth is 1
Handshake duration: 27.21 ms
Execution 63 - TLS Mutual
s_connection: verify depth is 1
Handshake duration: 3312.91 ms
Execution 64 - TLS Mutual
s_connection: verify depth is 1
Handshake duration: 2719.75 ms
Execution 65 - TLS Mutual
s_connection: verify depth is 1
Handshake duration: 27.58 ms
Execution 66 - TLS Mutual
s_connection: verify depth is 1
Handshake duration: 26.97 ms
Execution 67 - TLS Mutual
s_connection: verify depth is 1
Handshake duration: 6643.30 ms
Execution 68 - TLS Mutual
s_connection: verify depth is 1
Handshake duration: 239.03 ms
Execution 69 - TLS Mutual
s_connection: verify depth is 1
Handshake duration: 439.14 ms
Execution 70 - TLS Mutual
s_connection: verify depth is 1
Handshake duration: 264.59 ms
Execution 71 - TLS Mutual
s_connection: verify depth is 1
Handshake duration: 32.62 ms
Execution 72 - TLS Mutual
s_connection: verify depth is 1
Handshake duration: 27.98 ms
Execution 73 - TLS Mutual
s_connection: verify depth is 1
Handshake duration: 28.45 ms
Execution 74 - TLS Mutual
s_connection: verify depth is 1
Handshake duration: 24.82 ms
Execution 75 - TLS Mutual
s_connection: verify depth is 1
Handshake duration: 433.72 ms
Execution 76 - TLS Mutual
s_connection: verify depth is 1
Handshake duration: 473.36 ms
Execution 77 - TLS Mutual
s_connection: verify depth is 1
Handshake duration: 26.69 ms
Execution 78 - TLS Mutual
s_connection: verify depth is 1
Handshake duration: 266.79 ms
Execution 79 - TLS Mutual
s_connection: verify depth is 1
Handshake duration: 232.67 ms
Execution 80 - TLS Mutual
s_connection: verify depth is 1
Handshake duration: 29.97 ms
Execution 81 - TLS Mutual
s_connection: verify depth is 1
Handshake duration: 2296.06 ms
Execution 82 - TLS Mutual
s_connection: verify depth is 1
Handshake duration: 1248.35 ms
Execution 83 - TLS Mutual
s_connection: verify depth is 1
Handshake duration: 31.45 ms
Execution 84 - TLS Mutual
s_connection: verify depth is 1
Handshake duration: 26.31 ms
Execution 85 - TLS Mutual
s_connection: verify depth is 1
Handshake duration: 262.22 ms
Execution 86 - TLS Mutual
s_connection: verify depth is 1
Handshake duration: 1314.06 ms
Execution 87 - TLS Mutual
s_connection: verify depth is 1
Handshake duration: 1273.24 ms
Execution 88 - TLS Mutual
s_connection: verify depth is 1
Handshake duration: 1848.56 ms
Execution 89 - TLS Mutual
s_connection: verify depth is 1
Handshake duration: 457.45 ms
Execution 90 - TLS Mutual
s_connection: verify depth is 1
Handshake duration: 265.53 ms
Execution 91 - TLS Mutual
s_connection: verify depth is 1
Handshake duration: 1278.25 ms
Execution 92 - TLS Mutual
s_connection: verify depth is 1
Handshake duration: 1099.17 ms
Execution 93 - TLS Mutual
s_connection: verify depth is 1
Handshake duration: 667.52 ms
Execution 94 - TLS Mutual
s_connection: verify depth is 1
Handshake duration: 13298.88 ms
Execution 95 - TLS Mutual
s_connection: verify depth is 1
Handshake duration: 3362.28 ms
Execution 96 - TLS Mutual
s_connection: verify depth is 1
Handshake duration: 4171.03 ms
Execution 97 - TLS Mutual
s_connection: verify depth is 1
Handshake duration: 7656.09 ms
Execution 98 - TLS Mutual
s_connection: verify depth is 1
Handshake duration: 5619.72 ms
Execution 99 - TLS Mutual
s_connection: verify depth is 1
Handshake duration: 27.39 ms
Execution 100 - TLS Mutual
s_connection: verify depth is 1
Handshake duration: NaN ms  (client-side timeout after 150s)
Execution 101 - TLS Mutual
s_connection: verify depth is 1
Handshake duration: 1248.13 ms
Execution 102 - TLS Mutual
s_connection: verify depth is 1
Handshake duration: 2089.77 ms
Execution 103 - TLS Mutual
s_connection: verify depth is 1
Handshake duration: 29.37 ms
Execution 104 - TLS Mutual
s_connection: verify depth is 1
Handshake duration: 230.45 ms
Execution 105 - TLS Mutual
s_connection: verify depth is 1
Handshake duration: 1336.68 ms
Execution 106 - TLS Mutual
s_connection: verify depth is 1
Handshake duration: 32.48 ms
Execution 107 - TLS Mutual
s_connection: verify depth is 1
Handshake duration: 25.43 ms
Execution 108 - TLS Mutual
s_connection: verify depth is 1
Handshake duration: 1278.67 ms
Execution 109 - TLS Mutual
s_connection: verify depth is 1
Handshake duration: 860.92 ms
Execution 110 - TLS Mutual
s_connection: verify depth is 1
Handshake duration: 31.28 ms
Execution 111 - TLS Mutual
s_connection: verify depth is 1
Handshake duration: 25.99 ms
Execution 112 - TLS Mutual
s_connection: verify depth is 1
Handshake duration: 1068.56 ms
Execution 113 - TLS Mutual
s_connection: verify depth is 1
Handshake duration: 2532.00 ms
Execution 114 - TLS Mutual
s_connection: verify depth is 1
Handshake duration: 29.23 ms
Execution 115 - TLS Mutual
s_connection: verify depth is 1
Handshake duration: 2064.73 ms
Execution 116 - TLS Mutual
s_connection: verify depth is 1
Handshake duration: 1075.56 ms
Execution 117 - TLS Mutual
s_connection: verify depth is 1
Handshake duration: 7466.20 ms
Execution 118 - TLS Mutual
s_connection: verify depth is 1
Handshake duration: 839.64 ms
Execution 119 - TLS Mutual
s_connection: verify depth is 1
Handshake duration: 28.27 ms
Execution 120 - TLS Mutual
s_connection: verify depth is 1
Handshake duration: 840.38 ms
Execution 121 - TLS Mutual
s_connection: verify depth is 1
Handshake duration: 28.72 ms
Execution 122 - TLS Mutual
s_connection: verify depth is 1
Handshake duration: 2939.84 ms
Execution 123 - TLS Mutual
s_connection: verify depth is 1
Handshake duration: 29.35 ms
Execution 124 - TLS Mutual
s_connection: verify depth is 1
Handshake duration: 259.80 ms
Execution 125 - TLS Mutual
s_connection: verify depth is 1
Handshake duration: 241.10 ms
