Applying netem rules to lo...
Showing qdisc status for the interface: lo
qdisc netem 82b4: root refcnt 2 limit 1000 seed 1817569865040485792
 Sent 0 bytes 0 pkt (dropped 0, overlimits 0 requeues 0) 
 backlog 0b 0p requeues 0
Running ./perftestClientTlsQuic.sh with SIG_ALG=secp384r1 and KEM_ALG=p384_hqc192
Execution 1 - TLS Single
s_connection: verify depth is 1
Handshake duration: 611.87 ms
Execution 2 - TLS Single
s_connection: verify depth is 1
Handshake duration: 450.40 ms
Execution 3 - TLS Single
s_connection: verify depth is 1
Handshake duration: 475.71 ms
Execution 4 - TLS Single
s_connection: verify depth is 1
Handshake duration: 488.73 ms
Execution 5 - TLS Single
s_connection: verify depth is 1
Handshake duration: 469.19 ms
Execution 6 - TLS Single
s_connection: verify depth is 1
Handshake duration: 461.14 ms
Execution 7 - TLS Single
s_connection: verify depth is 1
Handshake duration: 486.96 ms
Execution 8 - TLS Single
s_connection: verify depth is 1
Handshake duration: 456.01 ms
Execution 9 - TLS Single
s_connection: verify depth is 1
Handshake duration: 488.37 ms
Execution 10 - TLS Single
s_connection: verify depth is 1
Handshake duration: 484.16 ms
Execution 11 - TLS Single
s_connection: verify depth is 1
Handshake duration: 496.59 ms
Execution 12 - TLS Single
s_connection: verify depth is 1
Handshake duration: 460.39 ms
Execution 13 - TLS Single
s_connection: verify depth is 1
Handshake duration: 463.36 ms
Execution 14 - TLS Single
s_connection: verify depth is 1
Handshake duration: 480.53 ms
Execution 15 - TLS Single
s_connection: verify depth is 1
Handshake duration: 466.69 ms
Execution 16 - TLS Single
s_connection: verify depth is 1
Handshake duration: 484.79 ms
Execution 17 - TLS Single
s_connection: verify depth is 1
Handshake duration: 484.58 ms
Execution 18 - TLS Single
s_connection: verify depth is 1
Handshake duration: 478.57 ms
Execution 19 - TLS Single
s_connection: verify depth is 1
Handshake duration: 485.31 ms
Execution 20 - TLS Single
s_connection: verify depth is 1
Handshake duration: 486.84 ms
Execution 21 - TLS Single
s_connection: verify depth is 1
Handshake duration: 457.61 ms
Execution 22 - TLS Single
s_connection: verify depth is 1
Handshake duration: 459.83 ms
Execution 23 - TLS Single
s_connection: verify depth is 1
Handshake duration: 487.56 ms
Execution 24 - TLS Single
s_connection: verify depth is 1
Handshake duration: 462.43 ms
Execution 25 - TLS Single
s_connection: verify depth is 1
Handshake duration: 464.19 ms
Execution 26 - TLS Single
s_connection: verify depth is 1
Handshake duration: 468.75 ms
Execution 27 - TLS Single
s_connection: verify depth is 1
Handshake duration: 471.58 ms
Execution 28 - TLS Single
s_connection: verify depth is 1
Handshake duration: 483.11 ms
Execution 29 - TLS Single
s_connection: verify depth is 1
Handshake duration: 463.90 ms
Execution 30 - TLS Single
s_connection: verify depth is 1
Handshake duration: 621.07 ms
Execution 31 - TLS Single
s_connection: verify depth is 1
Handshake duration: 480.35 ms
Execution 32 - TLS Single
s_connection: verify depth is 1
Handshake duration: 490.29 ms
Execution 33 - TLS Single
s_connection: verify depth is 1
Handshake duration: 458.86 ms
Execution 34 - TLS Single
s_connection: verify depth is 1
Handshake duration: 484.63 ms
Execution 35 - TLS Single
s_connection: verify depth is 1
Handshake duration: 472.18 ms
Execution 36 - TLS Single
s_connection: verify depth is 1
Handshake duration: 488.10 ms
Execution 37 - TLS Single
s_connection: verify depth is 1
Handshake duration: 481.59 ms
Execution 38 - TLS Single
s_connection: verify depth is 1
Handshake duration: 490.04 ms
Execution 39 - TLS Single
s_connection: verify depth is 1
Handshake duration: 476.91 ms
Execution 40 - TLS Single
s_connection: verify depth is 1
Handshake duration: 479.43 ms
Execution 41 - TLS Single
s_connection: verify depth is 1
Handshake duration: 480.76 ms
Execution 42 - TLS Single
s_connection: verify depth is 1
Handshake duration: 493.44 ms
Execution 43 - TLS Single
s_connection: verify depth is 1
Handshake duration: 451.76 ms
Execution 44 - TLS Single
s_connection: verify depth is 1
Handshake duration: 464.96 ms
Execution 45 - TLS Single
s_connection: verify depth is 1
Handshake duration: 455.99 ms
Execution 46 - TLS Single
s_connection: verify depth is 1
Handshake duration: 485.48 ms
Execution 47 - TLS Single
s_connection: verify depth is 1
Handshake duration: 478.69 ms
Execution 48 - TLS Single
s_connection: verify depth is 1
Handshake duration: 480.18 ms
Execution 49 - TLS Single
s_connection: verify depth is 1
Handshake duration: 491.13 ms
Execution 50 - TLS Single
s_connection: verify depth is 1
Handshake duration: 457.15 ms
Execution 51 - TLS Single
s_connection: verify depth is 1
Handshake duration: 464.43 ms
Execution 52 - TLS Single
s_connection: verify depth is 1
Handshake duration: 484.05 ms
Execution 53 - TLS Single
s_connection: verify depth is 1
Handshake duration: 457.52 ms
Execution 54 - TLS Single
s_connection: verify depth is 1
Handshake duration: 486.21 ms
Execution 55 - TLS Single
s_connection: verify depth is 1
Handshake duration: 490.96 ms
Execution 56 - TLS Single
s_connection: verify depth is 1
Handshake duration: 484.57 ms
Execution 57 - TLS Single
s_connection: verify depth is 1
Handshake duration: 483.73 ms
Execution 58 - TLS Single
s_connection: verify depth is 1
Handshake duration: 458.19 ms
Execution 59 - TLS Single
s_connection: verify depth is 1
Handshake duration: 780.83 ms
Execution 60 - TLS Single
s_connection: verify depth is 1
Handshake duration: 481.38 ms
Execution 61 - TLS Single
s_connection: verify depth is 1
Handshake duration: 465.61 ms
Execution 62 - TLS Single
s_connection: verify depth is 1
Handshake duration: 480.20 ms
Execution 63 - TLS Single
s_connection: verify depth is 1
Handshake duration: 493.76 ms
Execution 64 - TLS Single
s_connection: verify depth is 1
Handshake duration: 492.10 ms
Execution 65 - TLS Single
s_connection: verify depth is 1
Handshake duration: 469.10 ms
Execution 66 - TLS Single
s_connection: verify depth is 1
Handshake duration: 459.86 ms
Execution 67 - TLS Single
s_connection: verify depth is 1
Handshake duration: 485.84 ms
Execution 68 - TLS Single
s_connection: verify depth is 1
Handshake duration: 480.05 ms
Execution 69 - TLS Single
s_connection: verify depth is 1
Handshake duration: 489.13 ms
Execution 70 - TLS Single
s_connection: verify depth is 1
Handshake duration: 466.66 ms
Execution 71 - TLS Single
s_connection: verify depth is 1
Handshake duration: 485.29 ms
Execution 72 - TLS Single
s_connection: verify depth is 1
Handshake duration: 376.87 ms
Execution 73 - TLS Single
s_connection: verify depth is 1
Handshake duration: 402.70 ms
Execution 74 - TLS Single
s_connection: verify depth is 1
Handshake duration: 481.93 ms
Execution 75 - TLS Single
s_connection: verify depth is 1
Handshake duration: 460.82 ms
Execution 76 - TLS Single
s_connection: verify depth is 1
Handshake duration: 462.30 ms
Execution 77 - TLS Single
s_connection: verify depth is 1
Handshake duration: 484.54 ms
Execution 78 - TLS Single
s_connection: verify depth is 1
Handshake duration: 457.41 ms
Execution 79 - TLS Single
s_connection: verify depth is 1
Handshake duration: 480.30 ms
Execution 80 - TLS Single
s_connection: verify depth is 1
Handshake duration: 465.41 ms
Execution 81 - TLS Single
s_connection: verify depth is 1
Handshake duration: 465.15 ms
Execution 82 - TLS Single
s_connection: verify depth is 1
Handshake duration: 478.29 ms
Execution 83 - TLS Single
s_connection: verify depth is 1
Handshake duration: 486.55 ms
Execution 84 - TLS Single
s_connection: verify depth is 1
Handshake duration: 487.88 ms
Execution 85 - TLS Single
s_connection: verify depth is 1
Handshake duration: 457.95 ms
Execution 86 - TLS Single
s_connection: verify depth is 1
Handshake duration: 463.47 ms
Execution 87 - TLS Single
s_connection: verify depth is 1
Handshake duration: 461.19 ms
Execution 88 - TLS Single
s_connection: verify depth is 1
Handshake duration: 493.42 ms
Execution 89 - TLS Single
s_connection: verify depth is 1
Handshake duration: 482.50 ms
Execution 90 - TLS Single
s_connection: verify depth is 1
Handshake duration: 487.38 ms
Execution 91 - TLS Single
s_connection: verify depth is 1
Handshake duration: 474.57 ms
Execution 92 - TLS Single
s_connection: verify depth is 1
Handshake duration: 782.01 ms
Execution 93 - TLS Single
s_connection: verify depth is 1
Handshake duration: 484.48 ms
Execution 94 - TLS Single
s_connection: verify depth is 1
Handshake duration: 367.94 ms
Execution 95 - TLS Single
s_connection: verify depth is 1
Handshake duration: 469.17 ms
Execution 96 - TLS Single
s_connection: verify depth is 1
Handshake duration: 464.74 ms
Execution 97 - TLS Single
s_connection: verify depth is 1
Handshake duration: 481.97 ms
Execution 98 - TLS Single
s_connection: verify depth is 1
Handshake duration: 482.74 ms
Execution 99 - TLS Single
s_connection: verify depth is 1
Handshake duration: 480.89 ms
Execution 100 - TLS Single
s_connection: verify depth is 1
Handshake duration: 484.32 ms
Execution 101 - TLS Single
s_connection: verify depth is 1
Handshake duration: 487.28 ms
Execution 102 - TLS Single
s_connection: verify depth is 1
Handshake duration: 449.33 ms
Execution 103 - TLS Single
s_connection: verify depth is 1
Handshake duration: 461.40 ms
Execution 104 - TLS Single
s_connection: verify depth is 1
Handshake duration: 482.90 ms
Execution 105 - TLS Single
s_connection: verify depth is 1
Handshake duration: 479.90 ms
Execution 106 - TLS Single
s_connection: verify depth is 1
Handshake duration: 489.05 ms
Execution 107 - TLS Single
s_connection: verify depth is 1
Handshake duration: 492.47 ms
Execution 108 - TLS Single
s_connection: verify depth is 1
Handshake duration: 463.20 ms
Execution 109 - TLS Single
s_connection: verify depth is 1
Handshake duration: 475.97 ms
Execution 110 - TLS Single
s_connection: verify depth is 1
Handshake duration: 485.09 ms
Execution 111 - TLS Single
s_connection: verify depth is 1
Handshake duration: 484.75 ms
Execution 112 - TLS Single
s_connection: verify depth is 1
Handshake duration: 463.16 ms
Execution 113 - TLS Single
s_connection: verify depth is 1
Handshake duration: 480.21 ms
Execution 114 - TLS Single
s_connection: verify depth is 1
Handshake duration: 461.55 ms
Execution 115 - TLS Single
s_connection: verify depth is 1
Handshake duration: 484.34 ms
Execution 116 - TLS Single
s_connection: verify depth is 1
Handshake duration: 491.84 ms
Execution 117 - TLS Single
s_connection: verify depth is 1
Handshake duration: 465.92 ms
Execution 118 - TLS Single
s_connection: verify depth is 1
Handshake duration: 481.81 ms
Execution 119 - TLS Single
s_connection: verify depth is 1
Handshake duration: 478.45 ms
Execution 120 - TLS Single
s_connection: verify depth is 1
Handshake duration: 478.87 ms
Execution 121 - TLS Single
s_connection: verify depth is 1
Handshake duration: 613.59 ms
Execution 122 - TLS Single
s_connection: verify depth is 1
Handshake duration: 467.96 ms
Execution 123 - TLS Single
s_connection: verify depth is 1
Handshake duration: 485.99 ms
Execution 124 - TLS Single
s_connection: verify depth is 1
Handshake duration: 466.93 ms
Execution 125 - TLS Single
s_connection: verify depth is 1
Handshake duration: 462.46 ms
Execution 126 - TLS Single
s_connection: verify depth is 1
Handshake duration: 447.63 ms
Execution 127 - TLS Single
s_connection: verify depth is 1
Handshake duration: 455.86 ms
Execution 128 - TLS Single
s_connection: verify depth is 1
Handshake duration: 462.08 ms
Execution 129 - TLS Single
s_connection: verify depth is 1
Handshake duration: 482.67 ms
Execution 130 - TLS Single
s_connection: verify depth is 1
Handshake duration: 452.54 ms
Execution 131 - TLS Single
s_connection: verify depth is 1
Handshake duration: 456.45 ms
Execution 132 - TLS Single
s_connection: verify depth is 1
Handshake duration: 463.80 ms
Execution 133 - TLS Single
s_connection: verify depth is 1
Handshake duration: 478.85 ms
Execution 134 - TLS Single
s_connection: verify depth is 1
Handshake duration: 448.13 ms
Execution 135 - TLS Single
s_connection: verify depth is 1
Handshake duration: 475.43 ms
Execution 136 - TLS Single
s_connection: verify depth is 1
Handshake duration: 446.71 ms
Execution 137 - TLS Single
s_connection: verify depth is 1
Handshake duration: 477.61 ms
Execution 138 - TLS Single
s_connection: verify depth is 1
Handshake duration: 463.64 ms
Execution 139 - TLS Single
s_connection: verify depth is 1
Handshake duration: 467.34 ms
Execution 140 - TLS Single
s_connection: verify depth is 1
Handshake duration: 470.47 ms
Execution 141 - TLS Single
s_connection: verify depth is 1
Handshake duration: 459.37 ms
Execution 142 - TLS Single
s_connection: verify depth is 1
Handshake duration: 473.72 ms
Execution 143 - TLS Single
s_connection: verify depth is 1
Handshake duration: 483.46 ms
Execution 144 - TLS Single
s_connection: verify depth is 1
Handshake duration: 481.03 ms
Execution 145 - TLS Single
s_connection: verify depth is 1
Handshake duration: 471.46 ms
Execution 146 - TLS Single
s_connection: verify depth is 1
Handshake duration: 473.92 ms
Execution 147 - TLS Single
s_connection: verify depth is 1
Handshake duration: 471.07 ms
Execution 148 - TLS Single
s_connection: verify depth is 1
Handshake duration: 457.72 ms
Execution 149 - TLS Single
s_connection: verify depth is 1
Handshake duration: 476.41 ms
Execution 150 - TLS Single
s_connection: verify depth is 1
Handshake duration: 443.99 ms
Execution 151 - TLS Single
s_connection: verify depth is 1
Handshake duration: 466.12 ms
Execution 152 - TLS Single
s_connection: verify depth is 1
Handshake duration: 457.01 ms
Execution 153 - TLS Single
s_connection: verify depth is 1
Handshake duration: 479.21 ms
Execution 154 - TLS Single
s_connection: verify depth is 1
Handshake duration: 463.24 ms
Execution 155 - TLS Single
s_connection: verify depth is 1
Handshake duration: 479.82 ms
Execution 156 - TLS Single
s_connection: verify depth is 1
Handshake duration: 479.09 ms
Execution 157 - TLS Single
s_connection: verify depth is 1
Handshake duration: 483.48 ms
Execution 158 - TLS Single
s_connection: verify depth is 1
Handshake duration: 458.39 ms
Execution 159 - TLS Single
s_connection: verify depth is 1
Handshake duration: 486.71 ms
Execution 160 - TLS Single
s_connection: verify depth is 1
Handshake duration: 487.29 ms
Execution 161 - TLS Single
s_connection: verify depth is 1
Handshake duration: 484.42 ms
Execution 162 - TLS Single
s_connection: verify depth is 1
Handshake duration: 480.58 ms
Execution 163 - TLS Single
s_connection: verify depth is 1
Handshake duration: 483.72 ms
Execution 164 - TLS Single
s_connection: verify depth is 1
Handshake duration: 462.16 ms
Execution 165 - TLS Single
s_connection: verify depth is 1
Handshake duration: 459.14 ms
Execution 166 - TLS Single
s_connection: verify depth is 1
Handshake duration: 488.37 ms
Execution 167 - TLS Single
s_connection: verify depth is 1
Handshake duration: 481.61 ms
Execution 168 - TLS Single
s_connection: verify depth is 1
Handshake duration: 458.38 ms
Execution 169 - TLS Single
s_connection: verify depth is 1
Handshake duration: 491.61 ms
Execution 170 - TLS Single
s_connection: verify depth is 1
Handshake duration: 483.51 ms
Execution 171 - TLS Single
s_connection: verify depth is 1
Handshake duration: 488.11 ms
Execution 172 - TLS Single
s_connection: verify depth is 1
Handshake duration: 461.06 ms
Execution 173 - TLS Single
s_connection: verify depth is 1
Handshake duration: 482.64 ms
Execution 174 - TLS Single
s_connection: verify depth is 1
Handshake duration: 482.26 ms
Execution 175 - TLS Single
s_connection: verify depth is 1
Handshake duration: 482.64 ms
Execution 176 - TLS Single
s_connection: verify depth is 1
Handshake duration: 479.03 ms
Execution 177 - TLS Single
s_connection: verify depth is 1
Handshake duration: 477.26 ms
Execution 178 - TLS Single
s_connection: verify depth is 1
Handshake duration: 461.15 ms
Execution 179 - TLS Single
s_connection: verify depth is 1
Handshake duration: 456.82 ms
Execution 180 - TLS Single
s_connection: verify depth is 1
Handshake duration: 459.24 ms
Execution 181 - TLS Single
s_connection: verify depth is 1
Handshake duration: 459.70 ms
Execution 182 - TLS Single
s_connection: verify depth is 1
Handshake duration: 460.16 ms
Execution 183 - TLS Single
s_connection: verify depth is 1
Handshake duration: 459.20 ms
Execution 184 - TLS Single
s_connection: verify depth is 1
Handshake duration: 411.03 ms
Execution 185 - TLS Single
s_connection: verify depth is 1
Handshake duration: 461.84 ms
Execution 186 - TLS Single
s_connection: verify depth is 1
Handshake duration: 466.32 ms
Execution 187 - TLS Single
s_connection: verify depth is 1
Handshake duration: 479.19 ms
Execution 188 - TLS Single
s_connection: verify depth is 1
Handshake duration: 490.40 ms
Execution 189 - TLS Single
s_connection: verify depth is 1
Handshake duration: 483.93 ms
Execution 190 - TLS Single
s_connection: verify depth is 1
Handshake duration: 352.85 ms
Execution 191 - TLS Single
s_connection: verify depth is 1
Handshake duration: 341.67 ms
Execution 192 - TLS Single
s_connection: verify depth is 1
Handshake duration: 454.04 ms
Execution 193 - TLS Single
s_connection: verify depth is 1
Handshake duration: 482.31 ms
Execution 194 - TLS Single
s_connection: verify depth is 1
Handshake duration: 472.62 ms
Execution 195 - TLS Single
s_connection: verify depth is 1
Handshake duration: 483.32 ms
Execution 196 - TLS Single
s_connection: verify depth is 1
Handshake duration: 443.38 ms
Execution 197 - TLS Single
s_connection: verify depth is 1
Handshake duration: 466.79 ms
Execution 198 - TLS Single
s_connection: verify depth is 1
Handshake duration: 448.02 ms
Execution 199 - TLS Single
s_connection: verify depth is 1
Handshake duration: 468.28 ms
Execution 200 - TLS Single
s_connection: verify depth is 1
Handshake duration: 482.19 ms
Execution 201 - TLS Single
s_connection: verify depth is 1
Handshake duration: 486.72 ms
Execution 202 - TLS Single
s_connection: verify depth is 1
Handshake duration: 471.63 ms
Execution 203 - TLS Single
s_connection: verify depth is 1
Handshake duration: 492.35 ms
Execution 204 - TLS Single
s_connection: verify depth is 1
Handshake duration: 479.85 ms
Execution 205 - TLS Single
s_connection: verify depth is 1
Handshake duration: 460.07 ms
Execution 206 - TLS Single
s_connection: verify depth is 1
Handshake duration: 484.80 ms
Execution 207 - TLS Single
s_connection: verify depth is 1
Handshake duration: 483.99 ms
Execution 208 - TLS Single
s_connection: verify depth is 1
Handshake duration: 459.90 ms
Execution 209 - TLS Single
s_connection: verify depth is 1
Handshake duration: 471.01 ms
Execution 210 - TLS Single
s_connection: verify depth is 1
Handshake duration: 918.97 ms
Execution 211 - TLS Single
s_connection: verify depth is 1
Handshake duration: 485.32 ms
Execution 212 - TLS Single
s_connection: verify depth is 1
Handshake duration: 459.92 ms
Execution 213 - TLS Single
s_connection: verify depth is 1
Handshake duration: 458.04 ms
Execution 214 - TLS Single
s_connection: verify depth is 1
Handshake duration: 487.88 ms
Execution 215 - TLS Single
s_connection: verify depth is 1
Handshake duration: 461.26 ms
Execution 216 - TLS Single
s_connection: verify depth is 1
Handshake duration: 487.50 ms
Execution 217 - TLS Single
s_connection: verify depth is 1
Handshake duration: 493.18 ms
Execution 218 - TLS Single
s_connection: verify depth is 1
Handshake duration: 483.45 ms
Execution 219 - TLS Single
s_connection: verify depth is 1
Handshake duration: 458.68 ms
Execution 220 - TLS Single
s_connection: verify depth is 1
Handshake duration: 436.84 ms
Execution 221 - TLS Single
s_connection: verify depth is 1
Handshake duration: 458.53 ms
Execution 222 - TLS Single
s_connection: verify depth is 1
Handshake duration: 460.16 ms
Execution 223 - TLS Single
s_connection: verify depth is 1
Handshake duration: 461.19 ms
Execution 224 - TLS Single
s_connection: verify depth is 1
Handshake duration: 485.37 ms
Execution 225 - TLS Single
s_connection: verify depth is 1
Handshake duration: 492.10 ms
Execution 226 - TLS Single
s_connection: verify depth is 1
Handshake duration: 459.29 ms
Execution 227 - TLS Single
s_connection: verify depth is 1
Handshake duration: 452.47 ms
Execution 228 - TLS Single
s_connection: verify depth is 1
Handshake duration: 462.50 ms
Execution 229 - TLS Single
s_connection: verify depth is 1
Handshake duration: 449.63 ms
Execution 230 - TLS Single
s_connection: verify depth is 1
Handshake duration: 488.95 ms
Execution 231 - TLS Single
s_connection: verify depth is 1
Handshake duration: 484.61 ms
Execution 232 - TLS Single
s_connection: verify depth is 1
Handshake duration: 487.49 ms
Execution 233 - TLS Single
s_connection: verify depth is 1
Handshake duration: 475.90 ms
Execution 234 - TLS Single
s_connection: verify depth is 1
Handshake duration: 484.25 ms
Execution 235 - TLS Single
s_connection: verify depth is 1
Handshake duration: 476.11 ms
Execution 236 - TLS Single
s_connection: verify depth is 1
Handshake duration: 461.86 ms
Execution 237 - TLS Single
s_connection: verify depth is 1
Handshake duration: 463.32 ms
Execution 238 - TLS Single
s_connection: verify depth is 1
Handshake duration: 463.76 ms
Execution 239 - TLS Single
s_connection: verify depth is 1
Handshake duration: 492.41 ms
Execution 240 - TLS Single
s_connection: verify depth is 1
Handshake duration: 500.14 ms
Execution 241 - TLS Single
s_connection: verify depth is 1
Handshake duration: 479.58 ms
Execution 242 - TLS Single
s_connection: verify depth is 1
Handshake duration: 462.39 ms
Execution 243 - TLS Single
s_connection: verify depth is 1
Handshake duration: 488.83 ms
Execution 244 - TLS Single
s_connection: verify depth is 1
Handshake duration: 470.43 ms
Execution 245 - TLS Single
s_connection: verify depth is 1
Handshake duration: 487.53 ms
Execution 246 - TLS Single
s_connection: verify depth is 1
Handshake duration: 483.54 ms
Execution 247 - TLS Single
s_connection: verify depth is 1
Handshake duration: 456.44 ms
Execution 248 - TLS Single
s_connection: verify depth is 1
Handshake duration: 468.76 ms
Execution 249 - TLS Single
s_connection: verify depth is 1
Handshake duration: 485.62 ms
Execution 250 - TLS Single
s_connection: verify depth is 1
Handshake duration: 476.00 ms
Execution 251 - TLS Single
s_connection: verify depth is 1
Handshake duration: 465.86 ms
Execution 252 - TLS Single
s_connection: verify depth is 1
Handshake duration: 460.64 ms
Execution 253 - TLS Single
s_connection: verify depth is 1
Handshake duration: 465.87 ms
Execution 254 - TLS Single
s_connection: verify depth is 1
Handshake duration: 480.35 ms
Execution 255 - TLS Single
s_connection: verify depth is 1
Handshake duration: 482.43 ms
Execution 256 - TLS Single
s_connection: verify depth is 1
Handshake duration: 479.73 ms
Execution 257 - TLS Single
s_connection: verify depth is 1
Handshake duration: 485.67 ms
Execution 258 - TLS Single
s_connection: verify depth is 1
Handshake duration: 486.23 ms
Execution 259 - TLS Single
s_connection: verify depth is 1
Handshake duration: 485.20 ms
Execution 260 - TLS Single
s_connection: verify depth is 1
Handshake duration: 485.47 ms
Execution 261 - TLS Single
s_connection: verify depth is 1
Handshake duration: 490.23 ms
Execution 262 - TLS Single
s_connection: verify depth is 1
Handshake duration: 454.45 ms
Execution 263 - TLS Single
s_connection: verify depth is 1
Handshake duration: 483.31 ms
Execution 264 - TLS Single
s_connection: verify depth is 1
Handshake duration: 466.80 ms
Execution 265 - TLS Single
s_connection: verify depth is 1
Handshake duration: 487.34 ms
Execution 266 - TLS Single
s_connection: verify depth is 1
Handshake duration: 454.89 ms
Execution 267 - TLS Single
s_connection: verify depth is 1
Handshake duration: 475.28 ms
Execution 268 - TLS Single
s_connection: verify depth is 1
Handshake duration: 468.73 ms
Execution 269 - TLS Single
s_connection: verify depth is 1
Handshake duration: 461.13 ms
Execution 270 - TLS Single
s_connection: verify depth is 1
Handshake duration: 458.18 ms
Execution 271 - TLS Single
s_connection: verify depth is 1
Handshake duration: 486.52 ms
Execution 272 - TLS Single
s_connection: verify depth is 1
Handshake duration: 466.09 ms
Execution 273 - TLS Single
s_connection: verify depth is 1
Handshake duration: 461.11 ms
Execution 274 - TLS Single
s_connection: verify depth is 1
Handshake duration: 483.92 ms
Execution 275 - TLS Single
s_connection: verify depth is 1
Handshake duration: 491.37 ms
Execution 276 - TLS Single
s_connection: verify depth is 1
Handshake duration: 462.76 ms
Execution 277 - TLS Single
s_connection: verify depth is 1
Handshake duration: 488.01 ms
Execution 278 - TLS Single
s_connection: verify depth is 1
Handshake duration: 493.76 ms
Execution 279 - TLS Single
s_connection: verify depth is 1
Handshake duration: 484.38 ms
Execution 280 - TLS Single
s_connection: verify depth is 1
Handshake duration: 481.46 ms
Execution 281 - TLS Single
s_connection: verify depth is 1
Handshake duration: 499.35 ms
Execution 282 - TLS Single
s_connection: verify depth is 1
Handshake duration: 484.97 ms
Execution 283 - TLS Single
s_connection: verify depth is 1
Handshake duration: 463.97 ms
Execution 284 - TLS Single
s_connection: verify depth is 1
Handshake duration: 489.81 ms
Execution 285 - TLS Single
s_connection: verify depth is 1
Handshake duration: 489.04 ms
Execution 286 - TLS Single
s_connection: verify depth is 1
Handshake duration: 445.21 ms
Execution 287 - TLS Single
s_connection: verify depth is 1
Handshake duration: 478.60 ms
Execution 288 - TLS Single
s_connection: verify depth is 1
Handshake duration: 468.13 ms
Execution 289 - TLS Single
s_connection: verify depth is 1
Handshake duration: 465.92 ms
Execution 290 - TLS Single
s_connection: verify depth is 1
Handshake duration: 487.55 ms
Execution 291 - TLS Single
s_connection: verify depth is 1
Handshake duration: 466.25 ms
Execution 292 - TLS Single
s_connection: verify depth is 1
Handshake duration: 464.65 ms
Execution 293 - TLS Single
s_connection: verify depth is 1
Handshake duration: 483.20 ms
Execution 294 - TLS Single
s_connection: verify depth is 1
Handshake duration: 482.28 ms
Execution 295 - TLS Single
s_connection: verify depth is 1
Handshake duration: 453.05 ms
Execution 296 - TLS Single
s_connection: verify depth is 1
Handshake duration: 455.84 ms
Execution 297 - TLS Single
s_connection: verify depth is 1
Handshake duration: 480.91 ms
Execution 298 - TLS Single
s_connection: verify depth is 1
Handshake duration: 484.69 ms
Execution 299 - TLS Single
s_connection: verify depth is 1
Handshake duration: 472.59 ms
Execution 300 - TLS Single
s_connection: verify depth is 1
Handshake duration: 458.56 ms
Execution 301 - TLS Single
s_connection: verify depth is 1
Handshake duration: 452.85 ms
Execution 302 - TLS Single
s_connection: verify depth is 1
Handshake duration: 423.02 ms
Execution 303 - TLS Single
s_connection: verify depth is 1
Handshake duration: 461.29 ms
Execution 304 - TLS Single
s_connection: verify depth is 1
Handshake duration: 453.54 ms
Execution 305 - TLS Single
s_connection: verify depth is 1
Handshake duration: 474.05 ms
Execution 306 - TLS Single
s_connection: verify depth is 1
Handshake duration: 455.81 ms
Execution 307 - TLS Single
s_connection: verify depth is 1
Handshake duration: 481.11 ms
Execution 308 - TLS Single
s_connection: verify depth is 1
Handshake duration: 424.78 ms
Execution 309 - TLS Single
s_connection: verify depth is 1
Handshake duration: 341.08 ms
Execution 310 - TLS Single
s_connection: verify depth is 1
Handshake duration: 449.34 ms
Execution 311 - TLS Single
s_connection: verify depth is 1
Handshake duration: 493.83 ms
Execution 312 - TLS Single
s_connection: verify depth is 1
Handshake duration: 482.59 ms
Execution 313 - TLS Single
s_connection: verify depth is 1
Handshake duration: 460.36 ms
Execution 314 - TLS Single
s_connection: verify depth is 1
Handshake duration: 454.44 ms
Execution 315 - TLS Single
s_connection: verify depth is 1
Handshake duration: 439.46 ms
Execution 316 - TLS Single
s_connection: verify depth is 1
Handshake duration: 455.72 ms
Execution 317 - TLS Single
s_connection: verify depth is 1
Handshake duration: 484.01 ms
Execution 318 - TLS Single
s_connection: verify depth is 1
Handshake duration: 449.92 ms
Execution 319 - TLS Single
s_connection: verify depth is 1
Handshake duration: 465.12 ms
Execution 320 - TLS Single
s_connection: verify depth is 1
Handshake duration: 446.83 ms
Execution 321 - TLS Single
s_connection: verify depth is 1
Handshake duration: 478.75 ms
Execution 322 - TLS Single
s_connection: verify depth is 1
Handshake duration: 470.52 ms
Execution 323 - TLS Single
s_connection: verify depth is 1
Handshake duration: 483.18 ms
Execution 324 - TLS Single
s_connection: verify depth is 1
Handshake duration: 475.85 ms
Execution 325 - TLS Single
s_connection: verify depth is 1
Handshake duration: 467.85 ms
Execution 326 - TLS Single
s_connection: verify depth is 1
Handshake duration: 478.94 ms
Execution 327 - TLS Single
s_connection: verify depth is 1
Handshake duration: 476.75 ms
Execution 328 - TLS Single
s_connection: verify depth is 1
Handshake duration: 450.51 ms
Execution 329 - TLS Single
s_connection: verify depth is 1
Handshake duration: 488.78 ms
Execution 330 - TLS Single
s_connection: verify depth is 1
Handshake duration: 455.99 ms
Execution 331 - TLS Single
s_connection: verify depth is 1
Handshake duration: 486.73 ms
Execution 332 - TLS Single
s_connection: verify depth is 1
Handshake duration: 476.35 ms
Execution 333 - TLS Single
s_connection: verify depth is 1
Handshake duration: 468.05 ms
Execution 334 - TLS Single
s_connection: verify depth is 1
Handshake duration: 480.66 ms
Execution 335 - TLS Single
s_connection: verify depth is 1
Handshake duration: 458.57 ms
Execution 336 - TLS Single
s_connection: verify depth is 1
Handshake duration: 455.98 ms
Execution 337 - TLS Single
s_connection: verify depth is 1
Handshake duration: 489.55 ms
Execution 338 - TLS Single
s_connection: verify depth is 1
Handshake duration: 461.43 ms
Execution 339 - TLS Single
s_connection: verify depth is 1
Handshake duration: 427.27 ms
Execution 340 - TLS Single
s_connection: verify depth is 1
Handshake duration: 486.27 ms
Execution 341 - TLS Single
s_connection: verify depth is 1
Handshake duration: 488.59 ms
Execution 342 - TLS Single
s_connection: verify depth is 1
Handshake duration: 482.87 ms
Execution 343 - TLS Single
s_connection: verify depth is 1
Handshake duration: 465.72 ms
Execution 344 - TLS Single
s_connection: verify depth is 1
Handshake duration: 495.59 ms
Execution 345 - TLS Single
s_connection: verify depth is 1
Handshake duration: 484.73 ms
Execution 346 - TLS Single
s_connection: verify depth is 1
Handshake duration: 459.60 ms
Execution 347 - TLS Single
s_connection: verify depth is 1
Handshake duration: 459.72 ms
Execution 348 - TLS Single
s_connection: verify depth is 1
Handshake duration: 459.27 ms
Execution 349 - TLS Single
s_connection: verify depth is 1
Handshake duration: 461.14 ms
Execution 350 - TLS Single
s_connection: verify depth is 1
Handshake duration: 486.97 ms
Execution 351 - TLS Single
s_connection: verify depth is 1
Handshake duration: 459.53 ms
Execution 352 - TLS Single
s_connection: verify depth is 1
Handshake duration: 485.63 ms
Execution 353 - TLS Single
s_connection: verify depth is 1
Handshake duration: 463.57 ms
Execution 354 - TLS Single
s_connection: verify depth is 1
Handshake duration: 460.70 ms
Execution 355 - TLS Single
s_connection: verify depth is 1
Handshake duration: 459.27 ms
Execution 356 - TLS Single
s_connection: verify depth is 1
Handshake duration: 482.99 ms
Execution 357 - TLS Single
s_connection: verify depth is 1
Handshake duration: 485.01 ms
Execution 358 - TLS Single
s_connection: verify depth is 1
Handshake duration: 488.39 ms
Execution 359 - TLS Single
s_connection: verify depth is 1
Handshake duration: 461.15 ms
Execution 360 - TLS Single
s_connection: verify depth is 1
Handshake duration: 483.49 ms
Execution 361 - TLS Single
s_connection: verify depth is 1
Handshake duration: 460.12 ms
Execution 362 - TLS Single
s_connection: verify depth is 1
Handshake duration: 482.50 ms
Execution 363 - TLS Single
s_connection: verify depth is 1
Handshake duration: 487.34 ms
Execution 364 - TLS Single
s_connection: verify depth is 1
Handshake duration: 477.33 ms
Execution 365 - TLS Single
s_connection: verify depth is 1
Handshake duration: 461.45 ms
Execution 366 - TLS Single
s_connection: verify depth is 1
Handshake duration: 483.73 ms
Execution 367 - TLS Single
s_connection: verify depth is 1
Handshake duration: 482.52 ms
Execution 368 - TLS Single
s_connection: verify depth is 1
Handshake duration: 485.47 ms
Execution 369 - TLS Single
s_connection: verify depth is 1
Handshake duration: 481.17 ms
Execution 370 - TLS Single
s_connection: verify depth is 1
Handshake duration: 464.05 ms
Execution 371 - TLS Single
s_connection: verify depth is 1
Handshake duration: 460.00 ms
Execution 372 - TLS Single
s_connection: verify depth is 1
Handshake duration: 464.62 ms
Execution 373 - TLS Single
s_connection: verify depth is 1
Handshake duration: 461.91 ms
Execution 374 - TLS Single
s_connection: verify depth is 1
Handshake duration: 483.98 ms
Execution 375 - TLS Single
s_connection: verify depth is 1
Handshake duration: 482.20 ms
Execution 376 - TLS Single
s_connection: verify depth is 1
Handshake duration: 464.93 ms
Execution 377 - TLS Single
s_connection: verify depth is 1
Handshake duration: 485.57 ms
Execution 378 - TLS Single
s_connection: verify depth is 1
Handshake duration: 468.94 ms
Execution 379 - TLS Single
s_connection: verify depth is 1
Handshake duration: 484.11 ms
Execution 380 - TLS Single
s_connection: verify depth is 1
Handshake duration: 484.91 ms
Execution 381 - TLS Single
s_connection: verify depth is 1
Handshake duration: 454.51 ms
Execution 382 - TLS Single
s_connection: verify depth is 1
Handshake duration: 455.86 ms
Execution 383 - TLS Single
s_connection: verify depth is 1
Handshake duration: 471.55 ms
Execution 384 - TLS Single
s_connection: verify depth is 1
Handshake duration: 469.97 ms
Execution 385 - TLS Single
s_connection: verify depth is 1
Handshake duration: 469.00 ms
Execution 386 - TLS Single
s_connection: verify depth is 1
Handshake duration: 468.98 ms
Execution 387 - TLS Single
s_connection: verify depth is 1
Handshake duration: 464.27 ms
Execution 388 - TLS Single
s_connection: verify depth is 1
Handshake duration: 462.92 ms
Execution 389 - TLS Single
s_connection: verify depth is 1
Handshake duration: 461.25 ms
Execution 390 - TLS Single
s_connection: verify depth is 1
Handshake duration: 476.85 ms
Execution 391 - TLS Single
s_connection: verify depth is 1
Handshake duration: 475.73 ms
Execution 392 - TLS Single
s_connection: verify depth is 1
Handshake duration: 458.73 ms
Execution 393 - TLS Single
s_connection: verify depth is 1
Handshake duration: 472.77 ms
Execution 394 - TLS Single
s_connection: verify depth is 1
Handshake duration: 478.67 ms
Execution 395 - TLS Single
s_connection: verify depth is 1
Handshake duration: 474.92 ms
Execution 396 - TLS Single
s_connection: verify depth is 1
Handshake duration: 479.19 ms
Execution 397 - TLS Single
s_connection: verify depth is 1
Handshake duration: 459.84 ms
Execution 398 - TLS Single
s_connection: verify depth is 1
Handshake duration: 463.74 ms
Execution 399 - TLS Single
s_connection: verify depth is 1
Handshake duration: 453.00 ms
Execution 400 - TLS Single
s_connection: verify depth is 1
Handshake duration: 495.24 ms
Execution 401 - TLS Single
s_connection: verify depth is 1
Handshake duration: 463.44 ms
Execution 402 - TLS Single
s_connection: verify depth is 1
Handshake duration: 468.54 ms
Execution 403 - TLS Single
s_connection: verify depth is 1
Handshake duration: 475.71 ms
Execution 404 - TLS Single
s_connection: verify depth is 1
Handshake duration: 476.42 ms
Execution 405 - TLS Single
s_connection: verify depth is 1
Handshake duration: 460.63 ms
Execution 406 - TLS Single
s_connection: verify depth is 1
Handshake duration: 486.57 ms
Execution 407 - TLS Single
s_connection: verify depth is 1
Handshake duration: 449.24 ms
Execution 408 - TLS Single
s_connection: verify depth is 1
Handshake duration: 458.49 ms
Execution 409 - TLS Single
s_connection: verify depth is 1
Handshake duration: 477.57 ms
Execution 410 - TLS Single
s_connection: verify depth is 1
Handshake duration: 484.02 ms
Execution 411 - TLS Single
s_connection: verify depth is 1
Handshake duration: 458.90 ms
Execution 412 - TLS Single
s_connection: verify depth is 1
Handshake duration: 461.63 ms
Execution 413 - TLS Single
s_connection: verify depth is 1
Handshake duration: 454.71 ms
Execution 414 - TLS Single
s_connection: verify depth is 1
Handshake duration: 482.93 ms
Execution 415 - TLS Single
s_connection: verify depth is 1
Handshake duration: 479.24 ms
Execution 416 - TLS Single
s_connection: verify depth is 1
Handshake duration: 480.04 ms
Execution 417 - TLS Single
s_connection: verify depth is 1
Handshake duration: 479.97 ms
Execution 418 - TLS Single
s_connection: verify depth is 1
Handshake duration: 486.43 ms
Execution 419 - TLS Single
s_connection: verify depth is 1
Handshake duration: 477.51 ms
Execution 420 - TLS Single
s_connection: verify depth is 1
Handshake duration: 485.91 ms
Execution 421 - TLS Single
s_connection: verify depth is 1
Handshake duration: 445.94 ms
Execution 422 - TLS Single
s_connection: verify depth is 1
Handshake duration: 426.00 ms
Execution 423 - TLS Single
s_connection: verify depth is 1
Handshake duration: 487.45 ms
Execution 424 - TLS Single
s_connection: verify depth is 1
Handshake duration: 456.70 ms
Execution 425 - TLS Single
s_connection: verify depth is 1
Handshake duration: 463.56 ms
Execution 426 - TLS Single
s_connection: verify depth is 1
Handshake duration: 456.16 ms
Execution 427 - TLS Single
s_connection: verify depth is 1
Handshake duration: 459.14 ms
Execution 428 - TLS Single
s_connection: verify depth is 1
Handshake duration: 382.23 ms
Execution 429 - TLS Single
s_connection: verify depth is 1
Handshake duration: 341.57 ms
Execution 430 - TLS Single
s_connection: verify depth is 1
Handshake duration: 461.81 ms
Execution 431 - TLS Single
s_connection: verify depth is 1
Handshake duration: 473.54 ms
Execution 432 - TLS Single
s_connection: verify depth is 1
Handshake duration: 491.40 ms
Execution 433 - TLS Single
s_connection: verify depth is 1
Handshake duration: 465.64 ms
Execution 434 - TLS Single
s_connection: verify depth is 1
Handshake duration: 464.31 ms
Execution 435 - TLS Single
s_connection: verify depth is 1
Handshake duration: 448.29 ms
Execution 436 - TLS Single
s_connection: verify depth is 1
Handshake duration: 487.46 ms
Execution 437 - TLS Single
s_connection: verify depth is 1
Handshake duration: 464.07 ms
Execution 438 - TLS Single
s_connection: verify depth is 1
Handshake duration: 489.73 ms
Execution 439 - TLS Single
s_connection: verify depth is 1
Handshake duration: 481.08 ms
Execution 440 - TLS Single
s_connection: verify depth is 1
Handshake duration: 618.79 ms
Execution 441 - TLS Single
s_connection: verify depth is 1
Handshake duration: 458.47 ms
Execution 442 - TLS Single
s_connection: verify depth is 1
Handshake duration: 489.82 ms
Execution 443 - TLS Single
s_connection: verify depth is 1
Handshake duration: 479.17 ms
Execution 444 - TLS Single
s_connection: verify depth is 1
Handshake duration: 477.73 ms
Execution 445 - TLS Single
s_connection: verify depth is 1
Handshake duration: 459.11 ms
Execution 446 - TLS Single
s_connection: verify depth is 1
Handshake duration: 486.06 ms
Execution 447 - TLS Single
s_connection: verify depth is 1
Handshake duration: 477.00 ms
Execution 448 - TLS Single
s_connection: verify depth is 1
Handshake duration: 487.07 ms
Execution 449 - TLS Single
s_connection: verify depth is 1
Handshake duration: 472.31 ms
Execution 450 - TLS Single
s_connection: verify depth is 1
Handshake duration: 481.12 ms
Execution 451 - TLS Single
s_connection: verify depth is 1
Handshake duration: 465.55 ms
Execution 452 - TLS Single
s_connection: verify depth is 1
Handshake duration: 487.77 ms
Execution 453 - TLS Single
s_connection: verify depth is 1
Handshake duration: 454.59 ms
Execution 454 - TLS Single
s_connection: verify depth is 1
Handshake duration: 489.24 ms
Execution 455 - TLS Single
s_connection: verify depth is 1
Handshake duration: 469.37 ms
Execution 456 - TLS Single
s_connection: verify depth is 1
Handshake duration: 488.44 ms
Execution 457 - TLS Single
s_connection: verify depth is 1
Handshake duration: 429.24 ms
Execution 458 - TLS Single
s_connection: verify depth is 1
Handshake duration: 489.86 ms
Execution 459 - TLS Single
s_connection: verify depth is 1
Handshake duration: 474.90 ms
Execution 460 - TLS Single
s_connection: verify depth is 1
Handshake duration: 482.54 ms
Execution 461 - TLS Single
s_connection: verify depth is 1
Handshake duration: 462.80 ms
Execution 462 - TLS Single
s_connection: verify depth is 1
Handshake duration: 465.81 ms
Execution 463 - TLS Single
s_connection: verify depth is 1
Handshake duration: 488.76 ms
Execution 464 - TLS Single
s_connection: verify depth is 1
Handshake duration: 482.14 ms
Execution 465 - TLS Single
s_connection: verify depth is 1
Handshake duration: 485.91 ms
Execution 466 - TLS Single
s_connection: verify depth is 1
Handshake duration: 491.73 ms
Execution 467 - TLS Single
s_connection: verify depth is 1
Handshake duration: 462.29 ms
Execution 468 - TLS Single
s_connection: verify depth is 1
Handshake duration: 492.12 ms
Execution 469 - TLS Single
s_connection: verify depth is 1
Handshake duration: 489.68 ms
Execution 470 - TLS Single
s_connection: verify depth is 1
Handshake duration: 487.30 ms
Execution 471 - TLS Single
s_connection: verify depth is 1
Handshake duration: 488.67 ms
Execution 472 - TLS Single
s_connection: verify depth is 1
Handshake duration: 488.15 ms
Execution 473 - TLS Single
s_connection: verify depth is 1
Handshake duration: 466.10 ms
Execution 474 - TLS Single
s_connection: verify depth is 1
Handshake duration: 472.16 ms
Execution 475 - TLS Single
s_connection: verify depth is 1
Handshake duration: 461.35 ms
Execution 476 - TLS Single
s_connection: verify depth is 1
Handshake duration: 468.60 ms
Execution 477 - TLS Single
s_connection: verify depth is 1
Handshake duration: 481.83 ms
Execution 478 - TLS Single
s_connection: verify depth is 1
Handshake duration: 465.47 ms
Execution 479 - TLS Single
s_connection: verify depth is 1
Handshake duration: 482.06 ms
Execution 480 - TLS Single
s_connection: verify depth is 1
Handshake duration: 479.14 ms
Execution 481 - TLS Single
s_connection: verify depth is 1
Handshake duration: 488.61 ms
Execution 482 - TLS Single
s_connection: verify depth is 1
Handshake duration: 475.05 ms
Execution 483 - TLS Single
s_connection: verify depth is 1
Handshake duration: 453.45 ms
Execution 484 - TLS Single
s_connection: verify depth is 1
Handshake duration: 468.06 ms
Execution 485 - TLS Single
s_connection: verify depth is 1
Handshake duration: 461.08 ms
Execution 486 - TLS Single
s_connection: verify depth is 1
Handshake duration: 456.87 ms
Execution 487 - TLS Single
s_connection: verify depth is 1
Handshake duration: 478.86 ms
Execution 488 - TLS Single
s_connection: verify depth is 1
Handshake duration: 478.50 ms
Execution 489 - TLS Single
s_connection: verify depth is 1
Handshake duration: 458.93 ms
Execution 490 - TLS Single
s_connection: verify depth is 1
Handshake duration: 473.91 ms
Execution 491 - TLS Single
s_connection: verify depth is 1
Handshake duration: 497.48 ms
Execution 492 - TLS Single
s_connection: verify depth is 1
Handshake duration: 460.18 ms
Execution 493 - TLS Single
s_connection: verify depth is 1
Handshake duration: 478.66 ms
Execution 494 - TLS Single
s_connection: verify depth is 1
Handshake duration: 463.30 ms
Execution 495 - TLS Single
s_connection: verify depth is 1
Handshake duration: 483.76 ms
Execution 496 - TLS Single
s_connection: verify depth is 1
Handshake duration: 478.35 ms
Execution 497 - TLS Single
s_connection: verify depth is 1
Handshake duration: 481.08 ms
Execution 498 - TLS Single
s_connection: verify depth is 1
Handshake duration: 457.27 ms
Execution 499 - TLS Single
s_connection: verify depth is 1
Handshake duration: 486.00 ms
Execution 500 - TLS Single
s_connection: verify depth is 1
Handshake duration: 476.55 ms
