Applying netem rules to lo...
Showing qdisc status for the interface: lo
qdisc netem 8040: root refcnt 2 limit 1000 seed 15520027145980532301
 Sent 0 bytes 0 pkt (dropped 0, overlimits 0 requeues 0) 
 backlog 0b 0p requeues 0
Running ./perftestClientTlsQuic.sh with SIG_ALG=ed25519 and KEM_ALG=hqc128
Execution 1 - TLS Single
s_connection: verify depth is 1
Handshake duration: 234.50 ms
Execution 2 - TLS Single
s_connection: verify depth is 1
Handshake duration: 176.23 ms
Execution 3 - TLS Single
s_connection: verify depth is 1
Handshake duration: 177.13 ms
Execution 4 - TLS Single
s_connection: verify depth is 1
Handshake duration: 175.97 ms
Execution 5 - TLS Single
s_connection: verify depth is 1
Handshake duration: 172.76 ms
Execution 6 - TLS Single
s_connection: verify depth is 1
Handshake duration: 175.27 ms
Execution 7 - TLS Single
s_connection: verify depth is 1
Handshake duration: 174.91 ms
Execution 8 - TLS Single
s_connection: verify depth is 1
Handshake duration: 176.46 ms
Execution 9 - TLS Single
s_connection: verify depth is 1
Handshake duration: 173.99 ms
Execution 10 - TLS Single
s_connection: verify depth is 1
Handshake duration: 176.83 ms
Execution 11 - TLS Single
s_connection: verify depth is 1
Handshake duration: 177.19 ms
Execution 12 - TLS Single
s_connection: verify depth is 1
Handshake duration: 174.12 ms
Execution 13 - TLS Single
s_connection: verify depth is 1
Handshake duration: 175.96 ms
Execution 14 - TLS Single
s_connection: verify depth is 1
Handshake duration: 177.07 ms
Execution 15 - TLS Single
s_connection: verify depth is 1
Handshake duration: 177.75 ms
Execution 16 - TLS Single
s_connection: verify depth is 1
Handshake duration: 179.21 ms
Execution 17 - TLS Single
s_connection: verify depth is 1
Handshake duration: 173.17 ms
Execution 18 - TLS Single
s_connection: verify depth is 1
Handshake duration: 174.12 ms
Execution 19 - TLS Single
s_connection: verify depth is 1
Handshake duration: 159.47 ms
Execution 20 - TLS Single
s_connection: verify depth is 1
Handshake duration: 173.85 ms
Execution 21 - TLS Single
s_connection: verify depth is 1
Handshake duration: 179.56 ms
Execution 22 - TLS Single
s_connection: verify depth is 1
Handshake duration: 176.34 ms
Execution 23 - TLS Single
s_connection: verify depth is 1
Handshake duration: 177.00 ms
Execution 24 - TLS Single
s_connection: verify depth is 1
Handshake duration: 162.66 ms
Execution 25 - TLS Single
s_connection: verify depth is 1
Handshake duration: 173.76 ms
Execution 26 - TLS Single
s_connection: verify depth is 1
Handshake duration: 174.59 ms
Execution 27 - TLS Single
s_connection: verify depth is 1
Handshake duration: 176.19 ms
Execution 28 - TLS Single
s_connection: verify depth is 1
Handshake duration: 176.01 ms
Execution 29 - TLS Single
s_connection: verify depth is 1
Handshake duration: 174.09 ms
Execution 30 - TLS Single
s_connection: verify depth is 1
Handshake duration: 176.22 ms
Execution 31 - TLS Single
s_connection: verify depth is 1
Handshake duration: 174.88 ms
Execution 32 - TLS Single
s_connection: verify depth is 1
Handshake duration: 177.05 ms
Execution 33 - TLS Single
s_connection: verify depth is 1
Handshake duration: 174.60 ms
Execution 34 - TLS Single
s_connection: verify depth is 1
Handshake duration: 174.79 ms
Execution 35 - TLS Single
s_connection: verify depth is 1
Handshake duration: 148.94 ms
Execution 36 - TLS Single
s_connection: verify depth is 1
Handshake duration: 172.90 ms
Execution 37 - TLS Single
s_connection: verify depth is 1
Handshake duration: 176.09 ms
Execution 38 - TLS Single
s_connection: verify depth is 1
Handshake duration: 174.34 ms
Execution 39 - TLS Single
s_connection: verify depth is 1
Handshake duration: 176.55 ms
Execution 40 - TLS Single
s_connection: verify depth is 1
Handshake duration: 174.49 ms
Execution 41 - TLS Single
s_connection: verify depth is 1
Handshake duration: 283.63 ms
Execution 42 - TLS Single
s_connection: verify depth is 1
Handshake duration: 176.65 ms
Execution 43 - TLS Single
s_connection: verify depth is 1
Handshake duration: 172.56 ms
Execution 44 - TLS Single
s_connection: verify depth is 1
Handshake duration: 174.15 ms
Execution 45 - TLS Single
s_connection: verify depth is 1
Handshake duration: 172.65 ms
Execution 46 - TLS Single
s_connection: verify depth is 1
Handshake duration: 177.81 ms
Execution 47 - TLS Single
s_connection: verify depth is 1
Handshake duration: 177.17 ms
Execution 48 - TLS Single
s_connection: verify depth is 1
Handshake duration: 177.27 ms
Execution 49 - TLS Single
s_connection: verify depth is 1
Handshake duration: 160.52 ms
Execution 50 - TLS Single
s_connection: verify depth is 1
Handshake duration: 174.21 ms
Execution 51 - TLS Single
s_connection: verify depth is 1
Handshake duration: 176.61 ms
Execution 52 - TLS Single
s_connection: verify depth is 1
Handshake duration: 175.63 ms
Execution 53 - TLS Single
s_connection: verify depth is 1
Handshake duration: 176.25 ms
Execution 54 - TLS Single
s_connection: verify depth is 1
Handshake duration: 174.70 ms
Execution 55 - TLS Single
s_connection: verify depth is 1
Handshake duration: 173.96 ms
Execution 56 - TLS Single
s_connection: verify depth is 1
Handshake duration: 173.00 ms
Execution 57 - TLS Single
s_connection: verify depth is 1
Handshake duration: 176.26 ms
Execution 58 - TLS Single
s_connection: verify depth is 1
Handshake duration: 178.73 ms
Execution 59 - TLS Single
s_connection: verify depth is 1
Handshake duration: 176.23 ms
Execution 60 - TLS Single
s_connection: verify depth is 1
Handshake duration: 172.91 ms
Execution 61 - TLS Single
s_connection: verify depth is 1
Handshake duration: 177.00 ms
Execution 62 - TLS Single
s_connection: verify depth is 1
Handshake duration: 180.99 ms
Execution 63 - TLS Single
s_connection: verify depth is 1
Handshake duration: 175.54 ms
Execution 64 - TLS Single
s_connection: verify depth is 1
Handshake duration: 175.21 ms
Execution 65 - TLS Single
s_connection: verify depth is 1
Handshake duration: 176.97 ms
Execution 66 - TLS Single
s_connection: verify depth is 1
Handshake duration: 177.27 ms
Execution 67 - TLS Single
s_connection: verify depth is 1
Handshake duration: 178.25 ms
Execution 68 - TLS Single
s_connection: verify depth is 1
Handshake duration: 176.42 ms
Execution 69 - TLS Single
s_connection: verify depth is 1
Handshake duration: 176.38 ms
Execution 70 - TLS Single
s_connection: verify depth is 1
Handshake duration: 176.77 ms
Execution 71 - TLS Single
s_connection: verify depth is 1
Handshake duration: 155.69 ms
Execution 72 - TLS Single
s_connection: verify depth is 1
Handshake duration: 174.17 ms
Execution 73 - TLS Single
s_connection: verify depth is 1
Handshake duration: 176.34 ms
Execution 74 - TLS Single
s_connection: verify depth is 1
Handshake duration: 175.71 ms
Execution 75 - TLS Single
s_connection: verify depth is 1
Handshake duration: 177.80 ms
Execution 76 - TLS Single
s_connection: verify depth is 1
Handshake duration: 173.65 ms
Execution 77 - TLS Single
s_connection: verify depth is 1
Handshake duration: 178.90 ms
Execution 78 - TLS Single
s_connection: verify depth is 1
Handshake duration: 173.24 ms
Execution 79 - TLS Single
s_connection: verify depth is 1
Handshake duration: 177.26 ms
Execution 80 - TLS Single
s_connection: verify depth is 1
Handshake duration: 176.85 ms
Execution 81 - TLS Single
s_connection: verify depth is 1
Handshake duration: 173.21 ms
Execution 82 - TLS Single
s_connection: verify depth is 1
Handshake duration: 177.07 ms
Execution 83 - TLS Single
s_connection: verify depth is 1
Handshake duration: 173.86 ms
Execution 84 - TLS Single
s_connection: verify depth is 1
Handshake duration: 173.45 ms
Execution 85 - TLS Single
s_connection: verify depth is 1
Handshake duration: 174.20 ms
Execution 86 - TLS Single
s_connection: verify depth is 1
Handshake duration: 177.54 ms
Execution 87 - TLS Single
s_connection: verify depth is 1
Handshake duration: 174.42 ms
Execution 88 - TLS Single
s_connection: verify depth is 1
Handshake duration: 173.14 ms
Execution 89 - TLS Single
s_connection: verify depth is 1
Handshake duration: 175.19 ms
Execution 90 - TLS Single
s_connection: verify depth is 1
Handshake duration: 177.28 ms
Execution 91 - TLS Single
s_connection: verify depth is 1
Handshake duration: 159.79 ms
Execution 92 - TLS Single
s_connection: verify depth is 1
Handshake duration: 173.73 ms
Execution 93 - TLS Single
s_connection: verify depth is 1
Handshake duration: 173.06 ms
Execution 94 - TLS Single
s_connection: verify depth is 1
Handshake duration: 177.41 ms
Execution 95 - TLS Single
s_connection: verify depth is 1
Handshake duration: 178.14 ms
Execution 96 - TLS Single
s_connection: verify depth is 1
Handshake duration: 174.24 ms
Execution 97 - TLS Single
s_connection: verify depth is 1
Handshake duration: 175.81 ms
Execution 98 - TLS Single
s_connection: verify depth is 1
Handshake duration: 174.08 ms
Execution 99 - TLS Single
s_connection: verify depth is 1
Handshake duration: 158.96 ms
Execution 100 - TLS Single
s_connection: verify depth is 1
Handshake duration: 175.22 ms
Execution 101 - TLS Single
s_connection: verify depth is 1
Handshake duration: 176.41 ms
Execution 102 - TLS Single
s_connection: verify depth is 1
Handshake duration: 176.30 ms
Execution 103 - TLS Single
s_connection: verify depth is 1
Handshake duration: 172.41 ms
Execution 104 - TLS Single
s_connection: verify depth is 1
Handshake duration: 176.00 ms
Execution 105 - TLS Single
s_connection: verify depth is 1
Handshake duration: 176.46 ms
Execution 106 - TLS Single
s_connection: verify depth is 1
Handshake duration: 177.25 ms
Execution 107 - TLS Single
s_connection: verify depth is 1
Handshake duration: 176.84 ms
Execution 108 - TLS Single
s_connection: verify depth is 1
Handshake duration: 175.87 ms
Execution 109 - TLS Single
s_connection: verify depth is 1
Handshake duration: 174.17 ms
Execution 110 - TLS Single
s_connection: verify depth is 1
Handshake duration: 177.31 ms
Execution 111 - TLS Single
s_connection: verify depth is 1
Handshake duration: 176.16 ms
Execution 112 - TLS Single
s_connection: verify depth is 1
Handshake duration: 173.33 ms
Execution 113 - TLS Single
s_connection: verify depth is 1
Handshake duration: 172.92 ms
Execution 114 - TLS Single
s_connection: verify depth is 1
Handshake duration: 176.06 ms
Execution 115 - TLS Single
s_connection: verify depth is 1
Handshake duration: 178.46 ms
Execution 116 - TLS Single
s_connection: verify depth is 1
Handshake duration: 177.15 ms
Execution 117 - TLS Single
s_connection: verify depth is 1
Handshake duration: 174.04 ms
Execution 118 - TLS Single
s_connection: verify depth is 1
Handshake duration: 177.56 ms
Execution 119 - TLS Single
s_connection: verify depth is 1
Handshake duration: 174.83 ms
Execution 120 - TLS Single
s_connection: verify depth is 1
Handshake duration: 176.99 ms
Execution 121 - TLS Single
s_connection: verify depth is 1
Handshake duration: 174.05 ms
Execution 122 - TLS Single
s_connection: verify depth is 1
Handshake duration: 177.65 ms
Execution 123 - TLS Single
s_connection: verify depth is 1
Handshake duration: 178.41 ms
Execution 124 - TLS Single
s_connection: verify depth is 1
Handshake duration: 174.03 ms
Execution 125 - TLS Single
s_connection: verify depth is 1
Handshake duration: 174.64 ms
Execution 126 - TLS Single
s_connection: verify depth is 1
Handshake duration: 168.43 ms
Execution 127 - TLS Single
s_connection: verify depth is 1
Handshake duration: 177.42 ms
Execution 128 - TLS Single
s_connection: verify depth is 1
Handshake duration: 176.37 ms
Execution 129 - TLS Single
s_connection: verify depth is 1
Handshake duration: 161.14 ms
Execution 130 - TLS Single
s_connection: verify depth is 1
Handshake duration: 176.38 ms
Execution 131 - TLS Single
s_connection: verify depth is 1
Handshake duration: 159.76 ms
Execution 132 - TLS Single
s_connection: verify depth is 1
Handshake duration: 173.42 ms
Execution 133 - TLS Single
s_connection: verify depth is 1
Handshake duration: 174.49 ms
Execution 134 - TLS Single
s_connection: verify depth is 1
Handshake duration: 174.56 ms
Execution 135 - TLS Single
s_connection: verify depth is 1
Handshake duration: 174.63 ms
Execution 136 - TLS Single
s_connection: verify depth is 1
Handshake duration: 174.10 ms
Execution 137 - TLS Single
s_connection: verify depth is 1
Handshake duration: 177.02 ms
Execution 138 - TLS Single
s_connection: verify depth is 1
Handshake duration: 176.58 ms
Execution 139 - TLS Single
s_connection: verify depth is 1
Handshake duration: 174.65 ms
Execution 140 - TLS Single
s_connection: verify depth is 1
Handshake duration: 177.45 ms
Execution 141 - TLS Single
s_connection: verify depth is 1
Handshake duration: 179.19 ms
Execution 142 - TLS Single
s_connection: verify depth is 1
Handshake duration: 178.29 ms
Execution 143 - TLS Single
s_connection: verify depth is 1
Handshake duration: 158.74 ms
Execution 144 - TLS Single
s_connection: verify depth is 1
Handshake duration: 172.78 ms
Execution 145 - TLS Single
s_connection: verify depth is 1
Handshake duration: 176.33 ms
Execution 146 - TLS Single
s_connection: verify depth is 1
Handshake duration: 174.63 ms
Execution 147 - TLS Single
s_connection: verify depth is 1
Handshake duration: 174.30 ms
Execution 148 - TLS Single
s_connection: verify depth is 1
Handshake duration: 175.36 ms
Execution 149 - TLS Single
s_connection: verify depth is 1
Handshake duration: 175.53 ms
Execution 150 - TLS Single
s_connection: verify depth is 1
Handshake duration: 175.69 ms
Execution 151 - TLS Single
s_connection: verify depth is 1
Handshake duration: 173.54 ms
Execution 152 - TLS Single
s_connection: verify depth is 1
Handshake duration: 175.93 ms
Execution 153 - TLS Single
s_connection: verify depth is 1
Handshake duration: 176.05 ms
Execution 154 - TLS Single
s_connection: verify depth is 1
Handshake duration: 175.96 ms
Execution 155 - TLS Single
s_connection: verify depth is 1
Handshake duration: 175.47 ms
Execution 156 - TLS Single
s_connection: verify depth is 1
Handshake duration: 176.06 ms
Execution 157 - TLS Single
s_connection: verify depth is 1
Handshake duration: 176.82 ms
Execution 158 - TLS Single
s_connection: verify depth is 1
Handshake duration: 176.87 ms
Execution 159 - TLS Single
s_connection: verify depth is 1
Handshake duration: 176.78 ms
Execution 160 - TLS Single
s_connection: verify depth is 1
Handshake duration: 178.02 ms
Execution 161 - TLS Single
s_connection: verify depth is 1
Handshake duration: 175.82 ms
Execution 162 - TLS Single
s_connection: verify depth is 1
Handshake duration: 176.48 ms
Execution 163 - TLS Single
s_connection: verify depth is 1
Handshake duration: 176.16 ms
Execution 164 - TLS Single
s_connection: verify depth is 1
Handshake duration: 172.64 ms
Execution 165 - TLS Single
s_connection: verify depth is 1
Handshake duration: 174.60 ms
Execution 166 - TLS Single
s_connection: verify depth is 1
Handshake duration: 161.09 ms
Execution 167 - TLS Single
s_connection: verify depth is 1
Handshake duration: 174.00 ms
Execution 168 - TLS Single
s_connection: verify depth is 1
Handshake duration: 176.41 ms
Execution 169 - TLS Single
s_connection: verify depth is 1
Handshake duration: 173.55 ms
Execution 170 - TLS Single
s_connection: verify depth is 1
Handshake duration: 175.53 ms
Execution 171 - TLS Single
s_connection: verify depth is 1
Handshake duration: 177.40 ms
Execution 172 - TLS Single
s_connection: verify depth is 1
Handshake duration: 175.02 ms
Execution 173 - TLS Single
s_connection: verify depth is 1
Handshake duration: 175.37 ms
Execution 174 - TLS Single
s_connection: verify depth is 1
Handshake duration: 177.91 ms
Execution 175 - TLS Single
s_connection: verify depth is 1
Handshake duration: 175.66 ms
Execution 176 - TLS Single
s_connection: verify depth is 1
Handshake duration: 176.79 ms
Execution 177 - TLS Single
s_connection: verify depth is 1
Handshake duration: 174.40 ms
Execution 178 - TLS Single
s_connection: verify depth is 1
Handshake duration: 168.63 ms
Execution 179 - TLS Single
s_connection: verify depth is 1
Handshake duration: 173.13 ms
Execution 180 - TLS Single
s_connection: verify depth is 1
Handshake duration: 178.96 ms
Execution 181 - TLS Single
s_connection: verify depth is 1
Handshake duration: 177.07 ms
Execution 182 - TLS Single
s_connection: verify depth is 1
Handshake duration: 176.40 ms
Execution 183 - TLS Single
s_connection: verify depth is 1
Handshake duration: 177.22 ms
Execution 184 - TLS Single
s_connection: verify depth is 1
Handshake duration: 174.52 ms
Execution 185 - TLS Single
s_connection: verify depth is 1
Handshake duration: 175.30 ms
Execution 186 - TLS Single
s_connection: verify depth is 1
Handshake duration: 159.41 ms
Execution 187 - TLS Single
s_connection: verify depth is 1
Handshake duration: 174.03 ms
Execution 188 - TLS Single
s_connection: verify depth is 1
Handshake duration: 179.80 ms
Execution 189 - TLS Single
s_connection: verify depth is 1
Handshake duration: 178.40 ms
Execution 190 - TLS Single
s_connection: verify depth is 1
Handshake duration: 176.92 ms
Execution 191 - TLS Single
s_connection: verify depth is 1
Handshake duration: 176.91 ms
Execution 192 - TLS Single
s_connection: verify depth is 1
Handshake duration: 174.36 ms
Execution 193 - TLS Single
s_connection: verify depth is 1
Handshake duration: 174.23 ms
Execution 194 - TLS Single
s_connection: verify depth is 1
Handshake duration: 173.56 ms
Execution 195 - TLS Single
s_connection: verify depth is 1
Handshake duration: 174.10 ms
Execution 196 - TLS Single
s_connection: verify depth is 1
Handshake duration: 177.21 ms
Execution 197 - TLS Single
s_connection: verify depth is 1
Handshake duration: 176.67 ms
Execution 198 - TLS Single
s_connection: verify depth is 1
Handshake duration: 176.65 ms
Execution 199 - TLS Single
s_connection: verify depth is 1
Handshake duration: 177.36 ms
Execution 200 - TLS Single
s_connection: verify depth is 1
Handshake duration: 173.57 ms
Execution 201 - TLS Single
s_connection: verify depth is 1
Handshake duration: 177.66 ms
Execution 202 - TLS Single
s_connection: verify depth is 1
Handshake duration: 174.38 ms
Execution 203 - TLS Single
s_connection: verify depth is 1
Handshake duration: 176.01 ms
Execution 204 - TLS Single
s_connection: verify depth is 1
Handshake duration: 172.44 ms
Execution 205 - TLS Single
s_connection: verify depth is 1
Handshake duration: 175.40 ms
Execution 206 - TLS Single
s_connection: verify depth is 1
Handshake duration: 173.79 ms
Execution 207 - TLS Single
s_connection: verify depth is 1
Handshake duration: 176.28 ms
Execution 208 - TLS Single
s_connection: verify depth is 1
Handshake duration: 176.44 ms
Execution 209 - TLS Single
s_connection: verify depth is 1
Handshake duration: 172.76 ms
Execution 210 - TLS Single
s_connection: verify depth is 1
Handshake duration: 172.73 ms
Execution 211 - TLS Single
s_connection: verify depth is 1
Handshake duration: 173.44 ms
Execution 212 - TLS Single
s_connection: verify depth is 1
Handshake duration: 176.24 ms
Execution 213 - TLS Single
s_connection: verify depth is 1
Handshake duration: 173.58 ms
Execution 214 - TLS Single
s_connection: verify depth is 1
Handshake duration: 176.75 ms
Execution 215 - TLS Single
s_connection: verify depth is 1
Handshake duration: 174.07 ms
Execution 216 - TLS Single
s_connection: verify depth is 1
Handshake duration: 178.84 ms
Execution 217 - TLS Single
s_connection: verify depth is 1
Handshake duration: 173.67 ms
Execution 218 - TLS Single
s_connection: verify depth is 1
Handshake duration: 175.01 ms
Execution 219 - TLS Single
s_connection: verify depth is 1
Handshake duration: 175.15 ms
Execution 220 - TLS Single
s_connection: verify depth is 1
Handshake duration: 177.20 ms
Execution 221 - TLS Single
s_connection: verify depth is 1
Handshake duration: 174.01 ms
Execution 222 - TLS Single
s_connection: verify depth is 1
Handshake duration: 176.88 ms
Execution 223 - TLS Single
s_connection: verify depth is 1
Handshake duration: 176.15 ms
Execution 224 - TLS Single
s_connection: verify depth is 1
Handshake duration: 175.62 ms
Execution 225 - TLS Single
s_connection: verify depth is 1
Handshake duration: 176.51 ms
Execution 226 - TLS Single
s_connection: verify depth is 1
Handshake duration: 176.67 ms
Execution 227 - TLS Single
s_connection: verify depth is 1
Handshake duration: 171.79 ms
Execution 228 - TLS Single
s_connection: verify depth is 1
Handshake duration: 174.78 ms
Execution 229 - TLS Single
s_connection: verify depth is 1
Handshake duration: 176.71 ms
Execution 230 - TLS Single
s_connection: verify depth is 1
Handshake duration: 176.68 ms
Execution 231 - TLS Single
s_connection: verify depth is 1
Handshake duration: 176.44 ms
Execution 232 - TLS Single
s_connection: verify depth is 1
Handshake duration: 176.55 ms
Execution 233 - TLS Single
s_connection: verify depth is 1
Handshake duration: 177.29 ms
Execution 234 - TLS Single
s_connection: verify depth is 1
Handshake duration: 175.96 ms
Execution 235 - TLS Single
s_connection: verify depth is 1
Handshake duration: 176.04 ms
Execution 236 - TLS Single
s_connection: verify depth is 1
Handshake duration: 180.42 ms
Execution 237 - TLS Single
s_connection: verify depth is 1
Handshake duration: 176.30 ms
Execution 238 - TLS Single
s_connection: verify depth is 1
Handshake duration: 172.71 ms
Execution 239 - TLS Single
s_connection: verify depth is 1
Handshake duration: 173.54 ms
Execution 240 - TLS Single
s_connection: verify depth is 1
Handshake duration: 176.80 ms
Execution 241 - TLS Single
s_connection: verify depth is 1
Handshake duration: 176.47 ms
Execution 242 - TLS Single
s_connection: verify depth is 1
Handshake duration: 175.29 ms
Execution 243 - TLS Single
s_connection: verify depth is 1
Handshake duration: 177.14 ms
Execution 244 - TLS Single
s_connection: verify depth is 1
Handshake duration: 174.89 ms
Execution 245 - TLS Single
s_connection: verify depth is 1
Handshake duration: 173.95 ms
Execution 246 - TLS Single
s_connection: verify depth is 1
Handshake duration: 179.28 ms
Execution 247 - TLS Single
s_connection: verify depth is 1
Handshake duration: 177.81 ms
Execution 248 - TLS Single
s_connection: verify depth is 1
Handshake duration: 173.65 ms
Execution 249 - TLS Single
s_connection: verify depth is 1
Handshake duration: 177.01 ms
Execution 250 - TLS Single
s_connection: verify depth is 1
Handshake duration: 177.11 ms
Execution 251 - TLS Single
s_connection: verify depth is 1
Handshake duration: 175.94 ms
Execution 252 - TLS Single
s_connection: verify depth is 1
Handshake duration: 169.81 ms
Execution 253 - TLS Single
s_connection: verify depth is 1
Handshake duration: 154.32 ms
Execution 254 - TLS Single
s_connection: verify depth is 1
Handshake duration: 136.19 ms
Execution 255 - TLS Single
s_connection: verify depth is 1
Handshake duration: 135.78 ms
Execution 256 - TLS Single
s_connection: verify depth is 1
Handshake duration: 157.06 ms
Execution 257 - TLS Single
s_connection: verify depth is 1
Handshake duration: 174.74 ms
Execution 258 - TLS Single
s_connection: verify depth is 1
Handshake duration: 175.79 ms
Execution 259 - TLS Single
s_connection: verify depth is 1
Handshake duration: 173.10 ms
Execution 260 - TLS Single
s_connection: verify depth is 1
Handshake duration: 174.74 ms
Execution 261 - TLS Single
s_connection: verify depth is 1
Handshake duration: 173.79 ms
Execution 262 - TLS Single
s_connection: verify depth is 1
Handshake duration: 165.07 ms
Execution 263 - TLS Single
s_connection: verify depth is 1
Handshake duration: 144.88 ms
Execution 264 - TLS Single
s_connection: verify depth is 1
Handshake duration: 147.43 ms
Execution 265 - TLS Single
s_connection: verify depth is 1
Handshake duration: 145.09 ms
Execution 266 - TLS Single
s_connection: verify depth is 1
Handshake duration: 173.20 ms
Execution 267 - TLS Single
s_connection: verify depth is 1
Handshake duration: 175.16 ms
Execution 268 - TLS Single
s_connection: verify depth is 1
Handshake duration: 173.10 ms
Execution 269 - TLS Single
s_connection: verify depth is 1
Handshake duration: 175.99 ms
Execution 270 - TLS Single
s_connection: verify depth is 1
Handshake duration: 162.72 ms
Execution 271 - TLS Single
s_connection: verify depth is 1
Handshake duration: 178.11 ms
Execution 272 - TLS Single
s_connection: verify depth is 1
Handshake duration: 176.50 ms
Execution 273 - TLS Single
s_connection: verify depth is 1
Handshake duration: 178.59 ms
Execution 274 - TLS Single
s_connection: verify depth is 1
Handshake duration: 144.39 ms
Execution 275 - TLS Single
s_connection: verify depth is 1
Handshake duration: 152.15 ms
Execution 276 - TLS Single
s_connection: verify depth is 1
Handshake duration: 162.83 ms
Execution 277 - TLS Single
s_connection: verify depth is 1
Handshake duration: 166.02 ms
Execution 278 - TLS Single
s_connection: verify depth is 1
Handshake duration: 171.20 ms
Execution 279 - TLS Single
s_connection: verify depth is 1
Handshake duration: 140.25 ms
Execution 280 - TLS Single
s_connection: verify depth is 1
Handshake duration: 154.50 ms
Execution 281 - TLS Single
s_connection: verify depth is 1
Handshake duration: 155.32 ms
Execution 282 - TLS Single
s_connection: verify depth is 1
Handshake duration: 150.72 ms
Execution 283 - TLS Single
s_connection: verify depth is 1
Handshake duration: 148.00 ms
Execution 284 - TLS Single
s_connection: verify depth is 1
Handshake duration: 176.78 ms
Execution 285 - TLS Single
s_connection: verify depth is 1
Handshake duration: 138.01 ms
Execution 286 - TLS Single
s_connection: verify depth is 1
Handshake duration: 296.31 ms
Execution 287 - TLS Single
s_connection: verify depth is 1
Handshake duration: 142.87 ms
Execution 288 - TLS Single
s_connection: verify depth is 1
Handshake duration: 151.28 ms
Execution 289 - TLS Single
s_connection: verify depth is 1
Handshake duration: 166.50 ms
Execution 290 - TLS Single
s_connection: verify depth is 1
Handshake duration: 148.91 ms
Execution 291 - TLS Single
s_connection: verify depth is 1
Handshake duration: 160.07 ms
Execution 292 - TLS Single
s_connection: verify depth is 1
Handshake duration: 166.00 ms
Execution 293 - TLS Single
s_connection: verify depth is 1
Handshake duration: 154.15 ms
Execution 294 - TLS Single
s_connection: verify depth is 1
Handshake duration: 148.51 ms
Execution 295 - TLS Single
s_connection: verify depth is 1
Handshake duration: 145.18 ms
Execution 296 - TLS Single
s_connection: verify depth is 1
Handshake duration: 164.33 ms
Execution 297 - TLS Single
s_connection: verify depth is 1
Handshake duration: 144.61 ms
Execution 298 - TLS Single
s_connection: verify depth is 1
Handshake duration: 143.81 ms
Execution 299 - TLS Single
s_connection: verify depth is 1
Handshake duration: 144.31 ms
Execution 300 - TLS Single
s_connection: verify depth is 1
Handshake duration: 140.67 ms
Execution 301 - TLS Single
s_connection: verify depth is 1
Handshake duration: 136.66 ms
Execution 302 - TLS Single
s_connection: verify depth is 1
Handshake duration: 153.29 ms
Execution 303 - TLS Single
s_connection: verify depth is 1
Handshake duration: 137.61 ms
Execution 304 - TLS Single
s_connection: verify depth is 1
Handshake duration: 136.92 ms
Execution 305 - TLS Single
s_connection: verify depth is 1
Handshake duration: 137.18 ms
Execution 306 - TLS Single
s_connection: verify depth is 1
Handshake duration: 137.91 ms
Execution 307 - TLS Single
s_connection: verify depth is 1
Handshake duration: 148.04 ms
Execution 308 - TLS Single
s_connection: verify depth is 1
Handshake duration: 137.53 ms
Execution 309 - TLS Single
s_connection: verify depth is 1
Handshake duration: 142.33 ms
Execution 310 - TLS Single
s_connection: verify depth is 1
Handshake duration: 142.17 ms
Execution 311 - TLS Single
s_connection: verify depth is 1
Handshake duration: 136.38 ms
Execution 312 - TLS Single
s_connection: verify depth is 1
Handshake duration: 143.35 ms
Execution 313 - TLS Single
s_connection: verify depth is 1
Handshake duration: 135.75 ms
Execution 314 - TLS Single
s_connection: verify depth is 1
Handshake duration: 142.06 ms
Execution 315 - TLS Single
s_connection: verify depth is 1
Handshake duration: 136.57 ms
Execution 316 - TLS Single
s_connection: verify depth is 1
Handshake duration: 136.95 ms
Execution 317 - TLS Single
s_connection: verify depth is 1
Handshake duration: 136.31 ms
Execution 318 - TLS Single
s_connection: verify depth is 1
Handshake duration: 137.25 ms
Execution 319 - TLS Single
s_connection: verify depth is 1
Handshake duration: 136.56 ms
Execution 320 - TLS Single
s_connection: verify depth is 1
Handshake duration: 137.44 ms
Execution 321 - TLS Single
s_connection: verify depth is 1
Handshake duration: 136.55 ms
Execution 322 - TLS Single
s_connection: verify depth is 1
Handshake duration: 136.53 ms
Execution 323 - TLS Single
s_connection: verify depth is 1
Handshake duration: 136.41 ms
Execution 324 - TLS Single
s_connection: verify depth is 1
Handshake duration: 135.84 ms
Execution 325 - TLS Single
s_connection: verify depth is 1
Handshake duration: 135.79 ms
Execution 326 - TLS Single
s_connection: verify depth is 1
Handshake duration: 136.15 ms
Execution 327 - TLS Single
s_connection: verify depth is 1
Handshake duration: 135.79 ms
Execution 328 - TLS Single
s_connection: verify depth is 1
Handshake duration: 135.69 ms
Execution 329 - TLS Single
s_connection: verify depth is 1
Handshake duration: 135.83 ms
Execution 330 - TLS Single
s_connection: verify depth is 1
Handshake duration: 135.75 ms
Execution 331 - TLS Single
s_connection: verify depth is 1
Handshake duration: 136.06 ms
Execution 332 - TLS Single
s_connection: verify depth is 1
Handshake duration: 135.87 ms
Execution 333 - TLS Single
s_connection: verify depth is 1
Handshake duration: 136.53 ms
Execution 334 - TLS Single
s_connection: verify depth is 1
Handshake duration: 140.40 ms
Execution 335 - TLS Single
s_connection: verify depth is 1
Handshake duration: 141.91 ms
Execution 336 - TLS Single
s_connection: verify depth is 1
Handshake duration: 142.88 ms
Execution 337 - TLS Single
s_connection: verify depth is 1
Handshake duration: 162.70 ms
Execution 338 - TLS Single
s_connection: verify depth is 1
Handshake duration: 165.29 ms
Execution 339 - TLS Single
s_connection: verify depth is 1
Handshake duration: 264.86 ms
Execution 340 - TLS Single
s_connection: verify depth is 1
Handshake duration: 148.36 ms
Execution 341 - TLS Single
s_connection: verify depth is 1
Handshake duration: 177.13 ms
Execution 342 - TLS Single
s_connection: verify depth is 1
Handshake duration: 181.05 ms
Execution 343 - TLS Single
s_connection: verify depth is 1
Handshake duration: 181.71 ms
Execution 344 - TLS Single
s_connection: verify depth is 1
Handshake duration: 181.56 ms
Execution 345 - TLS Single
s_connection: verify depth is 1
Handshake duration: 162.33 ms
Execution 346 - TLS Single
s_connection: verify depth is 1
Handshake duration: 177.96 ms
Execution 347 - TLS Single
s_connection: verify depth is 1
Handshake duration: 178.96 ms
Execution 348 - TLS Single
s_connection: verify depth is 1
Handshake duration: 176.63 ms
Execution 349 - TLS Single
s_connection: verify depth is 1
Handshake duration: 173.84 ms
Execution 350 - TLS Single
s_connection: verify depth is 1
Handshake duration: 173.62 ms
Execution 351 - TLS Single
s_connection: verify depth is 1
Handshake duration: 173.77 ms
Execution 352 - TLS Single
s_connection: verify depth is 1
Handshake duration: 173.91 ms
Execution 353 - TLS Single
s_connection: verify depth is 1
Handshake duration: 176.78 ms
Execution 354 - TLS Single
s_connection: verify depth is 1
Handshake duration: 176.43 ms
Execution 355 - TLS Single
s_connection: verify depth is 1
Handshake duration: 149.60 ms
Execution 356 - TLS Single
s_connection: verify depth is 1
Handshake duration: 161.27 ms
Execution 357 - TLS Single
s_connection: verify depth is 1
Handshake duration: 175.92 ms
Execution 358 - TLS Single
s_connection: verify depth is 1
Handshake duration: 142.15 ms
Execution 359 - TLS Single
s_connection: verify depth is 1
Handshake duration: 174.86 ms
Execution 360 - TLS Single
s_connection: verify depth is 1
Handshake duration: 177.22 ms
Execution 361 - TLS Single
s_connection: verify depth is 1
Handshake duration: 174.49 ms
Execution 362 - TLS Single
s_connection: verify depth is 1
Handshake duration: 176.95 ms
Execution 363 - TLS Single
s_connection: verify depth is 1
Handshake duration: 173.89 ms
Execution 364 - TLS Single
s_connection: verify depth is 1
Handshake duration: 159.15 ms
Execution 365 - TLS Single
s_connection: verify depth is 1
Handshake duration: 173.46 ms
Execution 366 - TLS Single
s_connection: verify depth is 1
Handshake duration: 177.84 ms
Execution 367 - TLS Single
s_connection: verify depth is 1
Handshake duration: 177.37 ms
Execution 368 - TLS Single
s_connection: verify depth is 1
Handshake duration: 174.59 ms
Execution 369 - TLS Single
s_connection: verify depth is 1
Handshake duration: 173.91 ms
Execution 370 - TLS Single
s_connection: verify depth is 1
Handshake duration: 474.53 ms
Execution 371 - TLS Single
s_connection: verify depth is 1
Handshake duration: 159.34 ms
Execution 372 - TLS Single
s_connection: verify depth is 1
Handshake duration: 173.70 ms
Execution 373 - TLS Single
s_connection: verify depth is 1
Handshake duration: 173.95 ms
Execution 374 - TLS Single
s_connection: verify depth is 1
Handshake duration: 178.96 ms
Execution 375 - TLS Single
s_connection: verify depth is 1
Handshake duration: 180.18 ms
Execution 376 - TLS Single
s_connection: verify depth is 1
Handshake duration: 176.61 ms
Execution 377 - TLS Single
s_connection: verify depth is 1
Handshake duration: 174.84 ms
Execution 378 - TLS Single
s_connection: verify depth is 1
Handshake duration: 171.83 ms
Execution 379 - TLS Single
s_connection: verify depth is 1
Handshake duration: 140.38 ms
Execution 380 - TLS Single
s_connection: verify depth is 1
Handshake duration: 174.33 ms
Execution 381 - TLS Single
s_connection: verify depth is 1
Handshake duration: 175.24 ms
Execution 382 - TLS Single
s_connection: verify depth is 1
Handshake duration: 173.00 ms
Execution 383 - TLS Single
s_connection: verify depth is 1
Handshake duration: 162.11 ms
Execution 384 - TLS Single
s_connection: verify depth is 1
Handshake duration: 174.58 ms
Execution 385 - TLS Single
s_connection: verify depth is 1
Handshake duration: 165.51 ms
Execution 386 - TLS Single
s_connection: verify depth is 1
Handshake duration: 174.40 ms
Execution 387 - TLS Single
s_connection: verify depth is 1
Handshake duration: 174.53 ms
Execution 388 - TLS Single
s_connection: verify depth is 1
Handshake duration: 173.72 ms
Execution 389 - TLS Single
s_connection: verify depth is 1
Handshake duration: 173.07 ms
Execution 390 - TLS Single
s_connection: verify depth is 1
Handshake duration: 176.59 ms
Execution 391 - TLS Single
s_connection: verify depth is 1
Handshake duration: 175.12 ms
Execution 392 - TLS Single
s_connection: verify depth is 1
Handshake duration: 164.61 ms
Execution 393 - TLS Single
s_connection: verify depth is 1
Handshake duration: 174.32 ms
Execution 394 - TLS Single
s_connection: verify depth is 1
Handshake duration: 176.34 ms
Execution 395 - TLS Single
s_connection: verify depth is 1
Handshake duration: 174.88 ms
Execution 396 - TLS Single
s_connection: verify depth is 1
Handshake duration: 174.56 ms
Execution 397 - TLS Single
s_connection: verify depth is 1
Handshake duration: 165.04 ms
Execution 398 - TLS Single
s_connection: verify depth is 1
Handshake duration: 179.07 ms
Execution 399 - TLS Single
s_connection: verify depth is 1
Handshake duration: 173.53 ms
Execution 400 - TLS Single
s_connection: verify depth is 1
Handshake duration: 177.66 ms
Execution 401 - TLS Single
s_connection: verify depth is 1
Handshake duration: 174.95 ms
Execution 402 - TLS Single
s_connection: verify depth is 1
Handshake duration: 177.33 ms
Execution 403 - TLS Single
s_connection: verify depth is 1
Handshake duration: 177.61 ms
Execution 404 - TLS Single
s_connection: verify depth is 1
Handshake duration: 176.61 ms
Execution 405 - TLS Single
s_connection: verify depth is 1
Handshake duration: 172.88 ms
Execution 406 - TLS Single
s_connection: verify depth is 1
Handshake duration: 173.81 ms
Execution 407 - TLS Single
s_connection: verify depth is 1
Handshake duration: 172.34 ms
Execution 408 - TLS Single
s_connection: verify depth is 1
Handshake duration: 174.07 ms
Execution 409 - TLS Single
s_connection: verify depth is 1
Handshake duration: 173.84 ms
Execution 410 - TLS Single
s_connection: verify depth is 1
Handshake duration: 176.85 ms
Execution 411 - TLS Single
s_connection: verify depth is 1
Handshake duration: 176.48 ms
Execution 412 - TLS Single
s_connection: verify depth is 1
Handshake duration: 174.61 ms
Execution 413 - TLS Single
s_connection: verify depth is 1
Handshake duration: 174.78 ms
Execution 414 - TLS Single
s_connection: verify depth is 1
Handshake duration: 177.61 ms
Execution 415 - TLS Single
s_connection: verify depth is 1
Handshake duration: 162.48 ms
Execution 416 - TLS Single
s_connection: verify depth is 1
Handshake duration: 173.29 ms
Execution 417 - TLS Single
s_connection: verify depth is 1
Handshake duration: 176.77 ms
Execution 418 - TLS Single
s_connection: verify depth is 1
Handshake duration: 176.60 ms
Execution 419 - TLS Single
s_connection: verify depth is 1
Handshake duration: 174.13 ms
Execution 420 - TLS Single
s_connection: verify depth is 1
Handshake duration: 175.86 ms
Execution 421 - TLS Single
s_connection: verify depth is 1
Handshake duration: 165.19 ms
Execution 422 - TLS Single
s_connection: verify depth is 1
Handshake duration: 177.94 ms
Execution 423 - TLS Single
s_connection: verify depth is 1
Handshake duration: 143.27 ms
Execution 424 - TLS Single
s_connection: verify depth is 1
Handshake duration: 161.21 ms
Execution 425 - TLS Single
s_connection: verify depth is 1
Handshake duration: 175.43 ms
Execution 426 - TLS Single
s_connection: verify depth is 1
Handshake duration: 179.41 ms
Execution 427 - TLS Single
s_connection: verify depth is 1
Handshake duration: 175.24 ms
Execution 428 - TLS Single
s_connection: verify depth is 1
Handshake duration: 176.56 ms
Execution 429 - TLS Single
s_connection: verify depth is 1
Handshake duration: 175.74 ms
Execution 430 - TLS Single
s_connection: verify depth is 1
Handshake duration: 178.87 ms
Execution 431 - TLS Single
s_connection: verify depth is 1
Handshake duration: 175.84 ms
Execution 432 - TLS Single
s_connection: verify depth is 1
Handshake duration: 174.01 ms
Execution 433 - TLS Single
s_connection: verify depth is 1
Handshake duration: 179.05 ms
Execution 434 - TLS Single
s_connection: verify depth is 1
Handshake duration: 176.67 ms
Execution 435 - TLS Single
s_connection: verify depth is 1
Handshake duration: 176.76 ms
Execution 436 - TLS Single
s_connection: verify depth is 1
Handshake duration: 175.50 ms
Execution 437 - TLS Single
s_connection: verify depth is 1
Handshake duration: 173.97 ms
Execution 438 - TLS Single
s_connection: verify depth is 1
Handshake duration: 173.35 ms
Execution 439 - TLS Single
s_connection: verify depth is 1
Handshake duration: 176.09 ms
Execution 440 - TLS Single
s_connection: verify depth is 1
Handshake duration: 173.57 ms
Execution 441 - TLS Single
s_connection: verify depth is 1
Handshake duration: 177.11 ms
Execution 442 - TLS Single
s_connection: verify depth is 1
Handshake duration: 174.92 ms
Execution 443 - TLS Single
s_connection: verify depth is 1
Handshake duration: 177.70 ms
Execution 444 - TLS Single
s_connection: verify depth is 1
Handshake duration: 172.90 ms
Execution 445 - TLS Single
s_connection: verify depth is 1
Handshake duration: 172.91 ms
Execution 446 - TLS Single
s_connection: verify depth is 1
Handshake duration: 157.88 ms
Execution 447 - TLS Single
s_connection: verify depth is 1
Handshake duration: 162.84 ms
Execution 448 - TLS Single
s_connection: verify depth is 1
Handshake duration: 177.75 ms
Execution 449 - TLS Single
s_connection: verify depth is 1
Handshake duration: 175.50 ms
Execution 450 - TLS Single
s_connection: verify depth is 1
Handshake duration: 175.39 ms
Execution 451 - TLS Single
s_connection: verify depth is 1
Handshake duration: 174.52 ms
Execution 452 - TLS Single
s_connection: verify depth is 1
Handshake duration: 176.75 ms
Execution 453 - TLS Single
s_connection: verify depth is 1
Handshake duration: 173.89 ms
Execution 454 - TLS Single
s_connection: verify depth is 1
Handshake duration: 175.84 ms
Execution 455 - TLS Single
s_connection: verify depth is 1
Handshake duration: 164.57 ms
Execution 456 - TLS Single
s_connection: verify depth is 1
Handshake duration: 177.08 ms
Execution 457 - TLS Single
s_connection: verify depth is 1
Handshake duration: 175.57 ms
Execution 458 - TLS Single
s_connection: verify depth is 1
Handshake duration: 158.40 ms
Execution 459 - TLS Single
s_connection: verify depth is 1
Handshake duration: 173.41 ms
Execution 460 - TLS Single
s_connection: verify depth is 1
Handshake duration: 176.32 ms
Execution 461 - TLS Single
s_connection: verify depth is 1
Handshake duration: 162.44 ms
Execution 462 - TLS Single
s_connection: verify depth is 1
Handshake duration: 175.25 ms
Execution 463 - TLS Single
s_connection: verify depth is 1
Handshake duration: 160.12 ms
Execution 464 - TLS Single
s_connection: verify depth is 1
Handshake duration: 173.11 ms
Execution 465 - TLS Single
s_connection: verify depth is 1
Handshake duration: 176.26 ms
Execution 466 - TLS Single
s_connection: verify depth is 1
Handshake duration: 173.79 ms
Execution 467 - TLS Single
s_connection: verify depth is 1
Handshake duration: 169.13 ms
Execution 468 - TLS Single
s_connection: verify depth is 1
Handshake duration: 175.50 ms
Execution 469 - TLS Single
s_connection: verify depth is 1
Handshake duration: 173.87 ms
Execution 470 - TLS Single
s_connection: verify depth is 1
Handshake duration: 176.95 ms
Execution 471 - TLS Single
s_connection: verify depth is 1
Handshake duration: 179.55 ms
Execution 472 - TLS Single
s_connection: verify depth is 1
Handshake duration: 174.58 ms
Execution 473 - TLS Single
s_connection: verify depth is 1
Handshake duration: 183.75 ms
Execution 474 - TLS Single
s_connection: verify depth is 1
Handshake duration: 173.51 ms
Execution 475 - TLS Single
s_connection: verify depth is 1
Handshake duration: 177.15 ms
Execution 476 - TLS Single
s_connection: verify depth is 1
Handshake duration: 174.89 ms
Execution 477 - TLS Single
s_connection: verify depth is 1
Handshake duration: 174.17 ms
Execution 478 - TLS Single
s_connection: verify depth is 1
Handshake duration: 173.35 ms
Execution 479 - TLS Single
s_connection: verify depth is 1
Handshake duration: 176.43 ms
Execution 480 - TLS Single
s_connection: verify depth is 1
Handshake duration: 176.88 ms
Execution 481 - TLS Single
s_connection: verify depth is 1
Handshake duration: 175.56 ms
Execution 482 - TLS Single
s_connection: verify depth is 1
Handshake duration: 174.38 ms
Execution 483 - TLS Single
s_connection: verify depth is 1
Handshake duration: 175.50 ms
Execution 484 - TLS Single
s_connection: verify depth is 1
Handshake duration: 174.66 ms
Execution 485 - TLS Single
s_connection: verify depth is 1
Handshake duration: 173.74 ms
Execution 486 - TLS Single
s_connection: verify depth is 1
Handshake duration: 177.64 ms
Execution 487 - TLS Single
s_connection: verify depth is 1
Handshake duration: 178.30 ms
Execution 488 - TLS Single
s_connection: verify depth is 1
Handshake duration: 176.85 ms
Execution 489 - TLS Single
s_connection: verify depth is 1
Handshake duration: 176.43 ms
Execution 490 - TLS Single
s_connection: verify depth is 1
Handshake duration: 175.08 ms
Execution 491 - TLS Single
s_connection: verify depth is 1
Handshake duration: 173.62 ms
Execution 492 - TLS Single
s_connection: verify depth is 1
Handshake duration: 174.30 ms
Execution 493 - TLS Single
s_connection: verify depth is 1
Handshake duration: 173.29 ms
Execution 494 - TLS Single
s_connection: verify depth is 1
Handshake duration: 178.03 ms
Execution 495 - TLS Single
s_connection: verify depth is 1
Handshake duration: 177.30 ms
Execution 496 - TLS Single
s_connection: verify depth is 1
Handshake duration: 177.38 ms
Execution 497 - TLS Single
s_connection: verify depth is 1
Handshake duration: 175.58 ms
Execution 498 - TLS Single
s_connection: verify depth is 1
Handshake duration: 177.26 ms
Execution 499 - TLS Single
s_connection: verify depth is 1
Handshake duration: 178.01 ms
Execution 500 - TLS Single
s_connection: verify depth is 1
Handshake duration: 176.91 ms
