Applying netem rules to lo...
Showing qdisc status for the interface: lo
qdisc netem 80b8: root refcnt 2 limit 1000 seed 8489634276291453510
 Sent 0 bytes 0 pkt (dropped 0, overlimits 0 requeues 0) 
 backlog 0b 0p requeues 0
Running ./perftestClientTlsQuic.sh with SIG_ALG=mldsa65 and KEM_ALG=p384_hqc192
Execution 1 - TLS Single
s_connection: verify depth is 1
Handshake duration: 304.90 ms
Execution 2 - TLS Single
s_connection: verify depth is 1
Handshake duration: 1253.21 ms
Execution 3 - TLS Single
s_connection: verify depth is 1
Handshake duration: 252.71 ms
Execution 4 - TLS Single
s_connection: verify depth is 1
Handshake duration: 246.91 ms
Execution 5 - TLS Single
s_connection: verify depth is 1
Handshake duration: 253.61 ms
Execution 6 - TLS Single
s_connection: verify depth is 1
Handshake duration: 247.96 ms
Execution 7 - TLS Single
s_connection: verify depth is 1
Handshake duration: 255.42 ms
Execution 8 - TLS Single
s_connection: verify depth is 1
Handshake duration: 250.20 ms
Execution 9 - TLS Single
s_connection: verify depth is 1
Handshake duration: 255.44 ms
Execution 10 - TLS Single
s_connection: verify depth is 1
Handshake duration: 255.04 ms
Execution 11 - TLS Single
s_connection: verify depth is 1
Handshake duration: 253.22 ms
Execution 12 - TLS Single
s_connection: verify depth is 1
Handshake duration: 248.40 ms
Execution 13 - TLS Single
s_connection: verify depth is 1
Handshake duration: 228.76 ms
Execution 14 - TLS Single
s_connection: verify depth is 1
Handshake duration: 246.75 ms
Execution 15 - TLS Single
s_connection: verify depth is 1
Handshake duration: 248.75 ms
Execution 16 - TLS Single
s_connection: verify depth is 1
Handshake duration: 248.28 ms
Execution 17 - TLS Single
s_connection: verify depth is 1
Handshake duration: 237.33 ms
Execution 18 - TLS Single
s_connection: verify depth is 1
Handshake duration: 222.88 ms
Execution 19 - TLS Single
s_connection: verify depth is 1
Handshake duration: 249.52 ms
Execution 20 - TLS Single
s_connection: verify depth is 1
Handshake duration: 248.78 ms
Execution 21 - TLS Single
s_connection: verify depth is 1
Handshake duration: 250.62 ms
Execution 22 - TLS Single
s_connection: verify depth is 1
Handshake duration: 252.66 ms
Execution 23 - TLS Single
s_connection: verify depth is 1
Handshake duration: 249.43 ms
Execution 24 - TLS Single
s_connection: verify depth is 1
Handshake duration: 247.13 ms
Execution 25 - TLS Single
s_connection: verify depth is 1
Handshake duration: 251.90 ms
Execution 26 - TLS Single
s_connection: verify depth is 1
Handshake duration: 254.43 ms
Execution 27 - TLS Single
s_connection: verify depth is 1
Handshake duration: 251.92 ms
Execution 28 - TLS Single
s_connection: verify depth is 1
Handshake duration: 255.02 ms
Execution 29 - TLS Single
s_connection: verify depth is 1
Handshake duration: 251.78 ms
Execution 30 - TLS Single
s_connection: verify depth is 1
Handshake duration: 252.83 ms
Execution 31 - TLS Single
s_connection: verify depth is 1
Handshake duration: 249.17 ms
Execution 32 - TLS Single
s_connection: verify depth is 1
Handshake duration: 248.81 ms
Execution 33 - TLS Single
s_connection: verify depth is 1
Handshake duration: 247.43 ms
Execution 34 - TLS Single
s_connection: verify depth is 1
Handshake duration: 223.72 ms
Execution 35 - TLS Single
s_connection: verify depth is 1
Handshake duration: 246.73 ms
Execution 36 - TLS Single
s_connection: verify depth is 1
Handshake duration: 248.56 ms
Execution 37 - TLS Single
s_connection: verify depth is 1
Handshake duration: 253.52 ms
Execution 38 - TLS Single
s_connection: verify depth is 1
Handshake duration: 248.56 ms
Execution 39 - TLS Single
s_connection: verify depth is 1
Handshake duration: 243.51 ms
Execution 40 - TLS Single
s_connection: verify depth is 1
Handshake duration: 242.35 ms
Execution 41 - TLS Single
s_connection: verify depth is 1
Handshake duration: 246.01 ms
Execution 42 - TLS Single
s_connection: verify depth is 1
Handshake duration: 256.10 ms
Execution 43 - TLS Single
s_connection: verify depth is 1
Handshake duration: 249.29 ms
Execution 44 - TLS Single
s_connection: verify depth is 1
Handshake duration: 304.33 ms
Execution 45 - TLS Single
s_connection: verify depth is 1
Handshake duration: 248.49 ms
Execution 46 - TLS Single
s_connection: verify depth is 1
Handshake duration: 248.60 ms
Execution 47 - TLS Single
s_connection: verify depth is 1
Handshake duration: 252.58 ms
Execution 48 - TLS Single
s_connection: verify depth is 1
Handshake duration: 246.17 ms
Execution 49 - TLS Single
s_connection: verify depth is 1
Handshake duration: 250.82 ms
Execution 50 - TLS Single
s_connection: verify depth is 1
Handshake duration: 244.63 ms
Execution 51 - TLS Single
s_connection: verify depth is 1
Handshake duration: 245.42 ms
Execution 52 - TLS Single
s_connection: verify depth is 1
Handshake duration: 249.54 ms
Execution 53 - TLS Single
s_connection: verify depth is 1
Handshake duration: 252.31 ms
Execution 54 - TLS Single
s_connection: verify depth is 1
Handshake duration: 248.75 ms
Execution 55 - TLS Single
s_connection: verify depth is 1
Handshake duration: 245.72 ms
Execution 56 - TLS Single
s_connection: verify depth is 1
Handshake duration: 254.18 ms
Execution 57 - TLS Single
s_connection: verify depth is 1
Handshake duration: 249.11 ms
Execution 58 - TLS Single
s_connection: verify depth is 1
Handshake duration: 250.77 ms
Execution 59 - TLS Single
s_connection: verify depth is 1
Handshake duration: 247.61 ms
Execution 60 - TLS Single
s_connection: verify depth is 1
Handshake duration: 245.68 ms
Execution 61 - TLS Single
s_connection: verify depth is 1
Handshake duration: 251.49 ms
Execution 62 - TLS Single
s_connection: verify depth is 1
Handshake duration: 249.68 ms
Execution 63 - TLS Single
s_connection: verify depth is 1
Handshake duration: 258.04 ms
Execution 64 - TLS Single
s_connection: verify depth is 1
Handshake duration: 246.29 ms
Execution 65 - TLS Single
s_connection: verify depth is 1
Handshake duration: 254.44 ms
Execution 66 - TLS Single
s_connection: verify depth is 1
Handshake duration: 249.05 ms
Execution 67 - TLS Single
s_connection: verify depth is 1
Handshake duration: 254.73 ms
Execution 68 - TLS Single
s_connection: verify depth is 1
Handshake duration: 243.63 ms
Execution 69 - TLS Single
s_connection: verify depth is 1
Handshake duration: 243.72 ms
Execution 70 - TLS Single
s_connection: verify depth is 1
Handshake duration: 248.83 ms
Execution 71 - TLS Single
s_connection: verify depth is 1
Handshake duration: 248.80 ms
Execution 72 - TLS Single
s_connection: verify depth is 1
Handshake duration: 252.06 ms
Execution 73 - TLS Single
s_connection: verify depth is 1
Handshake duration: 255.14 ms
Execution 74 - TLS Single
s_connection: verify depth is 1
Handshake duration: 246.03 ms
Execution 75 - TLS Single
s_connection: verify depth is 1
Handshake duration: 254.13 ms
Execution 76 - TLS Single
s_connection: verify depth is 1
Handshake duration: 247.62 ms
Execution 77 - TLS Single
s_connection: verify depth is 1
Handshake duration: 245.30 ms
Execution 78 - TLS Single
s_connection: verify depth is 1
Handshake duration: 248.87 ms
Execution 79 - TLS Single
s_connection: verify depth is 1
Handshake duration: 245.44 ms
Execution 80 - TLS Single
s_connection: verify depth is 1
Handshake duration: 245.25 ms
Execution 81 - TLS Single
s_connection: verify depth is 1
Handshake duration: 249.77 ms
Execution 82 - TLS Single
s_connection: verify depth is 1
Handshake duration: 247.36 ms
Execution 83 - TLS Single
s_connection: verify depth is 1
Handshake duration: 253.32 ms
Execution 84 - TLS Single
s_connection: verify depth is 1
Handshake duration: 249.61 ms
Execution 85 - TLS Single
s_connection: verify depth is 1
Handshake duration: 253.03 ms
Execution 86 - TLS Single
s_connection: verify depth is 1
Handshake duration: 249.80 ms
Execution 87 - TLS Single
s_connection: verify depth is 1
Handshake duration: 243.58 ms
Execution 88 - TLS Single
s_connection: verify depth is 1
Handshake duration: 254.96 ms
Execution 89 - TLS Single
s_connection: verify depth is 1
Handshake duration: 256.67 ms
Execution 90 - TLS Single
s_connection: verify depth is 1
Handshake duration: 249.05 ms
Execution 91 - TLS Single
s_connection: verify depth is 1
Handshake duration: 251.11 ms
Execution 92 - TLS Single
s_connection: verify depth is 1
Handshake duration: 246.05 ms
Execution 93 - TLS Single
s_connection: verify depth is 1
Handshake duration: 220.92 ms
Execution 94 - TLS Single
s_connection: verify depth is 1
Handshake duration: 251.70 ms
Execution 95 - TLS Single
s_connection: verify depth is 1
Handshake duration: 248.90 ms
Execution 96 - TLS Single
s_connection: verify depth is 1
Handshake duration: 252.28 ms
Execution 97 - TLS Single
s_connection: verify depth is 1
Handshake duration: 251.99 ms
Execution 98 - TLS Single
s_connection: verify depth is 1
Handshake duration: 246.16 ms
Execution 99 - TLS Single
s_connection: verify depth is 1
Handshake duration: 255.00 ms
Execution 100 - TLS Single
s_connection: verify depth is 1
Handshake duration: 258.99 ms
Execution 101 - TLS Single
s_connection: verify depth is 1
Handshake duration: 244.96 ms
Execution 102 - TLS Single
s_connection: verify depth is 1
Handshake duration: 246.68 ms
Execution 103 - TLS Single
s_connection: verify depth is 1
Handshake duration: 249.23 ms
Execution 104 - TLS Single
s_connection: verify depth is 1
Handshake duration: 253.39 ms
Execution 105 - TLS Single
s_connection: verify depth is 1
Handshake duration: 252.85 ms
Execution 106 - TLS Single
s_connection: verify depth is 1
Handshake duration: 251.14 ms
Execution 107 - TLS Single
s_connection: verify depth is 1
Handshake duration: 247.38 ms
Execution 108 - TLS Single
s_connection: verify depth is 1
Handshake duration: 243.05 ms
Execution 109 - TLS Single
s_connection: verify depth is 1
Handshake duration: 220.80 ms
Execution 110 - TLS Single
s_connection: verify depth is 1
Handshake duration: 252.26 ms
Execution 111 - TLS Single
s_connection: verify depth is 1
Handshake duration: 250.49 ms
Execution 112 - TLS Single
s_connection: verify depth is 1
Handshake duration: 250.81 ms
Execution 113 - TLS Single
s_connection: verify depth is 1
Handshake duration: 251.59 ms
Execution 114 - TLS Single
s_connection: verify depth is 1
Handshake duration: 250.82 ms
Execution 115 - TLS Single
s_connection: verify depth is 1
Handshake duration: 254.25 ms
Execution 116 - TLS Single
s_connection: verify depth is 1
Handshake duration: 253.41 ms
Execution 117 - TLS Single
s_connection: verify depth is 1
Handshake duration: 254.24 ms
Execution 118 - TLS Single
s_connection: verify depth is 1
Handshake duration: 246.85 ms
Execution 119 - TLS Single
s_connection: verify depth is 1
Handshake duration: 249.71 ms
Execution 120 - TLS Single
s_connection: verify depth is 1
Handshake duration: 250.97 ms
Execution 121 - TLS Single
s_connection: verify depth is 1
Handshake duration: 251.48 ms
Execution 122 - TLS Single
s_connection: verify depth is 1
Handshake duration: 248.37 ms
Execution 123 - TLS Single
s_connection: verify depth is 1
Handshake duration: 252.16 ms
Execution 124 - TLS Single
s_connection: verify depth is 1
Handshake duration: 249.71 ms
Execution 125 - TLS Single
s_connection: verify depth is 1
Handshake duration: 247.46 ms
Execution 126 - TLS Single
s_connection: verify depth is 1
Handshake duration: 250.79 ms
Execution 127 - TLS Single
s_connection: verify depth is 1
Handshake duration: 253.38 ms
Execution 128 - TLS Single
s_connection: verify depth is 1
Handshake duration: 247.73 ms
Execution 129 - TLS Single
s_connection: verify depth is 1
Handshake duration: 251.47 ms
Execution 130 - TLS Single
s_connection: verify depth is 1
Handshake duration: 247.21 ms
Execution 131 - TLS Single
s_connection: verify depth is 1
Handshake duration: 240.04 ms
Execution 132 - TLS Single
s_connection: verify depth is 1
Handshake duration: 252.80 ms
Execution 133 - TLS Single
s_connection: verify depth is 1
Handshake duration: 253.38 ms
Execution 134 - TLS Single
s_connection: verify depth is 1
Handshake duration: 243.48 ms
Execution 135 - TLS Single
s_connection: verify depth is 1
Handshake duration: 260.38 ms
Execution 136 - TLS Single
s_connection: verify depth is 1
Handshake duration: 249.76 ms
Execution 137 - TLS Single
s_connection: verify depth is 1
Handshake duration: 251.13 ms
Execution 138 - TLS Single
s_connection: verify depth is 1
Handshake duration: 229.15 ms
Execution 139 - TLS Single
s_connection: verify depth is 1
Handshake duration: 245.49 ms
Execution 140 - TLS Single
s_connection: verify depth is 1
Handshake duration: 251.94 ms
Execution 141 - TLS Single
s_connection: verify depth is 1
Handshake duration: 254.74 ms
Execution 142 - TLS Single
s_connection: verify depth is 1
Handshake duration: 248.65 ms
Execution 143 - TLS Single
s_connection: verify depth is 1
Handshake duration: 252.93 ms
Execution 144 - TLS Single
s_connection: verify depth is 1
Handshake duration: 253.89 ms
Execution 145 - TLS Single
s_connection: verify depth is 1
Handshake duration: 253.81 ms
Execution 146 - TLS Single
s_connection: verify depth is 1
Handshake duration: 250.34 ms
Execution 147 - TLS Single
s_connection: verify depth is 1
Handshake duration: 254.63 ms
Execution 148 - TLS Single
s_connection: verify depth is 1
Handshake duration: 216.49 ms
Execution 149 - TLS Single
s_connection: verify depth is 1
Handshake duration: 244.82 ms
Execution 150 - TLS Single
s_connection: verify depth is 1
Handshake duration: 251.75 ms
Execution 151 - TLS Single
s_connection: verify depth is 1
Handshake duration: 247.51 ms
Execution 152 - TLS Single
s_connection: verify depth is 1
Handshake duration: 246.53 ms
Execution 153 - TLS Single
s_connection: verify depth is 1
Handshake duration: 257.74 ms
Execution 154 - TLS Single
s_connection: verify depth is 1
Handshake duration: 249.86 ms
Execution 155 - TLS Single
s_connection: verify depth is 1
Handshake duration: 255.67 ms
Execution 156 - TLS Single
s_connection: verify depth is 1
Handshake duration: 246.67 ms
Execution 157 - TLS Single
s_connection: verify depth is 1
Handshake duration: 246.19 ms
Execution 158 - TLS Single
s_connection: verify depth is 1
Handshake duration: 249.76 ms
Execution 159 - TLS Single
s_connection: verify depth is 1
Handshake duration: 247.45 ms
Execution 160 - TLS Single
s_connection: verify depth is 1
Handshake duration: 248.16 ms
Execution 161 - TLS Single
s_connection: verify depth is 1
Handshake duration: 248.60 ms
Execution 162 - TLS Single
s_connection: verify depth is 1
Handshake duration: 250.71 ms
Execution 163 - TLS Single
s_connection: verify depth is 1
Handshake duration: 213.05 ms
Execution 164 - TLS Single
s_connection: verify depth is 1
Handshake duration: 246.37 ms
Execution 165 - TLS Single
s_connection: verify depth is 1
Handshake duration: 246.37 ms
Execution 166 - TLS Single
s_connection: verify depth is 1
Handshake duration: 248.53 ms
Execution 167 - TLS Single
s_connection: verify depth is 1
Handshake duration: 242.14 ms
Execution 168 - TLS Single
s_connection: verify depth is 1
Handshake duration: 245.25 ms
Execution 169 - TLS Single
s_connection: verify depth is 1
Handshake duration: 247.06 ms
Execution 170 - TLS Single
s_connection: verify depth is 1
Handshake duration: 244.97 ms
Execution 171 - TLS Single
s_connection: verify depth is 1
Handshake duration: 239.83 ms
Execution 172 - TLS Single
s_connection: verify depth is 1
Handshake duration: 252.51 ms
Execution 173 - TLS Single
s_connection: verify depth is 1
Handshake duration: 246.52 ms
Execution 174 - TLS Single
s_connection: verify depth is 1
Handshake duration: 251.31 ms
Execution 175 - TLS Single
s_connection: verify depth is 1
Handshake duration: 247.78 ms
Execution 176 - TLS Single
s_connection: verify depth is 1
Handshake duration: 244.29 ms
Execution 177 - TLS Single
s_connection: verify depth is 1
Handshake duration: 246.90 ms
Execution 178 - TLS Single
s_connection: verify depth is 1
Handshake duration: 253.74 ms
Execution 179 - TLS Single
s_connection: verify depth is 1
Handshake duration: 239.47 ms
Execution 180 - TLS Single
s_connection: verify depth is 1
Handshake duration: 251.70 ms
Execution 181 - TLS Single
s_connection: verify depth is 1
Handshake duration: 250.17 ms
Execution 182 - TLS Single
s_connection: verify depth is 1
Handshake duration: 249.09 ms
Execution 183 - TLS Single
s_connection: verify depth is 1
Handshake duration: 250.88 ms
Execution 184 - TLS Single
s_connection: verify depth is 1
Handshake duration: 249.96 ms
Execution 185 - TLS Single
s_connection: verify depth is 1
Handshake duration: 248.58 ms
Execution 186 - TLS Single
s_connection: verify depth is 1
Handshake duration: 247.58 ms
Execution 187 - TLS Single
s_connection: verify depth is 1
Handshake duration: 249.84 ms
Execution 188 - TLS Single
s_connection: verify depth is 1
Handshake duration: 241.25 ms
Execution 189 - TLS Single
s_connection: verify depth is 1
Handshake duration: 253.54 ms
Execution 190 - TLS Single
s_connection: verify depth is 1
Handshake duration: 249.89 ms
Execution 191 - TLS Single
s_connection: verify depth is 1
Handshake duration: 250.98 ms
Execution 192 - TLS Single
s_connection: verify depth is 1
Handshake duration: 247.42 ms
Execution 193 - TLS Single
s_connection: verify depth is 1
Handshake duration: 244.37 ms
Execution 194 - TLS Single
s_connection: verify depth is 1
Handshake duration: 244.58 ms
Execution 195 - TLS Single
s_connection: verify depth is 1
Handshake duration: 245.78 ms
Execution 196 - TLS Single
s_connection: verify depth is 1
Handshake duration: 246.30 ms
Execution 197 - TLS Single
s_connection: verify depth is 1
Handshake duration: 501.36 ms
Execution 198 - TLS Single
s_connection: verify depth is 1
Handshake duration: 248.22 ms
Execution 199 - TLS Single
s_connection: verify depth is 1
Handshake duration: 257.73 ms
Execution 200 - TLS Single
s_connection: verify depth is 1
Handshake duration: 249.53 ms
Execution 201 - TLS Single
s_connection: verify depth is 1
Handshake duration: 247.36 ms
Execution 202 - TLS Single
s_connection: verify depth is 1
Handshake duration: 249.52 ms
Execution 203 - TLS Single
s_connection: verify depth is 1
Handshake duration: 258.73 ms
Execution 204 - TLS Single
s_connection: verify depth is 1
Handshake duration: 241.65 ms
Execution 205 - TLS Single
s_connection: verify depth is 1
Handshake duration: 249.25 ms
Execution 206 - TLS Single
s_connection: verify depth is 1
Handshake duration: 246.06 ms
Execution 207 - TLS Single
s_connection: verify depth is 1
Handshake duration: 247.93 ms
Execution 208 - TLS Single
s_connection: verify depth is 1
Handshake duration: 252.31 ms
Execution 209 - TLS Single
s_connection: verify depth is 1
Handshake duration: 246.60 ms
Execution 210 - TLS Single
s_connection: verify depth is 1
Handshake duration: 221.34 ms
Execution 211 - TLS Single
s_connection: verify depth is 1
Handshake duration: 236.69 ms
Execution 212 - TLS Single
s_connection: verify depth is 1
Handshake duration: 248.26 ms
Execution 213 - TLS Single
s_connection: verify depth is 1
Handshake duration: 297.88 ms
Execution 214 - TLS Single
s_connection: verify depth is 1
Handshake duration: 244.52 ms
Execution 215 - TLS Single
s_connection: verify depth is 1
Handshake duration: 239.10 ms
Execution 216 - TLS Single
s_connection: verify depth is 1
Handshake duration: 251.66 ms
Execution 217 - TLS Single
s_connection: verify depth is 1
Handshake duration: 242.78 ms
Execution 218 - TLS Single
s_connection: verify depth is 1
Handshake duration: 243.57 ms
Execution 219 - TLS Single
s_connection: verify depth is 1
Handshake duration: 222.33 ms
Execution 220 - TLS Single
s_connection: verify depth is 1
Handshake duration: 246.80 ms
Execution 221 - TLS Single
s_connection: verify depth is 1
Handshake duration: 299.50 ms
Execution 222 - TLS Single
s_connection: verify depth is 1
Handshake duration: 243.99 ms
Execution 223 - TLS Single
s_connection: verify depth is 1
Handshake duration: 247.11 ms
Execution 224 - TLS Single
s_connection: verify depth is 1
Handshake duration: 250.91 ms
Execution 225 - TLS Single
s_connection: verify depth is 1
Handshake duration: 228.76 ms
Execution 226 - TLS Single
s_connection: verify depth is 1
Handshake duration: 249.05 ms
Execution 227 - TLS Single
s_connection: verify depth is 1
Handshake duration: 223.41 ms
Execution 228 - TLS Single
s_connection: verify depth is 1
Handshake duration: 249.99 ms
Execution 229 - TLS Single
s_connection: verify depth is 1
Handshake duration: 257.21 ms
Execution 230 - TLS Single
s_connection: verify depth is 1
Handshake duration: 247.24 ms
Execution 231 - TLS Single
s_connection: verify depth is 1
Handshake duration: 255.70 ms
Execution 232 - TLS Single
s_connection: verify depth is 1
Handshake duration: 243.72 ms
Execution 233 - TLS Single
s_connection: verify depth is 1
Handshake duration: 256.59 ms
Execution 234 - TLS Single
s_connection: verify depth is 1
Handshake duration: 251.14 ms
Execution 235 - TLS Single
s_connection: verify depth is 1
Handshake duration: 262.81 ms
Execution 236 - TLS Single
s_connection: verify depth is 1
Handshake duration: 219.52 ms
Execution 237 - TLS Single
s_connection: verify depth is 1
Handshake duration: 245.19 ms
Execution 238 - TLS Single
s_connection: verify depth is 1
Handshake duration: 253.08 ms
Execution 239 - TLS Single
s_connection: verify depth is 1
Handshake duration: 246.46 ms
Execution 240 - TLS Single
s_connection: verify depth is 1
Handshake duration: 246.13 ms
Execution 241 - TLS Single
s_connection: verify depth is 1
Handshake duration: 236.26 ms
Execution 242 - TLS Single
s_connection: verify depth is 1
Handshake duration: 247.45 ms
Execution 243 - TLS Single
s_connection: verify depth is 1
Handshake duration: 249.86 ms
Execution 244 - TLS Single
s_connection: verify depth is 1
Handshake duration: 248.47 ms
Execution 245 - TLS Single
s_connection: verify depth is 1
Handshake duration: 230.71 ms
Execution 246 - TLS Single
s_connection: verify depth is 1
Handshake duration: 251.89 ms
Execution 247 - TLS Single
s_connection: verify depth is 1
Handshake duration: 247.71 ms
Execution 248 - TLS Single
s_connection: verify depth is 1
Handshake duration: 255.16 ms
Execution 249 - TLS Single
s_connection: verify depth is 1
Handshake duration: 251.87 ms
Execution 250 - TLS Single
s_connection: verify depth is 1
Handshake duration: 243.91 ms
Execution 251 - TLS Single
s_connection: verify depth is 1
Handshake duration: 253.81 ms
Execution 252 - TLS Single
s_connection: verify depth is 1
Handshake duration: 250.20 ms
Execution 253 - TLS Single
s_connection: verify depth is 1
Handshake duration: 246.22 ms
Execution 254 - TLS Single
s_connection: verify depth is 1
Handshake duration: 253.84 ms
Execution 255 - TLS Single
s_connection: verify depth is 1
Handshake duration: 247.91 ms
Execution 256 - TLS Single
s_connection: verify depth is 1
Handshake duration: 248.16 ms
Execution 257 - TLS Single
s_connection: verify depth is 1
Handshake duration: 255.39 ms
Execution 258 - TLS Single
s_connection: verify depth is 1
Handshake duration: 240.38 ms
Execution 259 - TLS Single
s_connection: verify depth is 1
Handshake duration: 250.74 ms
Execution 260 - TLS Single
s_connection: verify depth is 1
Handshake duration: 248.90 ms
Execution 261 - TLS Single
s_connection: verify depth is 1
Handshake duration: 253.22 ms
Execution 262 - TLS Single
s_connection: verify depth is 1
Handshake duration: 246.60 ms
Execution 263 - TLS Single
s_connection: verify depth is 1
Handshake duration: 249.33 ms
Execution 264 - TLS Single
s_connection: verify depth is 1
Handshake duration: 251.99 ms
Execution 265 - TLS Single
s_connection: verify depth is 1
Handshake duration: 218.89 ms
Execution 266 - TLS Single
s_connection: verify depth is 1
Handshake duration: 247.10 ms
Execution 267 - TLS Single
s_connection: verify depth is 1
Handshake duration: 241.46 ms
Execution 268 - TLS Single
s_connection: verify depth is 1
Handshake duration: 250.98 ms
Execution 269 - TLS Single
s_connection: verify depth is 1
Handshake duration: 246.82 ms
Execution 270 - TLS Single
s_connection: verify depth is 1
Handshake duration: 250.52 ms
Execution 271 - TLS Single
s_connection: verify depth is 1
Handshake duration: 245.19 ms
Execution 272 - TLS Single
s_connection: verify depth is 1
Handshake duration: 248.65 ms
Execution 273 - TLS Single
s_connection: verify depth is 1
Handshake duration: 257.66 ms
Execution 274 - TLS Single
s_connection: verify depth is 1
Handshake duration: 243.10 ms
Execution 275 - TLS Single
s_connection: verify depth is 1
Handshake duration: 248.25 ms
Execution 276 - TLS Single
s_connection: verify depth is 1
Handshake duration: 244.87 ms
Execution 277 - TLS Single
s_connection: verify depth is 1
Handshake duration: 250.40 ms
Execution 278 - TLS Single
s_connection: verify depth is 1
Handshake duration: 252.49 ms
Execution 279 - TLS Single
s_connection: verify depth is 1
Handshake duration: 258.49 ms
Execution 280 - TLS Single
s_connection: verify depth is 1
Handshake duration: 312.13 ms
Execution 281 - TLS Single
s_connection: verify depth is 1
Handshake duration: 247.88 ms
Execution 282 - TLS Single
s_connection: verify depth is 1
Handshake duration: 253.52 ms
Execution 283 - TLS Single
s_connection: verify depth is 1
Handshake duration: 252.06 ms
Execution 284 - TLS Single
s_connection: verify depth is 1
Handshake duration: 246.69 ms
Execution 285 - TLS Single
s_connection: verify depth is 1
Handshake duration: 305.17 ms
Execution 286 - TLS Single
s_connection: verify depth is 1
Handshake duration: 241.21 ms
Execution 287 - TLS Single
s_connection: verify depth is 1
Handshake duration: 243.87 ms
Execution 288 - TLS Single
s_connection: verify depth is 1
Handshake duration: 249.18 ms
Execution 289 - TLS Single
s_connection: verify depth is 1
Handshake duration: 257.60 ms
Execution 290 - TLS Single
s_connection: verify depth is 1
Handshake duration: 245.40 ms
Execution 291 - TLS Single
s_connection: verify depth is 1
Handshake duration: 249.06 ms
Execution 292 - TLS Single
s_connection: verify depth is 1
Handshake duration: 250.71 ms
Execution 293 - TLS Single
s_connection: verify depth is 1
Handshake duration: 244.31 ms
Execution 294 - TLS Single
s_connection: verify depth is 1
Handshake duration: 249.56 ms
Execution 295 - TLS Single
s_connection: verify depth is 1
Handshake duration: 242.12 ms
Execution 296 - TLS Single
s_connection: verify depth is 1
Handshake duration: 245.57 ms
Execution 297 - TLS Single
s_connection: verify depth is 1
Handshake duration: 254.41 ms
Execution 298 - TLS Single
s_connection: verify depth is 1
Handshake duration: 244.29 ms
Execution 299 - TLS Single
s_connection: verify depth is 1
Handshake duration: 241.55 ms
Execution 300 - TLS Single
s_connection: verify depth is 1
Handshake duration: 248.97 ms
Execution 301 - TLS Single
s_connection: verify depth is 1
Handshake duration: 252.07 ms
Execution 302 - TLS Single
s_connection: verify depth is 1
Handshake duration: 250.18 ms
Execution 303 - TLS Single
s_connection: verify depth is 1
Handshake duration: 253.73 ms
Execution 304 - TLS Single
s_connection: verify depth is 1
Handshake duration: 244.69 ms
Execution 305 - TLS Single
s_connection: verify depth is 1
Handshake duration: 249.87 ms
Execution 306 - TLS Single
s_connection: verify depth is 1
Handshake duration: 248.29 ms
Execution 307 - TLS Single
s_connection: verify depth is 1
Handshake duration: 252.77 ms
Execution 308 - TLS Single
s_connection: verify depth is 1
Handshake duration: 245.66 ms
Execution 309 - TLS Single
s_connection: verify depth is 1
Handshake duration: 243.47 ms
Execution 310 - TLS Single
s_connection: verify depth is 1
Handshake duration: 252.92 ms
Execution 311 - TLS Single
s_connection: verify depth is 1
Handshake duration: 239.00 ms
Execution 312 - TLS Single
s_connection: verify depth is 1
Handshake duration: 251.63 ms
Execution 313 - TLS Single
s_connection: verify depth is 1
Handshake duration: 250.05 ms
Execution 314 - TLS Single
s_connection: verify depth is 1
Handshake duration: 241.48 ms
Execution 315 - TLS Single
s_connection: verify depth is 1
Handshake duration: 252.40 ms
Execution 316 - TLS Single
s_connection: verify depth is 1
Handshake duration: 245.05 ms
Execution 317 - TLS Single
s_connection: verify depth is 1
Handshake duration: 255.61 ms
Execution 318 - TLS Single
s_connection: verify depth is 1
Handshake duration: 255.19 ms
Execution 319 - TLS Single
s_connection: verify depth is 1
Handshake duration: 248.38 ms
Execution 320 - TLS Single
s_connection: verify depth is 1
Handshake duration: 245.33 ms
Execution 321 - TLS Single
s_connection: verify depth is 1
Handshake duration: 251.09 ms
Execution 322 - TLS Single
s_connection: verify depth is 1
Handshake duration: 311.25 ms
Execution 323 - TLS Single
s_connection: verify depth is 1
Handshake duration: 249.40 ms
Execution 324 - TLS Single
s_connection: verify depth is 1
Handshake duration: 250.66 ms
Execution 325 - TLS Single
s_connection: verify depth is 1
Handshake duration: 251.40 ms
Execution 326 - TLS Single
s_connection: verify depth is 1
Handshake duration: 248.43 ms
Execution 327 - TLS Single
s_connection: verify depth is 1
Handshake duration: 244.19 ms
Execution 328 - TLS Single
s_connection: verify depth is 1
Handshake duration: 312.37 ms
Execution 329 - TLS Single
s_connection: verify depth is 1
Handshake duration: 250.63 ms
Execution 330 - TLS Single
s_connection: verify depth is 1
Handshake duration: 248.14 ms
Execution 331 - TLS Single
s_connection: verify depth is 1
Handshake duration: 250.75 ms
Execution 332 - TLS Single
s_connection: verify depth is 1
Handshake duration: 255.38 ms
Execution 333 - TLS Single
s_connection: verify depth is 1
Handshake duration: 236.20 ms
Execution 334 - TLS Single
s_connection: verify depth is 1
Handshake duration: 226.99 ms
Execution 335 - TLS Single
s_connection: verify depth is 1
Handshake duration: 247.21 ms
Execution 336 - TLS Single
s_connection: verify depth is 1
Handshake duration: 249.87 ms
Execution 337 - TLS Single
s_connection: verify depth is 1
Handshake duration: 248.72 ms
Execution 338 - TLS Single
s_connection: verify depth is 1
Handshake duration: 249.56 ms
Execution 339 - TLS Single
s_connection: verify depth is 1
Handshake duration: 253.95 ms
Execution 340 - TLS Single
s_connection: verify depth is 1
Handshake duration: 250.03 ms
Execution 341 - TLS Single
s_connection: verify depth is 1
Handshake duration: 248.77 ms
Execution 342 - TLS Single
s_connection: verify depth is 1
Handshake duration: 254.55 ms
Execution 343 - TLS Single
s_connection: verify depth is 1
Handshake duration: 253.06 ms
Execution 344 - TLS Single
s_connection: verify depth is 1
Handshake duration: 247.38 ms
Execution 345 - TLS Single
s_connection: verify depth is 1
Handshake duration: 240.29 ms
Execution 346 - TLS Single
s_connection: verify depth is 1
Handshake duration: 257.31 ms
Execution 347 - TLS Single
s_connection: verify depth is 1
Handshake duration: 247.59 ms
Execution 348 - TLS Single
s_connection: verify depth is 1
Handshake duration: 244.72 ms
Execution 349 - TLS Single
s_connection: verify depth is 1
Handshake duration: 255.67 ms
Execution 350 - TLS Single
s_connection: verify depth is 1
Handshake duration: 232.57 ms
Execution 351 - TLS Single
s_connection: verify depth is 1
Handshake duration: 245.22 ms
Execution 352 - TLS Single
s_connection: verify depth is 1
Handshake duration: 250.82 ms
Execution 353 - TLS Single
s_connection: verify depth is 1
Handshake duration: 246.16 ms
Execution 354 - TLS Single
s_connection: verify depth is 1
Handshake duration: 241.07 ms
Execution 355 - TLS Single
s_connection: verify depth is 1
Handshake duration: 251.01 ms
Execution 356 - TLS Single
s_connection: verify depth is 1
Handshake duration: 248.88 ms
Execution 357 - TLS Single
s_connection: verify depth is 1
Handshake duration: 249.79 ms
Execution 358 - TLS Single
s_connection: verify depth is 1
Handshake duration: 255.18 ms
Execution 359 - TLS Single
s_connection: verify depth is 1
Handshake duration: 243.42 ms
Execution 360 - TLS Single
s_connection: verify depth is 1
Handshake duration: 245.82 ms
Execution 361 - TLS Single
s_connection: verify depth is 1
Handshake duration: 239.67 ms
Execution 362 - TLS Single
s_connection: verify depth is 1
Handshake duration: 252.63 ms
Execution 363 - TLS Single
s_connection: verify depth is 1
Handshake duration: 254.85 ms
Execution 364 - TLS Single
s_connection: verify depth is 1
Handshake duration: 255.59 ms
Execution 365 - TLS Single
s_connection: verify depth is 1
Handshake duration: 251.23 ms
Execution 366 - TLS Single
s_connection: verify depth is 1
Handshake duration: 223.22 ms
Execution 367 - TLS Single
s_connection: verify depth is 1
Handshake duration: 238.52 ms
Execution 368 - TLS Single
s_connection: verify depth is 1
Handshake duration: 251.54 ms
Execution 369 - TLS Single
s_connection: verify depth is 1
Handshake duration: 251.36 ms
Execution 370 - TLS Single
s_connection: verify depth is 1
Handshake duration: 244.87 ms
Execution 371 - TLS Single
s_connection: verify depth is 1
Handshake duration: 250.22 ms
Execution 372 - TLS Single
s_connection: verify depth is 1
Handshake duration: 247.66 ms
Execution 373 - TLS Single
s_connection: verify depth is 1
Handshake duration: 245.47 ms
Execution 374 - TLS Single
s_connection: verify depth is 1
Handshake duration: 247.79 ms
Execution 375 - TLS Single
s_connection: verify depth is 1
Handshake duration: 250.47 ms
Execution 376 - TLS Single
s_connection: verify depth is 1
Handshake duration: 249.02 ms
Execution 377 - TLS Single
s_connection: verify depth is 1
Handshake duration: 254.75 ms
Execution 378 - TLS Single
s_connection: verify depth is 1
Handshake duration: 250.84 ms
Execution 379 - TLS Single
s_connection: verify depth is 1
Handshake duration: 251.57 ms
Execution 380 - TLS Single
s_connection: verify depth is 1
Handshake duration: 246.84 ms
Execution 381 - TLS Single
s_connection: verify depth is 1
Handshake duration: 253.32 ms
Execution 382 - TLS Single
s_connection: verify depth is 1
Handshake duration: 249.28 ms
Execution 383 - TLS Single
s_connection: verify depth is 1
Handshake duration: 246.75 ms
Execution 384 - TLS Single
s_connection: verify depth is 1
Handshake duration: 248.70 ms
Execution 385 - TLS Single
s_connection: verify depth is 1
Handshake duration: 252.81 ms
Execution 386 - TLS Single
s_connection: verify depth is 1
Handshake duration: 245.86 ms
Execution 387 - TLS Single
s_connection: verify depth is 1
Handshake duration: 220.86 ms
Execution 388 - TLS Single
s_connection: verify depth is 1
Handshake duration: 214.43 ms
Execution 389 - TLS Single
s_connection: verify depth is 1
Handshake duration: 244.72 ms
Execution 390 - TLS Single
s_connection: verify depth is 1
Handshake duration: 248.68 ms
Execution 391 - TLS Single
s_connection: verify depth is 1
Handshake duration: 243.89 ms
Execution 392 - TLS Single
s_connection: verify depth is 1
Handshake duration: 224.21 ms
Execution 393 - TLS Single
s_connection: verify depth is 1
Handshake duration: 254.11 ms
Execution 394 - TLS Single
s_connection: verify depth is 1
Handshake duration: 252.45 ms
Execution 395 - TLS Single
s_connection: verify depth is 1
Handshake duration: 247.18 ms
Execution 396 - TLS Single
s_connection: verify depth is 1
Handshake duration: 253.13 ms
Execution 397 - TLS Single
s_connection: verify depth is 1
Handshake duration: 248.28 ms
Execution 398 - TLS Single
s_connection: verify depth is 1
Handshake duration: 234.68 ms
Execution 399 - TLS Single
s_connection: verify depth is 1
Handshake duration: 246.77 ms
Execution 400 - TLS Single
s_connection: verify depth is 1
Handshake duration: 246.00 ms
Execution 401 - TLS Single
s_connection: verify depth is 1
Handshake duration: 248.40 ms
Execution 402 - TLS Single
s_connection: verify depth is 1
Handshake duration: 248.99 ms
Execution 403 - TLS Single
s_connection: verify depth is 1
Handshake duration: 247.55 ms
Execution 404 - TLS Single
s_connection: verify depth is 1
Handshake duration: 246.81 ms
Execution 405 - TLS Single
s_connection: verify depth is 1
Handshake duration: 250.02 ms
Execution 406 - TLS Single
s_connection: verify depth is 1
Handshake duration: 249.23 ms
Execution 407 - TLS Single
s_connection: verify depth is 1
Handshake duration: 248.93 ms
Execution 408 - TLS Single
s_connection: verify depth is 1
Handshake duration: 251.18 ms
Execution 409 - TLS Single
s_connection: verify depth is 1
Handshake duration: 251.96 ms
Execution 410 - TLS Single
s_connection: verify depth is 1
Handshake duration: 245.14 ms
Execution 411 - TLS Single
s_connection: verify depth is 1
Handshake duration: 255.72 ms
Execution 412 - TLS Single
s_connection: verify depth is 1
Handshake duration: 253.98 ms
Execution 413 - TLS Single
s_connection: verify depth is 1
Handshake duration: 245.21 ms
Execution 414 - TLS Single
s_connection: verify depth is 1
Handshake duration: 249.36 ms
Execution 415 - TLS Single
s_connection: verify depth is 1
Handshake duration: 246.96 ms
Execution 416 - TLS Single
s_connection: verify depth is 1
Handshake duration: 248.34 ms
Execution 417 - TLS Single
s_connection: verify depth is 1
Handshake duration: 254.81 ms
Execution 418 - TLS Single
s_connection: verify depth is 1
Handshake duration: 255.37 ms
Execution 419 - TLS Single
s_connection: verify depth is 1
Handshake duration: 245.65 ms
Execution 420 - TLS Single
s_connection: verify depth is 1
Handshake duration: 251.15 ms
Execution 421 - TLS Single
s_connection: verify depth is 1
Handshake duration: 253.21 ms
Execution 422 - TLS Single
s_connection: verify depth is 1
Handshake duration: 253.42 ms
Execution 423 - TLS Single
s_connection: verify depth is 1
Handshake duration: 254.09 ms
Execution 424 - TLS Single
s_connection: verify depth is 1
Handshake duration: 248.47 ms
Execution 425 - TLS Single
s_connection: verify depth is 1
Handshake duration: 251.11 ms
Execution 426 - TLS Single
s_connection: verify depth is 1
Handshake duration: 246.12 ms
Execution 427 - TLS Single
s_connection: verify depth is 1
Handshake duration: 249.32 ms
Execution 428 - TLS Single
s_connection: verify depth is 1
Handshake duration: 252.38 ms
Execution 429 - TLS Single
s_connection: verify depth is 1
Handshake duration: 256.48 ms
Execution 430 - TLS Single
s_connection: verify depth is 1
Handshake duration: 248.13 ms
Execution 431 - TLS Single
s_connection: verify depth is 1
Handshake duration: 248.58 ms
Execution 432 - TLS Single
s_connection: verify depth is 1
Handshake duration: 250.94 ms
Execution 433 - TLS Single
s_connection: verify depth is 1
Handshake duration: 254.92 ms
Execution 434 - TLS Single
s_connection: verify depth is 1
Handshake duration: 247.19 ms
Execution 435 - TLS Single
s_connection: verify depth is 1
Handshake duration: 251.51 ms
Execution 436 - TLS Single
s_connection: verify depth is 1
Handshake duration: 256.61 ms
Execution 437 - TLS Single
s_connection: verify depth is 1
Handshake duration: 252.95 ms
Execution 438 - TLS Single
s_connection: verify depth is 1
Handshake duration: 251.20 ms
Execution 439 - TLS Single
s_connection: verify depth is 1
Handshake duration: 249.85 ms
Execution 440 - TLS Single
s_connection: verify depth is 1
Handshake duration: 247.95 ms
Execution 441 - TLS Single
s_connection: verify depth is 1
Handshake duration: 243.79 ms
Execution 442 - TLS Single
s_connection: verify depth is 1
Handshake duration: 251.01 ms
Execution 443 - TLS Single
s_connection: verify depth is 1
Handshake duration: 250.34 ms
Execution 444 - TLS Single
s_connection: verify depth is 1
Handshake duration: 255.70 ms
Execution 445 - TLS Single
s_connection: verify depth is 1
Handshake duration: 249.58 ms
Execution 446 - TLS Single
s_connection: verify depth is 1
Handshake duration: 248.65 ms
Execution 447 - TLS Single
s_connection: verify depth is 1
Handshake duration: 246.58 ms
Execution 448 - TLS Single
s_connection: verify depth is 1
Handshake duration: 242.17 ms
Execution 449 - TLS Single
s_connection: verify depth is 1
Handshake duration: 252.03 ms
Execution 450 - TLS Single
s_connection: verify depth is 1
Handshake duration: 244.32 ms
Execution 451 - TLS Single
s_connection: verify depth is 1
Handshake duration: 253.55 ms
Execution 452 - TLS Single
s_connection: verify depth is 1
Handshake duration: 253.82 ms
Execution 453 - TLS Single
s_connection: verify depth is 1
Handshake duration: 258.69 ms
Execution 454 - TLS Single
s_connection: verify depth is 1
Handshake duration: 254.72 ms
Execution 455 - TLS Single
s_connection: verify depth is 1
Handshake duration: 261.58 ms
Execution 456 - TLS Single
s_connection: verify depth is 1
Handshake duration: 248.05 ms
Execution 457 - TLS Single
s_connection: verify depth is 1
Handshake duration: 244.46 ms
Execution 458 - TLS Single
s_connection: verify depth is 1
Handshake duration: 250.37 ms
Execution 459 - TLS Single
s_connection: verify depth is 1
Handshake duration: 246.08 ms
Execution 460 - TLS Single
s_connection: verify depth is 1
Handshake duration: 241.50 ms
Execution 461 - TLS Single
s_connection: verify depth is 1
Handshake duration: 251.13 ms
Execution 462 - TLS Single
s_connection: verify depth is 1
Handshake duration: 302.80 ms
Execution 463 - TLS Single
s_connection: verify depth is 1
Handshake duration: 244.78 ms
Execution 464 - TLS Single
s_connection: verify depth is 1
Handshake duration: 256.20 ms
Execution 465 - TLS Single
s_connection: verify depth is 1
Handshake duration: 247.51 ms
Execution 466 - TLS Single
s_connection: verify depth is 1
Handshake duration: 248.81 ms
Execution 467 - TLS Single
s_connection: verify depth is 1
Handshake duration: 249.33 ms
Execution 468 - TLS Single
s_connection: verify depth is 1
Handshake duration: 246.10 ms
Execution 469 - TLS Single
s_connection: verify depth is 1
Handshake duration: 249.57 ms
Execution 470 - TLS Single
s_connection: verify depth is 1
Handshake duration: 251.20 ms
Execution 471 - TLS Single
s_connection: verify depth is 1
Handshake duration: 250.28 ms
Execution 472 - TLS Single
s_connection: verify depth is 1
Handshake duration: 249.27 ms
Execution 473 - TLS Single
s_connection: verify depth is 1
Handshake duration: 246.49 ms
Execution 474 - TLS Single
s_connection: verify depth is 1
Handshake duration: 255.18 ms
Execution 475 - TLS Single
s_connection: verify depth is 1
Handshake duration: 255.43 ms
Execution 476 - TLS Single
s_connection: verify depth is 1
Handshake duration: 251.03 ms
Execution 477 - TLS Single
s_connection: verify depth is 1
Handshake duration: 250.50 ms
Execution 478 - TLS Single
s_connection: verify depth is 1
Handshake duration: 248.93 ms
Execution 479 - TLS Single
s_connection: verify depth is 1
Handshake duration: 251.99 ms
Execution 480 - TLS Single
s_connection: verify depth is 1
Handshake duration: 251.20 ms
Execution 481 - TLS Single
s_connection: verify depth is 1
Handshake duration: 251.14 ms
Execution 482 - TLS Single
s_connection: verify depth is 1
Handshake duration: 246.10 ms
Execution 483 - TLS Single
s_connection: verify depth is 1
Handshake duration: 254.00 ms
Execution 484 - TLS Single
s_connection: verify depth is 1
Handshake duration: 252.56 ms
Execution 485 - TLS Single
s_connection: verify depth is 1
Handshake duration: 250.36 ms
Execution 486 - TLS Single
s_connection: verify depth is 1
Handshake duration: 244.24 ms
Execution 487 - TLS Single
s_connection: verify depth is 1
Handshake duration: 243.29 ms
Execution 488 - TLS Single
s_connection: verify depth is 1
Handshake duration: 251.19 ms
Execution 489 - TLS Single
s_connection: verify depth is 1
Handshake duration: 252.73 ms
Execution 490 - TLS Single
s_connection: verify depth is 1
Handshake duration: 252.72 ms
Execution 491 - TLS Single
s_connection: verify depth is 1
Handshake duration: 246.78 ms
Execution 492 - TLS Single
s_connection: verify depth is 1
Handshake duration: 255.96 ms
Execution 493 - TLS Single
s_connection: verify depth is 1
Handshake duration: 249.51 ms
Execution 494 - TLS Single
s_connection: verify depth is 1
Handshake duration: 252.51 ms
Execution 495 - TLS Single
s_connection: verify depth is 1
Handshake duration: 247.52 ms
Execution 496 - TLS Single
s_connection: verify depth is 1
Handshake duration: 251.31 ms
Execution 497 - TLS Single
s_connection: verify depth is 1
Handshake duration: 247.30 ms
Execution 498 - TLS Single
s_connection: verify depth is 1
Handshake duration: 244.41 ms
Execution 499 - TLS Single
s_connection: verify depth is 1
Handshake duration: 245.72 ms
Execution 500 - TLS Single
s_connection: verify depth is 1
Handshake duration: 250.66 ms
