timestamp_start=2026-08-25T07:13:03+01:00
protocol=tls auth_mode=single network_profile=simple_loss1.3_delay62.51ms
n_blocks=4 block_index=4 seed=2001 runs_this_block=125
execution_order:
  1) mldsa44|x25519
  2) secp521r1|p521_mlkem1024
  3) secp521r1|p521_hqc256
  4) ed25519|hqc128
  5) mldsa65|p384_hqc192
  6) ed25519|p256_hqc128
  7) mldsa65|hqc192
  8) mldsa65|p384_mlkem768
  9) secp384r1|x448_hqc192
  10) mldsa87|p521_hqc256
  11) ed25519|x25519_hqc128
  12) mldsa87|p521_mlkem1024
  13) mldsa44|mlkem512
  14) mldsa87|P-521
  15) ed25519|P-256
  16) secp384r1|x448_mlkem768
  17) mldsa65|x448_hqc192
  18) ed25519|p256_mlkem512
  19) secp521r1|P-521
  20) mldsa65|x448_mlkem768
  21) mldsa65|mlkem768
  22) mldsa44|x25519_hqc128
  23) ed25519|x25519
  24) secp384r1|x448
  25) secp521r1|mlkem1024
  26) mldsa65|x448
  27) ed25519|x25519_mlkem512
  28) mldsa87|hqc256
  29) mldsa44|hqc128
  30) mldsa44|p256_hqc128
  31) secp384r1|mlkem768
  32) mldsa44|x25519_mlkem512
  33) mldsa44|P-256
  34) mldsa87|mlkem1024
  35) mldsa65|P-384
  36) secp384r1|P-384
  37) secp521r1|hqc256
  38) secp384r1|p384_mlkem768
  39) secp384r1|p384_hqc192
  40) mldsa44|p256_mlkem512
  41) secp384r1|hqc192
  42) ed25519|mlkem512
timestamp_end=2026-08-25T08:00:54+01:00
