Handshake timeout budget: 150s (identique TLS/QUIC)
Applying netem rules to lo...
Showing qdisc status for the interface: lo
qdisc netem 97ed: root refcnt 2 limit 1000 seed 12902577328028750592
 Sent 0 bytes 0 pkt (dropped 0, overlimits 0 requeues 0) 
 backlog 0b 0p requeues 0
Running ./perftestClientTlsQuic.sh with SIG_ALG=mldsa87 and KEM_ALG=p521_mlkem1024
Execution 1 - QUIC Single
Handshake duration: 417.02 ms
Execution 2 - QUIC Single
Handshake duration: 275.35 ms
Execution 3 - QUIC Single
Handshake duration: 270.00 ms
Execution 4 - QUIC Single
Handshake duration: 274.79 ms
Execution 5 - QUIC Single
Handshake duration: 272.80 ms
Execution 6 - QUIC Single
Handshake duration: 274.02 ms
Execution 7 - QUIC Single
Handshake duration: 743.11 ms
Execution 8 - QUIC Single
Handshake duration: 272.03 ms
Execution 9 - QUIC Single
Handshake duration: 271.99 ms
Execution 10 - QUIC Single
Handshake duration: 273.86 ms
Execution 11 - QUIC Single
Handshake duration: 269.70 ms
Execution 12 - QUIC Single
Handshake duration: 268.61 ms
Execution 13 - QUIC Single
Handshake duration: 269.70 ms
Execution 14 - QUIC Single
Handshake duration: 268.59 ms
Execution 15 - QUIC Single
Handshake duration: 279.54 ms
Execution 16 - QUIC Single
Handshake duration: 268.92 ms
Execution 17 - QUIC Single
Handshake duration: 268.10 ms
Execution 18 - QUIC Single
Handshake duration: 275.10 ms
Execution 19 - QUIC Single
Handshake duration: 267.08 ms
Execution 20 - QUIC Single
Handshake duration: 268.15 ms
Execution 21 - QUIC Single
Handshake duration: 272.54 ms
Execution 22 - QUIC Single
Handshake duration: 271.79 ms
Execution 23 - QUIC Single
Handshake duration: 269.28 ms
Execution 24 - QUIC Single
Handshake duration: 269.97 ms
Execution 25 - QUIC Single
Handshake duration: 270.14 ms
Execution 26 - QUIC Single
Handshake duration: 269.10 ms
Execution 27 - QUIC Single
Handshake duration: 267.42 ms
Execution 28 - QUIC Single
Handshake duration: 279.51 ms
Execution 29 - QUIC Single
Handshake duration: 270.72 ms
Execution 30 - QUIC Single
Handshake duration: 271.81 ms
Execution 31 - QUIC Single
Handshake duration: 270.22 ms
Execution 32 - QUIC Single
Handshake duration: 274.85 ms
Execution 33 - QUIC Single
Handshake duration: 281.15 ms
Execution 34 - QUIC Single
Handshake duration: 270.19 ms
Execution 35 - QUIC Single
Handshake duration: 276.84 ms
Execution 36 - QUIC Single
Handshake duration: 271.71 ms
Execution 37 - QUIC Single
Handshake duration: 270.58 ms
Execution 38 - QUIC Single
Handshake duration: 282.80 ms
Execution 39 - QUIC Single
Handshake duration: 271.04 ms
Execution 40 - QUIC Single
Handshake duration: 271.00 ms
Execution 41 - QUIC Single
Handshake duration: 276.08 ms
Execution 42 - QUIC Single
Handshake duration: 276.34 ms
Execution 43 - QUIC Single
Handshake duration: 277.00 ms
Execution 44 - QUIC Single
Handshake duration: 279.49 ms
Execution 45 - QUIC Single
Handshake duration: 274.31 ms
Execution 46 - QUIC Single
Handshake duration: 273.99 ms
Execution 47 - QUIC Single
Handshake duration: 283.50 ms
Execution 48 - QUIC Single
Handshake duration: 271.03 ms
Execution 49 - QUIC Single
Handshake duration: 2516.74 ms
Execution 50 - QUIC Single
Handshake duration: 271.69 ms
Execution 51 - QUIC Single
Handshake duration: 277.63 ms
Execution 52 - QUIC Single
Handshake duration: 272.02 ms
Execution 53 - QUIC Single
Handshake duration: 281.49 ms
Execution 54 - QUIC Single
Handshake duration: 273.51 ms
Execution 55 - QUIC Single
Handshake duration: 272.25 ms
Execution 56 - QUIC Single
Handshake duration: 279.65 ms
Execution 57 - QUIC Single
Handshake duration: 267.14 ms
Execution 58 - QUIC Single
Handshake duration: 281.35 ms
Execution 59 - QUIC Single
Handshake duration: 269.07 ms
Execution 60 - QUIC Single
Handshake duration: 268.62 ms
Execution 61 - QUIC Single
Handshake duration: 268.03 ms
Execution 62 - QUIC Single
Handshake duration: 270.30 ms
Execution 63 - QUIC Single
Handshake duration: 272.79 ms
Execution 64 - QUIC Single
Handshake duration: 269.95 ms
Execution 65 - QUIC Single
Handshake duration: 269.26 ms
Execution 66 - QUIC Single
Handshake duration: 269.30 ms
Execution 67 - QUIC Single
Handshake duration: 274.17 ms
Execution 68 - QUIC Single
Handshake duration: 276.78 ms
Execution 69 - QUIC Single
Handshake duration: 270.04 ms
Execution 70 - QUIC Single
Handshake duration: 270.96 ms
Execution 71 - QUIC Single
Handshake duration: 267.82 ms
Execution 72 - QUIC Single
Handshake duration: 268.38 ms
Execution 73 - QUIC Single
Handshake duration: 270.55 ms
Execution 74 - QUIC Single
Handshake duration: 277.37 ms
Execution 75 - QUIC Single
Handshake duration: 276.51 ms
Execution 76 - QUIC Single
Handshake duration: 279.90 ms
Execution 77 - QUIC Single
Handshake duration: 269.90 ms
Execution 78 - QUIC Single
Handshake duration: 275.04 ms
Execution 79 - QUIC Single
Handshake duration: 277.73 ms
Execution 80 - QUIC Single
Handshake duration: 267.12 ms
Execution 81 - QUIC Single
Handshake duration: 2516.04 ms
Execution 82 - QUIC Single
Handshake duration: 275.76 ms
Execution 83 - QUIC Single
Handshake duration: 267.97 ms
Execution 84 - QUIC Single
Handshake duration: 267.04 ms
Execution 85 - QUIC Single
Handshake duration: 267.48 ms
Execution 86 - QUIC Single
Handshake duration: 269.19 ms
Execution 87 - QUIC Single
Handshake duration: 267.90 ms
Execution 88 - QUIC Single
Handshake duration: 269.77 ms
Execution 89 - QUIC Single
Handshake duration: 274.57 ms
Execution 90 - QUIC Single
Handshake duration: 2517.19 ms
Execution 91 - QUIC Single
Handshake duration: 275.84 ms
Execution 92 - QUIC Single
Handshake duration: 277.05 ms
Execution 93 - QUIC Single
Handshake duration: 275.89 ms
Execution 94 - QUIC Single
Handshake duration: 270.62 ms
Execution 95 - QUIC Single
Handshake duration: 280.45 ms
Execution 96 - QUIC Single
Handshake duration: 279.82 ms
Execution 97 - QUIC Single
Handshake duration: 275.85 ms
Execution 98 - QUIC Single
Handshake duration: 275.98 ms
Execution 99 - QUIC Single
Handshake duration: 273.64 ms
Execution 100 - QUIC Single
Handshake duration: 274.83 ms
Execution 101 - QUIC Single
Handshake duration: 282.65 ms
Execution 102 - QUIC Single
Handshake duration: 273.26 ms
Execution 103 - QUIC Single
Handshake duration: 276.71 ms
Execution 104 - QUIC Single
Handshake duration: 280.25 ms
Execution 105 - QUIC Single
Handshake duration: 268.72 ms
Execution 106 - QUIC Single
Handshake duration: 271.54 ms
Execution 107 - QUIC Single
Handshake duration: 279.89 ms
Execution 108 - QUIC Single
Handshake duration: 272.41 ms
Execution 109 - QUIC Single
Handshake duration: 280.90 ms
Execution 110 - QUIC Single
Handshake duration: 272.57 ms
Execution 111 - QUIC Single
Handshake duration: 276.18 ms
Execution 112 - QUIC Single
Handshake duration: 282.24 ms
Execution 113 - QUIC Single
Handshake duration: 278.79 ms
Execution 114 - QUIC Single
Handshake duration: 278.88 ms
Execution 115 - QUIC Single
Handshake duration: 274.27 ms
Execution 116 - QUIC Single
Handshake duration: 275.22 ms
Execution 117 - QUIC Single
Handshake duration: 278.96 ms
Execution 118 - QUIC Single
Handshake duration: 273.57 ms
Execution 119 - QUIC Single
Handshake duration: 277.61 ms
Execution 120 - QUIC Single
Handshake duration: 271.37 ms
Execution 121 - QUIC Single
Handshake duration: 279.71 ms
Execution 122 - QUIC Single
Handshake duration: 274.60 ms
Execution 123 - QUIC Single
Handshake duration: 278.57 ms
Execution 124 - QUIC Single
Handshake duration: 286.24 ms
Execution 125 - QUIC Single
Handshake duration: 279.02 ms
