Handshake timeout budget: 150s (identique TLS/QUIC)
Applying netem rules to lo...
Showing qdisc status for the interface: lo
qdisc netem 9845: root refcnt 2 limit 1000 seed 5287906351235142423
 Sent 0 bytes 0 pkt (dropped 0, overlimits 0 requeues 0) 
 backlog 0b 0p requeues 0
Running ./perftestClientTlsQuic.sh with SIG_ALG=secp521r1 and KEM_ALG=p521_mlkem1024
Execution 1 - QUIC Single
Handshake duration: 283.62 ms
Execution 2 - QUIC Single
Handshake duration: 144.50 ms
Execution 3 - QUIC Single
Handshake duration: 143.49 ms
Execution 4 - QUIC Single
Handshake duration: 146.92 ms
Execution 5 - QUIC Single
Handshake duration: 144.72 ms
Execution 6 - QUIC Single
Handshake duration: 143.69 ms
Execution 7 - QUIC Single
Handshake duration: 147.06 ms
Execution 8 - QUIC Single
Handshake duration: 1542.08 ms
Execution 9 - QUIC Single
Handshake duration: 143.79 ms
Execution 10 - QUIC Single
Handshake duration: 143.81 ms
Execution 11 - QUIC Single
Handshake duration: 143.14 ms
Execution 12 - QUIC Single
Handshake duration: 152.92 ms
Execution 13 - QUIC Single
Handshake duration: 143.89 ms
Execution 14 - QUIC Single
Handshake duration: 143.06 ms
Execution 15 - QUIC Single
Handshake duration: 150.60 ms
Execution 16 - QUIC Single
Handshake duration: 146.77 ms
Execution 17 - QUIC Single
Handshake duration: 144.19 ms
Execution 18 - QUIC Single
Handshake duration: 158.72 ms
Execution 19 - QUIC Single
Handshake duration: 155.17 ms
Execution 20 - QUIC Single
Handshake duration: 147.14 ms
Execution 21 - QUIC Single
Handshake duration: 148.05 ms
Execution 22 - QUIC Single
Handshake duration: 153.77 ms
Execution 23 - QUIC Single
Handshake duration: 146.00 ms
Execution 24 - QUIC Single
Handshake duration: 160.11 ms
Execution 25 - QUIC Single
Handshake duration: 150.40 ms
Execution 26 - QUIC Single
Handshake duration: 148.69 ms
Execution 27 - QUIC Single
Handshake duration: 144.49 ms
Execution 28 - QUIC Single
Handshake duration: 144.87 ms
Execution 29 - QUIC Single
Handshake duration: 145.24 ms
Execution 30 - QUIC Single
Handshake duration: 145.84 ms
Execution 31 - QUIC Single
Handshake duration: 152.78 ms
Execution 32 - QUIC Single
Handshake duration: 144.91 ms
Execution 33 - QUIC Single
Handshake duration: 144.88 ms
Execution 34 - QUIC Single
Handshake duration: 152.00 ms
Execution 35 - QUIC Single
Handshake duration: 158.33 ms
Execution 36 - QUIC Single
Handshake duration: 143.03 ms
Execution 37 - QUIC Single
Handshake duration: 143.57 ms
Execution 38 - QUIC Single
Handshake duration: 143.59 ms
Execution 39 - QUIC Single
Handshake duration: 143.63 ms
Execution 40 - QUIC Single
Handshake duration: 144.08 ms
Execution 41 - QUIC Single
Handshake duration: 147.60 ms
Execution 42 - QUIC Single
Handshake duration: 153.24 ms
Execution 43 - QUIC Single
Handshake duration: 143.73 ms
Execution 44 - QUIC Single
Handshake duration: 144.72 ms
Execution 45 - QUIC Single
Handshake duration: 143.40 ms
Execution 46 - QUIC Single
Handshake duration: 143.53 ms
Execution 47 - QUIC Single
Handshake duration: 147.59 ms
Execution 48 - QUIC Single
Handshake duration: 153.48 ms
Execution 49 - QUIC Single
Handshake duration: 145.61 ms
Execution 50 - QUIC Single
Handshake duration: 146.37 ms
Execution 51 - QUIC Single
Handshake duration: 143.32 ms
Execution 52 - QUIC Single
Handshake duration: 147.03 ms
Execution 53 - QUIC Single
Handshake duration: 153.12 ms
Execution 54 - QUIC Single
Handshake duration: 146.33 ms
Execution 55 - QUIC Single
Handshake duration: 142.85 ms
Execution 56 - QUIC Single
Handshake duration: 152.30 ms
Execution 57 - QUIC Single
Handshake duration: 144.24 ms
Execution 58 - QUIC Single
Handshake duration: 153.12 ms
Execution 59 - QUIC Single
Handshake duration: 153.09 ms
Execution 60 - QUIC Single
Handshake duration: 143.76 ms
Execution 61 - QUIC Single
Handshake duration: 143.17 ms
Execution 62 - QUIC Single
Handshake duration: 143.90 ms
Execution 63 - QUIC Single
Handshake duration: 142.94 ms
Execution 64 - QUIC Single
Handshake duration: 146.22 ms
Execution 65 - QUIC Single
Handshake duration: 143.39 ms
Execution 66 - QUIC Single
Handshake duration: 146.42 ms
Execution 67 - QUIC Single
Handshake duration: 144.20 ms
Execution 68 - QUIC Single
Handshake duration: 1853.47 ms
Execution 69 - QUIC Single
Handshake duration: 147.19 ms
Execution 70 - QUIC Single
Handshake duration: 142.67 ms
Execution 71 - QUIC Single
Handshake duration: 152.98 ms
Execution 72 - QUIC Single
Handshake duration: 148.18 ms
Execution 73 - QUIC Single
Handshake duration: 152.64 ms
Execution 74 - QUIC Single
Handshake duration: 153.59 ms
Execution 75 - QUIC Single
Handshake duration: 142.85 ms
Execution 76 - QUIC Single
Handshake duration: 143.44 ms
Execution 77 - QUIC Single
Handshake duration: 143.49 ms
Execution 78 - QUIC Single
Handshake duration: 143.83 ms
Execution 79 - QUIC Single
Handshake duration: 143.43 ms
Execution 80 - QUIC Single
Handshake duration: 144.11 ms
Execution 81 - QUIC Single
Handshake duration: 144.16 ms
Execution 82 - QUIC Single
Handshake duration: 143.88 ms
Execution 83 - QUIC Single
Handshake duration: 153.16 ms
Execution 84 - QUIC Single
Handshake duration: 144.12 ms
Execution 85 - QUIC Single
Handshake duration: 143.01 ms
Execution 86 - QUIC Single
Handshake duration: 143.49 ms
Execution 87 - QUIC Single
Handshake duration: 152.65 ms
Execution 88 - QUIC Single
Handshake duration: 143.50 ms
Execution 89 - QUIC Single
Handshake duration: 143.54 ms
Execution 90 - QUIC Single
Handshake duration: 144.08 ms
Execution 91 - QUIC Single
Handshake duration: 144.27 ms
Execution 92 - QUIC Single
Handshake duration: 148.20 ms
Execution 93 - QUIC Single
Handshake duration: 144.18 ms
Execution 94 - QUIC Single
Handshake duration: 143.44 ms
Execution 95 - QUIC Single
Handshake duration: 146.68 ms
Execution 96 - QUIC Single
Handshake duration: 153.48 ms
Execution 97 - QUIC Single
Handshake duration: 152.88 ms
Execution 98 - QUIC Single
Handshake duration: 147.36 ms
Execution 99 - QUIC Single
Handshake duration: 143.67 ms
Execution 100 - QUIC Single
Handshake duration: 143.77 ms
Execution 101 - QUIC Single
Handshake duration: 143.29 ms
Execution 102 - QUIC Single
Handshake duration: 143.03 ms
Execution 103 - QUIC Single
Handshake duration: 146.27 ms
Execution 104 - QUIC Single
Handshake duration: 143.82 ms
Execution 105 - QUIC Single
Handshake duration: 143.96 ms
Execution 106 - QUIC Single
Handshake duration: 146.77 ms
Execution 107 - QUIC Single
Handshake duration: 146.63 ms
Execution 108 - QUIC Single
Handshake duration: 144.24 ms
Execution 109 - QUIC Single
Handshake duration: 143.44 ms
Execution 110 - QUIC Single
Handshake duration: 143.09 ms
Execution 111 - QUIC Single
Handshake duration: 144.09 ms
Execution 112 - QUIC Single
Handshake duration: 143.08 ms
Execution 113 - QUIC Single
Handshake duration: 143.33 ms
Execution 114 - QUIC Single
Handshake duration: 144.71 ms
Execution 115 - QUIC Single
Handshake duration: 143.87 ms
Execution 116 - QUIC Single
Handshake duration: 143.12 ms
Execution 117 - QUIC Single
Handshake duration: 144.07 ms
Execution 118 - QUIC Single
Handshake duration: 144.08 ms
Execution 119 - QUIC Single
Handshake duration: 143.02 ms
Execution 120 - QUIC Single
Handshake duration: 142.99 ms
Execution 121 - QUIC Single
Handshake duration: 144.67 ms
Execution 122 - QUIC Single
Handshake duration: 143.07 ms
Execution 123 - QUIC Single
Handshake duration: 143.72 ms
Execution 124 - QUIC Single
Handshake duration: 143.55 ms
Execution 125 - QUIC Single
Handshake duration: 143.18 ms
