Handshake timeout budget: 150s (identique TLS/QUIC)
Applying netem rules to lo...
Showing qdisc status for the interface: lo
qdisc netem 9129: root refcnt 2 limit 1000 seed 11299590777186700672
 Sent 0 bytes 0 pkt (dropped 0, overlimits 0 requeues 0) 
 backlog 0b 0p requeues 0
Running ./perftestClientTlsQuic.sh with SIG_ALG=mldsa65 and KEM_ALG=p384_hqc192
Execution 1 - QUIC Single
Handshake duration: 438.12 ms
Execution 2 - QUIC Single
Handshake duration: 309.06 ms
Execution 3 - QUIC Single
Handshake duration: 309.37 ms
Execution 4 - QUIC Single
Handshake duration: 332.04 ms
Execution 5 - QUIC Single
Handshake duration: 308.48 ms
Execution 6 - QUIC Single
Handshake duration: 309.36 ms
Execution 7 - QUIC Single
Handshake duration: 308.62 ms
Execution 8 - QUIC Single
Handshake duration: 1600.55 ms
Execution 9 - QUIC Single
Handshake duration: 339.81 ms
Execution 10 - QUIC Single
Handshake duration: 308.75 ms
Execution 11 - QUIC Single
Handshake duration: 309.01 ms
Execution 12 - QUIC Single
Handshake duration: 309.25 ms
Execution 13 - QUIC Single
Handshake duration: 315.31 ms
Execution 14 - QUIC Single
Handshake duration: 329.03 ms
Execution 15 - QUIC Single
Handshake duration: 555.45 ms
Execution 16 - QUIC Single
Handshake duration: 310.14 ms
Execution 17 - QUIC Single
Handshake duration: 309.04 ms
Execution 18 - QUIC Single
Handshake duration: 309.42 ms
Execution 19 - QUIC Single
Handshake duration: 308.90 ms
Execution 20 - QUIC Single
Handshake duration: 308.91 ms
Execution 21 - QUIC Single
Handshake duration: 308.70 ms
Execution 22 - QUIC Single
Handshake duration: 309.10 ms
Execution 23 - QUIC Single
Handshake duration: 308.68 ms
Execution 24 - QUIC Single
Handshake duration: 316.43 ms
Execution 25 - QUIC Single
Handshake duration: 309.70 ms
Execution 26 - QUIC Single
Handshake duration: 308.59 ms
Execution 27 - QUIC Single
Handshake duration: 308.72 ms
Execution 28 - QUIC Single
Handshake duration: 308.87 ms
Execution 29 - QUIC Single
Handshake duration: 308.73 ms
Execution 30 - QUIC Single
Handshake duration: 308.98 ms
Execution 31 - QUIC Single
Handshake duration: 309.21 ms
Execution 32 - QUIC Single
Handshake duration: 308.68 ms
Execution 33 - QUIC Single
Handshake duration: 308.83 ms
Execution 34 - QUIC Single
Handshake duration: 326.38 ms
Execution 35 - QUIC Single
Handshake duration: 308.59 ms
Execution 36 - QUIC Single
Handshake duration: 309.80 ms
Execution 37 - QUIC Single
Handshake duration: 308.28 ms
Execution 38 - QUIC Single
Handshake duration: 1607.37 ms
Execution 39 - QUIC Single
Handshake duration: 308.97 ms
Execution 40 - QUIC Single
Handshake duration: 308.93 ms
Execution 41 - QUIC Single
Handshake duration: 308.32 ms
Execution 42 - QUIC Single
Handshake duration: 327.63 ms
Execution 43 - QUIC Single
Handshake duration: 308.64 ms
Execution 44 - QUIC Single
Handshake duration: 449.22 ms
Execution 45 - QUIC Single
Handshake duration: 310.04 ms
Execution 46 - QUIC Single
Handshake duration: 308.82 ms
Execution 47 - QUIC Single
Handshake duration: 308.51 ms
Execution 48 - QUIC Single
Handshake duration: 308.27 ms
Execution 49 - QUIC Single
Handshake duration: 308.45 ms
Execution 50 - QUIC Single
Handshake duration: 308.81 ms
Execution 51 - QUIC Single
Handshake duration: 308.19 ms
Execution 52 - QUIC Single
Handshake duration: 308.81 ms
Execution 53 - QUIC Single
Handshake duration: 434.21 ms
Execution 54 - QUIC Single
Handshake duration: 308.93 ms
Execution 55 - QUIC Single
Handshake duration: 451.50 ms
Execution 56 - QUIC Single
Handshake duration: 308.76 ms
Execution 57 - QUIC Single
Handshake duration: 1600.40 ms
Execution 58 - QUIC Single
Handshake duration: 316.84 ms
Execution 59 - QUIC Single
Handshake duration: 308.92 ms
Execution 60 - QUIC Single
Handshake duration: 308.99 ms
Execution 61 - QUIC Single
Handshake duration: 308.69 ms
Execution 62 - QUIC Single
Handshake duration: 331.50 ms
Execution 63 - QUIC Single
Handshake duration: 327.81 ms
Execution 64 - QUIC Single
Handshake duration: 308.45 ms
Execution 65 - QUIC Single
Handshake duration: 308.93 ms
Execution 66 - QUIC Single
Handshake duration: 308.61 ms
Execution 67 - QUIC Single
Handshake duration: 308.60 ms
Execution 68 - QUIC Single
Handshake duration: 308.60 ms
Execution 69 - QUIC Single
Handshake duration: 308.78 ms
Execution 70 - QUIC Single
Handshake duration: 308.90 ms
Execution 71 - QUIC Single
Handshake duration: 313.11 ms
Execution 72 - QUIC Single
Handshake duration: 309.44 ms
Execution 73 - QUIC Single
Handshake duration: 309.48 ms
Execution 74 - QUIC Single
Handshake duration: 1600.01 ms
Execution 75 - QUIC Single
Handshake duration: 308.86 ms
Execution 76 - QUIC Single
Handshake duration: 309.02 ms
Execution 77 - QUIC Single
Handshake duration: 308.86 ms
Execution 78 - QUIC Single
Handshake duration: 308.39 ms
Execution 79 - QUIC Single
Handshake duration: 308.94 ms
Execution 80 - QUIC Single
Handshake duration: 338.50 ms
Execution 81 - QUIC Single
Handshake duration: 308.75 ms
Execution 82 - QUIC Single
Handshake duration: 327.39 ms
Execution 83 - QUIC Single
Handshake duration: 308.66 ms
Execution 84 - QUIC Single
Handshake duration: 308.83 ms
Execution 85 - QUIC Single
Handshake duration: 308.66 ms
Execution 86 - QUIC Single
Handshake duration: 308.26 ms
Execution 87 - QUIC Single
Handshake duration: 308.84 ms
Execution 88 - QUIC Single
Handshake duration: 315.07 ms
Execution 89 - QUIC Single
Handshake duration: 308.40 ms
Execution 90 - QUIC Single
Handshake duration: 312.30 ms
Execution 91 - QUIC Single
Handshake duration: 308.52 ms
Execution 92 - QUIC Single
Handshake duration: 309.06 ms
Execution 93 - QUIC Single
Handshake duration: 434.50 ms
Execution 94 - QUIC Single
Handshake duration: 308.67 ms
Execution 95 - QUIC Single
Handshake duration: 308.61 ms
Execution 96 - QUIC Single
Handshake duration: 315.68 ms
Execution 97 - QUIC Single
Handshake duration: 308.63 ms
Execution 98 - QUIC Single
Handshake duration: 308.37 ms
Execution 99 - QUIC Single
Handshake duration: 308.48 ms
Execution 100 - QUIC Single
Handshake duration: 308.83 ms
Execution 101 - QUIC Single
Handshake duration: 308.53 ms
Execution 102 - QUIC Single
Handshake duration: 1600.62 ms
Execution 103 - QUIC Single
Handshake duration: 326.66 ms
Execution 104 - QUIC Single
Handshake duration: 308.86 ms
Execution 105 - QUIC Single
Handshake duration: 450.25 ms
Execution 106 - QUIC Single
Handshake duration: 308.61 ms
Execution 107 - QUIC Single
Handshake duration: 466.30 ms
Execution 108 - QUIC Single
Handshake duration: 311.97 ms
Execution 109 - QUIC Single
Handshake duration: 309.37 ms
Execution 110 - QUIC Single
Handshake duration: 308.74 ms
Execution 111 - QUIC Single
Handshake duration: 1600.33 ms
Execution 112 - QUIC Single
Handshake duration: 308.69 ms
Execution 113 - QUIC Single
Handshake duration: 308.63 ms
Execution 114 - QUIC Single
Handshake duration: 308.55 ms
Execution 115 - QUIC Single
Handshake duration: 308.61 ms
Execution 116 - QUIC Single
Handshake duration: 309.00 ms
Execution 117 - QUIC Single
Handshake duration: 308.69 ms
Execution 118 - QUIC Single
Handshake duration: 311.70 ms
Execution 119 - QUIC Single
Handshake duration: 308.82 ms
Execution 120 - QUIC Single
Handshake duration: 308.58 ms
Execution 121 - QUIC Single
Handshake duration: 308.38 ms
Execution 122 - QUIC Single
Handshake duration: 308.94 ms
Execution 123 - QUIC Single
Handshake duration: 308.40 ms
Execution 124 - QUIC Single
Handshake duration: 308.71 ms
Execution 125 - QUIC Single
Handshake duration: 326.67 ms
