Handshake timeout budget: 150s (identique TLS/QUIC)
Applying netem rules to lo...
Showing qdisc status for the interface: lo
qdisc netem 8ab7: root refcnt 2 limit 1000 seed 10044347930109295583
 Sent 0 bytes 0 pkt (dropped 0, overlimits 0 requeues 0) 
 backlog 0b 0p requeues 0
Running ./perftestClientTlsQuic.sh with SIG_ALG=mldsa44 and KEM_ALG=x25519_hqc128
Execution 1 - QUIC Single
Handshake duration: 394.79 ms
Execution 2 - QUIC Single
Handshake duration: 268.21 ms
Execution 3 - QUIC Single
Handshake duration: 268.30 ms
Execution 4 - QUIC Single
Handshake duration: 268.09 ms
Execution 5 - QUIC Single
Handshake duration: 267.82 ms
Execution 6 - QUIC Single
Handshake duration: 268.02 ms
Execution 7 - QUIC Single
Handshake duration: 272.62 ms
Execution 8 - QUIC Single
Handshake duration: 272.23 ms
Execution 9 - QUIC Single
Handshake duration: 267.72 ms
Execution 10 - QUIC Single
Handshake duration: 267.89 ms
Execution 11 - QUIC Single
Handshake duration: 268.52 ms
Execution 12 - QUIC Single
Handshake duration: 272.16 ms
Execution 13 - QUIC Single
Handshake duration: 268.01 ms
Execution 14 - QUIC Single
Handshake duration: 267.72 ms
Execution 15 - QUIC Single
Handshake duration: 267.80 ms
Execution 16 - QUIC Single
Handshake duration: 279.48 ms
Execution 17 - QUIC Single
Handshake duration: 267.68 ms
Execution 18 - QUIC Single
Handshake duration: 267.90 ms
Execution 19 - QUIC Single
Handshake duration: 267.53 ms
Execution 20 - QUIC Single
Handshake duration: 268.93 ms
Execution 21 - QUIC Single
Handshake duration: 268.09 ms
Execution 22 - QUIC Single
Handshake duration: 267.64 ms
Execution 23 - QUIC Single
Handshake duration: 268.35 ms
Execution 24 - QUIC Single
Handshake duration: 267.76 ms
Execution 25 - QUIC Single
Handshake duration: 267.51 ms
Execution 26 - QUIC Single
Handshake duration: 267.80 ms
Execution 27 - QUIC Single
Handshake duration: 267.67 ms
Execution 28 - QUIC Single
Handshake duration: 268.96 ms
Execution 29 - QUIC Single
Handshake duration: 267.84 ms
Execution 30 - QUIC Single
Handshake duration: 267.56 ms
Execution 31 - QUIC Single
Handshake duration: 267.86 ms
Execution 32 - QUIC Single
Handshake duration: 267.65 ms
Execution 33 - QUIC Single
Handshake duration: 268.47 ms
Execution 34 - QUIC Single
Handshake duration: 267.77 ms
Execution 35 - QUIC Single
Handshake duration: 267.82 ms
Execution 36 - QUIC Single
Handshake duration: 267.75 ms
Execution 37 - QUIC Single
Handshake duration: 267.38 ms
Execution 38 - QUIC Single
Handshake duration: 267.75 ms
Execution 39 - QUIC Single
Handshake duration: 267.81 ms
Execution 40 - QUIC Single
Handshake duration: 267.52 ms
Execution 41 - QUIC Single
Handshake duration: 267.71 ms
Execution 42 - QUIC Single
Handshake duration: 267.90 ms
Execution 43 - QUIC Single
Handshake duration: 279.19 ms
Execution 44 - QUIC Single
Handshake duration: 279.11 ms
Execution 45 - QUIC Single
Handshake duration: 267.81 ms
Execution 46 - QUIC Single
Handshake duration: 267.64 ms
Execution 47 - QUIC Single
Handshake duration: 267.57 ms
Execution 48 - QUIC Single
Handshake duration: 267.93 ms
Execution 49 - QUIC Single
Handshake duration: 267.62 ms
Execution 50 - QUIC Single
Handshake duration: 1414.67 ms
Execution 51 - QUIC Single
Handshake duration: 267.63 ms
Execution 52 - QUIC Single
Handshake duration: 267.84 ms
Execution 53 - QUIC Single
Handshake duration: 267.55 ms
Execution 54 - QUIC Single
Handshake duration: 274.55 ms
Execution 55 - QUIC Single
Handshake duration: 279.05 ms
Execution 56 - QUIC Single
Handshake duration: 267.61 ms
Execution 57 - QUIC Single
Handshake duration: 1411.88 ms
Execution 58 - QUIC Single
Handshake duration: 279.06 ms
Execution 59 - QUIC Single
Handshake duration: 267.86 ms
Execution 60 - QUIC Single
Handshake duration: 267.86 ms
Execution 61 - QUIC Single
Handshake duration: 268.81 ms
Execution 62 - QUIC Single
Handshake duration: 267.85 ms
Execution 63 - QUIC Single
Handshake duration: 268.11 ms
Execution 64 - QUIC Single
Handshake duration: 267.75 ms
Execution 65 - QUIC Single
Handshake duration: 267.63 ms
Execution 66 - QUIC Single
Handshake duration: 279.43 ms
Execution 67 - QUIC Single
Handshake duration: 279.35 ms
Execution 68 - QUIC Single
Handshake duration: 267.74 ms
Execution 69 - QUIC Single
Handshake duration: 267.91 ms
Execution 70 - QUIC Single
Handshake duration: 267.94 ms
Execution 71 - QUIC Single
Handshake duration: 267.75 ms
Execution 72 - QUIC Single
Handshake duration: 267.63 ms
Execution 73 - QUIC Single
Handshake duration: 275.05 ms
Execution 74 - QUIC Single
Handshake duration: 267.74 ms
Execution 75 - QUIC Single
Handshake duration: 274.98 ms
Execution 76 - QUIC Single
Handshake duration: 267.88 ms
Execution 77 - QUIC Single
Handshake duration: 274.63 ms
Execution 78 - QUIC Single
Handshake duration: 267.93 ms
Execution 79 - QUIC Single
Handshake duration: 274.91 ms
Execution 80 - QUIC Single
Handshake duration: 268.59 ms
Execution 81 - QUIC Single
Handshake duration: 275.16 ms
Execution 82 - QUIC Single
Handshake duration: 267.65 ms
Execution 83 - QUIC Single
Handshake duration: 267.92 ms
Execution 84 - QUIC Single
Handshake duration: 267.74 ms
Execution 85 - QUIC Single
Handshake duration: 268.28 ms
Execution 86 - QUIC Single
Handshake duration: 267.79 ms
Execution 87 - QUIC Single
Handshake duration: 270.08 ms
Execution 88 - QUIC Single
Handshake duration: 267.63 ms
Execution 89 - QUIC Single
Handshake duration: 279.48 ms
Execution 90 - QUIC Single
Handshake duration: 267.74 ms
Execution 91 - QUIC Single
Handshake duration: 267.75 ms
Execution 92 - QUIC Single
Handshake duration: 267.67 ms
Execution 93 - QUIC Single
Handshake duration: 268.23 ms
Execution 94 - QUIC Single
Handshake duration: 268.58 ms
Execution 95 - QUIC Single
Handshake duration: 267.76 ms
Execution 96 - QUIC Single
Handshake duration: 267.76 ms
Execution 97 - QUIC Single
Handshake duration: 274.84 ms
Execution 98 - QUIC Single
Handshake duration: 267.88 ms
Execution 99 - QUIC Single
Handshake duration: 267.77 ms
Execution 100 - QUIC Single
Handshake duration: 267.61 ms
Execution 101 - QUIC Single
Handshake duration: 267.84 ms
Execution 102 - QUIC Single
Handshake duration: 267.90 ms
Execution 103 - QUIC Single
Handshake duration: 1414.26 ms
Execution 104 - QUIC Single
Handshake duration: 272.83 ms
Execution 105 - QUIC Single
Handshake duration: 267.81 ms
Execution 106 - QUIC Single
Handshake duration: 279.13 ms
Execution 107 - QUIC Single
Handshake duration: 267.46 ms
Execution 108 - QUIC Single
Handshake duration: 272.25 ms
Execution 109 - QUIC Single
Handshake duration: 268.43 ms
Execution 110 - QUIC Single
Handshake duration: 267.74 ms
Execution 111 - QUIC Single
Handshake duration: 268.37 ms
Execution 112 - QUIC Single
Handshake duration: 267.59 ms
Execution 113 - QUIC Single
Handshake duration: 279.11 ms
Execution 114 - QUIC Single
Handshake duration: 267.77 ms
Execution 115 - QUIC Single
Handshake duration: 267.58 ms
Execution 116 - QUIC Single
Handshake duration: 268.10 ms
Execution 117 - QUIC Single
Handshake duration: 279.05 ms
Execution 118 - QUIC Single
Handshake duration: 267.62 ms
Execution 119 - QUIC Single
Handshake duration: 267.49 ms
Execution 120 - QUIC Single
Handshake duration: 615.75 ms
Execution 121 - QUIC Single
Handshake duration: 267.66 ms
Execution 122 - QUIC Single
Handshake duration: 267.86 ms
Execution 123 - QUIC Single
Handshake duration: 267.55 ms
Execution 124 - QUIC Single
Handshake duration: 267.71 ms
Execution 125 - QUIC Single
Handshake duration: 267.68 ms
