Handshake timeout budget: 150s (identique TLS/QUIC)
Applying netem rules to lo...
Showing qdisc status for the interface: lo
qdisc netem 8abb: root refcnt 2 limit 1000 seed 12911827847426118024
 Sent 0 bytes 0 pkt (dropped 0, overlimits 0 requeues 0) 
 backlog 0b 0p requeues 0
Running ./perftestClientTlsQuic.sh with SIG_ALG=secp521r1 and KEM_ALG=p521_hqc256
Execution 1 - QUIC Single
Handshake duration: 811.15 ms
Execution 2 - QUIC Single
Handshake duration: 681.49 ms
Execution 3 - QUIC Single
Handshake duration: 685.96 ms
Execution 4 - QUIC Single
Handshake duration: 633.85 ms
Execution 5 - QUIC Single
Handshake duration: 682.86 ms
Execution 6 - QUIC Single
Handshake duration: 682.13 ms
Execution 7 - QUIC Single
Handshake duration: 682.12 ms
Execution 8 - QUIC Single
Handshake duration: 681.68 ms
Execution 9 - QUIC Single
Handshake duration: 682.02 ms
Execution 10 - QUIC Single
Handshake duration: 681.78 ms
Execution 11 - QUIC Single
Handshake duration: 682.70 ms
Execution 12 - QUIC Single
Handshake duration: 682.37 ms
Execution 13 - QUIC Single
Handshake duration: 682.41 ms
Execution 14 - QUIC Single
Handshake duration: 681.62 ms
Execution 15 - QUIC Single
Handshake duration: 693.03 ms
Execution 16 - QUIC Single
Handshake duration: 683.14 ms
Execution 17 - QUIC Single
Handshake duration: 683.68 ms
Execution 18 - QUIC Single
Handshake duration: 683.33 ms
Execution 19 - QUIC Single
Handshake duration: 681.56 ms
Execution 20 - QUIC Single
Handshake duration: 682.68 ms
Execution 21 - QUIC Single
Handshake duration: 683.22 ms
Execution 22 - QUIC Single
Handshake duration: 682.32 ms
Execution 23 - QUIC Single
Handshake duration: 681.70 ms
Execution 24 - QUIC Single
Handshake duration: 681.51 ms
Execution 25 - QUIC Single
Handshake duration: 682.52 ms
Execution 26 - QUIC Single
Handshake duration: 682.34 ms
Execution 27 - QUIC Single
Handshake duration: 681.85 ms
Execution 28 - QUIC Single
Handshake duration: 703.04 ms
Execution 29 - QUIC Single
Handshake duration: 682.56 ms
Execution 30 - QUIC Single
Handshake duration: 632.79 ms
Execution 31 - QUIC Single
Handshake duration: 682.81 ms
Execution 32 - QUIC Single
Handshake duration: 682.40 ms
Execution 33 - QUIC Single
Handshake duration: 682.34 ms
Execution 34 - QUIC Single
Handshake duration: 682.05 ms
Execution 35 - QUIC Single
Handshake duration: 681.54 ms
Execution 36 - QUIC Single
Handshake duration: 680.52 ms
Execution 37 - QUIC Single
Handshake duration: 681.90 ms
Execution 38 - QUIC Single
Handshake duration: 681.52 ms
Execution 39 - QUIC Single
Handshake duration: 682.07 ms
Execution 40 - QUIC Single
Handshake duration: 681.77 ms
Execution 41 - QUIC Single
Handshake duration: 682.81 ms
Execution 42 - QUIC Single
Handshake duration: 681.42 ms
Execution 43 - QUIC Single
Handshake duration: 683.26 ms
Execution 44 - QUIC Single
Handshake duration: 680.78 ms
Execution 45 - QUIC Single
Handshake duration: 691.81 ms
Execution 46 - QUIC Single
Handshake duration: 631.83 ms
Execution 47 - QUIC Single
Handshake duration: 682.52 ms
Execution 48 - QUIC Single
Handshake duration: 682.26 ms
Execution 49 - QUIC Single
Handshake duration: 681.91 ms
Execution 50 - QUIC Single
Handshake duration: 681.72 ms
Execution 51 - QUIC Single
Handshake duration: 683.19 ms
Execution 52 - QUIC Single
Handshake duration: 682.37 ms
Execution 53 - QUIC Single
Handshake duration: 682.99 ms
Execution 54 - QUIC Single
Handshake duration: 682.20 ms
Execution 55 - QUIC Single
Handshake duration: 681.91 ms
Execution 56 - QUIC Single
Handshake duration: 682.47 ms
Execution 57 - QUIC Single
Handshake duration: 704.52 ms
Execution 58 - QUIC Single
Handshake duration: 680.80 ms
Execution 59 - QUIC Single
Handshake duration: 683.07 ms
Execution 60 - QUIC Single
Handshake duration: 683.09 ms
Execution 61 - QUIC Single
Handshake duration: 683.03 ms
Execution 62 - QUIC Single
Handshake duration: 682.28 ms
Execution 63 - QUIC Single
Handshake duration: 703.54 ms
Execution 64 - QUIC Single
Handshake duration: 1321.72 ms
Execution 65 - QUIC Single
Handshake duration: 682.65 ms
Execution 66 - QUIC Single
Handshake duration: 693.80 ms
Execution 67 - QUIC Single
Handshake duration: 681.76 ms
Execution 68 - QUIC Single
Handshake duration: 682.90 ms
Execution 69 - QUIC Single
Handshake duration: 681.38 ms
Execution 70 - QUIC Single
Handshake duration: 1321.41 ms
Execution 71 - QUIC Single
Handshake duration: 682.85 ms
Execution 72 - QUIC Single
Handshake duration: 683.18 ms
Execution 73 - QUIC Single
Handshake duration: 695.72 ms
Execution 74 - QUIC Single
Handshake duration: 683.25 ms
Execution 75 - QUIC Single
Handshake duration: 682.67 ms
Execution 76 - QUIC Single
Handshake duration: 682.23 ms
Execution 77 - QUIC Single
Handshake duration: 681.55 ms
Execution 78 - QUIC Single
Handshake duration: 680.68 ms
Execution 79 - QUIC Single
Handshake duration: 680.43 ms
Execution 80 - QUIC Single
Handshake duration: 691.51 ms
Execution 81 - QUIC Single
Handshake duration: 682.97 ms
Execution 82 - QUIC Single
Handshake duration: 682.22 ms
Execution 83 - QUIC Single
Handshake duration: 681.45 ms
Execution 84 - QUIC Single
Handshake duration: 703.88 ms
Execution 85 - QUIC Single
Handshake duration: 682.61 ms
Execution 86 - QUIC Single
Handshake duration: 683.06 ms
Execution 87 - QUIC Single
Handshake duration: 683.39 ms
Execution 88 - QUIC Single
Handshake duration: 682.84 ms
Execution 89 - QUIC Single
Handshake duration: 681.65 ms
Execution 90 - QUIC Single
Handshake duration: 681.77 ms
Execution 91 - QUIC Single
Handshake duration: 689.63 ms
Execution 92 - QUIC Single
Handshake duration: 681.64 ms
Execution 93 - QUIC Single
Handshake duration: 683.04 ms
Execution 94 - QUIC Single
Handshake duration: 694.68 ms
Execution 95 - QUIC Single
Handshake duration: 712.81 ms
Execution 96 - QUIC Single
Handshake duration: 682.32 ms
Execution 97 - QUIC Single
Handshake duration: 682.88 ms
Execution 98 - QUIC Single
Handshake duration: 682.74 ms
Execution 99 - QUIC Single
Handshake duration: 681.57 ms
Execution 100 - QUIC Single
Handshake duration: 687.16 ms
Execution 101 - QUIC Single
Handshake duration: 681.67 ms
Execution 102 - QUIC Single
Handshake duration: 683.44 ms
Execution 103 - QUIC Single
Handshake duration: 685.27 ms
Execution 104 - QUIC Single
Handshake duration: 682.84 ms
Execution 105 - QUIC Single
Handshake duration: 683.08 ms
Execution 106 - QUIC Single
Handshake duration: 693.03 ms
Execution 107 - QUIC Single
Handshake duration: 692.23 ms
Execution 108 - QUIC Single
Handshake duration: 693.07 ms
Execution 109 - QUIC Single
Handshake duration: 683.28 ms
Execution 110 - QUIC Single
Handshake duration: 681.80 ms
Execution 111 - QUIC Single
Handshake duration: 682.78 ms
Execution 112 - QUIC Single
Handshake duration: 681.76 ms
Execution 113 - QUIC Single
Handshake duration: 681.61 ms
Execution 114 - QUIC Single
Handshake duration: 682.54 ms
Execution 115 - QUIC Single
Handshake duration: 681.28 ms
Execution 116 - QUIC Single
Handshake duration: 682.49 ms
Execution 117 - QUIC Single
Handshake duration: 682.51 ms
Execution 118 - QUIC Single
Handshake duration: 682.82 ms
Execution 119 - QUIC Single
Handshake duration: 681.47 ms
Execution 120 - QUIC Single
Handshake duration: 680.63 ms
Execution 121 - QUIC Single
Handshake duration: 681.70 ms
Execution 122 - QUIC Single
Handshake duration: 682.38 ms
Execution 123 - QUIC Single
Handshake duration: 693.82 ms
Execution 124 - QUIC Single
Handshake duration: 681.50 ms
Execution 125 - QUIC Single
Handshake duration: 683.69 ms
