Handshake timeout budget: 150s (identique TLS/QUIC)
Applying netem rules to lo...
Showing qdisc status for the interface: lo
qdisc netem 8397: root refcnt 2 limit 1000 seed 6687758688129918331
 Sent 0 bytes 0 pkt (dropped 0, overlimits 0 requeues 0) 
 backlog 0b 0p requeues 0
Running ./perftestClientTlsQuic.sh with SIG_ALG=mldsa65 and KEM_ALG=x448_hqc192
Execution 1 - QUIC Single
Handshake duration: 460.21 ms
Execution 2 - QUIC Single
Handshake duration: 600.01 ms
Execution 3 - QUIC Single
Handshake duration: 333.07 ms
Execution 4 - QUIC Single
Handshake duration: 352.89 ms
Execution 5 - QUIC Single
Handshake duration: 336.96 ms
Execution 6 - QUIC Single
Handshake duration: 336.34 ms
Execution 7 - QUIC Single
Handshake duration: 375.69 ms
Execution 8 - QUIC Single
Handshake duration: 475.61 ms
Execution 9 - QUIC Single
Handshake duration: 331.45 ms
Execution 10 - QUIC Single
Handshake duration: 331.37 ms
Execution 11 - QUIC Single
Handshake duration: 330.51 ms
Execution 12 - QUIC Single
Handshake duration: 355.76 ms
Execution 13 - QUIC Single
Handshake duration: 330.66 ms
Execution 14 - QUIC Single
Handshake duration: 339.18 ms
Execution 15 - QUIC Single
Handshake duration: 330.81 ms
Execution 16 - QUIC Single
Handshake duration: 330.86 ms
Execution 17 - QUIC Single
Handshake duration: 332.24 ms
Execution 18 - QUIC Single
Handshake duration: 334.81 ms
Execution 19 - QUIC Single
Handshake duration: 336.46 ms
Execution 20 - QUIC Single
Handshake duration: 334.66 ms
Execution 21 - QUIC Single
Handshake duration: 332.09 ms
Execution 22 - QUIC Single
Handshake duration: 333.05 ms
Execution 23 - QUIC Single
Handshake duration: 332.46 ms
Execution 24 - QUIC Single
Handshake duration: 332.94 ms
Execution 25 - QUIC Single
Handshake duration: 332.23 ms
Execution 26 - QUIC Single
Handshake duration: 329.16 ms
Execution 27 - QUIC Single
Handshake duration: 332.14 ms
Execution 28 - QUIC Single
Handshake duration: 327.39 ms
Execution 29 - QUIC Single
Handshake duration: 332.73 ms
Execution 30 - QUIC Single
Handshake duration: 330.00 ms
Execution 31 - QUIC Single
Handshake duration: 1611.99 ms
Execution 32 - QUIC Single
Handshake duration: 330.35 ms
Execution 33 - QUIC Single
Handshake duration: 329.65 ms
Execution 34 - QUIC Single
Handshake duration: 331.00 ms
Execution 35 - QUIC Single
Handshake duration: 330.63 ms
Execution 36 - QUIC Single
Handshake duration: 330.32 ms
Execution 37 - QUIC Single
Handshake duration: 333.13 ms
Execution 38 - QUIC Single
Handshake duration: 335.71 ms
Execution 39 - QUIC Single
Handshake duration: 336.50 ms
Execution 40 - QUIC Single
Handshake duration: 338.56 ms
Execution 41 - QUIC Single
Handshake duration: 338.14 ms
Execution 42 - QUIC Single
Handshake duration: 331.54 ms
Execution 43 - QUIC Single
Handshake duration: 350.01 ms
Execution 44 - QUIC Single
Handshake duration: 325.06 ms
Execution 45 - QUIC Single
Handshake duration: 324.59 ms
Execution 46 - QUIC Single
Handshake duration: 326.19 ms
Execution 47 - QUIC Single
Handshake duration: 323.00 ms
Execution 48 - QUIC Single
Handshake duration: 324.26 ms
Execution 49 - QUIC Single
Handshake duration: 321.78 ms
Execution 50 - QUIC Single
Handshake duration: 322.80 ms
Execution 51 - QUIC Single
Handshake duration: 322.94 ms
Execution 52 - QUIC Single
Handshake duration: 324.60 ms
Execution 53 - QUIC Single
Handshake duration: 324.17 ms
Execution 54 - QUIC Single
Handshake duration: 324.00 ms
Execution 55 - QUIC Single
Handshake duration: 322.70 ms
Execution 56 - QUIC Single
Handshake duration: 321.48 ms
Execution 57 - QUIC Single
Handshake duration: 345.09 ms
Execution 58 - QUIC Single
Handshake duration: 325.22 ms
Execution 59 - QUIC Single
Handshake duration: 322.31 ms
Execution 60 - QUIC Single
Handshake duration: 344.88 ms
Execution 61 - QUIC Single
Handshake duration: 323.24 ms
Execution 62 - QUIC Single
Handshake duration: 322.19 ms
Execution 63 - QUIC Single
Handshake duration: 322.27 ms
Execution 64 - QUIC Single
Handshake duration: 322.56 ms
Execution 65 - QUIC Single
Handshake duration: 475.79 ms
Execution 66 - QUIC Single
Handshake duration: 323.34 ms
Execution 67 - QUIC Single
Handshake duration: 339.93 ms
Execution 68 - QUIC Single
Handshake duration: 463.79 ms
Execution 69 - QUIC Single
Handshake duration: 462.19 ms
Execution 70 - QUIC Single
Handshake duration: 1605.61 ms
Execution 71 - QUIC Single
Handshake duration: 462.68 ms
Execution 72 - QUIC Single
Handshake duration: 486.85 ms
Execution 73 - QUIC Single
Handshake duration: 322.28 ms
Execution 74 - QUIC Single
Handshake duration: 465.03 ms
Execution 75 - QUIC Single
Handshake duration: 323.15 ms
Execution 76 - QUIC Single
Handshake duration: 323.19 ms
Execution 77 - QUIC Single
Handshake duration: 321.98 ms
Execution 78 - QUIC Single
Handshake duration: 333.04 ms
Execution 79 - QUIC Single
Handshake duration: 333.86 ms
Execution 80 - QUIC Single
Handshake duration: 341.72 ms
Execution 81 - QUIC Single
Handshake duration: 337.41 ms
Execution 82 - QUIC Single
Handshake duration: 322.05 ms
Execution 83 - QUIC Single
Handshake duration: 342.17 ms
Execution 84 - QUIC Single
Handshake duration: 1607.18 ms
Execution 85 - QUIC Single
Handshake duration: 321.95 ms
Execution 86 - QUIC Single
Handshake duration: 321.37 ms
Execution 87 - QUIC Single
Handshake duration: 462.41 ms
Execution 88 - QUIC Single
Handshake duration: 328.32 ms
Execution 89 - QUIC Single
Handshake duration: 323.14 ms
Execution 90 - QUIC Single
Handshake duration: 321.66 ms
Execution 91 - QUIC Single
Handshake duration: 322.98 ms
Execution 92 - QUIC Single
Handshake duration: 462.63 ms
Execution 93 - QUIC Single
Handshake duration: 322.19 ms
Execution 94 - QUIC Single
Handshake duration: 324.63 ms
Execution 95 - QUIC Single
Handshake duration: 321.98 ms
Execution 96 - QUIC Single
Handshake duration: 326.98 ms
Execution 97 - QUIC Single
Handshake duration: 321.94 ms
Execution 98 - QUIC Single
Handshake duration: 323.33 ms
Execution 99 - QUIC Single
Handshake duration: 323.25 ms
Execution 100 - QUIC Single
Handshake duration: 322.16 ms
Execution 101 - QUIC Single
Handshake duration: 323.42 ms
Execution 102 - QUIC Single
Handshake duration: 322.16 ms
Execution 103 - QUIC Single
Handshake duration: 322.67 ms
Execution 104 - QUIC Single
Handshake duration: 322.05 ms
Execution 105 - QUIC Single
Handshake duration: 322.78 ms
Execution 106 - QUIC Single
Handshake duration: 321.62 ms
Execution 107 - QUIC Single
Handshake duration: 322.37 ms
Execution 108 - QUIC Single
Handshake duration: 322.33 ms
Execution 109 - QUIC Single
Handshake duration: 325.25 ms
Execution 110 - QUIC Single
Handshake duration: 321.63 ms
Execution 111 - QUIC Single
Handshake duration: 321.70 ms
Execution 112 - QUIC Single
Handshake duration: 351.27 ms
Execution 113 - QUIC Single
Handshake duration: 322.62 ms
Execution 114 - QUIC Single
Handshake duration: 322.25 ms
Execution 115 - QUIC Single
Handshake duration: 322.30 ms
Execution 116 - QUIC Single
Handshake duration: 321.78 ms
Execution 117 - QUIC Single
Handshake duration: 322.06 ms
Execution 118 - QUIC Single
Handshake duration: 322.34 ms
Execution 119 - QUIC Single
Handshake duration: 322.67 ms
Execution 120 - QUIC Single
Handshake duration: 323.57 ms
Execution 121 - QUIC Single
Handshake duration: 321.90 ms
Execution 122 - QUIC Single
Handshake duration: 321.76 ms
Execution 123 - QUIC Single
Handshake duration: 322.85 ms
Execution 124 - QUIC Single
Handshake duration: 322.44 ms
Execution 125 - QUIC Single
Handshake duration: 322.46 ms
