Handshake timeout budget: 150s (identique TLS/QUIC)
Applying netem rules to lo...
Showing qdisc status for the interface: lo
qdisc netem 97f1: root refcnt 2 limit 1000 seed 6838178405269395028
 Sent 0 bytes 0 pkt (dropped 0, overlimits 0 requeues 0) 
 backlog 0b 0p requeues 0
Running ./perftestClientTlsQuic.sh with SIG_ALG=mldsa44 and KEM_ALG=hqc128
Execution 1 - QUIC Single
Handshake duration: 771.36 ms
Execution 2 - QUIC Single
Handshake duration: 299.79 ms
Execution 3 - QUIC Single
Handshake duration: 286.68 ms
Execution 4 - QUIC Single
Handshake duration: 297.97 ms
Execution 5 - QUIC Single
Handshake duration: 287.35 ms
Execution 6 - QUIC Single
Handshake duration: 310.01 ms
Execution 7 - QUIC Single
Handshake duration: 285.91 ms
Execution 8 - QUIC Single
Handshake duration: 300.94 ms
Execution 9 - QUIC Single
Handshake duration: 291.89 ms
Execution 10 - QUIC Single
Handshake duration: 296.12 ms
Execution 11 - QUIC Single
Handshake duration: 295.05 ms
Execution 12 - QUIC Single
Handshake duration: 298.25 ms
Execution 13 - QUIC Single
Handshake duration: 286.59 ms
Execution 14 - QUIC Single
Handshake duration: 283.53 ms
Execution 15 - QUIC Single
Handshake duration: 303.19 ms
Execution 16 - QUIC Single
Handshake duration: 299.45 ms
Execution 17 - QUIC Single
Handshake duration: 312.31 ms
Execution 18 - QUIC Single
Handshake duration: 298.02 ms
Execution 19 - QUIC Single
Handshake duration: 291.57 ms
Execution 20 - QUIC Single
Handshake duration: 279.17 ms
Execution 21 - QUIC Single
Handshake duration: 283.72 ms
Execution 22 - QUIC Single
Handshake duration: 295.95 ms
Execution 23 - QUIC Single
Handshake duration: 293.85 ms
Execution 24 - QUIC Single
Handshake duration: 275.74 ms
Execution 25 - QUIC Single
Handshake duration: 278.44 ms
Execution 26 - QUIC Single
Handshake duration: 292.12 ms
Execution 27 - QUIC Single
Handshake duration: 277.70 ms
Execution 28 - QUIC Single
Handshake duration: 279.15 ms
Execution 29 - QUIC Single
Handshake duration: 275.53 ms
Execution 30 - QUIC Single
Handshake duration: 278.59 ms
Execution 31 - QUIC Single
Handshake duration: 274.44 ms
Execution 32 - QUIC Single
Handshake duration: 280.42 ms
Execution 33 - QUIC Single
Handshake duration: 273.19 ms
Execution 34 - QUIC Single
Handshake duration: 274.92 ms
Execution 35 - QUIC Single
Handshake duration: 300.43 ms
Execution 36 - QUIC Single
Handshake duration: 322.40 ms
Execution 37 - QUIC Single
Handshake duration: 277.20 ms
Execution 38 - QUIC Single
Handshake duration: 281.56 ms
Execution 39 - QUIC Single
Handshake duration: 282.03 ms
Execution 40 - QUIC Single
Handshake duration: 282.96 ms
Execution 41 - QUIC Single
Handshake duration: 281.56 ms
Execution 42 - QUIC Single
Handshake duration: 294.22 ms
Execution 43 - QUIC Single
Handshake duration: 293.39 ms
Execution 44 - QUIC Single
Handshake duration: 283.95 ms
Execution 45 - QUIC Single
Handshake duration: 284.35 ms
Execution 46 - QUIC Single
Handshake duration: 303.55 ms
Execution 47 - QUIC Single
Handshake duration: 276.09 ms
Execution 48 - QUIC Single
Handshake duration: 275.83 ms
Execution 49 - QUIC Single
Handshake duration: 276.38 ms
Execution 50 - QUIC Single
Handshake duration: 280.92 ms
Execution 51 - QUIC Single
Handshake duration: 302.84 ms
Execution 52 - QUIC Single
Handshake duration: 281.16 ms
Execution 53 - QUIC Single
Handshake duration: 283.91 ms
Execution 54 - QUIC Single
Handshake duration: 284.46 ms
Execution 55 - QUIC Single
Handshake duration: 277.84 ms
Execution 56 - QUIC Single
Handshake duration: 278.81 ms
Execution 57 - QUIC Single
Handshake duration: 279.31 ms
Execution 58 - QUIC Single
Handshake duration: 283.58 ms
Execution 59 - QUIC Single
Handshake duration: 288.15 ms
Execution 60 - QUIC Single
Handshake duration: 293.88 ms
Execution 61 - QUIC Single
Handshake duration: 284.46 ms
Execution 62 - QUIC Single
Handshake duration: 279.95 ms
Execution 63 - QUIC Single
Handshake duration: 297.28 ms
Execution 64 - QUIC Single
Handshake duration: 287.47 ms
Execution 65 - QUIC Single
Handshake duration: 279.38 ms
Execution 66 - QUIC Single
Handshake duration: 278.01 ms
Execution 67 - QUIC Single
Handshake duration: 278.99 ms
Execution 68 - QUIC Single
Handshake duration: 274.66 ms
Execution 69 - QUIC Single
Handshake duration: 280.04 ms
Execution 70 - QUIC Single
Handshake duration: 275.72 ms
Execution 71 - QUIC Single
Handshake duration: 280.15 ms
Execution 72 - QUIC Single
Handshake duration: 281.95 ms
Execution 73 - QUIC Single
Handshake duration: 294.78 ms
Execution 74 - QUIC Single
Handshake duration: 279.66 ms
Execution 75 - QUIC Single
Handshake duration: 288.65 ms
Execution 76 - QUIC Single
Handshake duration: 277.93 ms
Execution 77 - QUIC Single
Handshake duration: 275.14 ms
Execution 78 - QUIC Single
Handshake duration: 1415.06 ms
Execution 79 - QUIC Single
Handshake duration: 275.90 ms
Execution 80 - QUIC Single
Handshake duration: 293.14 ms
Execution 81 - QUIC Single
Handshake duration: 276.50 ms
Execution 82 - QUIC Single
Handshake duration: 278.46 ms
Execution 83 - QUIC Single
Handshake duration: 277.84 ms
Execution 84 - QUIC Single
Handshake duration: 280.64 ms
Execution 85 - QUIC Single
Handshake duration: 280.96 ms
Execution 86 - QUIC Single
Handshake duration: 278.28 ms
Execution 87 - QUIC Single
Handshake duration: 280.26 ms
Execution 88 - QUIC Single
Handshake duration: 277.75 ms
Execution 89 - QUIC Single
Handshake duration: 296.48 ms
Execution 90 - QUIC Single
Handshake duration: 285.25 ms
Execution 91 - QUIC Single
Handshake duration: 277.66 ms
Execution 92 - QUIC Single
Handshake duration: 275.62 ms
Execution 93 - QUIC Single
Handshake duration: 279.31 ms
Execution 94 - QUIC Single
Handshake duration: 278.91 ms
Execution 95 - QUIC Single
Handshake duration: 280.54 ms
Execution 96 - QUIC Single
Handshake duration: 278.94 ms
Execution 97 - QUIC Single
Handshake duration: 276.66 ms
Execution 98 - QUIC Single
Handshake duration: 278.63 ms
Execution 99 - QUIC Single
Handshake duration: 282.18 ms
Execution 100 - QUIC Single
Handshake duration: 290.46 ms
Execution 101 - QUIC Single
Handshake duration: 297.86 ms
Execution 102 - QUIC Single
Handshake duration: 279.39 ms
Execution 103 - QUIC Single
Handshake duration: 280.19 ms
Execution 104 - QUIC Single
Handshake duration: 280.58 ms
Execution 105 - QUIC Single
Handshake duration: 278.18 ms
Execution 106 - QUIC Single
Handshake duration: 275.51 ms
Execution 107 - QUIC Single
Handshake duration: 278.00 ms
Execution 108 - QUIC Single
Handshake duration: 282.98 ms
Execution 109 - QUIC Single
Handshake duration: 282.28 ms
Execution 110 - QUIC Single
Handshake duration: 276.08 ms
Execution 111 - QUIC Single
Handshake duration: 278.29 ms
Execution 112 - QUIC Single
Handshake duration: 288.02 ms
Execution 113 - QUIC Single
Handshake duration: 279.06 ms
Execution 114 - QUIC Single
Handshake duration: 278.90 ms
Execution 115 - QUIC Single
Handshake duration: 276.33 ms
Execution 116 - QUIC Single
Handshake duration: 278.63 ms
Execution 117 - QUIC Single
Handshake duration: 283.18 ms
Execution 118 - QUIC Single
Handshake duration: 278.14 ms
Execution 119 - QUIC Single
Handshake duration: 287.98 ms
Execution 120 - QUIC Single
Handshake duration: 281.27 ms
Execution 121 - QUIC Single
Handshake duration: 279.43 ms
Execution 122 - QUIC Single
Handshake duration: 279.35 ms
Execution 123 - QUIC Single
Handshake duration: 278.69 ms
Execution 124 - QUIC Single
Handshake duration: 276.44 ms
Execution 125 - QUIC Single
Handshake duration: 285.48 ms
