Handshake timeout budget: 150s (identique TLS/QUIC)
Applying netem rules to lo...
Showing qdisc status for the interface: lo
qdisc netem 8393: root refcnt 2 limit 1000 seed 1764171218636290490
 Sent 0 bytes 0 pkt (dropped 0, overlimits 0 requeues 0) 
 backlog 0b 0p requeues 0
Running ./perftestClientTlsQuic.sh with SIG_ALG=mldsa87 and KEM_ALG=p521_hqc256
Execution 1 - QUIC Single
Handshake duration: 1008.03 ms
Execution 2 - QUIC Single
Handshake duration: 756.73 ms
Execution 3 - QUIC Single
Handshake duration: 737.56 ms
Execution 4 - QUIC Single
Handshake duration: 871.96 ms
Execution 5 - QUIC Single
Handshake duration: 861.08 ms
Execution 6 - QUIC Single
Handshake duration: 745.38 ms
Execution 7 - QUIC Single
Handshake duration: 732.07 ms
Execution 8 - QUIC Single
Handshake duration: 740.05 ms
Execution 9 - QUIC Single
Handshake duration: 757.78 ms
Execution 10 - QUIC Single
Handshake duration: 742.61 ms
Execution 11 - QUIC Single
Handshake duration: 731.32 ms
Execution 12 - QUIC Single
Handshake duration: 741.93 ms
Execution 13 - QUIC Single
Handshake duration: 735.82 ms
Execution 14 - QUIC Single
Handshake duration: 879.17 ms
Execution 15 - QUIC Single
Handshake duration: 739.49 ms
Execution 16 - QUIC Single
Handshake duration: 733.95 ms
Execution 17 - QUIC Single
Handshake duration: 858.87 ms
Execution 18 - QUIC Single
Handshake duration: 740.38 ms
Execution 19 - QUIC Single
Handshake duration: 762.92 ms
Execution 20 - QUIC Single
Handshake duration: 745.72 ms
Execution 21 - QUIC Single
Handshake duration: 942.11 ms
Execution 22 - QUIC Single
Handshake duration: 734.62 ms
Execution 23 - QUIC Single
Handshake duration: 745.66 ms
Execution 24 - QUIC Single
Handshake duration: 732.05 ms
Execution 25 - QUIC Single
Handshake duration: 735.14 ms
Execution 26 - QUIC Single
Handshake duration: 741.73 ms
Execution 27 - QUIC Single
Handshake duration: 738.60 ms
Execution 28 - QUIC Single
Handshake duration: 733.77 ms
Execution 29 - QUIC Single
Handshake duration: 733.99 ms
Execution 30 - QUIC Single
Handshake duration: 740.48 ms
Execution 31 - QUIC Single
Handshake duration: 733.12 ms
Execution 32 - QUIC Single
Handshake duration: 738.01 ms
Execution 33 - QUIC Single
Handshake duration: 858.05 ms
Execution 34 - QUIC Single
Handshake duration: 736.89 ms
Execution 35 - QUIC Single
Handshake duration: 874.13 ms
Execution 36 - QUIC Single
Handshake duration: 739.82 ms
Execution 37 - QUIC Single
Handshake duration: 736.24 ms
Execution 38 - QUIC Single
Handshake duration: 747.45 ms
Execution 39 - QUIC Single
Handshake duration: 861.83 ms
Execution 40 - QUIC Single
Handshake duration: 682.27 ms
Execution 41 - QUIC Single
Handshake duration: 750.83 ms
Execution 42 - QUIC Single
Handshake duration: 759.64 ms
Execution 43 - QUIC Single
Handshake duration: 753.79 ms
Execution 44 - QUIC Single
Handshake duration: 753.05 ms
Execution 45 - QUIC Single
Handshake duration: 733.95 ms
Execution 46 - QUIC Single
Handshake duration: 734.81 ms
Execution 47 - QUIC Single
Handshake duration: 862.38 ms
Execution 48 - QUIC Single
Handshake duration: 751.27 ms
Execution 49 - QUIC Single
Handshake duration: 749.09 ms
Execution 50 - QUIC Single
Handshake duration: 734.22 ms
Execution 51 - QUIC Single
Handshake duration: 738.05 ms
Execution 52 - QUIC Single
Handshake duration: 743.04 ms
Execution 53 - QUIC Single
Handshake duration: 884.39 ms
Execution 54 - QUIC Single
Handshake duration: 741.01 ms
Execution 55 - QUIC Single
Handshake duration: 735.40 ms
Execution 56 - QUIC Single
Handshake duration: 734.41 ms
Execution 57 - QUIC Single
Handshake duration: 904.64 ms
Execution 58 - QUIC Single
Handshake duration: 738.85 ms
Execution 59 - QUIC Single
Handshake duration: 734.75 ms
Execution 60 - QUIC Single
Handshake duration: 737.88 ms
Execution 61 - QUIC Single
Handshake duration: 753.54 ms
Execution 62 - QUIC Single
Handshake duration: 732.93 ms
Execution 63 - QUIC Single
Handshake duration: 734.83 ms
Execution 64 - QUIC Single
Handshake duration: 740.34 ms
Execution 65 - QUIC Single
Handshake duration: 738.43 ms
Execution 66 - QUIC Single
Handshake duration: 775.28 ms
Execution 67 - QUIC Single
Handshake duration: 754.02 ms
Execution 68 - QUIC Single
Handshake duration: 1188.28 ms
Execution 69 - QUIC Single
Handshake duration: 735.27 ms
Execution 70 - QUIC Single
Handshake duration: 743.16 ms
Execution 71 - QUIC Single
Handshake duration: 750.78 ms
Execution 72 - QUIC Single
Handshake duration: 925.53 ms
Execution 73 - QUIC Single
Handshake duration: 735.09 ms
Execution 74 - QUIC Single
Handshake duration: 742.97 ms
Execution 75 - QUIC Single
Handshake duration: 743.49 ms
Execution 76 - QUIC Single
Handshake duration: 732.64 ms
Execution 77 - QUIC Single
Handshake duration: 705.35 ms
Execution 78 - QUIC Single
Handshake duration: 739.41 ms
Execution 79 - QUIC Single
Handshake duration: 762.76 ms
Execution 80 - QUIC Single
Handshake duration: 740.23 ms
Execution 81 - QUIC Single
Handshake duration: 752.62 ms
Execution 82 - QUIC Single
Handshake duration: 873.25 ms
Execution 83 - QUIC Single
Handshake duration: 748.03 ms
Execution 84 - QUIC Single
Handshake duration: 739.49 ms
Execution 85 - QUIC Single
Handshake duration: 735.10 ms
Execution 86 - QUIC Single
Handshake duration: 740.91 ms
Execution 87 - QUIC Single
Handshake duration: 749.31 ms
Execution 88 - QUIC Single
Handshake duration: 735.74 ms
Execution 89 - QUIC Single
Handshake duration: 742.65 ms
Execution 90 - QUIC Single
Handshake duration: 738.78 ms
Execution 91 - QUIC Single
Handshake duration: 739.93 ms
Execution 92 - QUIC Single
Handshake duration: 756.06 ms
Execution 93 - QUIC Single
Handshake duration: 741.70 ms
Execution 94 - QUIC Single
Handshake duration: 751.21 ms
Execution 95 - QUIC Single
Handshake duration: 742.11 ms
Execution 96 - QUIC Single
Handshake duration: 881.01 ms
Execution 97 - QUIC Single
Handshake duration: 741.66 ms
Execution 98 - QUIC Single
Handshake duration: 734.98 ms
Execution 99 - QUIC Single
Handshake duration: 862.09 ms
Execution 100 - QUIC Single
Handshake duration: 740.69 ms
Execution 101 - QUIC Single
Handshake duration: 737.53 ms
Execution 102 - QUIC Single
Handshake duration: 737.75 ms
Execution 103 - QUIC Single
Handshake duration: 732.31 ms
Execution 104 - QUIC Single
Handshake duration: 738.32 ms
Execution 105 - QUIC Single
Handshake duration: 732.12 ms
Execution 106 - QUIC Single
Handshake duration: 739.85 ms
Execution 107 - QUIC Single
Handshake duration: 738.71 ms
Execution 108 - QUIC Single
Handshake duration: 741.50 ms
Execution 109 - QUIC Single
Handshake duration: 732.68 ms
Execution 110 - QUIC Single
Handshake duration: 751.68 ms
Execution 111 - QUIC Single
Handshake duration: 755.89 ms
Execution 112 - QUIC Single
Handshake duration: 733.76 ms
Execution 113 - QUIC Single
Handshake duration: 743.19 ms
Execution 114 - QUIC Single
Handshake duration: 887.97 ms
Execution 115 - QUIC Single
Handshake duration: 769.79 ms
Execution 116 - QUIC Single
Handshake duration: 771.47 ms
Execution 117 - QUIC Single
Handshake duration: 752.80 ms
Execution 118 - QUIC Single
Handshake duration: 727.87 ms
Execution 119 - QUIC Single
Handshake duration: 742.35 ms
Execution 120 - QUIC Single
Handshake duration: 761.21 ms
Execution 121 - QUIC Single
Handshake duration: 857.79 ms
Execution 122 - QUIC Single
Handshake duration: 780.00 ms
Execution 123 - QUIC Single
Handshake duration: 854.41 ms
Execution 124 - QUIC Single
Handshake duration: 752.23 ms
Execution 125 - QUIC Single
Handshake duration: 758.05 ms
