Handshake timeout budget: 150s (identique TLS/QUIC)
Applying netem rules to lo...
Showing qdisc status for the interface: lo
qdisc netem 8353: root refcnt 2 limit 1000 seed 1702325028643302938
 Sent 0 bytes 0 pkt (dropped 0, overlimits 0 requeues 0) 
 backlog 0b 0p requeues 0
Running ./perftestClientTlsQuic.sh with SIG_ALG=mldsa44 and KEM_ALG=p256_hqc128
Execution 1 - QUIC Single
Handshake duration: 419.64 ms
Execution 2 - QUIC Single
Handshake duration: 294.67 ms
Execution 3 - QUIC Single
Handshake duration: 285.13 ms
Execution 4 - QUIC Single
Handshake duration: 289.02 ms
Execution 5 - QUIC Single
Handshake duration: 291.22 ms
Execution 6 - QUIC Single
Handshake duration: 293.94 ms
Execution 7 - QUIC Single
Handshake duration: 291.36 ms
Execution 8 - QUIC Single
Handshake duration: 289.53 ms
Execution 9 - QUIC Single
Handshake duration: 294.64 ms
Execution 10 - QUIC Single
Handshake duration: 290.37 ms
Execution 11 - QUIC Single
Handshake duration: 291.46 ms
Execution 12 - QUIC Single
Handshake duration: 311.21 ms
Execution 13 - QUIC Single
Handshake duration: 285.64 ms
Execution 14 - QUIC Single
Handshake duration: 289.52 ms
Execution 15 - QUIC Single
Handshake duration: 291.64 ms
Execution 16 - QUIC Single
Handshake duration: 287.95 ms
Execution 17 - QUIC Single
Handshake duration: 292.64 ms
Execution 18 - QUIC Single
Handshake duration: 289.39 ms
Execution 19 - QUIC Single
Handshake duration: 287.49 ms
Execution 20 - QUIC Single
Handshake duration: 286.79 ms
Execution 21 - QUIC Single
Handshake duration: 288.84 ms
Execution 22 - QUIC Single
Handshake duration: 290.57 ms
Execution 23 - QUIC Single
Handshake duration: 305.62 ms
Execution 24 - QUIC Single
Handshake duration: 286.50 ms
Execution 25 - QUIC Single
Handshake duration: 308.49 ms
Execution 26 - QUIC Single
Handshake duration: 286.28 ms
Execution 27 - QUIC Single
Handshake duration: 308.56 ms
Execution 28 - QUIC Single
Handshake duration: 286.51 ms
Execution 29 - QUIC Single
Handshake duration: 288.99 ms
Execution 30 - QUIC Single
Handshake duration: 290.12 ms
Execution 31 - QUIC Single
Handshake duration: 287.92 ms
Execution 32 - QUIC Single
Handshake duration: 286.52 ms
Execution 33 - QUIC Single
Handshake duration: 289.16 ms
Execution 34 - QUIC Single
Handshake duration: 298.22 ms
Execution 35 - QUIC Single
Handshake duration: 285.17 ms
Execution 36 - QUIC Single
Handshake duration: 296.82 ms
Execution 37 - QUIC Single
Handshake duration: 289.70 ms
Execution 38 - QUIC Single
Handshake duration: 286.95 ms
Execution 39 - QUIC Single
Handshake duration: 286.82 ms
Execution 40 - QUIC Single
Handshake duration: 298.82 ms
Execution 41 - QUIC Single
Handshake duration: 295.77 ms
Execution 42 - QUIC Single
Handshake duration: 292.14 ms
Execution 43 - QUIC Single
Handshake duration: 294.07 ms
Execution 44 - QUIC Single
Handshake duration: 289.33 ms
Execution 45 - QUIC Single
Handshake duration: 293.32 ms
Execution 46 - QUIC Single
Handshake duration: 287.66 ms
Execution 47 - QUIC Single
Handshake duration: 304.95 ms
Execution 48 - QUIC Single
Handshake duration: 286.37 ms
Execution 49 - QUIC Single
Handshake duration: 301.21 ms
Execution 50 - QUIC Single
Handshake duration: 286.48 ms
Execution 51 - QUIC Single
Handshake duration: 285.13 ms
Execution 52 - QUIC Single
Handshake duration: 286.03 ms
Execution 53 - QUIC Single
Handshake duration: 302.21 ms
Execution 54 - QUIC Single
Handshake duration: 285.51 ms
Execution 55 - QUIC Single
Handshake duration: 288.34 ms
Execution 56 - QUIC Single
Handshake duration: 288.30 ms
Execution 57 - QUIC Single
Handshake duration: 293.84 ms
Execution 58 - QUIC Single
Handshake duration: 286.60 ms
Execution 59 - QUIC Single
Handshake duration: 285.85 ms
Execution 60 - QUIC Single
Handshake duration: 284.74 ms
Execution 61 - QUIC Single
Handshake duration: 285.57 ms
Execution 62 - QUIC Single
Handshake duration: 287.72 ms
Execution 63 - QUIC Single
Handshake duration: 284.12 ms
Execution 64 - QUIC Single
Handshake duration: 284.40 ms
Execution 65 - QUIC Single
Handshake duration: 1427.40 ms
Execution 66 - QUIC Single
Handshake duration: 291.00 ms
Execution 67 - QUIC Single
Handshake duration: 283.79 ms
Execution 68 - QUIC Single
Handshake duration: 298.39 ms
Execution 69 - QUIC Single
Handshake duration: 290.91 ms
Execution 70 - QUIC Single
Handshake duration: 298.06 ms
Execution 71 - QUIC Single
Handshake duration: 284.21 ms
Execution 72 - QUIC Single
Handshake duration: 284.81 ms
Execution 73 - QUIC Single
Handshake duration: 282.84 ms
Execution 74 - QUIC Single
Handshake duration: 298.46 ms
Execution 75 - QUIC Single
Handshake duration: 283.32 ms
Execution 76 - QUIC Single
Handshake duration: 297.77 ms
Execution 77 - QUIC Single
Handshake duration: 297.78 ms
Execution 78 - QUIC Single
Handshake duration: 291.97 ms
Execution 79 - QUIC Single
Handshake duration: 283.31 ms
Execution 80 - QUIC Single
Handshake duration: 283.10 ms
Execution 81 - QUIC Single
Handshake duration: 283.52 ms
Execution 82 - QUIC Single
Handshake duration: 283.00 ms
Execution 83 - QUIC Single
Handshake duration: 290.82 ms
Execution 84 - QUIC Single
Handshake duration: 282.16 ms
Execution 85 - QUIC Single
Handshake duration: 292.13 ms
Execution 86 - QUIC Single
Handshake duration: 283.99 ms
Execution 87 - QUIC Single
Handshake duration: 283.38 ms
Execution 88 - QUIC Single
Handshake duration: 293.38 ms
Execution 89 - QUIC Single
Handshake duration: 283.03 ms
Execution 90 - QUIC Single
Handshake duration: 282.76 ms
Execution 91 - QUIC Single
Handshake duration: 283.27 ms
Execution 92 - QUIC Single
Handshake duration: 290.70 ms
Execution 93 - QUIC Single
Handshake duration: 284.38 ms
Execution 94 - QUIC Single
Handshake duration: 306.28 ms
Execution 95 - QUIC Single
Handshake duration: 283.30 ms
Execution 96 - QUIC Single
Handshake duration: 283.48 ms
Execution 97 - QUIC Single
Handshake duration: 283.47 ms
Execution 98 - QUIC Single
Handshake duration: 283.24 ms
Execution 99 - QUIC Single
Handshake duration: 283.17 ms
Execution 100 - QUIC Single
Handshake duration: 282.63 ms
Execution 101 - QUIC Single
Handshake duration: 282.78 ms
Execution 102 - QUIC Single
Handshake duration: 305.58 ms
Execution 103 - QUIC Single
Handshake duration: 283.23 ms
Execution 104 - QUIC Single
Handshake duration: 288.12 ms
Execution 105 - QUIC Single
Handshake duration: 305.90 ms
Execution 106 - QUIC Single
Handshake duration: 668.41 ms
Execution 107 - QUIC Single
Handshake duration: 282.98 ms
Execution 108 - QUIC Single
Handshake duration: 283.16 ms
Execution 109 - QUIC Single
Handshake duration: 282.97 ms
Execution 110 - QUIC Single
Handshake duration: 283.55 ms
Execution 111 - QUIC Single
Handshake duration: 288.35 ms
Execution 112 - QUIC Single
Handshake duration: 283.66 ms
Execution 113 - QUIC Single
Handshake duration: 305.91 ms
Execution 114 - QUIC Single
Handshake duration: 283.30 ms
Execution 115 - QUIC Single
Handshake duration: 298.32 ms
Execution 116 - QUIC Single
Handshake duration: 284.09 ms
Execution 117 - QUIC Single
Handshake duration: 282.63 ms
Execution 118 - QUIC Single
Handshake duration: 283.35 ms
Execution 119 - QUIC Single
Handshake duration: 283.45 ms
Execution 120 - QUIC Single
Handshake duration: 283.46 ms
Execution 121 - QUIC Single
Handshake duration: 284.10 ms
Execution 122 - QUIC Single
Handshake duration: 283.42 ms
Execution 123 - QUIC Single
Handshake duration: 282.76 ms
Execution 124 - QUIC Single
Handshake duration: 283.65 ms
Execution 125 - QUIC Single
Handshake duration: 297.99 ms
