Handshake timeout budget: 150s (identique TLS/QUIC)
Applying netem rules to lo...
Showing qdisc status for the interface: lo
qdisc netem 9819: root refcnt 2 limit 1000 seed 8600051926215016264
 Sent 0 bytes 0 pkt (dropped 0, overlimits 0 requeues 0) 
 backlog 0b 0p requeues 0
Running ./perftestClientTlsQuic.sh with SIG_ALG=mldsa65 and KEM_ALG=x448_hqc192
Execution 1 - QUIC Single
Handshake duration: 472.25 ms
Execution 2 - QUIC Single
Handshake duration: 348.94 ms
Execution 3 - QUIC Single
Handshake duration: 326.77 ms
Execution 4 - QUIC Single
Handshake duration: 326.41 ms
Execution 5 - QUIC Single
Handshake duration: 324.36 ms
Execution 6 - QUIC Single
Handshake duration: 326.35 ms
Execution 7 - QUIC Single
Handshake duration: 326.51 ms
Execution 8 - QUIC Single
Handshake duration: 324.96 ms
Execution 9 - QUIC Single
Handshake duration: 326.93 ms
Execution 10 - QUIC Single
Handshake duration: 323.82 ms
Execution 11 - QUIC Single
Handshake duration: 336.58 ms
Execution 12 - QUIC Single
Handshake duration: 344.57 ms
Execution 13 - QUIC Single
Handshake duration: 335.36 ms
Execution 14 - QUIC Single
Handshake duration: 332.40 ms
Execution 15 - QUIC Single
Handshake duration: 590.44 ms
Execution 16 - QUIC Single
Handshake duration: 343.12 ms
Execution 17 - QUIC Single
Handshake duration: 350.19 ms
Execution 18 - QUIC Single
Handshake duration: 348.09 ms
Execution 19 - QUIC Single
Handshake duration: 521.19 ms
Execution 20 - QUIC Single
Handshake duration: 327.80 ms
Execution 21 - QUIC Single
Handshake duration: 328.05 ms
Execution 22 - QUIC Single
Handshake duration: 331.10 ms
Execution 23 - QUIC Single
Handshake duration: 328.23 ms
Execution 24 - QUIC Single
Handshake duration: 348.60 ms
Execution 25 - QUIC Single
Handshake duration: 327.39 ms
Execution 26 - QUIC Single
Handshake duration: 327.47 ms
Execution 27 - QUIC Single
Handshake duration: 365.98 ms
Execution 28 - QUIC Single
Handshake duration: 338.14 ms
Execution 29 - QUIC Single
Handshake duration: 335.19 ms
Execution 30 - QUIC Single
Handshake duration: 337.69 ms
Execution 31 - QUIC Single
Handshake duration: 479.35 ms
Execution 32 - QUIC Single
Handshake duration: 328.50 ms
Execution 33 - QUIC Single
Handshake duration: 345.44 ms
Execution 34 - QUIC Single
Handshake duration: 330.10 ms
Execution 35 - QUIC Single
Handshake duration: 359.54 ms
Execution 36 - QUIC Single
Handshake duration: 329.44 ms
Execution 37 - QUIC Single
Handshake duration: 331.00 ms
Execution 38 - QUIC Single
Handshake duration: 332.24 ms
Execution 39 - QUIC Single
Handshake duration: 332.09 ms
Execution 40 - QUIC Single
Handshake duration: 344.02 ms
Execution 41 - QUIC Single
Handshake duration: 327.46 ms
Execution 42 - QUIC Single
Handshake duration: 348.61 ms
Execution 43 - QUIC Single
Handshake duration: 353.12 ms
Execution 44 - QUIC Single
Handshake duration: 326.72 ms
Execution 45 - QUIC Single
Handshake duration: 327.95 ms
Execution 46 - QUIC Single
Handshake duration: 353.92 ms
Execution 47 - QUIC Single
Handshake duration: 341.66 ms
Execution 48 - QUIC Single
Handshake duration: 329.41 ms
Execution 49 - QUIC Single
Handshake duration: 347.45 ms
Execution 50 - QUIC Single
Handshake duration: 334.81 ms
Execution 51 - QUIC Single
Handshake duration: 332.38 ms
Execution 52 - QUIC Single
Handshake duration: 332.07 ms
Execution 53 - QUIC Single
Handshake duration: 332.80 ms
Execution 54 - QUIC Single
Handshake duration: 334.07 ms
Execution 55 - QUIC Single
Handshake duration: 326.03 ms
Execution 56 - QUIC Single
Handshake duration: 329.55 ms
Execution 57 - QUIC Single
Handshake duration: 327.08 ms
Execution 58 - QUIC Single
Handshake duration: 350.73 ms
Execution 59 - QUIC Single
Handshake duration: 329.87 ms
Execution 60 - QUIC Single
Handshake duration: 330.40 ms
Execution 61 - QUIC Single
Handshake duration: 333.39 ms
Execution 62 - QUIC Single
Handshake duration: 333.02 ms
Execution 63 - QUIC Single
Handshake duration: 328.23 ms
Execution 64 - QUIC Single
Handshake duration: 330.58 ms
Execution 65 - QUIC Single
Handshake duration: 355.89 ms
Execution 66 - QUIC Single
Handshake duration: 327.91 ms
Execution 67 - QUIC Single
Handshake duration: 348.41 ms
Execution 68 - QUIC Single
Handshake duration: 341.86 ms
Execution 69 - QUIC Single
Handshake duration: 330.46 ms
Execution 70 - QUIC Single
Handshake duration: 330.36 ms
Execution 71 - QUIC Single
Handshake duration: 340.46 ms
Execution 72 - QUIC Single
Handshake duration: 327.57 ms
Execution 73 - QUIC Single
Handshake duration: 329.29 ms
Execution 74 - QUIC Single
Handshake duration: 330.24 ms
Execution 75 - QUIC Single
Handshake duration: 325.03 ms
Execution 76 - QUIC Single
Handshake duration: 325.29 ms
Execution 77 - QUIC Single
Handshake duration: 334.32 ms
Execution 78 - QUIC Single
Handshake duration: 353.60 ms
Execution 79 - QUIC Single
Handshake duration: 351.71 ms
Execution 80 - QUIC Single
Handshake duration: 327.94 ms
Execution 81 - QUIC Single
Handshake duration: 332.85 ms
Execution 82 - QUIC Single
Handshake duration: 327.89 ms
Execution 83 - QUIC Single
Handshake duration: 328.21 ms
Execution 84 - QUIC Single
Handshake duration: 330.98 ms
Execution 85 - QUIC Single
Handshake duration: 333.00 ms
Execution 86 - QUIC Single
Handshake duration: 328.57 ms
Execution 87 - QUIC Single
Handshake duration: 453.21 ms
Execution 88 - QUIC Single
Handshake duration: 329.57 ms
Execution 89 - QUIC Single
Handshake duration: 328.59 ms
Execution 90 - QUIC Single
Handshake duration: 465.23 ms
Execution 91 - QUIC Single
Handshake duration: 467.38 ms
Execution 92 - QUIC Single
Handshake duration: 327.02 ms
Execution 93 - QUIC Single
Handshake duration: 330.75 ms
Execution 94 - QUIC Single
Handshake duration: 327.18 ms
Execution 95 - QUIC Single
Handshake duration: 361.14 ms
Execution 96 - QUIC Single
Handshake duration: 345.78 ms
Execution 97 - QUIC Single
Handshake duration: 329.00 ms
Execution 98 - QUIC Single
Handshake duration: 465.37 ms
Execution 99 - QUIC Single
Handshake duration: 342.65 ms
Execution 100 - QUIC Single
Handshake duration: 343.31 ms
Execution 101 - QUIC Single
Handshake duration: 344.14 ms
Execution 102 - QUIC Single
Handshake duration: 341.18 ms
Execution 103 - QUIC Single
Handshake duration: 343.02 ms
Execution 104 - QUIC Single
Handshake duration: 361.38 ms
Execution 105 - QUIC Single
Handshake duration: 364.46 ms
Execution 106 - QUIC Single
Handshake duration: 354.69 ms
Execution 107 - QUIC Single
Handshake duration: 497.29 ms
Execution 108 - QUIC Single
Handshake duration: 341.13 ms
Execution 109 - QUIC Single
Handshake duration: 343.17 ms
Execution 110 - QUIC Single
Handshake duration: 362.16 ms
Execution 111 - QUIC Single
Handshake duration: 342.45 ms
Execution 112 - QUIC Single
Handshake duration: 330.19 ms
Execution 113 - QUIC Single
Handshake duration: 344.69 ms
Execution 114 - QUIC Single
Handshake duration: 330.79 ms
Execution 115 - QUIC Single
Handshake duration: 328.08 ms
Execution 116 - QUIC Single
Handshake duration: 327.22 ms
Execution 117 - QUIC Single
Handshake duration: 325.69 ms
Execution 118 - QUIC Single
Handshake duration: 325.49 ms
Execution 119 - QUIC Single
Handshake duration: 342.98 ms
Execution 120 - QUIC Single
Handshake duration: 323.72 ms
Execution 121 - QUIC Single
Handshake duration: 329.04 ms
Execution 122 - QUIC Single
Handshake duration: 328.96 ms
Execution 123 - QUIC Single
Handshake duration: 327.73 ms
Execution 124 - QUIC Single
Handshake duration: 329.51 ms
Execution 125 - QUIC Single
Handshake duration: 336.98 ms
