Handshake timeout budget: 150s (identique TLS/QUIC)
Applying netem rules to lo...
Showing qdisc status for the interface: lo
qdisc netem 97f9: root refcnt 2 limit 1000 seed 4214955654928969334
 Sent 0 bytes 0 pkt (dropped 0, overlimits 0 requeues 0) 
 backlog 0b 0p requeues 0
Running ./perftestClientTlsQuic.sh with SIG_ALG=mldsa65 and KEM_ALG=hqc192
Execution 1 - QUIC Single
Handshake duration: 456.03 ms
Execution 2 - QUIC Single
Handshake duration: 335.44 ms
Execution 3 - QUIC Single
Handshake duration: 320.49 ms
Execution 4 - QUIC Single
Handshake duration: 325.55 ms
Execution 5 - QUIC Single
Handshake duration: 319.82 ms
Execution 6 - QUIC Single
Handshake duration: 324.96 ms
Execution 7 - QUIC Single
Handshake duration: 323.55 ms
Execution 8 - QUIC Single
Handshake duration: 325.07 ms
Execution 9 - QUIC Single
Handshake duration: 335.43 ms
Execution 10 - QUIC Single
Handshake duration: 345.70 ms
Execution 11 - QUIC Single
Handshake duration: 323.10 ms
Execution 12 - QUIC Single
Handshake duration: 325.63 ms
Execution 13 - QUIC Single
Handshake duration: 338.36 ms
Execution 14 - QUIC Single
Handshake duration: 336.44 ms
Execution 15 - QUIC Single
Handshake duration: 332.28 ms
Execution 16 - QUIC Single
Handshake duration: 326.45 ms
Execution 17 - QUIC Single
Handshake duration: 356.76 ms
Execution 18 - QUIC Single
Handshake duration: 344.73 ms
Execution 19 - QUIC Single
Handshake duration: 339.92 ms
Execution 20 - QUIC Single
Handshake duration: 324.75 ms
Execution 21 - QUIC Single
Handshake duration: 366.63 ms
Execution 22 - QUIC Single
Handshake duration: 360.23 ms
Execution 23 - QUIC Single
Handshake duration: 338.47 ms
Execution 24 - QUIC Single
Handshake duration: 328.27 ms
Execution 25 - QUIC Single
Handshake duration: 342.99 ms
Execution 26 - QUIC Single
Handshake duration: 325.80 ms
Execution 27 - QUIC Single
Handshake duration: 337.38 ms
Execution 28 - QUIC Single
Handshake duration: 348.27 ms
Execution 29 - QUIC Single
Handshake duration: 342.97 ms
Execution 30 - QUIC Single
Handshake duration: 348.26 ms
Execution 31 - QUIC Single
Handshake duration: 343.45 ms
Execution 32 - QUIC Single
Handshake duration: 329.02 ms
Execution 33 - QUIC Single
Handshake duration: 367.32 ms
Execution 34 - QUIC Single
Handshake duration: 349.00 ms
Execution 35 - QUIC Single
Handshake duration: 380.19 ms
Execution 36 - QUIC Single
Handshake duration: 332.28 ms
Execution 37 - QUIC Single
Handshake duration: 329.20 ms
Execution 38 - QUIC Single
Handshake duration: 358.04 ms
Execution 39 - QUIC Single
Handshake duration: 325.50 ms
Execution 40 - QUIC Single
Handshake duration: 323.54 ms
Execution 41 - QUIC Single
Handshake duration: 322.45 ms
Execution 42 - QUIC Single
Handshake duration: 322.43 ms
Execution 43 - QUIC Single
Handshake duration: 320.97 ms
Execution 44 - QUIC Single
Handshake duration: 341.33 ms
Execution 45 - QUIC Single
Handshake duration: 319.21 ms
Execution 46 - QUIC Single
Handshake duration: 320.64 ms
Execution 47 - QUIC Single
Handshake duration: 320.88 ms
Execution 48 - QUIC Single
Handshake duration: 465.42 ms
Execution 49 - QUIC Single
Handshake duration: 322.09 ms
Execution 50 - QUIC Single
Handshake duration: 346.68 ms
Execution 51 - QUIC Single
Handshake duration: 331.69 ms
Execution 52 - QUIC Single
Handshake duration: 337.34 ms
Execution 53 - QUIC Single
Handshake duration: 333.35 ms
Execution 54 - QUIC Single
Handshake duration: 333.50 ms
Execution 55 - QUIC Single
Handshake duration: 349.86 ms
Execution 56 - QUIC Single
Handshake duration: 334.79 ms
Execution 57 - QUIC Single
Handshake duration: 323.65 ms
Execution 58 - QUIC Single
Handshake duration: 322.95 ms
Execution 59 - QUIC Single
Handshake duration: 323.18 ms
Execution 60 - QUIC Single
Handshake duration: 322.72 ms
Execution 61 - QUIC Single
Handshake duration: 326.07 ms
Execution 62 - QUIC Single
Handshake duration: 322.17 ms
Execution 63 - QUIC Single
Handshake duration: 319.98 ms
Execution 64 - QUIC Single
Handshake duration: 324.72 ms
Execution 65 - QUIC Single
Handshake duration: 325.75 ms
Execution 66 - QUIC Single
Handshake duration: 337.06 ms
Execution 67 - QUIC Single
Handshake duration: 322.66 ms
Execution 68 - QUIC Single
Handshake duration: 345.46 ms
Execution 69 - QUIC Single
Handshake duration: 333.80 ms
Execution 70 - QUIC Single
Handshake duration: 325.30 ms
Execution 71 - QUIC Single
Handshake duration: 337.73 ms
Execution 72 - QUIC Single
Handshake duration: 331.92 ms
Execution 73 - QUIC Single
Handshake duration: 318.83 ms
Execution 74 - QUIC Single
Handshake duration: 324.06 ms
Execution 75 - QUIC Single
Handshake duration: 335.40 ms
Execution 76 - QUIC Single
Handshake duration: 343.13 ms
Execution 77 - QUIC Single
Handshake duration: 366.69 ms
Execution 78 - QUIC Single
Handshake duration: 345.31 ms
Execution 79 - QUIC Single
Handshake duration: 466.04 ms
Execution 80 - QUIC Single
Handshake duration: 321.22 ms
Execution 81 - QUIC Single
Handshake duration: 320.81 ms
Execution 82 - QUIC Single
Handshake duration: 338.95 ms
Execution 83 - QUIC Single
Handshake duration: 330.19 ms
Execution 84 - QUIC Single
Handshake duration: 327.12 ms
Execution 85 - QUIC Single
Handshake duration: 321.07 ms
Execution 86 - QUIC Single
Handshake duration: 331.92 ms
Execution 87 - QUIC Single
Handshake duration: 324.36 ms
Execution 88 - QUIC Single
Handshake duration: 326.73 ms
Execution 89 - QUIC Single
Handshake duration: 326.31 ms
Execution 90 - QUIC Single
Handshake duration: 359.65 ms
Execution 91 - QUIC Single
Handshake duration: 323.92 ms
Execution 92 - QUIC Single
Handshake duration: 326.63 ms
Execution 93 - QUIC Single
Handshake duration: 320.09 ms
Execution 94 - QUIC Single
Handshake duration: 328.30 ms
Execution 95 - QUIC Single
Handshake duration: 346.83 ms
Execution 96 - QUIC Single
Handshake duration: 334.95 ms
Execution 97 - QUIC Single
Handshake duration: 335.66 ms
Execution 98 - QUIC Single
Handshake duration: 335.26 ms
Execution 99 - QUIC Single
Handshake duration: 332.22 ms
Execution 100 - QUIC Single
Handshake duration: 332.90 ms
Execution 101 - QUIC Single
Handshake duration: 332.54 ms
Execution 102 - QUIC Single
Handshake duration: 339.65 ms
Execution 103 - QUIC Single
Handshake duration: 341.88 ms
Execution 104 - QUIC Single
Handshake duration: 322.77 ms
Execution 105 - QUIC Single
Handshake duration: 323.70 ms
Execution 106 - QUIC Single
Handshake duration: 331.69 ms
Execution 107 - QUIC Single
Handshake duration: 322.49 ms
Execution 108 - QUIC Single
Handshake duration: 328.91 ms
Execution 109 - QUIC Single
Handshake duration: 376.38 ms
Execution 110 - QUIC Single
Handshake duration: 343.72 ms
Execution 111 - QUIC Single
Handshake duration: 335.81 ms
Execution 112 - QUIC Single
Handshake duration: 318.97 ms
Execution 113 - QUIC Single
Handshake duration: 339.57 ms
Execution 114 - QUIC Single
Handshake duration: 335.70 ms
Execution 115 - QUIC Single
Handshake duration: 324.12 ms
Execution 116 - QUIC Single
Handshake duration: 579.49 ms
Execution 117 - QUIC Single
Handshake duration: 332.30 ms
Execution 118 - QUIC Single
Handshake duration: 330.41 ms
Execution 119 - QUIC Single
Handshake duration: 321.89 ms
Execution 120 - QUIC Single
Handshake duration: 321.41 ms
Execution 121 - QUIC Single
Handshake duration: 469.88 ms
Execution 122 - QUIC Single
Handshake duration: 336.34 ms
Execution 123 - QUIC Single
Handshake duration: 464.26 ms
Execution 124 - QUIC Single
Handshake duration: 381.10 ms
Execution 125 - QUIC Single
Handshake duration: 333.25 ms
