Handshake timeout budget: 150s (identique TLS/QUIC)
Applying netem rules to lo...
Showing qdisc status for the interface: lo
qdisc netem 9811: root refcnt 2 limit 1000 seed 5672661937305176230
 Sent 0 bytes 0 pkt (dropped 0, overlimits 0 requeues 0) 
 backlog 0b 0p requeues 0
Running ./perftestClientTlsQuic.sh with SIG_ALG=secp384r1 and KEM_ALG=hqc192
Execution 1 - QUIC Single
Handshake duration: 334.17 ms
Execution 2 - QUIC Single
Handshake duration: 208.58 ms
Execution 3 - QUIC Single
Handshake duration: 207.47 ms
Execution 4 - QUIC Single
Handshake duration: 222.12 ms
Execution 5 - QUIC Single
Handshake duration: 242.32 ms
Execution 6 - QUIC Single
Handshake duration: 245.00 ms
Execution 7 - QUIC Single
Handshake duration: 237.36 ms
Execution 8 - QUIC Single
Handshake duration: 229.87 ms
Execution 9 - QUIC Single
Handshake duration: 213.97 ms
Execution 10 - QUIC Single
Handshake duration: 203.71 ms
Execution 11 - QUIC Single
Handshake duration: 216.08 ms
Execution 12 - QUIC Single
Handshake duration: 204.32 ms
Execution 13 - QUIC Single
Handshake duration: 224.18 ms
Execution 14 - QUIC Single
Handshake duration: 245.37 ms
Execution 15 - QUIC Single
Handshake duration: 208.25 ms
Execution 16 - QUIC Single
Handshake duration: 200.14 ms
Execution 17 - QUIC Single
Handshake duration: 232.91 ms
Execution 18 - QUIC Single
Handshake duration: 215.05 ms
Execution 19 - QUIC Single
Handshake duration: 217.89 ms
Execution 20 - QUIC Single
Handshake duration: 218.26 ms
Execution 21 - QUIC Single
Handshake duration: 205.25 ms
Execution 22 - QUIC Single
Handshake duration: 209.68 ms
Execution 23 - QUIC Single
Handshake duration: 203.82 ms
Execution 24 - QUIC Single
Handshake duration: 208.19 ms
Execution 25 - QUIC Single
Handshake duration: 205.26 ms
Execution 26 - QUIC Single
Handshake duration: 203.96 ms
Execution 27 - QUIC Single
Handshake duration: 204.47 ms
Execution 28 - QUIC Single
Handshake duration: 204.15 ms
Execution 29 - QUIC Single
Handshake duration: 217.84 ms
Execution 30 - QUIC Single
Handshake duration: 205.50 ms
Execution 31 - QUIC Single
Handshake duration: 221.35 ms
Execution 32 - QUIC Single
Handshake duration: 207.01 ms
Execution 33 - QUIC Single
Handshake duration: 206.90 ms
Execution 34 - QUIC Single
Handshake duration: 207.72 ms
Execution 35 - QUIC Single
Handshake duration: 252.70 ms
Execution 36 - QUIC Single
Handshake duration: 234.41 ms
Execution 37 - QUIC Single
Handshake duration: 208.56 ms
Execution 38 - QUIC Single
Handshake duration: 205.86 ms
Execution 39 - QUIC Single
Handshake duration: 211.34 ms
Execution 40 - QUIC Single
Handshake duration: 1392.88 ms
Execution 41 - QUIC Single
Handshake duration: 225.19 ms
Execution 42 - QUIC Single
Handshake duration: 232.20 ms
Execution 43 - QUIC Single
Handshake duration: 238.20 ms
Execution 44 - QUIC Single
Handshake duration: 241.63 ms
Execution 45 - QUIC Single
Handshake duration: 203.66 ms
Execution 46 - QUIC Single
Handshake duration: 220.55 ms
Execution 47 - QUIC Single
Handshake duration: 266.41 ms
Execution 48 - QUIC Single
Handshake duration: 201.78 ms
Execution 49 - QUIC Single
Handshake duration: 233.19 ms
Execution 50 - QUIC Single
Handshake duration: 219.70 ms
Execution 51 - QUIC Single
Handshake duration: 238.83 ms
Execution 52 - QUIC Single
Handshake duration: 218.00 ms
Execution 53 - QUIC Single
Handshake duration: 215.11 ms
Execution 54 - QUIC Single
Handshake duration: 207.29 ms
Execution 55 - QUIC Single
Handshake duration: 197.34 ms
Execution 56 - QUIC Single
Handshake duration: 194.74 ms
Execution 57 - QUIC Single
Handshake duration: 194.15 ms
Execution 58 - QUIC Single
Handshake duration: 191.91 ms
Execution 59 - QUIC Single
Handshake duration: 197.68 ms
Execution 60 - QUIC Single
Handshake duration: 194.01 ms
Execution 61 - QUIC Single
Handshake duration: 192.57 ms
Execution 62 - QUIC Single
Handshake duration: 191.44 ms
Execution 63 - QUIC Single
Handshake duration: 194.70 ms
Execution 64 - QUIC Single
Handshake duration: 196.69 ms
Execution 65 - QUIC Single
Handshake duration: 193.30 ms
Execution 66 - QUIC Single
Handshake duration: 209.56 ms
Execution 67 - QUIC Single
Handshake duration: 196.54 ms
Execution 68 - QUIC Single
Handshake duration: 197.57 ms
Execution 69 - QUIC Single
Handshake duration: 205.75 ms
Execution 70 - QUIC Single
Handshake duration: 241.66 ms
Execution 71 - QUIC Single
Handshake duration: 208.07 ms
Execution 72 - QUIC Single
Handshake duration: 224.67 ms
Execution 73 - QUIC Single
Handshake duration: 210.90 ms
Execution 74 - QUIC Single
Handshake duration: 192.90 ms
Execution 75 - QUIC Single
Handshake duration: 194.63 ms
Execution 76 - QUIC Single
Handshake duration: 193.94 ms
Execution 77 - QUIC Single
Handshake duration: 194.50 ms
Execution 78 - QUIC Single
Handshake duration: 209.91 ms
Execution 79 - QUIC Single
Handshake duration: 238.22 ms
Execution 80 - QUIC Single
Handshake duration: 192.09 ms
Execution 81 - QUIC Single
Handshake duration: 211.69 ms
Execution 82 - QUIC Single
Handshake duration: 191.88 ms
Execution 83 - QUIC Single
Handshake duration: 193.98 ms
Execution 84 - QUIC Single
Handshake duration: 192.31 ms
Execution 85 - QUIC Single
Handshake duration: 193.99 ms
Execution 86 - QUIC Single
Handshake duration: 202.06 ms
Execution 87 - QUIC Single
Handshake duration: 192.61 ms
Execution 88 - QUIC Single
Handshake duration: 205.25 ms
Execution 89 - QUIC Single
Handshake duration: 204.60 ms
Execution 90 - QUIC Single
Handshake duration: 251.14 ms
Execution 91 - QUIC Single
Handshake duration: 214.29 ms
Execution 92 - QUIC Single
Handshake duration: 200.66 ms
Execution 93 - QUIC Single
Handshake duration: 203.24 ms
Execution 94 - QUIC Single
Handshake duration: 194.28 ms
Execution 95 - QUIC Single
Handshake duration: 193.74 ms
Execution 96 - QUIC Single
Handshake duration: 198.11 ms
Execution 97 - QUIC Single
Handshake duration: 214.22 ms
Execution 98 - QUIC Single
Handshake duration: 205.42 ms
Execution 99 - QUIC Single
Handshake duration: 199.29 ms
Execution 100 - QUIC Single
Handshake duration: 252.43 ms
Execution 101 - QUIC Single
Handshake duration: 214.74 ms
Execution 102 - QUIC Single
Handshake duration: 195.09 ms
Execution 103 - QUIC Single
Handshake duration: 223.74 ms
Execution 104 - QUIC Single
Handshake duration: 308.00 ms
Execution 105 - QUIC Single
Handshake duration: 262.09 ms
Execution 106 - QUIC Single
Handshake duration: 202.82 ms
Execution 107 - QUIC Single
Handshake duration: 210.12 ms
Execution 108 - QUIC Single
Handshake duration: 234.58 ms
Execution 109 - QUIC Single
Handshake duration: 218.39 ms
Execution 110 - QUIC Single
Handshake duration: 199.53 ms
Execution 111 - QUIC Single
Handshake duration: 197.03 ms
Execution 112 - QUIC Single
Handshake duration: 194.04 ms
Execution 113 - QUIC Single
Handshake duration: 194.43 ms
Execution 114 - QUIC Single
Handshake duration: 201.91 ms
Execution 115 - QUIC Single
Handshake duration: 196.90 ms
Execution 116 - QUIC Single
Handshake duration: 193.72 ms
Execution 117 - QUIC Single
Handshake duration: 196.30 ms
Execution 118 - QUIC Single
Handshake duration: 195.21 ms
Execution 119 - QUIC Single
Handshake duration: 234.79 ms
Execution 120 - QUIC Single
Handshake duration: 292.28 ms
Execution 121 - QUIC Single
Handshake duration: 217.67 ms
Execution 122 - QUIC Single
Handshake duration: 1558.97 ms
Execution 123 - QUIC Single
Handshake duration: 211.90 ms
Execution 124 - QUIC Single
Handshake duration: 218.69 ms
Execution 125 - QUIC Single
Handshake duration: 199.33 ms
