Handshake timeout budget: 150s (identique TLS/QUIC)
Applying netem rules to lo...
Showing qdisc status for the interface: lo
qdisc netem 8d83: root refcnt 2 limit 1000 seed 14964069748672359898
 Sent 0 bytes 0 pkt (dropped 0, overlimits 0 requeues 0) 
 backlog 0b 0p requeues 0
Running ./perftestClientTlsQuic.sh with SIG_ALG=ed25519 and KEM_ALG=x25519_hqc128
Execution 1 - QUIC Single
Handshake duration: 45.47 ms
Execution 2 - QUIC Single
Handshake duration: 25.47 ms
Execution 3 - QUIC Single
Handshake duration: 46.83 ms
Execution 4 - QUIC Single
Handshake duration: 33.19 ms
Execution 5 - QUIC Single
Handshake duration: 37.34 ms
Execution 6 - QUIC Single
Handshake duration: 1051.19 ms
Execution 7 - QUIC Single
Handshake duration: 31.54 ms
Execution 8 - QUIC Single
Handshake duration: 3029.92 ms
Execution 9 - QUIC Single
Handshake duration: 25.12 ms
Execution 10 - QUIC Single
Handshake duration: 32.22 ms
Execution 11 - QUIC Single
Handshake duration: 26.08 ms
Execution 12 - QUIC Single
Handshake duration: 1026.76 ms
Execution 13 - QUIC Single
Handshake duration: 24.90 ms
Execution 14 - QUIC Single
Handshake duration: 82.46 ms
Execution 15 - QUIC Single
Handshake duration: 8749.50 ms
Execution 16 - QUIC Single
Handshake duration: 1185.42 ms
Execution 17 - QUIC Single
Handshake duration: 26.78 ms
Execution 18 - QUIC Single
Handshake duration: 1180.34 ms
Execution 19 - QUIC Single
Handshake duration: 24.79 ms
Execution 20 - QUIC Single
Handshake duration: 25.76 ms
Execution 21 - QUIC Single
Handshake duration: 7016.84 ms
Execution 22 - QUIC Single
Handshake duration: 25.78 ms
Execution 23 - QUIC Single
Handshake duration: 51.17 ms
Execution 24 - QUIC Single
Handshake duration: 27.84 ms
Execution 25 - QUIC Single
Handshake duration: 25.20 ms
Execution 26 - QUIC Single
Handshake duration: 1020.48 ms
Execution 27 - QUIC Single
Handshake duration: 42.29 ms
Execution 28 - QUIC Single
Handshake duration: 25.96 ms
Execution 29 - QUIC Single
Handshake duration: 1020.43 ms
Execution 30 - QUIC Single
Handshake duration: 39.28 ms
Execution 31 - QUIC Single
Handshake duration: 69.39 ms
Execution 32 - QUIC Single
Handshake duration: 46.95 ms
Execution 33 - QUIC Single
Handshake duration: 74.14 ms
Execution 34 - QUIC Single
Handshake duration: 26.08 ms
Execution 35 - QUIC Single
Handshake duration: NaN ms
Execution 36 - QUIC Single
Handshake duration: 25.20 ms
Execution 37 - QUIC Single
Handshake duration: 1037.80 ms
Execution 38 - QUIC Single
Handshake duration: 1038.20 ms
Execution 39 - QUIC Single
Handshake duration: 34.72 ms
Execution 40 - QUIC Single
Handshake duration: 30.81 ms
Execution 41 - QUIC Single
Handshake duration: 30.57 ms
Execution 42 - QUIC Single
Handshake duration: 1043.05 ms
Execution 43 - QUIC Single
Handshake duration: 27.73 ms
Execution 44 - QUIC Single
Handshake duration: 25.20 ms
Execution 45 - QUIC Single
Handshake duration: 1056.64 ms
Execution 46 - QUIC Single
Handshake duration: 26.25 ms
Execution 47 - QUIC Single
Handshake duration: 27.44 ms
Execution 48 - QUIC Single
Handshake duration: 1042.28 ms
Execution 49 - QUIC Single
Handshake duration: 856.44 ms
Execution 50 - QUIC Single
Handshake duration: 3197.22 ms
Execution 51 - QUIC Single
Handshake duration: 24.77 ms
Execution 52 - QUIC Single
Handshake duration: 1030.22 ms
Execution 53 - QUIC Single
Handshake duration: 24.84 ms
Execution 54 - QUIC Single
Handshake duration: 66.67 ms
Execution 55 - QUIC Single
Handshake duration: 26.36 ms
Execution 56 - QUIC Single
Handshake duration: 1019.47 ms
Execution 57 - QUIC Single
Handshake duration: 117.42 ms
Execution 58 - QUIC Single
Handshake duration: 24.94 ms
Execution 59 - QUIC Single
Handshake duration: 25.73 ms
Execution 60 - QUIC Single
Handshake duration: 1030.26 ms
Execution 61 - QUIC Single
Handshake duration: NaN ms
Execution 62 - QUIC Single
Handshake duration: 193.49 ms
Execution 63 - QUIC Single
Handshake duration: 35.04 ms
Execution 64 - QUIC Single
Handshake duration: 33.03 ms
Execution 65 - QUIC Single
Handshake duration: 1026.64 ms
Execution 66 - QUIC Single
Handshake duration: 31.77 ms
Execution 67 - QUIC Single
Handshake duration: 35.00 ms
Execution 68 - QUIC Single
Handshake duration: 32.77 ms
Execution 69 - QUIC Single
Handshake duration: 26.05 ms
Execution 70 - QUIC Single
Handshake duration: 25.82 ms
Execution 71 - QUIC Single
Handshake duration: 25.86 ms
Execution 72 - QUIC Single
Handshake duration: 3080.52 ms
Execution 73 - QUIC Single
Handshake duration: 31.61 ms
Execution 74 - QUIC Single
Handshake duration: 65.05 ms
Execution 75 - QUIC Single
Handshake duration: 31.76 ms
Execution 76 - QUIC Single
Handshake duration: 25.58 ms
Execution 77 - QUIC Single
Handshake duration: 1113.32 ms
Execution 78 - QUIC Single
Handshake duration: 7144.42 ms
Execution 79 - QUIC Single
Handshake duration: 26.03 ms
Execution 80 - QUIC Single
Handshake duration: 33.36 ms
Execution 81 - QUIC Single
Handshake duration: 32.81 ms
Execution 82 - QUIC Single
Handshake duration: 26.47 ms
Execution 83 - QUIC Single
Handshake duration: 31.24 ms
Execution 84 - QUIC Single
Handshake duration: 25.24 ms
Execution 85 - QUIC Single
Handshake duration: 7028.07 ms
Execution 86 - QUIC Single
Handshake duration: 125.15 ms
Execution 87 - QUIC Single
Handshake duration: 25.65 ms
Execution 88 - QUIC Single
Handshake duration: 32.63 ms
Execution 89 - QUIC Single
Handshake duration: NaN ms
Execution 90 - QUIC Single
Handshake duration: 3043.49 ms
Execution 91 - QUIC Single
Handshake duration: 24.89 ms
Execution 92 - QUIC Single
Handshake duration: 52.60 ms
Execution 93 - QUIC Single
Handshake duration: 96.85 ms
Execution 94 - QUIC Single
Handshake duration: 38.65 ms
Execution 95 - QUIC Single
Handshake duration: 26.27 ms
Execution 96 - QUIC Single
Handshake duration: NaN ms
Execution 97 - QUIC Single
Handshake duration: 25.60 ms
Execution 98 - QUIC Single
Handshake duration: 25.54 ms
Execution 99 - QUIC Single
Handshake duration: 25.84 ms
Execution 100 - QUIC Single
Handshake duration: 162.80 ms
Execution 101 - QUIC Single
Handshake duration: 37.10 ms
Execution 102 - QUIC Single
Handshake duration: 3019.10 ms
Execution 103 - QUIC Single
Handshake duration: 52.86 ms
Execution 104 - QUIC Single
Handshake duration: 25.34 ms
Execution 105 - QUIC Single
Handshake duration: 25.09 ms
Execution 106 - QUIC Single
Handshake duration: 25.61 ms
Execution 107 - QUIC Single
Handshake duration: 3047.51 ms
Execution 108 - QUIC Single
Handshake duration: 46.37 ms
Execution 109 - QUIC Single
Handshake duration: 35.55 ms
Execution 110 - QUIC Single
Handshake duration: 25.20 ms
Execution 111 - QUIC Single
Handshake duration: 25.93 ms
Execution 112 - QUIC Single
Handshake duration: 7093.01 ms
Execution 113 - QUIC Single
Handshake duration: 25.14 ms
Execution 114 - QUIC Single
Handshake duration: 25.80 ms
Execution 115 - QUIC Single
Handshake duration: 26.47 ms
Execution 116 - QUIC Single
Handshake duration: 36.74 ms
Execution 117 - QUIC Single
Handshake duration: 33.02 ms
Execution 118 - QUIC Single
Handshake duration: 26.71 ms
Execution 119 - QUIC Single
Handshake duration: 32.87 ms
Execution 120 - QUIC Single
Handshake duration: 549.69 ms
Execution 121 - QUIC Single
Handshake duration: 25.92 ms
Execution 122 - QUIC Single
Handshake duration: 1610.68 ms
Execution 123 - QUIC Single
Handshake duration: 31.93 ms
Execution 124 - QUIC Single
Handshake duration: 31.91 ms
Execution 125 - QUIC Single
Handshake duration: 158.05 ms
