Applying netem rules to lo...
Showing qdisc status for the interface: lo
qdisc netem 8592: root refcnt 2 limit 1000 seed 1493988793943005608
 Sent 0 bytes 0 pkt (dropped 0, overlimits 0 requeues 0) 
 backlog 0b 0p requeues 0
Running ./perftestClientTlsQuic.sh with SIG_ALG=mldsa44 and KEM_ALG=x25519_hqc128
Execution 1 - QUIC Single
Handshake duration: 1034.48 ms
Execution 2 - QUIC Single
Handshake duration: 7160.18 ms
Execution 3 - QUIC Single
Handshake duration: 286.46 ms
Execution 4 - QUIC Single
Handshake duration: 78.20 ms
Execution 5 - QUIC Single
Handshake duration: 17.50 ms
Execution 6 - QUIC Single
Handshake duration: 4084.84 ms
Execution 7 - QUIC Single
Handshake duration: 1078.26 ms
Execution 8 - QUIC Single
Handshake duration: NaN ms
Execution 9 - QUIC Single
Handshake duration: 1365.62 ms
Execution 10 - QUIC Single
Handshake duration: 22.24 ms
Execution 11 - QUIC Single
Handshake duration: 6026.80 ms
Execution 12 - QUIC Single
Handshake duration: 77.35 ms
Execution 13 - QUIC Single
Handshake duration: 22.54 ms
Execution 14 - QUIC Single
Handshake duration: 1278.32 ms
Execution 15 - QUIC Single
Handshake duration: 17.53 ms
Execution 16 - QUIC Single
Handshake duration: 17.41 ms
Execution 17 - QUIC Single
Handshake duration: 17.27 ms
Execution 18 - QUIC Single
Handshake duration: 538.79 ms
Execution 19 - QUIC Single
Handshake duration: 168.18 ms
Execution 20 - QUIC Single
Handshake duration: 17.61 ms
Execution 21 - QUIC Single
Handshake duration: 1166.09 ms
Execution 22 - QUIC Single
Handshake duration: 51.07 ms
Execution 23 - QUIC Single
Handshake duration: 24.52 ms
Execution 24 - QUIC Single
Handshake duration: 17.23 ms
Execution 25 - QUIC Single
Handshake duration: 9937.58 ms
Execution 26 - QUIC Single
Handshake duration: 17.47 ms
Execution 27 - QUIC Single
Handshake duration: 17.37 ms
Execution 28 - QUIC Single
Handshake duration: 145.14 ms
Execution 29 - QUIC Single
Handshake duration: 17.47 ms
Execution 30 - QUIC Single
Handshake duration: 21.82 ms
Execution 31 - QUIC Single
Handshake duration: 17.21 ms
Execution 32 - QUIC Single
Handshake duration: 288.26 ms
Execution 33 - QUIC Single
Handshake duration: 3271.80 ms
Execution 34 - QUIC Single
Handshake duration: 1118.83 ms
Execution 35 - QUIC Single
Handshake duration: 4058.54 ms
Execution 36 - QUIC Single
Handshake duration: 79.32 ms
Execution 37 - QUIC Single
Handshake duration: 24.49 ms
Execution 38 - QUIC Single
Handshake duration: 1438.07 ms
Execution 39 - QUIC Single
Handshake duration: 17.36 ms
Execution 40 - QUIC Single
Handshake duration: 4221.86 ms
Execution 41 - QUIC Single
Handshake duration: 17.27 ms
Execution 42 - QUIC Single
Handshake duration: 50.41 ms
Execution 43 - QUIC Single
Handshake duration: 4071.26 ms
Execution 44 - QUIC Single
Handshake duration: 3195.06 ms
Execution 45 - QUIC Single
Handshake duration: 9190.40 ms
Execution 46 - QUIC Single
Handshake duration: 885.19 ms
Execution 47 - QUIC Single
Handshake duration: 280.21 ms
Execution 48 - QUIC Single
Handshake duration: 265.40 ms
Execution 49 - QUIC Single
Handshake duration: 17.18 ms
Execution 50 - QUIC Single
Handshake duration: 2091.47 ms
Execution 51 - QUIC Single
Handshake duration: 2463.38 ms
Execution 52 - QUIC Single
Handshake duration: 389.28 ms
Execution 53 - QUIC Single
Handshake duration: 81.94 ms
Execution 54 - QUIC Single
Handshake duration: 368.36 ms
Execution 55 - QUIC Single
Handshake duration: 18.40 ms
Execution 56 - QUIC Single
Handshake duration: 7478.18 ms
Execution 57 - QUIC Single
Handshake duration: 17.42 ms
Execution 58 - QUIC Single
Handshake duration: 17.37 ms
Execution 59 - QUIC Single
Handshake duration: 21.96 ms
Execution 60 - QUIC Single
Handshake duration: 5056.53 ms
Execution 61 - QUIC Single
Handshake duration: 1235.46 ms
Execution 62 - QUIC Single
Handshake duration: 24.43 ms
Execution 63 - QUIC Single
Handshake duration: 2029.00 ms
Execution 64 - QUIC Single
Handshake duration: 519.47 ms
Execution 65 - QUIC Single
Handshake duration: 3021.12 ms
Execution 66 - QUIC Single
Handshake duration: 2576.23 ms
Execution 67 - QUIC Single
Handshake duration: 17.17 ms
Execution 68 - QUIC Single
Handshake duration: 3169.09 ms
Execution 69 - QUIC Single
Handshake duration: 17.64 ms
Execution 70 - QUIC Single
Handshake duration: 2064.11 ms
Execution 71 - QUIC Single
Handshake duration: 537.23 ms
Execution 72 - QUIC Single
Handshake duration: 24.37 ms
Execution 73 - QUIC Single
Handshake duration: 336.99 ms
Execution 74 - QUIC Single
Handshake duration: 9338.99 ms
Execution 75 - QUIC Single
Handshake duration: 132.64 ms
Execution 76 - QUIC Single
Handshake duration: 17.40 ms
Execution 77 - QUIC Single
Handshake duration: 17.15 ms
Execution 78 - QUIC Single
Handshake duration: 24.29 ms
Execution 79 - QUIC Single
Handshake duration: 1023.97 ms
Execution 80 - QUIC Single
Handshake duration: 1022.24 ms
Execution 81 - QUIC Single
Handshake duration: 119.59 ms
Execution 82 - QUIC Single
Handshake duration: 6069.48 ms
Execution 83 - QUIC Single
Handshake duration: 17.31 ms
Execution 84 - QUIC Single
Handshake duration: 17.21 ms
Execution 85 - QUIC Single
Handshake duration: 17.34 ms
Execution 86 - QUIC Single
Handshake duration: 3085.61 ms
Execution 87 - QUIC Single
Handshake duration: 24.34 ms
Execution 88 - QUIC Single
Handshake duration: 17.20 ms
Execution 89 - QUIC Single
Handshake duration: 1488.29 ms
Execution 90 - QUIC Single
Handshake duration: 17.21 ms
Execution 91 - QUIC Single
Handshake duration: 49.75 ms
Execution 92 - QUIC Single
Handshake duration: 17.31 ms
Execution 93 - QUIC Single
Handshake duration: 24.29 ms
Execution 94 - QUIC Single
Handshake duration: 39.19 ms
Execution 95 - QUIC Single
Handshake duration: 7085.61 ms
Execution 96 - QUIC Single
Handshake duration: 24.64 ms
Execution 97 - QUIC Single
Handshake duration: 133.53 ms
Execution 98 - QUIC Single
Handshake duration: 97.51 ms
Execution 99 - QUIC Single
Handshake duration: 24.30 ms
Execution 100 - QUIC Single
Handshake duration: 17.38 ms
Execution 101 - QUIC Single
Handshake duration: 1069.36 ms
Execution 102 - QUIC Single
Handshake duration: 3107.76 ms
Execution 103 - QUIC Single
Handshake duration: 24.35 ms
Execution 104 - QUIC Single
Handshake duration: 719.55 ms
Execution 105 - QUIC Single
Handshake duration: 17.52 ms
Execution 106 - QUIC Single
Handshake duration: 4082.38 ms
Execution 107 - QUIC Single
Handshake duration: 253.77 ms
Execution 108 - QUIC Single
Handshake duration: 24.50 ms
Execution 109 - QUIC Single
Handshake duration: 146.39 ms
Execution 110 - QUIC Single
Handshake duration: 1017.50 ms
Execution 111 - QUIC Single
Handshake duration: 2181.13 ms
Execution 112 - QUIC Single
Handshake duration: 18.23 ms
Execution 113 - QUIC Single
Handshake duration: 1019.40 ms
Execution 114 - QUIC Single
Handshake duration: 17.77 ms
Execution 115 - QUIC Single
Handshake duration: 17.29 ms
Execution 116 - QUIC Single
Handshake duration: 4066.73 ms
Execution 117 - QUIC Single
Handshake duration: 17.83 ms
Execution 118 - QUIC Single
Handshake duration: 38.11 ms
Execution 119 - QUIC Single
Handshake duration: 17.24 ms
Execution 120 - QUIC Single
Handshake duration: 771.30 ms
Execution 121 - QUIC Single
Handshake duration: 1070.96 ms
Execution 122 - QUIC Single
Handshake duration: 17.22 ms
Execution 123 - QUIC Single
Handshake duration: 3537.97 ms
Execution 124 - QUIC Single
Handshake duration: 53.22 ms
Execution 125 - QUIC Single
Handshake duration: 3128.32 ms
Execution 126 - QUIC Single
Handshake duration: 1017.40 ms
Execution 127 - QUIC Single
Handshake duration: 6109.67 ms
Execution 128 - QUIC Single
Handshake duration: 248.09 ms
Execution 129 - QUIC Single
Handshake duration: 17.64 ms
Execution 130 - QUIC Single
Handshake duration: 24.36 ms
Execution 131 - QUIC Single
Handshake duration: 147.88 ms
Execution 132 - QUIC Single
Handshake duration: 24.25 ms
Execution 133 - QUIC Single
Handshake duration: 52.80 ms
Execution 134 - QUIC Single
Handshake duration: 268.15 ms
Execution 135 - QUIC Single
Handshake duration: 596.49 ms
Execution 136 - QUIC Single
Handshake duration: 2039.92 ms
Execution 137 - QUIC Single
Handshake duration: 3398.74 ms
Execution 138 - QUIC Single
Handshake duration: 2701.16 ms
Execution 139 - QUIC Single
Handshake duration: 3058.28 ms
Execution 140 - QUIC Single
Handshake duration: 1072.01 ms
Execution 141 - QUIC Single
Handshake duration: 2056.60 ms
Execution 142 - QUIC Single
Handshake duration: 17.49 ms
Execution 143 - QUIC Single
Handshake duration: 24.27 ms
Execution 144 - QUIC Single
Handshake duration: 17.41 ms
Execution 145 - QUIC Single
Handshake duration: 24.62 ms
Execution 146 - QUIC Single
Handshake duration: 1070.68 ms
Execution 147 - QUIC Single
Handshake duration: 1205.57 ms
Execution 148 - QUIC Single
Handshake duration: 1165.94 ms
Execution 149 - QUIC Single
Handshake duration: 21.94 ms
Execution 150 - QUIC Single
Handshake duration: 284.73 ms
Execution 151 - QUIC Single
Handshake duration: 17.28 ms
Execution 152 - QUIC Single
Handshake duration: 3302.12 ms
Execution 153 - QUIC Single
Handshake duration: 1714.23 ms
Execution 154 - QUIC Single
Handshake duration: 59.00 ms
Execution 155 - QUIC Single
Handshake duration: 17.93 ms
Execution 156 - QUIC Single
Handshake duration: 17.34 ms
Execution 157 - QUIC Single
Handshake duration: 21.93 ms
Execution 158 - QUIC Single
Handshake duration: 1060.90 ms
Execution 159 - QUIC Single
Handshake duration: 226.46 ms
Execution 160 - QUIC Single
Handshake duration: 1174.23 ms
Execution 161 - QUIC Single
Handshake duration: 17.23 ms
Execution 162 - QUIC Single
Handshake duration: 1102.89 ms
Execution 163 - QUIC Single
Handshake duration: 22.69 ms
Execution 164 - QUIC Single
Handshake duration: 6369.42 ms
Execution 165 - QUIC Single
Handshake duration: 3699.03 ms
Execution 166 - QUIC Single
Handshake duration: 24.84 ms
Execution 167 - QUIC Single
Handshake duration: 126.55 ms
Execution 168 - QUIC Single
Handshake duration: 4057.28 ms
Execution 169 - QUIC Single
Handshake duration: 116.86 ms
Execution 170 - QUIC Single
Handshake duration: 74.25 ms
Execution 171 - QUIC Single
Handshake duration: 290.58 ms
Execution 172 - QUIC Single
Handshake duration: 2298.72 ms
Execution 173 - QUIC Single
Handshake duration: 10370.89 ms
Execution 174 - QUIC Single
Handshake duration: 1093.68 ms
Execution 175 - QUIC Single
Handshake duration: 17.37 ms
Execution 176 - QUIC Single
Handshake duration: 17.55 ms
Execution 177 - QUIC Single
Handshake duration: 121.79 ms
Execution 178 - QUIC Single
Handshake duration: 1070.20 ms
Execution 179 - QUIC Single
Handshake duration: 77.50 ms
Execution 180 - QUIC Single
Handshake duration: 294.26 ms
Execution 181 - QUIC Single
Handshake duration: 17.35 ms
Execution 182 - QUIC Single
Handshake duration: 122.37 ms
Execution 183 - QUIC Single
Handshake duration: 1350.44 ms
Execution 184 - QUIC Single
Handshake duration: 17.45 ms
Execution 185 - QUIC Single
Handshake duration: 1044.90 ms
Execution 186 - QUIC Single
Handshake duration: 3159.99 ms
Execution 187 - QUIC Single
Handshake duration: 709.95 ms
Execution 188 - QUIC Single
Handshake duration: 4058.29 ms
Execution 189 - QUIC Single
Handshake duration: 1018.67 ms
Execution 190 - QUIC Single
Handshake duration: 1107.22 ms
Execution 191 - QUIC Single
Handshake duration: 17.20 ms
Execution 192 - QUIC Single
Handshake duration: 17.42 ms
Execution 193 - QUIC Single
Handshake duration: 763.26 ms
Execution 194 - QUIC Single
Handshake duration: 2553.20 ms
Execution 195 - QUIC Single
Handshake duration: 17.36 ms
Execution 196 - QUIC Single
Handshake duration: 22.02 ms
Execution 197 - QUIC Single
Handshake duration: 22.09 ms
Execution 198 - QUIC Single
Handshake duration: 288.69 ms
Execution 199 - QUIC Single
Handshake duration: 17.50 ms
Execution 200 - QUIC Single
Handshake duration: 2086.91 ms
Execution 201 - QUIC Single
Handshake duration: 1074.60 ms
Execution 202 - QUIC Single
Handshake duration: 24.29 ms
Execution 203 - QUIC Single
Handshake duration: 2081.26 ms
Execution 204 - QUIC Single
Handshake duration: 4754.94 ms
Execution 205 - QUIC Single
Handshake duration: 50.28 ms
Execution 206 - QUIC Single
Handshake duration: 45.74 ms
Execution 207 - QUIC Single
Handshake duration: 3136.30 ms
Execution 208 - QUIC Single
Handshake duration: 115.38 ms
Execution 209 - QUIC Single
Handshake duration: 528.74 ms
Execution 210 - QUIC Single
Handshake duration: 17.54 ms
Execution 211 - QUIC Single
Handshake duration: 43.36 ms
Execution 212 - QUIC Single
Handshake duration: 17.40 ms
Execution 213 - QUIC Single
Handshake duration: 1051.27 ms
Execution 214 - QUIC Single
Handshake duration: 2019.49 ms
Execution 215 - QUIC Single
Handshake duration: 17.50 ms
Execution 216 - QUIC Single
Handshake duration: 17.50 ms
Execution 217 - QUIC Single
Handshake duration: 17.43 ms
Execution 218 - QUIC Single
Handshake duration: 1089.56 ms
Execution 219 - QUIC Single
Handshake duration: 17.45 ms
Execution 220 - QUIC Single
Handshake duration: 1518.38 ms
Execution 221 - QUIC Single
Handshake duration: 1456.45 ms
Execution 222 - QUIC Single
Handshake duration: 22.19 ms
Execution 223 - QUIC Single
Handshake duration: 17.52 ms
Execution 224 - QUIC Single
Handshake duration: 1017.46 ms
Execution 225 - QUIC Single
Handshake duration: 1018.63 ms
Execution 226 - QUIC Single
Handshake duration: 64.75 ms
Execution 227 - QUIC Single
Handshake duration: 253.29 ms
Execution 228 - QUIC Single
Handshake duration: 3056.08 ms
Execution 229 - QUIC Single
Handshake duration: 17.13 ms
Execution 230 - QUIC Single
Handshake duration: 17.86 ms
Execution 231 - QUIC Single
Handshake duration: 104.95 ms
Execution 232 - QUIC Single
Handshake duration: 1074.60 ms
Execution 233 - QUIC Single
Handshake duration: 17.55 ms
Execution 234 - QUIC Single
Handshake duration: 17.68 ms
Execution 235 - QUIC Single
Handshake duration: 17.82 ms
Execution 236 - QUIC Single
Handshake duration: 18.16 ms
Execution 237 - QUIC Single
Handshake duration: 2119.67 ms
Execution 238 - QUIC Single
Handshake duration: 17.33 ms
Execution 239 - QUIC Single
Handshake duration: 17.65 ms
Execution 240 - QUIC Single
Handshake duration: 18.06 ms
Execution 241 - QUIC Single
Handshake duration: 17.93 ms
Execution 242 - QUIC Single
Handshake duration: 24.67 ms
Execution 243 - QUIC Single
Handshake duration: 3140.59 ms
Execution 244 - QUIC Single
Handshake duration: 45.85 ms
Execution 245 - QUIC Single
Handshake duration: 24.53 ms
Execution 246 - QUIC Single
Handshake duration: 2170.34 ms
Execution 247 - QUIC Single
Handshake duration: 17.30 ms
Execution 248 - QUIC Single
Handshake duration: 17.78 ms
Execution 249 - QUIC Single
Handshake duration: 2470.01 ms
Execution 250 - QUIC Single
Handshake duration: 52.77 ms
Execution 251 - QUIC Single
Handshake duration: 49.69 ms
Execution 252 - QUIC Single
Handshake duration: 267.06 ms
Execution 253 - QUIC Single
Handshake duration: 305.52 ms
Execution 254 - QUIC Single
Handshake duration: 17.26 ms
Execution 255 - QUIC Single
Handshake duration: 17.78 ms
Execution 256 - QUIC Single
Handshake duration: 1284.33 ms
Execution 257 - QUIC Single
Handshake duration: 17.29 ms
Execution 258 - QUIC Single
Handshake duration: 17.60 ms
Execution 259 - QUIC Single
Handshake duration: 46.12 ms
Execution 260 - QUIC Single
Handshake duration: 17.91 ms
Execution 261 - QUIC Single
Handshake duration: 9834.57 ms
Execution 262 - QUIC Single
Handshake duration: 17.42 ms
Execution 263 - QUIC Single
Handshake duration: 6538.48 ms
Execution 264 - QUIC Single
Handshake duration: 4204.88 ms
Execution 265 - QUIC Single
Handshake duration: 17.20 ms
Execution 266 - QUIC Single
Handshake duration: 25.06 ms
Execution 267 - QUIC Single
Handshake duration: 153.17 ms
Execution 268 - QUIC Single
Handshake duration: 536.66 ms
Execution 269 - QUIC Single
Handshake duration: 17.63 ms
Execution 270 - QUIC Single
Handshake duration: 22.08 ms
Execution 271 - QUIC Single
Handshake duration: 260.36 ms
Execution 272 - QUIC Single
Handshake duration: 326.15 ms
Execution 273 - QUIC Single
Handshake duration: NaN ms
Execution 274 - QUIC Single
Handshake duration: 17.88 ms
Execution 275 - QUIC Single
Handshake duration: 18.00 ms
Execution 276 - QUIC Single
Handshake duration: 64.83 ms
Execution 277 - QUIC Single
Handshake duration: 17.25 ms
Execution 278 - QUIC Single
Handshake duration: 3179.70 ms
Execution 279 - QUIC Single
Handshake duration: 43.24 ms
Execution 280 - QUIC Single
Handshake duration: 82.05 ms
Execution 281 - QUIC Single
Handshake duration: 266.12 ms
Execution 282 - QUIC Single
Handshake duration: 271.01 ms
Execution 283 - QUIC Single
Handshake duration: 18.22 ms
Execution 284 - QUIC Single
Handshake duration: 2441.16 ms
Execution 285 - QUIC Single
Handshake duration: 231.20 ms
Execution 286 - QUIC Single
Handshake duration: 18.32 ms
Execution 287 - QUIC Single
Handshake duration: 5057.35 ms
Execution 288 - QUIC Single
Handshake duration: 285.96 ms
Execution 289 - QUIC Single
Handshake duration: 17.31 ms
Execution 290 - QUIC Single
Handshake duration: 17.37 ms
Execution 291 - QUIC Single
Handshake duration: 52.77 ms
Execution 292 - QUIC Single
Handshake duration: 83.20 ms
Execution 293 - QUIC Single
Handshake duration: 233.65 ms
Execution 294 - QUIC Single
Handshake duration: 927.58 ms
Execution 295 - QUIC Single
Handshake duration: 17.21 ms
Execution 296 - QUIC Single
Handshake duration: 2021.83 ms
Execution 297 - QUIC Single
Handshake duration: 1145.02 ms
Execution 298 - QUIC Single
Handshake duration: 3378.83 ms
Execution 299 - QUIC Single
Handshake duration: 17.51 ms
Execution 300 - QUIC Single
Handshake duration: 6170.10 ms
Execution 301 - QUIC Single
Handshake duration: 160.21 ms
Execution 302 - QUIC Single
Handshake duration: 22.41 ms
Execution 303 - QUIC Single
Handshake duration: 2012.05 ms
Execution 304 - QUIC Single
Handshake duration: 77.22 ms
Execution 305 - QUIC Single
Handshake duration: 52.94 ms
Execution 306 - QUIC Single
Handshake duration: NaN ms
Execution 307 - QUIC Single
Handshake duration: 6189.48 ms
Execution 308 - QUIC Single
Handshake duration: 17.21 ms
Execution 309 - QUIC Single
Handshake duration: 46.04 ms
Execution 310 - QUIC Single
Handshake duration: 17.28 ms
Execution 311 - QUIC Single
Handshake duration: 17.57 ms
Execution 312 - QUIC Single
Handshake duration: 1092.83 ms
Execution 313 - QUIC Single
Handshake duration: 1233.17 ms
Execution 314 - QUIC Single
Handshake duration: 53.64 ms
Execution 315 - QUIC Single
Handshake duration: 1048.04 ms
Execution 316 - QUIC Single
Handshake duration: 17.51 ms
Execution 317 - QUIC Single
Handshake duration: 122.14 ms
Execution 318 - QUIC Single
Handshake duration: 22.06 ms
Execution 319 - QUIC Single
Handshake duration: 7314.76 ms
Execution 320 - QUIC Single
Handshake duration: 433.48 ms
Execution 321 - QUIC Single
Handshake duration: 18.11 ms
Execution 322 - QUIC Single
Handshake duration: 18.18 ms
Execution 323 - QUIC Single
Handshake duration: 1177.49 ms
Execution 324 - QUIC Single
Handshake duration: 17.96 ms
Execution 325 - QUIC Single
Handshake duration: 388.37 ms
Execution 326 - QUIC Single
Handshake duration: 18.03 ms
Execution 327 - QUIC Single
Handshake duration: 25.84 ms
Execution 328 - QUIC Single
Handshake duration: 22.46 ms
Execution 329 - QUIC Single
Handshake duration: 18.37 ms
Execution 330 - QUIC Single
Handshake duration: 1456.24 ms
Execution 331 - QUIC Single
Handshake duration: 48.77 ms
Execution 332 - QUIC Single
Handshake duration: 2065.72 ms
Execution 333 - QUIC Single
Handshake duration: 106.77 ms
Execution 334 - QUIC Single
Handshake duration: 17.66 ms
Execution 335 - QUIC Single
Handshake duration: 22.91 ms
Execution 336 - QUIC Single
Handshake duration: 158.01 ms
Execution 337 - QUIC Single
Handshake duration: 26.27 ms
Execution 338 - QUIC Single
Handshake duration: 396.51 ms
Execution 339 - QUIC Single
Handshake duration: 17.88 ms
Execution 340 - QUIC Single
Handshake duration: 18.57 ms
Execution 341 - QUIC Single
Handshake duration: 206.52 ms
Execution 342 - QUIC Single
Handshake duration: 18.41 ms
Execution 343 - QUIC Single
Handshake duration: 99.08 ms
Execution 344 - QUIC Single
Handshake duration: 19.61 ms
Execution 345 - QUIC Single
Handshake duration: 73.63 ms
Execution 346 - QUIC Single
Handshake duration: 1063.08 ms
Execution 347 - QUIC Single
Handshake duration: 28.02 ms
Execution 348 - QUIC Single
Handshake duration: 17.82 ms
Execution 349 - QUIC Single
Handshake duration: 3227.52 ms
Execution 350 - QUIC Single
Handshake duration: 2065.43 ms
Execution 351 - QUIC Single
Handshake duration: 17.42 ms
Execution 352 - QUIC Single
Handshake duration: 3068.14 ms
Execution 353 - QUIC Single
Handshake duration: 1100.43 ms
Execution 354 - QUIC Single
Handshake duration: 44.75 ms
Execution 355 - QUIC Single
Handshake duration: 253.15 ms
Execution 356 - QUIC Single
Handshake duration: 2167.38 ms
Execution 357 - QUIC Single
Handshake duration: 1017.61 ms
Execution 358 - QUIC Single
Handshake duration: 1052.06 ms
Execution 359 - QUIC Single
Handshake duration: 114.89 ms
Execution 360 - QUIC Single
Handshake duration: 509.33 ms
Execution 361 - QUIC Single
Handshake duration: 17.71 ms
Execution 362 - QUIC Single
Handshake duration: 17.46 ms
Execution 363 - QUIC Single
Handshake duration: 1333.82 ms
Execution 364 - QUIC Single
Handshake duration: 1070.82 ms
Execution 365 - QUIC Single
Handshake duration: 24.39 ms
Execution 366 - QUIC Single
Handshake duration: 3102.59 ms
Execution 367 - QUIC Single
Handshake duration: 17.37 ms
Execution 368 - QUIC Single
Handshake duration: 1455.62 ms
Execution 369 - QUIC Single
Handshake duration: 2016.60 ms
Execution 370 - QUIC Single
Handshake duration: 24.46 ms
Execution 371 - QUIC Single
Handshake duration: 218.65 ms
Execution 372 - QUIC Single
Handshake duration: 17.35 ms
Execution 373 - QUIC Single
Handshake duration: 17.67 ms
Execution 374 - QUIC Single
Handshake duration: 18.00 ms
Execution 375 - QUIC Single
Handshake duration: 17.35 ms
Execution 376 - QUIC Single
Handshake duration: 24.82 ms
Execution 377 - QUIC Single
Handshake duration: 17.48 ms
Execution 378 - QUIC Single
Handshake duration: 3217.84 ms
Execution 379 - QUIC Single
Handshake duration: 17.30 ms
Execution 380 - QUIC Single
Handshake duration: 18.00 ms
Execution 381 - QUIC Single
Handshake duration: 11863.97 ms
Execution 382 - QUIC Single
Handshake duration: 24.40 ms
Execution 383 - QUIC Single
Handshake duration: 6025.02 ms
Execution 384 - QUIC Single
Handshake duration: 1275.37 ms
Execution 385 - QUIC Single
Handshake duration: 67.87 ms
Execution 386 - QUIC Single
Handshake duration: 2173.24 ms
Execution 387 - QUIC Single
Handshake duration: 52.85 ms
Execution 388 - QUIC Single
Handshake duration: 2012.26 ms
Execution 389 - QUIC Single
Handshake duration: NaN ms
Execution 390 - QUIC Single
Handshake duration: 186.37 ms
Execution 391 - QUIC Single
Handshake duration: 5055.18 ms
Execution 392 - QUIC Single
Handshake duration: 17.63 ms
Execution 393 - QUIC Single
Handshake duration: 22.75 ms
Execution 394 - QUIC Single
Handshake duration: 126.30 ms
Execution 395 - QUIC Single
Handshake duration: 9948.56 ms
Execution 396 - QUIC Single
Handshake duration: 17.46 ms
Execution 397 - QUIC Single
Handshake duration: 1012.51 ms
Execution 398 - QUIC Single
Handshake duration: 17.64 ms
Execution 399 - QUIC Single
Handshake duration: 18.11 ms
Execution 400 - QUIC Single
Handshake duration: 17.86 ms
Execution 401 - QUIC Single
Handshake duration: 610.15 ms
Execution 402 - QUIC Single
Handshake duration: 1562.70 ms
Execution 403 - QUIC Single
Handshake duration: 3245.21 ms
Execution 404 - QUIC Single
Handshake duration: 17.61 ms
Execution 405 - QUIC Single
Handshake duration: 17.82 ms
Execution 406 - QUIC Single
Handshake duration: 217.54 ms
Execution 407 - QUIC Single
Handshake duration: 24.31 ms
Execution 408 - QUIC Single
Handshake duration: 18.77 ms
Execution 409 - QUIC Single
Handshake duration: 1080.17 ms
Execution 410 - QUIC Single
Handshake duration: 2185.97 ms
Execution 411 - QUIC Single
Handshake duration: 3646.94 ms
Execution 412 - QUIC Single
Handshake duration: 1017.38 ms
Execution 413 - QUIC Single
Handshake duration: 17.41 ms
Execution 414 - QUIC Single
Handshake duration: 17.97 ms
Execution 415 - QUIC Single
Handshake duration: 259.44 ms
Execution 416 - QUIC Single
Handshake duration: 4010.12 ms
Execution 417 - QUIC Single
Handshake duration: 91.22 ms
Execution 418 - QUIC Single
Handshake duration: 17.43 ms
Execution 419 - QUIC Single
Handshake duration: 3023.07 ms
Execution 420 - QUIC Single
Handshake duration: 17.24 ms
Execution 421 - QUIC Single
Handshake duration: 2458.70 ms
Execution 422 - QUIC Single
Handshake duration: 17.20 ms
Execution 423 - QUIC Single
Handshake duration: 90.11 ms
Execution 424 - QUIC Single
Handshake duration: 3996.57 ms
Execution 425 - QUIC Single
Handshake duration: 22.03 ms
Execution 426 - QUIC Single
Handshake duration: 3110.38 ms
Execution 427 - QUIC Single
Handshake duration: 17.35 ms
Execution 428 - QUIC Single
Handshake duration: 5014.74 ms
Execution 429 - QUIC Single
Handshake duration: 1161.51 ms
Execution 430 - QUIC Single
Handshake duration: 6721.37 ms
Execution 431 - QUIC Single
Handshake duration: 4057.99 ms
Execution 432 - QUIC Single
Handshake duration: 21.78 ms
Execution 433 - QUIC Single
Handshake duration: 165.39 ms
Execution 434 - QUIC Single
Handshake duration: 18.18 ms
Execution 435 - QUIC Single
Handshake duration: 9494.51 ms
Execution 436 - QUIC Single
Handshake duration: 1036.12 ms
Execution 437 - QUIC Single
Handshake duration: 17.44 ms
Execution 438 - QUIC Single
Handshake duration: 54.69 ms
Execution 439 - QUIC Single
Handshake duration: 18.21 ms
Execution 440 - QUIC Single
Handshake duration: 45.52 ms
Execution 441 - QUIC Single
Handshake duration: 2054.47 ms
Execution 442 - QUIC Single
Handshake duration: 17.55 ms
Execution 443 - QUIC Single
Handshake duration: 17.44 ms
Execution 444 - QUIC Single
Handshake duration: 1018.63 ms
Execution 445 - QUIC Single
Handshake duration: 532.67 ms
Execution 446 - QUIC Single
Handshake duration: 17.22 ms
Execution 447 - QUIC Single
Handshake duration: 18.14 ms
Execution 448 - QUIC Single
Handshake duration: 17.29 ms
Execution 449 - QUIC Single
Handshake duration: 24.35 ms
Execution 450 - QUIC Single
Handshake duration: 19.40 ms
Execution 451 - QUIC Single
Handshake duration: 2398.22 ms
Execution 452 - QUIC Single
Handshake duration: 42.63 ms
Execution 453 - QUIC Single
Handshake duration: 2029.80 ms
Execution 454 - QUIC Single
Handshake duration: 43.15 ms
Execution 455 - QUIC Single
Handshake duration: 24.47 ms
Execution 456 - QUIC Single
Handshake duration: 19.39 ms
Execution 457 - QUIC Single
Handshake duration: 1398.94 ms
Execution 458 - QUIC Single
Handshake duration: 3055.40 ms
Execution 459 - QUIC Single
Handshake duration: 3925.29 ms
Execution 460 - QUIC Single
Handshake duration: 2029.36 ms
Execution 461 - QUIC Single
Handshake duration: 206.13 ms
Execution 462 - QUIC Single
Handshake duration: 327.83 ms
Execution 463 - QUIC Single
Handshake duration: 52.80 ms
Execution 464 - QUIC Single
Handshake duration: 17.46 ms
Execution 465 - QUIC Single
Handshake duration: 24.28 ms
Execution 466 - QUIC Single
Handshake duration: 6187.77 ms
Execution 467 - QUIC Single
Handshake duration: 2435.83 ms
Execution 468 - QUIC Single
Handshake duration: 3049.09 ms
Execution 469 - QUIC Single
Handshake duration: 17.60 ms
Execution 470 - QUIC Single
Handshake duration: 1049.96 ms
Execution 471 - QUIC Single
Handshake duration: 114.58 ms
Execution 472 - QUIC Single
Handshake duration: 21.83 ms
Execution 473 - QUIC Single
Handshake duration: 2931.47 ms
Execution 474 - QUIC Single
Handshake duration: 18.16 ms
Execution 475 - QUIC Single
Handshake duration: 384.06 ms
Execution 476 - QUIC Single
Handshake duration: 1069.21 ms
Execution 477 - QUIC Single
Handshake duration: 24.50 ms
Execution 478 - QUIC Single
Handshake duration: 4041.60 ms
Execution 479 - QUIC Single
Handshake duration: 79.01 ms
Execution 480 - QUIC Single
Handshake duration: 17.94 ms
Execution 481 - QUIC Single
Handshake duration: 119.34 ms
Execution 482 - QUIC Single
Handshake duration: 17.31 ms
Execution 483 - QUIC Single
Handshake duration: 21.85 ms
Execution 484 - QUIC Single
Handshake duration: 24.59 ms
Execution 485 - QUIC Single
Handshake duration: 3864.70 ms
Execution 486 - QUIC Single
Handshake duration: 990.49 ms
Execution 487 - QUIC Single
Handshake duration: 43.13 ms
Execution 488 - QUIC Single
Handshake duration: 52.92 ms
Execution 489 - QUIC Single
Handshake duration: 4085.18 ms
Execution 490 - QUIC Single
Handshake duration: 304.14 ms
Execution 491 - QUIC Single
Handshake duration: 64.57 ms
Execution 492 - QUIC Single
Handshake duration: 17.50 ms
Execution 493 - QUIC Single
Handshake duration: 17.74 ms
Execution 494 - QUIC Single
Handshake duration: 17.68 ms
Execution 495 - QUIC Single
Handshake duration: 121.86 ms
Execution 496 - QUIC Single
Handshake duration: 17.38 ms
Execution 497 - QUIC Single
Handshake duration: 4029.52 ms
Execution 498 - QUIC Single
Handshake duration: 21.87 ms
Execution 499 - QUIC Single
Handshake duration: 8228.23 ms
Execution 500 - QUIC Single
Handshake duration: 255.90 ms
