Handshake timeout budget: 150s (identique TLS/QUIC)
Applying netem rules to lo...
Showing qdisc status for the interface: lo
qdisc netem 8d5f: root refcnt 2 limit 1000 seed 14756533580386586320
 Sent 0 bytes 0 pkt (dropped 0, overlimits 0 requeues 0) 
 backlog 0b 0p requeues 0
Running ./perftestClientTlsQuic.sh with SIG_ALG=mldsa65 and KEM_ALG=hqc192
Execution 1 - QUIC Single
Handshake duration: 122.87 ms
Execution 2 - QUIC Single
Handshake duration: 64.16 ms
Execution 3 - QUIC Single
Handshake duration: 2186.29 ms
Execution 4 - QUIC Single
Handshake duration: 1093.94 ms
Execution 5 - QUIC Single
Handshake duration: 664.12 ms
Execution 6 - QUIC Single
Handshake duration: 226.89 ms
Execution 7 - QUIC Single
Handshake duration: 119.23 ms
Execution 8 - QUIC Single
Handshake duration: 1039.70 ms
Execution 9 - QUIC Single
Handshake duration: 65.90 ms
Execution 10 - QUIC Single
Handshake duration: 823.02 ms
Execution 11 - QUIC Single
Handshake duration: 64.02 ms
Execution 12 - QUIC Single
Handshake duration: 2522.84 ms
Execution 13 - QUIC Single
Handshake duration: 1238.17 ms
Execution 14 - QUIC Single
Handshake duration: 76.65 ms
Execution 15 - QUIC Single
Handshake duration: 302.08 ms
Execution 16 - QUIC Single
Handshake duration: 1431.51 ms
Execution 17 - QUIC Single
Handshake duration: 69.49 ms
Execution 18 - QUIC Single
Handshake duration: 5841.98 ms
Execution 19 - QUIC Single
Handshake duration: 676.25 ms
Execution 20 - QUIC Single
Handshake duration: 921.17 ms
Execution 21 - QUIC Single
Handshake duration: 66.56 ms
Execution 22 - QUIC Single
Handshake duration: 420.52 ms
Execution 23 - QUIC Single
Handshake duration: 539.09 ms
Execution 24 - QUIC Single
Handshake duration: 66.67 ms
Execution 25 - QUIC Single
Handshake duration: 1101.15 ms
Execution 26 - QUIC Single
Handshake duration: 63.75 ms
Execution 27 - QUIC Single
Handshake duration: 3271.77 ms
Execution 28 - QUIC Single
Handshake duration: 66.32 ms
Execution 29 - QUIC Single
Handshake duration: 283.36 ms
Execution 30 - QUIC Single
Handshake duration: 123.19 ms
Execution 31 - QUIC Single
Handshake duration: 8749.76 ms
Execution 32 - QUIC Single
Handshake duration: 66.38 ms
Execution 33 - QUIC Single
Handshake duration: 68.23 ms
Execution 34 - QUIC Single
Handshake duration: 67.07 ms
Execution 35 - QUIC Single
Handshake duration: 63.98 ms
Execution 36 - QUIC Single
Handshake duration: 3065.79 ms
Execution 37 - QUIC Single
Handshake duration: 81.78 ms
Execution 38 - QUIC Single
Handshake duration: 83.06 ms
Execution 39 - QUIC Single
Handshake duration: 1602.02 ms
Execution 40 - QUIC Single
Handshake duration: 76.36 ms
Execution 41 - QUIC Single
Handshake duration: 1922.32 ms
Execution 42 - QUIC Single
Handshake duration: 1702.31 ms
Execution 43 - QUIC Single
Handshake duration: 63.31 ms
Execution 44 - QUIC Single
Handshake duration: 1506.96 ms
Execution 45 - QUIC Single
Handshake duration: 366.19 ms
Execution 46 - QUIC Single
Handshake duration: 65.56 ms
Execution 47 - QUIC Single
Handshake duration: 118.67 ms
Execution 48 - QUIC Single
Handshake duration: 64.49 ms
Execution 49 - QUIC Single
Handshake duration: 1043.43 ms
Execution 50 - QUIC Single
Handshake duration: 350.83 ms
Execution 51 - QUIC Single
Handshake duration: 66.11 ms
Execution 52 - QUIC Single
Handshake duration: 161.50 ms
Execution 53 - QUIC Single
Handshake duration: 64.04 ms
Execution 54 - QUIC Single
Handshake duration: 97.92 ms
Execution 55 - QUIC Single
Handshake duration: 189.88 ms
Execution 56 - QUIC Single
Handshake duration: 328.56 ms
Execution 57 - QUIC Single
Handshake duration: 240.52 ms
Execution 58 - QUIC Single
Handshake duration: 64.54 ms
Execution 59 - QUIC Single
Handshake duration: 64.61 ms
Execution 60 - QUIC Single
Handshake duration: 82.17 ms
Execution 61 - QUIC Single
Handshake duration: 65.67 ms
Execution 62 - QUIC Single
Handshake duration: 241.13 ms
Execution 63 - QUIC Single
Handshake duration: 65.46 ms
Execution 64 - QUIC Single
Handshake duration: 1548.86 ms
Execution 65 - QUIC Single
Handshake duration: 1802.32 ms
Execution 66 - QUIC Single
Handshake duration: 11635.09 ms
Execution 67 - QUIC Single
Handshake duration: 1678.51 ms
Execution 68 - QUIC Single
Handshake duration: 465.86 ms
Execution 69 - QUIC Single
Handshake duration: 1287.38 ms
Execution 70 - QUIC Single
Handshake duration: 1909.60 ms
Execution 71 - QUIC Single
Handshake duration: 2883.38 ms
Execution 72 - QUIC Single
Handshake duration: 64.58 ms
Execution 73 - QUIC Single
Handshake duration: 119.63 ms
Execution 74 - QUIC Single
Handshake duration: 2019.61 ms
Execution 75 - QUIC Single
Handshake duration: 65.27 ms
Execution 76 - QUIC Single
Handshake duration: 63.95 ms
Execution 77 - QUIC Single
Handshake duration: 648.97 ms
Execution 78 - QUIC Single
Handshake duration: 65.02 ms
Execution 79 - QUIC Single
Handshake duration: 182.01 ms
Execution 80 - QUIC Single
Handshake duration: 121.70 ms
Execution 81 - QUIC Single
Handshake duration: 191.44 ms
Execution 82 - QUIC Single
Handshake duration: 121.42 ms
Execution 83 - QUIC Single
Handshake duration: 84.34 ms
Execution 84 - QUIC Single
Handshake duration: 66.12 ms
Execution 85 - QUIC Single
Handshake duration: NaN ms
Execution 86 - QUIC Single
Handshake duration: 63.91 ms
Execution 87 - QUIC Single
Handshake duration: 64.44 ms
Execution 88 - QUIC Single
Handshake duration: 3037.64 ms
Execution 89 - QUIC Single
Handshake duration: 1361.15 ms
Execution 90 - QUIC Single
Handshake duration: 2026.85 ms
Execution 91 - QUIC Single
Handshake duration: 65.18 ms
Execution 92 - QUIC Single
Handshake duration: 119.32 ms
Execution 93 - QUIC Single
Handshake duration: 2012.58 ms
Execution 94 - QUIC Single
Handshake duration: 499.34 ms
Execution 95 - QUIC Single
Handshake duration: 67.03 ms
Execution 96 - QUIC Single
Handshake duration: 65.75 ms
Execution 97 - QUIC Single
Handshake duration: 1038.35 ms
Execution 98 - QUIC Single
Handshake duration: 65.57 ms
Execution 99 - QUIC Single
Handshake duration: 66.59 ms
Execution 100 - QUIC Single
Handshake duration: 125.06 ms
Execution 101 - QUIC Single
Handshake duration: 516.71 ms
Execution 102 - QUIC Single
Handshake duration: 926.00 ms
Execution 103 - QUIC Single
Handshake duration: 144.52 ms
Execution 104 - QUIC Single
Handshake duration: 460.94 ms
Execution 105 - QUIC Single
Handshake duration: 63.99 ms
Execution 106 - QUIC Single
Handshake duration: 304.66 ms
Execution 107 - QUIC Single
Handshake duration: 64.50 ms
Execution 108 - QUIC Single
Handshake duration: 262.07 ms
Execution 109 - QUIC Single
Handshake duration: 65.15 ms
Execution 110 - QUIC Single
Handshake duration: 88.94 ms
Execution 111 - QUIC Single
Handshake duration: 68.72 ms
Execution 112 - QUIC Single
Handshake duration: 2124.78 ms
Execution 113 - QUIC Single
Handshake duration: 3951.24 ms
Execution 114 - QUIC Single
Handshake duration: 161.37 ms
Execution 115 - QUIC Single
Handshake duration: 1358.74 ms
Execution 116 - QUIC Single
Handshake duration: 7482.69 ms
Execution 117 - QUIC Single
Handshake duration: 64.43 ms
Execution 118 - QUIC Single
Handshake duration: 2573.34 ms
Execution 119 - QUIC Single
Handshake duration: 589.24 ms
Execution 120 - QUIC Single
Handshake duration: 66.70 ms
Execution 121 - QUIC Single
Handshake duration: 336.26 ms
Execution 122 - QUIC Single
Handshake duration: 66.05 ms
Execution 123 - QUIC Single
Handshake duration: 1062.29 ms
Execution 124 - QUIC Single
Handshake duration: 3120.78 ms
Execution 125 - QUIC Single
Handshake duration: 65.42 ms
