Applying netem rules to lo...
Showing qdisc status for the interface: lo
qdisc netem 858f: root refcnt 2 limit 1000 seed 16035922793343209463
 Sent 0 bytes 0 pkt (dropped 0, overlimits 0 requeues 0) 
 backlog 0b 0p requeues 0
Running ./perftestClientTlsQuic.sh with SIG_ALG=mldsa44 and KEM_ALG=p256_hqc128
Execution 1 - QUIC Single
Handshake duration: 26.73 ms
Execution 2 - QUIC Single
Handshake duration: 23.13 ms
Execution 3 - QUIC Single
Handshake duration: 264.06 ms
Execution 4 - QUIC Single
Handshake duration: 33.34 ms
Execution 5 - QUIC Single
Handshake duration: 1140.96 ms
Execution 6 - QUIC Single
Handshake duration: 2473.79 ms
Execution 7 - QUIC Single
Handshake duration: 988.41 ms
Execution 8 - QUIC Single
Handshake duration: 1073.18 ms
Execution 9 - QUIC Single
Handshake duration: 59.54 ms
Execution 10 - QUIC Single
Handshake duration: 564.27 ms
Execution 11 - QUIC Single
Handshake duration: 1380.68 ms
Execution 12 - QUIC Single
Handshake duration: 28.16 ms
Execution 13 - QUIC Single
Handshake duration: 3200.15 ms
Execution 14 - QUIC Single
Handshake duration: 131.46 ms
Execution 15 - QUIC Single
Handshake duration: 1674.46 ms
Execution 16 - QUIC Single
Handshake duration: 2538.07 ms
Execution 17 - QUIC Single
Handshake duration: 3081.84 ms
Execution 18 - QUIC Single
Handshake duration: 4377.01 ms
Execution 19 - QUIC Single
Handshake duration: 22.72 ms
Execution 20 - QUIC Single
Handshake duration: 22.72 ms
Execution 21 - QUIC Single
Handshake duration: 22.85 ms
Execution 22 - QUIC Single
Handshake duration: 683.19 ms
Execution 23 - QUIC Single
Handshake duration: 131.25 ms
Execution 24 - QUIC Single
Handshake duration: 70.95 ms
Execution 25 - QUIC Single
Handshake duration: 59.01 ms
Execution 26 - QUIC Single
Handshake duration: 1030.40 ms
Execution 27 - QUIC Single
Handshake duration: 1309.54 ms
Execution 28 - QUIC Single
Handshake duration: 27.91 ms
Execution 29 - QUIC Single
Handshake duration: 1077.07 ms
Execution 30 - QUIC Single
Handshake duration: 2068.85 ms
Execution 31 - QUIC Single
Handshake duration: 51.93 ms
Execution 32 - QUIC Single
Handshake duration: 23.03 ms
Execution 33 - QUIC Single
Handshake duration: 579.28 ms
Execution 34 - QUIC Single
Handshake duration: 2016.39 ms
Execution 35 - QUIC Single
Handshake duration: 30.18 ms
Execution 36 - QUIC Single
Handshake duration: 22.79 ms
Execution 37 - QUIC Single
Handshake duration: 28.05 ms
Execution 38 - QUIC Single
Handshake duration: 2088.13 ms
Execution 39 - QUIC Single
Handshake duration: 131.15 ms
Execution 40 - QUIC Single
Handshake duration: 22.76 ms
Execution 41 - QUIC Single
Handshake duration: 4058.42 ms
Execution 42 - QUIC Single
Handshake duration: 123.45 ms
Execution 43 - QUIC Single
Handshake duration: 1026.28 ms
Execution 44 - QUIC Single
Handshake duration: NaN ms
Execution 45 - QUIC Single
Handshake duration: 27.89 ms
Execution 46 - QUIC Single
Handshake duration: 8188.53 ms
Execution 47 - QUIC Single
Handshake duration: 28.50 ms
Execution 48 - QUIC Single
Handshake duration: 264.26 ms
Execution 49 - QUIC Single
Handshake duration: 373.63 ms
Execution 50 - QUIC Single
Handshake duration: 502.19 ms
Execution 51 - QUIC Single
Handshake duration: 123.77 ms
Execution 52 - QUIC Single
Handshake duration: 22.67 ms
Execution 53 - QUIC Single
Handshake duration: 52.35 ms
Execution 54 - QUIC Single
Handshake duration: 22.72 ms
Execution 55 - QUIC Single
Handshake duration: 1061.04 ms
Execution 56 - QUIC Single
Handshake duration: 1350.14 ms
Execution 57 - QUIC Single
Handshake duration: 2087.54 ms
Execution 58 - QUIC Single
Handshake duration: 33.43 ms
Execution 59 - QUIC Single
Handshake duration: 57.04 ms
Execution 60 - QUIC Single
Handshake duration: 7036.32 ms
Execution 61 - QUIC Single
Handshake duration: 8989.90 ms
Execution 62 - QUIC Single
Handshake duration: 564.37 ms
Execution 63 - QUIC Single
Handshake duration: 22.89 ms
Execution 64 - QUIC Single
Handshake duration: 1621.08 ms
Execution 65 - QUIC Single
Handshake duration: 3042.33 ms
Execution 66 - QUIC Single
Handshake duration: 33.59 ms
Execution 67 - QUIC Single
Handshake duration: 76.76 ms
Execution 68 - QUIC Single
Handshake duration: 33.29 ms
Execution 69 - QUIC Single
Handshake duration: 22.59 ms
Execution 70 - QUIC Single
Handshake duration: 22.85 ms
Execution 71 - QUIC Single
Handshake duration: 22.94 ms
Execution 72 - QUIC Single
Handshake duration: 48.12 ms
Execution 73 - QUIC Single
Handshake duration: 147.04 ms
Execution 74 - QUIC Single
Handshake duration: 23.57 ms
Execution 75 - QUIC Single
Handshake duration: 33.31 ms
Execution 76 - QUIC Single
Handshake duration: 33.51 ms
Execution 77 - QUIC Single
Handshake duration: 2067.75 ms
Execution 78 - QUIC Single
Handshake duration: 7068.87 ms
Execution 79 - QUIC Single
Handshake duration: 30.68 ms
Execution 80 - QUIC Single
Handshake duration: 381.70 ms
Execution 81 - QUIC Single
Handshake duration: 9119.11 ms
Execution 82 - QUIC Single
Handshake duration: 51.12 ms
Execution 83 - QUIC Single
Handshake duration: 8163.15 ms
Execution 84 - QUIC Single
Handshake duration: 3237.06 ms
Execution 85 - QUIC Single
Handshake duration: NaN ms
Execution 86 - QUIC Single
Handshake duration: 2073.85 ms
Execution 87 - QUIC Single
Handshake duration: 49.99 ms
Execution 88 - QUIC Single
Handshake duration: 59.48 ms
Execution 89 - QUIC Single
Handshake duration: 49.12 ms
Execution 90 - QUIC Single
Handshake duration: 1057.42 ms
Execution 91 - QUIC Single
Handshake duration: 57.16 ms
Execution 92 - QUIC Single
Handshake duration: 52.10 ms
Execution 93 - QUIC Single
Handshake duration: 109.73 ms
Execution 94 - QUIC Single
Handshake duration: 59.08 ms
Execution 95 - QUIC Single
Handshake duration: 3979.44 ms
Execution 96 - QUIC Single
Handshake duration: 29.27 ms
Execution 97 - QUIC Single
Handshake duration: 1022.56 ms
Execution 98 - QUIC Single
Handshake duration: 23.27 ms
Execution 99 - QUIC Single
Handshake duration: 3075.36 ms
Execution 100 - QUIC Single
Handshake duration: 2035.94 ms
Execution 101 - QUIC Single
Handshake duration: 34.63 ms
Execution 102 - QUIC Single
Handshake duration: 4093.32 ms
Execution 103 - QUIC Single
Handshake duration: 51.74 ms
Execution 104 - QUIC Single
Handshake duration: 79.34 ms
Execution 105 - QUIC Single
Handshake duration: 23.52 ms
Execution 106 - QUIC Single
Handshake duration: 4186.36 ms
Execution 107 - QUIC Single
Handshake duration: 1077.14 ms
Execution 108 - QUIC Single
Handshake duration: 4147.88 ms
Execution 109 - QUIC Single
Handshake duration: 23.27 ms
Execution 110 - QUIC Single
Handshake duration: 52.27 ms
Execution 111 - QUIC Single
Handshake duration: 23.69 ms
Execution 112 - QUIC Single
Handshake duration: 23.20 ms
Execution 113 - QUIC Single
Handshake duration: 34.41 ms
Execution 114 - QUIC Single
Handshake duration: 2117.83 ms
Execution 115 - QUIC Single
Handshake duration: 33.87 ms
Execution 116 - QUIC Single
Handshake duration: 24.77 ms
Execution 117 - QUIC Single
Handshake duration: 49.74 ms
Execution 118 - QUIC Single
Handshake duration: 3065.90 ms
Execution 119 - QUIC Single
Handshake duration: 23.16 ms
Execution 120 - QUIC Single
Handshake duration: 51.54 ms
Execution 121 - QUIC Single
Handshake duration: 40.65 ms
Execution 122 - QUIC Single
Handshake duration: 24.09 ms
Execution 123 - QUIC Single
Handshake duration: 201.68 ms
Execution 124 - QUIC Single
Handshake duration: 24.15 ms
Execution 125 - QUIC Single
Handshake duration: 4199.00 ms
Execution 126 - QUIC Single
Handshake duration: 2090.77 ms
Execution 127 - QUIC Single
Handshake duration: 24.47 ms
Execution 128 - QUIC Single
Handshake duration: 33.72 ms
Execution 129 - QUIC Single
Handshake duration: 125.42 ms
Execution 130 - QUIC Single
Handshake duration: 182.63 ms
Execution 131 - QUIC Single
Handshake duration: 325.76 ms
Execution 132 - QUIC Single
Handshake duration: 59.25 ms
Execution 133 - QUIC Single
Handshake duration: 99.92 ms
Execution 134 - QUIC Single
Handshake duration: 1073.54 ms
Execution 135 - QUIC Single
Handshake duration: 23.56 ms
Execution 136 - QUIC Single
Handshake duration: 50.48 ms
Execution 137 - QUIC Single
Handshake duration: 77.61 ms
Execution 138 - QUIC Single
Handshake duration: 36.71 ms
Execution 139 - QUIC Single
Handshake duration: 4026.06 ms
Execution 140 - QUIC Single
Handshake duration: 60.51 ms
Execution 141 - QUIC Single
Handshake duration: 1745.13 ms
Execution 142 - QUIC Single
Handshake duration: 52.25 ms
Execution 143 - QUIC Single
Handshake duration: 1304.43 ms
Execution 144 - QUIC Single
Handshake duration: 24.05 ms
Execution 145 - QUIC Single
Handshake duration: 2021.62 ms
Execution 146 - QUIC Single
Handshake duration: 1273.67 ms
Execution 147 - QUIC Single
Handshake duration: 61.36 ms
Execution 148 - QUIC Single
Handshake duration: 61.57 ms
Execution 149 - QUIC Single
Handshake duration: 24.05 ms
Execution 150 - QUIC Single
Handshake duration: 23.30 ms
Execution 151 - QUIC Single
Handshake duration: 25.09 ms
Execution 152 - QUIC Single
Handshake duration: 418.69 ms
Execution 153 - QUIC Single
Handshake duration: 22.96 ms
Execution 154 - QUIC Single
Handshake duration: 23.12 ms
Execution 155 - QUIC Single
Handshake duration: 34.29 ms
Execution 156 - QUIC Single
Handshake duration: 1025.06 ms
Execution 157 - QUIC Single
Handshake duration: 200.58 ms
Execution 158 - QUIC Single
Handshake duration: NaN ms
Execution 159 - QUIC Single
Handshake duration: 25.22 ms
Execution 160 - QUIC Single
Handshake duration: 268.12 ms
Execution 161 - QUIC Single
Handshake duration: 23.98 ms
Execution 162 - QUIC Single
Handshake duration: 29.03 ms
Execution 163 - QUIC Single
Handshake duration: 22.79 ms
Execution 164 - QUIC Single
Handshake duration: 4590.20 ms
Execution 165 - QUIC Single
Handshake duration: 2760.43 ms
Execution 166 - QUIC Single
Handshake duration: 2291.03 ms
Execution 167 - QUIC Single
Handshake duration: 1088.23 ms
Execution 168 - QUIC Single
Handshake duration: 57.81 ms
Execution 169 - QUIC Single
Handshake duration: 4035.60 ms
Execution 170 - QUIC Single
Handshake duration: 3078.19 ms
Execution 171 - QUIC Single
Handshake duration: 23.47 ms
Execution 172 - QUIC Single
Handshake duration: 23.32 ms
Execution 173 - QUIC Single
Handshake duration: 53.61 ms
Execution 174 - QUIC Single
Handshake duration: 6402.81 ms
Execution 175 - QUIC Single
Handshake duration: 1025.11 ms
Execution 176 - QUIC Single
Handshake duration: 1049.32 ms
Execution 177 - QUIC Single
Handshake duration: 1326.96 ms
Execution 178 - QUIC Single
Handshake duration: 63.54 ms
Execution 179 - QUIC Single
Handshake duration: 6717.32 ms
Execution 180 - QUIC Single
Handshake duration: 2405.92 ms
Execution 181 - QUIC Single
Handshake duration: 85.09 ms
Execution 182 - QUIC Single
Handshake duration: 23.39 ms
Execution 183 - QUIC Single
Handshake duration: 23.64 ms
Execution 184 - QUIC Single
Handshake duration: 1315.81 ms
Execution 185 - QUIC Single
Handshake duration: 3200.51 ms
Execution 186 - QUIC Single
Handshake duration: 2017.54 ms
Execution 187 - QUIC Single
Handshake duration: 52.03 ms
Execution 188 - QUIC Single
Handshake duration: 55.11 ms
Execution 189 - QUIC Single
Handshake duration: 33.61 ms
Execution 190 - QUIC Single
Handshake duration: 24.23 ms
Execution 191 - QUIC Single
Handshake duration: 25.36 ms
Execution 192 - QUIC Single
Handshake duration: 59.41 ms
Execution 193 - QUIC Single
Handshake duration: 24.00 ms
Execution 194 - QUIC Single
Handshake duration: 23.57 ms
Execution 195 - QUIC Single
Handshake duration: 123.84 ms
Execution 196 - QUIC Single
Handshake duration: 2069.31 ms
Execution 197 - QUIC Single
Handshake duration: 576.14 ms
Execution 198 - QUIC Single
Handshake duration: 183.93 ms
Execution 199 - QUIC Single
Handshake duration: 3469.07 ms
Execution 200 - QUIC Single
Handshake duration: 128.67 ms
Execution 201 - QUIC Single
Handshake duration: 23.89 ms
Execution 202 - QUIC Single
Handshake duration: NaN ms
Execution 203 - QUIC Single
Handshake duration: 25.57 ms
Execution 204 - QUIC Single
Handshake duration: 126.65 ms
Execution 205 - QUIC Single
Handshake duration: 24.81 ms
Execution 206 - QUIC Single
Handshake duration: 125.27 ms
Execution 207 - QUIC Single
Handshake duration: 7903.15 ms
Execution 208 - QUIC Single
Handshake duration: 8060.00 ms
Execution 209 - QUIC Single
Handshake duration: 24.13 ms
Execution 210 - QUIC Single
Handshake duration: 24.25 ms
Execution 211 - QUIC Single
Handshake duration: 156.40 ms
Execution 212 - QUIC Single
Handshake duration: 23.99 ms
Execution 213 - QUIC Single
Handshake duration: 1023.33 ms
Execution 214 - QUIC Single
Handshake duration: 125.09 ms
Execution 215 - QUIC Single
Handshake duration: 69.36 ms
Execution 216 - QUIC Single
Handshake duration: 146.78 ms
Execution 217 - QUIC Single
Handshake duration: 5336.09 ms
Execution 218 - QUIC Single
Handshake duration: 24.11 ms
Execution 219 - QUIC Single
Handshake duration: 30.33 ms
Execution 220 - QUIC Single
Handshake duration: 23.87 ms
Execution 221 - QUIC Single
Handshake duration: 25.25 ms
Execution 222 - QUIC Single
Handshake duration: 60.28 ms
Execution 223 - QUIC Single
Handshake duration: 24.20 ms
Execution 224 - QUIC Single
Handshake duration: 26.39 ms
Execution 225 - QUIC Single
Handshake duration: 457.94 ms
Execution 226 - QUIC Single
Handshake duration: 50.46 ms
Execution 227 - QUIC Single
Handshake duration: 33.85 ms
Execution 228 - QUIC Single
Handshake duration: 4538.19 ms
Execution 229 - QUIC Single
Handshake duration: 25.02 ms
Execution 230 - QUIC Single
Handshake duration: 23.93 ms
Execution 231 - QUIC Single
Handshake duration: 24.47 ms
Execution 232 - QUIC Single
Handshake duration: 570.54 ms
Execution 233 - QUIC Single
Handshake duration: 23.32 ms
Execution 234 - QUIC Single
Handshake duration: 23.52 ms
Execution 235 - QUIC Single
Handshake duration: 3081.61 ms
Execution 236 - QUIC Single
Handshake duration: 2206.18 ms
Execution 237 - QUIC Single
Handshake duration: 3059.22 ms
Execution 238 - QUIC Single
Handshake duration: 2305.59 ms
Execution 239 - QUIC Single
Handshake duration: 918.55 ms
Execution 240 - QUIC Single
Handshake duration: 28.17 ms
Execution 241 - QUIC Single
Handshake duration: 59.12 ms
Execution 242 - QUIC Single
Handshake duration: 56.35 ms
Execution 243 - QUIC Single
Handshake duration: 1073.40 ms
Execution 244 - QUIC Single
Handshake duration: 316.45 ms
Execution 245 - QUIC Single
Handshake duration: 51.70 ms
Execution 246 - QUIC Single
Handshake duration: 29.31 ms
Execution 247 - QUIC Single
Handshake duration: NaN ms
Execution 248 - QUIC Single
Handshake duration: 1055.32 ms
Execution 249 - QUIC Single
Handshake duration: 22.50 ms
Execution 250 - QUIC Single
Handshake duration: 28.08 ms
Execution 251 - QUIC Single
Handshake duration: 136.59 ms
Execution 252 - QUIC Single
Handshake duration: 22.93 ms
Execution 253 - QUIC Single
Handshake duration: 28.09 ms
Execution 254 - QUIC Single
Handshake duration: 58.70 ms
Execution 255 - QUIC Single
Handshake duration: 22.66 ms
Execution 256 - QUIC Single
Handshake duration: 33.24 ms
Execution 257 - QUIC Single
Handshake duration: 26.25 ms
Execution 258 - QUIC Single
Handshake duration: 43.06 ms
Execution 259 - QUIC Single
Handshake duration: 41.08 ms
Execution 260 - QUIC Single
Handshake duration: 1137.27 ms
Execution 261 - QUIC Single
Handshake duration: 267.76 ms
Execution 262 - QUIC Single
Handshake duration: 58.96 ms
Execution 263 - QUIC Single
Handshake duration: 22.98 ms
Execution 264 - QUIC Single
Handshake duration: 7032.89 ms
Execution 265 - QUIC Single
Handshake duration: 571.31 ms
Execution 266 - QUIC Single
Handshake duration: 3592.21 ms
Execution 267 - QUIC Single
Handshake duration: 23.61 ms
Execution 268 - QUIC Single
Handshake duration: 123.23 ms
Execution 269 - QUIC Single
Handshake duration: 22.60 ms
Execution 270 - QUIC Single
Handshake duration: 22.80 ms
Execution 271 - QUIC Single
Handshake duration: 123.44 ms
Execution 272 - QUIC Single
Handshake duration: 22.84 ms
Execution 273 - QUIC Single
Handshake duration: 60.25 ms
Execution 274 - QUIC Single
Handshake duration: 1350.11 ms
Execution 275 - QUIC Single
Handshake duration: 4563.25 ms
Execution 276 - QUIC Single
Handshake duration: 58.57 ms
Execution 277 - QUIC Single
Handshake duration: 1022.54 ms
Execution 278 - QUIC Single
Handshake duration: 24.26 ms
Execution 279 - QUIC Single
Handshake duration: 1182.71 ms
Execution 280 - QUIC Single
Handshake duration: 4070.92 ms
Execution 281 - QUIC Single
Handshake duration: 23.85 ms
Execution 282 - QUIC Single
Handshake duration: 297.52 ms
Execution 283 - QUIC Single
Handshake duration: 1359.46 ms
Execution 284 - QUIC Single
Handshake duration: 22.94 ms
Execution 285 - QUIC Single
Handshake duration: 266.80 ms
Execution 286 - QUIC Single
Handshake duration: 1517.78 ms
Execution 287 - QUIC Single
Handshake duration: 278.90 ms
Execution 288 - QUIC Single
Handshake duration: 48.15 ms
Execution 289 - QUIC Single
Handshake duration: 59.17 ms
Execution 290 - QUIC Single
Handshake duration: 1684.11 ms
Execution 291 - QUIC Single
Handshake duration: 2017.34 ms
Execution 292 - QUIC Single
Handshake duration: 173.06 ms
Execution 293 - QUIC Single
Handshake duration: 1096.29 ms
Execution 294 - QUIC Single
Handshake duration: 22.66 ms
Execution 295 - QUIC Single
Handshake duration: 1029.21 ms
Execution 296 - QUIC Single
Handshake duration: 536.59 ms
Execution 297 - QUIC Single
Handshake duration: 62.95 ms
Execution 298 - QUIC Single
Handshake duration: 22.91 ms
Execution 299 - QUIC Single
Handshake duration: 267.47 ms
Execution 300 - QUIC Single
Handshake duration: 28.02 ms
Execution 301 - QUIC Single
Handshake duration: 7399.40 ms
Execution 302 - QUIC Single
Handshake duration: 27.95 ms
Execution 303 - QUIC Single
Handshake duration: 27.96 ms
Execution 304 - QUIC Single
Handshake duration: 28.71 ms
Execution 305 - QUIC Single
Handshake duration: 2032.74 ms
Execution 306 - QUIC Single
Handshake duration: 23.23 ms
Execution 307 - QUIC Single
Handshake duration: 2159.11 ms
Execution 308 - QUIC Single
Handshake duration: 1146.09 ms
Execution 309 - QUIC Single
Handshake duration: 2788.79 ms
Execution 310 - QUIC Single
Handshake duration: 28.03 ms
Execution 311 - QUIC Single
Handshake duration: 2088.03 ms
Execution 312 - QUIC Single
Handshake duration: 1076.22 ms
Execution 313 - QUIC Single
Handshake duration: 123.35 ms
Execution 314 - QUIC Single
Handshake duration: 520.59 ms
Execution 315 - QUIC Single
Handshake duration: 28.64 ms
Execution 316 - QUIC Single
Handshake duration: 51.16 ms
Execution 317 - QUIC Single
Handshake duration: 1438.91 ms
Execution 318 - QUIC Single
Handshake duration: 3224.50 ms
Execution 319 - QUIC Single
Handshake duration: 28.89 ms
Execution 320 - QUIC Single
Handshake duration: 4430.52 ms
Execution 321 - QUIC Single
Handshake duration: 34.61 ms
Execution 322 - QUIC Single
Handshake duration: 553.90 ms
Execution 323 - QUIC Single
Handshake duration: 22.77 ms
Execution 324 - QUIC Single
Handshake duration: 1581.54 ms
Execution 325 - QUIC Single
Handshake duration: 4129.15 ms
Execution 326 - QUIC Single
Handshake duration: 23.76 ms
Execution 327 - QUIC Single
Handshake duration: 22.89 ms
Execution 328 - QUIC Single
Handshake duration: 137.77 ms
Execution 329 - QUIC Single
Handshake duration: 22.73 ms
Execution 330 - QUIC Single
Handshake duration: 1065.61 ms
Execution 331 - QUIC Single
Handshake duration: 50.97 ms
Execution 332 - QUIC Single
Handshake duration: 23.06 ms
Execution 333 - QUIC Single
Handshake duration: 22.96 ms
Execution 334 - QUIC Single
Handshake duration: 1157.11 ms
Execution 335 - QUIC Single
Handshake duration: 22.57 ms
Execution 336 - QUIC Single
Handshake duration: 267.77 ms
Execution 337 - QUIC Single
Handshake duration: 22.69 ms
Execution 338 - QUIC Single
Handshake duration: 22.74 ms
Execution 339 - QUIC Single
Handshake duration: 31.24 ms
Execution 340 - QUIC Single
Handshake duration: 4061.28 ms
Execution 341 - QUIC Single
Handshake duration: 22.68 ms
Execution 342 - QUIC Single
Handshake duration: 152.67 ms
Execution 343 - QUIC Single
Handshake duration: 7855.92 ms
Execution 344 - QUIC Single
Handshake duration: 123.22 ms
Execution 345 - QUIC Single
Handshake duration: 22.89 ms
Execution 346 - QUIC Single
Handshake duration: 3021.33 ms
Execution 347 - QUIC Single
Handshake duration: 123.53 ms
Execution 348 - QUIC Single
Handshake duration: 123.58 ms
Execution 349 - QUIC Single
Handshake duration: 50.96 ms
Execution 350 - QUIC Single
Handshake duration: 47.05 ms
Execution 351 - QUIC Single
Handshake duration: 1150.71 ms
Execution 352 - QUIC Single
Handshake duration: 22.80 ms
Execution 353 - QUIC Single
Handshake duration: 22.88 ms
Execution 354 - QUIC Single
Handshake duration: 22.83 ms
Execution 355 - QUIC Single
Handshake duration: 7192.65 ms
Execution 356 - QUIC Single
Handshake duration: 4235.91 ms
Execution 357 - QUIC Single
Handshake duration: 8015.55 ms
Execution 358 - QUIC Single
Handshake duration: 5116.98 ms
Execution 359 - QUIC Single
Handshake duration: 51.45 ms
Execution 360 - QUIC Single
Handshake duration: 84.83 ms
Execution 361 - QUIC Single
Handshake duration: 48.37 ms
Execution 362 - QUIC Single
Handshake duration: 60.22 ms
Execution 363 - QUIC Single
Handshake duration: 59.10 ms
Execution 364 - QUIC Single
Handshake duration: 5060.28 ms
Execution 365 - QUIC Single
Handshake duration: 51.01 ms
Execution 366 - QUIC Single
Handshake duration: 1308.37 ms
Execution 367 - QUIC Single
Handshake duration: 2095.53 ms
Execution 368 - QUIC Single
Handshake duration: 579.39 ms
Execution 369 - QUIC Single
Handshake duration: 23.03 ms
Execution 370 - QUIC Single
Handshake duration: 1498.38 ms
Execution 371 - QUIC Single
Handshake duration: 109.72 ms
Execution 372 - QUIC Single
Handshake duration: 22.86 ms
Execution 373 - QUIC Single
Handshake duration: 22.62 ms
Execution 374 - QUIC Single
Handshake duration: NaN ms
Execution 375 - QUIC Single
Handshake duration: 670.34 ms
Execution 376 - QUIC Single
Handshake duration: 1456.14 ms
Execution 377 - QUIC Single
Handshake duration: 59.77 ms
Execution 378 - QUIC Single
Handshake duration: 1164.12 ms
Execution 379 - QUIC Single
Handshake duration: 22.86 ms
Execution 380 - QUIC Single
Handshake duration: 240.49 ms
Execution 381 - QUIC Single
Handshake duration: 48.68 ms
Execution 382 - QUIC Single
Handshake duration: 3128.30 ms
Execution 383 - QUIC Single
Handshake duration: 23.16 ms
Execution 384 - QUIC Single
Handshake duration: 23.61 ms
Execution 385 - QUIC Single
Handshake duration: NaN ms
Execution 386 - QUIC Single
Handshake duration: 3266.41 ms
Execution 387 - QUIC Single
Handshake duration: 22.82 ms
Execution 388 - QUIC Single
Handshake duration: 3164.82 ms
Execution 389 - QUIC Single
Handshake duration: 22.58 ms
Execution 390 - QUIC Single
Handshake duration: 5280.30 ms
Execution 391 - QUIC Single
Handshake duration: 23.70 ms
Execution 392 - QUIC Single
Handshake duration: 48.06 ms
Execution 393 - QUIC Single
Handshake duration: 132.77 ms
Execution 394 - QUIC Single
Handshake duration: 51.10 ms
Execution 395 - QUIC Single
Handshake duration: 22.57 ms
Execution 396 - QUIC Single
Handshake duration: 22.61 ms
Execution 397 - QUIC Single
Handshake duration: 22.75 ms
Execution 398 - QUIC Single
Handshake duration: 23.05 ms
Execution 399 - QUIC Single
Handshake duration: 569.05 ms
Execution 400 - QUIC Single
Handshake duration: 22.67 ms
Execution 401 - QUIC Single
Handshake duration: 22.84 ms
Execution 402 - QUIC Single
Handshake duration: 22.69 ms
Execution 403 - QUIC Single
Handshake duration: 156.98 ms
Execution 404 - QUIC Single
Handshake duration: 266.70 ms
Execution 405 - QUIC Single
Handshake duration: 30.78 ms
Execution 406 - QUIC Single
Handshake duration: 23.04 ms
Execution 407 - QUIC Single
Handshake duration: 2087.50 ms
Execution 408 - QUIC Single
Handshake duration: 247.75 ms
Execution 409 - QUIC Single
Handshake duration: 3145.60 ms
Execution 410 - QUIC Single
Handshake duration: 4091.29 ms
Execution 411 - QUIC Single
Handshake duration: 3181.57 ms
Execution 412 - QUIC Single
Handshake duration: 4045.00 ms
Execution 413 - QUIC Single
Handshake duration: 166.88 ms
Execution 414 - QUIC Single
Handshake duration: NaN ms
Execution 415 - QUIC Single
Handshake duration: 124.10 ms
Execution 416 - QUIC Single
Handshake duration: 27.93 ms
Execution 417 - QUIC Single
Handshake duration: 23.11 ms
Execution 418 - QUIC Single
Handshake duration: 28.11 ms
Execution 419 - QUIC Single
Handshake duration: 66.77 ms
Execution 420 - QUIC Single
Handshake duration: 23.35 ms
Execution 421 - QUIC Single
Handshake duration: 266.64 ms
Execution 422 - QUIC Single
Handshake duration: 492.18 ms
Execution 423 - QUIC Single
Handshake duration: 22.61 ms
Execution 424 - QUIC Single
Handshake duration: 22.98 ms
Execution 425 - QUIC Single
Handshake duration: 28.00 ms
Execution 426 - QUIC Single
Handshake duration: 140.86 ms
Execution 427 - QUIC Single
Handshake duration: 22.73 ms
Execution 428 - QUIC Single
Handshake duration: 1167.93 ms
Execution 429 - QUIC Single
Handshake duration: 123.52 ms
Execution 430 - QUIC Single
Handshake duration: 4579.72 ms
Execution 431 - QUIC Single
Handshake duration: 310.02 ms
Execution 432 - QUIC Single
Handshake duration: 1049.29 ms
Execution 433 - QUIC Single
Handshake duration: 1150.99 ms
Execution 434 - QUIC Single
Handshake duration: 22.67 ms
Execution 435 - QUIC Single
Handshake duration: 33.35 ms
Execution 436 - QUIC Single
Handshake duration: 22.80 ms
Execution 437 - QUIC Single
Handshake duration: 1647.02 ms
Execution 438 - QUIC Single
Handshake duration: 22.78 ms
Execution 439 - QUIC Single
Handshake duration: 22.77 ms
Execution 440 - QUIC Single
Handshake duration: 22.73 ms
Execution 441 - QUIC Single
Handshake duration: 1143.53 ms
Execution 442 - QUIC Single
Handshake duration: NaN ms
Execution 443 - QUIC Single
Handshake duration: 3086.84 ms
Execution 444 - QUIC Single
Handshake duration: 131.32 ms
Execution 445 - QUIC Single
Handshake duration: 123.26 ms
Execution 446 - QUIC Single
Handshake duration: 22.75 ms
Execution 447 - QUIC Single
Handshake duration: 62.17 ms
Execution 448 - QUIC Single
Handshake duration: 33.22 ms
Execution 449 - QUIC Single
Handshake duration: 22.97 ms
Execution 450 - QUIC Single
Handshake duration: 1444.92 ms
Execution 451 - QUIC Single
Handshake duration: 132.54 ms
Execution 452 - QUIC Single
Handshake duration: 59.40 ms
Execution 453 - QUIC Single
Handshake duration: 22.99 ms
Execution 454 - QUIC Single
Handshake duration: 984.87 ms
Execution 455 - QUIC Single
Handshake duration: 22.88 ms
Execution 456 - QUIC Single
Handshake duration: 22.82 ms
Execution 457 - QUIC Single
Handshake duration: 23.72 ms
Execution 458 - QUIC Single
Handshake duration: 376.55 ms
Execution 459 - QUIC Single
Handshake duration: 563.98 ms
Execution 460 - QUIC Single
Handshake duration: 194.97 ms
Execution 461 - QUIC Single
Handshake duration: 22.72 ms
Execution 462 - QUIC Single
Handshake duration: 44.88 ms
Execution 463 - QUIC Single
Handshake duration: 24.00 ms
Execution 464 - QUIC Single
Handshake duration: 263.67 ms
Execution 465 - QUIC Single
Handshake duration: 4968.75 ms
Execution 466 - QUIC Single
Handshake duration: 1079.77 ms
Execution 467 - QUIC Single
Handshake duration: 48.65 ms
Execution 468 - QUIC Single
Handshake duration: 26.35 ms
Execution 469 - QUIC Single
Handshake duration: 22.94 ms
Execution 470 - QUIC Single
Handshake duration: 34.56 ms
Execution 471 - QUIC Single
Handshake duration: 35.04 ms
Execution 472 - QUIC Single
Handshake duration: 7109.93 ms
Execution 473 - QUIC Single
Handshake duration: 5299.41 ms
Execution 474 - QUIC Single
Handshake duration: 28.82 ms
Execution 475 - QUIC Single
Handshake duration: 27.78 ms
Execution 476 - QUIC Single
Handshake duration: 1075.84 ms
Execution 477 - QUIC Single
Handshake duration: 27.86 ms
Execution 478 - QUIC Single
Handshake duration: NaN ms
Execution 479 - QUIC Single
Handshake duration: 22.74 ms
Execution 480 - QUIC Single
Handshake duration: 1144.31 ms
Execution 481 - QUIC Single
Handshake duration: 36.27 ms
Execution 482 - QUIC Single
Handshake duration: 53.24 ms
Execution 483 - QUIC Single
Handshake duration: 2099.31 ms
Execution 484 - QUIC Single
Handshake duration: 1592.84 ms
Execution 485 - QUIC Single
Handshake duration: 33.29 ms
Execution 486 - QUIC Single
Handshake duration: 2229.87 ms
Execution 487 - QUIC Single
Handshake duration: 88.41 ms
Execution 488 - QUIC Single
Handshake duration: 24.09 ms
Execution 489 - QUIC Single
Handshake duration: 9915.38 ms
Execution 490 - QUIC Single
Handshake duration: 1145.82 ms
Execution 491 - QUIC Single
Handshake duration: 2016.91 ms
Execution 492 - QUIC Single
Handshake duration: 3356.74 ms
Execution 493 - QUIC Single
Handshake duration: 1675.67 ms
Execution 494 - QUIC Single
Handshake duration: 123.75 ms
Execution 495 - QUIC Single
Handshake duration: 2283.70 ms
Execution 496 - QUIC Single
Handshake duration: 22.72 ms
Execution 497 - QUIC Single
Handshake duration: 23.22 ms
Execution 498 - QUIC Single
Handshake duration: 22.63 ms
Execution 499 - QUIC Single
Handshake duration: 4187.65 ms
Execution 500 - QUIC Single
Handshake duration: 22.64 ms
