Handshake timeout budget: 150s (identique TLS/QUIC)
Applying netem rules to lo...
Showing qdisc status for the interface: lo
qdisc netem 9617: root refcnt 2 limit 1000 seed 12935915678821950103
 Sent 0 bytes 0 pkt (dropped 0, overlimits 0 requeues 0) 
 backlog 0b 0p requeues 0
Running ./perftestClientTlsQuic.sh with SIG_ALG=mldsa87 and KEM_ALG=p521_mlkem1024
Execution 1 - QUIC Single
Handshake duration: 171.41 ms
Execution 2 - QUIC Single
Handshake duration: 130.36 ms
Execution 3 - QUIC Single
Handshake duration: NaN ms
Execution 4 - QUIC Single
Handshake duration: NaN ms
Execution 5 - QUIC Single
Handshake duration: 8634.55 ms
Execution 6 - QUIC Single
Handshake duration: 11.52 ms
Execution 7 - QUIC Single
Handshake duration: 16.29 ms
Execution 8 - QUIC Single
Handshake duration: 4226.97 ms
Execution 9 - QUIC Single
Handshake duration: 16.45 ms
Execution 10 - QUIC Single
Handshake duration: 4354.68 ms
Execution 11 - QUIC Single
Handshake duration: 11.09 ms
Execution 12 - QUIC Single
Handshake duration: 11.19 ms
Execution 13 - QUIC Single
Handshake duration: 10.82 ms
Execution 14 - QUIC Single
Handshake duration: 6529.35 ms
Execution 15 - QUIC Single
Handshake duration: 16.86 ms
Execution 16 - QUIC Single
Handshake duration: 4057.78 ms
Execution 17 - QUIC Single
Handshake duration: 516.01 ms
Execution 18 - QUIC Single
Handshake duration: 16.29 ms
Execution 19 - QUIC Single
Handshake duration: 248.57 ms
Execution 20 - QUIC Single
Handshake duration: 11.09 ms
Execution 21 - QUIC Single
Handshake duration: 11.75 ms
Execution 22 - QUIC Single
Handshake duration: 10.85 ms
Execution 23 - QUIC Single
Handshake duration: 216.87 ms
Execution 24 - QUIC Single
Handshake duration: 421.45 ms
Execution 25 - QUIC Single
Handshake duration: 2413.90 ms
Execution 26 - QUIC Single
Handshake duration: 11.04 ms
Execution 27 - QUIC Single
Handshake duration: 2007.15 ms
Execution 28 - QUIC Single
Handshake duration: 4197.26 ms
Execution 29 - QUIC Single
Handshake duration: 4140.89 ms
Execution 30 - QUIC Single
Handshake duration: 16.32 ms
Execution 31 - QUIC Single
Handshake duration: 16.24 ms
Execution 32 - QUIC Single
Handshake duration: 2332.03 ms
Execution 33 - QUIC Single
Handshake duration: 2094.02 ms
Execution 34 - QUIC Single
Handshake duration: 3224.62 ms
Execution 35 - QUIC Single
Handshake duration: 16.38 ms
Execution 36 - QUIC Single
Handshake duration: 11.09 ms
Execution 37 - QUIC Single
Handshake duration: 10.91 ms
Execution 38 - QUIC Single
Handshake duration: 12.94 ms
Execution 39 - QUIC Single
Handshake duration: 11.13 ms
Execution 40 - QUIC Single
Handshake duration: 3088.47 ms
Execution 41 - QUIC Single
Handshake duration: 40.38 ms
Execution 42 - QUIC Single
Handshake duration: 12.48 ms
Execution 43 - QUIC Single
Handshake duration: 10.98 ms
Execution 44 - QUIC Single
Handshake duration: 3120.74 ms
Execution 45 - QUIC Single
Handshake duration: 11.13 ms
Execution 46 - QUIC Single
Handshake duration: 11.04 ms
Execution 47 - QUIC Single
Handshake duration: 2037.44 ms
Execution 48 - QUIC Single
Handshake duration: 10.89 ms
Execution 49 - QUIC Single
Handshake duration: 2034.15 ms
Execution 50 - QUIC Single
Handshake duration: 2036.10 ms
Execution 51 - QUIC Single
Handshake duration: 14.08 ms
Execution 52 - QUIC Single
Handshake duration: 41.83 ms
Execution 53 - QUIC Single
Handshake duration: 40.53 ms
Execution 54 - QUIC Single
Handshake duration: 7010.60 ms
Execution 55 - QUIC Single
Handshake duration: 4325.93 ms
Execution 56 - QUIC Single
Handshake duration: 2011.15 ms
Execution 57 - QUIC Single
Handshake duration: 12.88 ms
Execution 58 - QUIC Single
Handshake duration: 12.83 ms
Execution 59 - QUIC Single
Handshake duration: 10.90 ms
Execution 60 - QUIC Single
Handshake duration: 3032.13 ms
Execution 61 - QUIC Single
Handshake duration: 10.91 ms
Execution 62 - QUIC Single
Handshake duration: 5148.71 ms
Execution 63 - QUIC Single
Handshake duration: 12.85 ms
Execution 64 - QUIC Single
Handshake duration: 4058.70 ms
Execution 65 - QUIC Single
Handshake duration: 50.86 ms
Execution 66 - QUIC Single
Handshake duration: 10.76 ms
Execution 67 - QUIC Single
Handshake duration: 40.88 ms
Execution 68 - QUIC Single
Handshake duration: 4085.54 ms
Execution 69 - QUIC Single
Handshake duration: 4732.56 ms
Execution 70 - QUIC Single
Handshake duration: 12.91 ms
Execution 71 - QUIC Single
Handshake duration: 40.50 ms
Execution 72 - QUIC Single
Handshake duration: 10.99 ms
Execution 73 - QUIC Single
Handshake duration: 7683.37 ms
Execution 74 - QUIC Single
Handshake duration: 6936.08 ms
Execution 75 - QUIC Single
Handshake duration: 13.04 ms
Execution 76 - QUIC Single
Handshake duration: 2038.04 ms
Execution 77 - QUIC Single
Handshake duration: 517.03 ms
Execution 78 - QUIC Single
Handshake duration: 13.46 ms
Execution 79 - QUIC Single
Handshake duration: 217.39 ms
Execution 80 - QUIC Single
Handshake duration: 408.88 ms
Execution 81 - QUIC Single
Handshake duration: 10.94 ms
Execution 82 - QUIC Single
Handshake duration: 10.89 ms
Execution 83 - QUIC Single
Handshake duration: 55.07 ms
Execution 84 - QUIC Single
Handshake duration: 4058.67 ms
Execution 85 - QUIC Single
Handshake duration: 69.67 ms
Execution 86 - QUIC Single
Handshake duration: 101.50 ms
Execution 87 - QUIC Single
Handshake duration: 40.69 ms
Execution 88 - QUIC Single
Handshake duration: 4088.48 ms
Execution 89 - QUIC Single
Handshake duration: 12.82 ms
Execution 90 - QUIC Single
Handshake duration: 10.75 ms
Execution 91 - QUIC Single
Handshake duration: 16.53 ms
Execution 92 - QUIC Single
Handshake duration: 10.95 ms
Execution 93 - QUIC Single
Handshake duration: 469.55 ms
Execution 94 - QUIC Single
Handshake duration: 11.02 ms
Execution 95 - QUIC Single
Handshake duration: 10.96 ms
Execution 96 - QUIC Single
Handshake duration: 40.60 ms
Execution 97 - QUIC Single
Handshake duration: 3066.28 ms
Execution 98 - QUIC Single
Handshake duration: 3063.35 ms
Execution 99 - QUIC Single
Handshake duration: NaN ms
Execution 100 - QUIC Single
Handshake duration: 7557.09 ms
Execution 101 - QUIC Single
Handshake duration: 10.89 ms
Execution 102 - QUIC Single
Handshake duration: 10.91 ms
Execution 103 - QUIC Single
Handshake duration: 40.68 ms
Execution 104 - QUIC Single
Handshake duration: 3032.90 ms
Execution 105 - QUIC Single
Handshake duration: 10.78 ms
Execution 106 - QUIC Single
Handshake duration: NaN ms
Execution 107 - QUIC Single
Handshake duration: 3126.38 ms
Execution 108 - QUIC Single
Handshake duration: 10.90 ms
Execution 109 - QUIC Single
Handshake duration: 11.01 ms
Execution 110 - QUIC Single
Handshake duration: NaN ms
Execution 111 - QUIC Single
Handshake duration: NaN ms
Execution 112 - QUIC Single
Handshake duration: 3090.50 ms
Execution 113 - QUIC Single
Handshake duration: 3035.41 ms
Execution 114 - QUIC Single
Handshake duration: 40.53 ms
Execution 115 - QUIC Single
Handshake duration: 4084.53 ms
Execution 116 - QUIC Single
Handshake duration: 2038.59 ms
Execution 117 - QUIC Single
Handshake duration: 42.39 ms
Execution 118 - QUIC Single
Handshake duration: 2089.01 ms
Execution 119 - QUIC Single
Handshake duration: 3091.82 ms
Execution 120 - QUIC Single
Handshake duration: 2007.52 ms
Execution 121 - QUIC Single
Handshake duration: 40.37 ms
Execution 122 - QUIC Single
Handshake duration: 4621.06 ms
Execution 123 - QUIC Single
Handshake duration: 2007.11 ms
Execution 124 - QUIC Single
Handshake duration: 11.35 ms
Execution 125 - QUIC Single
Handshake duration: 273.90 ms
