Handshake timeout budget: 150s (identique TLS/QUIC)
Applying netem rules to lo...
Showing qdisc status for the interface: lo
qdisc netem 9611: root refcnt 2 limit 1000 seed 5724303537525879230
 Sent 0 bytes 0 pkt (dropped 0, overlimits 0 requeues 0) 
 backlog 0b 0p requeues 0
Running ./perftestClientTlsQuic.sh with SIG_ALG=mldsa65 and KEM_ALG=x448_hqc192
Execution 1 - QUIC Single
Handshake duration: 1077.53 ms
Execution 2 - QUIC Single
Handshake duration: 478.89 ms
Execution 3 - QUIC Single
Handshake duration: 48.74 ms
Execution 4 - QUIC Single
Handshake duration: 3029.14 ms
Execution 5 - QUIC Single
Handshake duration: 725.05 ms
Execution 6 - QUIC Single
Handshake duration: 94.71 ms
Execution 7 - QUIC Single
Handshake duration: 1102.47 ms
Execution 8 - QUIC Single
Handshake duration: 69.05 ms
Execution 9 - QUIC Single
Handshake duration: 46.82 ms
Execution 10 - QUIC Single
Handshake duration: 97.42 ms
Execution 11 - QUIC Single
Handshake duration: 3784.89 ms
Execution 12 - QUIC Single
Handshake duration: 48.00 ms
Execution 13 - QUIC Single
Handshake duration: 283.82 ms
Execution 14 - QUIC Single
Handshake duration: 48.27 ms
Execution 15 - QUIC Single
Handshake duration: 65.08 ms
Execution 16 - QUIC Single
Handshake duration: 448.77 ms
Execution 17 - QUIC Single
Handshake duration: 838.71 ms
Execution 18 - QUIC Single
Handshake duration: 1031.30 ms
Execution 19 - QUIC Single
Handshake duration: NaN ms
Execution 20 - QUIC Single
Handshake duration: 5284.86 ms
Execution 21 - QUIC Single
Handshake duration: 60.71 ms
Execution 22 - QUIC Single
Handshake duration: 46.77 ms
Execution 23 - QUIC Single
Handshake duration: 3333.70 ms
Execution 24 - QUIC Single
Handshake duration: 89.81 ms
Execution 25 - QUIC Single
Handshake duration: 1077.21 ms
Execution 26 - QUIC Single
Handshake duration: 446.31 ms
Execution 27 - QUIC Single
Handshake duration: 3103.52 ms
Execution 28 - QUIC Single
Handshake duration: 61.88 ms
Execution 29 - QUIC Single
Handshake duration: 1048.60 ms
Execution 30 - QUIC Single
Handshake duration: 3271.84 ms
Execution 31 - QUIC Single
Handshake duration: 202.57 ms
Execution 32 - QUIC Single
Handshake duration: 1168.00 ms
Execution 33 - QUIC Single
Handshake duration: 1273.80 ms
Execution 34 - QUIC Single
Handshake duration: 46.75 ms
Execution 35 - QUIC Single
Handshake duration: 64.85 ms
Execution 36 - QUIC Single
Handshake duration: 107.18 ms
Execution 37 - QUIC Single
Handshake duration: 46.76 ms
Execution 38 - QUIC Single
Handshake duration: 97.20 ms
Execution 39 - QUIC Single
Handshake duration: 224.31 ms
Execution 40 - QUIC Single
Handshake duration: 64.09 ms
Execution 41 - QUIC Single
Handshake duration: 1349.54 ms
Execution 42 - QUIC Single
Handshake duration: 87.02 ms
Execution 43 - QUIC Single
Handshake duration: 59.70 ms
Execution 44 - QUIC Single
Handshake duration: 86.72 ms
Execution 45 - QUIC Single
Handshake duration: 220.90 ms
Execution 46 - QUIC Single
Handshake duration: 649.51 ms
Execution 47 - QUIC Single
Handshake duration: 1155.67 ms
Execution 48 - QUIC Single
Handshake duration: 261.98 ms
Execution 49 - QUIC Single
Handshake duration: 126.48 ms
Execution 50 - QUIC Single
Handshake duration: 69.58 ms
Execution 51 - QUIC Single
Handshake duration: 895.21 ms
Execution 52 - QUIC Single
Handshake duration: 123.63 ms
Execution 53 - QUIC Single
Handshake duration: 105.10 ms
Execution 54 - QUIC Single
Handshake duration: 1060.66 ms
Execution 55 - QUIC Single
Handshake duration: 56.51 ms
Execution 56 - QUIC Single
Handshake duration: 48.05 ms
Execution 57 - QUIC Single
Handshake duration: 96.27 ms
Execution 58 - QUIC Single
Handshake duration: 7175.06 ms
Execution 59 - QUIC Single
Handshake duration: 1047.96 ms
Execution 60 - QUIC Single
Handshake duration: 1030.71 ms
Execution 61 - QUIC Single
Handshake duration: 513.25 ms
Execution 62 - QUIC Single
Handshake duration: 417.87 ms
Execution 63 - QUIC Single
Handshake duration: 1047.37 ms
Execution 64 - QUIC Single
Handshake duration: 46.77 ms
Execution 65 - QUIC Single
Handshake duration: 1177.32 ms
Execution 66 - QUIC Single
Handshake duration: 1351.93 ms
Execution 67 - QUIC Single
Handshake duration: 670.33 ms
Execution 68 - QUIC Single
Handshake duration: 46.66 ms
Execution 69 - QUIC Single
Handshake duration: 46.90 ms
Execution 70 - QUIC Single
Handshake duration: 143.73 ms
Execution 71 - QUIC Single
Handshake duration: 1047.53 ms
Execution 72 - QUIC Single
Handshake duration: 133.83 ms
Execution 73 - QUIC Single
Handshake duration: 342.36 ms
Execution 74 - QUIC Single
Handshake duration: 161.45 ms
Execution 75 - QUIC Single
Handshake duration: 46.98 ms
Execution 76 - QUIC Single
Handshake duration: 7324.42 ms
Execution 77 - QUIC Single
Handshake duration: 1367.38 ms
Execution 78 - QUIC Single
Handshake duration: 48.38 ms
Execution 79 - QUIC Single
Handshake duration: 1235.32 ms
Execution 80 - QUIC Single
Handshake duration: 232.17 ms
Execution 81 - QUIC Single
Handshake duration: 3030.42 ms
Execution 82 - QUIC Single
Handshake duration: 48.10 ms
Execution 83 - QUIC Single
Handshake duration: 48.19 ms
Execution 84 - QUIC Single
Handshake duration: 1030.18 ms
Execution 85 - QUIC Single
Handshake duration: 113.84 ms
Execution 86 - QUIC Single
Handshake duration: 127.34 ms
Execution 87 - QUIC Single
Handshake duration: 156.09 ms
Execution 88 - QUIC Single
Handshake duration: 48.08 ms
Execution 89 - QUIC Single
Handshake duration: 46.74 ms
Execution 90 - QUIC Single
Handshake duration: 48.07 ms
Execution 91 - QUIC Single
Handshake duration: 157.22 ms
Execution 92 - QUIC Single
Handshake duration: 469.48 ms
Execution 93 - QUIC Single
Handshake duration: 1394.47 ms
Execution 94 - QUIC Single
Handshake duration: 138.94 ms
Execution 95 - QUIC Single
Handshake duration: 120.66 ms
Execution 96 - QUIC Single
Handshake duration: 241.53 ms
Execution 97 - QUIC Single
Handshake duration: 47.99 ms
Execution 98 - QUIC Single
Handshake duration: 464.45 ms
Execution 99 - QUIC Single
Handshake duration: 656.01 ms
Execution 100 - QUIC Single
Handshake duration: 502.68 ms
Execution 101 - QUIC Single
Handshake duration: 48.38 ms
Execution 102 - QUIC Single
Handshake duration: 1290.82 ms
Execution 103 - QUIC Single
Handshake duration: 47.88 ms
Execution 104 - QUIC Single
Handshake duration: 48.02 ms
Execution 105 - QUIC Single
Handshake duration: 85.59 ms
Execution 106 - QUIC Single
Handshake duration: 730.16 ms
Execution 107 - QUIC Single
Handshake duration: 225.53 ms
Execution 108 - QUIC Single
Handshake duration: 94.43 ms
Execution 109 - QUIC Single
Handshake duration: 48.19 ms
Execution 110 - QUIC Single
Handshake duration: 126.64 ms
Execution 111 - QUIC Single
Handshake duration: 68.98 ms
Execution 112 - QUIC Single
Handshake duration: 127.98 ms
Execution 113 - QUIC Single
Handshake duration: 1326.08 ms
Execution 114 - QUIC Single
Handshake duration: 933.39 ms
Execution 115 - QUIC Single
Handshake duration: 97.99 ms
Execution 116 - QUIC Single
Handshake duration: 1032.31 ms
Execution 117 - QUIC Single
Handshake duration: 58.50 ms
Execution 118 - QUIC Single
Handshake duration: 61.68 ms
Execution 119 - QUIC Single
Handshake duration: 47.75 ms
Execution 120 - QUIC Single
Handshake duration: 186.01 ms
Execution 121 - QUIC Single
Handshake duration: 1102.13 ms
Execution 122 - QUIC Single
Handshake duration: 48.02 ms
Execution 123 - QUIC Single
Handshake duration: 64.23 ms
Execution 124 - QUIC Single
Handshake duration: 47.84 ms
Execution 125 - QUIC Single
Handshake duration: 1597.67 ms
