Handshake timeout budget: 150s (identique TLS/QUIC)
Applying netem rules to lo...
Showing qdisc status for the interface: lo
qdisc netem 8dbc: root refcnt 2 limit 1000 seed 10848504633111455514
 Sent 0 bytes 0 pkt (dropped 0, overlimits 0 requeues 0) 
 backlog 0b 0p requeues 0
Running ./perftestClientTlsQuic.sh with SIG_ALG=mldsa44 and KEM_ALG=p256_mlkem512
Execution 1 - QUIC Single
Handshake duration: 2031.29 ms
Execution 2 - QUIC Single
Handshake duration: 9.15 ms
Execution 3 - QUIC Single
Handshake duration: 2119.16 ms
Execution 4 - QUIC Single
Handshake duration: 8.78 ms
Execution 5 - QUIC Single
Handshake duration: 8.68 ms
Execution 6 - QUIC Single
Handshake duration: 9.26 ms
Execution 7 - QUIC Single
Handshake duration: 38.43 ms
Execution 8 - QUIC Single
Handshake duration: 9.15 ms
Execution 9 - QUIC Single
Handshake duration: 9.02 ms
Execution 10 - QUIC Single
Handshake duration: 9.10 ms
Execution 11 - QUIC Single
Handshake duration: 2030.88 ms
Execution 12 - QUIC Single
Handshake duration: 8113.21 ms
Execution 13 - QUIC Single
Handshake duration: 2007.48 ms
Execution 14 - QUIC Single
Handshake duration: 9.65 ms
Execution 15 - QUIC Single
Handshake duration: 8.90 ms
Execution 16 - QUIC Single
Handshake duration: 8.86 ms
Execution 17 - QUIC Single
Handshake duration: 2031.67 ms
Execution 18 - QUIC Single
Handshake duration: 7105.66 ms
Execution 19 - QUIC Single
Handshake duration: NaN ms
Execution 20 - QUIC Single
Handshake duration: 1021.81 ms
Execution 21 - QUIC Single
Handshake duration: 43.44 ms
Execution 22 - QUIC Single
Handshake duration: 8.70 ms
Execution 23 - QUIC Single
Handshake duration: 7007.25 ms
Execution 24 - QUIC Single
Handshake duration: 2031.39 ms
Execution 25 - QUIC Single
Handshake duration: 2261.96 ms
Execution 26 - QUIC Single
Handshake duration: 38.32 ms
Execution 27 - QUIC Single
Handshake duration: 13.43 ms
Execution 28 - QUIC Single
Handshake duration: 1998.14 ms
Execution 29 - QUIC Single
Handshake duration: 8.79 ms
Execution 30 - QUIC Single
Handshake duration: 8.78 ms
Execution 31 - QUIC Single
Handshake duration: 3036.68 ms
Execution 32 - QUIC Single
Handshake duration: 13.26 ms
Execution 33 - QUIC Single
Handshake duration: 9.25 ms
Execution 34 - QUIC Single
Handshake duration: 212.87 ms
Execution 35 - QUIC Single
Handshake duration: 8.79 ms
Execution 36 - QUIC Single
Handshake duration: 8.93 ms
Execution 37 - QUIC Single
Handshake duration: 8.60 ms
Execution 38 - QUIC Single
Handshake duration: 13.23 ms
Execution 39 - QUIC Single
Handshake duration: 2067.87 ms
Execution 40 - QUIC Single
Handshake duration: 2011.19 ms
Execution 41 - QUIC Single
Handshake duration: 38.39 ms
Execution 42 - QUIC Single
Handshake duration: 96.29 ms
Execution 43 - QUIC Single
Handshake duration: 8.70 ms
Execution 44 - QUIC Single
Handshake duration: 2030.81 ms
Execution 45 - QUIC Single
Handshake duration: 1047.76 ms
Execution 46 - QUIC Single
Handshake duration: 8.62 ms
Execution 47 - QUIC Single
Handshake duration: 8.79 ms
Execution 48 - QUIC Single
Handshake duration: 8.67 ms
Execution 49 - QUIC Single
Handshake duration: 10.09 ms
Execution 50 - QUIC Single
Handshake duration: 6669.91 ms
Execution 51 - QUIC Single
Handshake duration: 38.52 ms
Execution 52 - QUIC Single
Handshake duration: 9.60 ms
Execution 53 - QUIC Single
Handshake duration: 210.78 ms
Execution 54 - QUIC Single
Handshake duration: 1121.77 ms
Execution 55 - QUIC Single
Handshake duration: 8.83 ms
Execution 56 - QUIC Single
Handshake duration: 4006.04 ms
Execution 57 - QUIC Single
Handshake duration: 2030.66 ms
Execution 58 - QUIC Single
Handshake duration: 96.45 ms
Execution 59 - QUIC Single
Handshake duration: 2262.96 ms
Execution 60 - QUIC Single
Handshake duration: 8.86 ms
Execution 61 - QUIC Single
Handshake duration: 13.34 ms
Execution 62 - QUIC Single
Handshake duration: 8.75 ms
Execution 63 - QUIC Single
Handshake duration: 38.49 ms
Execution 64 - QUIC Single
Handshake duration: 1055.74 ms
Execution 65 - QUIC Single
Handshake duration: 8.80 ms
Execution 66 - QUIC Single
Handshake duration: 38.65 ms
Execution 67 - QUIC Single
Handshake duration: 1061.16 ms
Execution 68 - QUIC Single
Handshake duration: 2010.11 ms
Execution 69 - QUIC Single
Handshake duration: 13.22 ms
Execution 70 - QUIC Single
Handshake duration: 1009.88 ms
Execution 71 - QUIC Single
Handshake duration: 38.17 ms
Execution 72 - QUIC Single
Handshake duration: 96.42 ms
Execution 73 - QUIC Single
Handshake duration: 2007.77 ms
Execution 74 - QUIC Single
Handshake duration: 8.71 ms
Execution 75 - QUIC Single
Handshake duration: 1017.12 ms
Execution 76 - QUIC Single
Handshake duration: 11008.62 ms
Execution 77 - QUIC Single
Handshake duration: 4064.07 ms
Execution 78 - QUIC Single
Handshake duration: 9.66 ms
Execution 79 - QUIC Single
Handshake duration: 38.57 ms
Execution 80 - QUIC Single
Handshake duration: 4004.02 ms
Execution 81 - QUIC Single
Handshake duration: 38.44 ms
Execution 82 - QUIC Single
Handshake duration: 8.90 ms
Execution 83 - QUIC Single
Handshake duration: 38.49 ms
Execution 84 - QUIC Single
Handshake duration: 8.80 ms
Execution 85 - QUIC Single
Handshake duration: 8027.72 ms
Execution 86 - QUIC Single
Handshake duration: 4004.49 ms
Execution 87 - QUIC Single
Handshake duration: 8.98 ms
Execution 88 - QUIC Single
Handshake duration: 2007.00 ms
Execution 89 - QUIC Single
Handshake duration: 5920.53 ms
Execution 90 - QUIC Single
Handshake duration: 8.70 ms
Execution 91 - QUIC Single
Handshake duration: 1016.22 ms
Execution 92 - QUIC Single
Handshake duration: 2033.71 ms
Execution 93 - QUIC Single
Handshake duration: 8.75 ms
Execution 94 - QUIC Single
Handshake duration: 6377.69 ms
Execution 95 - QUIC Single
Handshake duration: 8.67 ms
Execution 96 - QUIC Single
Handshake duration: 1033.23 ms
Execution 97 - QUIC Single
Handshake duration: 110.07 ms
Execution 98 - QUIC Single
Handshake duration: 38.35 ms
Execution 99 - QUIC Single
Handshake duration: 8.75 ms
Execution 100 - QUIC Single
Handshake duration: 2031.42 ms
Execution 101 - QUIC Single
Handshake duration: 13.25 ms
Execution 102 - QUIC Single
Handshake duration: 13.08 ms
Execution 103 - QUIC Single
Handshake duration: 1010.91 ms
Execution 104 - QUIC Single
Handshake duration: 2013.58 ms
Execution 105 - QUIC Single
Handshake duration: 8.78 ms
Execution 106 - QUIC Single
Handshake duration: 1243.71 ms
Execution 107 - QUIC Single
Handshake duration: 2030.54 ms
Execution 108 - QUIC Single
Handshake duration: 1048.71 ms
Execution 109 - QUIC Single
Handshake duration: 1010.02 ms
Execution 110 - QUIC Single
Handshake duration: 4004.43 ms
Execution 111 - QUIC Single
Handshake duration: 244.24 ms
Execution 112 - QUIC Single
Handshake duration: 2031.31 ms
Execution 113 - QUIC Single
Handshake duration: 8.78 ms
Execution 114 - QUIC Single
Handshake duration: 13.25 ms
Execution 115 - QUIC Single
Handshake duration: 1010.41 ms
Execution 116 - QUIC Single
Handshake duration: 1094.13 ms
Execution 117 - QUIC Single
Handshake duration: 13.25 ms
Execution 118 - QUIC Single
Handshake duration: 2320.35 ms
Execution 119 - QUIC Single
Handshake duration: 13.26 ms
Execution 120 - QUIC Single
Handshake duration: 38.16 ms
Execution 121 - QUIC Single
Handshake duration: 13.29 ms
Execution 122 - QUIC Single
Handshake duration: 5035.52 ms
Execution 123 - QUIC Single
Handshake duration: 10035.39 ms
Execution 124 - QUIC Single
Handshake duration: 1049.37 ms
Execution 125 - QUIC Single
Handshake duration: 1039.61 ms
