Handshake timeout budget: 150s (identique TLS/QUIC)
Applying netem rules to lo...
Showing qdisc status for the interface: lo
qdisc netem 95f0: root refcnt 2 limit 1000 seed 9786449263767411494
 Sent 0 bytes 0 pkt (dropped 0, overlimits 0 requeues 0) 
 backlog 0b 0p requeues 0
Running ./perftestClientTlsQuic.sh with SIG_ALG=ed25519 and KEM_ALG=hqc128
Execution 1 - QUIC Single
Handshake duration: 1047.54 ms
Execution 2 - QUIC Single
Handshake duration: 16.34 ms
Execution 3 - QUIC Single
Handshake duration: 97.39 ms
Execution 4 - QUIC Single
Handshake duration: 15.89 ms
Execution 5 - QUIC Single
Handshake duration: 20.60 ms
Execution 6 - QUIC Single
Handshake duration: 3035.57 ms
Execution 7 - QUIC Single
Handshake duration: 15.82 ms
Execution 8 - QUIC Single
Handshake duration: 22.52 ms
Execution 9 - QUIC Single
Handshake duration: 58.63 ms
Execution 10 - QUIC Single
Handshake duration: 15.95 ms
Execution 11 - QUIC Single
Handshake duration: 60.29 ms
Execution 12 - QUIC Single
Handshake duration: 1069.21 ms
Execution 13 - QUIC Single
Handshake duration: 1479.12 ms
Execution 14 - QUIC Single
Handshake duration: 1912.82 ms
Execution 15 - QUIC Single
Handshake duration: 40.81 ms
Execution 16 - QUIC Single
Handshake duration: 22.32 ms
Execution 17 - QUIC Single
Handshake duration: 22.34 ms
Execution 18 - QUIC Single
Handshake duration: 161.57 ms
Execution 19 - QUIC Single
Handshake duration: 22.29 ms
Execution 20 - QUIC Single
Handshake duration: 15.86 ms
Execution 21 - QUIC Single
Handshake duration: 16.84 ms
Execution 22 - QUIC Single
Handshake duration: 534.37 ms
Execution 23 - QUIC Single
Handshake duration: 3013.00 ms
Execution 24 - QUIC Single
Handshake duration: 37.30 ms
Execution 25 - QUIC Single
Handshake duration: 22.32 ms
Execution 26 - QUIC Single
Handshake duration: 1040.98 ms
Execution 27 - QUIC Single
Handshake duration: 27.12 ms
Execution 28 - QUIC Single
Handshake duration: 1199.13 ms
Execution 29 - QUIC Single
Handshake duration: 15.98 ms
Execution 30 - QUIC Single
Handshake duration: 15.85 ms
Execution 31 - QUIC Single
Handshake duration: 1058.69 ms
Execution 32 - QUIC Single
Handshake duration: 15.86 ms
Execution 33 - QUIC Single
Handshake duration: 122.22 ms
Execution 34 - QUIC Single
Handshake duration: 15.86 ms
Execution 35 - QUIC Single
Handshake duration: 15.87 ms
Execution 36 - QUIC Single
Handshake duration: 38.00 ms
Execution 37 - QUIC Single
Handshake duration: 1166.38 ms
Execution 38 - QUIC Single
Handshake duration: 34.43 ms
Execution 39 - QUIC Single
Handshake duration: 20.54 ms
Execution 40 - QUIC Single
Handshake duration: 119.75 ms
Execution 41 - QUIC Single
Handshake duration: 15.93 ms
Execution 42 - QUIC Single
Handshake duration: 1052.89 ms
Execution 43 - QUIC Single
Handshake duration: 15.88 ms
Execution 44 - QUIC Single
Handshake duration: 1037.49 ms
Execution 45 - QUIC Single
Handshake duration: 16.06 ms
Execution 46 - QUIC Single
Handshake duration: 15.85 ms
Execution 47 - QUIC Single
Handshake duration: 15.94 ms
Execution 48 - QUIC Single
Handshake duration: 22.40 ms
Execution 49 - QUIC Single
Handshake duration: 22.33 ms
Execution 50 - QUIC Single
Handshake duration: 15.92 ms
Execution 51 - QUIC Single
Handshake duration: 15.94 ms
Execution 52 - QUIC Single
Handshake duration: 16.11 ms
Execution 53 - QUIC Single
Handshake duration: 15.83 ms
Execution 54 - QUIC Single
Handshake duration: 210.06 ms
Execution 55 - QUIC Single
Handshake duration: 20.93 ms
Execution 56 - QUIC Single
Handshake duration: 15.96 ms
Execution 57 - QUIC Single
Handshake duration: 127.66 ms
Execution 58 - QUIC Single
Handshake duration: 16.26 ms
Execution 59 - QUIC Single
Handshake duration: 15.82 ms
Execution 60 - QUIC Single
Handshake duration: 1014.04 ms
Execution 61 - QUIC Single
Handshake duration: 16.00 ms
Execution 62 - QUIC Single
Handshake duration: 1742.72 ms
Execution 63 - QUIC Single
Handshake duration: 1022.12 ms
Execution 64 - QUIC Single
Handshake duration: 30.48 ms
Execution 65 - QUIC Single
Handshake duration: 1096.02 ms
Execution 66 - QUIC Single
Handshake duration: 16.15 ms
Execution 67 - QUIC Single
Handshake duration: 1259.78 ms
Execution 68 - QUIC Single
Handshake duration: 15.89 ms
Execution 69 - QUIC Single
Handshake duration: 685.16 ms
Execution 70 - QUIC Single
Handshake duration: 16.00 ms
Execution 71 - QUIC Single
Handshake duration: 3036.65 ms
Execution 72 - QUIC Single
Handshake duration: 16.00 ms
Execution 73 - QUIC Single
Handshake duration: 65.32 ms
Execution 74 - QUIC Single
Handshake duration: 22.66 ms
Execution 75 - QUIC Single
Handshake duration: 15.94 ms
Execution 76 - QUIC Single
Handshake duration: 122.18 ms
Execution 77 - QUIC Single
Handshake duration: 1138.37 ms
Execution 78 - QUIC Single
Handshake duration: 15.86 ms
Execution 79 - QUIC Single
Handshake duration: 15.88 ms
Execution 80 - QUIC Single
Handshake duration: 15.87 ms
Execution 81 - QUIC Single
Handshake duration: 94.64 ms
Execution 82 - QUIC Single
Handshake duration: 1032.54 ms
Execution 83 - QUIC Single
Handshake duration: 17.68 ms
Execution 84 - QUIC Single
Handshake duration: 28.16 ms
Execution 85 - QUIC Single
Handshake duration: 16.05 ms
Execution 86 - QUIC Single
Handshake duration: 72.41 ms
Execution 87 - QUIC Single
Handshake duration: 255.40 ms
Execution 88 - QUIC Single
Handshake duration: 101.08 ms
Execution 89 - QUIC Single
Handshake duration: 15.95 ms
Execution 90 - QUIC Single
Handshake duration: 16.01 ms
Execution 91 - QUIC Single
Handshake duration: 217.83 ms
Execution 92 - QUIC Single
Handshake duration: 3100.15 ms
Execution 93 - QUIC Single
Handshake duration: 15.85 ms
Execution 94 - QUIC Single
Handshake duration: 15.85 ms
Execution 95 - QUIC Single
Handshake duration: 15.91 ms
Execution 96 - QUIC Single
Handshake duration: 1031.13 ms
Execution 97 - QUIC Single
Handshake duration: 16.17 ms
Execution 98 - QUIC Single
Handshake duration: 16.08 ms
Execution 99 - QUIC Single
Handshake duration: 1107.09 ms
Execution 100 - QUIC Single
Handshake duration: 16.08 ms
Execution 101 - QUIC Single
Handshake duration: 4112.65 ms
Execution 102 - QUIC Single
Handshake duration: 1038.23 ms
Execution 103 - QUIC Single
Handshake duration: 1036.13 ms
Execution 104 - QUIC Single
Handshake duration: 22.34 ms
Execution 105 - QUIC Single
Handshake duration: 15.80 ms
Execution 106 - QUIC Single
Handshake duration: 147.02 ms
Execution 107 - QUIC Single
Handshake duration: 15.84 ms
Execution 108 - QUIC Single
Handshake duration: 1165.54 ms
Execution 109 - QUIC Single
Handshake duration: 131.73 ms
Execution 110 - QUIC Single
Handshake duration: 16.02 ms
Execution 111 - QUIC Single
Handshake duration: 3012.68 ms
Execution 112 - QUIC Single
Handshake duration: 15.86 ms
Execution 113 - QUIC Single
Handshake duration: 22.41 ms
Execution 114 - QUIC Single
Handshake duration: 1681.32 ms
Execution 115 - QUIC Single
Handshake duration: 15.85 ms
Execution 116 - QUIC Single
Handshake duration: 16.02 ms
Execution 117 - QUIC Single
Handshake duration: 184.05 ms
Execution 118 - QUIC Single
Handshake duration: 15.96 ms
Execution 119 - QUIC Single
Handshake duration: 22.37 ms
Execution 120 - QUIC Single
Handshake duration: 15.94 ms
Execution 121 - QUIC Single
Handshake duration: 15.87 ms
Execution 122 - QUIC Single
Handshake duration: 15.79 ms
Execution 123 - QUIC Single
Handshake duration: 66.81 ms
Execution 124 - QUIC Single
Handshake duration: 22.40 ms
Execution 125 - QUIC Single
Handshake duration: 15.89 ms
