Handshake timeout budget: 150s (identique TLS/QUIC)
Applying netem rules to lo...
Showing qdisc status for the interface: lo
qdisc netem 81f5: root refcnt 2 limit 1000 seed 7043823385789654512
 Sent 0 bytes 0 pkt (dropped 0, overlimits 0 requeues 0) 
 backlog 0b 0p requeues 0
Running ./perftestClientTlsQuic.sh with SIG_ALG=mldsa65 and KEM_ALG=P-384
Execution 1 - QUIC Single
Handshake duration: 89.52 ms
Execution 2 - QUIC Single
Handshake duration: NaN ms
Execution 3 - QUIC Single
Handshake duration: 3000.93 ms
Execution 4 - QUIC Single
Handshake duration: 4.19 ms
Execution 5 - QUIC Single
Handshake duration: 60.87 ms
Execution 6 - QUIC Single
Handshake duration: 4.29 ms
Execution 7 - QUIC Single
Handshake duration: 5.41 ms
Execution 8 - QUIC Single
Handshake duration: NaN ms
Execution 9 - QUIC Single
Handshake duration: 40.86 ms
Execution 10 - QUIC Single
Handshake duration: 3082.25 ms
Execution 11 - QUIC Single
Handshake duration: 3.88 ms
Execution 12 - QUIC Single
Handshake duration: 200.43 ms
Execution 13 - QUIC Single
Handshake duration: 3056.28 ms
Execution 14 - QUIC Single
Handshake duration: 7071.62 ms
Execution 15 - QUIC Single
Handshake duration: 3000.74 ms
Execution 16 - QUIC Single
Handshake duration: 5.21 ms
Execution 17 - QUIC Single
Handshake duration: 4.37 ms
Execution 18 - QUIC Single
Handshake duration: 3000.76 ms
Execution 19 - QUIC Single
Handshake duration: NaN ms
Execution 20 - QUIC Single
Handshake duration: 89.93 ms
Execution 21 - QUIC Single
Handshake duration: 4.06 ms
Execution 22 - QUIC Single
Handshake duration: 2203.97 ms
Execution 23 - QUIC Single
Handshake duration: 42.30 ms
Execution 24 - QUIC Single
Handshake duration: 7323.92 ms
Execution 25 - QUIC Single
Handshake duration: 3029.14 ms
Execution 26 - QUIC Single
Handshake duration: 7320.80 ms
Execution 27 - QUIC Single
Handshake duration: 3028.75 ms
Execution 28 - QUIC Single
Handshake duration: 68.33 ms
Execution 29 - QUIC Single
Handshake duration: 5.28 ms
Execution 30 - QUIC Single
Handshake duration: 5.22 ms
Execution 31 - QUIC Single
Handshake duration: 4.03 ms
Execution 32 - QUIC Single
Handshake duration: 71.39 ms
Execution 33 - QUIC Single
Handshake duration: 7074.85 ms
Execution 34 - QUIC Single
Handshake duration: 5.29 ms
Execution 35 - QUIC Single
Handshake duration: 4.24 ms
Execution 36 - QUIC Single
Handshake duration: 3000.96 ms
Execution 37 - QUIC Single
Handshake duration: 4.15 ms
Execution 38 - QUIC Single
Handshake duration: 7237.39 ms
Execution 39 - QUIC Single
Handshake duration: NaN ms
Execution 40 - QUIC Single
Handshake duration: NaN ms
Execution 41 - QUIC Single
Handshake duration: NaN ms
Execution 42 - QUIC Single
Handshake duration: NaN ms
Execution 43 - QUIC Single
Handshake duration: 32.79 ms
Execution 44 - QUIC Single
Handshake duration: 4.10 ms
Execution 45 - QUIC Single
Handshake duration: 200.18 ms
Execution 46 - QUIC Single
Handshake duration: 4.11 ms
Execution 47 - QUIC Single
Handshake duration: 3000.69 ms
Execution 48 - QUIC Single
Handshake duration: 3001.53 ms
Execution 49 - QUIC Single
Handshake duration: 4.11 ms
Execution 50 - QUIC Single
Handshake duration: NaN ms
Execution 51 - QUIC Single
Handshake duration: 4.01 ms
Execution 52 - QUIC Single
Handshake duration: 32.79 ms
Execution 53 - QUIC Single
Handshake duration: 32.75 ms
Execution 54 - QUIC Single
Handshake duration: 4.03 ms
Execution 55 - QUIC Single
Handshake duration: 117.45 ms
Execution 56 - QUIC Single
Handshake duration: 3000.59 ms
Execution 57 - QUIC Single
Handshake duration: 3000.68 ms
Execution 58 - QUIC Single
Handshake duration: 4.09 ms
Execution 59 - QUIC Single
Handshake duration: 5.30 ms
Execution 60 - QUIC Single
Handshake duration: 5.22 ms
Execution 61 - QUIC Single
Handshake duration: NaN ms
Execution 62 - QUIC Single
Handshake duration: NaN ms
Execution 63 - QUIC Single
Handshake duration: 4.16 ms
Execution 64 - QUIC Single
Handshake duration: 124.41 ms
Execution 65 - QUIC Single
Handshake duration: 4.07 ms
Execution 66 - QUIC Single
Handshake duration: NaN ms
Execution 67 - QUIC Single
Handshake duration: 4.01 ms
Execution 68 - QUIC Single
Handshake duration: 3000.33 ms
Execution 69 - QUIC Single
Handshake duration: 4.15 ms
Execution 70 - QUIC Single
Handshake duration: 3029.12 ms
Execution 71 - QUIC Single
Handshake duration: 7071.73 ms
Execution 72 - QUIC Single
Handshake duration: 4.14 ms
Execution 73 - QUIC Single
Handshake duration: 4.33 ms
Execution 74 - QUIC Single
Handshake duration: 32.71 ms
Execution 75 - QUIC Single
Handshake duration: 3001.81 ms
Execution 76 - QUIC Single
Handshake duration: 4.12 ms
Execution 77 - QUIC Single
Handshake duration: 3.94 ms
Execution 78 - QUIC Single
Handshake duration: 32.81 ms
Execution 79 - QUIC Single
Handshake duration: 267.21 ms
Execution 80 - QUIC Single
Handshake duration: 1015.60 ms
Execution 81 - QUIC Single
Handshake duration: 3000.89 ms
Execution 82 - QUIC Single
Handshake duration: 453.36 ms
Execution 83 - QUIC Single
Handshake duration: 8374.11 ms
Execution 84 - QUIC Single
Handshake duration: 4.08 ms
Execution 85 - QUIC Single
Handshake duration: 4.02 ms
Execution 86 - QUIC Single
Handshake duration: 3000.73 ms
Execution 87 - QUIC Single
Handshake duration: 513.45 ms
Execution 88 - QUIC Single
Handshake duration: 5.26 ms
Execution 89 - QUIC Single
Handshake duration: 32.81 ms
Execution 90 - QUIC Single
Handshake duration: NaN ms
Execution 91 - QUIC Single
Handshake duration: 497.39 ms
Execution 92 - QUIC Single
Handshake duration: 3000.67 ms
Execution 93 - QUIC Single
Handshake duration: NaN ms
Execution 94 - QUIC Single
Handshake duration: 3000.92 ms
Execution 95 - QUIC Single
Handshake duration: 2999.81 ms
Execution 96 - QUIC Single
Handshake duration: 60.95 ms
Execution 97 - QUIC Single
Handshake duration: 3000.25 ms
Execution 98 - QUIC Single
Handshake duration: 7073.52 ms
Execution 99 - QUIC Single
Handshake duration: 4.25 ms
Execution 100 - QUIC Single
Handshake duration: 4.04 ms
Execution 101 - QUIC Single
Handshake duration: 4.24 ms
Execution 102 - QUIC Single
Handshake duration: 89.19 ms
Execution 103 - QUIC Single
Handshake duration: 3000.97 ms
Execution 104 - QUIC Single
Handshake duration: 3085.36 ms
Execution 105 - QUIC Single
Handshake duration: NaN ms
Execution 106 - QUIC Single
Handshake duration: 3001.11 ms
Execution 107 - QUIC Single
Handshake duration: 3000.67 ms
Execution 108 - QUIC Single
Handshake duration: 4.08 ms
Execution 109 - QUIC Single
Handshake duration: 32.54 ms
Execution 110 - QUIC Single
Handshake duration: 7297.09 ms
Execution 111 - QUIC Single
Handshake duration: 201.38 ms
Execution 112 - QUIC Single
Handshake duration: 5.22 ms
Execution 113 - QUIC Single
Handshake duration: 524.26 ms
Execution 114 - QUIC Single
Handshake duration: 5.31 ms
Execution 115 - QUIC Single
Handshake duration: 3000.64 ms
Execution 116 - QUIC Single
Handshake duration: 4.00 ms
Execution 117 - QUIC Single
Handshake duration: 33.80 ms
Execution 118 - QUIC Single
Handshake duration: 3001.51 ms
Execution 119 - QUIC Single
Handshake duration: 4.33 ms
Execution 120 - QUIC Single
Handshake duration: NaN ms
Execution 121 - QUIC Single
Handshake duration: 7293.99 ms
Execution 122 - QUIC Single
Handshake duration: 3001.46 ms
Execution 123 - QUIC Single
Handshake duration: 4.15 ms
Execution 124 - QUIC Single
Handshake duration: 422.71 ms
Execution 125 - QUIC Single
Handshake duration: 869.39 ms
