Handshake timeout budget: 150s (identique TLS/QUIC)
Applying netem rules to lo...
Showing qdisc status for the interface: lo
qdisc netem 81c8: root refcnt 2 limit 1000 seed 3776992766977728829
 Sent 0 bytes 0 pkt (dropped 0, overlimits 0 requeues 0) 
 backlog 0b 0p requeues 0
Running ./perftestClientTlsQuic.sh with SIG_ALG=ed25519 and KEM_ALG=p256_hqc128
Execution 1 - QUIC Single
Handshake duration: 3194.27 ms
Execution 2 - QUIC Single
Handshake duration: 28.41 ms
Execution 3 - QUIC Single
Handshake duration: 48.49 ms
Execution 4 - QUIC Single
Handshake duration: 22.89 ms
Execution 5 - QUIC Single
Handshake duration: 73.95 ms
Execution 6 - QUIC Single
Handshake duration: 22.70 ms
Execution 7 - QUIC Single
Handshake duration: 33.78 ms
Execution 8 - QUIC Single
Handshake duration: 112.43 ms
Execution 9 - QUIC Single
Handshake duration: 33.57 ms
Execution 10 - QUIC Single
Handshake duration: 1036.29 ms
Execution 11 - QUIC Single
Handshake duration: 22.95 ms
Execution 12 - QUIC Single
Handshake duration: 22.81 ms
Execution 13 - QUIC Single
Handshake duration: 7025.92 ms
Execution 14 - QUIC Single
Handshake duration: 55.35 ms
Execution 15 - QUIC Single
Handshake duration: 23.00 ms
Execution 16 - QUIC Single
Handshake duration: 1045.45 ms
Execution 17 - QUIC Single
Handshake duration: 22.71 ms
Execution 18 - QUIC Single
Handshake duration: 86.12 ms
Execution 19 - QUIC Single
Handshake duration: 22.81 ms
Execution 20 - QUIC Single
Handshake duration: 3102.65 ms
Execution 21 - QUIC Single
Handshake duration: 22.66 ms
Execution 22 - QUIC Single
Handshake duration: 22.91 ms
Execution 23 - QUIC Single
Handshake duration: 3229.45 ms
Execution 24 - QUIC Single
Handshake duration: 22.73 ms
Execution 25 - QUIC Single
Handshake duration: 22.73 ms
Execution 26 - QUIC Single
Handshake duration: 1019.57 ms
Execution 27 - QUIC Single
Handshake duration: 524.63 ms
Execution 28 - QUIC Single
Handshake duration: 28.88 ms
Execution 29 - QUIC Single
Handshake duration: 22.83 ms
Execution 30 - QUIC Single
Handshake duration: 22.68 ms
Execution 31 - QUIC Single
Handshake duration: 3027.39 ms
Execution 32 - QUIC Single
Handshake duration: 41.93 ms
Execution 33 - QUIC Single
Handshake duration: 3018.56 ms
Execution 34 - QUIC Single
Handshake duration: 33.63 ms
Execution 35 - QUIC Single
Handshake duration: 22.80 ms
Execution 36 - QUIC Single
Handshake duration: 22.70 ms
Execution 37 - QUIC Single
Handshake duration: 173.13 ms
Execution 38 - QUIC Single
Handshake duration: 22.68 ms
Execution 39 - QUIC Single
Handshake duration: 22.79 ms
Execution 40 - QUIC Single
Handshake duration: 2087.42 ms
Execution 41 - QUIC Single
Handshake duration: 1034.75 ms
Execution 42 - QUIC Single
Handshake duration: 3099.53 ms
Execution 43 - QUIC Single
Handshake duration: 22.97 ms
Execution 44 - QUIC Single
Handshake duration: 1087.98 ms
Execution 45 - QUIC Single
Handshake duration: 92.66 ms
Execution 46 - QUIC Single
Handshake duration: 22.69 ms
Execution 47 - QUIC Single
Handshake duration: 23.17 ms
Execution 48 - QUIC Single
Handshake duration: 22.73 ms
Execution 49 - QUIC Single
Handshake duration: 1060.75 ms
Execution 50 - QUIC Single
Handshake duration: NaN ms
Execution 51 - QUIC Single
Handshake duration: 1048.48 ms
Execution 52 - QUIC Single
Handshake duration: 22.76 ms
Execution 53 - QUIC Single
Handshake duration: 1042.26 ms
Execution 54 - QUIC Single
Handshake duration: 22.86 ms
Execution 55 - QUIC Single
Handshake duration: 22.72 ms
Execution 56 - QUIC Single
Handshake duration: 22.88 ms
Execution 57 - QUIC Single
Handshake duration: 22.61 ms
Execution 58 - QUIC Single
Handshake duration: 22.64 ms
Execution 59 - QUIC Single
Handshake duration: 22.62 ms
Execution 60 - QUIC Single
Handshake duration: 86.49 ms
Execution 61 - QUIC Single
Handshake duration: 1047.65 ms
Execution 62 - QUIC Single
Handshake duration: 1042.53 ms
Execution 63 - QUIC Single
Handshake duration: 92.52 ms
Execution 64 - QUIC Single
Handshake duration: 1019.60 ms
Execution 65 - QUIC Single
Handshake duration: 22.82 ms
Execution 66 - QUIC Single
Handshake duration: 22.75 ms
Execution 67 - QUIC Single
Handshake duration: 3039.63 ms
Execution 68 - QUIC Single
Handshake duration: 22.75 ms
Execution 69 - QUIC Single
Handshake duration: 36.69 ms
Execution 70 - QUIC Single
Handshake duration: 65.04 ms
Execution 71 - QUIC Single
Handshake duration: 22.77 ms
Execution 72 - QUIC Single
Handshake duration: 22.72 ms
Execution 73 - QUIC Single
Handshake duration: 81.18 ms
Execution 74 - QUIC Single
Handshake duration: 3038.13 ms
Execution 75 - QUIC Single
Handshake duration: 23.82 ms
Execution 76 - QUIC Single
Handshake duration: 23.45 ms
Execution 77 - QUIC Single
Handshake duration: 71.61 ms
Execution 78 - QUIC Single
Handshake duration: 22.95 ms
Execution 79 - QUIC Single
Handshake duration: 251.35 ms
Execution 80 - QUIC Single
Handshake duration: 22.71 ms
Execution 81 - QUIC Single
Handshake duration: 22.71 ms
Execution 82 - QUIC Single
Handshake duration: 22.91 ms
Execution 83 - QUIC Single
Handshake duration: 7015.42 ms
Execution 84 - QUIC Single
Handshake duration: 1041.69 ms
Execution 85 - QUIC Single
Handshake duration: 1027.10 ms
Execution 86 - QUIC Single
Handshake duration: 7098.35 ms
Execution 87 - QUIC Single
Handshake duration: 23.12 ms
Execution 88 - QUIC Single
Handshake duration: 22.78 ms
Execution 89 - QUIC Single
Handshake duration: 440.22 ms
Execution 90 - QUIC Single
Handshake duration: 3032.71 ms
Execution 91 - QUIC Single
Handshake duration: 22.62 ms
Execution 92 - QUIC Single
Handshake duration: 22.74 ms
Execution 93 - QUIC Single
Handshake duration: 1041.62 ms
Execution 94 - QUIC Single
Handshake duration: 22.81 ms
Execution 95 - QUIC Single
Handshake duration: 31.10 ms
Execution 96 - QUIC Single
Handshake duration: 33.63 ms
Execution 97 - QUIC Single
Handshake duration: 33.43 ms
Execution 98 - QUIC Single
Handshake duration: 28.00 ms
Execution 99 - QUIC Single
Handshake duration: 216.29 ms
Execution 100 - QUIC Single
Handshake duration: 22.66 ms
Execution 101 - QUIC Single
Handshake duration: 22.61 ms
Execution 102 - QUIC Single
Handshake duration: 31.15 ms
Execution 103 - QUIC Single
Handshake duration: 22.91 ms
Execution 104 - QUIC Single
Handshake duration: 1069.97 ms
Execution 105 - QUIC Single
Handshake duration: 36.92 ms
Execution 106 - QUIC Single
Handshake duration: 155.96 ms
Execution 107 - QUIC Single
Handshake duration: 27.90 ms
Execution 108 - QUIC Single
Handshake duration: 28.00 ms
Execution 109 - QUIC Single
Handshake duration: 22.88 ms
Execution 110 - QUIC Single
Handshake duration: 27.92 ms
Execution 111 - QUIC Single
Handshake duration: 28.67 ms
Execution 112 - QUIC Single
Handshake duration: 22.82 ms
Execution 113 - QUIC Single
Handshake duration: 22.63 ms
Execution 114 - QUIC Single
Handshake duration: 2032.08 ms
Execution 115 - QUIC Single
Handshake duration: 22.85 ms
Execution 116 - QUIC Single
Handshake duration: 120.93 ms
Execution 117 - QUIC Single
Handshake duration: 28.80 ms
Execution 118 - QUIC Single
Handshake duration: 28.17 ms
Execution 119 - QUIC Single
Handshake duration: 22.97 ms
Execution 120 - QUIC Single
Handshake duration: 22.85 ms
Execution 121 - QUIC Single
Handshake duration: 1019.34 ms
Execution 122 - QUIC Single
Handshake duration: 22.82 ms
Execution 123 - QUIC Single
Handshake duration: 22.72 ms
Execution 124 - QUIC Single
Handshake duration: 3019.20 ms
Execution 125 - QUIC Single
Handshake duration: 22.67 ms
