Handshake timeout budget: 150s (identique TLS/QUIC)
Applying netem rules to lo...
Showing qdisc status for the interface: lo
qdisc netem 9d13: root refcnt 2 limit 1000 seed 4707794795218306832
 Sent 0 bytes 0 pkt (dropped 0, overlimits 0 requeues 0) 
 backlog 0b 0p requeues 0
Running ./perftestClientTlsQuic.sh with SIG_ALG=mldsa44 and KEM_ALG=p256_hqc128
Execution 1 - QUIC Single
Handshake duration: 1081.15 ms
Execution 2 - QUIC Single
Handshake duration: 2301.30 ms
Execution 3 - QUIC Single
Handshake duration: 2024.12 ms
Execution 4 - QUIC Single
Handshake duration: 331.06 ms
Execution 5 - QUIC Single
Handshake duration: 221.26 ms
Execution 6 - QUIC Single
Handshake duration: 139.56 ms
Execution 7 - QUIC Single
Handshake duration: 57.19 ms
Execution 8 - QUIC Single
Handshake duration: 25.01 ms
Execution 9 - QUIC Single
Handshake duration: 1201.94 ms
Execution 10 - QUIC Single
Handshake duration: 23.95 ms
Execution 11 - QUIC Single
Handshake duration: 125.49 ms
Execution 12 - QUIC Single
Handshake duration: 4181.91 ms
Execution 13 - QUIC Single
Handshake duration: 2022.33 ms
Execution 14 - QUIC Single
Handshake duration: 2754.05 ms
Execution 15 - QUIC Single
Handshake duration: 2233.31 ms
Execution 16 - QUIC Single
Handshake duration: 23.24 ms
Execution 17 - QUIC Single
Handshake duration: 427.55 ms
Execution 18 - QUIC Single
Handshake duration: 157.19 ms
Execution 19 - QUIC Single
Handshake duration: 22.95 ms
Execution 20 - QUIC Single
Handshake duration: 43.19 ms
Execution 21 - QUIC Single
Handshake duration: 7062.42 ms
Execution 22 - QUIC Single
Handshake duration: 22.75 ms
Execution 23 - QUIC Single
Handshake duration: 22.83 ms
Execution 24 - QUIC Single
Handshake duration: 22.58 ms
Execution 25 - QUIC Single
Handshake duration: 104.03 ms
Execution 26 - QUIC Single
Handshake duration: 131.43 ms
Execution 27 - QUIC Single
Handshake duration: 801.95 ms
Execution 28 - QUIC Single
Handshake duration: 58.85 ms
Execution 29 - QUIC Single
Handshake duration: 234.08 ms
Execution 30 - QUIC Single
Handshake duration: 1364.00 ms
Execution 31 - QUIC Single
Handshake duration: 22.92 ms
Execution 32 - QUIC Single
Handshake duration: 160.40 ms
Execution 33 - QUIC Single
Handshake duration: 23.04 ms
Execution 34 - QUIC Single
Handshake duration: 2016.43 ms
Execution 35 - QUIC Single
Handshake duration: 1028.66 ms
Execution 36 - QUIC Single
Handshake duration: 4834.75 ms
Execution 37 - QUIC Single
Handshake duration: 22.78 ms
Execution 38 - QUIC Single
Handshake duration: 23.31 ms
Execution 39 - QUIC Single
Handshake duration: 3118.41 ms
Execution 40 - QUIC Single
Handshake duration: 33.67 ms
Execution 41 - QUIC Single
Handshake duration: 33.55 ms
Execution 42 - QUIC Single
Handshake duration: 22.73 ms
Execution 43 - QUIC Single
Handshake duration: 51.07 ms
Execution 44 - QUIC Single
Handshake duration: 51.00 ms
Execution 45 - QUIC Single
Handshake duration: 4168.81 ms
Execution 46 - QUIC Single
Handshake duration: 51.27 ms
Execution 47 - QUIC Single
Handshake duration: 4058.85 ms
Execution 48 - QUIC Single
Handshake duration: 1083.83 ms
Execution 49 - QUIC Single
Handshake duration: 51.21 ms
Execution 50 - QUIC Single
Handshake duration: 2446.71 ms
Execution 51 - QUIC Single
Handshake duration: 22.82 ms
Execution 52 - QUIC Single
Handshake duration: 22.61 ms
Execution 53 - QUIC Single
Handshake duration: 22.66 ms
Execution 54 - QUIC Single
Handshake duration: 94.14 ms
Execution 55 - QUIC Single
Handshake duration: 71.43 ms
Execution 56 - QUIC Single
Handshake duration: 59.26 ms
Execution 57 - QUIC Single
Handshake duration: 22.77 ms
Execution 58 - QUIC Single
Handshake duration: NaN ms
Execution 59 - QUIC Single
Handshake duration: 4015.42 ms
Execution 60 - QUIC Single
Handshake duration: 22.68 ms
Execution 61 - QUIC Single
Handshake duration: 2094.81 ms
Execution 62 - QUIC Single
Handshake duration: 2309.82 ms
Execution 63 - QUIC Single
Handshake duration: 102.27 ms
Execution 64 - QUIC Single
Handshake duration: 23.02 ms
Execution 65 - QUIC Single
Handshake duration: 661.65 ms
Execution 66 - QUIC Single
Handshake duration: 555.00 ms
Execution 67 - QUIC Single
Handshake duration: 218.02 ms
Execution 68 - QUIC Single
Handshake duration: 33.27 ms
Execution 69 - QUIC Single
Handshake duration: 1073.60 ms
Execution 70 - QUIC Single
Handshake duration: 22.77 ms
Execution 71 - QUIC Single
Handshake duration: 33.18 ms
Execution 72 - QUIC Single
Handshake duration: 4275.49 ms
Execution 73 - QUIC Single
Handshake duration: 33.32 ms
Execution 74 - QUIC Single
Handshake duration: 553.27 ms
Execution 75 - QUIC Single
Handshake duration: 123.56 ms
Execution 76 - QUIC Single
Handshake duration: 15083.99 ms
Execution 77 - QUIC Single
Handshake duration: 22.65 ms
Execution 78 - QUIC Single
Handshake duration: 22.93 ms
Execution 79 - QUIC Single
Handshake duration: 54.56 ms
Execution 80 - QUIC Single
Handshake duration: 1147.05 ms
Execution 81 - QUIC Single
Handshake duration: 51.14 ms
Execution 82 - QUIC Single
Handshake duration: 22.81 ms
Execution 83 - QUIC Single
Handshake duration: 1078.39 ms
Execution 84 - QUIC Single
Handshake duration: 2062.14 ms
Execution 85 - QUIC Single
Handshake duration: 656.38 ms
Execution 86 - QUIC Single
Handshake duration: 3954.20 ms
Execution 87 - QUIC Single
Handshake duration: 23.16 ms
Execution 88 - QUIC Single
Handshake duration: 33.26 ms
Execution 89 - QUIC Single
Handshake duration: 27.45 ms
Execution 90 - QUIC Single
Handshake duration: 33.58 ms
Execution 91 - QUIC Single
Handshake duration: 9718.09 ms
Execution 92 - QUIC Single
Handshake duration: 22.75 ms
Execution 93 - QUIC Single
Handshake duration: 1692.01 ms
Execution 94 - QUIC Single
Handshake duration: 445.53 ms
Execution 95 - QUIC Single
Handshake duration: 222.53 ms
Execution 96 - QUIC Single
Handshake duration: 1064.13 ms
Execution 97 - QUIC Single
Handshake duration: 9379.13 ms
Execution 98 - QUIC Single
Handshake duration: 33.31 ms
Execution 99 - QUIC Single
Handshake duration: 34.27 ms
Execution 100 - QUIC Single
Handshake duration: 29.08 ms
Execution 101 - QUIC Single
Handshake duration: 22.81 ms
Execution 102 - QUIC Single
Handshake duration: 1021.57 ms
Execution 103 - QUIC Single
Handshake duration: 22.72 ms
Execution 104 - QUIC Single
Handshake duration: 22.59 ms
Execution 105 - QUIC Single
Handshake duration: 59.13 ms
Execution 106 - QUIC Single
Handshake duration: 33.47 ms
Execution 107 - QUIC Single
Handshake duration: 22.85 ms
Execution 108 - QUIC Single
Handshake duration: 1171.22 ms
Execution 109 - QUIC Single
Handshake duration: 22.52 ms
Execution 110 - QUIC Single
Handshake duration: 22.64 ms
Execution 111 - QUIC Single
Handshake duration: 1076.74 ms
Execution 112 - QUIC Single
Handshake duration: 7119.69 ms
Execution 113 - QUIC Single
Handshake duration: 22.71 ms
Execution 114 - QUIC Single
Handshake duration: 1037.44 ms
Execution 115 - QUIC Single
Handshake duration: 22.82 ms
Execution 116 - QUIC Single
Handshake duration: 208.43 ms
Execution 117 - QUIC Single
Handshake duration: 27.98 ms
Execution 118 - QUIC Single
Handshake duration: 2146.34 ms
Execution 119 - QUIC Single
Handshake duration: 22.81 ms
Execution 120 - QUIC Single
Handshake duration: 56.23 ms
Execution 121 - QUIC Single
Handshake duration: 35.28 ms
Execution 122 - QUIC Single
Handshake duration: 2798.82 ms
Execution 123 - QUIC Single
Handshake duration: 27.89 ms
Execution 124 - QUIC Single
Handshake duration: 1072.85 ms
Execution 125 - QUIC Single
Handshake duration: NaN ms
