Handshake timeout budget: 150s (identique TLS/QUIC)
Applying netem rules to lo...
Showing qdisc status for the interface: lo
qdisc netem 8d9b: root refcnt 2 limit 1000 seed 4161810315535666734
 Sent 0 bytes 0 pkt (dropped 0, overlimits 0 requeues 0) 
 backlog 0b 0p requeues 0
Running ./perftestClientTlsQuic.sh with SIG_ALG=mldsa44 and KEM_ALG=x25519_hqc128
Execution 1 - QUIC Single
Handshake duration: 11492.96 ms
Execution 2 - QUIC Single
Handshake duration: 65.48 ms
Execution 3 - QUIC Single
Handshake duration: 25.48 ms
Execution 4 - QUIC Single
Handshake duration: 32.25 ms
Execution 5 - QUIC Single
Handshake duration: 51.40 ms
Execution 6 - QUIC Single
Handshake duration: 34.74 ms
Execution 7 - QUIC Single
Handshake duration: NaN ms
Execution 8 - QUIC Single
Handshake duration: 6604.92 ms
Execution 9 - QUIC Single
Handshake duration: 25.44 ms
Execution 10 - QUIC Single
Handshake duration: 65.15 ms
Execution 11 - QUIC Single
Handshake duration: 1536.02 ms
Execution 12 - QUIC Single
Handshake duration: 139.90 ms
Execution 13 - QUIC Single
Handshake duration: 25.94 ms
Execution 14 - QUIC Single
Handshake duration: 25.42 ms
Execution 15 - QUIC Single
Handshake duration: 35.30 ms
Execution 16 - QUIC Single
Handshake duration: 4332.81 ms
Execution 17 - QUIC Single
Handshake duration: 26.04 ms
Execution 18 - QUIC Single
Handshake duration: 1348.30 ms
Execution 19 - QUIC Single
Handshake duration: 4086.87 ms
Execution 20 - QUIC Single
Handshake duration: 2086.23 ms
Execution 21 - QUIC Single
Handshake duration: 149.50 ms
Execution 22 - QUIC Single
Handshake duration: 1160.74 ms
Execution 23 - QUIC Single
Handshake duration: 54.15 ms
Execution 24 - QUIC Single
Handshake duration: 2287.88 ms
Execution 25 - QUIC Single
Handshake duration: 3290.76 ms
Execution 26 - QUIC Single
Handshake duration: 4145.55 ms
Execution 27 - QUIC Single
Handshake duration: 45.34 ms
Execution 28 - QUIC Single
Handshake duration: 484.37 ms
Execution 29 - QUIC Single
Handshake duration: 3232.06 ms
Execution 30 - QUIC Single
Handshake duration: 323.23 ms
Execution 31 - QUIC Single
Handshake duration: 189.58 ms
Execution 32 - QUIC Single
Handshake duration: 5059.21 ms
Execution 33 - QUIC Single
Handshake duration: 4362.90 ms
Execution 34 - QUIC Single
Handshake duration: 1311.38 ms
Execution 35 - QUIC Single
Handshake duration: 25.44 ms
Execution 36 - QUIC Single
Handshake duration: 81.23 ms
Execution 37 - QUIC Single
Handshake duration: 35.19 ms
Execution 38 - QUIC Single
Handshake duration: 50.38 ms
Execution 39 - QUIC Single
Handshake duration: 1921.48 ms
Execution 40 - QUIC Single
Handshake duration: 2069.02 ms
Execution 41 - QUIC Single
Handshake duration: 24.84 ms
Execution 42 - QUIC Single
Handshake duration: 35.08 ms
Execution 43 - QUIC Single
Handshake duration: 3562.38 ms
Execution 44 - QUIC Single
Handshake duration: 568.92 ms
Execution 45 - QUIC Single
Handshake duration: 34.89 ms
Execution 46 - QUIC Single
Handshake duration: 25.46 ms
Execution 47 - QUIC Single
Handshake duration: 284.73 ms
Execution 48 - QUIC Single
Handshake duration: 53.55 ms
Execution 49 - QUIC Single
Handshake duration: 25.66 ms
Execution 50 - QUIC Single
Handshake duration: 25.90 ms
Execution 51 - QUIC Single
Handshake duration: 54.67 ms
Execution 52 - QUIC Single
Handshake duration: 51.39 ms
Execution 53 - QUIC Single
Handshake duration: 142.45 ms
Execution 54 - QUIC Single
Handshake duration: 3272.44 ms
Execution 55 - QUIC Single
Handshake duration: 26.06 ms
Execution 56 - QUIC Single
Handshake duration: 146.84 ms
Execution 57 - QUIC Single
Handshake duration: 6207.71 ms
Execution 58 - QUIC Single
Handshake duration: 51.08 ms
Execution 59 - QUIC Single
Handshake duration: 11192.26 ms
Execution 60 - QUIC Single
Handshake duration: 35.53 ms
Execution 61 - QUIC Single
Handshake duration: 1054.29 ms
Execution 62 - QUIC Single
Handshake duration: 25.65 ms
Execution 63 - QUIC Single
Handshake duration: 194.43 ms
Execution 64 - QUIC Single
Handshake duration: 56.80 ms
Execution 65 - QUIC Single
Handshake duration: 1425.13 ms
Execution 66 - QUIC Single
Handshake duration: 965.20 ms
Execution 67 - QUIC Single
Handshake duration: 24.96 ms
Execution 68 - QUIC Single
Handshake duration: NaN ms
Execution 69 - QUIC Single
Handshake duration: 592.10 ms
Execution 70 - QUIC Single
Handshake duration: 2465.12 ms
Execution 71 - QUIC Single
Handshake duration: 31.52 ms
Execution 72 - QUIC Single
Handshake duration: 361.66 ms
Execution 73 - QUIC Single
Handshake duration: 1429.94 ms
Execution 74 - QUIC Single
Handshake duration: 50.78 ms
Execution 75 - QUIC Single
Handshake duration: 1154.72 ms
Execution 76 - QUIC Single
Handshake duration: 35.12 ms
Execution 77 - QUIC Single
Handshake duration: 29.06 ms
Execution 78 - QUIC Single
Handshake duration: 25.74 ms
Execution 79 - QUIC Single
Handshake duration: 483.21 ms
Execution 80 - QUIC Single
Handshake duration: 1049.18 ms
Execution 81 - QUIC Single
Handshake duration: 26.71 ms
Execution 82 - QUIC Single
Handshake duration: 25.86 ms
Execution 83 - QUIC Single
Handshake duration: 25.45 ms
Execution 84 - QUIC Single
Handshake duration: 26.21 ms
Execution 85 - QUIC Single
Handshake duration: 1106.75 ms
Execution 86 - QUIC Single
Handshake duration: 106.62 ms
Execution 87 - QUIC Single
Handshake duration: 3975.97 ms
Execution 88 - QUIC Single
Handshake duration: 1262.76 ms
Execution 89 - QUIC Single
Handshake duration: 3114.86 ms
Execution 90 - QUIC Single
Handshake duration: 63.44 ms
Execution 91 - QUIC Single
Handshake duration: 160.41 ms
Execution 92 - QUIC Single
Handshake duration: 35.64 ms
Execution 93 - QUIC Single
Handshake duration: 587.05 ms
Execution 94 - QUIC Single
Handshake duration: 4059.77 ms
Execution 95 - QUIC Single
Handshake duration: 334.48 ms
Execution 96 - QUIC Single
Handshake duration: 64.32 ms
Execution 97 - QUIC Single
Handshake duration: 241.69 ms
Execution 98 - QUIC Single
Handshake duration: 107.98 ms
Execution 99 - QUIC Single
Handshake duration: 2067.98 ms
Execution 100 - QUIC Single
Handshake duration: 25.54 ms
Execution 101 - QUIC Single
Handshake duration: 199.91 ms
Execution 102 - QUIC Single
Handshake duration: 51.31 ms
Execution 103 - QUIC Single
Handshake duration: 33.60 ms
Execution 104 - QUIC Single
Handshake duration: 65.84 ms
Execution 105 - QUIC Single
Handshake duration: 848.69 ms
Execution 106 - QUIC Single
Handshake duration: 25.94 ms
Execution 107 - QUIC Single
Handshake duration: 65.28 ms
Execution 108 - QUIC Single
Handshake duration: 3444.50 ms
Execution 109 - QUIC Single
Handshake duration: 7023.30 ms
Execution 110 - QUIC Single
Handshake duration: 1180.18 ms
Execution 111 - QUIC Single
Handshake duration: 25.25 ms
Execution 112 - QUIC Single
Handshake duration: 25.95 ms
Execution 113 - QUIC Single
Handshake duration: 31.86 ms
Execution 114 - QUIC Single
Handshake duration: 31.48 ms
Execution 115 - QUIC Single
Handshake duration: 32.85 ms
Execution 116 - QUIC Single
Handshake duration: 8060.88 ms
Execution 117 - QUIC Single
Handshake duration: 25.61 ms
Execution 118 - QUIC Single
Handshake duration: 2018.02 ms
Execution 119 - QUIC Single
Handshake duration: 60.68 ms
Execution 120 - QUIC Single
Handshake duration: 25.55 ms
Execution 121 - QUIC Single
Handshake duration: 35.30 ms
Execution 122 - QUIC Single
Handshake duration: 25.82 ms
Execution 123 - QUIC Single
Handshake duration: 1665.13 ms
Execution 124 - QUIC Single
Handshake duration: 34.54 ms
Execution 125 - QUIC Single
Handshake duration: 29.14 ms
