Handshake timeout budget: 150s (identique TLS/QUIC)
Applying netem rules to lo...
Showing qdisc status for the interface: lo
qdisc netem 9d8b: root refcnt 2 limit 1000 seed 5314716826864754665
 Sent 0 bytes 0 pkt (dropped 0, overlimits 0 requeues 0) 
 backlog 0b 0p requeues 0
Running ./perftestClientTlsQuic.sh with SIG_ALG=secp521r1 and KEM_ALG=p521_hqc256
Execution 1 - QUIC Single
Handshake duration: 890.48 ms
Execution 2 - QUIC Single
Handshake duration: 158.15 ms
Execution 3 - QUIC Single
Handshake duration: 386.06 ms
Execution 4 - QUIC Single
Handshake duration: 413.52 ms
Execution 5 - QUIC Single
Handshake duration: 1089.26 ms
Execution 6 - QUIC Single
Handshake duration: 367.37 ms
Execution 7 - QUIC Single
Handshake duration: 904.40 ms
Execution 8 - QUIC Single
Handshake duration: 89.74 ms
Execution 9 - QUIC Single
Handshake duration: 1054.15 ms
Execution 10 - QUIC Single
Handshake duration: 131.78 ms
Execution 11 - QUIC Single
Handshake duration: 116.39 ms
Execution 12 - QUIC Single
Handshake duration: 89.18 ms
Execution 13 - QUIC Single
Handshake duration: 279.51 ms
Execution 14 - QUIC Single
Handshake duration: 1250.20 ms
Execution 15 - QUIC Single
Handshake duration: 89.36 ms
Execution 16 - QUIC Single
Handshake duration: 614.83 ms
Execution 17 - QUIC Single
Handshake duration: 155.75 ms
Execution 18 - QUIC Single
Handshake duration: 107.24 ms
Execution 19 - QUIC Single
Handshake duration: 100.37 ms
Execution 20 - QUIC Single
Handshake duration: 1054.62 ms
Execution 21 - QUIC Single
Handshake duration: 1126.96 ms
Execution 22 - QUIC Single
Handshake duration: 89.39 ms
Execution 23 - QUIC Single
Handshake duration: 138.75 ms
Execution 24 - QUIC Single
Handshake duration: 1068.53 ms
Execution 25 - QUIC Single
Handshake duration: 1121.09 ms
Execution 26 - QUIC Single
Handshake duration: 95.53 ms
Execution 27 - QUIC Single
Handshake duration: 90.27 ms
Execution 28 - QUIC Single
Handshake duration: 1064.58 ms
Execution 29 - QUIC Single
Handshake duration: 281.77 ms
Execution 30 - QUIC Single
Handshake duration: 1152.88 ms
Execution 31 - QUIC Single
Handshake duration: 89.44 ms
Execution 32 - QUIC Single
Handshake duration: 99.56 ms
Execution 33 - QUIC Single
Handshake duration: 1117.66 ms
Execution 34 - QUIC Single
Handshake duration: 89.61 ms
Execution 35 - QUIC Single
Handshake duration: 552.73 ms
Execution 36 - QUIC Single
Handshake duration: 89.08 ms
Execution 37 - QUIC Single
Handshake duration: 1191.66 ms
Execution 38 - QUIC Single
Handshake duration: 1080.70 ms
Execution 39 - QUIC Single
Handshake duration: 1099.46 ms
Execution 40 - QUIC Single
Handshake duration: 111.44 ms
Execution 41 - QUIC Single
Handshake duration: 178.15 ms
Execution 42 - QUIC Single
Handshake duration: 89.51 ms
Execution 43 - QUIC Single
Handshake duration: 1084.89 ms
Execution 44 - QUIC Single
Handshake duration: 89.27 ms
Execution 45 - QUIC Single
Handshake duration: 89.22 ms
Execution 46 - QUIC Single
Handshake duration: 89.30 ms
Execution 47 - QUIC Single
Handshake duration: 268.73 ms
Execution 48 - QUIC Single
Handshake duration: 89.40 ms
Execution 49 - QUIC Single
Handshake duration: 1112.60 ms
Execution 50 - QUIC Single
Handshake duration: 192.71 ms
Execution 51 - QUIC Single
Handshake duration: 1225.30 ms
Execution 52 - QUIC Single
Handshake duration: 103.87 ms
Execution 53 - QUIC Single
Handshake duration: 91.64 ms
Execution 54 - QUIC Single
Handshake duration: 508.33 ms
Execution 55 - QUIC Single
Handshake duration: 89.83 ms
Execution 56 - QUIC Single
Handshake duration: 188.80 ms
Execution 57 - QUIC Single
Handshake duration: 92.06 ms
Execution 58 - QUIC Single
Handshake duration: 1089.32 ms
Execution 59 - QUIC Single
Handshake duration: 297.56 ms
Execution 60 - QUIC Single
Handshake duration: 89.30 ms
Execution 61 - QUIC Single
Handshake duration: 157.86 ms
Execution 62 - QUIC Single
Handshake duration: 89.11 ms
Execution 63 - QUIC Single
Handshake duration: 96.00 ms
Execution 64 - QUIC Single
Handshake duration: NaN ms
Execution 65 - QUIC Single
Handshake duration: 130.19 ms
Execution 66 - QUIC Single
Handshake duration: 465.40 ms
Execution 67 - QUIC Single
Handshake duration: 89.38 ms
Execution 68 - QUIC Single
Handshake duration: 90.77 ms
Execution 69 - QUIC Single
Handshake duration: 489.52 ms
Execution 70 - QUIC Single
Handshake duration: 341.65 ms
Execution 71 - QUIC Single
Handshake duration: 102.43 ms
Execution 72 - QUIC Single
Handshake duration: 124.05 ms
Execution 73 - QUIC Single
Handshake duration: 3053.38 ms
Execution 74 - QUIC Single
Handshake duration: 1091.09 ms
Execution 75 - QUIC Single
Handshake duration: 122.68 ms
Execution 76 - QUIC Single
Handshake duration: 224.64 ms
Execution 77 - QUIC Single
Handshake duration: 315.16 ms
Execution 78 - QUIC Single
Handshake duration: 1100.99 ms
Execution 79 - QUIC Single
Handshake duration: 117.51 ms
Execution 80 - QUIC Single
Handshake duration: 118.05 ms
Execution 81 - QUIC Single
Handshake duration: 89.42 ms
Execution 82 - QUIC Single
Handshake duration: 89.42 ms
Execution 83 - QUIC Single
Handshake duration: 121.45 ms
Execution 84 - QUIC Single
Handshake duration: 454.89 ms
Execution 85 - QUIC Single
Handshake duration: 1140.48 ms
Execution 86 - QUIC Single
Handshake duration: 639.09 ms
Execution 87 - QUIC Single
Handshake duration: 518.38 ms
Execution 88 - QUIC Single
Handshake duration: 101.21 ms
Execution 89 - QUIC Single
Handshake duration: 494.47 ms
Execution 90 - QUIC Single
Handshake duration: 89.73 ms
Execution 91 - QUIC Single
Handshake duration: 331.17 ms
Execution 92 - QUIC Single
Handshake duration: 187.33 ms
Execution 93 - QUIC Single
Handshake duration: 102.53 ms
Execution 94 - QUIC Single
Handshake duration: 719.05 ms
Execution 95 - QUIC Single
Handshake duration: 474.47 ms
Execution 96 - QUIC Single
Handshake duration: 101.41 ms
Execution 97 - QUIC Single
Handshake duration: 89.83 ms
Execution 98 - QUIC Single
Handshake duration: 89.51 ms
Execution 99 - QUIC Single
Handshake duration: 279.75 ms
Execution 100 - QUIC Single
Handshake duration: 117.47 ms
Execution 101 - QUIC Single
Handshake duration: 207.19 ms
Execution 102 - QUIC Single
Handshake duration: 1370.00 ms
Execution 103 - QUIC Single
Handshake duration: 480.75 ms
Execution 104 - QUIC Single
Handshake duration: 89.68 ms
Execution 105 - QUIC Single
Handshake duration: 486.17 ms
Execution 106 - QUIC Single
Handshake duration: 118.15 ms
Execution 107 - QUIC Single
Handshake duration: 142.28 ms
Execution 108 - QUIC Single
Handshake duration: 89.19 ms
Execution 109 - QUIC Single
Handshake duration: 89.48 ms
Execution 110 - QUIC Single
Handshake duration: 1909.53 ms
Execution 111 - QUIC Single
Handshake duration: 359.00 ms
Execution 112 - QUIC Single
Handshake duration: 556.08 ms
Execution 113 - QUIC Single
Handshake duration: 89.78 ms
Execution 114 - QUIC Single
Handshake duration: 7074.92 ms
Execution 115 - QUIC Single
Handshake duration: 90.47 ms
Execution 116 - QUIC Single
Handshake duration: 127.71 ms
Execution 117 - QUIC Single
Handshake duration: 269.91 ms
Execution 118 - QUIC Single
Handshake duration: 3054.11 ms
Execution 119 - QUIC Single
Handshake duration: 171.46 ms
Execution 120 - QUIC Single
Handshake duration: 630.16 ms
Execution 121 - QUIC Single
Handshake duration: 89.50 ms
Execution 122 - QUIC Single
Handshake duration: 99.34 ms
Execution 123 - QUIC Single
Handshake duration: 3106.28 ms
Execution 124 - QUIC Single
Handshake duration: 1937.20 ms
Execution 125 - QUIC Single
Handshake duration: 1268.91 ms
