Handshake timeout budget: 150s (identique TLS/QUIC)
Applying netem rules to lo...
Showing qdisc status for the interface: lo
qdisc netem 81b9: root refcnt 2 limit 1000 seed 15814541524496986382
 Sent 0 bytes 0 pkt (dropped 0, overlimits 0 requeues 0) 
 backlog 0b 0p requeues 0
Running ./perftestClientTlsQuic.sh with SIG_ALG=secp521r1 and KEM_ALG=p521_mlkem1024
Execution 1 - QUIC Single
Handshake duration: 1014.28 ms
Execution 2 - QUIC Single
Handshake duration: 1022.83 ms
Execution 3 - QUIC Single
Handshake duration: 3026.39 ms
Execution 4 - QUIC Single
Handshake duration: 12.53 ms
Execution 5 - QUIC Single
Handshake duration: 3017.74 ms
Execution 6 - QUIC Single
Handshake duration: 11.99 ms
Execution 7 - QUIC Single
Handshake duration: 7010.77 ms
Execution 8 - QUIC Single
Handshake duration: 12.17 ms
Execution 9 - QUIC Single
Handshake duration: 11.98 ms
Execution 10 - QUIC Single
Handshake duration: 7006.87 ms
Execution 11 - QUIC Single
Handshake duration: 18.72 ms
Execution 12 - QUIC Single
Handshake duration: 12.25 ms
Execution 13 - QUIC Single
Handshake duration: 14.83 ms
Execution 14 - QUIC Single
Handshake duration: 1034.82 ms
Execution 15 - QUIC Single
Handshake duration: 12.60 ms
Execution 16 - QUIC Single
Handshake duration: 1013.37 ms
Execution 17 - QUIC Single
Handshake duration: 12.17 ms
Execution 18 - QUIC Single
Handshake duration: 1013.26 ms
Execution 19 - QUIC Single
Handshake duration: 12.15 ms
Execution 20 - QUIC Single
Handshake duration: 11.94 ms
Execution 21 - QUIC Single
Handshake duration: 11.94 ms
Execution 22 - QUIC Single
Handshake duration: 3216.69 ms
Execution 23 - QUIC Single
Handshake duration: 14.32 ms
Execution 24 - QUIC Single
Handshake duration: 3064.73 ms
Execution 25 - QUIC Single
Handshake duration: 1056.74 ms
Execution 26 - QUIC Single
Handshake duration: 1039.59 ms
Execution 27 - QUIC Single
Handshake duration: 12.00 ms
Execution 28 - QUIC Single
Handshake duration: 12.00 ms
Execution 29 - QUIC Single
Handshake duration: 11.97 ms
Execution 30 - QUIC Single
Handshake duration: 3060.92 ms
Execution 31 - QUIC Single
Handshake duration: 1040.29 ms
Execution 32 - QUIC Single
Handshake duration: 11.98 ms
Execution 33 - QUIC Single
Handshake duration: 3015.39 ms
Execution 34 - QUIC Single
Handshake duration: 12.04 ms
Execution 35 - QUIC Single
Handshake duration: 12.01 ms
Execution 36 - QUIC Single
Handshake duration: 12.29 ms
Execution 37 - QUIC Single
Handshake duration: 12.07 ms
Execution 38 - QUIC Single
Handshake duration: 12.01 ms
Execution 39 - QUIC Single
Handshake duration: 12.04 ms
Execution 40 - QUIC Single
Handshake duration: 11.93 ms
Execution 41 - QUIC Single
Handshake duration: 3639.66 ms
Execution 42 - QUIC Single
Handshake duration: 3218.56 ms
Execution 43 - QUIC Single
Handshake duration: 11.92 ms
Execution 44 - QUIC Single
Handshake duration: 14.61 ms
Execution 45 - QUIC Single
Handshake duration: 1013.89 ms
Execution 46 - QUIC Single
Handshake duration: 14.14 ms
Execution 47 - QUIC Single
Handshake duration: 11.99 ms
Execution 48 - QUIC Single
Handshake duration: 18.32 ms
Execution 49 - QUIC Single
Handshake duration: 1037.51 ms
Execution 50 - QUIC Single
Handshake duration: 11.97 ms
Execution 51 - QUIC Single
Handshake duration: 12.10 ms
Execution 52 - QUIC Single
Handshake duration: 7005.68 ms
Execution 53 - QUIC Single
Handshake duration: 11.99 ms
Execution 54 - QUIC Single
Handshake duration: 12.24 ms
Execution 55 - QUIC Single
Handshake duration: 7006.02 ms
Execution 56 - QUIC Single
Handshake duration: 1037.37 ms
Execution 57 - QUIC Single
Handshake duration: 1852.71 ms
Execution 58 - QUIC Single
Handshake duration: 3013.27 ms
Execution 59 - QUIC Single
Handshake duration: 11.99 ms
Execution 60 - QUIC Single
Handshake duration: 12.04 ms
Execution 61 - QUIC Single
Handshake duration: 12.17 ms
Execution 62 - QUIC Single
Handshake duration: 1013.17 ms
Execution 63 - QUIC Single
Handshake duration: 14.11 ms
Execution 64 - QUIC Single
Handshake duration: 14.11 ms
Execution 65 - QUIC Single
Handshake duration: 3031.27 ms
Execution 66 - QUIC Single
Handshake duration: 3012.39 ms
Execution 67 - QUIC Single
Handshake duration: 11.91 ms
Execution 68 - QUIC Single
Handshake duration: 4204.51 ms
Execution 69 - QUIC Single
Handshake duration: 1547.23 ms
Execution 70 - QUIC Single
Handshake duration: 12.24 ms
Execution 71 - QUIC Single
Handshake duration: 12.59 ms
Execution 72 - QUIC Single
Handshake duration: 1013.24 ms
Execution 73 - QUIC Single
Handshake duration: 1082.45 ms
Execution 74 - QUIC Single
Handshake duration: 12.06 ms
Execution 75 - QUIC Single
Handshake duration: 11.88 ms
Execution 76 - QUIC Single
Handshake duration: 12.24 ms
Execution 77 - QUIC Single
Handshake duration: 1237.94 ms
Execution 78 - QUIC Single
Handshake duration: 11.93 ms
Execution 79 - QUIC Single
Handshake duration: 12.08 ms
Execution 80 - QUIC Single
Handshake duration: 12.12 ms
Execution 81 - QUIC Single
Handshake duration: 12.14 ms
Execution 82 - QUIC Single
Handshake duration: 2063.06 ms
Execution 83 - QUIC Single
Handshake duration: 12.02 ms
Execution 84 - QUIC Single
Handshake duration: 11.98 ms
Execution 85 - QUIC Single
Handshake duration: 18.24 ms
Execution 86 - QUIC Single
Handshake duration: 1013.11 ms
Execution 87 - QUIC Single
Handshake duration: 1091.81 ms
Execution 88 - QUIC Single
Handshake duration: 1124.98 ms
Execution 89 - QUIC Single
Handshake duration: 18.34 ms
Execution 90 - QUIC Single
Handshake duration: 3012.38 ms
Execution 91 - QUIC Single
Handshake duration: 12.02 ms
Execution 92 - QUIC Single
Handshake duration: 3009.90 ms
Execution 93 - QUIC Single
Handshake duration: 18.44 ms
Execution 94 - QUIC Single
Handshake duration: 3088.61 ms
Execution 95 - QUIC Single
Handshake duration: 1041.68 ms
Execution 96 - QUIC Single
Handshake duration: 11.97 ms
Execution 97 - QUIC Single
Handshake duration: 3155.46 ms
Execution 98 - QUIC Single
Handshake duration: 3386.97 ms
Execution 99 - QUIC Single
Handshake duration: 18.29 ms
Execution 100 - QUIC Single
Handshake duration: 12.06 ms
Execution 101 - QUIC Single
Handshake duration: 3010.44 ms
Execution 102 - QUIC Single
Handshake duration: 1013.34 ms
Execution 103 - QUIC Single
Handshake duration: 12.08 ms
Execution 104 - QUIC Single
Handshake duration: 11.99 ms
Execution 105 - QUIC Single
Handshake duration: 18.21 ms
Execution 106 - QUIC Single
Handshake duration: 12.05 ms
Execution 107 - QUIC Single
Handshake duration: 1036.95 ms
Execution 108 - QUIC Single
Handshake duration: 1025.59 ms
Execution 109 - QUIC Single
Handshake duration: 12.13 ms
Execution 110 - QUIC Single
Handshake duration: 1037.89 ms
Execution 111 - QUIC Single
Handshake duration: 11.98 ms
Execution 112 - QUIC Single
Handshake duration: 12.42 ms
Execution 113 - QUIC Single
Handshake duration: 12.13 ms
Execution 114 - QUIC Single
Handshake duration: 12.62 ms
Execution 115 - QUIC Single
Handshake duration: 11.97 ms
Execution 116 - QUIC Single
Handshake duration: 18.30 ms
Execution 117 - QUIC Single
Handshake duration: 1095.47 ms
Execution 118 - QUIC Single
Handshake duration: 18.61 ms
Execution 119 - QUIC Single
Handshake duration: 1026.35 ms
Execution 120 - QUIC Single
Handshake duration: 7188.23 ms
Execution 121 - QUIC Single
Handshake duration: 12.21 ms
Execution 122 - QUIC Single
Handshake duration: 11.93 ms
Execution 123 - QUIC Single
Handshake duration: 1032.63 ms
Execution 124 - QUIC Single
Handshake duration: 11.86 ms
Execution 125 - QUIC Single
Handshake duration: 11.98 ms
