Handshake timeout budget: 150s (identique TLS/QUIC)
Applying netem rules to lo...
Showing qdisc status for the interface: lo
qdisc netem 81f8: root refcnt 2 limit 1000 seed 6383247054166803695
 Sent 0 bytes 0 pkt (dropped 0, overlimits 0 requeues 0) 
 backlog 0b 0p requeues 0
Running ./perftestClientTlsQuic.sh with SIG_ALG=secp384r1 and KEM_ALG=mlkem768
Execution 1 - QUIC Single
Handshake duration: 1002.80 ms
Execution 2 - QUIC Single
Handshake duration: NaN ms
Execution 3 - QUIC Single
Handshake duration: 3.06 ms
Execution 4 - QUIC Single
Handshake duration: 3.18 ms
Execution 5 - QUIC Single
Handshake duration: 3.02 ms
Execution 6 - QUIC Single
Handshake duration: 1003.76 ms
Execution 7 - QUIC Single
Handshake duration: 1002.56 ms
Execution 8 - QUIC Single
Handshake duration: 3.04 ms
Execution 9 - QUIC Single
Handshake duration: 3001.13 ms
Execution 10 - QUIC Single
Handshake duration: 1002.60 ms
Execution 11 - QUIC Single
Handshake duration: 3.05 ms
Execution 12 - QUIC Single
Handshake duration: 4.27 ms
Execution 13 - QUIC Single
Handshake duration: 1003.93 ms
Execution 14 - QUIC Single
Handshake duration: 3002.20 ms
Execution 15 - QUIC Single
Handshake duration: 1003.23 ms
Execution 16 - QUIC Single
Handshake duration: 1003.57 ms
Execution 17 - QUIC Single
Handshake duration: 1003.01 ms
Execution 18 - QUIC Single
Handshake duration: 3.23 ms
Execution 19 - QUIC Single
Handshake duration: 1004.34 ms
Execution 20 - QUIC Single
Handshake duration: 3.33 ms
Execution 21 - QUIC Single
Handshake duration: 3.02 ms
Execution 22 - QUIC Single
Handshake duration: 1002.64 ms
Execution 23 - QUIC Single
Handshake duration: 1002.56 ms
Execution 24 - QUIC Single
Handshake duration: 3.04 ms
Execution 25 - QUIC Single
Handshake duration: 1002.66 ms
Execution 26 - QUIC Single
Handshake duration: 3002.16 ms
Execution 27 - QUIC Single
Handshake duration: 3.01 ms
Execution 28 - QUIC Single
Handshake duration: 1003.31 ms
Execution 29 - QUIC Single
Handshake duration: NaN ms
Execution 30 - QUIC Single
Handshake duration: 6998.47 ms
Execution 31 - QUIC Single
Handshake duration: 3.13 ms
Execution 32 - QUIC Single
Handshake duration: 1009.53 ms
Execution 33 - QUIC Single
Handshake duration: 3.37 ms
Execution 34 - QUIC Single
Handshake duration: 3.00 ms
Execution 35 - QUIC Single
Handshake duration: 3.21 ms
Execution 36 - QUIC Single
Handshake duration: 2.96 ms
Execution 37 - QUIC Single
Handshake duration: 4.23 ms
Execution 38 - QUIC Single
Handshake duration: 2.95 ms
Execution 39 - QUIC Single
Handshake duration: 3000.62 ms
Execution 40 - QUIC Single
Handshake duration: 1002.52 ms
Execution 41 - QUIC Single
Handshake duration: 1003.79 ms
Execution 42 - QUIC Single
Handshake duration: NaN ms
Execution 43 - QUIC Single
Handshake duration: 3.31 ms
Execution 44 - QUIC Single
Handshake duration: 2.92 ms
Execution 45 - QUIC Single
Handshake duration: 6999.78 ms
Execution 46 - QUIC Single
Handshake duration: 7999.11 ms
Execution 47 - QUIC Single
Handshake duration: 4.24 ms
Execution 48 - QUIC Single
Handshake duration: 1002.50 ms
Execution 49 - QUIC Single
Handshake duration: 2.97 ms
Execution 50 - QUIC Single
Handshake duration: 3000.68 ms
Execution 51 - QUIC Single
Handshake duration: 3.58 ms
Execution 52 - QUIC Single
Handshake duration: 4.23 ms
Execution 53 - QUIC Single
Handshake duration: 3.37 ms
Execution 54 - QUIC Single
Handshake duration: 1002.63 ms
Execution 55 - QUIC Single
Handshake duration: 6999.70 ms
Execution 56 - QUIC Single
Handshake duration: 1003.56 ms
Execution 57 - QUIC Single
Handshake duration: 2.97 ms
Execution 58 - QUIC Single
Handshake duration: 3.00 ms
Execution 59 - QUIC Single
Handshake duration: 3.11 ms
Execution 60 - QUIC Single
Handshake duration: 3.38 ms
Execution 61 - QUIC Single
Handshake duration: 1004.09 ms
Execution 62 - QUIC Single
Handshake duration: 3.04 ms
Execution 63 - QUIC Single
Handshake duration: 2.98 ms
Execution 64 - QUIC Single
Handshake duration: 1009.28 ms
Execution 65 - QUIC Single
Handshake duration: 2.90 ms
Execution 66 - QUIC Single
Handshake duration: 3001.77 ms
Execution 67 - QUIC Single
Handshake duration: 1002.87 ms
Execution 68 - QUIC Single
Handshake duration: 1003.82 ms
Execution 69 - QUIC Single
Handshake duration: 3001.10 ms
Execution 70 - QUIC Single
Handshake duration: 1002.61 ms
Execution 71 - QUIC Single
Handshake duration: 1002.99 ms
Execution 72 - QUIC Single
Handshake duration: 3.41 ms
Execution 73 - QUIC Single
Handshake duration: 3.02 ms
Execution 74 - QUIC Single
Handshake duration: 3.07 ms
Execution 75 - QUIC Single
Handshake duration: 2.93 ms
Execution 76 - QUIC Single
Handshake duration: 3.04 ms
Execution 77 - QUIC Single
Handshake duration: 2.97 ms
Execution 78 - QUIC Single
Handshake duration: 3002.81 ms
Execution 79 - QUIC Single
Handshake duration: 1002.80 ms
Execution 80 - QUIC Single
Handshake duration: 3001.30 ms
Execution 81 - QUIC Single
Handshake duration: 3.25 ms
Execution 82 - QUIC Single
Handshake duration: 1002.72 ms
Execution 83 - QUIC Single
Handshake duration: 3.12 ms
Execution 84 - QUIC Single
Handshake duration: 1002.58 ms
Execution 85 - QUIC Single
Handshake duration: 3.02 ms
Execution 86 - QUIC Single
Handshake duration: 1002.06 ms
Execution 87 - QUIC Single
Handshake duration: 3.18 ms
Execution 88 - QUIC Single
Handshake duration: 6998.35 ms
Execution 89 - QUIC Single
Handshake duration: 1002.48 ms
Execution 90 - QUIC Single
Handshake duration: 3.03 ms
Execution 91 - QUIC Single
Handshake duration: 1016.09 ms
Execution 92 - QUIC Single
Handshake duration: 1003.08 ms
Execution 93 - QUIC Single
Handshake duration: 3.38 ms
Execution 94 - QUIC Single
Handshake duration: 1002.63 ms
Execution 95 - QUIC Single
Handshake duration: 3.01 ms
Execution 96 - QUIC Single
Handshake duration: 4.20 ms
Execution 97 - QUIC Single
Handshake duration: 6999.95 ms
Execution 98 - QUIC Single
Handshake duration: 3.37 ms
Execution 99 - QUIC Single
Handshake duration: 3.02 ms
Execution 100 - QUIC Single
Handshake duration: 3.27 ms
Execution 101 - QUIC Single
Handshake duration: 3.15 ms
Execution 102 - QUIC Single
Handshake duration: 2.99 ms
Execution 103 - QUIC Single
Handshake duration: 3.35 ms
Execution 104 - QUIC Single
Handshake duration: 1003.83 ms
Execution 105 - QUIC Single
Handshake duration: 3.45 ms
Execution 106 - QUIC Single
Handshake duration: NaN ms
Execution 107 - QUIC Single
Handshake duration: 1002.95 ms
Execution 108 - QUIC Single
Handshake duration: 3.03 ms
Execution 109 - QUIC Single
Handshake duration: 3.00 ms
Execution 110 - QUIC Single
Handshake duration: 1003.16 ms
Execution 111 - QUIC Single
Handshake duration: 3.07 ms
Execution 112 - QUIC Single
Handshake duration: 4.20 ms
Execution 113 - QUIC Single
Handshake duration: 1002.75 ms
Execution 114 - QUIC Single
Handshake duration: 3001.48 ms
Execution 115 - QUIC Single
Handshake duration: 1016.84 ms
Execution 116 - QUIC Single
Handshake duration: 1002.27 ms
Execution 117 - QUIC Single
Handshake duration: 4.45 ms
Execution 118 - QUIC Single
Handshake duration: 2.96 ms
Execution 119 - QUIC Single
Handshake duration: 6999.24 ms
Execution 120 - QUIC Single
Handshake duration: 3002.05 ms
Execution 121 - QUIC Single
Handshake duration: 1003.78 ms
Execution 122 - QUIC Single
Handshake duration: 3.05 ms
Execution 123 - QUIC Single
Handshake duration: 3.10 ms
Execution 124 - QUIC Single
Handshake duration: 1003.81 ms
Execution 125 - QUIC Single
Handshake duration: 3.11 ms
