Handshake timeout budget: 150s (identique TLS/QUIC)
Applying netem rules to lo...
Showing qdisc status for the interface: lo
qdisc netem 8da7: root refcnt 2 limit 1000 seed 7506383387085961952
 Sent 0 bytes 0 pkt (dropped 0, overlimits 0 requeues 0) 
 backlog 0b 0p requeues 0
Running ./perftestClientTlsQuic.sh with SIG_ALG=mldsa65 and KEM_ALG=p384_hqc192
Execution 1 - QUIC Single
Handshake duration: 549.62 ms
Execution 2 - QUIC Single
Handshake duration: 138.54 ms
Execution 3 - QUIC Single
Handshake duration: 101.77 ms
Execution 4 - QUIC Single
Handshake duration: 1515.87 ms
Execution 5 - QUIC Single
Handshake duration: 138.86 ms
Execution 6 - QUIC Single
Handshake duration: 1151.39 ms
Execution 7 - QUIC Single
Handshake duration: 4103.68 ms
Execution 8 - QUIC Single
Handshake duration: 80.04 ms
Execution 9 - QUIC Single
Handshake duration: 87.34 ms
Execution 10 - QUIC Single
Handshake duration: 82.92 ms
Execution 11 - QUIC Single
Handshake duration: 4785.96 ms
Execution 12 - QUIC Single
Handshake duration: 78.75 ms
Execution 13 - QUIC Single
Handshake duration: 137.27 ms
Execution 14 - QUIC Single
Handshake duration: 1107.60 ms
Execution 15 - QUIC Single
Handshake duration: 790.01 ms
Execution 16 - QUIC Single
Handshake duration: 898.27 ms
Execution 17 - QUIC Single
Handshake duration: 3711.92 ms
Execution 18 - QUIC Single
Handshake duration: 364.66 ms
Execution 19 - QUIC Single
Handshake duration: 1206.50 ms
Execution 20 - QUIC Single
Handshake duration: 86.41 ms
Execution 21 - QUIC Single
Handshake duration: 2304.52 ms
Execution 22 - QUIC Single
Handshake duration: 1189.28 ms
Execution 23 - QUIC Single
Handshake duration: 226.07 ms
Execution 24 - QUIC Single
Handshake duration: 148.96 ms
Execution 25 - QUIC Single
Handshake duration: 304.45 ms
Execution 26 - QUIC Single
Handshake duration: 123.19 ms
Execution 27 - QUIC Single
Handshake duration: 1229.91 ms
Execution 28 - QUIC Single
Handshake duration: 5099.15 ms
Execution 29 - QUIC Single
Handshake duration: 90.52 ms
Execution 30 - QUIC Single
Handshake duration: 313.83 ms
Execution 31 - QUIC Single
Handshake duration: 914.36 ms
Execution 32 - QUIC Single
Handshake duration: 134.32 ms
Execution 33 - QUIC Single
Handshake duration: 1018.05 ms
Execution 34 - QUIC Single
Handshake duration: 79.41 ms
Execution 35 - QUIC Single
Handshake duration: 504.72 ms
Execution 36 - QUIC Single
Handshake duration: 7787.53 ms
Execution 37 - QUIC Single
Handshake duration: 90.46 ms
Execution 38 - QUIC Single
Handshake duration: 78.77 ms
Execution 39 - QUIC Single
Handshake duration: 159.48 ms
Execution 40 - QUIC Single
Handshake duration: 81.97 ms
Execution 41 - QUIC Single
Handshake duration: 304.09 ms
Execution 42 - QUIC Single
Handshake duration: 619.60 ms
Execution 43 - QUIC Single
Handshake duration: 78.89 ms
Execution 44 - QUIC Single
Handshake duration: 1263.14 ms
Execution 45 - QUIC Single
Handshake duration: 77.13 ms
Execution 46 - QUIC Single
Handshake duration: 250.51 ms
Execution 47 - QUIC Single
Handshake duration: 267.15 ms
Execution 48 - QUIC Single
Handshake duration: 272.65 ms
Execution 49 - QUIC Single
Handshake duration: 152.95 ms
Execution 50 - QUIC Single
Handshake duration: 1139.13 ms
Execution 51 - QUIC Single
Handshake duration: 78.26 ms
Execution 52 - QUIC Single
Handshake duration: 77.95 ms
Execution 53 - QUIC Single
Handshake duration: 79.90 ms
Execution 54 - QUIC Single
Handshake duration: 82.96 ms
Execution 55 - QUIC Single
Handshake duration: 79.07 ms
Execution 56 - QUIC Single
Handshake duration: 3524.12 ms
Execution 57 - QUIC Single
Handshake duration: 182.96 ms
Execution 58 - QUIC Single
Handshake duration: 78.17 ms
Execution 59 - QUIC Single
Handshake duration: 2080.26 ms
Execution 60 - QUIC Single
Handshake duration: 672.14 ms
Execution 61 - QUIC Single
Handshake duration: 945.29 ms
Execution 62 - QUIC Single
Handshake duration: 336.99 ms
Execution 63 - QUIC Single
Handshake duration: 78.68 ms
Execution 64 - QUIC Single
Handshake duration: 5450.32 ms
Execution 65 - QUIC Single
Handshake duration: 288.44 ms
Execution 66 - QUIC Single
Handshake duration: 132.82 ms
Execution 67 - QUIC Single
Handshake duration: 85.23 ms
Execution 68 - QUIC Single
Handshake duration: 342.40 ms
Execution 69 - QUIC Single
Handshake duration: 78.81 ms
Execution 70 - QUIC Single
Handshake duration: 80.01 ms
Execution 71 - QUIC Single
Handshake duration: 1153.74 ms
Execution 72 - QUIC Single
Handshake duration: 92.27 ms
Execution 73 - QUIC Single
Handshake duration: 689.29 ms
Execution 74 - QUIC Single
Handshake duration: 1054.31 ms
Execution 75 - QUIC Single
Handshake duration: 515.33 ms
Execution 76 - QUIC Single
Handshake duration: 1557.58 ms
Execution 77 - QUIC Single
Handshake duration: 306.02 ms
Execution 78 - QUIC Single
Handshake duration: 139.82 ms
Execution 79 - QUIC Single
Handshake duration: 138.58 ms
Execution 80 - QUIC Single
Handshake duration: 383.16 ms
Execution 81 - QUIC Single
Handshake duration: 142.41 ms
Execution 82 - QUIC Single
Handshake duration: 1146.05 ms
Execution 83 - QUIC Single
Handshake duration: 8502.80 ms
Execution 84 - QUIC Single
Handshake duration: 76.66 ms
Execution 85 - QUIC Single
Handshake duration: 1076.76 ms
Execution 86 - QUIC Single
Handshake duration: 77.53 ms
Execution 87 - QUIC Single
Handshake duration: 1083.13 ms
Execution 88 - QUIC Single
Handshake duration: 345.44 ms
Execution 89 - QUIC Single
Handshake duration: 115.32 ms
Execution 90 - QUIC Single
Handshake duration: 475.67 ms
Execution 91 - QUIC Single
Handshake duration: 79.64 ms
Execution 92 - QUIC Single
Handshake duration: 651.62 ms
Execution 93 - QUIC Single
Handshake duration: 1065.56 ms
Execution 94 - QUIC Single
Handshake duration: 79.71 ms
Execution 95 - QUIC Single
Handshake duration: 1124.68 ms
Execution 96 - QUIC Single
Handshake duration: 327.64 ms
Execution 97 - QUIC Single
Handshake duration: 262.25 ms
Execution 98 - QUIC Single
Handshake duration: 924.23 ms
Execution 99 - QUIC Single
Handshake duration: 91.93 ms
Execution 100 - QUIC Single
Handshake duration: 1100.75 ms
Execution 101 - QUIC Single
Handshake duration: 78.16 ms
Execution 102 - QUIC Single
Handshake duration: 296.98 ms
Execution 103 - QUIC Single
Handshake duration: 1645.78 ms
Execution 104 - QUIC Single
Handshake duration: 258.71 ms
Execution 105 - QUIC Single
Handshake duration: 88.47 ms
Execution 106 - QUIC Single
Handshake duration: 807.08 ms
Execution 107 - QUIC Single
Handshake duration: 78.19 ms
Execution 108 - QUIC Single
Handshake duration: 1657.22 ms
Execution 109 - QUIC Single
Handshake duration: 1382.68 ms
Execution 110 - QUIC Single
Handshake duration: 1092.42 ms
Execution 111 - QUIC Single
Handshake duration: 142.64 ms
Execution 112 - QUIC Single
Handshake duration: 143.86 ms
Execution 113 - QUIC Single
Handshake duration: 251.27 ms
Execution 114 - QUIC Single
Handshake duration: 149.56 ms
Execution 115 - QUIC Single
Handshake duration: 89.59 ms
Execution 116 - QUIC Single
Handshake duration: 667.10 ms
Execution 117 - QUIC Single
Handshake duration: 174.36 ms
Execution 118 - QUIC Single
Handshake duration: 1080.21 ms
Execution 119 - QUIC Single
Handshake duration: 276.06 ms
Execution 120 - QUIC Single
Handshake duration: 140.36 ms
Execution 121 - QUIC Single
Handshake duration: 429.59 ms
Execution 122 - QUIC Single
Handshake duration: 467.86 ms
Execution 123 - QUIC Single
Handshake duration: 79.25 ms
Execution 124 - QUIC Single
Handshake duration: 78.81 ms
Execution 125 - QUIC Single
Handshake duration: 77.04 ms
