Handshake timeout budget: 150s (identique TLS/QUIC)
Applying netem rules to lo...
Showing qdisc status for the interface: lo
qdisc netem 95f9: root refcnt 2 limit 1000 seed 9531086797195187042
 Sent 0 bytes 0 pkt (dropped 0, overlimits 0 requeues 0) 
 backlog 0b 0p requeues 0
Running ./perftestClientTlsQuic.sh with SIG_ALG=mldsa44 and KEM_ALG=x25519_hqc128
Execution 1 - QUIC Single
Handshake duration: 3317.50 ms
Execution 2 - QUIC Single
Handshake duration: 17.63 ms
Execution 3 - QUIC Single
Handshake duration: 1743.18 ms
Execution 4 - QUIC Single
Handshake duration: 122.11 ms
Execution 5 - QUIC Single
Handshake duration: 2013.52 ms
Execution 6 - QUIC Single
Handshake duration: 1129.67 ms
Execution 7 - QUIC Single
Handshake duration: 7267.49 ms
Execution 8 - QUIC Single
Handshake duration: 548.35 ms
Execution 9 - QUIC Single
Handshake duration: 17.51 ms
Execution 10 - QUIC Single
Handshake duration: 1171.21 ms
Execution 11 - QUIC Single
Handshake duration: 17.27 ms
Execution 12 - QUIC Single
Handshake duration: 17.53 ms
Execution 13 - QUIC Single
Handshake duration: 1835.99 ms
Execution 14 - QUIC Single
Handshake duration: 17.36 ms
Execution 15 - QUIC Single
Handshake duration: 21.85 ms
Execution 16 - QUIC Single
Handshake duration: 689.29 ms
Execution 17 - QUIC Single
Handshake duration: 65.45 ms
Execution 18 - QUIC Single
Handshake duration: 20.54 ms
Execution 19 - QUIC Single
Handshake duration: 17.31 ms
Execution 20 - QUIC Single
Handshake duration: 78.59 ms
Execution 21 - QUIC Single
Handshake duration: 24.24 ms
Execution 22 - QUIC Single
Handshake duration: 255.65 ms
Execution 23 - QUIC Single
Handshake duration: 17.24 ms
Execution 24 - QUIC Single
Handshake duration: 24.71 ms
Execution 25 - QUIC Single
Handshake duration: 3475.92 ms
Execution 26 - QUIC Single
Handshake duration: 1070.62 ms
Execution 27 - QUIC Single
Handshake duration: 1193.80 ms
Execution 28 - QUIC Single
Handshake duration: 18.09 ms
Execution 29 - QUIC Single
Handshake duration: 17.31 ms
Execution 30 - QUIC Single
Handshake duration: 2812.57 ms
Execution 31 - QUIC Single
Handshake duration: 77.05 ms
Execution 32 - QUIC Single
Handshake duration: 367.82 ms
Execution 33 - QUIC Single
Handshake duration: 271.13 ms
Execution 34 - QUIC Single
Handshake duration: 1071.49 ms
Execution 35 - QUIC Single
Handshake duration: 17.19 ms
Execution 36 - QUIC Single
Handshake duration: 17.30 ms
Execution 37 - QUIC Single
Handshake duration: 17.34 ms
Execution 38 - QUIC Single
Handshake duration: 42.86 ms
Execution 39 - QUIC Single
Handshake duration: 77.17 ms
Execution 40 - QUIC Single
Handshake duration: 245.16 ms
Execution 41 - QUIC Single
Handshake duration: 17.39 ms
Execution 42 - QUIC Single
Handshake duration: 24.35 ms
Execution 43 - QUIC Single
Handshake duration: 17.34 ms
Execution 44 - QUIC Single
Handshake duration: 17.37 ms
Execution 45 - QUIC Single
Handshake duration: 24.46 ms
Execution 46 - QUIC Single
Handshake duration: 78.36 ms
Execution 47 - QUIC Single
Handshake duration: 4685.16 ms
Execution 48 - QUIC Single
Handshake duration: 146.52 ms
Execution 49 - QUIC Single
Handshake duration: 1126.79 ms
Execution 50 - QUIC Single
Handshake duration: 3055.24 ms
Execution 51 - QUIC Single
Handshake duration: 303.94 ms
Execution 52 - QUIC Single
Handshake duration: 17.55 ms
Execution 53 - QUIC Single
Handshake duration: 18.35 ms
Execution 54 - QUIC Single
Handshake duration: 52.61 ms
Execution 55 - QUIC Single
Handshake duration: 8197.11 ms
Execution 56 - QUIC Single
Handshake duration: 1018.97 ms
Execution 57 - QUIC Single
Handshake duration: 314.48 ms
Execution 58 - QUIC Single
Handshake duration: 254.11 ms
Execution 59 - QUIC Single
Handshake duration: 17.48 ms
Execution 60 - QUIC Single
Handshake duration: 1074.87 ms
Execution 61 - QUIC Single
Handshake duration: 3068.69 ms
Execution 62 - QUIC Single
Handshake duration: 114.74 ms
Execution 63 - QUIC Single
Handshake duration: 17.62 ms
Execution 64 - QUIC Single
Handshake duration: 17.51 ms
Execution 65 - QUIC Single
Handshake duration: 5111.95 ms
Execution 66 - QUIC Single
Handshake duration: 17.32 ms
Execution 67 - QUIC Single
Handshake duration: 24.36 ms
Execution 68 - QUIC Single
Handshake duration: 1151.61 ms
Execution 69 - QUIC Single
Handshake duration: 5190.06 ms
Execution 70 - QUIC Single
Handshake duration: 42.81 ms
Execution 71 - QUIC Single
Handshake duration: 24.36 ms
Execution 72 - QUIC Single
Handshake duration: 3073.62 ms
Execution 73 - QUIC Single
Handshake duration: 86.66 ms
Execution 74 - QUIC Single
Handshake duration: 610.52 ms
Execution 75 - QUIC Single
Handshake duration: 3266.49 ms
Execution 76 - QUIC Single
Handshake duration: 82.97 ms
Execution 77 - QUIC Single
Handshake duration: 17.39 ms
Execution 78 - QUIC Single
Handshake duration: 17.40 ms
Execution 79 - QUIC Single
Handshake duration: 17.40 ms
Execution 80 - QUIC Single
Handshake duration: 17.79 ms
Execution 81 - QUIC Single
Handshake duration: 17.19 ms
Execution 82 - QUIC Single
Handshake duration: 17.45 ms
Execution 83 - QUIC Single
Handshake duration: 59.28 ms
Execution 84 - QUIC Single
Handshake duration: 3019.69 ms
Execution 85 - QUIC Single
Handshake duration: 17.55 ms
Execution 86 - QUIC Single
Handshake duration: 24.43 ms
Execution 87 - QUIC Single
Handshake duration: 1695.69 ms
Execution 88 - QUIC Single
Handshake duration: 17.45 ms
Execution 89 - QUIC Single
Handshake duration: 17.31 ms
Execution 90 - QUIC Single
Handshake duration: 17.28 ms
Execution 91 - QUIC Single
Handshake duration: 147.50 ms
Execution 92 - QUIC Single
Handshake duration: 17.47 ms
Execution 93 - QUIC Single
Handshake duration: 533.92 ms
Execution 94 - QUIC Single
Handshake duration: 22.00 ms
Execution 95 - QUIC Single
Handshake duration: 64.82 ms
Execution 96 - QUIC Single
Handshake duration: 3246.74 ms
Execution 97 - QUIC Single
Handshake duration: 8986.58 ms
Execution 98 - QUIC Single
Handshake duration: 176.17 ms
Execution 99 - QUIC Single
Handshake duration: 669.87 ms
Execution 100 - QUIC Single
Handshake duration: 17.46 ms
Execution 101 - QUIC Single
Handshake duration: 1074.36 ms
Execution 102 - QUIC Single
Handshake duration: 17.29 ms
Execution 103 - QUIC Single
Handshake duration: 3323.98 ms
Execution 104 - QUIC Single
Handshake duration: 3459.51 ms
Execution 105 - QUIC Single
Handshake duration: 17.82 ms
Execution 106 - QUIC Single
Handshake duration: 52.64 ms
Execution 107 - QUIC Single
Handshake duration: 4515.17 ms
Execution 108 - QUIC Single
Handshake duration: 4184.48 ms
Execution 109 - QUIC Single
Handshake duration: 255.71 ms
Execution 110 - QUIC Single
Handshake duration: 21.84 ms
Execution 111 - QUIC Single
Handshake duration: 1725.80 ms
Execution 112 - QUIC Single
Handshake duration: 6109.96 ms
Execution 113 - QUIC Single
Handshake duration: 17.41 ms
Execution 114 - QUIC Single
Handshake duration: 21.78 ms
Execution 115 - QUIC Single
Handshake duration: 8133.58 ms
Execution 116 - QUIC Single
Handshake duration: 22.09 ms
Execution 117 - QUIC Single
Handshake duration: 17.25 ms
Execution 118 - QUIC Single
Handshake duration: 10880.64 ms
Execution 119 - QUIC Single
Handshake duration: 1204.53 ms
Execution 120 - QUIC Single
Handshake duration: 195.37 ms
Execution 121 - QUIC Single
Handshake duration: 3458.79 ms
Execution 122 - QUIC Single
Handshake duration: 45.02 ms
Execution 123 - QUIC Single
Handshake duration: 76.06 ms
Execution 124 - QUIC Single
Handshake duration: 8810.68 ms
Execution 125 - QUIC Single
Handshake duration: NaN ms
