Handshake timeout budget: 150s (identique TLS/QUIC)
Applying netem rules to lo...
Showing qdisc status for the interface: lo
qdisc netem 9d10: root refcnt 2 limit 1000 seed 12374807875972356718
 Sent 0 bytes 0 pkt (dropped 0, overlimits 0 requeues 0) 
 backlog 0b 0p requeues 0
Running ./perftestClientTlsQuic.sh with SIG_ALG=mldsa44 and KEM_ALG=x25519_mlkem512
Execution 1 - QUIC Single
Handshake duration: 4.91 ms
Execution 2 - QUIC Single
Handshake duration: 1005.37 ms
Execution 3 - QUIC Single
Handshake duration: 3.89 ms
Execution 4 - QUIC Single
Handshake duration: 1006.49 ms
Execution 5 - QUIC Single
Handshake duration: 4000.96 ms
Execution 6 - QUIC Single
Handshake duration: 4.29 ms
Execution 7 - QUIC Single
Handshake duration: 2027.47 ms
Execution 8 - QUIC Single
Handshake duration: 3.50 ms
Execution 9 - QUIC Single
Handshake duration: 4.53 ms
Execution 10 - QUIC Single
Handshake duration: 5058.59 ms
Execution 11 - QUIC Single
Handshake duration: 3.37 ms
Execution 12 - QUIC Single
Handshake duration: 1029.13 ms
Execution 13 - QUIC Single
Handshake duration: 1854.13 ms
Execution 14 - QUIC Single
Handshake duration: 3.53 ms
Execution 15 - QUIC Single
Handshake duration: 1075.57 ms
Execution 16 - QUIC Single
Handshake duration: 864.01 ms
Execution 17 - QUIC Single
Handshake duration: 3.58 ms
Execution 18 - QUIC Single
Handshake duration: 38.37 ms
Execution 19 - QUIC Single
Handshake duration: 119.29 ms
Execution 20 - QUIC Single
Handshake duration: 3.73 ms
Execution 21 - QUIC Single
Handshake duration: 31.08 ms
Execution 22 - QUIC Single
Handshake duration: 1005.36 ms
Execution 23 - QUIC Single
Handshake duration: 3.51 ms
Execution 24 - QUIC Single
Handshake duration: 3.30 ms
Execution 25 - QUIC Single
Handshake duration: 1004.17 ms
Execution 26 - QUIC Single
Handshake duration: 4001.49 ms
Execution 27 - QUIC Single
Handshake duration: 14177.16 ms
Execution 28 - QUIC Single
Handshake duration: 3.44 ms
Execution 29 - QUIC Single
Handshake duration: 4.99 ms
Execution 30 - QUIC Single
Handshake duration: 1044.86 ms
Execution 31 - QUIC Single
Handshake duration: 2026.24 ms
Execution 32 - QUIC Single
Handshake duration: 7031.74 ms
Execution 33 - QUIC Single
Handshake duration: 86.04 ms
Execution 34 - QUIC Single
Handshake duration: 3.34 ms
Execution 35 - QUIC Single
Handshake duration: 5000.97 ms
Execution 36 - QUIC Single
Handshake duration: 11127.91 ms
Execution 37 - QUIC Single
Handshake duration: 3.87 ms
Execution 38 - QUIC Single
Handshake duration: 2003.72 ms
Execution 39 - QUIC Single
Handshake duration: 3.33 ms
Execution 40 - QUIC Single
Handshake duration: 3.55 ms
Execution 41 - QUIC Single
Handshake duration: 4027.63 ms
Execution 42 - QUIC Single
Handshake duration: 4.29 ms
Execution 43 - QUIC Single
Handshake duration: 3.35 ms
Execution 44 - QUIC Single
Handshake duration: 32.83 ms
Execution 45 - QUIC Single
Handshake duration: 4002.07 ms
Execution 46 - QUIC Single
Handshake duration: 3.65 ms
Execution 47 - QUIC Single
Handshake duration: 30.93 ms
Execution 48 - QUIC Single
Handshake duration: 2026.71 ms
Execution 49 - QUIC Single
Handshake duration: 4001.74 ms
Execution 50 - QUIC Single
Handshake duration: 88.80 ms
Execution 51 - QUIC Single
Handshake duration: 2027.25 ms
Execution 52 - QUIC Single
Handshake duration: 4.33 ms
Execution 53 - QUIC Single
Handshake duration: 3.25 ms
Execution 54 - QUIC Single
Handshake duration: 2139.61 ms
Execution 55 - QUIC Single
Handshake duration: 1005.15 ms
Execution 56 - QUIC Single
Handshake duration: 2026.18 ms
Execution 57 - QUIC Single
Handshake duration: 4.00 ms
Execution 58 - QUIC Single
Handshake duration: 4.73 ms
Execution 59 - QUIC Single
Handshake duration: 1005.37 ms
Execution 60 - QUIC Single
Handshake duration: 86.02 ms
Execution 61 - QUIC Single
Handshake duration: 85.97 ms
Execution 62 - QUIC Single
Handshake duration: 7101.19 ms
Execution 63 - QUIC Single
Handshake duration: 2027.09 ms
Execution 64 - QUIC Single
Handshake duration: 5002.44 ms
Execution 65 - QUIC Single
Handshake duration: 32.63 ms
Execution 66 - QUIC Single
Handshake duration: 3.35 ms
Execution 67 - QUIC Single
Handshake duration: 7003.11 ms
Execution 68 - QUIC Single
Handshake duration: 1570.14 ms
Execution 69 - QUIC Single
Handshake duration: 2113.18 ms
Execution 70 - QUIC Single
Handshake duration: 1006.16 ms
Execution 71 - QUIC Single
Handshake duration: 3.51 ms
Execution 72 - QUIC Single
Handshake duration: 4.26 ms
Execution 73 - QUIC Single
Handshake duration: 34.00 ms
Execution 74 - QUIC Single
Handshake duration: 2290.20 ms
Execution 75 - QUIC Single
Handshake duration: NaN ms
Execution 76 - QUIC Single
Handshake duration: 30.64 ms
Execution 77 - QUIC Single
Handshake duration: 8965.70 ms
Execution 78 - QUIC Single
Handshake duration: 3.67 ms
Execution 79 - QUIC Single
Handshake duration: 200.59 ms
Execution 80 - QUIC Single
Handshake duration: 3.42 ms
Execution 81 - QUIC Single
Handshake duration: 3.51 ms
Execution 82 - QUIC Single
Handshake duration: NaN ms
Execution 83 - QUIC Single
Handshake duration: 1730.98 ms
Execution 84 - QUIC Single
Handshake duration: 30.83 ms
Execution 85 - QUIC Single
Handshake duration: 3.51 ms
Execution 86 - QUIC Single
Handshake duration: 4.30 ms
Execution 87 - QUIC Single
Handshake duration: 4027.39 ms
Execution 88 - QUIC Single
Handshake duration: 4.24 ms
Execution 89 - QUIC Single
Handshake duration: 31.97 ms
Execution 90 - QUIC Single
Handshake duration: 8132.27 ms
Execution 91 - QUIC Single
Handshake duration: 3.37 ms
Execution 92 - QUIC Single
Handshake duration: 1004.03 ms
Execution 93 - QUIC Single
Handshake duration: 3.32 ms
Execution 94 - QUIC Single
Handshake duration: 3.27 ms
Execution 95 - QUIC Single
Handshake duration: 7000.94 ms
Execution 96 - QUIC Single
Handshake duration: 4.26 ms
Execution 97 - QUIC Single
Handshake duration: 1102.04 ms
Execution 98 - QUIC Single
Handshake duration: 3999.17 ms
Execution 99 - QUIC Single
Handshake duration: 3001.95 ms
Execution 100 - QUIC Single
Handshake duration: 31.93 ms
Execution 101 - QUIC Single
Handshake duration: 3.37 ms
Execution 102 - QUIC Single
Handshake duration: 3.21 ms
Execution 103 - QUIC Single
Handshake duration: 93.06 ms
Execution 104 - QUIC Single
Handshake duration: 3.20 ms
Execution 105 - QUIC Single
Handshake duration: 151.54 ms
Execution 106 - QUIC Single
Handshake duration: 30.82 ms
Execution 107 - QUIC Single
Handshake duration: 93.04 ms
Execution 108 - QUIC Single
Handshake duration: 31.92 ms
Execution 109 - QUIC Single
Handshake duration: 30.86 ms
Execution 110 - QUIC Single
Handshake duration: 3001.79 ms
Execution 111 - QUIC Single
Handshake duration: 4802.12 ms
Execution 112 - QUIC Single
Handshake duration: NaN ms
Execution 113 - QUIC Single
Handshake duration: 5112.21 ms
Execution 114 - QUIC Single
Handshake duration: 3.25 ms
Execution 115 - QUIC Single
Handshake duration: 31.98 ms
Execution 116 - QUIC Single
Handshake duration: 7194.26 ms
Execution 117 - QUIC Single
Handshake duration: 2469.18 ms
Execution 118 - QUIC Single
Handshake duration: 3.21 ms
Execution 119 - QUIC Single
Handshake duration: 3.13 ms
Execution 120 - QUIC Single
Handshake duration: 3.36 ms
Execution 121 - QUIC Single
Handshake duration: 7001.11 ms
Execution 122 - QUIC Single
Handshake duration: 858.52 ms
Execution 123 - QUIC Single
Handshake duration: 2003.48 ms
Execution 124 - QUIC Single
Handshake duration: 30.80 ms
Execution 125 - QUIC Single
Handshake duration: 64.88 ms
