Handshake timeout budget: 150s (identique TLS/QUIC)
Applying netem rules to lo...
Showing qdisc status for the interface: lo
qdisc netem 81da: root refcnt 2 limit 1000 seed 4950098151594258628
 Sent 0 bytes 0 pkt (dropped 0, overlimits 0 requeues 0) 
 backlog 0b 0p requeues 0
Running ./perftestClientTlsQuic.sh with SIG_ALG=mldsa65 and KEM_ALG=mlkem768
Execution 1 - QUIC Single
Handshake duration: 2.49 ms
Execution 2 - QUIC Single
Handshake duration: 3797.34 ms
Execution 3 - QUIC Single
Handshake duration: 5406.06 ms
Execution 4 - QUIC Single
Handshake duration: 2867.24 ms
Execution 5 - QUIC Single
Handshake duration: 2.23 ms
Execution 6 - QUIC Single
Handshake duration: 2.78 ms
Execution 7 - QUIC Single
Handshake duration: 2.17 ms
Execution 8 - QUIC Single
Handshake duration: 2.07 ms
Execution 9 - QUIC Single
Handshake duration: 2.08 ms
Execution 10 - QUIC Single
Handshake duration: 7429.54 ms
Execution 11 - QUIC Single
Handshake duration: 4023.87 ms
Execution 12 - QUIC Single
Handshake duration: NaN ms
Execution 13 - QUIC Single
Handshake duration: 62.40 ms
Execution 14 - QUIC Single
Handshake duration: 83.79 ms
Execution 15 - QUIC Single
Handshake duration: 1083.14 ms
Execution 16 - QUIC Single
Handshake duration: 83.99 ms
Execution 17 - QUIC Single
Handshake duration: 191.82 ms
Execution 18 - QUIC Single
Handshake duration: 2054.60 ms
Execution 19 - QUIC Single
Handshake duration: 2028.46 ms
Execution 20 - QUIC Single
Handshake duration: 2.43 ms
Execution 21 - QUIC Single
Handshake duration: 1.95 ms
Execution 22 - QUIC Single
Handshake duration: 2.13 ms
Execution 23 - QUIC Single
Handshake duration: 1.90 ms
Execution 24 - QUIC Single
Handshake duration: 2.64 ms
Execution 25 - QUIC Single
Handshake duration: 1.90 ms
Execution 26 - QUIC Single
Handshake duration: 10080.58 ms
Execution 27 - QUIC Single
Handshake duration: 407.77 ms
Execution 28 - QUIC Single
Handshake duration: 3002.08 ms
Execution 29 - QUIC Single
Handshake duration: NaN ms
Execution 30 - QUIC Single
Handshake duration: 4053.51 ms
Execution 31 - QUIC Single
Handshake duration: 83.79 ms
Execution 32 - QUIC Single
Handshake duration: 1999.65 ms
Execution 33 - QUIC Single
Handshake duration: 2027.20 ms
Execution 34 - QUIC Single
Handshake duration: 56.87 ms
Execution 35 - QUIC Single
Handshake duration: 2028.47 ms
Execution 36 - QUIC Single
Handshake duration: 84.78 ms
Execution 37 - QUIC Single
Handshake duration: 1.99 ms
Execution 38 - QUIC Single
Handshake duration: 194.93 ms
Execution 39 - QUIC Single
Handshake duration: 2000.43 ms
Execution 40 - QUIC Single
Handshake duration: 2.12 ms
Execution 41 - QUIC Single
Handshake duration: 2.32 ms
Execution 42 - QUIC Single
Handshake duration: 2.28 ms
Execution 43 - QUIC Single
Handshake duration: 3002.07 ms
Execution 44 - QUIC Single
Handshake duration: 2025.46 ms
Execution 45 - QUIC Single
Handshake duration: 2.09 ms
Execution 46 - QUIC Single
Handshake duration: 4106.84 ms
Execution 47 - QUIC Single
Handshake duration: 2137.09 ms
Execution 48 - QUIC Single
Handshake duration: 2000.02 ms
Execution 49 - QUIC Single
Handshake duration: 1.99 ms
Execution 50 - QUIC Single
Handshake duration: 88.79 ms
Execution 51 - QUIC Single
Handshake duration: 4056.39 ms
Execution 52 - QUIC Single
Handshake duration: 1.90 ms
Execution 53 - QUIC Single
Handshake duration: 2.12 ms
Execution 54 - QUIC Single
Handshake duration: 1001.79 ms
Execution 55 - QUIC Single
Handshake duration: 3138.52 ms
Execution 56 - QUIC Single
Handshake duration: 1.98 ms
Execution 57 - QUIC Single
Handshake duration: 1.93 ms
Execution 58 - QUIC Single
Handshake duration: 2194.05 ms
Execution 59 - QUIC Single
Handshake duration: 2.21 ms
Execution 60 - QUIC Single
Handshake duration: 2.15 ms
Execution 61 - QUIC Single
Handshake duration: 1.99 ms
Execution 62 - QUIC Single
Handshake duration: 2.49 ms
Execution 63 - QUIC Single
Handshake duration: 2.18 ms
Execution 64 - QUIC Single
Handshake duration: 1.90 ms
Execution 65 - QUIC Single
Handshake duration: 2.15 ms
Execution 66 - QUIC Single
Handshake duration: 2.02 ms
Execution 67 - QUIC Single
Handshake duration: 144.02 ms
Execution 68 - QUIC Single
Handshake duration: 4028.28 ms
Execution 69 - QUIC Single
Handshake duration: 32.77 ms
Execution 70 - QUIC Single
Handshake duration: 1.86 ms
Execution 71 - QUIC Single
Handshake duration: 83.86 ms
Execution 72 - QUIC Single
Handshake duration: 1.95 ms
Execution 73 - QUIC Single
Handshake duration: 1.95 ms
Execution 74 - QUIC Single
Handshake duration: 2.11 ms
Execution 75 - QUIC Single
Handshake duration: 12023.79 ms
Execution 76 - QUIC Single
Handshake duration: 1999.87 ms
Execution 77 - QUIC Single
Handshake duration: 29.66 ms
Execution 78 - QUIC Single
Handshake duration: 2.31 ms
Execution 79 - QUIC Single
Handshake duration: 58.81 ms
Execution 80 - QUIC Single
Handshake duration: 1029.42 ms
Execution 81 - QUIC Single
Handshake duration: 29.67 ms
Execution 82 - QUIC Single
Handshake duration: 1.90 ms
Execution 83 - QUIC Single
Handshake duration: 141.68 ms
Execution 84 - QUIC Single
Handshake duration: 2029.08 ms
Execution 85 - QUIC Single
Handshake duration: 1056.26 ms
Execution 86 - QUIC Single
Handshake duration: 1.96 ms
Execution 87 - QUIC Single
Handshake duration: 1.87 ms
Execution 88 - QUIC Single
Handshake duration: 2.06 ms
Execution 89 - QUIC Single
Handshake duration: 114.30 ms
Execution 90 - QUIC Single
Handshake duration: 3082.18 ms
Execution 91 - QUIC Single
Handshake duration: 1001.34 ms
Execution 92 - QUIC Single
Handshake duration: 2.09 ms
Execution 93 - QUIC Single
Handshake duration: 2.57 ms
Execution 94 - QUIC Single
Handshake duration: 2.18 ms
Execution 95 - QUIC Single
Handshake duration: 31.69 ms
Execution 96 - QUIC Single
Handshake duration: 2.28 ms
Execution 97 - QUIC Single
Handshake duration: 4023.71 ms
Execution 98 - QUIC Single
Handshake duration: 29.64 ms
Execution 99 - QUIC Single
Handshake duration: 2000.69 ms
Execution 100 - QUIC Single
Handshake duration: 2053.90 ms
Execution 101 - QUIC Single
Handshake duration: 2027.69 ms
Execution 102 - QUIC Single
Handshake duration: 29.66 ms
Execution 103 - QUIC Single
Handshake duration: 32.56 ms
Execution 104 - QUIC Single
Handshake duration: 4051.72 ms
Execution 105 - QUIC Single
Handshake duration: 2.10 ms
Execution 106 - QUIC Single
Handshake duration: 1.90 ms
Execution 107 - QUIC Single
Handshake duration: 2025.88 ms
Execution 108 - QUIC Single
Handshake duration: 29.61 ms
Execution 109 - QUIC Single
Handshake duration: NaN ms
Execution 110 - QUIC Single
Handshake duration: 1700.16 ms
Execution 111 - QUIC Single
Handshake duration: 83.49 ms
Execution 112 - QUIC Single
Handshake duration: 2081.64 ms
Execution 113 - QUIC Single
Handshake duration: 2026.08 ms
Execution 114 - QUIC Single
Handshake duration: 59.02 ms
Execution 115 - QUIC Single
Handshake duration: 1.99 ms
Execution 116 - QUIC Single
Handshake duration: 218.33 ms
Execution 117 - QUIC Single
Handshake duration: 2.04 ms
Execution 118 - QUIC Single
Handshake duration: 2.21 ms
Execution 119 - QUIC Single
Handshake duration: 7000.71 ms
Execution 120 - QUIC Single
Handshake duration: 2000.71 ms
Execution 121 - QUIC Single
Handshake duration: 1.99 ms
Execution 122 - QUIC Single
Handshake duration: 1.96 ms
Execution 123 - QUIC Single
Handshake duration: 3002.24 ms
Execution 124 - QUIC Single
Handshake duration: 2.10 ms
Execution 125 - QUIC Single
Handshake duration: 3059.31 ms
