Handshake timeout budget: 150s (identique TLS/QUIC)
Applying netem rules to lo...
Showing qdisc status for the interface: lo
qdisc netem 81d7: root refcnt 2 limit 1000 seed 3170714763280671054
 Sent 0 bytes 0 pkt (dropped 0, overlimits 0 requeues 0) 
 backlog 0b 0p requeues 0
Running ./perftestClientTlsQuic.sh with SIG_ALG=mldsa65 and KEM_ALG=p384_hqc192
Execution 1 - QUIC Single
Handshake duration: 1263.10 ms
Execution 2 - QUIC Single
Handshake duration: 208.54 ms
Execution 3 - QUIC Single
Handshake duration: 55.40 ms
Execution 4 - QUIC Single
Handshake duration: 55.13 ms
Execution 5 - QUIC Single
Handshake duration: 1322.10 ms
Execution 6 - QUIC Single
Handshake duration: 103.01 ms
Execution 7 - QUIC Single
Handshake duration: 250.62 ms
Execution 8 - QUIC Single
Handshake duration: 1054.08 ms
Execution 9 - QUIC Single
Handshake duration: 165.39 ms
Execution 10 - QUIC Single
Handshake duration: 103.90 ms
Execution 11 - QUIC Single
Handshake duration: 54.71 ms
Execution 12 - QUIC Single
Handshake duration: 4013.39 ms
Execution 13 - QUIC Single
Handshake duration: 235.17 ms
Execution 14 - QUIC Single
Handshake duration: 73.58 ms
Execution 15 - QUIC Single
Handshake duration: 220.83 ms
Execution 16 - QUIC Single
Handshake duration: 507.07 ms
Execution 17 - QUIC Single
Handshake duration: 77.15 ms
Execution 18 - QUIC Single
Handshake duration: 53.18 ms
Execution 19 - QUIC Single
Handshake duration: 1390.99 ms
Execution 20 - QUIC Single
Handshake duration: 68.98 ms
Execution 21 - QUIC Single
Handshake duration: 114.48 ms
Execution 22 - QUIC Single
Handshake duration: 942.92 ms
Execution 23 - QUIC Single
Handshake duration: 1757.81 ms
Execution 24 - QUIC Single
Handshake duration: 283.21 ms
Execution 25 - QUIC Single
Handshake duration: 462.00 ms
Execution 26 - QUIC Single
Handshake duration: 98.01 ms
Execution 27 - QUIC Single
Handshake duration: 82.38 ms
Execution 28 - QUIC Single
Handshake duration: 280.08 ms
Execution 29 - QUIC Single
Handshake duration: 56.41 ms
Execution 30 - QUIC Single
Handshake duration: 55.72 ms
Execution 31 - QUIC Single
Handshake duration: 1185.88 ms
Execution 32 - QUIC Single
Handshake duration: 57.73 ms
Execution 33 - QUIC Single
Handshake duration: 3103.24 ms
Execution 34 - QUIC Single
Handshake duration: 494.10 ms
Execution 35 - QUIC Single
Handshake duration: 463.76 ms
Execution 36 - QUIC Single
Handshake duration: 785.23 ms
Execution 37 - QUIC Single
Handshake duration: 56.28 ms
Execution 38 - QUIC Single
Handshake duration: 2723.11 ms
Execution 39 - QUIC Single
Handshake duration: 507.63 ms
Execution 40 - QUIC Single
Handshake duration: 1763.36 ms
Execution 41 - QUIC Single
Handshake duration: 54.09 ms
Execution 42 - QUIC Single
Handshake duration: 101.08 ms
Execution 43 - QUIC Single
Handshake duration: 1184.44 ms
Execution 44 - QUIC Single
Handshake duration: 1053.69 ms
Execution 45 - QUIC Single
Handshake duration: 70.02 ms
Execution 46 - QUIC Single
Handshake duration: 7569.08 ms
Execution 47 - QUIC Single
Handshake duration: 1037.11 ms
Execution 48 - QUIC Single
Handshake duration: 64.42 ms
Execution 49 - QUIC Single
Handshake duration: 55.24 ms
Execution 50 - QUIC Single
Handshake duration: 3037.47 ms
Execution 51 - QUIC Single
Handshake duration: 444.29 ms
Execution 52 - QUIC Single
Handshake duration: 1762.75 ms
Execution 53 - QUIC Single
Handshake duration: 55.16 ms
Execution 54 - QUIC Single
Handshake duration: 640.46 ms
Execution 55 - QUIC Single
Handshake duration: 56.25 ms
Execution 56 - QUIC Single
Handshake duration: 1039.31 ms
Execution 57 - QUIC Single
Handshake duration: 530.88 ms
Execution 58 - QUIC Single
Handshake duration: 57.18 ms
Execution 59 - QUIC Single
Handshake duration: 1241.36 ms
Execution 60 - QUIC Single
Handshake duration: 244.14 ms
Execution 61 - QUIC Single
Handshake duration: 542.08 ms
Execution 62 - QUIC Single
Handshake duration: 123.14 ms
Execution 63 - QUIC Single
Handshake duration: 56.19 ms
Execution 64 - QUIC Single
Handshake duration: 56.82 ms
Execution 65 - QUIC Single
Handshake duration: 64.19 ms
Execution 66 - QUIC Single
Handshake duration: 114.98 ms
Execution 67 - QUIC Single
Handshake duration: 461.42 ms
Execution 68 - QUIC Single
Handshake duration: 866.37 ms
Execution 69 - QUIC Single
Handshake duration: 55.01 ms
Execution 70 - QUIC Single
Handshake duration: 56.47 ms
Execution 71 - QUIC Single
Handshake duration: 1237.14 ms
Execution 72 - QUIC Single
Handshake duration: 56.01 ms
Execution 73 - QUIC Single
Handshake duration: 55.77 ms
Execution 74 - QUIC Single
Handshake duration: 1036.10 ms
Execution 75 - QUIC Single
Handshake duration: 55.07 ms
Execution 76 - QUIC Single
Handshake duration: 57.21 ms
Execution 77 - QUIC Single
Handshake duration: 60.48 ms
Execution 78 - QUIC Single
Handshake duration: 2569.50 ms
Execution 79 - QUIC Single
Handshake duration: 247.98 ms
Execution 80 - QUIC Single
Handshake duration: 699.02 ms
Execution 81 - QUIC Single
Handshake duration: 54.94 ms
Execution 82 - QUIC Single
Handshake duration: 1124.03 ms
Execution 83 - QUIC Single
Handshake duration: 685.08 ms
Execution 84 - QUIC Single
Handshake duration: 1336.55 ms
Execution 85 - QUIC Single
Handshake duration: 868.73 ms
Execution 86 - QUIC Single
Handshake duration: 209.44 ms
Execution 87 - QUIC Single
Handshake duration: 107.38 ms
Execution 88 - QUIC Single
Handshake duration: 55.34 ms
Execution 89 - QUIC Single
Handshake duration: 3179.35 ms
Execution 90 - QUIC Single
Handshake duration: 58.13 ms
Execution 91 - QUIC Single
Handshake duration: 1147.06 ms
Execution 92 - QUIC Single
Handshake duration: 1971.10 ms
Execution 93 - QUIC Single
Handshake duration: 56.63 ms
Execution 94 - QUIC Single
Handshake duration: 6377.65 ms
Execution 95 - QUIC Single
Handshake duration: 412.78 ms
Execution 96 - QUIC Single
Handshake duration: 55.86 ms
Execution 97 - QUIC Single
Handshake duration: 458.43 ms
Execution 98 - QUIC Single
Handshake duration: 2469.85 ms
Execution 99 - QUIC Single
Handshake duration: 365.88 ms
Execution 100 - QUIC Single
Handshake duration: 3444.17 ms
Execution 101 - QUIC Single
Handshake duration: 104.91 ms
Execution 102 - QUIC Single
Handshake duration: 1149.33 ms
Execution 103 - QUIC Single
Handshake duration: 56.91 ms
Execution 104 - QUIC Single
Handshake duration: 106.88 ms
Execution 105 - QUIC Single
Handshake duration: 56.70 ms
Execution 106 - QUIC Single
Handshake duration: 162.72 ms
Execution 107 - QUIC Single
Handshake duration: NaN ms
Execution 108 - QUIC Single
Handshake duration: 5169.19 ms
Execution 109 - QUIC Single
Handshake duration: 55.52 ms
Execution 110 - QUIC Single
Handshake duration: 204.96 ms
Execution 111 - QUIC Single
Handshake duration: 1216.13 ms
Execution 112 - QUIC Single
Handshake duration: 1206.65 ms
Execution 113 - QUIC Single
Handshake duration: 1337.50 ms
Execution 114 - QUIC Single
Handshake duration: 186.59 ms
Execution 115 - QUIC Single
Handshake duration: 56.14 ms
Execution 116 - QUIC Single
Handshake duration: 55.46 ms
Execution 117 - QUIC Single
Handshake duration: 66.33 ms
Execution 118 - QUIC Single
Handshake duration: 79.31 ms
Execution 119 - QUIC Single
Handshake duration: 1578.59 ms
Execution 120 - QUIC Single
Handshake duration: 54.99 ms
Execution 121 - QUIC Single
Handshake duration: 54.94 ms
Execution 122 - QUIC Single
Handshake duration: 394.21 ms
Execution 123 - QUIC Single
Handshake duration: 103.94 ms
Execution 124 - QUIC Single
Handshake duration: 112.44 ms
Execution 125 - QUIC Single
Handshake duration: 1641.79 ms
