Handshake timeout budget: 150s (identique TLS/QUIC)
Applying netem rules to lo...
Showing qdisc status for the interface: lo
qdisc netem 9d6a: root refcnt 2 limit 1000 seed 5577923313549898200
 Sent 0 bytes 0 pkt (dropped 0, overlimits 0 requeues 0) 
 backlog 0b 0p requeues 0
Running ./perftestClientTlsQuic.sh with SIG_ALG=mldsa65 and KEM_ALG=mlkem768
Execution 1 - QUIC Single
Handshake duration: 3396.74 ms
Execution 2 - QUIC Single
Handshake duration: 2.15 ms
Execution 3 - QUIC Single
Handshake duration: 4791.03 ms
Execution 4 - QUIC Single
Handshake duration: 2441.80 ms
Execution 5 - QUIC Single
Handshake duration: 2999.05 ms
Execution 6 - QUIC Single
Handshake duration: 3265.14 ms
Execution 7 - QUIC Single
Handshake duration: 83.84 ms
Execution 8 - QUIC Single
Handshake duration: 29.61 ms
Execution 9 - QUIC Single
Handshake duration: 2.24 ms
Execution 10 - QUIC Single
Handshake duration: 1028.68 ms
Execution 11 - QUIC Single
Handshake duration: 1.82 ms
Execution 12 - QUIC Single
Handshake duration: 2.13 ms
Execution 13 - QUIC Single
Handshake duration: 453.08 ms
Execution 14 - QUIC Single
Handshake duration: 3030.39 ms
Execution 15 - QUIC Single
Handshake duration: 3027.85 ms
Execution 16 - QUIC Single
Handshake duration: 7029.60 ms
Execution 17 - QUIC Single
Handshake duration: 5348.26 ms
Execution 18 - QUIC Single
Handshake duration: 2.47 ms
Execution 19 - QUIC Single
Handshake duration: 3998.77 ms
Execution 20 - QUIC Single
Handshake duration: 1.98 ms
Execution 21 - QUIC Single
Handshake duration: 1.82 ms
Execution 22 - QUIC Single
Handshake duration: 1.90 ms
Execution 23 - QUIC Single
Handshake duration: 2025.10 ms
Execution 24 - QUIC Single
Handshake duration: 961.45 ms
Execution 25 - QUIC Single
Handshake duration: 2.19 ms
Execution 26 - QUIC Single
Handshake duration: 2.63 ms
Execution 27 - QUIC Single
Handshake duration: 2.37 ms
Execution 28 - QUIC Single
Handshake duration: 3716.20 ms
Execution 29 - QUIC Single
Handshake duration: 5701.39 ms
Execution 30 - QUIC Single
Handshake duration: 1.90 ms
Execution 31 - QUIC Single
Handshake duration: 1999.95 ms
Execution 32 - QUIC Single
Handshake duration: 2.36 ms
Execution 33 - QUIC Single
Handshake duration: 4024.13 ms
Execution 34 - QUIC Single
Handshake duration: 30.23 ms
Execution 35 - QUIC Single
Handshake duration: 2.21 ms
Execution 36 - QUIC Single
Handshake duration: 4322.04 ms
Execution 37 - QUIC Single
Handshake duration: 2.16 ms
Execution 38 - QUIC Single
Handshake duration: 2053.71 ms
Execution 39 - QUIC Single
Handshake duration: 2000.57 ms
Execution 40 - QUIC Single
Handshake duration: 833.12 ms
Execution 41 - QUIC Single
Handshake duration: 1.92 ms
Execution 42 - QUIC Single
Handshake duration: 4357.05 ms
Execution 43 - QUIC Single
Handshake duration: 29.45 ms
Execution 44 - QUIC Single
Handshake duration: 1.73 ms
Execution 45 - QUIC Single
Handshake duration: 1001.85 ms
Execution 46 - QUIC Single
Handshake duration: 29.64 ms
Execution 47 - QUIC Single
Handshake duration: 1.89 ms
Execution 48 - QUIC Single
Handshake duration: 2.27 ms
Execution 49 - QUIC Single
Handshake duration: 83.81 ms
Execution 50 - QUIC Single
Handshake duration: 1.93 ms
Execution 51 - QUIC Single
Handshake duration: 2438.79 ms
Execution 52 - QUIC Single
Handshake duration: 1.90 ms
Execution 53 - QUIC Single
Handshake duration: 1350.41 ms
Execution 54 - QUIC Single
Handshake duration: 2.09 ms
Execution 55 - QUIC Single
Handshake duration: 8996.70 ms
Execution 56 - QUIC Single
Handshake duration: 1.89 ms
Execution 57 - QUIC Single
Handshake duration: 1.91 ms
Execution 58 - QUIC Single
Handshake duration: 1.79 ms
Execution 59 - QUIC Single
Handshake duration: 30.19 ms
Execution 60 - QUIC Single
Handshake duration: 2.17 ms
Execution 61 - QUIC Single
Handshake duration: 219.60 ms
Execution 62 - QUIC Single
Handshake duration: 57.95 ms
Execution 63 - QUIC Single
Handshake duration: 3901.48 ms
Execution 64 - QUIC Single
Handshake duration: 1.77 ms
Execution 65 - QUIC Single
Handshake duration: 1.94 ms
Execution 66 - QUIC Single
Handshake duration: 1.76 ms
Execution 67 - QUIC Single
Handshake duration: 2025.80 ms
Execution 68 - QUIC Single
Handshake duration: 864.18 ms
Execution 69 - QUIC Single
Handshake duration: 1999.69 ms
Execution 70 - QUIC Single
Handshake duration: 2.05 ms
Execution 71 - QUIC Single
Handshake duration: 3109.02 ms
Execution 72 - QUIC Single
Handshake duration: 4108.84 ms
Execution 73 - QUIC Single
Handshake duration: 29.89 ms
Execution 74 - QUIC Single
Handshake duration: 445.76 ms
Execution 75 - QUIC Single
Handshake duration: 1.87 ms
Execution 76 - QUIC Single
Handshake duration: 83.36 ms
Execution 77 - QUIC Single
Handshake duration: NaN ms
Execution 78 - QUIC Single
Handshake duration: 32.71 ms
Execution 79 - QUIC Single
Handshake duration: 3001.91 ms
Execution 80 - QUIC Single
Handshake duration: 1.94 ms
Execution 81 - QUIC Single
Handshake duration: 1999.91 ms
Execution 82 - QUIC Single
Handshake duration: 29.45 ms
Execution 83 - QUIC Single
Handshake duration: 1.70 ms
Execution 84 - QUIC Single
Handshake duration: 2.02 ms
Execution 85 - QUIC Single
Handshake duration: 192.14 ms
Execution 86 - QUIC Single
Handshake duration: 1.90 ms
Execution 87 - QUIC Single
Handshake duration: 190.78 ms
Execution 88 - QUIC Single
Handshake duration: 4794.86 ms
Execution 89 - QUIC Single
Handshake duration: 140.78 ms
Execution 90 - QUIC Single
Handshake duration: 2000.64 ms
Execution 91 - QUIC Single
Handshake duration: 2026.92 ms
Execution 92 - QUIC Single
Handshake duration: 1.89 ms
Execution 93 - QUIC Single
Handshake duration: 2000.70 ms
Execution 94 - QUIC Single
Handshake duration: 1.99 ms
Execution 95 - QUIC Single
Handshake duration: NaN ms
Execution 96 - QUIC Single
Handshake duration: 6543.13 ms
Execution 97 - QUIC Single
Handshake duration: 29.73 ms
Execution 98 - QUIC Single
Handshake duration: 2.31 ms
Execution 99 - QUIC Single
Handshake duration: 32.68 ms
Execution 100 - QUIC Single
Handshake duration: 4208.34 ms
Execution 101 - QUIC Single
Handshake duration: 2053.44 ms
Execution 102 - QUIC Single
Handshake duration: 191.95 ms
Execution 103 - QUIC Single
Handshake duration: 1057.35 ms
Execution 104 - QUIC Single
Handshake duration: 56.94 ms
Execution 105 - QUIC Single
Handshake duration: 1.98 ms
Execution 106 - QUIC Single
Handshake duration: 12859.49 ms
Execution 107 - QUIC Single
Handshake duration: 2000.23 ms
Execution 108 - QUIC Single
Handshake duration: 112.27 ms
Execution 109 - QUIC Single
Handshake duration: 29.50 ms
Execution 110 - QUIC Single
Handshake duration: 1.84 ms
Execution 111 - QUIC Single
Handshake duration: 4053.48 ms
Execution 112 - QUIC Single
Handshake duration: 29.78 ms
Execution 113 - QUIC Single
Handshake duration: 83.60 ms
Execution 114 - QUIC Single
Handshake duration: 29.74 ms
Execution 115 - QUIC Single
Handshake duration: 1.86 ms
Execution 116 - QUIC Single
Handshake duration: 10006.83 ms
Execution 117 - QUIC Single
Handshake duration: 2282.61 ms
Execution 118 - QUIC Single
Handshake duration: 1.87 ms
Execution 119 - QUIC Single
Handshake duration: 2026.86 ms
Execution 120 - QUIC Single
Handshake duration: 2108.38 ms
Execution 121 - QUIC Single
Handshake duration: 29.92 ms
Execution 122 - QUIC Single
Handshake duration: 2000.67 ms
Execution 123 - QUIC Single
Handshake duration: 935.59 ms
Execution 124 - QUIC Single
Handshake duration: 2.07 ms
Execution 125 - QUIC Single
Handshake duration: 9321.93 ms
