Applying netem rules to lo...
Showing qdisc status for the interface: lo
qdisc netem 85d7: root refcnt 2 limit 1000 seed 13357641393669253731
 Sent 0 bytes 0 pkt (dropped 0, overlimits 0 requeues 0) 
 backlog 0b 0p requeues 0
Running ./perftestClientTlsQuic.sh with SIG_ALG=mldsa87 and KEM_ALG=p521_mlkem1024
Execution 1 - QUIC Single
Handshake duration: 223.75 ms
Execution 2 - QUIC Single
Handshake duration: 7013.57 ms
Execution 3 - QUIC Single
Handshake duration: 16.18 ms
Execution 4 - QUIC Single
Handshake duration: 2018.14 ms
Execution 5 - QUIC Single
Handshake duration: 2043.61 ms
Execution 6 - QUIC Single
Handshake duration: 4037.73 ms
Execution 7 - QUIC Single
Handshake duration: 80.86 ms
Execution 8 - QUIC Single
Handshake duration: 4039.51 ms
Execution 9 - QUIC Single
Handshake duration: 2011.78 ms
Execution 10 - QUIC Single
Handshake duration: 267.64 ms
Execution 11 - QUIC Single
Handshake duration: 23.33 ms
Execution 12 - QUIC Single
Handshake duration: 15.77 ms
Execution 13 - QUIC Single
Handshake duration: 4089.79 ms
Execution 14 - QUIC Single
Handshake duration: 4068.02 ms
Execution 15 - QUIC Single
Handshake duration: 15.93 ms
Execution 16 - QUIC Single
Handshake duration: 17.93 ms
Execution 17 - QUIC Single
Handshake duration: 15.63 ms
Execution 18 - QUIC Single
Handshake duration: 15.55 ms
Execution 19 - QUIC Single
Handshake duration: NaN ms
Execution 20 - QUIC Single
Handshake duration: 7998.53 ms
Execution 21 - QUIC Single
Handshake duration: 3188.71 ms
Execution 22 - QUIC Single
Handshake duration: 4033.46 ms
Execution 23 - QUIC Single
Handshake duration: 16.23 ms
Execution 24 - QUIC Single
Handshake duration: 7021.81 ms
Execution 25 - QUIC Single
Handshake duration: 68.41 ms
Execution 26 - QUIC Single
Handshake duration: 15.92 ms
Execution 27 - QUIC Single
Handshake duration: 15.82 ms
Execution 28 - QUIC Single
Handshake duration: 15.61 ms
Execution 29 - QUIC Single
Handshake duration: 2011.26 ms
Execution 30 - QUIC Single
Handshake duration: 7036.20 ms
Execution 31 - QUIC Single
Handshake duration: 126.18 ms
Execution 32 - QUIC Single
Handshake duration: 77.53 ms
Execution 33 - QUIC Single
Handshake duration: 16.35 ms
Execution 34 - QUIC Single
Handshake duration: 3015.93 ms
Execution 35 - QUIC Single
Handshake duration: 3219.44 ms
Execution 36 - QUIC Single
Handshake duration: 23.21 ms
Execution 37 - QUIC Single
Handshake duration: 76.80 ms
Execution 38 - QUIC Single
Handshake duration: 2038.73 ms
Execution 39 - QUIC Single
Handshake duration: 19.95 ms
Execution 40 - QUIC Single
Handshake duration: 23.21 ms
Execution 41 - QUIC Single
Handshake duration: 48.24 ms
Execution 42 - QUIC Single
Handshake duration: 23.06 ms
Execution 43 - QUIC Single
Handshake duration: 50.12 ms
Execution 44 - QUIC Single
Handshake duration: 4524.53 ms
Execution 45 - QUIC Single
Handshake duration: 110.75 ms
Execution 46 - QUIC Single
Handshake duration: 23.82 ms
Execution 47 - QUIC Single
Handshake duration: 16.00 ms
Execution 48 - QUIC Single
Handshake duration: 25.79 ms
Execution 49 - QUIC Single
Handshake duration: 119.77 ms
Execution 50 - QUIC Single
Handshake duration: NaN ms
Execution 51 - QUIC Single
Handshake duration: NaN ms
Execution 52 - QUIC Single
Handshake duration: 22.92 ms
Execution 53 - QUIC Single
Handshake duration: 3071.90 ms
Execution 54 - QUIC Single
Handshake duration: 17.78 ms
Execution 55 - QUIC Single
Handshake duration: 51.40 ms
Execution 56 - QUIC Single
Handshake duration: 2021.76 ms
Execution 57 - QUIC Single
Handshake duration: 551.36 ms
Execution 58 - QUIC Single
Handshake duration: 18.84 ms
Execution 59 - QUIC Single
Handshake duration: 2039.07 ms
Execution 60 - QUIC Single
Handshake duration: 2066.26 ms
Execution 61 - QUIC Single
Handshake duration: 112.62 ms
Execution 62 - QUIC Single
Handshake duration: 19.29 ms
Execution 63 - QUIC Single
Handshake duration: 24.35 ms
Execution 64 - QUIC Single
Handshake duration: 2039.71 ms
Execution 65 - QUIC Single
Handshake duration: 3493.22 ms
Execution 66 - QUIC Single
Handshake duration: 2038.40 ms
Execution 67 - QUIC Single
Handshake duration: 2930.11 ms
Execution 68 - QUIC Single
Handshake duration: 15.61 ms
Execution 69 - QUIC Single
Handshake duration: 15.88 ms
Execution 70 - QUIC Single
Handshake duration: 47.49 ms
Execution 71 - QUIC Single
Handshake duration: 2011.40 ms
Execution 72 - QUIC Single
Handshake duration: 23.60 ms
Execution 73 - QUIC Single
Handshake duration: 4033.81 ms
Execution 74 - QUIC Single
Handshake duration: 16.08 ms
Execution 75 - QUIC Single
Handshake duration: 16.47 ms
Execution 76 - QUIC Single
Handshake duration: 16.47 ms
Execution 77 - QUIC Single
Handshake duration: 15.95 ms
Execution 78 - QUIC Single
Handshake duration: 301.22 ms
Execution 79 - QUIC Single
Handshake duration: 3037.56 ms
Execution 80 - QUIC Single
Handshake duration: 24.38 ms
Execution 81 - QUIC Single
Handshake duration: 3861.43 ms
Execution 82 - QUIC Single
Handshake duration: 19.23 ms
Execution 83 - QUIC Single
Handshake duration: 510.07 ms
Execution 84 - QUIC Single
Handshake duration: 15.86 ms
Execution 85 - QUIC Single
Handshake duration: 16.62 ms
Execution 86 - QUIC Single
Handshake duration: 16.91 ms
Execution 87 - QUIC Single
Handshake duration: 77.11 ms
Execution 88 - QUIC Single
Handshake duration: 207.31 ms
Execution 89 - QUIC Single
Handshake duration: NaN ms
Execution 90 - QUIC Single
Handshake duration: NaN ms
Execution 91 - QUIC Single
Handshake duration: 4033.71 ms
Execution 92 - QUIC Single
Handshake duration: 15.96 ms
Execution 93 - QUIC Single
Handshake duration: 5426.99 ms
Execution 94 - QUIC Single
Handshake duration: 15.97 ms
Execution 95 - QUIC Single
Handshake duration: 17.41 ms
Execution 96 - QUIC Single
Handshake duration: 23.60 ms
Execution 97 - QUIC Single
Handshake duration: 2097.65 ms
Execution 98 - QUIC Single
Handshake duration: 15.90 ms
Execution 99 - QUIC Single
Handshake duration: 374.86 ms
Execution 100 - QUIC Single
Handshake duration: 7017.52 ms
Execution 101 - QUIC Single
Handshake duration: 24.03 ms
Execution 102 - QUIC Single
Handshake duration: 30.00 ms
Execution 103 - QUIC Single
Handshake duration: 2012.28 ms
Execution 104 - QUIC Single
Handshake duration: 6681.86 ms
Execution 105 - QUIC Single
Handshake duration: 16.14 ms
Execution 106 - QUIC Single
Handshake duration: 5997.53 ms
Execution 107 - QUIC Single
Handshake duration: 4114.73 ms
Execution 108 - QUIC Single
Handshake duration: 19.21 ms
Execution 109 - QUIC Single
Handshake duration: 4399.10 ms
Execution 110 - QUIC Single
Handshake duration: 16.25 ms
Execution 111 - QUIC Single
Handshake duration: 17.72 ms
Execution 112 - QUIC Single
Handshake duration: 48.26 ms
Execution 113 - QUIC Single
Handshake duration: 18.76 ms
Execution 114 - QUIC Single
Handshake duration: 187.22 ms
Execution 115 - QUIC Single
Handshake duration: 19.05 ms
Execution 116 - QUIC Single
Handshake duration: 4033.64 ms
Execution 117 - QUIC Single
Handshake duration: 3025.69 ms
Execution 118 - QUIC Single
Handshake duration: 262.60 ms
Execution 119 - QUIC Single
Handshake duration: 5033.85 ms
Execution 120 - QUIC Single
Handshake duration: 135.66 ms
Execution 121 - QUIC Single
Handshake duration: 3039.07 ms
Execution 122 - QUIC Single
Handshake duration: 2039.48 ms
Execution 123 - QUIC Single
Handshake duration: 15.82 ms
Execution 124 - QUIC Single
Handshake duration: 17.72 ms
Execution 125 - QUIC Single
Handshake duration: 3954.89 ms
Execution 126 - QUIC Single
Handshake duration: 25.00 ms
Execution 127 - QUIC Single
Handshake duration: 9952.33 ms
Execution 128 - QUIC Single
Handshake duration: 2011.32 ms
Execution 129 - QUIC Single
Handshake duration: 15.94 ms
Execution 130 - QUIC Single
Handshake duration: 4089.84 ms
Execution 131 - QUIC Single
Handshake duration: 7626.71 ms
Execution 132 - QUIC Single
Handshake duration: 15.86 ms
Execution 133 - QUIC Single
Handshake duration: 15.83 ms
Execution 134 - QUIC Single
Handshake duration: 17.46 ms
Execution 135 - QUIC Single
Handshake duration: 264.24 ms
Execution 136 - QUIC Single
Handshake duration: 8223.38 ms
Execution 137 - QUIC Single
Handshake duration: 19.04 ms
Execution 138 - QUIC Single
Handshake duration: 3037.95 ms
Execution 139 - QUIC Single
Handshake duration: 16.77 ms
Execution 140 - QUIC Single
Handshake duration: 136.72 ms
Execution 141 - QUIC Single
Handshake duration: 18.78 ms
Execution 142 - QUIC Single
Handshake duration: 3037.69 ms
Execution 143 - QUIC Single
Handshake duration: 50.90 ms
Execution 144 - QUIC Single
Handshake duration: 15.78 ms
Execution 145 - QUIC Single
Handshake duration: 5039.64 ms
Execution 146 - QUIC Single
Handshake duration: 15.73 ms
Execution 147 - QUIC Single
Handshake duration: 660.13 ms
Execution 148 - QUIC Single
Handshake duration: 158.21 ms
Execution 149 - QUIC Single
Handshake duration: 3122.05 ms
Execution 150 - QUIC Single
Handshake duration: 15.10 ms
Execution 151 - QUIC Single
Handshake duration: 25.45 ms
Execution 152 - QUIC Single
Handshake duration: 24.35 ms
Execution 153 - QUIC Single
Handshake duration: 6517.45 ms
Execution 154 - QUIC Single
Handshake duration: 616.84 ms
Execution 155 - QUIC Single
Handshake duration: 18.91 ms
Execution 156 - QUIC Single
Handshake duration: 2093.64 ms
Execution 157 - QUIC Single
Handshake duration: 50.90 ms
Execution 158 - QUIC Single
Handshake duration: 18.36 ms
Execution 159 - QUIC Single
Handshake duration: 18.09 ms
Execution 160 - QUIC Single
Handshake duration: 2448.47 ms
Execution 161 - QUIC Single
Handshake duration: 51.22 ms
Execution 162 - QUIC Single
Handshake duration: 5737.73 ms
Execution 163 - QUIC Single
Handshake duration: 18.73 ms
Execution 164 - QUIC Single
Handshake duration: 202.09 ms
Execution 165 - QUIC Single
Handshake duration: 2010.76 ms
Execution 166 - QUIC Single
Handshake duration: 2010.18 ms
Execution 167 - QUIC Single
Handshake duration: 15.87 ms
Execution 168 - QUIC Single
Handshake duration: 17.70 ms
Execution 169 - QUIC Single
Handshake duration: NaN ms
Execution 170 - QUIC Single
Handshake duration: 4311.03 ms
Execution 171 - QUIC Single
Handshake duration: 15.46 ms
Execution 172 - QUIC Single
Handshake duration: 263.84 ms
Execution 173 - QUIC Single
Handshake duration: 7035.74 ms
Execution 174 - QUIC Single
Handshake duration: 15.92 ms
Execution 175 - QUIC Single
Handshake duration: 156.50 ms
Execution 176 - QUIC Single
Handshake duration: 4171.45 ms
Execution 177 - QUIC Single
Handshake duration: 16.96 ms
Execution 178 - QUIC Single
Handshake duration: 3495.80 ms
Execution 179 - QUIC Single
Handshake duration: NaN ms
Execution 180 - QUIC Single
Handshake duration: 7042.14 ms
Execution 181 - QUIC Single
Handshake duration: 16.41 ms
Execution 182 - QUIC Single
Handshake duration: 3066.19 ms
Execution 183 - QUIC Single
Handshake duration: 3097.55 ms
Execution 184 - QUIC Single
Handshake duration: 66.78 ms
Execution 185 - QUIC Single
Handshake duration: 4034.66 ms
Execution 186 - QUIC Single
Handshake duration: 18.89 ms
Execution 187 - QUIC Single
Handshake duration: 79.17 ms
Execution 188 - QUIC Single
Handshake duration: 726.09 ms
Execution 189 - QUIC Single
Handshake duration: 4090.45 ms
Execution 190 - QUIC Single
Handshake duration: 142.09 ms
Execution 191 - QUIC Single
Handshake duration: 2012.11 ms
Execution 192 - QUIC Single
Handshake duration: 7036.28 ms
Execution 193 - QUIC Single
Handshake duration: 16.50 ms
Execution 194 - QUIC Single
Handshake duration: 16.39 ms
Execution 195 - QUIC Single
Handshake duration: 5469.78 ms
Execution 196 - QUIC Single
Handshake duration: 47.76 ms
Execution 197 - QUIC Single
Handshake duration: 16.55 ms
Execution 198 - QUIC Single
Handshake duration: 19.79 ms
Execution 199 - QUIC Single
Handshake duration: 3037.55 ms
Execution 200 - QUIC Single
Handshake duration: 16.02 ms
Execution 201 - QUIC Single
Handshake duration: 15.96 ms
Execution 202 - QUIC Single
Handshake duration: 91.77 ms
Execution 203 - QUIC Single
Handshake duration: 15.75 ms
Execution 204 - QUIC Single
Handshake duration: 3038.45 ms
Execution 205 - QUIC Single
Handshake duration: NaN ms
Execution 206 - QUIC Single
Handshake duration: 3284.17 ms
Execution 207 - QUIC Single
Handshake duration: 610.85 ms
Execution 208 - QUIC Single
Handshake duration: 2043.31 ms
Execution 209 - QUIC Single
Handshake duration: 2011.52 ms
Execution 210 - QUIC Single
Handshake duration: 2093.80 ms
Execution 211 - QUIC Single
Handshake duration: 4035.59 ms
Execution 212 - QUIC Single
Handshake duration: 141.88 ms
Execution 213 - QUIC Single
Handshake duration: 17.41 ms
Execution 214 - QUIC Single
Handshake duration: 4033.88 ms
Execution 215 - QUIC Single
Handshake duration: 82.75 ms
Execution 216 - QUIC Single
Handshake duration: 95.93 ms
Execution 217 - QUIC Single
Handshake duration: 18.71 ms
Execution 218 - QUIC Single
Handshake duration: 16.34 ms
Execution 219 - QUIC Single
Handshake duration: 17.00 ms
Execution 220 - QUIC Single
Handshake duration: 20.60 ms
Execution 221 - QUIC Single
Handshake duration: 18.53 ms
Execution 222 - QUIC Single
Handshake duration: 21.53 ms
Execution 223 - QUIC Single
Handshake duration: 20.82 ms
Execution 224 - QUIC Single
Handshake duration: 21.27 ms
Execution 225 - QUIC Single
Handshake duration: 2039.78 ms
Execution 226 - QUIC Single
Handshake duration: 19.61 ms
Execution 227 - QUIC Single
Handshake duration: 113.44 ms
Execution 228 - QUIC Single
Handshake duration: 3066.60 ms
Execution 229 - QUIC Single
Handshake duration: 7130.96 ms
Execution 230 - QUIC Single
Handshake duration: 24.46 ms
Execution 231 - QUIC Single
Handshake duration: 2019.91 ms
Execution 232 - QUIC Single
Handshake duration: 3249.35 ms
Execution 233 - QUIC Single
Handshake duration: 7473.74 ms
Execution 234 - QUIC Single
Handshake duration: 154.16 ms
Execution 235 - QUIC Single
Handshake duration: 54.93 ms
Execution 236 - QUIC Single
Handshake duration: 23.30 ms
Execution 237 - QUIC Single
Handshake duration: 50.48 ms
Execution 238 - QUIC Single
Handshake duration: 17.79 ms
Execution 239 - QUIC Single
Handshake duration: NaN ms
Execution 240 - QUIC Single
Handshake duration: 15.73 ms
Execution 241 - QUIC Single
Handshake duration: 3230.68 ms
Execution 242 - QUIC Single
Handshake duration: 16.76 ms
Execution 243 - QUIC Single
Handshake duration: 534.40 ms
Execution 244 - QUIC Single
Handshake duration: 48.47 ms
Execution 245 - QUIC Single
Handshake duration: 17.48 ms
Execution 246 - QUIC Single
Handshake duration: 47.52 ms
Execution 247 - QUIC Single
Handshake duration: 2039.74 ms
Execution 248 - QUIC Single
Handshake duration: 17.26 ms
Execution 249 - QUIC Single
Handshake duration: 2227.05 ms
Execution 250 - QUIC Single
Handshake duration: 3035.86 ms
Execution 251 - QUIC Single
Handshake duration: 4061.45 ms
Execution 252 - QUIC Single
Handshake duration: 16.56 ms
Execution 253 - QUIC Single
Handshake duration: 2013.28 ms
Execution 254 - QUIC Single
Handshake duration: 18.52 ms
Execution 255 - QUIC Single
Handshake duration: 533.87 ms
Execution 256 - QUIC Single
Handshake duration: 23.63 ms
Execution 257 - QUIC Single
Handshake duration: 3012.45 ms
Execution 258 - QUIC Single
Handshake duration: 2311.11 ms
Execution 259 - QUIC Single
Handshake duration: 7365.52 ms
Execution 260 - QUIC Single
Handshake duration: 22.52 ms
Execution 261 - QUIC Single
Handshake duration: 718.86 ms
Execution 262 - QUIC Single
Handshake duration: 82.44 ms
Execution 263 - QUIC Single
Handshake duration: NaN ms
Execution 264 - QUIC Single
Handshake duration: 47.40 ms
Execution 265 - QUIC Single
Handshake duration: NaN ms
Execution 266 - QUIC Single
Handshake duration: NaN ms
Execution 267 - QUIC Single
Handshake duration: 15.88 ms
Execution 268 - QUIC Single
Handshake duration: 8228.86 ms
Execution 269 - QUIC Single
Handshake duration: 233.25 ms
Execution 270 - QUIC Single
Handshake duration: 7093.00 ms
Execution 271 - QUIC Single
Handshake duration: 113.23 ms
Execution 272 - QUIC Single
Handshake duration: 3039.53 ms
Execution 273 - QUIC Single
Handshake duration: 15.97 ms
Execution 274 - QUIC Single
Handshake duration: 4201.02 ms
Execution 275 - QUIC Single
Handshake duration: 15.79 ms
Execution 276 - QUIC Single
Handshake duration: 7046.62 ms
Execution 277 - QUIC Single
Handshake duration: 24.61 ms
Execution 278 - QUIC Single
Handshake duration: 2011.69 ms
Execution 279 - QUIC Single
Handshake duration: NaN ms
Execution 280 - QUIC Single
Handshake duration: 15.17 ms
Execution 281 - QUIC Single
Handshake duration: 78.01 ms
Execution 282 - QUIC Single
Handshake duration: 16.11 ms
Execution 283 - QUIC Single
Handshake duration: 2011.31 ms
Execution 284 - QUIC Single
Handshake duration: 2102.04 ms
Execution 285 - QUIC Single
Handshake duration: 4034.96 ms
Execution 286 - QUIC Single
Handshake duration: 2173.60 ms
Execution 287 - QUIC Single
Handshake duration: 15.96 ms
Execution 288 - QUIC Single
Handshake duration: 640.54 ms
Execution 289 - QUIC Single
Handshake duration: 15.75 ms
Execution 290 - QUIC Single
Handshake duration: 17.08 ms
Execution 291 - QUIC Single
Handshake duration: 25.61 ms
Execution 292 - QUIC Single
Handshake duration: 395.48 ms
Execution 293 - QUIC Single
Handshake duration: 15.94 ms
Execution 294 - QUIC Single
Handshake duration: 5088.56 ms
Execution 295 - QUIC Single
Handshake duration: 16.36 ms
Execution 296 - QUIC Single
Handshake duration: 3217.41 ms
Execution 297 - QUIC Single
Handshake duration: 19.17 ms
Execution 298 - QUIC Single
Handshake duration: 2619.37 ms
Execution 299 - QUIC Single
Handshake duration: 19.71 ms
Execution 300 - QUIC Single
Handshake duration: 16.00 ms
Execution 301 - QUIC Single
Handshake duration: NaN ms
Execution 302 - QUIC Single
Handshake duration: 4171.62 ms
Execution 303 - QUIC Single
Handshake duration: 7523.28 ms
Execution 304 - QUIC Single
Handshake duration: 15.71 ms
Execution 305 - QUIC Single
Handshake duration: 8224.18 ms
Execution 306 - QUIC Single
Handshake duration: 16.29 ms
Execution 307 - QUIC Single
Handshake duration: 64.06 ms
Execution 308 - QUIC Single
Handshake duration: 137.88 ms
Execution 309 - QUIC Single
Handshake duration: 8353.93 ms
Execution 310 - QUIC Single
Handshake duration: 19.01 ms
Execution 311 - QUIC Single
Handshake duration: 16.04 ms
Execution 312 - QUIC Single
Handshake duration: 475.09 ms
Execution 313 - QUIC Single
Handshake duration: 3038.70 ms
Execution 314 - QUIC Single
Handshake duration: 95.34 ms
Execution 315 - QUIC Single
Handshake duration: 23.29 ms
Execution 316 - QUIC Single
Handshake duration: 9035.47 ms
Execution 317 - QUIC Single
Handshake duration: 2045.03 ms
Execution 318 - QUIC Single
Handshake duration: 11192.78 ms
Execution 319 - QUIC Single
Handshake duration: 3042.77 ms
Execution 320 - QUIC Single
Handshake duration: 15.88 ms
Execution 321 - QUIC Single
Handshake duration: 7259.61 ms
Execution 322 - QUIC Single
Handshake duration: 16.27 ms
Execution 323 - QUIC Single
Handshake duration: 3116.97 ms
Execution 324 - QUIC Single
Handshake duration: 45.94 ms
Execution 325 - QUIC Single
Handshake duration: 4032.67 ms
Execution 326 - QUIC Single
Handshake duration: 78.23 ms
Execution 327 - QUIC Single
Handshake duration: 15.45 ms
Execution 328 - QUIC Single
Handshake duration: 77.07 ms
Execution 329 - QUIC Single
Handshake duration: 24.00 ms
Execution 330 - QUIC Single
Handshake duration: 3631.74 ms
Execution 331 - QUIC Single
Handshake duration: 15.91 ms
Execution 332 - QUIC Single
Handshake duration: 66.36 ms
Execution 333 - QUIC Single
Handshake duration: 15.95 ms
Execution 334 - QUIC Single
Handshake duration: 17.18 ms
Execution 335 - QUIC Single
Handshake duration: 48.17 ms
Execution 336 - QUIC Single
Handshake duration: 2011.97 ms
Execution 337 - QUIC Single
Handshake duration: 16.03 ms
Execution 338 - QUIC Single
Handshake duration: 3039.47 ms
Execution 339 - QUIC Single
Handshake duration: 831.53 ms
Execution 340 - QUIC Single
Handshake duration: 15.62 ms
Execution 341 - QUIC Single
Handshake duration: 18.92 ms
Execution 342 - QUIC Single
Handshake duration: 6034.21 ms
Execution 343 - QUIC Single
Handshake duration: 15.39 ms
Execution 344 - QUIC Single
Handshake duration: 4586.95 ms
Execution 345 - QUIC Single
Handshake duration: 15.56 ms
Execution 346 - QUIC Single
Handshake duration: 2039.29 ms
Execution 347 - QUIC Single
Handshake duration: 6277.32 ms
Execution 348 - QUIC Single
Handshake duration: NaN ms
Execution 349 - QUIC Single
Handshake duration: NaN ms
Execution 350 - QUIC Single
Handshake duration: 3276.16 ms
Execution 351 - QUIC Single
Handshake duration: 50.49 ms
Execution 352 - QUIC Single
Handshake duration: 7013.60 ms
Execution 353 - QUIC Single
Handshake duration: 17.27 ms
Execution 354 - QUIC Single
Handshake duration: 79.47 ms
Execution 355 - QUIC Single
Handshake duration: 48.74 ms
Execution 356 - QUIC Single
Handshake duration: 16.86 ms
Execution 357 - QUIC Single
Handshake duration: 20.89 ms
Execution 358 - QUIC Single
Handshake duration: 19.54 ms
Execution 359 - QUIC Single
Handshake duration: 16.50 ms
Execution 360 - QUIC Single
Handshake duration: 2093.37 ms
Execution 361 - QUIC Single
Handshake duration: 3867.74 ms
Execution 362 - QUIC Single
Handshake duration: 113.80 ms
Execution 363 - QUIC Single
Handshake duration: 15.68 ms
Execution 364 - QUIC Single
Handshake duration: 16.14 ms
Execution 365 - QUIC Single
Handshake duration: 3033.04 ms
Execution 366 - QUIC Single
Handshake duration: 47.65 ms
Execution 367 - QUIC Single
Handshake duration: 376.79 ms
Execution 368 - QUIC Single
Handshake duration: 16.32 ms
Execution 369 - QUIC Single
Handshake duration: 59.01 ms
Execution 370 - QUIC Single
Handshake duration: 47.88 ms
Execution 371 - QUIC Single
Handshake duration: 6270.18 ms
Execution 372 - QUIC Single
Handshake duration: 51.31 ms
Execution 373 - QUIC Single
Handshake duration: 3132.34 ms
Execution 374 - QUIC Single
Handshake duration: 3140.52 ms
Execution 375 - QUIC Single
Handshake duration: 16.30 ms
Execution 376 - QUIC Single
Handshake duration: 1063.87 ms
Execution 377 - QUIC Single
Handshake duration: 23.89 ms
Execution 378 - QUIC Single
Handshake duration: 62.76 ms
Execution 379 - QUIC Single
Handshake duration: 1163.15 ms
Execution 380 - QUIC Single
Handshake duration: NaN ms
Execution 381 - QUIC Single
Handshake duration: 15.82 ms
Execution 382 - QUIC Single
Handshake duration: 23.17 ms
Execution 383 - QUIC Single
Handshake duration: 2846.65 ms
Execution 384 - QUIC Single
Handshake duration: 46.37 ms
Execution 385 - QUIC Single
Handshake duration: 230.90 ms
Execution 386 - QUIC Single
Handshake duration: 11036.93 ms
Execution 387 - QUIC Single
Handshake duration: 4114.94 ms
Execution 388 - QUIC Single
Handshake duration: NaN ms
Execution 389 - QUIC Single
Handshake duration: 15.70 ms
Execution 390 - QUIC Single
Handshake duration: 7052.57 ms
Execution 391 - QUIC Single
Handshake duration: 15.61 ms
Execution 392 - QUIC Single
Handshake duration: 23.65 ms
Execution 393 - QUIC Single
Handshake duration: 139.50 ms
Execution 394 - QUIC Single
Handshake duration: 47.86 ms
Execution 395 - QUIC Single
Handshake duration: 2018.58 ms
Execution 396 - QUIC Single
Handshake duration: 23.44 ms
Execution 397 - QUIC Single
Handshake duration: NaN ms
Execution 398 - QUIC Single
Handshake duration: 19.63 ms
Execution 399 - QUIC Single
Handshake duration: 23.51 ms
Execution 400 - QUIC Single
Handshake duration: 16.59 ms
Execution 401 - QUIC Single
Handshake duration: 15.70 ms
Execution 402 - QUIC Single
Handshake duration: 2010.54 ms
Execution 403 - QUIC Single
Handshake duration: 16.13 ms
Execution 404 - QUIC Single
Handshake duration: 2037.78 ms
Execution 405 - QUIC Single
Handshake duration: 8085.02 ms
Execution 406 - QUIC Single
Handshake duration: 16.21 ms
Execution 407 - QUIC Single
Handshake duration: 4143.35 ms
Execution 408 - QUIC Single
Handshake duration: 8166.67 ms
Execution 409 - QUIC Single
Handshake duration: 16.04 ms
Execution 410 - QUIC Single
Handshake duration: 4118.06 ms
Execution 411 - QUIC Single
Handshake duration: NaN ms
Execution 412 - QUIC Single
Handshake duration: 15.91 ms
Execution 413 - QUIC Single
Handshake duration: 64.00 ms
Execution 414 - QUIC Single
Handshake duration: 4088.47 ms
Execution 415 - QUIC Single
Handshake duration: 52.53 ms
Execution 416 - QUIC Single
Handshake duration: 4460.59 ms
Execution 417 - QUIC Single
Handshake duration: 4500.88 ms
Execution 418 - QUIC Single
Handshake duration: 4956.23 ms
Execution 419 - QUIC Single
Handshake duration: 123.65 ms
Execution 420 - QUIC Single
Handshake duration: 15.64 ms
Execution 421 - QUIC Single
Handshake duration: 158.27 ms
Execution 422 - QUIC Single
Handshake duration: 8090.15 ms
Execution 423 - QUIC Single
Handshake duration: 16.16 ms
Execution 424 - QUIC Single
Handshake duration: 5821.95 ms
Execution 425 - QUIC Single
Handshake duration: 16.18 ms
Execution 426 - QUIC Single
Handshake duration: 16.44 ms
Execution 427 - QUIC Single
Handshake duration: 4039.27 ms
Execution 428 - QUIC Single
Handshake duration: 16.32 ms
Execution 429 - QUIC Single
Handshake duration: NaN ms
Execution 430 - QUIC Single
Handshake duration: 2902.01 ms
Execution 431 - QUIC Single
Handshake duration: 4034.77 ms
Execution 432 - QUIC Single
Handshake duration: 16.85 ms
Execution 433 - QUIC Single
Handshake duration: 24.06 ms
Execution 434 - QUIC Single
Handshake duration: 57.49 ms
Execution 435 - QUIC Single
Handshake duration: 16.27 ms
Execution 436 - QUIC Single
Handshake duration: 16.54 ms
Execution 437 - QUIC Single
Handshake duration: 108.95 ms
Execution 438 - QUIC Single
Handshake duration: 3040.72 ms
Execution 439 - QUIC Single
Handshake duration: 2016.18 ms
Execution 440 - QUIC Single
Handshake duration: NaN ms
Execution 441 - QUIC Single
Handshake duration: 16.47 ms
Execution 442 - QUIC Single
Handshake duration: 47.63 ms
Execution 443 - QUIC Single
Handshake duration: 77.77 ms
Execution 444 - QUIC Single
Handshake duration: 474.02 ms
Execution 445 - QUIC Single
Handshake duration: 23.18 ms
Execution 446 - QUIC Single
Handshake duration: 23.75 ms
Execution 447 - QUIC Single
Handshake duration: 17.56 ms
Execution 448 - QUIC Single
Handshake duration: 16.21 ms
Execution 449 - QUIC Single
Handshake duration: 16.47 ms
Execution 450 - QUIC Single
Handshake duration: 301.06 ms
Execution 451 - QUIC Single
Handshake duration: 262.92 ms
Execution 452 - QUIC Single
Handshake duration: 16.40 ms
Execution 453 - QUIC Single
Handshake duration: 24.48 ms
Execution 454 - QUIC Single
Handshake duration: NaN ms
Execution 455 - QUIC Single
Handshake duration: 2071.04 ms
Execution 456 - QUIC Single
Handshake duration: 2315.60 ms
Execution 457 - QUIC Single
Handshake duration: 421.52 ms
Execution 458 - QUIC Single
Handshake duration: 4359.23 ms
Execution 459 - QUIC Single
Handshake duration: 2039.81 ms
Execution 460 - QUIC Single
Handshake duration: 124.06 ms
Execution 461 - QUIC Single
Handshake duration: 3092.17 ms
Execution 462 - QUIC Single
Handshake duration: 3221.18 ms
Execution 463 - QUIC Single
Handshake duration: NaN ms
Execution 464 - QUIC Single
Handshake duration: 3498.19 ms
Execution 465 - QUIC Single
Handshake duration: 3180.59 ms
Execution 466 - QUIC Single
Handshake duration: 16.66 ms
Execution 467 - QUIC Single
Handshake duration: 24.67 ms
Execution 468 - QUIC Single
Handshake duration: 23.26 ms
Execution 469 - QUIC Single
Handshake duration: 78.93 ms
Execution 470 - QUIC Single
Handshake duration: 16.77 ms
Execution 471 - QUIC Single
Handshake duration: 16.01 ms
Execution 472 - QUIC Single
Handshake duration: 8657.24 ms
Execution 473 - QUIC Single
Handshake duration: 16.18 ms
Execution 474 - QUIC Single
Handshake duration: 16.31 ms
Execution 475 - QUIC Single
Handshake duration: 46.38 ms
Execution 476 - QUIC Single
Handshake duration: 214.91 ms
Execution 477 - QUIC Single
Handshake duration: 23.24 ms
Execution 478 - QUIC Single
Handshake duration: 15.95 ms
Execution 479 - QUIC Single
Handshake duration: 15.48 ms
Execution 480 - QUIC Single
Handshake duration: 25.02 ms
Execution 481 - QUIC Single
Handshake duration: 48.13 ms
Execution 482 - QUIC Single
Handshake duration: 17.60 ms
Execution 483 - QUIC Single
Handshake duration: 49.19 ms
Execution 484 - QUIC Single
Handshake duration: 16.26 ms
Execution 485 - QUIC Single
Handshake duration: 4061.57 ms
Execution 486 - QUIC Single
Handshake duration: 24.12 ms
Execution 487 - QUIC Single
Handshake duration: 16.36 ms
Execution 488 - QUIC Single
Handshake duration: 48.10 ms
Execution 489 - QUIC Single
Handshake duration: 63.97 ms
Execution 490 - QUIC Single
Handshake duration: NaN ms
Execution 491 - QUIC Single
Handshake duration: NaN ms
Execution 492 - QUIC Single
Handshake duration: 4122.71 ms
Execution 493 - QUIC Single
Handshake duration: 23.78 ms
Execution 494 - QUIC Single
Handshake duration: 18.72 ms
Execution 495 - QUIC Single
Handshake duration: 7014.56 ms
Execution 496 - QUIC Single
Handshake duration: 15.65 ms
Execution 497 - QUIC Single
Handshake duration: 5227.19 ms
Execution 498 - QUIC Single
Handshake duration: 16.80 ms
Execution 499 - QUIC Single
Handshake duration: 578.25 ms
Execution 500 - QUIC Single
Handshake duration: 6033.08 ms
