Handshake timeout budget: 150s (identique TLS/QUIC)
Applying netem rules to lo...
Showing qdisc status for the interface: lo
qdisc netem 8180: root refcnt 2 limit 1000 seed 14235502146565192783
 Sent 0 bytes 0 pkt (dropped 0, overlimits 0 requeues 0) 
 backlog 0b 0p requeues 0
Running ./perftestClientTlsQuic.sh with SIG_ALG=mldsa44 and KEM_ALG=x25519_mlkem512
Execution 1 - QUIC Single
Handshake duration: 6.00 ms
Execution 2 - QUIC Single
Handshake duration: 14191.07 ms
Execution 3 - QUIC Single
Handshake duration: 7999.16 ms
Execution 4 - QUIC Single
Handshake duration: 4.45 ms
Execution 5 - QUIC Single
Handshake duration: 3.45 ms
Execution 6 - QUIC Single
Handshake duration: 4084.06 ms
Execution 7 - QUIC Single
Handshake duration: 30.98 ms
Execution 8 - QUIC Single
Handshake duration: 3.30 ms
Execution 9 - QUIC Single
Handshake duration: 3.88 ms
Execution 10 - QUIC Single
Handshake duration: 3999.05 ms
Execution 11 - QUIC Single
Handshake duration: 4140.44 ms
Execution 12 - QUIC Single
Handshake duration: 5513.12 ms
Execution 13 - QUIC Single
Handshake duration: 2027.40 ms
Execution 14 - QUIC Single
Handshake duration: 35.18 ms
Execution 15 - QUIC Single
Handshake duration: 3.30 ms
Execution 16 - QUIC Single
Handshake duration: 4059.03 ms
Execution 17 - QUIC Single
Handshake duration: 196.33 ms
Execution 18 - QUIC Single
Handshake duration: 3.37 ms
Execution 19 - QUIC Single
Handshake duration: 3.33 ms
Execution 20 - QUIC Single
Handshake duration: 6852.09 ms
Execution 21 - QUIC Single
Handshake duration: 1104.47 ms
Execution 22 - QUIC Single
Handshake duration: 7028.33 ms
Execution 23 - QUIC Single
Handshake duration: 2129.30 ms
Execution 24 - QUIC Single
Handshake duration: 2026.66 ms
Execution 25 - QUIC Single
Handshake duration: 4030.52 ms
Execution 26 - QUIC Single
Handshake duration: 3.69 ms
Execution 27 - QUIC Single
Handshake duration: 1005.36 ms
Execution 28 - QUIC Single
Handshake duration: 4000.14 ms
Execution 29 - QUIC Single
Handshake duration: 1037.68 ms
Execution 30 - QUIC Single
Handshake duration: 4442.64 ms
Execution 31 - QUIC Single
Handshake duration: 4029.58 ms
Execution 32 - QUIC Single
Handshake duration: 4.29 ms
Execution 33 - QUIC Single
Handshake duration: NaN ms
Execution 34 - QUIC Single
Handshake duration: 31.96 ms
Execution 35 - QUIC Single
Handshake duration: 3.98 ms
Execution 36 - QUIC Single
Handshake duration: 3.49 ms
Execution 37 - QUIC Single
Handshake duration: 3.42 ms
Execution 38 - QUIC Single
Handshake duration: 35.08 ms
Execution 39 - QUIC Single
Handshake duration: 3.52 ms
Execution 40 - QUIC Single
Handshake duration: 3.62 ms
Execution 41 - QUIC Single
Handshake duration: 3.49 ms
Execution 42 - QUIC Single
Handshake duration: 1033.29 ms
Execution 43 - QUIC Single
Handshake duration: 4.50 ms
Execution 44 - QUIC Single
Handshake duration: 3.22 ms
Execution 45 - QUIC Single
Handshake duration: 3002.68 ms
Execution 46 - QUIC Single
Handshake duration: 3.23 ms
Execution 47 - QUIC Single
Handshake duration: 3.26 ms
Execution 48 - QUIC Single
Handshake duration: 3115.24 ms
Execution 49 - QUIC Single
Handshake duration: 3.54 ms
Execution 50 - QUIC Single
Handshake duration: 31.13 ms
Execution 51 - QUIC Single
Handshake duration: 990.26 ms
Execution 52 - QUIC Single
Handshake duration: 3.46 ms
Execution 53 - QUIC Single
Handshake duration: 3.63 ms
Execution 54 - QUIC Single
Handshake duration: 3.54 ms
Execution 55 - QUIC Single
Handshake duration: 4001.14 ms
Execution 56 - QUIC Single
Handshake duration: 4.25 ms
Execution 57 - QUIC Single
Handshake duration: 3192.48 ms
Execution 58 - QUIC Single
Handshake duration: 7002.84 ms
Execution 59 - QUIC Single
Handshake duration: 1005.27 ms
Execution 60 - QUIC Single
Handshake duration: 118.51 ms
Execution 61 - QUIC Single
Handshake duration: NaN ms
Execution 62 - QUIC Single
Handshake duration: 2026.27 ms
Execution 63 - QUIC Single
Handshake duration: 3.37 ms
Execution 64 - QUIC Single
Handshake duration: 4.30 ms
Execution 65 - QUIC Single
Handshake duration: 1002.56 ms
Execution 66 - QUIC Single
Handshake duration: 1005.51 ms
Execution 67 - QUIC Single
Handshake duration: 2026.27 ms
Execution 68 - QUIC Single
Handshake duration: 4001.89 ms
Execution 69 - QUIC Single
Handshake duration: NaN ms
Execution 70 - QUIC Single
Handshake duration: 3.39 ms
Execution 71 - QUIC Single
Handshake duration: 4.43 ms
Execution 72 - QUIC Single
Handshake duration: NaN ms
Execution 73 - QUIC Single
Handshake duration: 3.30 ms
Execution 74 - QUIC Single
Handshake duration: 3.30 ms
Execution 75 - QUIC Single
Handshake duration: 1460.42 ms
Execution 76 - QUIC Single
Handshake duration: 1005.92 ms
Execution 77 - QUIC Single
Handshake duration: 30.82 ms
Execution 78 - QUIC Single
Handshake duration: 2112.10 ms
Execution 79 - QUIC Single
Handshake duration: 4000.30 ms
Execution 80 - QUIC Single
Handshake duration: 4000.17 ms
Execution 81 - QUIC Single
Handshake duration: 3.28 ms
Execution 82 - QUIC Single
Handshake duration: 196.11 ms
Execution 83 - QUIC Single
Handshake duration: 1555.15 ms
Execution 84 - QUIC Single
Handshake duration: 30.70 ms
Execution 85 - QUIC Single
Handshake duration: 1005.27 ms
Execution 86 - QUIC Single
Handshake duration: 30.83 ms
Execution 87 - QUIC Single
Handshake duration: 1235.37 ms
Execution 88 - QUIC Single
Handshake duration: 3.16 ms
Execution 89 - QUIC Single
Handshake duration: 4.24 ms
Execution 90 - QUIC Single
Handshake duration: 2027.02 ms
Execution 91 - QUIC Single
Handshake duration: 2003.00 ms
Execution 92 - QUIC Single
Handshake duration: 1073.97 ms
Execution 93 - QUIC Single
Handshake duration: 3.19 ms
Execution 94 - QUIC Single
Handshake duration: 4.69 ms
Execution 95 - QUIC Single
Handshake duration: 5001.04 ms
Execution 96 - QUIC Single
Handshake duration: 63.22 ms
Execution 97 - QUIC Single
Handshake duration: 32.72 ms
Execution 98 - QUIC Single
Handshake duration: 1005.24 ms
Execution 99 - QUIC Single
Handshake duration: 3.14 ms
Execution 100 - QUIC Single
Handshake duration: 3.15 ms
Execution 101 - QUIC Single
Handshake duration: 13293.46 ms
Execution 102 - QUIC Single
Handshake duration: 1005.06 ms
Execution 103 - QUIC Single
Handshake duration: 3.33 ms
Execution 104 - QUIC Single
Handshake duration: 3.25 ms
Execution 105 - QUIC Single
Handshake duration: 3.19 ms
Execution 106 - QUIC Single
Handshake duration: 3.19 ms
Execution 107 - QUIC Single
Handshake duration: 3.26 ms
Execution 108 - QUIC Single
Handshake duration: 8001.41 ms
Execution 109 - QUIC Single
Handshake duration: 1004.66 ms
Execution 110 - QUIC Single
Handshake duration: 1032.59 ms
Execution 111 - QUIC Single
Handshake duration: 30.94 ms
Execution 112 - QUIC Single
Handshake duration: 32.91 ms
Execution 113 - QUIC Single
Handshake duration: 3.33 ms
Execution 114 - QUIC Single
Handshake duration: 1039.90 ms
Execution 115 - QUIC Single
Handshake duration: 1005.31 ms
Execution 116 - QUIC Single
Handshake duration: 6001.76 ms
Execution 117 - QUIC Single
Handshake duration: 1004.03 ms
Execution 118 - QUIC Single
Handshake duration: 2026.55 ms
Execution 119 - QUIC Single
Handshake duration: 3.60 ms
Execution 120 - QUIC Single
Handshake duration: 32.51 ms
Execution 121 - QUIC Single
Handshake duration: 2087.28 ms
Execution 122 - QUIC Single
Handshake duration: 2056.01 ms
Execution 123 - QUIC Single
Handshake duration: 2002.70 ms
Execution 124 - QUIC Single
Handshake duration: 1004.05 ms
Execution 125 - QUIC Single
Handshake duration: 4.50 ms
