Handshake timeout budget: 150s (identique TLS/QUIC)
Applying netem rules to lo...
Showing qdisc status for the interface: lo
qdisc netem 8db9: root refcnt 2 limit 1000 seed 4756684335112754799
 Sent 0 bytes 0 pkt (dropped 0, overlimits 0 requeues 0) 
 backlog 0b 0p requeues 0
Running ./perftestClientTlsQuic.sh with SIG_ALG=mldsa87 and KEM_ALG=p521_mlkem1024
Execution 1 - QUIC Single
Handshake duration: 19.74 ms
Execution 2 - QUIC Single
Handshake duration: 11.31 ms
Execution 3 - QUIC Single
Handshake duration: 7064.25 ms
Execution 4 - QUIC Single
Handshake duration: 6060.35 ms
Execution 5 - QUIC Single
Handshake duration: 12.82 ms
Execution 6 - QUIC Single
Handshake duration: 6794.65 ms
Execution 7 - QUIC Single
Handshake duration: 4087.23 ms
Execution 8 - QUIC Single
Handshake duration: 11.01 ms
Execution 9 - QUIC Single
Handshake duration: 2007.44 ms
Execution 10 - QUIC Single
Handshake duration: NaN ms
Execution 11 - QUIC Single
Handshake duration: 3152.92 ms
Execution 12 - QUIC Single
Handshake duration: 16.50 ms
Execution 13 - QUIC Single
Handshake duration: 5921.37 ms
Execution 14 - QUIC Single
Handshake duration: 11.08 ms
Execution 15 - QUIC Single
Handshake duration: 4603.58 ms
Execution 16 - QUIC Single
Handshake duration: 10.92 ms
Execution 17 - QUIC Single
Handshake duration: 11.08 ms
Execution 18 - QUIC Single
Handshake duration: 40.61 ms
Execution 19 - QUIC Single
Handshake duration: 16.24 ms
Execution 20 - QUIC Single
Handshake duration: 16.46 ms
Execution 21 - QUIC Single
Handshake duration: 12.90 ms
Execution 22 - QUIC Single
Handshake duration: 40.66 ms
Execution 23 - QUIC Single
Handshake duration: 4112.87 ms
Execution 24 - QUIC Single
Handshake duration: 10.95 ms
Execution 25 - QUIC Single
Handshake duration: 10.96 ms
Execution 26 - QUIC Single
Handshake duration: 10.98 ms
Execution 27 - QUIC Single
Handshake duration: 2094.82 ms
Execution 28 - QUIC Single
Handshake duration: 9284.44 ms
Execution 29 - QUIC Single
Handshake duration: 4030.80 ms
Execution 30 - QUIC Single
Handshake duration: 9379.74 ms
Execution 31 - QUIC Single
Handshake duration: 2262.65 ms
Execution 32 - QUIC Single
Handshake duration: 40.71 ms
Execution 33 - QUIC Single
Handshake duration: 2280.78 ms
Execution 34 - QUIC Single
Handshake duration: 2034.14 ms
Execution 35 - QUIC Single
Handshake duration: 10.93 ms
Execution 36 - QUIC Single
Handshake duration: 11.29 ms
Execution 37 - QUIC Single
Handshake duration: 10.87 ms
Execution 38 - QUIC Single
Handshake duration: 16.34 ms
Execution 39 - QUIC Single
Handshake duration: 16.37 ms
Execution 40 - QUIC Single
Handshake duration: 4491.94 ms
Execution 41 - QUIC Single
Handshake duration: 10.94 ms
Execution 42 - QUIC Single
Handshake duration: 47.98 ms
Execution 43 - QUIC Single
Handshake duration: 11.11 ms
Execution 44 - QUIC Single
Handshake duration: 10.89 ms
Execution 45 - QUIC Single
Handshake duration: 122.54 ms
Execution 46 - QUIC Single
Handshake duration: 111.07 ms
Execution 47 - QUIC Single
Handshake duration: 650.74 ms
Execution 48 - QUIC Single
Handshake duration: 3685.43 ms
Execution 49 - QUIC Single
Handshake duration: 3033.82 ms
Execution 50 - QUIC Single
Handshake duration: 2146.91 ms
Execution 51 - QUIC Single
Handshake duration: 40.86 ms
Execution 52 - QUIC Single
Handshake duration: 13.42 ms
Execution 53 - QUIC Single
Handshake duration: 11.07 ms
Execution 54 - QUIC Single
Handshake duration: 70.07 ms
Execution 55 - QUIC Single
Handshake duration: 10.96 ms
Execution 56 - QUIC Single
Handshake duration: 40.61 ms
Execution 57 - QUIC Single
Handshake duration: 2089.63 ms
Execution 58 - QUIC Single
Handshake duration: 10.93 ms
Execution 59 - QUIC Single
Handshake duration: 572.99 ms
Execution 60 - QUIC Single
Handshake duration: 7016.28 ms
Execution 61 - QUIC Single
Handshake duration: 10.91 ms
Execution 62 - QUIC Single
Handshake duration: 6057.57 ms
Execution 63 - QUIC Single
Handshake duration: 48.55 ms
Execution 64 - QUIC Single
Handshake duration: 11.84 ms
Execution 65 - QUIC Single
Handshake duration: 3061.22 ms
Execution 66 - QUIC Single
Handshake duration: 3540.10 ms
Execution 67 - QUIC Single
Handshake duration: 2225.68 ms
Execution 68 - QUIC Single
Handshake duration: 41.70 ms
Execution 69 - QUIC Single
Handshake duration: 2007.34 ms
Execution 70 - QUIC Single
Handshake duration: 3063.15 ms
Execution 71 - QUIC Single
Handshake duration: 568.76 ms
Execution 72 - QUIC Single
Handshake duration: 4422.65 ms
Execution 73 - QUIC Single
Handshake duration: 11.00 ms
Execution 74 - QUIC Single
Handshake duration: 11.10 ms
Execution 75 - QUIC Single
Handshake duration: 11.07 ms
Execution 76 - QUIC Single
Handshake duration: 41.53 ms
Execution 77 - QUIC Single
Handshake duration: 10.98 ms
Execution 78 - QUIC Single
Handshake duration: 40.69 ms
Execution 79 - QUIC Single
Handshake duration: 2292.59 ms
Execution 80 - QUIC Single
Handshake duration: 69.88 ms
Execution 81 - QUIC Single
Handshake duration: 70.12 ms
Execution 82 - QUIC Single
Handshake duration: 4248.40 ms
Execution 83 - QUIC Single
Handshake duration: 7201.20 ms
Execution 84 - QUIC Single
Handshake duration: 236.33 ms
Execution 85 - QUIC Single
Handshake duration: 16.36 ms
Execution 86 - QUIC Single
Handshake duration: 344.33 ms
Execution 87 - QUIC Single
Handshake duration: 11.17 ms
Execution 88 - QUIC Single
Handshake duration: 948.68 ms
Execution 89 - QUIC Single
Handshake duration: 40.62 ms
Execution 90 - QUIC Single
Handshake duration: 82.21 ms
Execution 91 - QUIC Single
Handshake duration: 3902.66 ms
Execution 92 - QUIC Single
Handshake duration: 2006.79 ms
Execution 93 - QUIC Single
Handshake duration: 16.43 ms
Execution 94 - QUIC Single
Handshake duration: 12.98 ms
Execution 95 - QUIC Single
Handshake duration: 11.40 ms
Execution 96 - QUIC Single
Handshake duration: 2008.29 ms
Execution 97 - QUIC Single
Handshake duration: 4156.54 ms
Execution 98 - QUIC Single
Handshake duration: 3034.06 ms
Execution 99 - QUIC Single
Handshake duration: 2007.37 ms
Execution 100 - QUIC Single
Handshake duration: 10.83 ms
Execution 101 - QUIC Single
Handshake duration: 652.26 ms
Execution 102 - QUIC Single
Handshake duration: 4031.67 ms
Execution 103 - QUIC Single
Handshake duration: 16.27 ms
Execution 104 - QUIC Single
Handshake duration: 40.40 ms
Execution 105 - QUIC Single
Handshake duration: 16.18 ms
Execution 106 - QUIC Single
Handshake duration: 3063.14 ms
Execution 107 - QUIC Single
Handshake duration: 3039.72 ms
Execution 108 - QUIC Single
Handshake duration: 8109.29 ms
Execution 109 - QUIC Single
Handshake duration: 11.55 ms
Execution 110 - QUIC Single
Handshake duration: 4437.26 ms
Execution 111 - QUIC Single
Handshake duration: 5422.35 ms
Execution 112 - QUIC Single
Handshake duration: 2648.33 ms
Execution 113 - QUIC Single
Handshake duration: 40.86 ms
Execution 114 - QUIC Single
Handshake duration: 40.68 ms
Execution 115 - QUIC Single
Handshake duration: 2035.22 ms
Execution 116 - QUIC Single
Handshake duration: 11.06 ms
Execution 117 - QUIC Single
Handshake duration: 336.35 ms
Execution 118 - QUIC Single
Handshake duration: 486.88 ms
Execution 119 - QUIC Single
Handshake duration: 11.23 ms
Execution 120 - QUIC Single
Handshake duration: 10.91 ms
Execution 121 - QUIC Single
Handshake duration: 2007.71 ms
Execution 122 - QUIC Single
Handshake duration: 7049.27 ms
Execution 123 - QUIC Single
Handshake duration: 10.91 ms
Execution 124 - QUIC Single
Handshake duration: 7002.83 ms
Execution 125 - QUIC Single
Handshake duration: 3124.62 ms
