Handshake timeout budget: 150s (identique TLS/QUIC)
Applying netem rules to lo...
Showing qdisc status for the interface: lo
qdisc netem 81bf: root refcnt 2 limit 1000 seed 7915706351362937247
 Sent 0 bytes 0 pkt (dropped 0, overlimits 0 requeues 0) 
 backlog 0b 0p requeues 0
Running ./perftestClientTlsQuic.sh with SIG_ALG=secp521r1 and KEM_ALG=P-521
Execution 1 - QUIC Single
Handshake duration: 7.46 ms
Execution 2 - QUIC Single
Handshake duration: 1005.01 ms
Execution 3 - QUIC Single
Handshake duration: 5.26 ms
Execution 4 - QUIC Single
Handshake duration: 4.99 ms
Execution 5 - QUIC Single
Handshake duration: 5.23 ms
Execution 6 - QUIC Single
Handshake duration: 7.10 ms
Execution 7 - QUIC Single
Handshake duration: 5.42 ms
Execution 8 - QUIC Single
Handshake duration: 7000.65 ms
Execution 9 - QUIC Single
Handshake duration: 5.03 ms
Execution 10 - QUIC Single
Handshake duration: 1004.66 ms
Execution 11 - QUIC Single
Handshake duration: 5.17 ms
Execution 12 - QUIC Single
Handshake duration: 7.04 ms
Execution 13 - QUIC Single
Handshake duration: 1004.88 ms
Execution 14 - QUIC Single
Handshake duration: 4.93 ms
Execution 15 - QUIC Single
Handshake duration: 5.40 ms
Execution 16 - QUIC Single
Handshake duration: 3004.13 ms
Execution 17 - QUIC Single
Handshake duration: 1005.43 ms
Execution 18 - QUIC Single
Handshake duration: 3002.64 ms
Execution 19 - QUIC Single
Handshake duration: 4.97 ms
Execution 20 - QUIC Single
Handshake duration: 7999.99 ms
Execution 21 - QUIC Single
Handshake duration: 7000.97 ms
Execution 22 - QUIC Single
Handshake duration: 1006.60 ms
Execution 23 - QUIC Single
Handshake duration: NaN ms
Execution 24 - QUIC Single
Handshake duration: 5.01 ms
Execution 25 - QUIC Single
Handshake duration: 1006.59 ms
Execution 26 - QUIC Single
Handshake duration: 3002.60 ms
Execution 27 - QUIC Single
Handshake duration: 1004.66 ms
Execution 28 - QUIC Single
Handshake duration: 5.55 ms
Execution 29 - QUIC Single
Handshake duration: 4.97 ms
Execution 30 - QUIC Single
Handshake duration: 1004.65 ms
Execution 31 - QUIC Single
Handshake duration: 5.00 ms
Execution 32 - QUIC Single
Handshake duration: 5.18 ms
Execution 33 - QUIC Single
Handshake duration: 1004.34 ms
Execution 34 - QUIC Single
Handshake duration: 5.21 ms
Execution 35 - QUIC Single
Handshake duration: 4.97 ms
Execution 36 - QUIC Single
Handshake duration: 1004.75 ms
Execution 37 - QUIC Single
Handshake duration: 4.91 ms
Execution 38 - QUIC Single
Handshake duration: 3002.57 ms
Execution 39 - QUIC Single
Handshake duration: 7003.40 ms
Execution 40 - QUIC Single
Handshake duration: 4.98 ms
Execution 41 - QUIC Single
Handshake duration: 7000.34 ms
Execution 42 - QUIC Single
Handshake duration: 5.25 ms
Execution 43 - QUIC Single
Handshake duration: 5.07 ms
Execution 44 - QUIC Single
Handshake duration: 1004.17 ms
Execution 45 - QUIC Single
Handshake duration: 6999.89 ms
Execution 46 - QUIC Single
Handshake duration: 1004.60 ms
Execution 47 - QUIC Single
Handshake duration: 3003.81 ms
Execution 48 - QUIC Single
Handshake duration: 1004.78 ms
Execution 49 - QUIC Single
Handshake duration: NaN ms
Execution 50 - QUIC Single
Handshake duration: 1004.69 ms
Execution 51 - QUIC Single
Handshake duration: 3003.60 ms
Execution 52 - QUIC Single
Handshake duration: 4.89 ms
Execution 53 - QUIC Single
Handshake duration: 7000.59 ms
Execution 54 - QUIC Single
Handshake duration: 4.88 ms
Execution 55 - QUIC Single
Handshake duration: 4.97 ms
Execution 56 - QUIC Single
Handshake duration: 3002.67 ms
Execution 57 - QUIC Single
Handshake duration: 5.00 ms
Execution 58 - QUIC Single
Handshake duration: 7.07 ms
Execution 59 - QUIC Single
Handshake duration: 7001.00 ms
Execution 60 - QUIC Single
Handshake duration: 1004.74 ms
Execution 61 - QUIC Single
Handshake duration: 4.93 ms
Execution 62 - QUIC Single
Handshake duration: NaN ms
Execution 63 - QUIC Single
Handshake duration: 5.20 ms
Execution 64 - QUIC Single
Handshake duration: 3002.59 ms
Execution 65 - QUIC Single
Handshake duration: 5.02 ms
Execution 66 - QUIC Single
Handshake duration: 1004.63 ms
Execution 67 - QUIC Single
Handshake duration: 3004.01 ms
Execution 68 - QUIC Single
Handshake duration: 4.97 ms
Execution 69 - QUIC Single
Handshake duration: 5.00 ms
Execution 70 - QUIC Single
Handshake duration: 7.04 ms
Execution 71 - QUIC Single
Handshake duration: 3003.76 ms
Execution 72 - QUIC Single
Handshake duration: 4.99 ms
Execution 73 - QUIC Single
Handshake duration: 3002.29 ms
Execution 74 - QUIC Single
Handshake duration: 1006.85 ms
Execution 75 - QUIC Single
Handshake duration: 7.03 ms
Execution 76 - QUIC Single
Handshake duration: 1004.60 ms
Execution 77 - QUIC Single
Handshake duration: 4.95 ms
Execution 78 - QUIC Single
Handshake duration: 4.97 ms
Execution 79 - QUIC Single
Handshake duration: 4.89 ms
Execution 80 - QUIC Single
Handshake duration: 5.08 ms
Execution 81 - QUIC Single
Handshake duration: 4.91 ms
Execution 82 - QUIC Single
Handshake duration: 5.07 ms
Execution 83 - QUIC Single
Handshake duration: 4.92 ms
Execution 84 - QUIC Single
Handshake duration: 4.92 ms
Execution 85 - QUIC Single
Handshake duration: 4.95 ms
Execution 86 - QUIC Single
Handshake duration: 1004.80 ms
Execution 87 - QUIC Single
Handshake duration: NaN ms
Execution 88 - QUIC Single
Handshake duration: 1004.58 ms
Execution 89 - QUIC Single
Handshake duration: 1004.64 ms
Execution 90 - QUIC Single
Handshake duration: 5.03 ms
Execution 91 - QUIC Single
Handshake duration: 1004.54 ms
Execution 92 - QUIC Single
Handshake duration: 4.99 ms
Execution 93 - QUIC Single
Handshake duration: 1004.42 ms
Execution 94 - QUIC Single
Handshake duration: 5.04 ms
Execution 95 - QUIC Single
Handshake duration: 4.93 ms
Execution 96 - QUIC Single
Handshake duration: 1004.39 ms
Execution 97 - QUIC Single
Handshake duration: 7.07 ms
Execution 98 - QUIC Single
Handshake duration: 3005.82 ms
Execution 99 - QUIC Single
Handshake duration: 7.04 ms
Execution 100 - QUIC Single
Handshake duration: 3002.90 ms
Execution 101 - QUIC Single
Handshake duration: NaN ms
Execution 102 - QUIC Single
Handshake duration: 5.15 ms
Execution 103 - QUIC Single
Handshake duration: NaN ms
Execution 104 - QUIC Single
Handshake duration: 1005.00 ms
Execution 105 - QUIC Single
Handshake duration: 6.98 ms
Execution 106 - QUIC Single
Handshake duration: 5.01 ms
Execution 107 - QUIC Single
Handshake duration: 7.00 ms
Execution 108 - QUIC Single
Handshake duration: 7.02 ms
Execution 109 - QUIC Single
Handshake duration: 7000.63 ms
Execution 110 - QUIC Single
Handshake duration: 7.01 ms
Execution 111 - QUIC Single
Handshake duration: NaN ms
Execution 112 - QUIC Single
Handshake duration: 1005.09 ms
Execution 113 - QUIC Single
Handshake duration: 1004.83 ms
Execution 114 - QUIC Single
Handshake duration: 4.94 ms
Execution 115 - QUIC Single
Handshake duration: 7000.59 ms
Execution 116 - QUIC Single
Handshake duration: 5.19 ms
Execution 117 - QUIC Single
Handshake duration: 5.01 ms
Execution 118 - QUIC Single
Handshake duration: 3002.86 ms
Execution 119 - QUIC Single
Handshake duration: 4.96 ms
Execution 120 - QUIC Single
Handshake duration: 1004.72 ms
Execution 121 - QUIC Single
Handshake duration: 5.01 ms
Execution 122 - QUIC Single
Handshake duration: 7.01 ms
Execution 123 - QUIC Single
Handshake duration: 3004.08 ms
Execution 124 - QUIC Single
Handshake duration: 6.32 ms
Execution 125 - QUIC Single
Handshake duration: 4.95 ms
