Handshake timeout budget: 150s (identique TLS/QUIC)
Applying netem rules to lo...
Showing qdisc status for the interface: lo
qdisc netem 9d37: root refcnt 2 limit 1000 seed 10534973017862656135
 Sent 0 bytes 0 pkt (dropped 0, overlimits 0 requeues 0) 
 backlog 0b 0p requeues 0
Running ./perftestClientTlsQuic.sh with SIG_ALG=ed25519 and KEM_ALG=x25519
Execution 1 - QUIC Single
Handshake duration: 2.10 ms
Execution 2 - QUIC Single
Handshake duration: 1001.89 ms
Execution 3 - QUIC Single
Handshake duration: 2.11 ms
Execution 4 - QUIC Single
Handshake duration: 1.85 ms
Execution 5 - QUIC Single
Handshake duration: 1.85 ms
Execution 6 - QUIC Single
Handshake duration: 1001.77 ms
Execution 7 - QUIC Single
Handshake duration: 1.69 ms
Execution 8 - QUIC Single
Handshake duration: 1.69 ms
Execution 9 - QUIC Single
Handshake duration: 1.87 ms
Execution 10 - QUIC Single
Handshake duration: 1001.50 ms
Execution 11 - QUIC Single
Handshake duration: 1.69 ms
Execution 12 - QUIC Single
Handshake duration: 1.67 ms
Execution 13 - QUIC Single
Handshake duration: 2999.62 ms
Execution 14 - QUIC Single
Handshake duration: 1001.45 ms
Execution 15 - QUIC Single
Handshake duration: 2999.60 ms
Execution 16 - QUIC Single
Handshake duration: 3000.06 ms
Execution 17 - QUIC Single
Handshake duration: 1.67 ms
Execution 18 - QUIC Single
Handshake duration: 2999.50 ms
Execution 19 - QUIC Single
Handshake duration: 1.82 ms
Execution 20 - QUIC Single
Handshake duration: 2.13 ms
Execution 21 - QUIC Single
Handshake duration: 1.64 ms
Execution 22 - QUIC Single
Handshake duration: 1.94 ms
Execution 23 - QUIC Single
Handshake duration: 1075.91 ms
Execution 24 - QUIC Single
Handshake duration: 1.71 ms
Execution 25 - QUIC Single
Handshake duration: NaN ms
Execution 26 - QUIC Single
Handshake duration: 1.70 ms
Execution 27 - QUIC Single
Handshake duration: 2.15 ms
Execution 28 - QUIC Single
Handshake duration: 1.84 ms
Execution 29 - QUIC Single
Handshake duration: 1.72 ms
Execution 30 - QUIC Single
Handshake duration: 1.69 ms
Execution 31 - QUIC Single
Handshake duration: 1.74 ms
Execution 32 - QUIC Single
Handshake duration: 1.91 ms
Execution 33 - QUIC Single
Handshake duration: 1.66 ms
Execution 34 - QUIC Single
Handshake duration: 1001.49 ms
Execution 35 - QUIC Single
Handshake duration: 2.20 ms
Execution 36 - QUIC Single
Handshake duration: 3000.99 ms
Execution 37 - QUIC Single
Handshake duration: 1.74 ms
Execution 38 - QUIC Single
Handshake duration: 1001.52 ms
Execution 39 - QUIC Single
Handshake duration: 1.80 ms
Execution 40 - QUIC Single
Handshake duration: 1000.86 ms
Execution 41 - QUIC Single
Handshake duration: 6998.43 ms
Execution 42 - QUIC Single
Handshake duration: 2999.91 ms
Execution 43 - QUIC Single
Handshake duration: 1002.04 ms
Execution 44 - QUIC Single
Handshake duration: 1000.93 ms
Execution 45 - QUIC Single
Handshake duration: 1.76 ms
Execution 46 - QUIC Single
Handshake duration: 1.68 ms
Execution 47 - QUIC Single
Handshake duration: 1.77 ms
Execution 48 - QUIC Single
Handshake duration: 2.04 ms
Execution 49 - QUIC Single
Handshake duration: 1.70 ms
Execution 50 - QUIC Single
Handshake duration: 1001.05 ms
Execution 51 - QUIC Single
Handshake duration: 1001.91 ms
Execution 52 - QUIC Single
Handshake duration: 2.17 ms
Execution 53 - QUIC Single
Handshake duration: 3285.68 ms
Execution 54 - QUIC Single
Handshake duration: 2.13 ms
Execution 55 - QUIC Single
Handshake duration: 3000.64 ms
Execution 56 - QUIC Single
Handshake duration: 1.99 ms
Execution 57 - QUIC Single
Handshake duration: 1.94 ms
Execution 58 - QUIC Single
Handshake duration: 1001.01 ms
Execution 59 - QUIC Single
Handshake duration: 2999.52 ms
Execution 60 - QUIC Single
Handshake duration: 1.75 ms
Execution 61 - QUIC Single
Handshake duration: 1.69 ms
Execution 62 - QUIC Single
Handshake duration: 2999.83 ms
Execution 63 - QUIC Single
Handshake duration: 2999.52 ms
Execution 64 - QUIC Single
Handshake duration: 1.90 ms
Execution 65 - QUIC Single
Handshake duration: NaN ms
Execution 66 - QUIC Single
Handshake duration: 1001.50 ms
Execution 67 - QUIC Single
Handshake duration: 1.68 ms
Execution 68 - QUIC Single
Handshake duration: 1.70 ms
Execution 69 - QUIC Single
Handshake duration: 1.91 ms
Execution 70 - QUIC Single
Handshake duration: 1.70 ms
Execution 71 - QUIC Single
Handshake duration: 1.79 ms
Execution 72 - QUIC Single
Handshake duration: 1001.40 ms
Execution 73 - QUIC Single
Handshake duration: 6997.92 ms
Execution 74 - QUIC Single
Handshake duration: 1.67 ms
Execution 75 - QUIC Single
Handshake duration: 1.74 ms
Execution 76 - QUIC Single
Handshake duration: 1.72 ms
Execution 77 - QUIC Single
Handshake duration: 1.96 ms
Execution 78 - QUIC Single
Handshake duration: 1.92 ms
Execution 79 - QUIC Single
Handshake duration: 1.62 ms
Execution 80 - QUIC Single
Handshake duration: 1.94 ms
Execution 81 - QUIC Single
Handshake duration: 1.86 ms
Execution 82 - QUIC Single
Handshake duration: 1.73 ms
Execution 83 - QUIC Single
Handshake duration: 1.81 ms
Execution 84 - QUIC Single
Handshake duration: 2999.52 ms
Execution 85 - QUIC Single
Handshake duration: 1.71 ms
Execution 86 - QUIC Single
Handshake duration: 3000.53 ms
Execution 87 - QUIC Single
Handshake duration: 1.75 ms
Execution 88 - QUIC Single
Handshake duration: 1.71 ms
Execution 89 - QUIC Single
Handshake duration: 1.68 ms
Execution 90 - QUIC Single
Handshake duration: 1.73 ms
Execution 91 - QUIC Single
Handshake duration: 2.12 ms
Execution 92 - QUIC Single
Handshake duration: 1.69 ms
Execution 93 - QUIC Single
Handshake duration: 7997.16 ms
Execution 94 - QUIC Single
Handshake duration: 2999.67 ms
Execution 95 - QUIC Single
Handshake duration: 1.68 ms
Execution 96 - QUIC Single
Handshake duration: 3000.63 ms
Execution 97 - QUIC Single
Handshake duration: 3001.16 ms
Execution 98 - QUIC Single
Handshake duration: 1.71 ms
Execution 99 - QUIC Single
Handshake duration: 1001.52 ms
Execution 100 - QUIC Single
Handshake duration: 2999.50 ms
Execution 101 - QUIC Single
Handshake duration: 1.71 ms
Execution 102 - QUIC Single
Handshake duration: 6998.34 ms
Execution 103 - QUIC Single
Handshake duration: 2999.75 ms
Execution 104 - QUIC Single
Handshake duration: 2.10 ms
Execution 105 - QUIC Single
Handshake duration: 2.04 ms
Execution 106 - QUIC Single
Handshake duration: 1001.52 ms
Execution 107 - QUIC Single
Handshake duration: 1001.90 ms
Execution 108 - QUIC Single
Handshake duration: 1.92 ms
Execution 109 - QUIC Single
Handshake duration: 1.68 ms
Execution 110 - QUIC Single
Handshake duration: 3000.76 ms
Execution 111 - QUIC Single
Handshake duration: 2.04 ms
Execution 112 - QUIC Single
Handshake duration: 9996.34 ms
Execution 113 - QUIC Single
Handshake duration: 6997.83 ms
Execution 114 - QUIC Single
Handshake duration: 1001.51 ms
Execution 115 - QUIC Single
Handshake duration: 1.70 ms
Execution 116 - QUIC Single
Handshake duration: 2999.59 ms
Execution 117 - QUIC Single
Handshake duration: 1.69 ms
Execution 118 - QUIC Single
Handshake duration: 1.67 ms
Execution 119 - QUIC Single
Handshake duration: 1001.90 ms
Execution 120 - QUIC Single
Handshake duration: 1001.50 ms
Execution 121 - QUIC Single
Handshake duration: 2.15 ms
Execution 122 - QUIC Single
Handshake duration: 1001.46 ms
Execution 123 - QUIC Single
Handshake duration: 2.06 ms
Execution 124 - QUIC Single
Handshake duration: NaN ms
Execution 125 - QUIC Single
Handshake duration: 1001.49 ms
