Applying netem rules to lo...
Showing qdisc status for the interface: lo
qdisc netem 85dd: root refcnt 2 limit 1000 seed 2726746551135412231
 Sent 0 bytes 0 pkt (dropped 0, overlimits 0 requeues 0) 
 backlog 0b 0p requeues 0
Running ./perftestClientTlsQuic.sh with SIG_ALG=mldsa87 and KEM_ALG=hqc256
Execution 1 - QUIC Single
Handshake duration: 123.82 ms
Execution 2 - QUIC Single
Handshake duration: 1103.17 ms
Execution 3 - QUIC Single
Handshake duration: 159.39 ms
Execution 4 - QUIC Single
Handshake duration: 119.03 ms
Execution 5 - QUIC Single
Handshake duration: 512.55 ms
Execution 6 - QUIC Single
Handshake duration: 2340.67 ms
Execution 7 - QUIC Single
Handshake duration: 2764.20 ms
Execution 8 - QUIC Single
Handshake duration: 118.30 ms
Execution 9 - QUIC Single
Handshake duration: 139.61 ms
Execution 10 - QUIC Single
Handshake duration: 133.64 ms
Execution 11 - QUIC Single
Handshake duration: 8020.23 ms
Execution 12 - QUIC Single
Handshake duration: 7818.44 ms
Execution 13 - QUIC Single
Handshake duration: 170.14 ms
Execution 14 - QUIC Single
Handshake duration: 127.39 ms
Execution 15 - QUIC Single
Handshake duration: 123.39 ms
Execution 16 - QUIC Single
Handshake duration: 4627.69 ms
Execution 17 - QUIC Single
Handshake duration: 138.66 ms
Execution 18 - QUIC Single
Handshake duration: 163.08 ms
Execution 19 - QUIC Single
Handshake duration: 1139.23 ms
Execution 20 - QUIC Single
Handshake duration: 119.77 ms
Execution 21 - QUIC Single
Handshake duration: 3262.65 ms
Execution 22 - QUIC Single
Handshake duration: 4980.85 ms
Execution 23 - QUIC Single
Handshake duration: 120.83 ms
Execution 24 - QUIC Single
Handshake duration: 120.02 ms
Execution 25 - QUIC Single
Handshake duration: 590.23 ms
Execution 26 - QUIC Single
Handshake duration: 1318.84 ms
Execution 27 - QUIC Single
Handshake duration: 133.25 ms
Execution 28 - QUIC Single
Handshake duration: 129.75 ms
Execution 29 - QUIC Single
Handshake duration: 1078.60 ms
Execution 30 - QUIC Single
Handshake duration: 599.57 ms
Execution 31 - QUIC Single
Handshake duration: 119.62 ms
Execution 32 - QUIC Single
Handshake duration: 239.25 ms
Execution 33 - QUIC Single
Handshake duration: 134.04 ms
Execution 34 - QUIC Single
Handshake duration: 123.13 ms
Execution 35 - QUIC Single
Handshake duration: 123.01 ms
Execution 36 - QUIC Single
Handshake duration: 759.48 ms
Execution 37 - QUIC Single
Handshake duration: 1480.23 ms
Execution 38 - QUIC Single
Handshake duration: 1069.13 ms
Execution 39 - QUIC Single
Handshake duration: 121.44 ms
Execution 40 - QUIC Single
Handshake duration: 3886.32 ms
Execution 41 - QUIC Single
Handshake duration: 1144.33 ms
Execution 42 - QUIC Single
Handshake duration: 125.09 ms
Execution 43 - QUIC Single
Handshake duration: 1151.09 ms
Execution 44 - QUIC Single
Handshake duration: 118.46 ms
Execution 45 - QUIC Single
Handshake duration: 119.39 ms
Execution 46 - QUIC Single
Handshake duration: 121.51 ms
Execution 47 - QUIC Single
Handshake duration: 2669.32 ms
Execution 48 - QUIC Single
Handshake duration: NaN ms
Execution 49 - QUIC Single
Handshake duration: 261.48 ms
Execution 50 - QUIC Single
Handshake duration: 122.07 ms
Execution 51 - QUIC Single
Handshake duration: 206.78 ms
Execution 52 - QUIC Single
Handshake duration: 158.31 ms
Execution 53 - QUIC Single
Handshake duration: 2459.62 ms
Execution 54 - QUIC Single
Handshake duration: 219.81 ms
Execution 55 - QUIC Single
Handshake duration: 1076.23 ms
Execution 56 - QUIC Single
Handshake duration: 216.02 ms
Execution 57 - QUIC Single
Handshake duration: 308.61 ms
Execution 58 - QUIC Single
Handshake duration: 1107.41 ms
Execution 59 - QUIC Single
Handshake duration: 1675.49 ms
Execution 60 - QUIC Single
Handshake duration: 1930.82 ms
Execution 61 - QUIC Single
Handshake duration: 680.93 ms
Execution 62 - QUIC Single
Handshake duration: 7064.32 ms
Execution 63 - QUIC Single
Handshake duration: 118.26 ms
Execution 64 - QUIC Single
Handshake duration: 8679.27 ms
Execution 65 - QUIC Single
Handshake duration: 757.67 ms
Execution 66 - QUIC Single
Handshake duration: 275.31 ms
Execution 67 - QUIC Single
Handshake duration: 119.69 ms
Execution 68 - QUIC Single
Handshake duration: 135.14 ms
Execution 69 - QUIC Single
Handshake duration: 682.10 ms
Execution 70 - QUIC Single
Handshake duration: 128.66 ms
Execution 71 - QUIC Single
Handshake duration: 3009.40 ms
Execution 72 - QUIC Single
Handshake duration: 2112.50 ms
Execution 73 - QUIC Single
Handshake duration: NaN ms
Execution 74 - QUIC Single
Handshake duration: 115.99 ms
Execution 75 - QUIC Single
Handshake duration: 122.41 ms
Execution 76 - QUIC Single
Handshake duration: 3461.99 ms
Execution 77 - QUIC Single
Handshake duration: 3170.65 ms
Execution 78 - QUIC Single
Handshake duration: 283.26 ms
Execution 79 - QUIC Single
Handshake duration: 4618.95 ms
Execution 80 - QUIC Single
Handshake duration: 400.33 ms
Execution 81 - QUIC Single
Handshake duration: 131.65 ms
Execution 82 - QUIC Single
Handshake duration: 7466.67 ms
Execution 83 - QUIC Single
Handshake duration: 2525.12 ms
Execution 84 - QUIC Single
Handshake duration: 1096.86 ms
Execution 85 - QUIC Single
Handshake duration: 475.83 ms
Execution 86 - QUIC Single
Handshake duration: 121.39 ms
Execution 87 - QUIC Single
Handshake duration: 427.04 ms
Execution 88 - QUIC Single
Handshake duration: 161.03 ms
Execution 89 - QUIC Single
Handshake duration: 132.24 ms
Execution 90 - QUIC Single
Handshake duration: 1081.13 ms
Execution 91 - QUIC Single
Handshake duration: 2269.15 ms
Execution 92 - QUIC Single
Handshake duration: 1535.88 ms
Execution 93 - QUIC Single
Handshake duration: 667.32 ms
Execution 94 - QUIC Single
Handshake duration: 153.26 ms
Execution 95 - QUIC Single
Handshake duration: 121.91 ms
Execution 96 - QUIC Single
Handshake duration: 118.29 ms
Execution 97 - QUIC Single
Handshake duration: 676.88 ms
Execution 98 - QUIC Single
Handshake duration: 119.52 ms
Execution 99 - QUIC Single
Handshake duration: 129.60 ms
Execution 100 - QUIC Single
Handshake duration: 120.64 ms
Execution 101 - QUIC Single
Handshake duration: 3599.18 ms
Execution 102 - QUIC Single
Handshake duration: 4042.05 ms
Execution 103 - QUIC Single
Handshake duration: 430.56 ms
Execution 104 - QUIC Single
Handshake duration: 130.98 ms
Execution 105 - QUIC Single
Handshake duration: NaN ms
Execution 106 - QUIC Single
Handshake duration: 6434.32 ms
Execution 107 - QUIC Single
Handshake duration: 117.77 ms
Execution 108 - QUIC Single
Handshake duration: 383.25 ms
Execution 109 - QUIC Single
Handshake duration: 121.96 ms
Execution 110 - QUIC Single
Handshake duration: 121.00 ms
Execution 111 - QUIC Single
Handshake duration: 1500.16 ms
Execution 112 - QUIC Single
Handshake duration: 1122.79 ms
Execution 113 - QUIC Single
Handshake duration: 117.67 ms
Execution 114 - QUIC Single
Handshake duration: 1187.98 ms
Execution 115 - QUIC Single
Handshake duration: 1307.51 ms
Execution 116 - QUIC Single
Handshake duration: 774.91 ms
Execution 117 - QUIC Single
Handshake duration: 3300.41 ms
Execution 118 - QUIC Single
Handshake duration: 2051.47 ms
Execution 119 - QUIC Single
Handshake duration: 477.93 ms
Execution 120 - QUIC Single
Handshake duration: 119.38 ms
Execution 121 - QUIC Single
Handshake duration: 121.72 ms
Execution 122 - QUIC Single
Handshake duration: 3071.16 ms
Execution 123 - QUIC Single
Handshake duration: 723.15 ms
Execution 124 - QUIC Single
Handshake duration: 120.13 ms
Execution 125 - QUIC Single
Handshake duration: 1102.42 ms
Execution 126 - QUIC Single
Handshake duration: 198.74 ms
Execution 127 - QUIC Single
Handshake duration: 3335.22 ms
Execution 128 - QUIC Single
Handshake duration: 129.31 ms
Execution 129 - QUIC Single
Handshake duration: 119.13 ms
Execution 130 - QUIC Single
Handshake duration: 649.43 ms
Execution 131 - QUIC Single
Handshake duration: 120.53 ms
Execution 132 - QUIC Single
Handshake duration: 123.24 ms
Execution 133 - QUIC Single
Handshake duration: 1409.94 ms
Execution 134 - QUIC Single
Handshake duration: 1156.20 ms
Execution 135 - QUIC Single
Handshake duration: 119.38 ms
Execution 136 - QUIC Single
Handshake duration: 5198.51 ms
Execution 137 - QUIC Single
Handshake duration: 119.64 ms
Execution 138 - QUIC Single
Handshake duration: NaN ms
Execution 139 - QUIC Single
Handshake duration: 6342.45 ms
Execution 140 - QUIC Single
Handshake duration: 194.01 ms
Execution 141 - QUIC Single
Handshake duration: 3087.99 ms
Execution 142 - QUIC Single
Handshake duration: 116.90 ms
Execution 143 - QUIC Single
Handshake duration: 120.17 ms
Execution 144 - QUIC Single
Handshake duration: 7482.08 ms
Execution 145 - QUIC Single
Handshake duration: 1185.90 ms
Execution 146 - QUIC Single
Handshake duration: 558.99 ms
Execution 147 - QUIC Single
Handshake duration: 138.62 ms
Execution 148 - QUIC Single
Handshake duration: 369.08 ms
Execution 149 - QUIC Single
Handshake duration: 128.80 ms
Execution 150 - QUIC Single
Handshake duration: 117.94 ms
Execution 151 - QUIC Single
Handshake duration: 122.01 ms
Execution 152 - QUIC Single
Handshake duration: 171.04 ms
Execution 153 - QUIC Single
Handshake duration: NaN ms
Execution 154 - QUIC Single
Handshake duration: 118.38 ms
Execution 155 - QUIC Single
Handshake duration: 122.56 ms
Execution 156 - QUIC Single
Handshake duration: 127.55 ms
Execution 157 - QUIC Single
Handshake duration: 1532.53 ms
Execution 158 - QUIC Single
Handshake duration: 122.07 ms
Execution 159 - QUIC Single
Handshake duration: 120.50 ms
Execution 160 - QUIC Single
Handshake duration: 1514.19 ms
Execution 161 - QUIC Single
Handshake duration: 496.33 ms
Execution 162 - QUIC Single
Handshake duration: 1071.84 ms
Execution 163 - QUIC Single
Handshake duration: 131.72 ms
Execution 164 - QUIC Single
Handshake duration: 524.92 ms
Execution 165 - QUIC Single
Handshake duration: 178.11 ms
Execution 166 - QUIC Single
Handshake duration: 700.33 ms
Execution 167 - QUIC Single
Handshake duration: 121.79 ms
Execution 168 - QUIC Single
Handshake duration: 1084.71 ms
Execution 169 - QUIC Single
Handshake duration: 1123.84 ms
Execution 170 - QUIC Single
Handshake duration: 120.30 ms
Execution 171 - QUIC Single
Handshake duration: 448.14 ms
Execution 172 - QUIC Single
Handshake duration: 121.10 ms
Execution 173 - QUIC Single
Handshake duration: 1491.82 ms
Execution 174 - QUIC Single
Handshake duration: 140.86 ms
Execution 175 - QUIC Single
Handshake duration: 128.88 ms
Execution 176 - QUIC Single
Handshake duration: 227.05 ms
Execution 177 - QUIC Single
Handshake duration: 124.14 ms
Execution 178 - QUIC Single
Handshake duration: 882.70 ms
Execution 179 - QUIC Single
Handshake duration: 147.44 ms
Execution 180 - QUIC Single
Handshake duration: 270.30 ms
Execution 181 - QUIC Single
Handshake duration: 211.71 ms
Execution 182 - QUIC Single
Handshake duration: NaN ms
Execution 183 - QUIC Single
Handshake duration: 17865.85 ms
Execution 184 - QUIC Single
Handshake duration: 144.98 ms
Execution 185 - QUIC Single
Handshake duration: 118.51 ms
Execution 186 - QUIC Single
Handshake duration: 205.54 ms
Execution 187 - QUIC Single
Handshake duration: 133.98 ms
Execution 188 - QUIC Single
Handshake duration: 1126.12 ms
Execution 189 - QUIC Single
Handshake duration: 1121.86 ms
Execution 190 - QUIC Single
Handshake duration: 740.62 ms
Execution 191 - QUIC Single
Handshake duration: 270.04 ms
Execution 192 - QUIC Single
Handshake duration: 8257.87 ms
Execution 193 - QUIC Single
Handshake duration: 117.89 ms
Execution 194 - QUIC Single
Handshake duration: 2978.39 ms
Execution 195 - QUIC Single
Handshake duration: 4234.10 ms
Execution 196 - QUIC Single
Handshake duration: 1326.40 ms
Execution 197 - QUIC Single
Handshake duration: 364.82 ms
Execution 198 - QUIC Single
Handshake duration: 1261.07 ms
Execution 199 - QUIC Single
Handshake duration: 1076.06 ms
Execution 200 - QUIC Single
Handshake duration: 1120.27 ms
Execution 201 - QUIC Single
Handshake duration: 1109.18 ms
Execution 202 - QUIC Single
Handshake duration: 1112.56 ms
Execution 203 - QUIC Single
Handshake duration: 879.86 ms
Execution 204 - QUIC Single
Handshake duration: 628.30 ms
Execution 205 - QUIC Single
Handshake duration: 434.26 ms
Execution 206 - QUIC Single
Handshake duration: 418.52 ms
Execution 207 - QUIC Single
Handshake duration: 422.55 ms
Execution 208 - QUIC Single
Handshake duration: 120.86 ms
Execution 209 - QUIC Single
Handshake duration: 446.19 ms
Execution 210 - QUIC Single
Handshake duration: 138.29 ms
Execution 211 - QUIC Single
Handshake duration: 1312.08 ms
Execution 212 - QUIC Single
Handshake duration: 192.64 ms
Execution 213 - QUIC Single
Handshake duration: 128.04 ms
Execution 214 - QUIC Single
Handshake duration: 2193.10 ms
Execution 215 - QUIC Single
Handshake duration: 307.79 ms
Execution 216 - QUIC Single
Handshake duration: 119.01 ms
Execution 217 - QUIC Single
Handshake duration: 119.95 ms
Execution 218 - QUIC Single
Handshake duration: 1152.27 ms
Execution 219 - QUIC Single
Handshake duration: 404.67 ms
Execution 220 - QUIC Single
Handshake duration: 2445.37 ms
Execution 221 - QUIC Single
Handshake duration: 121.12 ms
Execution 222 - QUIC Single
Handshake duration: 120.43 ms
Execution 223 - QUIC Single
Handshake duration: 1533.18 ms
Execution 224 - QUIC Single
Handshake duration: 211.44 ms
Execution 225 - QUIC Single
Handshake duration: 3178.37 ms
Execution 226 - QUIC Single
Handshake duration: 3118.48 ms
Execution 227 - QUIC Single
Handshake duration: 3609.53 ms
Execution 228 - QUIC Single
Handshake duration: 593.90 ms
Execution 229 - QUIC Single
Handshake duration: 1206.84 ms
Execution 230 - QUIC Single
Handshake duration: 1746.50 ms
Execution 231 - QUIC Single
Handshake duration: 1106.50 ms
Execution 232 - QUIC Single
Handshake duration: 3477.43 ms
Execution 233 - QUIC Single
Handshake duration: 142.18 ms
Execution 234 - QUIC Single
Handshake duration: 1047.69 ms
Execution 235 - QUIC Single
Handshake duration: 5452.21 ms
Execution 236 - QUIC Single
Handshake duration: 205.09 ms
Execution 237 - QUIC Single
Handshake duration: 1184.85 ms
Execution 238 - QUIC Single
Handshake duration: 130.04 ms
Execution 239 - QUIC Single
Handshake duration: NaN ms
Execution 240 - QUIC Single
Handshake duration: 4891.26 ms
Execution 241 - QUIC Single
Handshake duration: 652.71 ms
Execution 242 - QUIC Single
Handshake duration: 118.43 ms
Execution 243 - QUIC Single
Handshake duration: 771.01 ms
Execution 244 - QUIC Single
Handshake duration: 123.65 ms
Execution 245 - QUIC Single
Handshake duration: 1315.35 ms
Execution 246 - QUIC Single
Handshake duration: 135.66 ms
Execution 247 - QUIC Single
Handshake duration: 1115.15 ms
Execution 248 - QUIC Single
Handshake duration: 133.33 ms
Execution 249 - QUIC Single
Handshake duration: 1078.46 ms
Execution 250 - QUIC Single
Handshake duration: 453.67 ms
Execution 251 - QUIC Single
Handshake duration: 1165.67 ms
Execution 252 - QUIC Single
Handshake duration: 3202.33 ms
Execution 253 - QUIC Single
Handshake duration: 341.10 ms
Execution 254 - QUIC Single
Handshake duration: 593.61 ms
Execution 255 - QUIC Single
Handshake duration: 128.58 ms
Execution 256 - QUIC Single
Handshake duration: 120.22 ms
Execution 257 - QUIC Single
Handshake duration: 116.75 ms
Execution 258 - QUIC Single
Handshake duration: 898.39 ms
Execution 259 - QUIC Single
Handshake duration: 1078.05 ms
Execution 260 - QUIC Single
Handshake duration: 1375.31 ms
Execution 261 - QUIC Single
Handshake duration: 120.23 ms
Execution 262 - QUIC Single
Handshake duration: 1025.45 ms
Execution 263 - QUIC Single
Handshake duration: 126.64 ms
Execution 264 - QUIC Single
Handshake duration: 281.29 ms
Execution 265 - QUIC Single
Handshake duration: 119.69 ms
Execution 266 - QUIC Single
Handshake duration: 1178.29 ms
Execution 267 - QUIC Single
Handshake duration: 200.58 ms
Execution 268 - QUIC Single
Handshake duration: 119.49 ms
Execution 269 - QUIC Single
Handshake duration: 121.37 ms
Execution 270 - QUIC Single
Handshake duration: 120.94 ms
Execution 271 - QUIC Single
Handshake duration: 601.19 ms
Execution 272 - QUIC Single
Handshake duration: 119.97 ms
Execution 273 - QUIC Single
Handshake duration: 123.27 ms
Execution 274 - QUIC Single
Handshake duration: 148.71 ms
Execution 275 - QUIC Single
Handshake duration: 1418.61 ms
Execution 276 - QUIC Single
Handshake duration: 120.60 ms
Execution 277 - QUIC Single
Handshake duration: 121.65 ms
Execution 278 - QUIC Single
Handshake duration: 437.63 ms
Execution 279 - QUIC Single
Handshake duration: 1227.08 ms
Execution 280 - QUIC Single
Handshake duration: 827.03 ms
Execution 281 - QUIC Single
Handshake duration: 4124.77 ms
Execution 282 - QUIC Single
Handshake duration: 1142.59 ms
Execution 283 - QUIC Single
Handshake duration: 234.04 ms
Execution 284 - QUIC Single
Handshake duration: 2080.08 ms
Execution 285 - QUIC Single
Handshake duration: 115.15 ms
Execution 286 - QUIC Single
Handshake duration: 212.54 ms
Execution 287 - QUIC Single
Handshake duration: 855.38 ms
Execution 288 - QUIC Single
Handshake duration: 164.86 ms
Execution 289 - QUIC Single
Handshake duration: 203.69 ms
Execution 290 - QUIC Single
Handshake duration: 174.90 ms
Execution 291 - QUIC Single
Handshake duration: 1213.19 ms
Execution 292 - QUIC Single
Handshake duration: 1283.27 ms
Execution 293 - QUIC Single
Handshake duration: 139.29 ms
Execution 294 - QUIC Single
Handshake duration: 1727.73 ms
Execution 295 - QUIC Single
Handshake duration: 116.53 ms
Execution 296 - QUIC Single
Handshake duration: 116.96 ms
Execution 297 - QUIC Single
Handshake duration: 150.33 ms
Execution 298 - QUIC Single
Handshake duration: 1450.54 ms
Execution 299 - QUIC Single
Handshake duration: 1076.16 ms
Execution 300 - QUIC Single
Handshake duration: 124.77 ms
Execution 301 - QUIC Single
Handshake duration: 1488.70 ms
Execution 302 - QUIC Single
Handshake duration: 1277.05 ms
Execution 303 - QUIC Single
Handshake duration: 117.66 ms
Execution 304 - QUIC Single
Handshake duration: 716.28 ms
Execution 305 - QUIC Single
Handshake duration: 128.39 ms
Execution 306 - QUIC Single
Handshake duration: 288.69 ms
Execution 307 - QUIC Single
Handshake duration: 121.56 ms
Execution 308 - QUIC Single
Handshake duration: 2252.73 ms
Execution 309 - QUIC Single
Handshake duration: 215.61 ms
Execution 310 - QUIC Single
Handshake duration: 1266.81 ms
Execution 311 - QUIC Single
Handshake duration: 251.63 ms
Execution 312 - QUIC Single
Handshake duration: 8627.32 ms
Execution 313 - QUIC Single
Handshake duration: 116.78 ms
Execution 314 - QUIC Single
Handshake duration: 1195.68 ms
Execution 315 - QUIC Single
Handshake duration: 167.41 ms
Execution 316 - QUIC Single
Handshake duration: 160.13 ms
Execution 317 - QUIC Single
Handshake duration: 696.24 ms
Execution 318 - QUIC Single
Handshake duration: 287.57 ms
Execution 319 - QUIC Single
Handshake duration: 120.81 ms
Execution 320 - QUIC Single
Handshake duration: 123.27 ms
Execution 321 - QUIC Single
Handshake duration: 132.44 ms
Execution 322 - QUIC Single
Handshake duration: 1072.83 ms
Execution 323 - QUIC Single
Handshake duration: 1578.69 ms
Execution 324 - QUIC Single
Handshake duration: 118.42 ms
Execution 325 - QUIC Single
Handshake duration: 3884.64 ms
Execution 326 - QUIC Single
Handshake duration: 121.61 ms
Execution 327 - QUIC Single
Handshake duration: 116.10 ms
Execution 328 - QUIC Single
Handshake duration: 1373.60 ms
Execution 329 - QUIC Single
Handshake duration: 122.26 ms
Execution 330 - QUIC Single
Handshake duration: 1082.25 ms
Execution 331 - QUIC Single
Handshake duration: 1402.91 ms
Execution 332 - QUIC Single
Handshake duration: 1193.38 ms
Execution 333 - QUIC Single
Handshake duration: 132.36 ms
Execution 334 - QUIC Single
Handshake duration: 116.08 ms
Execution 335 - QUIC Single
Handshake duration: 2074.18 ms
Execution 336 - QUIC Single
Handshake duration: 1121.77 ms
Execution 337 - QUIC Single
Handshake duration: 118.02 ms
Execution 338 - QUIC Single
Handshake duration: 135.78 ms
Execution 339 - QUIC Single
Handshake duration: 152.43 ms
Execution 340 - QUIC Single
Handshake duration: 587.56 ms
Execution 341 - QUIC Single
Handshake duration: 120.04 ms
Execution 342 - QUIC Single
Handshake duration: 1644.35 ms
Execution 343 - QUIC Single
Handshake duration: 229.01 ms
Execution 344 - QUIC Single
Handshake duration: 620.11 ms
Execution 345 - QUIC Single
Handshake duration: 120.05 ms
Execution 346 - QUIC Single
Handshake duration: 1190.70 ms
Execution 347 - QUIC Single
Handshake duration: 2528.93 ms
Execution 348 - QUIC Single
Handshake duration: 132.39 ms
Execution 349 - QUIC Single
Handshake duration: 118.34 ms
Execution 350 - QUIC Single
Handshake duration: 119.61 ms
Execution 351 - QUIC Single
Handshake duration: 171.44 ms
Execution 352 - QUIC Single
Handshake duration: 164.66 ms
Execution 353 - QUIC Single
Handshake duration: 130.62 ms
Execution 354 - QUIC Single
Handshake duration: 1154.95 ms
Execution 355 - QUIC Single
Handshake duration: 7198.16 ms
Execution 356 - QUIC Single
Handshake duration: 1138.58 ms
Execution 357 - QUIC Single
Handshake duration: 1616.26 ms
Execution 358 - QUIC Single
Handshake duration: 124.56 ms
Execution 359 - QUIC Single
Handshake duration: 132.03 ms
Execution 360 - QUIC Single
Handshake duration: 3939.46 ms
Execution 361 - QUIC Single
Handshake duration: 124.75 ms
Execution 362 - QUIC Single
Handshake duration: 1331.10 ms
Execution 363 - QUIC Single
Handshake duration: 1076.97 ms
Execution 364 - QUIC Single
Handshake duration: 819.50 ms
Execution 365 - QUIC Single
Handshake duration: 1159.20 ms
Execution 366 - QUIC Single
Handshake duration: 1423.24 ms
Execution 367 - QUIC Single
Handshake duration: 132.67 ms
Execution 368 - QUIC Single
Handshake duration: 122.27 ms
Execution 369 - QUIC Single
Handshake duration: 194.59 ms
Execution 370 - QUIC Single
Handshake duration: 1210.07 ms
Execution 371 - QUIC Single
Handshake duration: 439.06 ms
Execution 372 - QUIC Single
Handshake duration: 1328.91 ms
Execution 373 - QUIC Single
Handshake duration: 487.46 ms
Execution 374 - QUIC Single
Handshake duration: 374.36 ms
Execution 375 - QUIC Single
Handshake duration: 218.81 ms
Execution 376 - QUIC Single
Handshake duration: 10422.64 ms
Execution 377 - QUIC Single
Handshake duration: 3111.80 ms
Execution 378 - QUIC Single
Handshake duration: 122.06 ms
Execution 379 - QUIC Single
Handshake duration: 655.97 ms
Execution 380 - QUIC Single
Handshake duration: 128.22 ms
Execution 381 - QUIC Single
Handshake duration: 192.98 ms
Execution 382 - QUIC Single
Handshake duration: 7342.07 ms
Execution 383 - QUIC Single
Handshake duration: 119.72 ms
Execution 384 - QUIC Single
Handshake duration: 1352.22 ms
Execution 385 - QUIC Single
Handshake duration: 415.73 ms
Execution 386 - QUIC Single
Handshake duration: 1129.90 ms
Execution 387 - QUIC Single
Handshake duration: 164.40 ms
Execution 388 - QUIC Single
Handshake duration: 204.49 ms
Execution 389 - QUIC Single
Handshake duration: NaN ms
Execution 390 - QUIC Single
Handshake duration: 1122.17 ms
Execution 391 - QUIC Single
Handshake duration: 278.85 ms
Execution 392 - QUIC Single
Handshake duration: 4262.21 ms
Execution 393 - QUIC Single
Handshake duration: 121.99 ms
Execution 394 - QUIC Single
Handshake duration: 133.52 ms
Execution 395 - QUIC Single
Handshake duration: 299.75 ms
Execution 396 - QUIC Single
Handshake duration: 120.57 ms
Execution 397 - QUIC Single
Handshake duration: 281.46 ms
Execution 398 - QUIC Single
Handshake duration: 2194.53 ms
Execution 399 - QUIC Single
Handshake duration: 1144.93 ms
Execution 400 - QUIC Single
Handshake duration: 125.03 ms
Execution 401 - QUIC Single
Handshake duration: 1075.69 ms
Execution 402 - QUIC Single
Handshake duration: 134.88 ms
Execution 403 - QUIC Single
Handshake duration: 596.94 ms
Execution 404 - QUIC Single
Handshake duration: 4960.12 ms
Execution 405 - QUIC Single
Handshake duration: 163.47 ms
Execution 406 - QUIC Single
Handshake duration: 4693.68 ms
Execution 407 - QUIC Single
Handshake duration: 311.20 ms
Execution 408 - QUIC Single
Handshake duration: 287.34 ms
Execution 409 - QUIC Single
Handshake duration: 428.68 ms
Execution 410 - QUIC Single
Handshake duration: 1068.60 ms
Execution 411 - QUIC Single
Handshake duration: 1098.73 ms
Execution 412 - QUIC Single
Handshake duration: 194.87 ms
Execution 413 - QUIC Single
Handshake duration: 118.36 ms
Execution 414 - QUIC Single
Handshake duration: 1547.00 ms
Execution 415 - QUIC Single
Handshake duration: 206.91 ms
Execution 416 - QUIC Single
Handshake duration: 168.27 ms
Execution 417 - QUIC Single
Handshake duration: 1598.07 ms
Execution 418 - QUIC Single
Handshake duration: 206.96 ms
Execution 419 - QUIC Single
Handshake duration: 1527.80 ms
Execution 420 - QUIC Single
Handshake duration: 626.81 ms
Execution 421 - QUIC Single
Handshake duration: 1414.02 ms
Execution 422 - QUIC Single
Handshake duration: 122.17 ms
Execution 423 - QUIC Single
Handshake duration: 124.03 ms
Execution 424 - QUIC Single
Handshake duration: 565.06 ms
Execution 425 - QUIC Single
Handshake duration: 138.35 ms
Execution 426 - QUIC Single
Handshake duration: NaN ms
Execution 427 - QUIC Single
Handshake duration: 3121.53 ms
Execution 428 - QUIC Single
Handshake duration: 132.68 ms
Execution 429 - QUIC Single
Handshake duration: 866.73 ms
Execution 430 - QUIC Single
Handshake duration: 8746.33 ms
Execution 431 - QUIC Single
Handshake duration: 121.64 ms
Execution 432 - QUIC Single
Handshake duration: 3149.39 ms
Execution 433 - QUIC Single
Handshake duration: 222.44 ms
Execution 434 - QUIC Single
Handshake duration: 128.26 ms
Execution 435 - QUIC Single
Handshake duration: 121.56 ms
Execution 436 - QUIC Single
Handshake duration: 706.99 ms
Execution 437 - QUIC Single
Handshake duration: 121.22 ms
Execution 438 - QUIC Single
Handshake duration: 889.50 ms
Execution 439 - QUIC Single
Handshake duration: 1084.68 ms
Execution 440 - QUIC Single
Handshake duration: 120.92 ms
Execution 441 - QUIC Single
Handshake duration: 268.06 ms
Execution 442 - QUIC Single
Handshake duration: 5230.51 ms
Execution 443 - QUIC Single
Handshake duration: 116.97 ms
Execution 444 - QUIC Single
Handshake duration: 506.57 ms
Execution 445 - QUIC Single
Handshake duration: 218.07 ms
Execution 446 - QUIC Single
Handshake duration: 121.50 ms
Execution 447 - QUIC Single
Handshake duration: 184.80 ms
Execution 448 - QUIC Single
Handshake duration: 120.55 ms
Execution 449 - QUIC Single
Handshake duration: 407.54 ms
Execution 450 - QUIC Single
Handshake duration: 206.62 ms
Execution 451 - QUIC Single
Handshake duration: 606.19 ms
Execution 452 - QUIC Single
Handshake duration: 980.16 ms
Execution 453 - QUIC Single
Handshake duration: 120.08 ms
Execution 454 - QUIC Single
Handshake duration: 3166.96 ms
Execution 455 - QUIC Single
Handshake duration: 175.17 ms
Execution 456 - QUIC Single
Handshake duration: 1140.38 ms
Execution 457 - QUIC Single
Handshake duration: 606.69 ms
Execution 458 - QUIC Single
Handshake duration: 143.18 ms
Execution 459 - QUIC Single
Handshake duration: 431.62 ms
Execution 460 - QUIC Single
Handshake duration: 148.96 ms
Execution 461 - QUIC Single
Handshake duration: 142.68 ms
Execution 462 - QUIC Single
Handshake duration: 1406.08 ms
Execution 463 - QUIC Single
Handshake duration: 200.80 ms
Execution 464 - QUIC Single
Handshake duration: 121.45 ms
Execution 465 - QUIC Single
Handshake duration: 121.07 ms
Execution 466 - QUIC Single
Handshake duration: 3013.80 ms
Execution 467 - QUIC Single
Handshake duration: 120.55 ms
Execution 468 - QUIC Single
Handshake duration: 2714.70 ms
Execution 469 - QUIC Single
Handshake duration: 117.82 ms
Execution 470 - QUIC Single
Handshake duration: 177.14 ms
Execution 471 - QUIC Single
Handshake duration: 3285.56 ms
Execution 472 - QUIC Single
Handshake duration: 1146.16 ms
Execution 473 - QUIC Single
Handshake duration: 1238.71 ms
Execution 474 - QUIC Single
Handshake duration: 608.44 ms
Execution 475 - QUIC Single
Handshake duration: 2795.95 ms
Execution 476 - QUIC Single
Handshake duration: 121.74 ms
Execution 477 - QUIC Single
Handshake duration: 775.32 ms
Execution 478 - QUIC Single
Handshake duration: 1266.33 ms
Execution 479 - QUIC Single
Handshake duration: 1328.25 ms
Execution 480 - QUIC Single
Handshake duration: 125.55 ms
Execution 481 - QUIC Single
Handshake duration: 146.20 ms
Execution 482 - QUIC Single
Handshake duration: 222.64 ms
Execution 483 - QUIC Single
Handshake duration: 232.86 ms
Execution 484 - QUIC Single
Handshake duration: 185.30 ms
Execution 485 - QUIC Single
Handshake duration: 118.62 ms
Execution 486 - QUIC Single
Handshake duration: 1073.68 ms
Execution 487 - QUIC Single
Handshake duration: 119.89 ms
Execution 488 - QUIC Single
Handshake duration: 148.17 ms
Execution 489 - QUIC Single
Handshake duration: 1302.67 ms
Execution 490 - QUIC Single
Handshake duration: 256.90 ms
Execution 491 - QUIC Single
Handshake duration: 1154.16 ms
Execution 492 - QUIC Single
Handshake duration: 122.28 ms
Execution 493 - QUIC Single
Handshake duration: 3340.20 ms
Execution 494 - QUIC Single
Handshake duration: 116.65 ms
Execution 495 - QUIC Single
Handshake duration: 247.85 ms
Execution 496 - QUIC Single
Handshake duration: 268.37 ms
Execution 497 - QUIC Single
Handshake duration: 117.99 ms
Execution 498 - QUIC Single
Handshake duration: 1233.10 ms
Execution 499 - QUIC Single
Handshake duration: 1482.82 ms
Execution 500 - QUIC Single
Handshake duration: 277.56 ms
