Applying netem rules to lo...
Showing qdisc status for the interface: lo
qdisc netem 859e: root refcnt 2 limit 1000 seed 15218757258517694713
 Sent 0 bytes 0 pkt (dropped 0, overlimits 0 requeues 0) 
 backlog 0b 0p requeues 0
Running ./perftestClientTlsQuic.sh with SIG_ALG=secp384r1 and KEM_ALG=x448_mlkem768
Execution 1 - QUIC Single
Handshake duration: 1034.21 ms
Execution 2 - QUIC Single
Handshake duration: 5.78 ms
Execution 3 - QUIC Single
Handshake duration: 1409.93 ms
Execution 4 - QUIC Single
Handshake duration: 5.54 ms
Execution 5 - QUIC Single
Handshake duration: 6.02 ms
Execution 6 - QUIC Single
Handshake duration: 5.71 ms
Execution 7 - QUIC Single
Handshake duration: 3826.29 ms
Execution 8 - QUIC Single
Handshake duration: NaN ms
Execution 9 - QUIC Single
Handshake duration: 1032.61 ms
Execution 10 - QUIC Single
Handshake duration: 1033.14 ms
Execution 11 - QUIC Single
Handshake duration: 5.75 ms
Execution 12 - QUIC Single
Handshake duration: 5.79 ms
Execution 13 - QUIC Single
Handshake duration: 5.54 ms
Execution 14 - QUIC Single
Handshake duration: 5.86 ms
Execution 15 - QUIC Single
Handshake duration: 1050.11 ms
Execution 16 - QUIC Single
Handshake duration: 8.29 ms
Execution 17 - QUIC Single
Handshake duration: 1031.84 ms
Execution 18 - QUIC Single
Handshake duration: 1042.43 ms
Execution 19 - QUIC Single
Handshake duration: 6.23 ms
Execution 20 - QUIC Single
Handshake duration: 5.69 ms
Execution 21 - QUIC Single
Handshake duration: 5.65 ms
Execution 22 - QUIC Single
Handshake duration: 8.06 ms
Execution 23 - QUIC Single
Handshake duration: 6.79 ms
Execution 24 - QUIC Single
Handshake duration: 1032.05 ms
Execution 25 - QUIC Single
Handshake duration: 8.23 ms
Execution 26 - QUIC Single
Handshake duration: 5.95 ms
Execution 27 - QUIC Single
Handshake duration: 6.60 ms
Execution 28 - QUIC Single
Handshake duration: 5.78 ms
Execution 29 - QUIC Single
Handshake duration: 6.58 ms
Execution 30 - QUIC Single
Handshake duration: 7001.72 ms
Execution 31 - QUIC Single
Handshake duration: 6.86 ms
Execution 32 - QUIC Single
Handshake duration: 3066.04 ms
Execution 33 - QUIC Single
Handshake duration: 6.01 ms
Execution 34 - QUIC Single
Handshake duration: 1015.52 ms
Execution 35 - QUIC Single
Handshake duration: 5.59 ms
Execution 36 - QUIC Single
Handshake duration: 5.67 ms
Execution 37 - QUIC Single
Handshake duration: 1793.36 ms
Execution 38 - QUIC Single
Handshake duration: 1160.55 ms
Execution 39 - QUIC Single
Handshake duration: 5.74 ms
Execution 40 - QUIC Single
Handshake duration: 6.41 ms
Execution 41 - QUIC Single
Handshake duration: 2160.98 ms
Execution 42 - QUIC Single
Handshake duration: 1032.02 ms
Execution 43 - QUIC Single
Handshake duration: 6.03 ms
Execution 44 - QUIC Single
Handshake duration: 15527.07 ms
Execution 45 - QUIC Single
Handshake duration: 5.67 ms
Execution 46 - QUIC Single
Handshake duration: 6.29 ms
Execution 47 - QUIC Single
Handshake duration: 3003.81 ms
Execution 48 - QUIC Single
Handshake duration: 5.65 ms
Execution 49 - QUIC Single
Handshake duration: 7001.90 ms
Execution 50 - QUIC Single
Handshake duration: 5.73 ms
Execution 51 - QUIC Single
Handshake duration: 6.79 ms
Execution 52 - QUIC Single
Handshake duration: 1016.18 ms
Execution 53 - QUIC Single
Handshake duration: 5.65 ms
Execution 54 - QUIC Single
Handshake duration: 5.72 ms
Execution 55 - QUIC Single
Handshake duration: 3003.06 ms
Execution 56 - QUIC Single
Handshake duration: 5.77 ms
Execution 57 - QUIC Single
Handshake duration: 3003.68 ms
Execution 58 - QUIC Single
Handshake duration: 3003.73 ms
Execution 59 - QUIC Single
Handshake duration: 5.79 ms
Execution 60 - QUIC Single
Handshake duration: 5.60 ms
Execution 61 - QUIC Single
Handshake duration: 5.70 ms
Execution 62 - QUIC Single
Handshake duration: 5.77 ms
Execution 63 - QUIC Single
Handshake duration: 1205.48 ms
Execution 64 - QUIC Single
Handshake duration: 5.78 ms
Execution 65 - QUIC Single
Handshake duration: 5.70 ms
Execution 66 - QUIC Single
Handshake duration: 8.06 ms
Execution 67 - QUIC Single
Handshake duration: NaN ms
Execution 68 - QUIC Single
Handshake duration: 7001.56 ms
Execution 69 - QUIC Single
Handshake duration: 5.67 ms
Execution 70 - QUIC Single
Handshake duration: 5.76 ms
Execution 71 - QUIC Single
Handshake duration: 6.18 ms
Execution 72 - QUIC Single
Handshake duration: 5.75 ms
Execution 73 - QUIC Single
Handshake duration: 8.10 ms
Execution 74 - QUIC Single
Handshake duration: 8.08 ms
Execution 75 - QUIC Single
Handshake duration: 8.12 ms
Execution 76 - QUIC Single
Handshake duration: 6.14 ms
Execution 77 - QUIC Single
Handshake duration: 5.67 ms
Execution 78 - QUIC Single
Handshake duration: 5.55 ms
Execution 79 - QUIC Single
Handshake duration: 3003.79 ms
Execution 80 - QUIC Single
Handshake duration: 5.71 ms
Execution 81 - QUIC Single
Handshake duration: 5.56 ms
Execution 82 - QUIC Single
Handshake duration: 5.65 ms
Execution 83 - QUIC Single
Handshake duration: 8.22 ms
Execution 84 - QUIC Single
Handshake duration: 5.60 ms
Execution 85 - QUIC Single
Handshake duration: 6.79 ms
Execution 86 - QUIC Single
Handshake duration: 3016.43 ms
Execution 87 - QUIC Single
Handshake duration: 5.68 ms
Execution 88 - QUIC Single
Handshake duration: 1011.12 ms
Execution 89 - QUIC Single
Handshake duration: 1029.20 ms
Execution 90 - QUIC Single
Handshake duration: 1004.94 ms
Execution 91 - QUIC Single
Handshake duration: 8.13 ms
Execution 92 - QUIC Single
Handshake duration: 1045.04 ms
Execution 93 - QUIC Single
Handshake duration: 1036.01 ms
Execution 94 - QUIC Single
Handshake duration: 3006.57 ms
Execution 95 - QUIC Single
Handshake duration: 5.66 ms
Execution 96 - QUIC Single
Handshake duration: 6.11 ms
Execution 97 - QUIC Single
Handshake duration: 6.05 ms
Execution 98 - QUIC Single
Handshake duration: 8.24 ms
Execution 99 - QUIC Single
Handshake duration: 6.80 ms
Execution 100 - QUIC Single
Handshake duration: 1031.71 ms
Execution 101 - QUIC Single
Handshake duration: 5.79 ms
Execution 102 - QUIC Single
Handshake duration: 1019.60 ms
Execution 103 - QUIC Single
Handshake duration: 5.63 ms
Execution 104 - QUIC Single
Handshake duration: 5.68 ms
Execution 105 - QUIC Single
Handshake duration: 1086.14 ms
Execution 106 - QUIC Single
Handshake duration: 1031.61 ms
Execution 107 - QUIC Single
Handshake duration: 5.78 ms
Execution 108 - QUIC Single
Handshake duration: 5.67 ms
Execution 109 - QUIC Single
Handshake duration: 5.83 ms
Execution 110 - QUIC Single
Handshake duration: NaN ms
Execution 111 - QUIC Single
Handshake duration: 8.09 ms
Execution 112 - QUIC Single
Handshake duration: 1031.31 ms
Execution 113 - QUIC Single
Handshake duration: 5.72 ms
Execution 114 - QUIC Single
Handshake duration: 5.60 ms
Execution 115 - QUIC Single
Handshake duration: 1309.19 ms
Execution 116 - QUIC Single
Handshake duration: 5.62 ms
Execution 117 - QUIC Single
Handshake duration: 7002.18 ms
Execution 118 - QUIC Single
Handshake duration: 5.61 ms
Execution 119 - QUIC Single
Handshake duration: 1008.68 ms
Execution 120 - QUIC Single
Handshake duration: 5.83 ms
Execution 121 - QUIC Single
Handshake duration: 5.61 ms
Execution 122 - QUIC Single
Handshake duration: 5.87 ms
Execution 123 - QUIC Single
Handshake duration: 5.64 ms
Execution 124 - QUIC Single
Handshake duration: 3003.84 ms
Execution 125 - QUIC Single
Handshake duration: 1078.69 ms
Execution 126 - QUIC Single
Handshake duration: 3004.64 ms
Execution 127 - QUIC Single
Handshake duration: 1031.86 ms
Execution 128 - QUIC Single
Handshake duration: 1008.54 ms
Execution 129 - QUIC Single
Handshake duration: 5.78 ms
Execution 130 - QUIC Single
Handshake duration: 5.85 ms
Execution 131 - QUIC Single
Handshake duration: 5.63 ms
Execution 132 - QUIC Single
Handshake duration: 1956.36 ms
Execution 133 - QUIC Single
Handshake duration: 5.67 ms
Execution 134 - QUIC Single
Handshake duration: 5.61 ms
Execution 135 - QUIC Single
Handshake duration: 5.70 ms
Execution 136 - QUIC Single
Handshake duration: 5.71 ms
Execution 137 - QUIC Single
Handshake duration: 3597.13 ms
Execution 138 - QUIC Single
Handshake duration: 5.79 ms
Execution 139 - QUIC Single
Handshake duration: 5.52 ms
Execution 140 - QUIC Single
Handshake duration: 1031.05 ms
Execution 141 - QUIC Single
Handshake duration: NaN ms
Execution 142 - QUIC Single
Handshake duration: 1027.32 ms
Execution 143 - QUIC Single
Handshake duration: 6.00 ms
Execution 144 - QUIC Single
Handshake duration: 5.68 ms
Execution 145 - QUIC Single
Handshake duration: 5.81 ms
Execution 146 - QUIC Single
Handshake duration: 5.80 ms
Execution 147 - QUIC Single
Handshake duration: 5.65 ms
Execution 148 - QUIC Single
Handshake duration: 1031.99 ms
Execution 149 - QUIC Single
Handshake duration: 6.17 ms
Execution 150 - QUIC Single
Handshake duration: 5.65 ms
Execution 151 - QUIC Single
Handshake duration: 8.11 ms
Execution 152 - QUIC Single
Handshake duration: 1032.83 ms
Execution 153 - QUIC Single
Handshake duration: 5.59 ms
Execution 154 - QUIC Single
Handshake duration: 5.97 ms
Execution 155 - QUIC Single
Handshake duration: 4277.40 ms
Execution 156 - QUIC Single
Handshake duration: 5.88 ms
Execution 157 - QUIC Single
Handshake duration: 5.72 ms
Execution 158 - QUIC Single
Handshake duration: 1018.71 ms
Execution 159 - QUIC Single
Handshake duration: 8.45 ms
Execution 160 - QUIC Single
Handshake duration: 5.68 ms
Execution 161 - QUIC Single
Handshake duration: 1034.35 ms
Execution 162 - QUIC Single
Handshake duration: 5.70 ms
Execution 163 - QUIC Single
Handshake duration: 1031.98 ms
Execution 164 - QUIC Single
Handshake duration: 1006.80 ms
Execution 165 - QUIC Single
Handshake duration: 3083.14 ms
Execution 166 - QUIC Single
Handshake duration: 5.73 ms
Execution 167 - QUIC Single
Handshake duration: 5.89 ms
Execution 168 - QUIC Single
Handshake duration: 8.11 ms
Execution 169 - QUIC Single
Handshake duration: 5.85 ms
Execution 170 - QUIC Single
Handshake duration: 1031.58 ms
Execution 171 - QUIC Single
Handshake duration: 6.02 ms
Execution 172 - QUIC Single
Handshake duration: 8.07 ms
Execution 173 - QUIC Single
Handshake duration: 8.09 ms
Execution 174 - QUIC Single
Handshake duration: 8.12 ms
Execution 175 - QUIC Single
Handshake duration: 1031.38 ms
Execution 176 - QUIC Single
Handshake duration: 8.08 ms
Execution 177 - QUIC Single
Handshake duration: 1016.01 ms
Execution 178 - QUIC Single
Handshake duration: 1032.03 ms
Execution 179 - QUIC Single
Handshake duration: 5.71 ms
Execution 180 - QUIC Single
Handshake duration: 5.71 ms
Execution 181 - QUIC Single
Handshake duration: 1009.01 ms
Execution 182 - QUIC Single
Handshake duration: 8.06 ms
Execution 183 - QUIC Single
Handshake duration: 8.10 ms
Execution 184 - QUIC Single
Handshake duration: 5.80 ms
Execution 185 - QUIC Single
Handshake duration: 5.64 ms
Execution 186 - QUIC Single
Handshake duration: 5.62 ms
Execution 187 - QUIC Single
Handshake duration: 5.66 ms
Execution 188 - QUIC Single
Handshake duration: 8.18 ms
Execution 189 - QUIC Single
Handshake duration: 6.85 ms
Execution 190 - QUIC Single
Handshake duration: 6.68 ms
Execution 191 - QUIC Single
Handshake duration: 5.70 ms
Execution 192 - QUIC Single
Handshake duration: 3006.09 ms
Execution 193 - QUIC Single
Handshake duration: 5.92 ms
Execution 194 - QUIC Single
Handshake duration: 5.68 ms
Execution 195 - QUIC Single
Handshake duration: 6.30 ms
Execution 196 - QUIC Single
Handshake duration: 5.77 ms
Execution 197 - QUIC Single
Handshake duration: 1144.51 ms
Execution 198 - QUIC Single
Handshake duration: 1008.41 ms
Execution 199 - QUIC Single
Handshake duration: 1038.66 ms
Execution 200 - QUIC Single
Handshake duration: 1193.56 ms
Execution 201 - QUIC Single
Handshake duration: 5.53 ms
Execution 202 - QUIC Single
Handshake duration: 8.11 ms
Execution 203 - QUIC Single
Handshake duration: 5.61 ms
Execution 204 - QUIC Single
Handshake duration: 6.63 ms
Execution 205 - QUIC Single
Handshake duration: NaN ms
Execution 206 - QUIC Single
Handshake duration: 5.73 ms
Execution 207 - QUIC Single
Handshake duration: 5.76 ms
Execution 208 - QUIC Single
Handshake duration: 3005.54 ms
Execution 209 - QUIC Single
Handshake duration: 3530.27 ms
Execution 210 - QUIC Single
Handshake duration: 1034.75 ms
Execution 211 - QUIC Single
Handshake duration: 9.99 ms
Execution 212 - QUIC Single
Handshake duration: 11.75 ms
Execution 213 - QUIC Single
Handshake duration: 1091.20 ms
Execution 214 - QUIC Single
Handshake duration: 8.43 ms
Execution 215 - QUIC Single
Handshake duration: 8.85 ms
Execution 216 - QUIC Single
Handshake duration: 9.04 ms
Execution 217 - QUIC Single
Handshake duration: 1011.24 ms
Execution 218 - QUIC Single
Handshake duration: 3012.95 ms
Execution 219 - QUIC Single
Handshake duration: 3009.98 ms
Execution 220 - QUIC Single
Handshake duration: 8.27 ms
Execution 221 - QUIC Single
Handshake duration: 8.90 ms
Execution 222 - QUIC Single
Handshake duration: NaN ms
Execution 223 - QUIC Single
Handshake duration: 8.54 ms
Execution 224 - QUIC Single
Handshake duration: 8.84 ms
Execution 225 - QUIC Single
Handshake duration: 9.48 ms
Execution 226 - QUIC Single
Handshake duration: 8.69 ms
Execution 227 - QUIC Single
Handshake duration: 8.30 ms
Execution 228 - QUIC Single
Handshake duration: 1089.19 ms
Execution 229 - QUIC Single
Handshake duration: 8.28 ms
Execution 230 - QUIC Single
Handshake duration: 11.03 ms
Execution 231 - QUIC Single
Handshake duration: 1017.25 ms
Execution 232 - QUIC Single
Handshake duration: 1033.73 ms
Execution 233 - QUIC Single
Handshake duration: 8.85 ms
Execution 234 - QUIC Single
Handshake duration: 1010.59 ms
Execution 235 - QUIC Single
Handshake duration: 1114.77 ms
Execution 236 - QUIC Single
Handshake duration: 8.78 ms
Execution 237 - QUIC Single
Handshake duration: 9.96 ms
Execution 238 - QUIC Single
Handshake duration: 8.35 ms
Execution 239 - QUIC Single
Handshake duration: 1036.20 ms
Execution 240 - QUIC Single
Handshake duration: 9.96 ms
Execution 241 - QUIC Single
Handshake duration: 1036.20 ms
Execution 242 - QUIC Single
Handshake duration: 8.20 ms
Execution 243 - QUIC Single
Handshake duration: NaN ms
Execution 244 - QUIC Single
Handshake duration: 1037.69 ms
Execution 245 - QUIC Single
Handshake duration: 8.76 ms
Execution 246 - QUIC Single
Handshake duration: 12.52 ms
Execution 247 - QUIC Single
Handshake duration: 3084.65 ms
Execution 248 - QUIC Single
Handshake duration: 9.45 ms
Execution 249 - QUIC Single
Handshake duration: 1007.43 ms
Execution 250 - QUIC Single
Handshake duration: 8.41 ms
Execution 251 - QUIC Single
Handshake duration: 8.31 ms
Execution 252 - QUIC Single
Handshake duration: 1090.04 ms
Execution 253 - QUIC Single
Handshake duration: 3069.29 ms
Execution 254 - QUIC Single
Handshake duration: 8.47 ms
Execution 255 - QUIC Single
Handshake duration: 8.39 ms
Execution 256 - QUIC Single
Handshake duration: 12.87 ms
Execution 257 - QUIC Single
Handshake duration: 9.44 ms
Execution 258 - QUIC Single
Handshake duration: 1036.70 ms
Execution 259 - QUIC Single
Handshake duration: 8.64 ms
Execution 260 - QUIC Single
Handshake duration: 1009.09 ms
Execution 261 - QUIC Single
Handshake duration: 8.52 ms
Execution 262 - QUIC Single
Handshake duration: 10.88 ms
Execution 263 - QUIC Single
Handshake duration: 1037.46 ms
Execution 264 - QUIC Single
Handshake duration: 8.72 ms
Execution 265 - QUIC Single
Handshake duration: 8.64 ms
Execution 266 - QUIC Single
Handshake duration: 1010.62 ms
Execution 267 - QUIC Single
Handshake duration: 9.92 ms
Execution 268 - QUIC Single
Handshake duration: 10.21 ms
Execution 269 - QUIC Single
Handshake duration: 10.25 ms
Execution 270 - QUIC Single
Handshake duration: 12.13 ms
Execution 271 - QUIC Single
Handshake duration: 8.59 ms
Execution 272 - QUIC Single
Handshake duration: 1025.42 ms
Execution 273 - QUIC Single
Handshake duration: 1010.64 ms
Execution 274 - QUIC Single
Handshake duration: 1118.60 ms
Execution 275 - QUIC Single
Handshake duration: 3089.25 ms
Execution 276 - QUIC Single
Handshake duration: 1070.83 ms
Execution 277 - QUIC Single
Handshake duration: 8.56 ms
Execution 278 - QUIC Single
Handshake duration: 8.82 ms
Execution 279 - QUIC Single
Handshake duration: 1093.59 ms
Execution 280 - QUIC Single
Handshake duration: 8.58 ms
Execution 281 - QUIC Single
Handshake duration: NaN ms
Execution 282 - QUIC Single
Handshake duration: 8.45 ms
Execution 283 - QUIC Single
Handshake duration: 1334.38 ms
Execution 284 - QUIC Single
Handshake duration: 1034.93 ms
Execution 285 - QUIC Single
Handshake duration: 3043.55 ms
Execution 286 - QUIC Single
Handshake duration: 1010.66 ms
Execution 287 - QUIC Single
Handshake duration: 8.57 ms
Execution 288 - QUIC Single
Handshake duration: 1089.96 ms
Execution 289 - QUIC Single
Handshake duration: 8.63 ms
Execution 290 - QUIC Single
Handshake duration: 9.80 ms
Execution 291 - QUIC Single
Handshake duration: 8.56 ms
Execution 292 - QUIC Single
Handshake duration: 1034.54 ms
Execution 293 - QUIC Single
Handshake duration: 8.74 ms
Execution 294 - QUIC Single
Handshake duration: 8.69 ms
Execution 295 - QUIC Single
Handshake duration: 8.78 ms
Execution 296 - QUIC Single
Handshake duration: 8.83 ms
Execution 297 - QUIC Single
Handshake duration: 1102.96 ms
Execution 298 - QUIC Single
Handshake duration: 9.24 ms
Execution 299 - QUIC Single
Handshake duration: 12.17 ms
Execution 300 - QUIC Single
Handshake duration: 1014.46 ms
Execution 301 - QUIC Single
Handshake duration: 3006.50 ms
Execution 302 - QUIC Single
Handshake duration: 9.76 ms
Execution 303 - QUIC Single
Handshake duration: 1486.89 ms
Execution 304 - QUIC Single
Handshake duration: 8.50 ms
Execution 305 - QUIC Single
Handshake duration: 1092.80 ms
Execution 306 - QUIC Single
Handshake duration: 1289.07 ms
Execution 307 - QUIC Single
Handshake duration: 8.14 ms
Execution 308 - QUIC Single
Handshake duration: 8.83 ms
Execution 309 - QUIC Single
Handshake duration: 1018.36 ms
Execution 310 - QUIC Single
Handshake duration: 8.53 ms
Execution 311 - QUIC Single
Handshake duration: 12.37 ms
Execution 312 - QUIC Single
Handshake duration: 1013.50 ms
Execution 313 - QUIC Single
Handshake duration: 10.35 ms
Execution 314 - QUIC Single
Handshake duration: 3009.61 ms
Execution 315 - QUIC Single
Handshake duration: 8.34 ms
Execution 316 - QUIC Single
Handshake duration: 9.86 ms
Execution 317 - QUIC Single
Handshake duration: 1032.58 ms
Execution 318 - QUIC Single
Handshake duration: 8.98 ms
Execution 319 - QUIC Single
Handshake duration: 1090.60 ms
Execution 320 - QUIC Single
Handshake duration: 8.23 ms
Execution 321 - QUIC Single
Handshake duration: 10.11 ms
Execution 322 - QUIC Single
Handshake duration: 1036.12 ms
Execution 323 - QUIC Single
Handshake duration: 4008.66 ms
Execution 324 - QUIC Single
Handshake duration: 1055.31 ms
Execution 325 - QUIC Single
Handshake duration: 3007.35 ms
Execution 326 - QUIC Single
Handshake duration: 11.95 ms
Execution 327 - QUIC Single
Handshake duration: 9.96 ms
Execution 328 - QUIC Single
Handshake duration: 8.79 ms
Execution 329 - QUIC Single
Handshake duration: 8.32 ms
Execution 330 - QUIC Single
Handshake duration: 1167.80 ms
Execution 331 - QUIC Single
Handshake duration: 1019.06 ms
Execution 332 - QUIC Single
Handshake duration: 10.05 ms
Execution 333 - QUIC Single
Handshake duration: 8.66 ms
Execution 334 - QUIC Single
Handshake duration: 1170.10 ms
Execution 335 - QUIC Single
Handshake duration: 9.94 ms
Execution 336 - QUIC Single
Handshake duration: 12.40 ms
Execution 337 - QUIC Single
Handshake duration: 8.51 ms
Execution 338 - QUIC Single
Handshake duration: 9.69 ms
Execution 339 - QUIC Single
Handshake duration: 10.51 ms
Execution 340 - QUIC Single
Handshake duration: 10.13 ms
Execution 341 - QUIC Single
Handshake duration: 1089.02 ms
Execution 342 - QUIC Single
Handshake duration: 9.66 ms
Execution 343 - QUIC Single
Handshake duration: 1196.44 ms
Execution 344 - QUIC Single
Handshake duration: 8.19 ms
Execution 345 - QUIC Single
Handshake duration: 1089.87 ms
Execution 346 - QUIC Single
Handshake duration: 3006.06 ms
Execution 347 - QUIC Single
Handshake duration: 7.92 ms
Execution 348 - QUIC Single
Handshake duration: 10.13 ms
Execution 349 - QUIC Single
Handshake duration: 7.94 ms
Execution 350 - QUIC Single
Handshake duration: 1028.82 ms
Execution 351 - QUIC Single
Handshake duration: 10.36 ms
Execution 352 - QUIC Single
Handshake duration: 8.30 ms
Execution 353 - QUIC Single
Handshake duration: 1049.55 ms
Execution 354 - QUIC Single
Handshake duration: 1037.29 ms
Execution 355 - QUIC Single
Handshake duration: 12.21 ms
Execution 356 - QUIC Single
Handshake duration: NaN ms
Execution 357 - QUIC Single
Handshake duration: 1036.88 ms
Execution 358 - QUIC Single
Handshake duration: 15.19 ms
Execution 359 - QUIC Single
Handshake duration: 1090.46 ms
Execution 360 - QUIC Single
Handshake duration: 1080.98 ms
Execution 361 - QUIC Single
Handshake duration: 14.76 ms
Execution 362 - QUIC Single
Handshake duration: 11.22 ms
Execution 363 - QUIC Single
Handshake duration: 3006.91 ms
Execution 364 - QUIC Single
Handshake duration: 10.11 ms
Execution 365 - QUIC Single
Handshake duration: 8.77 ms
Execution 366 - QUIC Single
Handshake duration: 8.36 ms
Execution 367 - QUIC Single
Handshake duration: 11.16 ms
Execution 368 - QUIC Single
Handshake duration: 9.66 ms
Execution 369 - QUIC Single
Handshake duration: 1035.14 ms
Execution 370 - QUIC Single
Handshake duration: 8.64 ms
Execution 371 - QUIC Single
Handshake duration: 12.64 ms
Execution 372 - QUIC Single
Handshake duration: 10.78 ms
Execution 373 - QUIC Single
Handshake duration: 13.33 ms
Execution 374 - QUIC Single
Handshake duration: 8.68 ms
Execution 375 - QUIC Single
Handshake duration: 8.58 ms
Execution 376 - QUIC Single
Handshake duration: 8.48 ms
Execution 377 - QUIC Single
Handshake duration: 10.59 ms
Execution 378 - QUIC Single
Handshake duration: 11.45 ms
Execution 379 - QUIC Single
Handshake duration: 10.61 ms
Execution 380 - QUIC Single
Handshake duration: 9.26 ms
Execution 381 - QUIC Single
Handshake duration: 3223.70 ms
Execution 382 - QUIC Single
Handshake duration: 12.90 ms
Execution 383 - QUIC Single
Handshake duration: 3039.20 ms
Execution 384 - QUIC Single
Handshake duration: 11.04 ms
Execution 385 - QUIC Single
Handshake duration: 11.93 ms
Execution 386 - QUIC Single
Handshake duration: 1012.00 ms
Execution 387 - QUIC Single
Handshake duration: 1023.92 ms
Execution 388 - QUIC Single
Handshake duration: 7004.26 ms
Execution 389 - QUIC Single
Handshake duration: 1726.81 ms
Execution 390 - QUIC Single
Handshake duration: 10.60 ms
Execution 391 - QUIC Single
Handshake duration: 3008.99 ms
Execution 392 - QUIC Single
Handshake duration: 15.68 ms
Execution 393 - QUIC Single
Handshake duration: 9.79 ms
Execution 394 - QUIC Single
Handshake duration: 1017.87 ms
Execution 395 - QUIC Single
Handshake duration: 3061.21 ms
Execution 396 - QUIC Single
Handshake duration: 14.07 ms
Execution 397 - QUIC Single
Handshake duration: 11.21 ms
Execution 398 - QUIC Single
Handshake duration: 3022.09 ms
Execution 399 - QUIC Single
Handshake duration: 9.77 ms
Execution 400 - QUIC Single
Handshake duration: 8.37 ms
Execution 401 - QUIC Single
Handshake duration: 8.63 ms
Execution 402 - QUIC Single
Handshake duration: 8.54 ms
Execution 403 - QUIC Single
Handshake duration: 1546.21 ms
Execution 404 - QUIC Single
Handshake duration: 10.01 ms
Execution 405 - QUIC Single
Handshake duration: 3016.14 ms
Execution 406 - QUIC Single
Handshake duration: 10.12 ms
Execution 407 - QUIC Single
Handshake duration: 8.60 ms
Execution 408 - QUIC Single
Handshake duration: 1012.20 ms
Execution 409 - QUIC Single
Handshake duration: 13.60 ms
Execution 410 - QUIC Single
Handshake duration: 9.86 ms
Execution 411 - QUIC Single
Handshake duration: 1420.10 ms
Execution 412 - QUIC Single
Handshake duration: 10.73 ms
Execution 413 - QUIC Single
Handshake duration: 10.48 ms
Execution 414 - QUIC Single
Handshake duration: 1034.15 ms
Execution 415 - QUIC Single
Handshake duration: 3039.19 ms
Execution 416 - QUIC Single
Handshake duration: 1038.71 ms
Execution 417 - QUIC Single
Handshake duration: 14.09 ms
Execution 418 - QUIC Single
Handshake duration: 1033.11 ms
Execution 419 - QUIC Single
Handshake duration: 1038.94 ms
Execution 420 - QUIC Single
Handshake duration: 1011.23 ms
Execution 421 - QUIC Single
Handshake duration: 1037.62 ms
Execution 422 - QUIC Single
Handshake duration: 9.34 ms
Execution 423 - QUIC Single
Handshake duration: 12.18 ms
Execution 424 - QUIC Single
Handshake duration: 8.40 ms
Execution 425 - QUIC Single
Handshake duration: 3008.50 ms
Execution 426 - QUIC Single
Handshake duration: 8.53 ms
Execution 427 - QUIC Single
Handshake duration: 1040.55 ms
Execution 428 - QUIC Single
Handshake duration: 8.51 ms
Execution 429 - QUIC Single
Handshake duration: 11.41 ms
Execution 430 - QUIC Single
Handshake duration: 1641.27 ms
Execution 431 - QUIC Single
Handshake duration: 14.45 ms
Execution 432 - QUIC Single
Handshake duration: 12.27 ms
Execution 433 - QUIC Single
Handshake duration: 11.54 ms
Execution 434 - QUIC Single
Handshake duration: 1091.68 ms
Execution 435 - QUIC Single
Handshake duration: 12.18 ms
Execution 436 - QUIC Single
Handshake duration: 9.24 ms
Execution 437 - QUIC Single
Handshake duration: 9.63 ms
Execution 438 - QUIC Single
Handshake duration: 8.99 ms
Execution 439 - QUIC Single
Handshake duration: 11.08 ms
Execution 440 - QUIC Single
Handshake duration: 1008.32 ms
Execution 441 - QUIC Single
Handshake duration: 1036.05 ms
Execution 442 - QUIC Single
Handshake duration: 12.21 ms
Execution 443 - QUIC Single
Handshake duration: 1087.35 ms
Execution 444 - QUIC Single
Handshake duration: 1035.22 ms
Execution 445 - QUIC Single
Handshake duration: 8.88 ms
Execution 446 - QUIC Single
Handshake duration: 12.58 ms
Execution 447 - QUIC Single
Handshake duration: 11.52 ms
Execution 448 - QUIC Single
Handshake duration: 3009.29 ms
Execution 449 - QUIC Single
Handshake duration: 9.03 ms
Execution 450 - QUIC Single
Handshake duration: 2052.82 ms
Execution 451 - QUIC Single
Handshake duration: 13.07 ms
Execution 452 - QUIC Single
Handshake duration: 9.47 ms
Execution 453 - QUIC Single
Handshake duration: 7008.00 ms
Execution 454 - QUIC Single
Handshake duration: 1010.54 ms
Execution 455 - QUIC Single
Handshake duration: 1024.30 ms
Execution 456 - QUIC Single
Handshake duration: 1064.70 ms
Execution 457 - QUIC Single
Handshake duration: 12.30 ms
Execution 458 - QUIC Single
Handshake duration: 14.76 ms
Execution 459 - QUIC Single
Handshake duration: NaN ms
Execution 460 - QUIC Single
Handshake duration: 3007.80 ms
Execution 461 - QUIC Single
Handshake duration: 11.69 ms
Execution 462 - QUIC Single
Handshake duration: 8031.27 ms
Execution 463 - QUIC Single
Handshake duration: 10.48 ms
Execution 464 - QUIC Single
Handshake duration: 8.89 ms
Execution 465 - QUIC Single
Handshake duration: 10.23 ms
Execution 466 - QUIC Single
Handshake duration: 3093.33 ms
Execution 467 - QUIC Single
Handshake duration: 10.15 ms
Execution 468 - QUIC Single
Handshake duration: 9.91 ms
Execution 469 - QUIC Single
Handshake duration: 3007.35 ms
Execution 470 - QUIC Single
Handshake duration: 9.47 ms
Execution 471 - QUIC Single
Handshake duration: NaN ms
Execution 472 - QUIC Single
Handshake duration: 10.60 ms
Execution 473 - QUIC Single
Handshake duration: 11.67 ms
Execution 474 - QUIC Single
Handshake duration: 13.43 ms
Execution 475 - QUIC Single
Handshake duration: 13.02 ms
Execution 476 - QUIC Single
Handshake duration: 12.94 ms
Execution 477 - QUIC Single
Handshake duration: 14.40 ms
Execution 478 - QUIC Single
Handshake duration: 12.86 ms
Execution 479 - QUIC Single
Handshake duration: 7005.77 ms
Execution 480 - QUIC Single
Handshake duration: 10.78 ms
Execution 481 - QUIC Single
Handshake duration: 14.54 ms
Execution 482 - QUIC Single
Handshake duration: 11.93 ms
Execution 483 - QUIC Single
Handshake duration: 12.26 ms
Execution 484 - QUIC Single
Handshake duration: 13.73 ms
Execution 485 - QUIC Single
Handshake duration: 1037.48 ms
Execution 486 - QUIC Single
Handshake duration: 1091.86 ms
Execution 487 - QUIC Single
Handshake duration: 8.95 ms
Execution 488 - QUIC Single
Handshake duration: 1036.08 ms
Execution 489 - QUIC Single
Handshake duration: 8.71 ms
Execution 490 - QUIC Single
Handshake duration: 11.19 ms
Execution 491 - QUIC Single
Handshake duration: 11.71 ms
Execution 492 - QUIC Single
Handshake duration: 12.31 ms
Execution 493 - QUIC Single
Handshake duration: 9.97 ms
Execution 494 - QUIC Single
Handshake duration: 9.80 ms
Execution 495 - QUIC Single
Handshake duration: 1092.57 ms
Execution 496 - QUIC Single
Handshake duration: 12.15 ms
Execution 497 - QUIC Single
Handshake duration: 3008.32 ms
Execution 498 - QUIC Single
Handshake duration: 7008.44 ms
Execution 499 - QUIC Single
Handshake duration: 15.78 ms
Execution 500 - QUIC Single
Handshake duration: 14.95 ms
