Handshake timeout budget: 150s (identique TLS/QUIC)
Applying netem rules to lo...
Showing qdisc status for the interface: lo
qdisc netem 9d61: root refcnt 2 limit 1000 seed 18209611930832281715
 Sent 0 bytes 0 pkt (dropped 0, overlimits 0 requeues 0) 
 backlog 0b 0p requeues 0
Running ./perftestClientTlsQuic.sh with SIG_ALG=mldsa44 and KEM_ALG=P-256
Execution 1 - QUIC Single
Handshake duration: 9042.16 ms
Execution 2 - QUIC Single
Handshake duration: 2.76 ms
Execution 3 - QUIC Single
Handshake duration: 111.63 ms
Execution 4 - QUIC Single
Handshake duration: 4099.69 ms
Execution 5 - QUIC Single
Handshake duration: 2102.05 ms
Execution 6 - QUIC Single
Handshake duration: 57.35 ms
Execution 7 - QUIC Single
Handshake duration: 2.72 ms
Execution 8 - QUIC Single
Handshake duration: 83.83 ms
Execution 9 - QUIC Single
Handshake duration: 2.20 ms
Execution 10 - QUIC Single
Handshake duration: 2.18 ms
Execution 11 - QUIC Single
Handshake duration: 1102.43 ms
Execution 12 - QUIC Single
Handshake duration: 1157.02 ms
Execution 13 - QUIC Single
Handshake duration: 91.59 ms
Execution 14 - QUIC Single
Handshake duration: 15504.44 ms
Execution 15 - QUIC Single
Handshake duration: 83.70 ms
Execution 16 - QUIC Single
Handshake duration: 33.93 ms
Execution 17 - QUIC Single
Handshake duration: 61.03 ms
Execution 18 - QUIC Single
Handshake duration: 13313.23 ms
Execution 19 - QUIC Single
Handshake duration: 2.68 ms
Execution 20 - QUIC Single
Handshake duration: 142.76 ms
Execution 21 - QUIC Single
Handshake duration: 2.09 ms
Execution 22 - QUIC Single
Handshake duration: 2.15 ms
Execution 23 - QUIC Single
Handshake duration: 464.21 ms
Execution 24 - QUIC Single
Handshake duration: 7467.61 ms
Execution 25 - QUIC Single
Handshake duration: 1102.87 ms
Execution 26 - QUIC Single
Handshake duration: 34.91 ms
Execution 27 - QUIC Single
Handshake duration: 2100.78 ms
Execution 28 - QUIC Single
Handshake duration: 2.04 ms
Execution 29 - QUIC Single
Handshake duration: 34.04 ms
Execution 30 - QUIC Single
Handshake duration: 4999.32 ms
Execution 31 - QUIC Single
Handshake duration: 1102.42 ms
Execution 32 - QUIC Single
Handshake duration: 7072.52 ms
Execution 33 - QUIC Single
Handshake duration: 3156.04 ms
Execution 34 - QUIC Single
Handshake duration: 57.09 ms
Execution 35 - QUIC Single
Handshake duration: 35.22 ms
Execution 36 - QUIC Single
Handshake duration: 1130.21 ms
Execution 37 - QUIC Single
Handshake duration: 2074.83 ms
Execution 38 - QUIC Single
Handshake duration: 1.99 ms
Execution 39 - QUIC Single
Handshake duration: 2.05 ms
Execution 40 - QUIC Single
Handshake duration: 2000.70 ms
Execution 41 - QUIC Single
Handshake duration: 8996.58 ms
Execution 42 - QUIC Single
Handshake duration: 3479.83 ms
Execution 43 - QUIC Single
Handshake duration: 2.01 ms
Execution 44 - QUIC Single
Handshake duration: 84.09 ms
Execution 45 - QUIC Single
Handshake duration: 224.04 ms
Execution 46 - QUIC Single
Handshake duration: 2.42 ms
Execution 47 - QUIC Single
Handshake duration: 29.78 ms
Execution 48 - QUIC Single
Handshake duration: 29.86 ms
Execution 49 - QUIC Single
Handshake duration: 2.28 ms
Execution 50 - QUIC Single
Handshake duration: 2029.11 ms
Execution 51 - QUIC Single
Handshake duration: 1103.04 ms
Execution 52 - QUIC Single
Handshake duration: 57.03 ms
Execution 53 - QUIC Single
Handshake duration: 1489.94 ms
Execution 54 - QUIC Single
Handshake duration: 115.57 ms
Execution 55 - QUIC Single
Handshake duration: 3099.24 ms
Execution 56 - QUIC Single
Handshake duration: 29.64 ms
Execution 57 - QUIC Single
Handshake duration: 2101.76 ms
Execution 58 - QUIC Single
Handshake duration: 1.96 ms
Execution 59 - QUIC Single
Handshake duration: 2099.78 ms
Execution 60 - QUIC Single
Handshake duration: 2.51 ms
Execution 61 - QUIC Single
Handshake duration: 2.36 ms
Execution 62 - QUIC Single
Handshake duration: 35.05 ms
Execution 63 - QUIC Single
Handshake duration: 2075.00 ms
Execution 64 - QUIC Single
Handshake duration: 1102.78 ms
Execution 65 - QUIC Single
Handshake duration: 1183.81 ms
Execution 66 - QUIC Single
Handshake duration: 191.07 ms
Execution 67 - QUIC Single
Handshake duration: 1157.13 ms
Execution 68 - QUIC Single
Handshake duration: 1184.19 ms
Execution 69 - QUIC Single
Handshake duration: 2026.12 ms
Execution 70 - QUIC Single
Handshake duration: 2.06 ms
Execution 71 - QUIC Single
Handshake duration: 1.99 ms
Execution 72 - QUIC Single
Handshake duration: 1156.81 ms
Execution 73 - QUIC Single
Handshake duration: 3000.54 ms
Execution 74 - QUIC Single
Handshake duration: 1999.76 ms
Execution 75 - QUIC Single
Handshake duration: 1.91 ms
Execution 76 - QUIC Single
Handshake duration: 112.33 ms
Execution 77 - QUIC Single
Handshake duration: 2.10 ms
Execution 78 - QUIC Single
Handshake duration: 2028.11 ms
Execution 79 - QUIC Single
Handshake duration: 2249.51 ms
Execution 80 - QUIC Single
Handshake duration: NaN ms
Execution 81 - QUIC Single
Handshake duration: 2025.42 ms
Execution 82 - QUIC Single
Handshake duration: 2.15 ms
Execution 83 - QUIC Single
Handshake duration: 1291.54 ms
Execution 84 - QUIC Single
Handshake duration: 2200.61 ms
Execution 85 - QUIC Single
Handshake duration: 9188.11 ms
Execution 86 - QUIC Single
Handshake duration: 2.45 ms
Execution 87 - QUIC Single
Handshake duration: 29.70 ms
Execution 88 - QUIC Single
Handshake duration: 2.25 ms
Execution 89 - QUIC Single
Handshake duration: 6072.87 ms
Execution 90 - QUIC Single
Handshake duration: 2.36 ms
Execution 91 - QUIC Single
Handshake duration: 33.93 ms
Execution 92 - QUIC Single
Handshake duration: 4479.98 ms
Execution 93 - QUIC Single
Handshake duration: 2.63 ms
Execution 94 - QUIC Single
Handshake duration: 2.06 ms
Execution 95 - QUIC Single
Handshake duration: 2.15 ms
Execution 96 - QUIC Single
Handshake duration: 57.28 ms
Execution 97 - QUIC Single
Handshake duration: 2025.07 ms
Execution 98 - QUIC Single
Handshake duration: 33.84 ms
Execution 99 - QUIC Single
Handshake duration: 2.06 ms
Execution 100 - QUIC Single
Handshake duration: 2109.01 ms
Execution 101 - QUIC Single
Handshake duration: 1102.89 ms
Execution 102 - QUIC Single
Handshake duration: 1129.07 ms
Execution 103 - QUIC Single
Handshake duration: 1158.13 ms
Execution 104 - QUIC Single
Handshake duration: 2.28 ms
Execution 105 - QUIC Single
Handshake duration: 111.06 ms
Execution 106 - QUIC Single
Handshake duration: 111.11 ms
Execution 107 - QUIC Single
Handshake duration: 2.00 ms
Execution 108 - QUIC Single
Handshake duration: 29.69 ms
Execution 109 - QUIC Single
Handshake duration: 2847.41 ms
Execution 110 - QUIC Single
Handshake duration: 1230.45 ms
Execution 111 - QUIC Single
Handshake duration: 2.60 ms
Execution 112 - QUIC Single
Handshake duration: 2053.45 ms
Execution 113 - QUIC Single
Handshake duration: 5074.03 ms
Execution 114 - QUIC Single
Handshake duration: 5026.99 ms
Execution 115 - QUIC Single
Handshake duration: 84.98 ms
Execution 116 - QUIC Single
Handshake duration: 1102.90 ms
Execution 117 - QUIC Single
Handshake duration: 2.20 ms
Execution 118 - QUIC Single
Handshake duration: 2.30 ms
Execution 119 - QUIC Single
Handshake duration: 1184.09 ms
Execution 120 - QUIC Single
Handshake duration: 3872.95 ms
Execution 121 - QUIC Single
Handshake duration: 2.10 ms
Execution 122 - QUIC Single
Handshake duration: 7108.31 ms
Execution 123 - QUIC Single
Handshake duration: 2.63 ms
Execution 124 - QUIC Single
Handshake duration: 7098.33 ms
Execution 125 - QUIC Single
Handshake duration: 12069.67 ms
