Handshake timeout budget: 150s (identique TLS/QUIC)
Applying netem rules to lo...
Showing qdisc status for the interface: lo
qdisc netem 8dcb: root refcnt 2 limit 1000 seed 14974340018584960229
 Sent 0 bytes 0 pkt (dropped 0, overlimits 0 requeues 0) 
 backlog 0b 0p requeues 0
Running ./perftestClientTlsQuic.sh with SIG_ALG=secp521r1 and KEM_ALG=p521_hqc256
Execution 1 - QUIC Single
Handshake duration: NaN ms
Execution 2 - QUIC Single
Handshake duration: 89.66 ms
Execution 3 - QUIC Single
Handshake duration: 173.10 ms
Execution 4 - QUIC Single
Handshake duration: 346.13 ms
Execution 5 - QUIC Single
Handshake duration: 89.73 ms
Execution 6 - QUIC Single
Handshake duration: 2672.98 ms
Execution 7 - QUIC Single
Handshake duration: 98.61 ms
Execution 8 - QUIC Single
Handshake duration: 89.45 ms
Execution 9 - QUIC Single
Handshake duration: 175.42 ms
Execution 10 - QUIC Single
Handshake duration: 170.97 ms
Execution 11 - QUIC Single
Handshake duration: 1279.12 ms
Execution 12 - QUIC Single
Handshake duration: NaN ms
Execution 13 - QUIC Single
Handshake duration: 7148.97 ms
Execution 14 - QUIC Single
Handshake duration: 91.57 ms
Execution 15 - QUIC Single
Handshake duration: 171.66 ms
Execution 16 - QUIC Single
Handshake duration: 89.56 ms
Execution 17 - QUIC Single
Handshake duration: 301.71 ms
Execution 18 - QUIC Single
Handshake duration: 1053.97 ms
Execution 19 - QUIC Single
Handshake duration: 99.50 ms
Execution 20 - QUIC Single
Handshake duration: 133.34 ms
Execution 21 - QUIC Single
Handshake duration: 176.02 ms
Execution 22 - QUIC Single
Handshake duration: 89.15 ms
Execution 23 - QUIC Single
Handshake duration: 89.20 ms
Execution 24 - QUIC Single
Handshake duration: 90.87 ms
Execution 25 - QUIC Single
Handshake duration: 89.33 ms
Execution 26 - QUIC Single
Handshake duration: 192.74 ms
Execution 27 - QUIC Single
Handshake duration: 126.89 ms
Execution 28 - QUIC Single
Handshake duration: 167.73 ms
Execution 29 - QUIC Single
Handshake duration: 2032.27 ms
Execution 30 - QUIC Single
Handshake duration: 155.58 ms
Execution 31 - QUIC Single
Handshake duration: 161.61 ms
Execution 32 - QUIC Single
Handshake duration: 123.19 ms
Execution 33 - QUIC Single
Handshake duration: 89.08 ms
Execution 34 - QUIC Single
Handshake duration: 1069.00 ms
Execution 35 - QUIC Single
Handshake duration: 321.05 ms
Execution 36 - QUIC Single
Handshake duration: 89.53 ms
Execution 37 - QUIC Single
Handshake duration: 277.12 ms
Execution 38 - QUIC Single
Handshake duration: 1054.17 ms
Execution 39 - QUIC Single
Handshake duration: 169.19 ms
Execution 40 - QUIC Single
Handshake duration: 129.04 ms
Execution 41 - QUIC Single
Handshake duration: 412.58 ms
Execution 42 - QUIC Single
Handshake duration: NaN ms
Execution 43 - QUIC Single
Handshake duration: 89.51 ms
Execution 44 - QUIC Single
Handshake duration: 90.43 ms
Execution 45 - QUIC Single
Handshake duration: 129.19 ms
Execution 46 - QUIC Single
Handshake duration: 1089.13 ms
Execution 47 - QUIC Single
Handshake duration: 89.49 ms
Execution 48 - QUIC Single
Handshake duration: 1090.52 ms
Execution 49 - QUIC Single
Handshake duration: 89.03 ms
Execution 50 - QUIC Single
Handshake duration: 89.62 ms
Execution 51 - QUIC Single
Handshake duration: 557.12 ms
Execution 52 - QUIC Single
Handshake duration: 1054.18 ms
Execution 53 - QUIC Single
Handshake duration: 127.73 ms
Execution 54 - QUIC Single
Handshake duration: 100.19 ms
Execution 55 - QUIC Single
Handshake duration: 1083.36 ms
Execution 56 - QUIC Single
Handshake duration: 90.54 ms
Execution 57 - QUIC Single
Handshake duration: 585.43 ms
Execution 58 - QUIC Single
Handshake duration: 937.34 ms
Execution 59 - QUIC Single
Handshake duration: 1116.71 ms
Execution 60 - QUIC Single
Handshake duration: 100.07 ms
Execution 61 - QUIC Single
Handshake duration: 604.44 ms
Execution 62 - QUIC Single
Handshake duration: 1117.53 ms
Execution 63 - QUIC Single
Handshake duration: 169.72 ms
Execution 64 - QUIC Single
Handshake duration: 103.13 ms
Execution 65 - QUIC Single
Handshake duration: 89.16 ms
Execution 66 - QUIC Single
Handshake duration: 141.92 ms
Execution 67 - QUIC Single
Handshake duration: 947.12 ms
Execution 68 - QUIC Single
Handshake duration: 89.56 ms
Execution 69 - QUIC Single
Handshake duration: 136.97 ms
Execution 70 - QUIC Single
Handshake duration: 141.47 ms
Execution 71 - QUIC Single
Handshake duration: 2093.38 ms
Execution 72 - QUIC Single
Handshake duration: 2313.92 ms
Execution 73 - QUIC Single
Handshake duration: 130.95 ms
Execution 74 - QUIC Single
Handshake duration: 3112.06 ms
Execution 75 - QUIC Single
Handshake duration: 3088.54 ms
Execution 76 - QUIC Single
Handshake duration: 189.26 ms
Execution 77 - QUIC Single
Handshake duration: 547.76 ms
Execution 78 - QUIC Single
Handshake duration: 189.03 ms
Execution 79 - QUIC Single
Handshake duration: 91.02 ms
Execution 80 - QUIC Single
Handshake duration: 169.59 ms
Execution 81 - QUIC Single
Handshake duration: 3059.09 ms
Execution 82 - QUIC Single
Handshake duration: 174.43 ms
Execution 83 - QUIC Single
Handshake duration: 3731.82 ms
Execution 84 - QUIC Single
Handshake duration: 171.24 ms
Execution 85 - QUIC Single
Handshake duration: 90.04 ms
Execution 86 - QUIC Single
Handshake duration: 96.24 ms
Execution 87 - QUIC Single
Handshake duration: 201.11 ms
Execution 88 - QUIC Single
Handshake duration: 3065.56 ms
Execution 89 - QUIC Single
Handshake duration: 3093.64 ms
Execution 90 - QUIC Single
Handshake duration: 89.78 ms
Execution 91 - QUIC Single
Handshake duration: 2360.41 ms
Execution 92 - QUIC Single
Handshake duration: 91.62 ms
Execution 93 - QUIC Single
Handshake duration: 91.61 ms
Execution 94 - QUIC Single
Handshake duration: 89.46 ms
Execution 95 - QUIC Single
Handshake duration: 89.34 ms
Execution 96 - QUIC Single
Handshake duration: 1055.09 ms
Execution 97 - QUIC Single
Handshake duration: 116.41 ms
Execution 98 - QUIC Single
Handshake duration: 153.48 ms
Execution 99 - QUIC Single
Handshake duration: 182.05 ms
Execution 100 - QUIC Single
Handshake duration: 1103.31 ms
Execution 101 - QUIC Single
Handshake duration: 169.65 ms
Execution 102 - QUIC Single
Handshake duration: 156.27 ms
Execution 103 - QUIC Single
Handshake duration: 1292.15 ms
Execution 104 - QUIC Single
Handshake duration: 89.54 ms
Execution 105 - QUIC Single
Handshake duration: 1055.26 ms
Execution 106 - QUIC Single
Handshake duration: 90.25 ms
Execution 107 - QUIC Single
Handshake duration: 97.06 ms
Execution 108 - QUIC Single
Handshake duration: 91.02 ms
Execution 109 - QUIC Single
Handshake duration: 518.22 ms
Execution 110 - QUIC Single
Handshake duration: 89.27 ms
Execution 111 - QUIC Single
Handshake duration: 137.31 ms
Execution 112 - QUIC Single
Handshake duration: 856.37 ms
Execution 113 - QUIC Single
Handshake duration: 3070.82 ms
Execution 114 - QUIC Single
Handshake duration: 89.05 ms
Execution 115 - QUIC Single
Handshake duration: 89.56 ms
Execution 116 - QUIC Single
Handshake duration: 1089.20 ms
Execution 117 - QUIC Single
Handshake duration: 229.25 ms
Execution 118 - QUIC Single
Handshake duration: 1731.56 ms
Execution 119 - QUIC Single
Handshake duration: 151.88 ms
Execution 120 - QUIC Single
Handshake duration: 2578.94 ms
Execution 121 - QUIC Single
Handshake duration: 7134.81 ms
Execution 122 - QUIC Single
Handshake duration: 131.88 ms
Execution 123 - QUIC Single
Handshake duration: 89.30 ms
Execution 124 - QUIC Single
Handshake duration: 91.86 ms
Execution 125 - QUIC Single
Handshake duration: 918.32 ms
