Handshake timeout budget: 150s (identique TLS/QUIC)
Applying netem rules to lo...
Showing qdisc status for the interface: lo
qdisc netem 8d50: root refcnt 2 limit 1000 seed 18361030758178074253
 Sent 0 bytes 0 pkt (dropped 0, overlimits 0 requeues 0) 
 backlog 0b 0p requeues 0
Running ./perftestClientTlsQuic.sh with SIG_ALG=mldsa44 and KEM_ALG=x25519_mlkem512
Execution 1 - QUIC Single
Handshake duration: 198.92 ms
Execution 2 - QUIC Single
Handshake duration: 4057.25 ms
Execution 3 - QUIC Single
Handshake duration: 3.54 ms
Execution 4 - QUIC Single
Handshake duration: 4.54 ms
Execution 5 - QUIC Single
Handshake duration: 2055.59 ms
Execution 6 - QUIC Single
Handshake duration: 3.89 ms
Execution 7 - QUIC Single
Handshake duration: 4001.83 ms
Execution 8 - QUIC Single
Handshake duration: 2002.81 ms
Execution 9 - QUIC Single
Handshake duration: 3.56 ms
Execution 10 - QUIC Single
Handshake duration: 3.30 ms
Execution 11 - QUIC Single
Handshake duration: 4.09 ms
Execution 12 - QUIC Single
Handshake duration: 4.44 ms
Execution 13 - QUIC Single
Handshake duration: 3031.22 ms
Execution 14 - QUIC Single
Handshake duration: 1032.34 ms
Execution 15 - QUIC Single
Handshake duration: 3.44 ms
Execution 16 - QUIC Single
Handshake duration: 31.93 ms
Execution 17 - QUIC Single
Handshake duration: 7387.48 ms
Execution 18 - QUIC Single
Handshake duration: 3.38 ms
Execution 19 - QUIC Single
Handshake duration: NaN ms
Execution 20 - QUIC Single
Handshake duration: 1220.73 ms
Execution 21 - QUIC Single
Handshake duration: 32.38 ms
Execution 22 - QUIC Single
Handshake duration: 7493.15 ms
Execution 23 - QUIC Single
Handshake duration: 3.45 ms
Execution 24 - QUIC Single
Handshake duration: 2026.29 ms
Execution 25 - QUIC Single
Handshake duration: 87.04 ms
Execution 26 - QUIC Single
Handshake duration: 197.54 ms
Execution 27 - QUIC Single
Handshake duration: 4002.68 ms
Execution 28 - QUIC Single
Handshake duration: 1036.40 ms
Execution 29 - QUIC Single
Handshake duration: 31.28 ms
Execution 30 - QUIC Single
Handshake duration: 4001.73 ms
Execution 31 - QUIC Single
Handshake duration: 196.41 ms
Execution 32 - QUIC Single
Handshake duration: 4020.29 ms
Execution 33 - QUIC Single
Handshake duration: 31.97 ms
Execution 34 - QUIC Single
Handshake duration: 4000.34 ms
Execution 35 - QUIC Single
Handshake duration: 31.13 ms
Execution 36 - QUIC Single
Handshake duration: 416.42 ms
Execution 37 - QUIC Single
Handshake duration: 3.40 ms
Execution 38 - QUIC Single
Handshake duration: NaN ms
Execution 39 - QUIC Single
Handshake duration: 3.66 ms
Execution 40 - QUIC Single
Handshake duration: 7476.25 ms
Execution 41 - QUIC Single
Handshake duration: 4001.63 ms
Execution 42 - QUIC Single
Handshake duration: 3.76 ms
Execution 43 - QUIC Single
Handshake duration: 3058.51 ms
Execution 44 - QUIC Single
Handshake duration: 3.29 ms
Execution 45 - QUIC Single
Handshake duration: 8107.23 ms
Execution 46 - QUIC Single
Handshake duration: 30.77 ms
Execution 47 - QUIC Single
Handshake duration: 3.45 ms
Execution 48 - QUIC Single
Handshake duration: 3.55 ms
Execution 49 - QUIC Single
Handshake duration: 3.39 ms
Execution 50 - QUIC Single
Handshake duration: 3.51 ms
Execution 51 - QUIC Single
Handshake duration: 3.28 ms
Execution 52 - QUIC Single
Handshake duration: 3.81 ms
Execution 53 - QUIC Single
Handshake duration: 3.29 ms
Execution 54 - QUIC Single
Handshake duration: 35.21 ms
Execution 55 - QUIC Single
Handshake duration: 4087.08 ms
Execution 56 - QUIC Single
Handshake duration: 1105.65 ms
Execution 57 - QUIC Single
Handshake duration: 32.67 ms
Execution 58 - QUIC Single
Handshake duration: 3.44 ms
Execution 59 - QUIC Single
Handshake duration: 3.33 ms
Execution 60 - QUIC Single
Handshake duration: 63.65 ms
Execution 61 - QUIC Single
Handshake duration: 30.89 ms
Execution 62 - QUIC Single
Handshake duration: 4.38 ms
Execution 63 - QUIC Single
Handshake duration: 30.79 ms
Execution 64 - QUIC Single
Handshake duration: 6370.34 ms
Execution 65 - QUIC Single
Handshake duration: 1004.32 ms
Execution 66 - QUIC Single
Handshake duration: 3.35 ms
Execution 67 - QUIC Single
Handshake duration: 8106.28 ms
Execution 68 - QUIC Single
Handshake duration: 1005.33 ms
Execution 69 - QUIC Single
Handshake duration: 3.43 ms
Execution 70 - QUIC Single
Handshake duration: 4.29 ms
Execution 71 - QUIC Single
Handshake duration: 1265.25 ms
Execution 72 - QUIC Single
Handshake duration: 1041.61 ms
Execution 73 - QUIC Single
Handshake duration: 4004.41 ms
Execution 74 - QUIC Single
Handshake duration: 5.42 ms
Execution 75 - QUIC Single
Handshake duration: 1034.49 ms
Execution 76 - QUIC Single
Handshake duration: 68.14 ms
Execution 77 - QUIC Single
Handshake duration: 201.94 ms
Execution 78 - QUIC Single
Handshake duration: 34.81 ms
Execution 79 - QUIC Single
Handshake duration: 39.20 ms
Execution 80 - QUIC Single
Handshake duration: 33.56 ms
Execution 81 - QUIC Single
Handshake duration: 33.55 ms
Execution 82 - QUIC Single
Handshake duration: 4.95 ms
Execution 83 - QUIC Single
Handshake duration: 5.13 ms
Execution 84 - QUIC Single
Handshake duration: 1069.12 ms
Execution 85 - QUIC Single
Handshake duration: 5253.81 ms
Execution 86 - QUIC Single
Handshake duration: 4001.45 ms
Execution 87 - QUIC Single
Handshake duration: 33.35 ms
Execution 88 - QUIC Single
Handshake duration: 2028.23 ms
Execution 89 - QUIC Single
Handshake duration: 91.68 ms
Execution 90 - QUIC Single
Handshake duration: 4.77 ms
Execution 91 - QUIC Single
Handshake duration: 2112.07 ms
Execution 92 - QUIC Single
Handshake duration: 4000.33 ms
Execution 93 - QUIC Single
Handshake duration: 4.92 ms
Execution 94 - QUIC Single
Handshake duration: 4.92 ms
Execution 95 - QUIC Single
Handshake duration: 2003.90 ms
Execution 96 - QUIC Single
Handshake duration: 4000.45 ms
Execution 97 - QUIC Single
Handshake duration: 4.75 ms
Execution 98 - QUIC Single
Handshake duration: 67.07 ms
Execution 99 - QUIC Single
Handshake duration: 1086.17 ms
Execution 100 - QUIC Single
Handshake duration: 4.63 ms
Execution 101 - QUIC Single
Handshake duration: 4.84 ms
Execution 102 - QUIC Single
Handshake duration: 5.62 ms
Execution 103 - QUIC Single
Handshake duration: 6.32 ms
Execution 104 - QUIC Single
Handshake duration: 4.88 ms
Execution 105 - QUIC Single
Handshake duration: 6.56 ms
Execution 106 - QUIC Single
Handshake duration: 4.88 ms
Execution 107 - QUIC Single
Handshake duration: 2029.30 ms
Execution 108 - QUIC Single
Handshake duration: 2886.06 ms
Execution 109 - QUIC Single
Handshake duration: 4.90 ms
Execution 110 - QUIC Single
Handshake duration: 2005.13 ms
Execution 111 - QUIC Single
Handshake duration: 4087.12 ms
Execution 112 - QUIC Single
Handshake duration: 4.67 ms
Execution 113 - QUIC Single
Handshake duration: 7.18 ms
Execution 114 - QUIC Single
Handshake duration: 5.01 ms
Execution 115 - QUIC Single
Handshake duration: 6.37 ms
Execution 116 - QUIC Single
Handshake duration: 34.77 ms
Execution 117 - QUIC Single
Handshake duration: 1006.59 ms
Execution 118 - QUIC Single
Handshake duration: 205.00 ms
Execution 119 - QUIC Single
Handshake duration: 33.33 ms
Execution 120 - QUIC Single
Handshake duration: 33.57 ms
Execution 121 - QUIC Single
Handshake duration: 202.77 ms
Execution 122 - QUIC Single
Handshake duration: 6120.18 ms
Execution 123 - QUIC Single
Handshake duration: 7002.90 ms
Execution 124 - QUIC Single
Handshake duration: 2111.95 ms
Execution 125 - QUIC Single
Handshake duration: 6.05 ms
