Handshake timeout budget: 150s (identique TLS/QUIC)
Applying netem rules to lo...
Showing qdisc status for the interface: lo
qdisc netem 8e5f: root refcnt 2 limit 1000 seed 8792687850163876218
 Sent 0 bytes 0 pkt (dropped 0, overlimits 0 requeues 0) 
 backlog 0b 0p requeues 0
Running ./perftestClientTlsQuic.sh with SIG_ALG=mldsa87 and KEM_ALG=hqc256
Execution 1 - TLS Mutual
s_connection: verify depth is 1
Handshake duration: 126.30 ms
Execution 2 - TLS Mutual
s_connection: verify depth is 1
Handshake duration: 124.39 ms
Execution 3 - TLS Mutual
s_connection: verify depth is 1
Handshake duration: 127.06 ms
Execution 4 - TLS Mutual
s_connection: verify depth is 1
Handshake duration: 129.61 ms
Execution 5 - TLS Mutual
s_connection: verify depth is 1
Handshake duration: 124.21 ms
Execution 6 - TLS Mutual
s_connection: verify depth is 1
Handshake duration: 121.57 ms
Execution 7 - TLS Mutual
s_connection: verify depth is 1
Handshake duration: 120.85 ms
Execution 8 - TLS Mutual
s_connection: verify depth is 1
Handshake duration: 125.78 ms
Execution 9 - TLS Mutual
s_connection: verify depth is 1
Handshake duration: 122.91 ms
Execution 10 - TLS Mutual
s_connection: verify depth is 1
Handshake duration: 122.53 ms
Execution 11 - TLS Mutual
s_connection: verify depth is 1
Handshake duration: 121.02 ms
Execution 12 - TLS Mutual
s_connection: verify depth is 1
Handshake duration: 120.92 ms
Execution 13 - TLS Mutual
s_connection: verify depth is 1
Handshake duration: 120.49 ms
Execution 14 - TLS Mutual
s_connection: verify depth is 1
Handshake duration: 121.35 ms
Execution 15 - TLS Mutual
s_connection: verify depth is 1
Handshake duration: 120.67 ms
Execution 16 - TLS Mutual
s_connection: verify depth is 1
Handshake duration: 121.32 ms
Execution 17 - TLS Mutual
s_connection: verify depth is 1
Handshake duration: 122.69 ms
Execution 18 - TLS Mutual
s_connection: verify depth is 1
Handshake duration: 123.45 ms
Execution 19 - TLS Mutual
s_connection: verify depth is 1
Handshake duration: 122.25 ms
Execution 20 - TLS Mutual
s_connection: verify depth is 1
Handshake duration: 122.46 ms
Execution 21 - TLS Mutual
s_connection: verify depth is 1
Handshake duration: 122.20 ms
Execution 22 - TLS Mutual
s_connection: verify depth is 1
Handshake duration: 121.55 ms
Execution 23 - TLS Mutual
s_connection: verify depth is 1
Handshake duration: 121.89 ms
Execution 24 - TLS Mutual
s_connection: verify depth is 1
Handshake duration: 123.77 ms
Execution 25 - TLS Mutual
s_connection: verify depth is 1
Handshake duration: 121.68 ms
Execution 26 - TLS Mutual
s_connection: verify depth is 1
Handshake duration: 121.88 ms
Execution 27 - TLS Mutual
s_connection: verify depth is 1
Handshake duration: 121.44 ms
Execution 28 - TLS Mutual
s_connection: verify depth is 1
Handshake duration: 121.88 ms
Execution 29 - TLS Mutual
s_connection: verify depth is 1
Handshake duration: 121.71 ms
Execution 30 - TLS Mutual
s_connection: verify depth is 1
Handshake duration: 121.76 ms
Execution 31 - TLS Mutual
s_connection: verify depth is 1
Handshake duration: 122.23 ms
Execution 32 - TLS Mutual
s_connection: verify depth is 1
Handshake duration: 123.59 ms
Execution 33 - TLS Mutual
s_connection: verify depth is 1
Handshake duration: 124.02 ms
Execution 34 - TLS Mutual
s_connection: verify depth is 1
Handshake duration: 121.67 ms
Execution 35 - TLS Mutual
s_connection: verify depth is 1
Handshake duration: 121.74 ms
Execution 36 - TLS Mutual
s_connection: verify depth is 1
Handshake duration: 121.53 ms
Execution 37 - TLS Mutual
s_connection: verify depth is 1
Handshake duration: 121.31 ms
Execution 38 - TLS Mutual
s_connection: verify depth is 1
Handshake duration: 121.58 ms
Execution 39 - TLS Mutual
s_connection: verify depth is 1
Handshake duration: 123.86 ms
Execution 40 - TLS Mutual
s_connection: verify depth is 1
Handshake duration: 121.97 ms
Execution 41 - TLS Mutual
s_connection: verify depth is 1
Handshake duration: 121.79 ms
Execution 42 - TLS Mutual
s_connection: verify depth is 1
Handshake duration: 122.20 ms
Execution 43 - TLS Mutual
s_connection: verify depth is 1
Handshake duration: 121.34 ms
Execution 44 - TLS Mutual
s_connection: verify depth is 1
Handshake duration: 123.23 ms
Execution 45 - TLS Mutual
s_connection: verify depth is 1
Handshake duration: 128.78 ms
Execution 46 - TLS Mutual
s_connection: verify depth is 1
Handshake duration: 123.54 ms
Execution 47 - TLS Mutual
s_connection: verify depth is 1
Handshake duration: 121.16 ms
Execution 48 - TLS Mutual
s_connection: verify depth is 1
Handshake duration: 121.28 ms
Execution 49 - TLS Mutual
s_connection: verify depth is 1
Handshake duration: 122.30 ms
Execution 50 - TLS Mutual
s_connection: verify depth is 1
Handshake duration: 121.30 ms
Execution 51 - TLS Mutual
s_connection: verify depth is 1
Handshake duration: 121.98 ms
Execution 52 - TLS Mutual
s_connection: verify depth is 1
Handshake duration: 121.11 ms
Execution 53 - TLS Mutual
s_connection: verify depth is 1
Handshake duration: 121.47 ms
Execution 54 - TLS Mutual
s_connection: verify depth is 1
Handshake duration: 121.34 ms
Execution 55 - TLS Mutual
s_connection: verify depth is 1
Handshake duration: 122.60 ms
Execution 56 - TLS Mutual
s_connection: verify depth is 1
Handshake duration: 121.22 ms
Execution 57 - TLS Mutual
s_connection: verify depth is 1
Handshake duration: 121.18 ms
Execution 58 - TLS Mutual
s_connection: verify depth is 1
Handshake duration: 121.02 ms
Execution 59 - TLS Mutual
s_connection: verify depth is 1
Handshake duration: 123.42 ms
Execution 60 - TLS Mutual
s_connection: verify depth is 1
Handshake duration: 121.27 ms
Execution 61 - TLS Mutual
s_connection: verify depth is 1
Handshake duration: 122.45 ms
Execution 62 - TLS Mutual
s_connection: verify depth is 1
Handshake duration: 121.80 ms
Execution 63 - TLS Mutual
s_connection: verify depth is 1
Handshake duration: 121.30 ms
Execution 64 - TLS Mutual
s_connection: verify depth is 1
Handshake duration: 122.45 ms
Execution 65 - TLS Mutual
s_connection: verify depth is 1
Handshake duration: 121.60 ms
Execution 66 - TLS Mutual
s_connection: verify depth is 1
Handshake duration: 121.72 ms
Execution 67 - TLS Mutual
s_connection: verify depth is 1
Handshake duration: 121.86 ms
Execution 68 - TLS Mutual
s_connection: verify depth is 1
Handshake duration: 121.56 ms
Execution 69 - TLS Mutual
s_connection: verify depth is 1
Handshake duration: 122.17 ms
Execution 70 - TLS Mutual
s_connection: verify depth is 1
Handshake duration: 122.42 ms
Execution 71 - TLS Mutual
s_connection: verify depth is 1
Handshake duration: 130.19 ms
Execution 72 - TLS Mutual
s_connection: verify depth is 1
Handshake duration: 121.88 ms
Execution 73 - TLS Mutual
s_connection: verify depth is 1
Handshake duration: 121.72 ms
Execution 74 - TLS Mutual
s_connection: verify depth is 1
Handshake duration: 121.87 ms
Execution 75 - TLS Mutual
s_connection: verify depth is 1
Handshake duration: 122.48 ms
Execution 76 - TLS Mutual
s_connection: verify depth is 1
Handshake duration: 122.99 ms
Execution 77 - TLS Mutual
s_connection: verify depth is 1
Handshake duration: 121.25 ms
Execution 78 - TLS Mutual
s_connection: verify depth is 1
Handshake duration: 121.17 ms
Execution 79 - TLS Mutual
s_connection: verify depth is 1
Handshake duration: 121.76 ms
Execution 80 - TLS Mutual
s_connection: verify depth is 1
Handshake duration: 121.15 ms
Execution 81 - TLS Mutual
s_connection: verify depth is 1
Handshake duration: 121.77 ms
Execution 82 - TLS Mutual
s_connection: verify depth is 1
Handshake duration: 122.85 ms
Execution 83 - TLS Mutual
s_connection: verify depth is 1
Handshake duration: 124.70 ms
Execution 84 - TLS Mutual
s_connection: verify depth is 1
Handshake duration: 122.83 ms
Execution 85 - TLS Mutual
s_connection: verify depth is 1
Handshake duration: 121.43 ms
Execution 86 - TLS Mutual
s_connection: verify depth is 1
Handshake duration: 121.56 ms
Execution 87 - TLS Mutual
s_connection: verify depth is 1
Handshake duration: 121.83 ms
Execution 88 - TLS Mutual
s_connection: verify depth is 1
Handshake duration: 121.65 ms
Execution 89 - TLS Mutual
s_connection: verify depth is 1
Handshake duration: 121.90 ms
Execution 90 - TLS Mutual
s_connection: verify depth is 1
Handshake duration: 123.25 ms
Execution 91 - TLS Mutual
s_connection: verify depth is 1
Handshake duration: 123.95 ms
Execution 92 - TLS Mutual
s_connection: verify depth is 1
Handshake duration: 120.99 ms
Execution 93 - TLS Mutual
s_connection: verify depth is 1
Handshake duration: 129.98 ms
Execution 94 - TLS Mutual
s_connection: verify depth is 1
Handshake duration: 121.18 ms
Execution 95 - TLS Mutual
s_connection: verify depth is 1
Handshake duration: 121.14 ms
Execution 96 - TLS Mutual
s_connection: verify depth is 1
Handshake duration: 120.96 ms
Execution 97 - TLS Mutual
s_connection: verify depth is 1
Handshake duration: 121.06 ms
Execution 98 - TLS Mutual
s_connection: verify depth is 1
Handshake duration: 121.09 ms
Execution 99 - TLS Mutual
s_connection: verify depth is 1
Handshake duration: 123.67 ms
Execution 100 - TLS Mutual
s_connection: verify depth is 1
Handshake duration: 122.41 ms
Execution 101 - TLS Mutual
s_connection: verify depth is 1
Handshake duration: 124.19 ms
Execution 102 - TLS Mutual
s_connection: verify depth is 1
Handshake duration: 121.00 ms
Execution 103 - TLS Mutual
s_connection: verify depth is 1
Handshake duration: 121.85 ms
Execution 104 - TLS Mutual
s_connection: verify depth is 1
Handshake duration: 122.43 ms
Execution 105 - TLS Mutual
s_connection: verify depth is 1
Handshake duration: 121.95 ms
Execution 106 - TLS Mutual
s_connection: verify depth is 1
Handshake duration: 123.47 ms
Execution 107 - TLS Mutual
s_connection: verify depth is 1
Handshake duration: 122.08 ms
Execution 108 - TLS Mutual
s_connection: verify depth is 1
Handshake duration: 121.89 ms
Execution 109 - TLS Mutual
s_connection: verify depth is 1
Handshake duration: 121.87 ms
Execution 110 - TLS Mutual
s_connection: verify depth is 1
Handshake duration: 123.89 ms
Execution 111 - TLS Mutual
s_connection: verify depth is 1
Handshake duration: 122.15 ms
Execution 112 - TLS Mutual
s_connection: verify depth is 1
Handshake duration: 122.17 ms
Execution 113 - TLS Mutual
s_connection: verify depth is 1
Handshake duration: 122.47 ms
Execution 114 - TLS Mutual
s_connection: verify depth is 1
Handshake duration: 122.31 ms
Execution 115 - TLS Mutual
s_connection: verify depth is 1
Handshake duration: 121.69 ms
Execution 116 - TLS Mutual
s_connection: verify depth is 1
Handshake duration: 122.26 ms
Execution 117 - TLS Mutual
s_connection: verify depth is 1
Handshake duration: 122.44 ms
Execution 118 - TLS Mutual
s_connection: verify depth is 1
Handshake duration: 121.89 ms
Execution 119 - TLS Mutual
s_connection: verify depth is 1
Handshake duration: 121.80 ms
Execution 120 - TLS Mutual
s_connection: verify depth is 1
Handshake duration: 121.25 ms
Execution 121 - TLS Mutual
s_connection: verify depth is 1
Handshake duration: 121.09 ms
Execution 122 - TLS Mutual
s_connection: verify depth is 1
Handshake duration: 121.70 ms
Execution 123 - TLS Mutual
s_connection: verify depth is 1
Handshake duration: 122.01 ms
Execution 124 - TLS Mutual
s_connection: verify depth is 1
Handshake duration: 121.32 ms
Execution 125 - TLS Mutual
s_connection: verify depth is 1
Handshake duration: 121.68 ms
