Handshake timeout budget: 150s (identique TLS/QUIC)
Applying netem rules to lo...
Showing qdisc status for the interface: lo
qdisc netem 8090: root refcnt 2 limit 1000 seed 8393763252124172532
 Sent 0 bytes 0 pkt (dropped 0, overlimits 0 requeues 0) 
 backlog 0b 0p requeues 0
Running ./perftestClientTlsQuic.sh with SIG_ALG=mldsa65 and KEM_ALG=p384_mlkem768
Execution 1 - TLS Mutual
s_connection: verify depth is 1
Handshake duration: 54.27 ms
Execution 2 - TLS Mutual
s_connection: verify depth is 1
Handshake duration: 47.29 ms
Execution 3 - TLS Mutual
s_connection: verify depth is 1
Handshake duration: 47.48 ms
Execution 4 - TLS Mutual
s_connection: verify depth is 1
Handshake duration: 42.35 ms
Execution 5 - TLS Mutual
s_connection: verify depth is 1
Handshake duration: 42.95 ms
Execution 6 - TLS Mutual
s_connection: verify depth is 1
Handshake duration: 46.03 ms
Execution 7 - TLS Mutual
s_connection: verify depth is 1
Handshake duration: 42.37 ms
Execution 8 - TLS Mutual
s_connection: verify depth is 1
Handshake duration: 44.00 ms
Execution 9 - TLS Mutual
s_connection: verify depth is 1
Handshake duration: 43.19 ms
Execution 10 - TLS Mutual
s_connection: verify depth is 1
Handshake duration: 42.93 ms
Execution 11 - TLS Mutual
s_connection: verify depth is 1
Handshake duration: 42.70 ms
Execution 12 - TLS Mutual
s_connection: verify depth is 1
Handshake duration: 42.47 ms
Execution 13 - TLS Mutual
s_connection: verify depth is 1
Handshake duration: 42.87 ms
Execution 14 - TLS Mutual
s_connection: verify depth is 1
Handshake duration: 45.04 ms
Execution 15 - TLS Mutual
s_connection: verify depth is 1
Handshake duration: 43.41 ms
Execution 16 - TLS Mutual
s_connection: verify depth is 1
Handshake duration: 44.22 ms
Execution 17 - TLS Mutual
s_connection: verify depth is 1
Handshake duration: 43.84 ms
Execution 18 - TLS Mutual
s_connection: verify depth is 1
Handshake duration: 41.98 ms
Execution 19 - TLS Mutual
s_connection: verify depth is 1
Handshake duration: 42.56 ms
Execution 20 - TLS Mutual
s_connection: verify depth is 1
Handshake duration: 46.36 ms
Execution 21 - TLS Mutual
s_connection: verify depth is 1
Handshake duration: 43.40 ms
Execution 22 - TLS Mutual
s_connection: verify depth is 1
Handshake duration: 42.68 ms
Execution 23 - TLS Mutual
s_connection: verify depth is 1
Handshake duration: 44.03 ms
Execution 24 - TLS Mutual
s_connection: verify depth is 1
Handshake duration: 43.77 ms
Execution 25 - TLS Mutual
s_connection: verify depth is 1
Handshake duration: 41.60 ms
Execution 26 - TLS Mutual
s_connection: verify depth is 1
Handshake duration: 44.40 ms
Execution 27 - TLS Mutual
s_connection: verify depth is 1
Handshake duration: 45.28 ms
Execution 28 - TLS Mutual
s_connection: verify depth is 1
Handshake duration: 42.95 ms
Execution 29 - TLS Mutual
s_connection: verify depth is 1
Handshake duration: 41.24 ms
Execution 30 - TLS Mutual
s_connection: verify depth is 1
Handshake duration: 43.92 ms
Execution 31 - TLS Mutual
s_connection: verify depth is 1
Handshake duration: 43.37 ms
Execution 32 - TLS Mutual
s_connection: verify depth is 1
Handshake duration: 42.03 ms
Execution 33 - TLS Mutual
s_connection: verify depth is 1
Handshake duration: 44.34 ms
Execution 34 - TLS Mutual
s_connection: verify depth is 1
Handshake duration: 45.10 ms
Execution 35 - TLS Mutual
s_connection: verify depth is 1
Handshake duration: 43.06 ms
Execution 36 - TLS Mutual
s_connection: verify depth is 1
Handshake duration: 43.16 ms
Execution 37 - TLS Mutual
s_connection: verify depth is 1
Handshake duration: 46.10 ms
Execution 38 - TLS Mutual
s_connection: verify depth is 1
Handshake duration: 43.42 ms
Execution 39 - TLS Mutual
s_connection: verify depth is 1
Handshake duration: 43.36 ms
Execution 40 - TLS Mutual
s_connection: verify depth is 1
Handshake duration: 43.45 ms
Execution 41 - TLS Mutual
s_connection: verify depth is 1
Handshake duration: 47.32 ms
Execution 42 - TLS Mutual
s_connection: verify depth is 1
Handshake duration: 42.28 ms
Execution 43 - TLS Mutual
s_connection: verify depth is 1
Handshake duration: 42.51 ms
Execution 44 - TLS Mutual
s_connection: verify depth is 1
Handshake duration: 42.57 ms
Execution 45 - TLS Mutual
s_connection: verify depth is 1
Handshake duration: 44.67 ms
Execution 46 - TLS Mutual
s_connection: verify depth is 1
Handshake duration: 42.89 ms
Execution 47 - TLS Mutual
s_connection: verify depth is 1
Handshake duration: 43.09 ms
Execution 48 - TLS Mutual
s_connection: verify depth is 1
Handshake duration: 46.11 ms
Execution 49 - TLS Mutual
s_connection: verify depth is 1
Handshake duration: 43.72 ms
Execution 50 - TLS Mutual
s_connection: verify depth is 1
Handshake duration: 42.94 ms
Execution 51 - TLS Mutual
s_connection: verify depth is 1
Handshake duration: 44.44 ms
Execution 52 - TLS Mutual
s_connection: verify depth is 1
Handshake duration: 44.31 ms
Execution 53 - TLS Mutual
s_connection: verify depth is 1
Handshake duration: 43.56 ms
Execution 54 - TLS Mutual
s_connection: verify depth is 1
Handshake duration: 42.52 ms
Execution 55 - TLS Mutual
s_connection: verify depth is 1
Handshake duration: 44.44 ms
Execution 56 - TLS Mutual
s_connection: verify depth is 1
Handshake duration: 44.30 ms
Execution 57 - TLS Mutual
s_connection: verify depth is 1
Handshake duration: 44.09 ms
Execution 58 - TLS Mutual
s_connection: verify depth is 1
Handshake duration: 43.96 ms
Execution 59 - TLS Mutual
s_connection: verify depth is 1
Handshake duration: 42.94 ms
Execution 60 - TLS Mutual
s_connection: verify depth is 1
Handshake duration: 42.40 ms
Execution 61 - TLS Mutual
s_connection: verify depth is 1
Handshake duration: 41.69 ms
Execution 62 - TLS Mutual
s_connection: verify depth is 1
Handshake duration: 43.23 ms
Execution 63 - TLS Mutual
s_connection: verify depth is 1
Handshake duration: 42.11 ms
Execution 64 - TLS Mutual
s_connection: verify depth is 1
Handshake duration: 41.94 ms
Execution 65 - TLS Mutual
s_connection: verify depth is 1
Handshake duration: 41.73 ms
Execution 66 - TLS Mutual
s_connection: verify depth is 1
Handshake duration: 43.14 ms
Execution 67 - TLS Mutual
s_connection: verify depth is 1
Handshake duration: 42.71 ms
Execution 68 - TLS Mutual
s_connection: verify depth is 1
Handshake duration: 44.60 ms
Execution 69 - TLS Mutual
s_connection: verify depth is 1
Handshake duration: 42.72 ms
Execution 70 - TLS Mutual
s_connection: verify depth is 1
Handshake duration: 43.20 ms
Execution 71 - TLS Mutual
s_connection: verify depth is 1
Handshake duration: 40.69 ms
Execution 72 - TLS Mutual
s_connection: verify depth is 1
Handshake duration: 41.68 ms
Execution 73 - TLS Mutual
s_connection: verify depth is 1
Handshake duration: 44.62 ms
Execution 74 - TLS Mutual
s_connection: verify depth is 1
Handshake duration: 44.28 ms
Execution 75 - TLS Mutual
s_connection: verify depth is 1
Handshake duration: 42.38 ms
Execution 76 - TLS Mutual
s_connection: verify depth is 1
Handshake duration: 42.49 ms
Execution 77 - TLS Mutual
s_connection: verify depth is 1
Handshake duration: 43.40 ms
Execution 78 - TLS Mutual
s_connection: verify depth is 1
Handshake duration: 41.19 ms
Execution 79 - TLS Mutual
s_connection: verify depth is 1
Handshake duration: 41.33 ms
Execution 80 - TLS Mutual
s_connection: verify depth is 1
Handshake duration: 42.10 ms
Execution 81 - TLS Mutual
s_connection: verify depth is 1
Handshake duration: 44.50 ms
Execution 82 - TLS Mutual
s_connection: verify depth is 1
Handshake duration: 42.05 ms
Execution 83 - TLS Mutual
s_connection: verify depth is 1
Handshake duration: 41.02 ms
Execution 84 - TLS Mutual
s_connection: verify depth is 1
Handshake duration: 42.13 ms
Execution 85 - TLS Mutual
s_connection: verify depth is 1
Handshake duration: 41.15 ms
Execution 86 - TLS Mutual
s_connection: verify depth is 1
Handshake duration: 41.23 ms
Execution 87 - TLS Mutual
s_connection: verify depth is 1
Handshake duration: 41.43 ms
Execution 88 - TLS Mutual
s_connection: verify depth is 1
Handshake duration: 43.29 ms
Execution 89 - TLS Mutual
s_connection: verify depth is 1
Handshake duration: 42.64 ms
Execution 90 - TLS Mutual
s_connection: verify depth is 1
Handshake duration: 42.73 ms
Execution 91 - TLS Mutual
s_connection: verify depth is 1
Handshake duration: 45.26 ms
Execution 92 - TLS Mutual
s_connection: verify depth is 1
Handshake duration: 43.65 ms
Execution 93 - TLS Mutual
s_connection: verify depth is 1
Handshake duration: 45.20 ms
Execution 94 - TLS Mutual
s_connection: verify depth is 1
Handshake duration: 42.60 ms
Execution 95 - TLS Mutual
s_connection: verify depth is 1
Handshake duration: 44.41 ms
Execution 96 - TLS Mutual
s_connection: verify depth is 1
Handshake duration: 42.22 ms
Execution 97 - TLS Mutual
s_connection: verify depth is 1
Handshake duration: 46.39 ms
Execution 98 - TLS Mutual
s_connection: verify depth is 1
Handshake duration: 43.41 ms
Execution 99 - TLS Mutual
s_connection: verify depth is 1
Handshake duration: 42.72 ms
Execution 100 - TLS Mutual
s_connection: verify depth is 1
Handshake duration: 43.53 ms
Execution 101 - TLS Mutual
s_connection: verify depth is 1
Handshake duration: 42.97 ms
Execution 102 - TLS Mutual
s_connection: verify depth is 1
Handshake duration: 45.01 ms
Execution 103 - TLS Mutual
s_connection: verify depth is 1
Handshake duration: 40.87 ms
Execution 104 - TLS Mutual
s_connection: verify depth is 1
Handshake duration: 43.08 ms
Execution 105 - TLS Mutual
s_connection: verify depth is 1
Handshake duration: 43.67 ms
Execution 106 - TLS Mutual
s_connection: verify depth is 1
Handshake duration: 41.73 ms
Execution 107 - TLS Mutual
s_connection: verify depth is 1
Handshake duration: 40.85 ms
Execution 108 - TLS Mutual
s_connection: verify depth is 1
Handshake duration: 42.65 ms
Execution 109 - TLS Mutual
s_connection: verify depth is 1
Handshake duration: 43.19 ms
Execution 110 - TLS Mutual
s_connection: verify depth is 1
Handshake duration: 43.65 ms
Execution 111 - TLS Mutual
s_connection: verify depth is 1
Handshake duration: 44.45 ms
Execution 112 - TLS Mutual
s_connection: verify depth is 1
Handshake duration: 43.95 ms
Execution 113 - TLS Mutual
s_connection: verify depth is 1
Handshake duration: 43.52 ms
Execution 114 - TLS Mutual
s_connection: verify depth is 1
Handshake duration: 43.17 ms
Execution 115 - TLS Mutual
s_connection: verify depth is 1
Handshake duration: 43.09 ms
Execution 116 - TLS Mutual
s_connection: verify depth is 1
Handshake duration: 43.99 ms
Execution 117 - TLS Mutual
s_connection: verify depth is 1
Handshake duration: 42.46 ms
Execution 118 - TLS Mutual
s_connection: verify depth is 1
Handshake duration: 43.47 ms
Execution 119 - TLS Mutual
s_connection: verify depth is 1
Handshake duration: 45.53 ms
Execution 120 - TLS Mutual
s_connection: verify depth is 1
Handshake duration: 42.41 ms
Execution 121 - TLS Mutual
s_connection: verify depth is 1
Handshake duration: 42.53 ms
Execution 122 - TLS Mutual
s_connection: verify depth is 1
Handshake duration: 42.37 ms
Execution 123 - TLS Mutual
s_connection: verify depth is 1
Handshake duration: 43.41 ms
Execution 124 - TLS Mutual
s_connection: verify depth is 1
Handshake duration: 43.34 ms
Execution 125 - TLS Mutual
s_connection: verify depth is 1
Handshake duration: 42.22 ms
