Handshake timeout budget: 150s (identique TLS/QUIC)
Applying netem rules to lo...
Showing qdisc status for the interface: lo
qdisc netem 86cd: root refcnt 2 limit 1000 seed 2532141322849053187
 Sent 0 bytes 0 pkt (dropped 0, overlimits 0 requeues 0) 
 backlog 0b 0p requeues 0
Running ./perftestClientTlsQuic.sh with SIG_ALG=mldsa87 and KEM_ALG=p521_hqc256
Execution 1 - TLS Mutual
s_connection: verify depth is 1
Handshake duration: 130.98 ms
Execution 2 - TLS Mutual
s_connection: verify depth is 1
Handshake duration: 128.10 ms
Execution 3 - TLS Mutual
s_connection: verify depth is 1
Handshake duration: 128.38 ms
Execution 4 - TLS Mutual
s_connection: verify depth is 1
Handshake duration: 129.27 ms
Execution 5 - TLS Mutual
s_connection: verify depth is 1
Handshake duration: 131.10 ms
Execution 6 - TLS Mutual
s_connection: verify depth is 1
Handshake duration: 132.11 ms
Execution 7 - TLS Mutual
s_connection: verify depth is 1
Handshake duration: 127.41 ms
Execution 8 - TLS Mutual
s_connection: verify depth is 1
Handshake duration: 127.14 ms
Execution 9 - TLS Mutual
s_connection: verify depth is 1
Handshake duration: 127.65 ms
Execution 10 - TLS Mutual
s_connection: verify depth is 1
Handshake duration: 127.98 ms
Execution 11 - TLS Mutual
s_connection: verify depth is 1
Handshake duration: 128.34 ms
Execution 12 - TLS Mutual
s_connection: verify depth is 1
Handshake duration: 131.38 ms
Execution 13 - TLS Mutual
s_connection: verify depth is 1
Handshake duration: 130.43 ms
Execution 14 - TLS Mutual
s_connection: verify depth is 1
Handshake duration: 133.62 ms
Execution 15 - TLS Mutual
s_connection: verify depth is 1
Handshake duration: 129.39 ms
Execution 16 - TLS Mutual
s_connection: verify depth is 1
Handshake duration: 127.75 ms
Execution 17 - TLS Mutual
s_connection: verify depth is 1
Handshake duration: 127.53 ms
Execution 18 - TLS Mutual
s_connection: verify depth is 1
Handshake duration: 128.60 ms
Execution 19 - TLS Mutual
s_connection: verify depth is 1
Handshake duration: 128.04 ms
Execution 20 - TLS Mutual
s_connection: verify depth is 1
Handshake duration: 127.75 ms
Execution 21 - TLS Mutual
s_connection: verify depth is 1
Handshake duration: 127.36 ms
Execution 22 - TLS Mutual
s_connection: verify depth is 1
Handshake duration: 128.71 ms
Execution 23 - TLS Mutual
s_connection: verify depth is 1
Handshake duration: 130.74 ms
Execution 24 - TLS Mutual
s_connection: verify depth is 1
Handshake duration: 128.59 ms
Execution 25 - TLS Mutual
s_connection: verify depth is 1
Handshake duration: 128.78 ms
Execution 26 - TLS Mutual
s_connection: verify depth is 1
Handshake duration: 127.45 ms
Execution 27 - TLS Mutual
s_connection: verify depth is 1
Handshake duration: 129.84 ms
Execution 28 - TLS Mutual
s_connection: verify depth is 1
Handshake duration: 127.12 ms
Execution 29 - TLS Mutual
s_connection: verify depth is 1
Handshake duration: 127.21 ms
Execution 30 - TLS Mutual
s_connection: verify depth is 1
Handshake duration: 127.43 ms
Execution 31 - TLS Mutual
s_connection: verify depth is 1
Handshake duration: 128.30 ms
Execution 32 - TLS Mutual
s_connection: verify depth is 1
Handshake duration: 129.04 ms
Execution 33 - TLS Mutual
s_connection: verify depth is 1
Handshake duration: 128.61 ms
Execution 34 - TLS Mutual
s_connection: verify depth is 1
Handshake duration: 128.36 ms
Execution 35 - TLS Mutual
s_connection: verify depth is 1
Handshake duration: 131.77 ms
Execution 36 - TLS Mutual
s_connection: verify depth is 1
Handshake duration: 128.71 ms
Execution 37 - TLS Mutual
s_connection: verify depth is 1
Handshake duration: 128.18 ms
Execution 38 - TLS Mutual
s_connection: verify depth is 1
Handshake duration: 127.01 ms
Execution 39 - TLS Mutual
s_connection: verify depth is 1
Handshake duration: 127.23 ms
Execution 40 - TLS Mutual
s_connection: verify depth is 1
Handshake duration: 127.39 ms
Execution 41 - TLS Mutual
s_connection: verify depth is 1
Handshake duration: 127.82 ms
Execution 42 - TLS Mutual
s_connection: verify depth is 1
Handshake duration: 130.67 ms
Execution 43 - TLS Mutual
s_connection: verify depth is 1
Handshake duration: 127.75 ms
Execution 44 - TLS Mutual
s_connection: verify depth is 1
Handshake duration: 128.48 ms
Execution 45 - TLS Mutual
s_connection: verify depth is 1
Handshake duration: 128.50 ms
Execution 46 - TLS Mutual
s_connection: verify depth is 1
Handshake duration: 131.06 ms
Execution 47 - TLS Mutual
s_connection: verify depth is 1
Handshake duration: 128.56 ms
Execution 48 - TLS Mutual
s_connection: verify depth is 1
Handshake duration: 128.01 ms
Execution 49 - TLS Mutual
s_connection: verify depth is 1
Handshake duration: 127.73 ms
Execution 50 - TLS Mutual
s_connection: verify depth is 1
Handshake duration: 127.96 ms
Execution 51 - TLS Mutual
s_connection: verify depth is 1
Handshake duration: 128.50 ms
Execution 52 - TLS Mutual
s_connection: verify depth is 1
Handshake duration: 128.67 ms
Execution 53 - TLS Mutual
s_connection: verify depth is 1
Handshake duration: 128.25 ms
Execution 54 - TLS Mutual
s_connection: verify depth is 1
Handshake duration: 127.92 ms
Execution 55 - TLS Mutual
s_connection: verify depth is 1
Handshake duration: 128.16 ms
Execution 56 - TLS Mutual
s_connection: verify depth is 1
Handshake duration: 127.92 ms
Execution 57 - TLS Mutual
s_connection: verify depth is 1
Handshake duration: 128.04 ms
Execution 58 - TLS Mutual
s_connection: verify depth is 1
Handshake duration: 127.77 ms
Execution 59 - TLS Mutual
s_connection: verify depth is 1
Handshake duration: 127.49 ms
Execution 60 - TLS Mutual
s_connection: verify depth is 1
Handshake duration: 127.37 ms
Execution 61 - TLS Mutual
s_connection: verify depth is 1
Handshake duration: 127.72 ms
Execution 62 - TLS Mutual
s_connection: verify depth is 1
Handshake duration: 128.71 ms
Execution 63 - TLS Mutual
s_connection: verify depth is 1
Handshake duration: 127.77 ms
Execution 64 - TLS Mutual
s_connection: verify depth is 1
Handshake duration: 127.37 ms
Execution 65 - TLS Mutual
s_connection: verify depth is 1
Handshake duration: 127.72 ms
Execution 66 - TLS Mutual
s_connection: verify depth is 1
Handshake duration: 128.22 ms
Execution 67 - TLS Mutual
s_connection: verify depth is 1
Handshake duration: 129.69 ms
Execution 68 - TLS Mutual
s_connection: verify depth is 1
Handshake duration: 131.39 ms
Execution 69 - TLS Mutual
s_connection: verify depth is 1
Handshake duration: 127.75 ms
Execution 70 - TLS Mutual
s_connection: verify depth is 1
Handshake duration: 127.01 ms
Execution 71 - TLS Mutual
s_connection: verify depth is 1
Handshake duration: 134.58 ms
Execution 72 - TLS Mutual
s_connection: verify depth is 1
Handshake duration: 128.48 ms
Execution 73 - TLS Mutual
s_connection: verify depth is 1
Handshake duration: 128.74 ms
Execution 74 - TLS Mutual
s_connection: verify depth is 1
Handshake duration: 127.42 ms
Execution 75 - TLS Mutual
s_connection: verify depth is 1
Handshake duration: 128.09 ms
Execution 76 - TLS Mutual
s_connection: verify depth is 1
Handshake duration: 130.17 ms
Execution 77 - TLS Mutual
s_connection: verify depth is 1
Handshake duration: 128.84 ms
Execution 78 - TLS Mutual
s_connection: verify depth is 1
Handshake duration: 129.86 ms
Execution 79 - TLS Mutual
s_connection: verify depth is 1
Handshake duration: 131.87 ms
Execution 80 - TLS Mutual
s_connection: verify depth is 1
Handshake duration: 128.27 ms
Execution 81 - TLS Mutual
s_connection: verify depth is 1
Handshake duration: 128.13 ms
Execution 82 - TLS Mutual
s_connection: verify depth is 1
Handshake duration: 128.79 ms
Execution 83 - TLS Mutual
s_connection: verify depth is 1
Handshake duration: 129.22 ms
Execution 84 - TLS Mutual
s_connection: verify depth is 1
Handshake duration: 129.74 ms
Execution 85 - TLS Mutual
s_connection: verify depth is 1
Handshake duration: 127.72 ms
Execution 86 - TLS Mutual
s_connection: verify depth is 1
Handshake duration: 127.71 ms
Execution 87 - TLS Mutual
s_connection: verify depth is 1
Handshake duration: 128.02 ms
Execution 88 - TLS Mutual
s_connection: verify depth is 1
Handshake duration: 128.37 ms
Execution 89 - TLS Mutual
s_connection: verify depth is 1
Handshake duration: 128.32 ms
Execution 90 - TLS Mutual
s_connection: verify depth is 1
Handshake duration: 127.66 ms
Execution 91 - TLS Mutual
s_connection: verify depth is 1
Handshake duration: 127.53 ms
Execution 92 - TLS Mutual
s_connection: verify depth is 1
Handshake duration: 128.19 ms
Execution 93 - TLS Mutual
s_connection: verify depth is 1
Handshake duration: 127.58 ms
Execution 94 - TLS Mutual
s_connection: verify depth is 1
Handshake duration: 127.79 ms
Execution 95 - TLS Mutual
s_connection: verify depth is 1
Handshake duration: 128.09 ms
Execution 96 - TLS Mutual
s_connection: verify depth is 1
Handshake duration: 127.83 ms
Execution 97 - TLS Mutual
s_connection: verify depth is 1
Handshake duration: 127.92 ms
Execution 98 - TLS Mutual
s_connection: verify depth is 1
Handshake duration: 128.75 ms
Execution 99 - TLS Mutual
s_connection: verify depth is 1
Handshake duration: 128.10 ms
Execution 100 - TLS Mutual
s_connection: verify depth is 1
Handshake duration: 129.06 ms
Execution 101 - TLS Mutual
s_connection: verify depth is 1
Handshake duration: 127.38 ms
Execution 102 - TLS Mutual
s_connection: verify depth is 1
Handshake duration: 127.78 ms
Execution 103 - TLS Mutual
s_connection: verify depth is 1
Handshake duration: 127.24 ms
Execution 104 - TLS Mutual
s_connection: verify depth is 1
Handshake duration: 128.06 ms
Execution 105 - TLS Mutual
s_connection: verify depth is 1
Handshake duration: 127.37 ms
Execution 106 - TLS Mutual
s_connection: verify depth is 1
Handshake duration: 128.02 ms
Execution 107 - TLS Mutual
s_connection: verify depth is 1
Handshake duration: 130.00 ms
Execution 108 - TLS Mutual
s_connection: verify depth is 1
Handshake duration: 127.67 ms
Execution 109 - TLS Mutual
s_connection: verify depth is 1
Handshake duration: 127.53 ms
Execution 110 - TLS Mutual
s_connection: verify depth is 1
Handshake duration: 128.02 ms
Execution 111 - TLS Mutual
s_connection: verify depth is 1
Handshake duration: 127.61 ms
Execution 112 - TLS Mutual
s_connection: verify depth is 1
Handshake duration: 131.90 ms
Execution 113 - TLS Mutual
s_connection: verify depth is 1
Handshake duration: 127.85 ms
Execution 114 - TLS Mutual
s_connection: verify depth is 1
Handshake duration: 127.93 ms
Execution 115 - TLS Mutual
s_connection: verify depth is 1
Handshake duration: 129.56 ms
Execution 116 - TLS Mutual
s_connection: verify depth is 1
Handshake duration: 127.56 ms
Execution 117 - TLS Mutual
s_connection: verify depth is 1
Handshake duration: 127.28 ms
Execution 118 - TLS Mutual
s_connection: verify depth is 1
Handshake duration: 128.43 ms
Execution 119 - TLS Mutual
s_connection: verify depth is 1
Handshake duration: 128.74 ms
Execution 120 - TLS Mutual
s_connection: verify depth is 1
Handshake duration: 127.29 ms
Execution 121 - TLS Mutual
s_connection: verify depth is 1
Handshake duration: 127.44 ms
Execution 122 - TLS Mutual
s_connection: verify depth is 1
Handshake duration: 127.27 ms
Execution 123 - TLS Mutual
s_connection: verify depth is 1
Handshake duration: 127.80 ms
Execution 124 - TLS Mutual
s_connection: verify depth is 1
Handshake duration: 129.94 ms
Execution 125 - TLS Mutual
s_connection: verify depth is 1
Handshake duration: 129.37 ms
