Handshake timeout budget: 150s (identique TLS/QUIC)
Applying netem rules to lo...
Showing qdisc status for the interface: lo
qdisc netem 8060: root refcnt 2 limit 1000 seed 4347182466997736570
 Sent 0 bytes 0 pkt (dropped 0, overlimits 0 requeues 0) 
 backlog 0b 0p requeues 0
Running ./perftestClientTlsQuic.sh with SIG_ALG=mldsa65 and KEM_ALG=mlkem768
Execution 1 - TLS Mutual
s_connection: verify depth is 1
Handshake duration: 50.22 ms
Execution 2 - TLS Mutual
s_connection: verify depth is 1
Handshake duration: 38.73 ms
Execution 3 - TLS Mutual
s_connection: verify depth is 1
Handshake duration: 37.21 ms
Execution 4 - TLS Mutual
s_connection: verify depth is 1
Handshake duration: 37.41 ms
Execution 5 - TLS Mutual
s_connection: verify depth is 1
Handshake duration: 37.52 ms
Execution 6 - TLS Mutual
s_connection: verify depth is 1
Handshake duration: 37.81 ms
Execution 7 - TLS Mutual
s_connection: verify depth is 1
Handshake duration: 37.56 ms
Execution 8 - TLS Mutual
s_connection: verify depth is 1
Handshake duration: 39.69 ms
Execution 9 - TLS Mutual
s_connection: verify depth is 1
Handshake duration: 38.38 ms
Execution 10 - TLS Mutual
s_connection: verify depth is 1
Handshake duration: 38.00 ms
Execution 11 - TLS Mutual
s_connection: verify depth is 1
Handshake duration: 36.75 ms
Execution 12 - TLS Mutual
s_connection: verify depth is 1
Handshake duration: 37.33 ms
Execution 13 - TLS Mutual
s_connection: verify depth is 1
Handshake duration: 38.08 ms
Execution 14 - TLS Mutual
s_connection: verify depth is 1
Handshake duration: 37.48 ms
Execution 15 - TLS Mutual
s_connection: verify depth is 1
Handshake duration: 37.02 ms
Execution 16 - TLS Mutual
s_connection: verify depth is 1
Handshake duration: 35.53 ms
Execution 17 - TLS Mutual
s_connection: verify depth is 1
Handshake duration: 37.63 ms
Execution 18 - TLS Mutual
s_connection: verify depth is 1
Handshake duration: 37.51 ms
Execution 19 - TLS Mutual
s_connection: verify depth is 1
Handshake duration: 44.02 ms
Execution 20 - TLS Mutual
s_connection: verify depth is 1
Handshake duration: 38.58 ms
Execution 21 - TLS Mutual
s_connection: verify depth is 1
Handshake duration: 37.45 ms
Execution 22 - TLS Mutual
s_connection: verify depth is 1
Handshake duration: 37.36 ms
Execution 23 - TLS Mutual
s_connection: verify depth is 1
Handshake duration: 36.16 ms
Execution 24 - TLS Mutual
s_connection: verify depth is 1
Handshake duration: 36.49 ms
Execution 25 - TLS Mutual
s_connection: verify depth is 1
Handshake duration: 38.10 ms
Execution 26 - TLS Mutual
s_connection: verify depth is 1
Handshake duration: 36.40 ms
Execution 27 - TLS Mutual
s_connection: verify depth is 1
Handshake duration: 35.58 ms
Execution 28 - TLS Mutual
s_connection: verify depth is 1
Handshake duration: 37.35 ms
Execution 29 - TLS Mutual
s_connection: verify depth is 1
Handshake duration: 38.91 ms
Execution 30 - TLS Mutual
s_connection: verify depth is 1
Handshake duration: 37.01 ms
Execution 31 - TLS Mutual
s_connection: verify depth is 1
Handshake duration: 37.96 ms
Execution 32 - TLS Mutual
s_connection: verify depth is 1
Handshake duration: 36.66 ms
Execution 33 - TLS Mutual
s_connection: verify depth is 1
Handshake duration: 35.99 ms
Execution 34 - TLS Mutual
s_connection: verify depth is 1
Handshake duration: 37.58 ms
Execution 35 - TLS Mutual
s_connection: verify depth is 1
Handshake duration: 37.08 ms
Execution 36 - TLS Mutual
s_connection: verify depth is 1
Handshake duration: 37.39 ms
Execution 37 - TLS Mutual
s_connection: verify depth is 1
Handshake duration: 37.23 ms
Execution 38 - TLS Mutual
s_connection: verify depth is 1
Handshake duration: 36.60 ms
Execution 39 - TLS Mutual
s_connection: verify depth is 1
Handshake duration: 37.40 ms
Execution 40 - TLS Mutual
s_connection: verify depth is 1
Handshake duration: 38.86 ms
Execution 41 - TLS Mutual
s_connection: verify depth is 1
Handshake duration: 38.24 ms
Execution 42 - TLS Mutual
s_connection: verify depth is 1
Handshake duration: 38.86 ms
Execution 43 - TLS Mutual
s_connection: verify depth is 1
Handshake duration: 37.62 ms
Execution 44 - TLS Mutual
s_connection: verify depth is 1
Handshake duration: 37.51 ms
Execution 45 - TLS Mutual
s_connection: verify depth is 1
Handshake duration: 36.23 ms
Execution 46 - TLS Mutual
s_connection: verify depth is 1
Handshake duration: 35.29 ms
Execution 47 - TLS Mutual
s_connection: verify depth is 1
Handshake duration: 37.96 ms
Execution 48 - TLS Mutual
s_connection: verify depth is 1
Handshake duration: 39.78 ms
Execution 49 - TLS Mutual
s_connection: verify depth is 1
Handshake duration: 38.84 ms
Execution 50 - TLS Mutual
s_connection: verify depth is 1
Handshake duration: 36.53 ms
Execution 51 - TLS Mutual
s_connection: verify depth is 1
Handshake duration: 38.45 ms
Execution 52 - TLS Mutual
s_connection: verify depth is 1
Handshake duration: 36.52 ms
Execution 53 - TLS Mutual
s_connection: verify depth is 1
Handshake duration: 37.10 ms
Execution 54 - TLS Mutual
s_connection: verify depth is 1
Handshake duration: 38.10 ms
Execution 55 - TLS Mutual
s_connection: verify depth is 1
Handshake duration: 37.03 ms
Execution 56 - TLS Mutual
s_connection: verify depth is 1
Handshake duration: 36.42 ms
Execution 57 - TLS Mutual
s_connection: verify depth is 1
Handshake duration: 37.77 ms
Execution 58 - TLS Mutual
s_connection: verify depth is 1
Handshake duration: 37.45 ms
Execution 59 - TLS Mutual
s_connection: verify depth is 1
Handshake duration: 38.28 ms
Execution 60 - TLS Mutual
s_connection: verify depth is 1
Handshake duration: 37.22 ms
Execution 61 - TLS Mutual
s_connection: verify depth is 1
Handshake duration: 36.77 ms
Execution 62 - TLS Mutual
s_connection: verify depth is 1
Handshake duration: 38.27 ms
Execution 63 - TLS Mutual
s_connection: verify depth is 1
Handshake duration: 39.27 ms
Execution 64 - TLS Mutual
s_connection: verify depth is 1
Handshake duration: 40.87 ms
Execution 65 - TLS Mutual
s_connection: verify depth is 1
Handshake duration: 37.99 ms
Execution 66 - TLS Mutual
s_connection: verify depth is 1
Handshake duration: 37.11 ms
Execution 67 - TLS Mutual
s_connection: verify depth is 1
Handshake duration: 38.07 ms
Execution 68 - TLS Mutual
s_connection: verify depth is 1
Handshake duration: 37.38 ms
Execution 69 - TLS Mutual
s_connection: verify depth is 1
Handshake duration: 38.50 ms
Execution 70 - TLS Mutual
s_connection: verify depth is 1
Handshake duration: 38.73 ms
Execution 71 - TLS Mutual
s_connection: verify depth is 1
Handshake duration: 36.29 ms
Execution 72 - TLS Mutual
s_connection: verify depth is 1
Handshake duration: 38.10 ms
Execution 73 - TLS Mutual
s_connection: verify depth is 1
Handshake duration: 38.38 ms
Execution 74 - TLS Mutual
s_connection: verify depth is 1
Handshake duration: 37.71 ms
Execution 75 - TLS Mutual
s_connection: verify depth is 1
Handshake duration: 37.45 ms
Execution 76 - TLS Mutual
s_connection: verify depth is 1
Handshake duration: 39.07 ms
Execution 77 - TLS Mutual
s_connection: verify depth is 1
Handshake duration: 39.89 ms
Execution 78 - TLS Mutual
s_connection: verify depth is 1
Handshake duration: 38.01 ms
Execution 79 - TLS Mutual
s_connection: verify depth is 1
Handshake duration: 38.51 ms
Execution 80 - TLS Mutual
s_connection: verify depth is 1
Handshake duration: 39.05 ms
Execution 81 - TLS Mutual
s_connection: verify depth is 1
Handshake duration: 37.77 ms
Execution 82 - TLS Mutual
s_connection: verify depth is 1
Handshake duration: 39.96 ms
Execution 83 - TLS Mutual
s_connection: verify depth is 1
Handshake duration: 40.97 ms
Execution 84 - TLS Mutual
s_connection: verify depth is 1
Handshake duration: 39.14 ms
Execution 85 - TLS Mutual
s_connection: verify depth is 1
Handshake duration: 39.17 ms
Execution 86 - TLS Mutual
s_connection: verify depth is 1
Handshake duration: 37.91 ms
Execution 87 - TLS Mutual
s_connection: verify depth is 1
Handshake duration: 38.53 ms
Execution 88 - TLS Mutual
s_connection: verify depth is 1
Handshake duration: 37.74 ms
Execution 89 - TLS Mutual
s_connection: verify depth is 1
Handshake duration: 36.02 ms
Execution 90 - TLS Mutual
s_connection: verify depth is 1
Handshake duration: 35.80 ms
Execution 91 - TLS Mutual
s_connection: verify depth is 1
Handshake duration: 37.40 ms
Execution 92 - TLS Mutual
s_connection: verify depth is 1
Handshake duration: 36.56 ms
Execution 93 - TLS Mutual
s_connection: verify depth is 1
Handshake duration: 37.65 ms
Execution 94 - TLS Mutual
s_connection: verify depth is 1
Handshake duration: 39.71 ms
Execution 95 - TLS Mutual
s_connection: verify depth is 1
Handshake duration: 37.79 ms
Execution 96 - TLS Mutual
s_connection: verify depth is 1
Handshake duration: 40.53 ms
Execution 97 - TLS Mutual
s_connection: verify depth is 1
Handshake duration: 37.86 ms
Execution 98 - TLS Mutual
s_connection: verify depth is 1
Handshake duration: 38.44 ms
Execution 99 - TLS Mutual
s_connection: verify depth is 1
Handshake duration: 38.01 ms
Execution 100 - TLS Mutual
s_connection: verify depth is 1
Handshake duration: 41.02 ms
Execution 101 - TLS Mutual
s_connection: verify depth is 1
Handshake duration: 39.49 ms
Execution 102 - TLS Mutual
s_connection: verify depth is 1
Handshake duration: 37.68 ms
Execution 103 - TLS Mutual
s_connection: verify depth is 1
Handshake duration: 36.02 ms
Execution 104 - TLS Mutual
s_connection: verify depth is 1
Handshake duration: 36.16 ms
Execution 105 - TLS Mutual
s_connection: verify depth is 1
Handshake duration: 37.06 ms
Execution 106 - TLS Mutual
s_connection: verify depth is 1
Handshake duration: 39.29 ms
Execution 107 - TLS Mutual
s_connection: verify depth is 1
Handshake duration: 38.44 ms
Execution 108 - TLS Mutual
s_connection: verify depth is 1
Handshake duration: 37.74 ms
Execution 109 - TLS Mutual
s_connection: verify depth is 1
Handshake duration: 37.53 ms
Execution 110 - TLS Mutual
s_connection: verify depth is 1
Handshake duration: 37.37 ms
Execution 111 - TLS Mutual
s_connection: verify depth is 1
Handshake duration: 36.75 ms
Execution 112 - TLS Mutual
s_connection: verify depth is 1
Handshake duration: 37.42 ms
Execution 113 - TLS Mutual
s_connection: verify depth is 1
Handshake duration: 38.91 ms
Execution 114 - TLS Mutual
s_connection: verify depth is 1
Handshake duration: 37.54 ms
Execution 115 - TLS Mutual
s_connection: verify depth is 1
Handshake duration: 38.74 ms
Execution 116 - TLS Mutual
s_connection: verify depth is 1
Handshake duration: 38.63 ms
Execution 117 - TLS Mutual
s_connection: verify depth is 1
Handshake duration: 39.09 ms
Execution 118 - TLS Mutual
s_connection: verify depth is 1
Handshake duration: 36.71 ms
Execution 119 - TLS Mutual
s_connection: verify depth is 1
Handshake duration: 36.51 ms
Execution 120 - TLS Mutual
s_connection: verify depth is 1
Handshake duration: 38.73 ms
Execution 121 - TLS Mutual
s_connection: verify depth is 1
Handshake duration: 39.35 ms
Execution 122 - TLS Mutual
s_connection: verify depth is 1
Handshake duration: 39.57 ms
Execution 123 - TLS Mutual
s_connection: verify depth is 1
Handshake duration: 42.00 ms
Execution 124 - TLS Mutual
s_connection: verify depth is 1
Handshake duration: 37.37 ms
Execution 125 - TLS Mutual
s_connection: verify depth is 1
Handshake duration: 36.84 ms
