Handshake timeout budget: 150s (identique TLS/QUIC)
Applying netem rules to lo...
Showing qdisc status for the interface: lo
qdisc netem 8e69: root refcnt 2 limit 1000 seed 10850178760083173044
 Sent 0 bytes 0 pkt (dropped 0, overlimits 0 requeues 0) 
 backlog 0b 0p requeues 0
Running ./perftestClientTlsQuic.sh with SIG_ALG=secp384r1 and KEM_ALG=p384_hqc192
Execution 1 - TLS Mutual
s_connection: verify depth is 1
Handshake duration: 57.48 ms
Execution 2 - TLS Mutual
s_connection: verify depth is 1
Handshake duration: 55.26 ms
Execution 3 - TLS Mutual
s_connection: verify depth is 1
Handshake duration: 54.94 ms
Execution 4 - TLS Mutual
s_connection: verify depth is 1
Handshake duration: 54.69 ms
Execution 5 - TLS Mutual
s_connection: verify depth is 1
Handshake duration: 54.85 ms
Execution 6 - TLS Mutual
s_connection: verify depth is 1
Handshake duration: 55.34 ms
Execution 7 - TLS Mutual
s_connection: verify depth is 1
Handshake duration: 54.73 ms
Execution 8 - TLS Mutual
s_connection: verify depth is 1
Handshake duration: 55.18 ms
Execution 9 - TLS Mutual
s_connection: verify depth is 1
Handshake duration: 54.93 ms
Execution 10 - TLS Mutual
s_connection: verify depth is 1
Handshake duration: 54.63 ms
Execution 11 - TLS Mutual
s_connection: verify depth is 1
Handshake duration: 54.85 ms
Execution 12 - TLS Mutual
s_connection: verify depth is 1
Handshake duration: 54.62 ms
Execution 13 - TLS Mutual
s_connection: verify depth is 1
Handshake duration: 54.69 ms
Execution 14 - TLS Mutual
s_connection: verify depth is 1
Handshake duration: 54.84 ms
Execution 15 - TLS Mutual
s_connection: verify depth is 1
Handshake duration: 54.77 ms
Execution 16 - TLS Mutual
s_connection: verify depth is 1
Handshake duration: 55.38 ms
Execution 17 - TLS Mutual
s_connection: verify depth is 1
Handshake duration: 54.83 ms
Execution 18 - TLS Mutual
s_connection: verify depth is 1
Handshake duration: 54.85 ms
Execution 19 - TLS Mutual
s_connection: verify depth is 1
Handshake duration: 54.69 ms
Execution 20 - TLS Mutual
s_connection: verify depth is 1
Handshake duration: 54.84 ms
Execution 21 - TLS Mutual
s_connection: verify depth is 1
Handshake duration: 55.34 ms
Execution 22 - TLS Mutual
s_connection: verify depth is 1
Handshake duration: 55.22 ms
Execution 23 - TLS Mutual
s_connection: verify depth is 1
Handshake duration: 55.02 ms
Execution 24 - TLS Mutual
s_connection: verify depth is 1
Handshake duration: 55.32 ms
Execution 25 - TLS Mutual
s_connection: verify depth is 1
Handshake duration: 56.12 ms
Execution 26 - TLS Mutual
s_connection: verify depth is 1
Handshake duration: 54.79 ms
Execution 27 - TLS Mutual
s_connection: verify depth is 1
Handshake duration: 55.10 ms
Execution 28 - TLS Mutual
s_connection: verify depth is 1
Handshake duration: 54.96 ms
Execution 29 - TLS Mutual
s_connection: verify depth is 1
Handshake duration: 55.03 ms
Execution 30 - TLS Mutual
s_connection: verify depth is 1
Handshake duration: 55.25 ms
Execution 31 - TLS Mutual
s_connection: verify depth is 1
Handshake duration: 56.07 ms
Execution 32 - TLS Mutual
s_connection: verify depth is 1
Handshake duration: 55.14 ms
Execution 33 - TLS Mutual
s_connection: verify depth is 1
Handshake duration: 55.66 ms
Execution 34 - TLS Mutual
s_connection: verify depth is 1
Handshake duration: 55.52 ms
Execution 35 - TLS Mutual
s_connection: verify depth is 1
Handshake duration: 55.40 ms
Execution 36 - TLS Mutual
s_connection: verify depth is 1
Handshake duration: 56.23 ms
Execution 37 - TLS Mutual
s_connection: verify depth is 1
Handshake duration: 55.15 ms
Execution 38 - TLS Mutual
s_connection: verify depth is 1
Handshake duration: 55.50 ms
Execution 39 - TLS Mutual
s_connection: verify depth is 1
Handshake duration: 55.35 ms
Execution 40 - TLS Mutual
s_connection: verify depth is 1
Handshake duration: 54.98 ms
Execution 41 - TLS Mutual
s_connection: verify depth is 1
Handshake duration: 55.22 ms
Execution 42 - TLS Mutual
s_connection: verify depth is 1
Handshake duration: 55.13 ms
Execution 43 - TLS Mutual
s_connection: verify depth is 1
Handshake duration: 55.36 ms
Execution 44 - TLS Mutual
s_connection: verify depth is 1
Handshake duration: 55.20 ms
Execution 45 - TLS Mutual
s_connection: verify depth is 1
Handshake duration: 54.76 ms
Execution 46 - TLS Mutual
s_connection: verify depth is 1
Handshake duration: 54.96 ms
Execution 47 - TLS Mutual
s_connection: verify depth is 1
Handshake duration: 55.07 ms
Execution 48 - TLS Mutual
s_connection: verify depth is 1
Handshake duration: 54.92 ms
Execution 49 - TLS Mutual
s_connection: verify depth is 1
Handshake duration: 55.06 ms
Execution 50 - TLS Mutual
s_connection: verify depth is 1
Handshake duration: 55.21 ms
Execution 51 - TLS Mutual
s_connection: verify depth is 1
Handshake duration: 55.48 ms
Execution 52 - TLS Mutual
s_connection: verify depth is 1
Handshake duration: 55.37 ms
Execution 53 - TLS Mutual
s_connection: verify depth is 1
Handshake duration: 55.37 ms
Execution 54 - TLS Mutual
s_connection: verify depth is 1
Handshake duration: 63.59 ms
Execution 55 - TLS Mutual
s_connection: verify depth is 1
Handshake duration: 54.80 ms
Execution 56 - TLS Mutual
s_connection: verify depth is 1
Handshake duration: 54.74 ms
Execution 57 - TLS Mutual
s_connection: verify depth is 1
Handshake duration: 58.88 ms
Execution 58 - TLS Mutual
s_connection: verify depth is 1
Handshake duration: 56.29 ms
Execution 59 - TLS Mutual
s_connection: verify depth is 1
Handshake duration: 55.70 ms
Execution 60 - TLS Mutual
s_connection: verify depth is 1
Handshake duration: 55.12 ms
Execution 61 - TLS Mutual
s_connection: verify depth is 1
Handshake duration: 54.80 ms
Execution 62 - TLS Mutual
s_connection: verify depth is 1
Handshake duration: 54.77 ms
Execution 63 - TLS Mutual
s_connection: verify depth is 1
Handshake duration: 54.81 ms
Execution 64 - TLS Mutual
s_connection: verify depth is 1
Handshake duration: 54.69 ms
Execution 65 - TLS Mutual
s_connection: verify depth is 1
Handshake duration: 54.77 ms
Execution 66 - TLS Mutual
s_connection: verify depth is 1
Handshake duration: 54.79 ms
Execution 67 - TLS Mutual
s_connection: verify depth is 1
Handshake duration: 54.68 ms
Execution 68 - TLS Mutual
s_connection: verify depth is 1
Handshake duration: 56.08 ms
Execution 69 - TLS Mutual
s_connection: verify depth is 1
Handshake duration: 55.01 ms
Execution 70 - TLS Mutual
s_connection: verify depth is 1
Handshake duration: 55.48 ms
Execution 71 - TLS Mutual
s_connection: verify depth is 1
Handshake duration: 55.48 ms
Execution 72 - TLS Mutual
s_connection: verify depth is 1
Handshake duration: 55.31 ms
Execution 73 - TLS Mutual
s_connection: verify depth is 1
Handshake duration: 55.47 ms
Execution 74 - TLS Mutual
s_connection: verify depth is 1
Handshake duration: 55.42 ms
Execution 75 - TLS Mutual
s_connection: verify depth is 1
Handshake duration: 55.48 ms
Execution 76 - TLS Mutual
s_connection: verify depth is 1
Handshake duration: 55.50 ms
Execution 77 - TLS Mutual
s_connection: verify depth is 1
Handshake duration: 55.63 ms
Execution 78 - TLS Mutual
s_connection: verify depth is 1
Handshake duration: 55.35 ms
Execution 79 - TLS Mutual
s_connection: verify depth is 1
Handshake duration: 55.30 ms
Execution 80 - TLS Mutual
s_connection: verify depth is 1
Handshake duration: 55.44 ms
Execution 81 - TLS Mutual
s_connection: verify depth is 1
Handshake duration: 55.63 ms
Execution 82 - TLS Mutual
s_connection: verify depth is 1
Handshake duration: 55.27 ms
Execution 83 - TLS Mutual
s_connection: verify depth is 1
Handshake duration: 55.34 ms
Execution 84 - TLS Mutual
s_connection: verify depth is 1
Handshake duration: 55.44 ms
Execution 85 - TLS Mutual
s_connection: verify depth is 1
Handshake duration: 55.44 ms
Execution 86 - TLS Mutual
s_connection: verify depth is 1
Handshake duration: 55.22 ms
Execution 87 - TLS Mutual
s_connection: verify depth is 1
Handshake duration: 55.09 ms
Execution 88 - TLS Mutual
s_connection: verify depth is 1
Handshake duration: 54.92 ms
Execution 89 - TLS Mutual
s_connection: verify depth is 1
Handshake duration: 54.89 ms
Execution 90 - TLS Mutual
s_connection: verify depth is 1
Handshake duration: 55.16 ms
Execution 91 - TLS Mutual
s_connection: verify depth is 1
Handshake duration: 55.85 ms
Execution 92 - TLS Mutual
s_connection: verify depth is 1
Handshake duration: 56.72 ms
Execution 93 - TLS Mutual
s_connection: verify depth is 1
Handshake duration: 55.10 ms
Execution 94 - TLS Mutual
s_connection: verify depth is 1
Handshake duration: 55.16 ms
Execution 95 - TLS Mutual
s_connection: verify depth is 1
Handshake duration: 54.99 ms
Execution 96 - TLS Mutual
s_connection: verify depth is 1
Handshake duration: 55.25 ms
Execution 97 - TLS Mutual
s_connection: verify depth is 1
Handshake duration: 54.99 ms
Execution 98 - TLS Mutual
s_connection: verify depth is 1
Handshake duration: 55.15 ms
Execution 99 - TLS Mutual
s_connection: verify depth is 1
Handshake duration: 55.28 ms
Execution 100 - TLS Mutual
s_connection: verify depth is 1
Handshake duration: 54.91 ms
Execution 101 - TLS Mutual
s_connection: verify depth is 1
Handshake duration: 55.36 ms
Execution 102 - TLS Mutual
s_connection: verify depth is 1
Handshake duration: 55.28 ms
Execution 103 - TLS Mutual
s_connection: verify depth is 1
Handshake duration: 54.83 ms
Execution 104 - TLS Mutual
s_connection: verify depth is 1
Handshake duration: 54.80 ms
Execution 105 - TLS Mutual
s_connection: verify depth is 1
Handshake duration: 55.06 ms
Execution 106 - TLS Mutual
s_connection: verify depth is 1
Handshake duration: 55.17 ms
Execution 107 - TLS Mutual
s_connection: verify depth is 1
Handshake duration: 54.99 ms
Execution 108 - TLS Mutual
s_connection: verify depth is 1
Handshake duration: 55.68 ms
Execution 109 - TLS Mutual
s_connection: verify depth is 1
Handshake duration: 60.92 ms
Execution 110 - TLS Mutual
s_connection: verify depth is 1
Handshake duration: 55.09 ms
Execution 111 - TLS Mutual
s_connection: verify depth is 1
Handshake duration: 54.93 ms
Execution 112 - TLS Mutual
s_connection: verify depth is 1
Handshake duration: 55.31 ms
Execution 113 - TLS Mutual
s_connection: verify depth is 1
Handshake duration: 55.17 ms
Execution 114 - TLS Mutual
s_connection: verify depth is 1
Handshake duration: 55.38 ms
Execution 115 - TLS Mutual
s_connection: verify depth is 1
Handshake duration: 55.25 ms
Execution 116 - TLS Mutual
s_connection: verify depth is 1
Handshake duration: 55.25 ms
Execution 117 - TLS Mutual
s_connection: verify depth is 1
Handshake duration: 55.02 ms
Execution 118 - TLS Mutual
s_connection: verify depth is 1
Handshake duration: 55.35 ms
Execution 119 - TLS Mutual
s_connection: verify depth is 1
Handshake duration: 55.38 ms
Execution 120 - TLS Mutual
s_connection: verify depth is 1
Handshake duration: 55.60 ms
Execution 121 - TLS Mutual
s_connection: verify depth is 1
Handshake duration: 54.98 ms
Execution 122 - TLS Mutual
s_connection: verify depth is 1
Handshake duration: 55.04 ms
Execution 123 - TLS Mutual
s_connection: verify depth is 1
Handshake duration: 54.96 ms
Execution 124 - TLS Mutual
s_connection: verify depth is 1
Handshake duration: 54.80 ms
Execution 125 - TLS Mutual
s_connection: verify depth is 1
Handshake duration: 55.17 ms
