Handshake timeout budget: 150s (identique TLS/QUIC)
Applying netem rules to lo...
Showing qdisc status for the interface: lo
qdisc netem 8e31: root refcnt 2 limit 1000 seed 13126114239151317971
 Sent 0 bytes 0 pkt (dropped 0, overlimits 0 requeues 0) 
 backlog 0b 0p requeues 0
Running ./perftestClientTlsQuic.sh with SIG_ALG=secp384r1 and KEM_ALG=p384_mlkem768
Execution 1 - TLS Mutual
s_connection: verify depth is 1
Handshake duration: 17.13 ms
Execution 2 - TLS Mutual
s_connection: verify depth is 1
Handshake duration: 15.82 ms
Execution 3 - TLS Mutual
s_connection: verify depth is 1
Handshake duration: 15.21 ms
Execution 4 - TLS Mutual
s_connection: verify depth is 1
Handshake duration: 14.71 ms
Execution 5 - TLS Mutual
s_connection: verify depth is 1
Handshake duration: 14.65 ms
Execution 6 - TLS Mutual
s_connection: verify depth is 1
Handshake duration: 14.63 ms
Execution 7 - TLS Mutual
s_connection: verify depth is 1
Handshake duration: 14.67 ms
Execution 8 - TLS Mutual
s_connection: verify depth is 1
Handshake duration: 14.97 ms
Execution 9 - TLS Mutual
s_connection: verify depth is 1
Handshake duration: 14.55 ms
Execution 10 - TLS Mutual
s_connection: verify depth is 1
Handshake duration: 14.81 ms
Execution 11 - TLS Mutual
s_connection: verify depth is 1
Handshake duration: 14.66 ms
Execution 12 - TLS Mutual
s_connection: verify depth is 1
Handshake duration: 16.33 ms
Execution 13 - TLS Mutual
s_connection: verify depth is 1
Handshake duration: 15.59 ms
Execution 14 - TLS Mutual
s_connection: verify depth is 1
Handshake duration: 14.58 ms
Execution 15 - TLS Mutual
s_connection: verify depth is 1
Handshake duration: 15.47 ms
Execution 16 - TLS Mutual
s_connection: verify depth is 1
Handshake duration: 15.05 ms
Execution 17 - TLS Mutual
s_connection: verify depth is 1
Handshake duration: 14.40 ms
Execution 18 - TLS Mutual
s_connection: verify depth is 1
Handshake duration: 14.08 ms
Execution 19 - TLS Mutual
s_connection: verify depth is 1
Handshake duration: 14.67 ms
Execution 20 - TLS Mutual
s_connection: verify depth is 1
Handshake duration: 14.67 ms
Execution 21 - TLS Mutual
s_connection: verify depth is 1
Handshake duration: 14.78 ms
Execution 22 - TLS Mutual
s_connection: verify depth is 1
Handshake duration: 14.74 ms
Execution 23 - TLS Mutual
s_connection: verify depth is 1
Handshake duration: 14.97 ms
Execution 24 - TLS Mutual
s_connection: verify depth is 1
Handshake duration: 14.40 ms
Execution 25 - TLS Mutual
s_connection: verify depth is 1
Handshake duration: 15.46 ms
Execution 26 - TLS Mutual
s_connection: verify depth is 1
Handshake duration: 14.67 ms
Execution 27 - TLS Mutual
s_connection: verify depth is 1
Handshake duration: 14.49 ms
Execution 28 - TLS Mutual
s_connection: verify depth is 1
Handshake duration: 14.84 ms
Execution 29 - TLS Mutual
s_connection: verify depth is 1
Handshake duration: 14.74 ms
Execution 30 - TLS Mutual
s_connection: verify depth is 1
Handshake duration: 15.12 ms
Execution 31 - TLS Mutual
s_connection: verify depth is 1
Handshake duration: 14.99 ms
Execution 32 - TLS Mutual
s_connection: verify depth is 1
Handshake duration: 14.43 ms
Execution 33 - TLS Mutual
s_connection: verify depth is 1
Handshake duration: 14.85 ms
Execution 34 - TLS Mutual
s_connection: verify depth is 1
Handshake duration: 14.51 ms
Execution 35 - TLS Mutual
s_connection: verify depth is 1
Handshake duration: 14.43 ms
Execution 36 - TLS Mutual
s_connection: verify depth is 1
Handshake duration: 13.96 ms
Execution 37 - TLS Mutual
s_connection: verify depth is 1
Handshake duration: 14.73 ms
Execution 38 - TLS Mutual
s_connection: verify depth is 1
Handshake duration: 14.25 ms
Execution 39 - TLS Mutual
s_connection: verify depth is 1
Handshake duration: 15.04 ms
Execution 40 - TLS Mutual
s_connection: verify depth is 1
Handshake duration: 14.79 ms
Execution 41 - TLS Mutual
s_connection: verify depth is 1
Handshake duration: 14.21 ms
Execution 42 - TLS Mutual
s_connection: verify depth is 1
Handshake duration: 14.16 ms
Execution 43 - TLS Mutual
s_connection: verify depth is 1
Handshake duration: 13.94 ms
Execution 44 - TLS Mutual
s_connection: verify depth is 1
Handshake duration: 13.71 ms
Execution 45 - TLS Mutual
s_connection: verify depth is 1
Handshake duration: 13.77 ms
Execution 46 - TLS Mutual
s_connection: verify depth is 1
Handshake duration: 14.81 ms
Execution 47 - TLS Mutual
s_connection: verify depth is 1
Handshake duration: 14.25 ms
Execution 48 - TLS Mutual
s_connection: verify depth is 1
Handshake duration: 14.46 ms
Execution 49 - TLS Mutual
s_connection: verify depth is 1
Handshake duration: 14.87 ms
Execution 50 - TLS Mutual
s_connection: verify depth is 1
Handshake duration: 14.37 ms
Execution 51 - TLS Mutual
s_connection: verify depth is 1
Handshake duration: 14.76 ms
Execution 52 - TLS Mutual
s_connection: verify depth is 1
Handshake duration: 14.68 ms
Execution 53 - TLS Mutual
s_connection: verify depth is 1
Handshake duration: 14.68 ms
Execution 54 - TLS Mutual
s_connection: verify depth is 1
Handshake duration: 14.56 ms
Execution 55 - TLS Mutual
s_connection: verify depth is 1
Handshake duration: 14.89 ms
Execution 56 - TLS Mutual
s_connection: verify depth is 1
Handshake duration: 14.54 ms
Execution 57 - TLS Mutual
s_connection: verify depth is 1
Handshake duration: 14.31 ms
Execution 58 - TLS Mutual
s_connection: verify depth is 1
Handshake duration: 14.72 ms
Execution 59 - TLS Mutual
s_connection: verify depth is 1
Handshake duration: 14.18 ms
Execution 60 - TLS Mutual
s_connection: verify depth is 1
Handshake duration: 14.24 ms
Execution 61 - TLS Mutual
s_connection: verify depth is 1
Handshake duration: 13.62 ms
Execution 62 - TLS Mutual
s_connection: verify depth is 1
Handshake duration: 14.44 ms
Execution 63 - TLS Mutual
s_connection: verify depth is 1
Handshake duration: 13.69 ms
Execution 64 - TLS Mutual
s_connection: verify depth is 1
Handshake duration: 14.23 ms
Execution 65 - TLS Mutual
s_connection: verify depth is 1
Handshake duration: 13.92 ms
Execution 66 - TLS Mutual
s_connection: verify depth is 1
Handshake duration: 14.22 ms
Execution 67 - TLS Mutual
s_connection: verify depth is 1
Handshake duration: 14.66 ms
Execution 68 - TLS Mutual
s_connection: verify depth is 1
Handshake duration: 15.46 ms
Execution 69 - TLS Mutual
s_connection: verify depth is 1
Handshake duration: 15.15 ms
Execution 70 - TLS Mutual
s_connection: verify depth is 1
Handshake duration: 14.79 ms
Execution 71 - TLS Mutual
s_connection: verify depth is 1
Handshake duration: 15.52 ms
Execution 72 - TLS Mutual
s_connection: verify depth is 1
Handshake duration: 14.53 ms
Execution 73 - TLS Mutual
s_connection: verify depth is 1
Handshake duration: 14.26 ms
Execution 74 - TLS Mutual
s_connection: verify depth is 1
Handshake duration: 14.69 ms
Execution 75 - TLS Mutual
s_connection: verify depth is 1
Handshake duration: 14.68 ms
Execution 76 - TLS Mutual
s_connection: verify depth is 1
Handshake duration: 16.00 ms
Execution 77 - TLS Mutual
s_connection: verify depth is 1
Handshake duration: 14.75 ms
Execution 78 - TLS Mutual
s_connection: verify depth is 1
Handshake duration: 14.00 ms
Execution 79 - TLS Mutual
s_connection: verify depth is 1
Handshake duration: 14.30 ms
Execution 80 - TLS Mutual
s_connection: verify depth is 1
Handshake duration: 14.45 ms
Execution 81 - TLS Mutual
s_connection: verify depth is 1
Handshake duration: 14.11 ms
Execution 82 - TLS Mutual
s_connection: verify depth is 1
Handshake duration: 14.50 ms
Execution 83 - TLS Mutual
s_connection: verify depth is 1
Handshake duration: 14.63 ms
Execution 84 - TLS Mutual
s_connection: verify depth is 1
Handshake duration: 14.88 ms
Execution 85 - TLS Mutual
s_connection: verify depth is 1
Handshake duration: 14.41 ms
Execution 86 - TLS Mutual
s_connection: verify depth is 1
Handshake duration: 14.51 ms
Execution 87 - TLS Mutual
s_connection: verify depth is 1
Handshake duration: 14.21 ms
Execution 88 - TLS Mutual
s_connection: verify depth is 1
Handshake duration: 15.65 ms
Execution 89 - TLS Mutual
s_connection: verify depth is 1
Handshake duration: 15.65 ms
Execution 90 - TLS Mutual
s_connection: verify depth is 1
Handshake duration: 14.68 ms
Execution 91 - TLS Mutual
s_connection: verify depth is 1
Handshake duration: 15.04 ms
Execution 92 - TLS Mutual
s_connection: verify depth is 1
Handshake duration: 14.94 ms
Execution 93 - TLS Mutual
s_connection: verify depth is 1
Handshake duration: 14.64 ms
Execution 94 - TLS Mutual
s_connection: verify depth is 1
Handshake duration: 14.96 ms
Execution 95 - TLS Mutual
s_connection: verify depth is 1
Handshake duration: 14.43 ms
Execution 96 - TLS Mutual
s_connection: verify depth is 1
Handshake duration: 13.54 ms
Execution 97 - TLS Mutual
s_connection: verify depth is 1
Handshake duration: 14.64 ms
Execution 98 - TLS Mutual
s_connection: verify depth is 1
Handshake duration: 14.02 ms
Execution 99 - TLS Mutual
s_connection: verify depth is 1
Handshake duration: 13.94 ms
Execution 100 - TLS Mutual
s_connection: verify depth is 1
Handshake duration: 14.12 ms
Execution 101 - TLS Mutual
s_connection: verify depth is 1
Handshake duration: 14.24 ms
Execution 102 - TLS Mutual
s_connection: verify depth is 1
Handshake duration: 14.37 ms
Execution 103 - TLS Mutual
s_connection: verify depth is 1
Handshake duration: 14.04 ms
Execution 104 - TLS Mutual
s_connection: verify depth is 1
Handshake duration: 13.72 ms
Execution 105 - TLS Mutual
s_connection: verify depth is 1
Handshake duration: 14.17 ms
Execution 106 - TLS Mutual
s_connection: verify depth is 1
Handshake duration: 16.14 ms
Execution 107 - TLS Mutual
s_connection: verify depth is 1
Handshake duration: 14.40 ms
Execution 108 - TLS Mutual
s_connection: verify depth is 1
Handshake duration: 14.40 ms
Execution 109 - TLS Mutual
s_connection: verify depth is 1
Handshake duration: 13.70 ms
Execution 110 - TLS Mutual
s_connection: verify depth is 1
Handshake duration: 14.77 ms
Execution 111 - TLS Mutual
s_connection: verify depth is 1
Handshake duration: 14.12 ms
Execution 112 - TLS Mutual
s_connection: verify depth is 1
Handshake duration: 14.40 ms
Execution 113 - TLS Mutual
s_connection: verify depth is 1
Handshake duration: 14.10 ms
Execution 114 - TLS Mutual
s_connection: verify depth is 1
Handshake duration: 14.09 ms
Execution 115 - TLS Mutual
s_connection: verify depth is 1
Handshake duration: 13.61 ms
Execution 116 - TLS Mutual
s_connection: verify depth is 1
Handshake duration: 14.39 ms
Execution 117 - TLS Mutual
s_connection: verify depth is 1
Handshake duration: 14.24 ms
Execution 118 - TLS Mutual
s_connection: verify depth is 1
Handshake duration: 14.19 ms
Execution 119 - TLS Mutual
s_connection: verify depth is 1
Handshake duration: 15.03 ms
Execution 120 - TLS Mutual
s_connection: verify depth is 1
Handshake duration: 13.71 ms
Execution 121 - TLS Mutual
s_connection: verify depth is 1
Handshake duration: 13.58 ms
Execution 122 - TLS Mutual
s_connection: verify depth is 1
Handshake duration: 13.51 ms
Execution 123 - TLS Mutual
s_connection: verify depth is 1
Handshake duration: 13.72 ms
Execution 124 - TLS Mutual
s_connection: verify depth is 1
Handshake duration: 13.98 ms
Execution 125 - TLS Mutual
s_connection: verify depth is 1
Handshake duration: 13.96 ms
