Applying netem rules to lo...
Showing qdisc status for the interface: lo
qdisc netem 810c: root refcnt 2 limit 1000 seed 297084171461546630
 Sent 0 bytes 0 pkt (dropped 0, overlimits 0 requeues 0) 
 backlog 0b 0p requeues 0
Running ./perftestClientTlsQuic.sh with SIG_ALG=secp384r1 and KEM_ALG=p384_hqc192
Execution 1 - TLS Mutual
s_connection: verify depth is 1
Handshake duration: 277.26 ms
Execution 2 - TLS Mutual
s_connection: verify depth is 1
Handshake duration: 215.91 ms
Execution 3 - TLS Mutual
s_connection: verify depth is 1
Handshake duration: 216.18 ms
Execution 4 - TLS Mutual
s_connection: verify depth is 1
Handshake duration: 320.71 ms
Execution 5 - TLS Mutual
s_connection: verify depth is 1
Handshake duration: 213.13 ms
Execution 6 - TLS Mutual
s_connection: verify depth is 1
Handshake duration: 214.00 ms
Execution 7 - TLS Mutual
s_connection: verify depth is 1
Handshake duration: 521.98 ms
Execution 8 - TLS Mutual
s_connection: verify depth is 1
Handshake duration: 217.33 ms
Execution 9 - TLS Mutual
s_connection: verify depth is 1
Handshake duration: 214.70 ms
Execution 10 - TLS Mutual
s_connection: verify depth is 1
Handshake duration: 214.60 ms
Execution 11 - TLS Mutual
s_connection: verify depth is 1
Handshake duration: 216.45 ms
Execution 12 - TLS Mutual
s_connection: verify depth is 1
Handshake duration: 311.32 ms
Execution 13 - TLS Mutual
s_connection: verify depth is 1
Handshake duration: 217.03 ms
Execution 14 - TLS Mutual
s_connection: verify depth is 1
Handshake duration: 222.73 ms
Execution 15 - TLS Mutual
s_connection: verify depth is 1
Handshake duration: 217.23 ms
Execution 16 - TLS Mutual
s_connection: verify depth is 1
Handshake duration: 217.93 ms
Execution 17 - TLS Mutual
s_connection: verify depth is 1
Handshake duration: 218.40 ms
Execution 18 - TLS Mutual
s_connection: verify depth is 1
Handshake duration: 222.32 ms
Execution 19 - TLS Mutual
s_connection: verify depth is 1
Handshake duration: 218.49 ms
Execution 20 - TLS Mutual
s_connection: verify depth is 1
Handshake duration: 213.62 ms
Execution 21 - TLS Mutual
s_connection: verify depth is 1
Handshake duration: 217.39 ms
Execution 22 - TLS Mutual
s_connection: verify depth is 1
Handshake duration: 212.71 ms
Execution 23 - TLS Mutual
s_connection: verify depth is 1
Handshake duration: 214.76 ms
Execution 24 - TLS Mutual
s_connection: verify depth is 1
Handshake duration: 215.00 ms
Execution 25 - TLS Mutual
s_connection: verify depth is 1
Handshake duration: 216.82 ms
Execution 26 - TLS Mutual
s_connection: verify depth is 1
Handshake duration: 215.77 ms
Execution 27 - TLS Mutual
s_connection: verify depth is 1
Handshake duration: 220.11 ms
Execution 28 - TLS Mutual
s_connection: verify depth is 1
Handshake duration: 212.01 ms
Execution 29 - TLS Mutual
s_connection: verify depth is 1
Handshake duration: 192.25 ms
Execution 30 - TLS Mutual
s_connection: verify depth is 1
Handshake duration: 176.63 ms
Execution 31 - TLS Mutual
s_connection: verify depth is 1
Handshake duration: 176.65 ms
Execution 32 - TLS Mutual
s_connection: verify depth is 1
Handshake duration: 177.40 ms
Execution 33 - TLS Mutual
s_connection: verify depth is 1
Handshake duration: 177.40 ms
Execution 34 - TLS Mutual
s_connection: verify depth is 1
Handshake duration: 176.92 ms
Execution 35 - TLS Mutual
s_connection: verify depth is 1
Handshake duration: 207.86 ms
Execution 36 - TLS Mutual
s_connection: verify depth is 1
Handshake duration: 215.99 ms
Execution 37 - TLS Mutual
s_connection: verify depth is 1
Handshake duration: 219.04 ms
Execution 38 - TLS Mutual
s_connection: verify depth is 1
Handshake duration: 222.57 ms
Execution 39 - TLS Mutual
s_connection: verify depth is 1
Handshake duration: 215.85 ms
Execution 40 - TLS Mutual
s_connection: verify depth is 1
Handshake duration: 217.35 ms
Execution 41 - TLS Mutual
s_connection: verify depth is 1
Handshake duration: 215.04 ms
Execution 42 - TLS Mutual
s_connection: verify depth is 1
Handshake duration: 220.71 ms
Execution 43 - TLS Mutual
s_connection: verify depth is 1
Handshake duration: 216.63 ms
Execution 44 - TLS Mutual
s_connection: verify depth is 1
Handshake duration: 182.97 ms
Execution 45 - TLS Mutual
s_connection: verify depth is 1
Handshake duration: 215.63 ms
Execution 46 - TLS Mutual
s_connection: verify depth is 1
Handshake duration: 217.69 ms
Execution 47 - TLS Mutual
s_connection: verify depth is 1
Handshake duration: 215.91 ms
Execution 48 - TLS Mutual
s_connection: verify depth is 1
Handshake duration: 215.47 ms
Execution 49 - TLS Mutual
s_connection: verify depth is 1
Handshake duration: 211.16 ms
Execution 50 - TLS Mutual
s_connection: verify depth is 1
Handshake duration: 215.67 ms
Execution 51 - TLS Mutual
s_connection: verify depth is 1
Handshake duration: 211.91 ms
Execution 52 - TLS Mutual
s_connection: verify depth is 1
Handshake duration: 212.29 ms
Execution 53 - TLS Mutual
s_connection: verify depth is 1
Handshake duration: 215.80 ms
Execution 54 - TLS Mutual
s_connection: verify depth is 1
Handshake duration: 216.43 ms
Execution 55 - TLS Mutual
s_connection: verify depth is 1
Handshake duration: 211.53 ms
Execution 56 - TLS Mutual
s_connection: verify depth is 1
Handshake duration: 216.02 ms
Execution 57 - TLS Mutual
s_connection: verify depth is 1
Handshake duration: 196.33 ms
Execution 58 - TLS Mutual
s_connection: verify depth is 1
Handshake duration: 216.12 ms
Execution 59 - TLS Mutual
s_connection: verify depth is 1
Handshake duration: 217.78 ms
Execution 60 - TLS Mutual
s_connection: verify depth is 1
Handshake duration: 215.97 ms
Execution 61 - TLS Mutual
s_connection: verify depth is 1
Handshake duration: 216.88 ms
Execution 62 - TLS Mutual
s_connection: verify depth is 1
Handshake duration: 212.54 ms
Execution 63 - TLS Mutual
s_connection: verify depth is 1
Handshake duration: 215.41 ms
Execution 64 - TLS Mutual
s_connection: verify depth is 1
Handshake duration: 213.72 ms
Execution 65 - TLS Mutual
s_connection: verify depth is 1
Handshake duration: 218.66 ms
Execution 66 - TLS Mutual
s_connection: verify depth is 1
Handshake duration: 216.12 ms
Execution 67 - TLS Mutual
s_connection: verify depth is 1
Handshake duration: 216.57 ms
Execution 68 - TLS Mutual
s_connection: verify depth is 1
Handshake duration: 211.23 ms
Execution 69 - TLS Mutual
s_connection: verify depth is 1
Handshake duration: 215.19 ms
Execution 70 - TLS Mutual
s_connection: verify depth is 1
Handshake duration: 222.08 ms
Execution 71 - TLS Mutual
s_connection: verify depth is 1
Handshake duration: 222.95 ms
Execution 72 - TLS Mutual
s_connection: verify depth is 1
Handshake duration: 216.43 ms
Execution 73 - TLS Mutual
s_connection: verify depth is 1
Handshake duration: 214.59 ms
Execution 74 - TLS Mutual
s_connection: verify depth is 1
Handshake duration: 216.44 ms
Execution 75 - TLS Mutual
s_connection: verify depth is 1
Handshake duration: 219.05 ms
Execution 76 - TLS Mutual
s_connection: verify depth is 1
Handshake duration: 216.10 ms
Execution 77 - TLS Mutual
s_connection: verify depth is 1
Handshake duration: 218.07 ms
Execution 78 - TLS Mutual
s_connection: verify depth is 1
Handshake duration: 214.26 ms
Execution 79 - TLS Mutual
s_connection: verify depth is 1
Handshake duration: 216.93 ms
Execution 80 - TLS Mutual
s_connection: verify depth is 1
Handshake duration: 218.09 ms
Execution 81 - TLS Mutual
s_connection: verify depth is 1
Handshake duration: 213.71 ms
Execution 82 - TLS Mutual
s_connection: verify depth is 1
Handshake duration: 209.02 ms
Execution 83 - TLS Mutual
s_connection: verify depth is 1
Handshake duration: 214.58 ms
Execution 84 - TLS Mutual
s_connection: verify depth is 1
Handshake duration: 235.16 ms
Execution 85 - TLS Mutual
s_connection: verify depth is 1
Handshake duration: 213.05 ms
Execution 86 - TLS Mutual
s_connection: verify depth is 1
Handshake duration: 216.65 ms
Execution 87 - TLS Mutual
s_connection: verify depth is 1
Handshake duration: 215.92 ms
Execution 88 - TLS Mutual
s_connection: verify depth is 1
Handshake duration: 210.45 ms
Execution 89 - TLS Mutual
s_connection: verify depth is 1
Handshake duration: 214.76 ms
Execution 90 - TLS Mutual
s_connection: verify depth is 1
Handshake duration: 215.20 ms
Execution 91 - TLS Mutual
s_connection: verify depth is 1
Handshake duration: 216.20 ms
Execution 92 - TLS Mutual
s_connection: verify depth is 1
Handshake duration: 217.48 ms
Execution 93 - TLS Mutual
s_connection: verify depth is 1
Handshake duration: 217.36 ms
Execution 94 - TLS Mutual
s_connection: verify depth is 1
Handshake duration: 217.16 ms
Execution 95 - TLS Mutual
s_connection: verify depth is 1
Handshake duration: 216.65 ms
Execution 96 - TLS Mutual
s_connection: verify depth is 1
Handshake duration: 218.29 ms
Execution 97 - TLS Mutual
s_connection: verify depth is 1
Handshake duration: 210.73 ms
Execution 98 - TLS Mutual
s_connection: verify depth is 1
Handshake duration: 216.01 ms
Execution 99 - TLS Mutual
s_connection: verify depth is 1
Handshake duration: 219.96 ms
Execution 100 - TLS Mutual
s_connection: verify depth is 1
Handshake duration: 215.01 ms
Execution 101 - TLS Mutual
s_connection: verify depth is 1
Handshake duration: 220.81 ms
Execution 102 - TLS Mutual
s_connection: verify depth is 1
Handshake duration: 210.71 ms
Execution 103 - TLS Mutual
s_connection: verify depth is 1
Handshake duration: 221.04 ms
Execution 104 - TLS Mutual
s_connection: verify depth is 1
Handshake duration: 240.96 ms
Execution 105 - TLS Mutual
s_connection: verify depth is 1
Handshake duration: 216.20 ms
Execution 106 - TLS Mutual
s_connection: verify depth is 1
Handshake duration: 214.44 ms
Execution 107 - TLS Mutual
s_connection: verify depth is 1
Handshake duration: 212.42 ms
Execution 108 - TLS Mutual
s_connection: verify depth is 1
Handshake duration: 213.41 ms
Execution 109 - TLS Mutual
s_connection: verify depth is 1
Handshake duration: 219.88 ms
Execution 110 - TLS Mutual
s_connection: verify depth is 1
Handshake duration: 220.63 ms
Execution 111 - TLS Mutual
s_connection: verify depth is 1
Handshake duration: 218.16 ms
Execution 112 - TLS Mutual
s_connection: verify depth is 1
Handshake duration: 327.45 ms
Execution 113 - TLS Mutual
s_connection: verify depth is 1
Handshake duration: 221.58 ms
Execution 114 - TLS Mutual
s_connection: verify depth is 1
Handshake duration: 217.94 ms
Execution 115 - TLS Mutual
s_connection: verify depth is 1
Handshake duration: 210.03 ms
Execution 116 - TLS Mutual
s_connection: verify depth is 1
Handshake duration: 209.64 ms
Execution 117 - TLS Mutual
s_connection: verify depth is 1
Handshake duration: 210.82 ms
Execution 118 - TLS Mutual
s_connection: verify depth is 1
Handshake duration: 211.52 ms
Execution 119 - TLS Mutual
s_connection: verify depth is 1
Handshake duration: 212.50 ms
Execution 120 - TLS Mutual
s_connection: verify depth is 1
Handshake duration: 221.99 ms
Execution 121 - TLS Mutual
s_connection: verify depth is 1
Handshake duration: 218.16 ms
Execution 122 - TLS Mutual
s_connection: verify depth is 1
Handshake duration: 222.55 ms
Execution 123 - TLS Mutual
s_connection: verify depth is 1
Handshake duration: 216.25 ms
Execution 124 - TLS Mutual
s_connection: verify depth is 1
Handshake duration: 210.95 ms
Execution 125 - TLS Mutual
s_connection: verify depth is 1
Handshake duration: 185.90 ms
Execution 126 - TLS Mutual
s_connection: verify depth is 1
Handshake duration: 206.49 ms
Execution 127 - TLS Mutual
s_connection: verify depth is 1
Handshake duration: 222.00 ms
Execution 128 - TLS Mutual
s_connection: verify depth is 1
Handshake duration: 243.65 ms
Execution 129 - TLS Mutual
s_connection: verify depth is 1
Handshake duration: 220.34 ms
Execution 130 - TLS Mutual
s_connection: verify depth is 1
Handshake duration: 222.04 ms
Execution 131 - TLS Mutual
s_connection: verify depth is 1
Handshake duration: 214.07 ms
Execution 132 - TLS Mutual
s_connection: verify depth is 1
Handshake duration: 213.63 ms
Execution 133 - TLS Mutual
s_connection: verify depth is 1
Handshake duration: 220.64 ms
Execution 134 - TLS Mutual
s_connection: verify depth is 1
Handshake duration: 210.81 ms
Execution 135 - TLS Mutual
s_connection: verify depth is 1
Handshake duration: 221.93 ms
Execution 136 - TLS Mutual
s_connection: verify depth is 1
Handshake duration: 216.92 ms
Execution 137 - TLS Mutual
s_connection: verify depth is 1
Handshake duration: 215.98 ms
Execution 138 - TLS Mutual
s_connection: verify depth is 1
Handshake duration: 210.88 ms
Execution 139 - TLS Mutual
s_connection: verify depth is 1
Handshake duration: 215.63 ms
Execution 140 - TLS Mutual
s_connection: verify depth is 1
Handshake duration: 213.68 ms
Execution 141 - TLS Mutual
s_connection: verify depth is 1
Handshake duration: 212.71 ms
Execution 142 - TLS Mutual
s_connection: verify depth is 1
Handshake duration: 213.36 ms
Execution 143 - TLS Mutual
s_connection: verify depth is 1
Handshake duration: 213.01 ms
Execution 144 - TLS Mutual
s_connection: verify depth is 1
Handshake duration: 216.00 ms
Execution 145 - TLS Mutual
s_connection: verify depth is 1
Handshake duration: 212.65 ms
Execution 146 - TLS Mutual
s_connection: verify depth is 1
Handshake duration: 212.10 ms
Execution 147 - TLS Mutual
s_connection: verify depth is 1
Handshake duration: 219.23 ms
Execution 148 - TLS Mutual
s_connection: verify depth is 1
Handshake duration: 222.52 ms
Execution 149 - TLS Mutual
s_connection: verify depth is 1
Handshake duration: 209.69 ms
Execution 150 - TLS Mutual
s_connection: verify depth is 1
Handshake duration: 212.72 ms
Execution 151 - TLS Mutual
s_connection: verify depth is 1
Handshake duration: 214.49 ms
Execution 152 - TLS Mutual
s_connection: verify depth is 1
Handshake duration: 214.06 ms
Execution 153 - TLS Mutual
s_connection: verify depth is 1
Handshake duration: 215.29 ms
Execution 154 - TLS Mutual
s_connection: verify depth is 1
Handshake duration: 212.16 ms
Execution 155 - TLS Mutual
s_connection: verify depth is 1
Handshake duration: 213.73 ms
Execution 156 - TLS Mutual
s_connection: verify depth is 1
Handshake duration: 222.60 ms
Execution 157 - TLS Mutual
s_connection: verify depth is 1
Handshake duration: 220.50 ms
Execution 158 - TLS Mutual
s_connection: verify depth is 1
Handshake duration: 218.71 ms
Execution 159 - TLS Mutual
s_connection: verify depth is 1
Handshake duration: 214.11 ms
Execution 160 - TLS Mutual
s_connection: verify depth is 1
Handshake duration: 216.18 ms
Execution 161 - TLS Mutual
s_connection: verify depth is 1
Handshake duration: 219.36 ms
Execution 162 - TLS Mutual
s_connection: verify depth is 1
Handshake duration: 220.30 ms
Execution 163 - TLS Mutual
s_connection: verify depth is 1
Handshake duration: 319.64 ms
Execution 164 - TLS Mutual
s_connection: verify depth is 1
Handshake duration: 219.26 ms
Execution 165 - TLS Mutual
s_connection: verify depth is 1
Handshake duration: 223.62 ms
Execution 166 - TLS Mutual
s_connection: verify depth is 1
Handshake duration: 217.95 ms
Execution 167 - TLS Mutual
s_connection: verify depth is 1
Handshake duration: 223.00 ms
Execution 168 - TLS Mutual
s_connection: verify depth is 1
Handshake duration: 214.87 ms
Execution 169 - TLS Mutual
s_connection: verify depth is 1
Handshake duration: 216.63 ms
Execution 170 - TLS Mutual
s_connection: verify depth is 1
Handshake duration: 214.75 ms
Execution 171 - TLS Mutual
s_connection: verify depth is 1
Handshake duration: 220.89 ms
Execution 172 - TLS Mutual
s_connection: verify depth is 1
Handshake duration: 220.99 ms
Execution 173 - TLS Mutual
s_connection: verify depth is 1
Handshake duration: 215.03 ms
Execution 174 - TLS Mutual
s_connection: verify depth is 1
Handshake duration: 212.18 ms
Execution 175 - TLS Mutual
s_connection: verify depth is 1
Handshake duration: 219.48 ms
Execution 176 - TLS Mutual
s_connection: verify depth is 1
Handshake duration: 214.35 ms
Execution 177 - TLS Mutual
s_connection: verify depth is 1
Handshake duration: 216.15 ms
Execution 178 - TLS Mutual
s_connection: verify depth is 1
Handshake duration: 235.54 ms
Execution 179 - TLS Mutual
s_connection: verify depth is 1
Handshake duration: 221.08 ms
Execution 180 - TLS Mutual
s_connection: verify depth is 1
Handshake duration: 217.99 ms
Execution 181 - TLS Mutual
s_connection: verify depth is 1
Handshake duration: 244.76 ms
Execution 182 - TLS Mutual
s_connection: verify depth is 1
Handshake duration: 214.22 ms
Execution 183 - TLS Mutual
s_connection: verify depth is 1
Handshake duration: 213.09 ms
Execution 184 - TLS Mutual
s_connection: verify depth is 1
Handshake duration: 177.45 ms
Execution 185 - TLS Mutual
s_connection: verify depth is 1
Handshake duration: 198.75 ms
Execution 186 - TLS Mutual
s_connection: verify depth is 1
Handshake duration: 214.69 ms
Execution 187 - TLS Mutual
s_connection: verify depth is 1
Handshake duration: 211.94 ms
Execution 188 - TLS Mutual
s_connection: verify depth is 1
Handshake duration: 358.05 ms
Execution 189 - TLS Mutual
s_connection: verify depth is 1
Handshake duration: 219.25 ms
Execution 190 - TLS Mutual
s_connection: verify depth is 1
Handshake duration: 217.32 ms
Execution 191 - TLS Mutual
s_connection: verify depth is 1
Handshake duration: 221.22 ms
Execution 192 - TLS Mutual
s_connection: verify depth is 1
Handshake duration: 221.78 ms
Execution 193 - TLS Mutual
s_connection: verify depth is 1
Handshake duration: 200.94 ms
Execution 194 - TLS Mutual
s_connection: verify depth is 1
Handshake duration: 219.95 ms
Execution 195 - TLS Mutual
s_connection: verify depth is 1
Handshake duration: 218.81 ms
Execution 196 - TLS Mutual
s_connection: verify depth is 1
Handshake duration: 219.82 ms
Execution 197 - TLS Mutual
s_connection: verify depth is 1
Handshake duration: 223.94 ms
Execution 198 - TLS Mutual
s_connection: verify depth is 1
Handshake duration: 185.35 ms
Execution 199 - TLS Mutual
s_connection: verify depth is 1
Handshake duration: 211.95 ms
Execution 200 - TLS Mutual
s_connection: verify depth is 1
Handshake duration: 220.93 ms
Execution 201 - TLS Mutual
s_connection: verify depth is 1
Handshake duration: 224.03 ms
Execution 202 - TLS Mutual
s_connection: verify depth is 1
Handshake duration: 213.28 ms
Execution 203 - TLS Mutual
s_connection: verify depth is 1
Handshake duration: 216.34 ms
Execution 204 - TLS Mutual
s_connection: verify depth is 1
Handshake duration: 222.70 ms
Execution 205 - TLS Mutual
s_connection: verify depth is 1
Handshake duration: 211.97 ms
Execution 206 - TLS Mutual
s_connection: verify depth is 1
Handshake duration: 213.44 ms
Execution 207 - TLS Mutual
s_connection: verify depth is 1
Handshake duration: 209.38 ms
Execution 208 - TLS Mutual
s_connection: verify depth is 1
Handshake duration: 214.14 ms
Execution 209 - TLS Mutual
s_connection: verify depth is 1
Handshake duration: 215.06 ms
Execution 210 - TLS Mutual
s_connection: verify depth is 1
Handshake duration: 214.26 ms
Execution 211 - TLS Mutual
s_connection: verify depth is 1
Handshake duration: 214.10 ms
Execution 212 - TLS Mutual
s_connection: verify depth is 1
Handshake duration: 210.13 ms
Execution 213 - TLS Mutual
s_connection: verify depth is 1
Handshake duration: 220.80 ms
Execution 214 - TLS Mutual
s_connection: verify depth is 1
Handshake duration: 216.36 ms
Execution 215 - TLS Mutual
s_connection: verify depth is 1
Handshake duration: 216.67 ms
Execution 216 - TLS Mutual
s_connection: verify depth is 1
Handshake duration: 216.89 ms
Execution 217 - TLS Mutual
s_connection: verify depth is 1
Handshake duration: 218.90 ms
Execution 218 - TLS Mutual
s_connection: verify depth is 1
Handshake duration: 213.30 ms
Execution 219 - TLS Mutual
s_connection: verify depth is 1
Handshake duration: 214.91 ms
Execution 220 - TLS Mutual
s_connection: verify depth is 1
Handshake duration: 219.36 ms
Execution 221 - TLS Mutual
s_connection: verify depth is 1
Handshake duration: 209.83 ms
Execution 222 - TLS Mutual
s_connection: verify depth is 1
Handshake duration: 209.67 ms
Execution 223 - TLS Mutual
s_connection: verify depth is 1
Handshake duration: 212.69 ms
Execution 224 - TLS Mutual
s_connection: verify depth is 1
Handshake duration: 212.78 ms
Execution 225 - TLS Mutual
s_connection: verify depth is 1
Handshake duration: 203.96 ms
Execution 226 - TLS Mutual
s_connection: verify depth is 1
Handshake duration: 215.24 ms
Execution 227 - TLS Mutual
s_connection: verify depth is 1
Handshake duration: 305.80 ms
Execution 228 - TLS Mutual
s_connection: verify depth is 1
Handshake duration: 211.24 ms
Execution 229 - TLS Mutual
s_connection: verify depth is 1
Handshake duration: 211.78 ms
Execution 230 - TLS Mutual
s_connection: verify depth is 1
Handshake duration: 200.35 ms
Execution 231 - TLS Mutual
s_connection: verify depth is 1
Handshake duration: 220.48 ms
Execution 232 - TLS Mutual
s_connection: verify depth is 1
Handshake duration: 216.89 ms
Execution 233 - TLS Mutual
s_connection: verify depth is 1
Handshake duration: 217.19 ms
Execution 234 - TLS Mutual
s_connection: verify depth is 1
Handshake duration: 214.69 ms
Execution 235 - TLS Mutual
s_connection: verify depth is 1
Handshake duration: 217.09 ms
Execution 236 - TLS Mutual
s_connection: verify depth is 1
Handshake duration: 213.99 ms
Execution 237 - TLS Mutual
s_connection: verify depth is 1
Handshake duration: 219.09 ms
Execution 238 - TLS Mutual
s_connection: verify depth is 1
Handshake duration: 220.46 ms
Execution 239 - TLS Mutual
s_connection: verify depth is 1
Handshake duration: 223.41 ms
Execution 240 - TLS Mutual
s_connection: verify depth is 1
Handshake duration: 214.56 ms
Execution 241 - TLS Mutual
s_connection: verify depth is 1
Handshake duration: 214.67 ms
Execution 242 - TLS Mutual
s_connection: verify depth is 1
Handshake duration: 207.21 ms
Execution 243 - TLS Mutual
s_connection: verify depth is 1
Handshake duration: 245.08 ms
Execution 244 - TLS Mutual
s_connection: verify depth is 1
Handshake duration: 220.80 ms
Execution 245 - TLS Mutual
s_connection: verify depth is 1
Handshake duration: 215.43 ms
Execution 246 - TLS Mutual
s_connection: verify depth is 1
Handshake duration: 216.95 ms
Execution 247 - TLS Mutual
s_connection: verify depth is 1
Handshake duration: 216.22 ms
Execution 248 - TLS Mutual
s_connection: verify depth is 1
Handshake duration: 222.01 ms
Execution 249 - TLS Mutual
s_connection: verify depth is 1
Handshake duration: 215.79 ms
Execution 250 - TLS Mutual
s_connection: verify depth is 1
Handshake duration: 218.95 ms
Execution 251 - TLS Mutual
s_connection: verify depth is 1
Handshake duration: 219.45 ms
Execution 252 - TLS Mutual
s_connection: verify depth is 1
Handshake duration: 221.92 ms
Execution 253 - TLS Mutual
s_connection: verify depth is 1
Handshake duration: 213.26 ms
Execution 254 - TLS Mutual
s_connection: verify depth is 1
Handshake duration: 218.78 ms
Execution 255 - TLS Mutual
s_connection: verify depth is 1
Handshake duration: 210.04 ms
Execution 256 - TLS Mutual
s_connection: verify depth is 1
Handshake duration: 214.30 ms
Execution 257 - TLS Mutual
s_connection: verify depth is 1
Handshake duration: 208.14 ms
Execution 258 - TLS Mutual
s_connection: verify depth is 1
Handshake duration: 217.22 ms
Execution 259 - TLS Mutual
s_connection: verify depth is 1
Handshake duration: 219.82 ms
Execution 260 - TLS Mutual
s_connection: verify depth is 1
Handshake duration: 221.20 ms
Execution 261 - TLS Mutual
s_connection: verify depth is 1
Handshake duration: 220.09 ms
Execution 262 - TLS Mutual
s_connection: verify depth is 1
Handshake duration: 202.39 ms
Execution 263 - TLS Mutual
s_connection: verify depth is 1
Handshake duration: 219.60 ms
Execution 264 - TLS Mutual
s_connection: verify depth is 1
Handshake duration: 223.81 ms
Execution 265 - TLS Mutual
s_connection: verify depth is 1
Handshake duration: 214.48 ms
Execution 266 - TLS Mutual
s_connection: verify depth is 1
Handshake duration: 221.27 ms
Execution 267 - TLS Mutual
s_connection: verify depth is 1
Handshake duration: 217.81 ms
Execution 268 - TLS Mutual
s_connection: verify depth is 1
Handshake duration: 212.39 ms
Execution 269 - TLS Mutual
s_connection: verify depth is 1
Handshake duration: 222.56 ms
Execution 270 - TLS Mutual
s_connection: verify depth is 1
Handshake duration: 205.45 ms
Execution 271 - TLS Mutual
s_connection: verify depth is 1
Handshake duration: 221.97 ms
Execution 272 - TLS Mutual
s_connection: verify depth is 1
Handshake duration: 221.37 ms
Execution 273 - TLS Mutual
s_connection: verify depth is 1
Handshake duration: 216.22 ms
Execution 274 - TLS Mutual
s_connection: verify depth is 1
Handshake duration: 223.15 ms
Execution 275 - TLS Mutual
s_connection: verify depth is 1
Handshake duration: 220.99 ms
Execution 276 - TLS Mutual
s_connection: verify depth is 1
Handshake duration: 216.81 ms
Execution 277 - TLS Mutual
s_connection: verify depth is 1
Handshake duration: 216.50 ms
Execution 278 - TLS Mutual
s_connection: verify depth is 1
Handshake duration: 386.28 ms
Execution 279 - TLS Mutual
s_connection: verify depth is 1
Handshake duration: 249.47 ms
Execution 280 - TLS Mutual
s_connection: verify depth is 1
Handshake duration: 216.35 ms
Execution 281 - TLS Mutual
s_connection: verify depth is 1
Handshake duration: 213.27 ms
Execution 282 - TLS Mutual
s_connection: verify depth is 1
Handshake duration: 217.39 ms
Execution 283 - TLS Mutual
s_connection: verify depth is 1
Handshake duration: 212.49 ms
Execution 284 - TLS Mutual
s_connection: verify depth is 1
Handshake duration: 209.07 ms
Execution 285 - TLS Mutual
s_connection: verify depth is 1
Handshake duration: 217.69 ms
Execution 286 - TLS Mutual
s_connection: verify depth is 1
Handshake duration: 219.59 ms
Execution 287 - TLS Mutual
s_connection: verify depth is 1
Handshake duration: 213.97 ms
Execution 288 - TLS Mutual
s_connection: verify depth is 1
Handshake duration: 215.12 ms
Execution 289 - TLS Mutual
s_connection: verify depth is 1
Handshake duration: 215.08 ms
Execution 290 - TLS Mutual
s_connection: verify depth is 1
Handshake duration: 215.74 ms
Execution 291 - TLS Mutual
s_connection: verify depth is 1
Handshake duration: 217.50 ms
Execution 292 - TLS Mutual
s_connection: verify depth is 1
Handshake duration: 518.56 ms
Execution 293 - TLS Mutual
s_connection: verify depth is 1
Handshake duration: 221.23 ms
Execution 294 - TLS Mutual
s_connection: verify depth is 1
Handshake duration: 219.38 ms
Execution 295 - TLS Mutual
s_connection: verify depth is 1
Handshake duration: 216.39 ms
Execution 296 - TLS Mutual
s_connection: verify depth is 1
Handshake duration: 219.34 ms
Execution 297 - TLS Mutual
s_connection: verify depth is 1
Handshake duration: 220.07 ms
Execution 298 - TLS Mutual
s_connection: verify depth is 1
Handshake duration: 222.31 ms
Execution 299 - TLS Mutual
s_connection: verify depth is 1
Handshake duration: 212.35 ms
Execution 300 - TLS Mutual
s_connection: verify depth is 1
Handshake duration: 222.58 ms
Execution 301 - TLS Mutual
s_connection: verify depth is 1
Handshake duration: 212.92 ms
Execution 302 - TLS Mutual
s_connection: verify depth is 1
Handshake duration: 212.07 ms
Execution 303 - TLS Mutual
s_connection: verify depth is 1
Handshake duration: 199.28 ms
Execution 304 - TLS Mutual
s_connection: verify depth is 1
Handshake duration: 216.62 ms
Execution 305 - TLS Mutual
s_connection: verify depth is 1
Handshake duration: 221.01 ms
Execution 306 - TLS Mutual
s_connection: verify depth is 1
Handshake duration: 212.04 ms
Execution 307 - TLS Mutual
s_connection: verify depth is 1
Handshake duration: 216.19 ms
Execution 308 - TLS Mutual
s_connection: verify depth is 1
Handshake duration: 247.19 ms
Execution 309 - TLS Mutual
s_connection: verify depth is 1
Handshake duration: 214.85 ms
Execution 310 - TLS Mutual
s_connection: verify depth is 1
Handshake duration: 246.62 ms
Execution 311 - TLS Mutual
s_connection: verify depth is 1
Handshake duration: 214.85 ms
Execution 312 - TLS Mutual
s_connection: verify depth is 1
Handshake duration: 215.19 ms
Execution 313 - TLS Mutual
s_connection: verify depth is 1
Handshake duration: 216.86 ms
Execution 314 - TLS Mutual
s_connection: verify depth is 1
Handshake duration: 215.89 ms
Execution 315 - TLS Mutual
s_connection: verify depth is 1
Handshake duration: 204.48 ms
Execution 316 - TLS Mutual
s_connection: verify depth is 1
Handshake duration: 217.05 ms
Execution 317 - TLS Mutual
s_connection: verify depth is 1
Handshake duration: 223.19 ms
Execution 318 - TLS Mutual
s_connection: verify depth is 1
Handshake duration: 220.18 ms
Execution 319 - TLS Mutual
s_connection: verify depth is 1
Handshake duration: 214.59 ms
Execution 320 - TLS Mutual
s_connection: verify depth is 1
Handshake duration: 213.69 ms
Execution 321 - TLS Mutual
s_connection: verify depth is 1
Handshake duration: 213.70 ms
Execution 322 - TLS Mutual
s_connection: verify depth is 1
Handshake duration: 215.49 ms
Execution 323 - TLS Mutual
s_connection: verify depth is 1
Handshake duration: 217.39 ms
Execution 324 - TLS Mutual
s_connection: verify depth is 1
Handshake duration: 218.90 ms
Execution 325 - TLS Mutual
s_connection: verify depth is 1
Handshake duration: 221.57 ms
Execution 326 - TLS Mutual
s_connection: verify depth is 1
Handshake duration: 220.38 ms
Execution 327 - TLS Mutual
s_connection: verify depth is 1
Handshake duration: 213.97 ms
Execution 328 - TLS Mutual
s_connection: verify depth is 1
Handshake duration: 216.60 ms
Execution 329 - TLS Mutual
s_connection: verify depth is 1
Handshake duration: 215.32 ms
Execution 330 - TLS Mutual
s_connection: verify depth is 1
Handshake duration: 212.09 ms
Execution 331 - TLS Mutual
s_connection: verify depth is 1
Handshake duration: 217.50 ms
Execution 332 - TLS Mutual
s_connection: verify depth is 1
Handshake duration: 217.24 ms
Execution 333 - TLS Mutual
s_connection: verify depth is 1
Handshake duration: 219.64 ms
Execution 334 - TLS Mutual
s_connection: verify depth is 1
Handshake duration: 239.33 ms
Execution 335 - TLS Mutual
s_connection: verify depth is 1
Handshake duration: 212.37 ms
Execution 336 - TLS Mutual
s_connection: verify depth is 1
Handshake duration: 210.20 ms
Execution 337 - TLS Mutual
s_connection: verify depth is 1
Handshake duration: 205.51 ms
Execution 338 - TLS Mutual
s_connection: verify depth is 1
Handshake duration: 212.85 ms
Execution 339 - TLS Mutual
s_connection: verify depth is 1
Handshake duration: 215.39 ms
Execution 340 - TLS Mutual
s_connection: verify depth is 1
Handshake duration: 212.76 ms
Execution 341 - TLS Mutual
s_connection: verify depth is 1
Handshake duration: 212.18 ms
Execution 342 - TLS Mutual
s_connection: verify depth is 1
Handshake duration: 218.83 ms
Execution 343 - TLS Mutual
s_connection: verify depth is 1
Handshake duration: 221.64 ms
Execution 344 - TLS Mutual
s_connection: verify depth is 1
Handshake duration: 210.70 ms
Execution 345 - TLS Mutual
s_connection: verify depth is 1
Handshake duration: 211.09 ms
Execution 346 - TLS Mutual
s_connection: verify depth is 1
Handshake duration: 222.43 ms
Execution 347 - TLS Mutual
s_connection: verify depth is 1
Handshake duration: 222.02 ms
Execution 348 - TLS Mutual
s_connection: verify depth is 1
Handshake duration: 218.95 ms
Execution 349 - TLS Mutual
s_connection: verify depth is 1
Handshake duration: 220.83 ms
Execution 350 - TLS Mutual
s_connection: verify depth is 1
Handshake duration: 215.68 ms
Execution 351 - TLS Mutual
s_connection: verify depth is 1
Handshake duration: 382.04 ms
Execution 352 - TLS Mutual
s_connection: verify depth is 1
Handshake duration: 210.53 ms
Execution 353 - TLS Mutual
s_connection: verify depth is 1
Handshake duration: 212.05 ms
Execution 354 - TLS Mutual
s_connection: verify depth is 1
Handshake duration: 222.18 ms
Execution 355 - TLS Mutual
s_connection: verify depth is 1
Handshake duration: 310.39 ms
Execution 356 - TLS Mutual
s_connection: verify depth is 1
Handshake duration: 220.89 ms
Execution 357 - TLS Mutual
s_connection: verify depth is 1
Handshake duration: 214.03 ms
Execution 358 - TLS Mutual
s_connection: verify depth is 1
Handshake duration: 212.10 ms
Execution 359 - TLS Mutual
s_connection: verify depth is 1
Handshake duration: 223.21 ms
Execution 360 - TLS Mutual
s_connection: verify depth is 1
Handshake duration: 214.87 ms
Execution 361 - TLS Mutual
s_connection: verify depth is 1
Handshake duration: 220.26 ms
Execution 362 - TLS Mutual
s_connection: verify depth is 1
Handshake duration: 213.95 ms
Execution 363 - TLS Mutual
s_connection: verify depth is 1
Handshake duration: 212.01 ms
Execution 364 - TLS Mutual
s_connection: verify depth is 1
Handshake duration: 212.33 ms
Execution 365 - TLS Mutual
s_connection: verify depth is 1
Handshake duration: 213.85 ms
Execution 366 - TLS Mutual
s_connection: verify depth is 1
Handshake duration: 221.58 ms
Execution 367 - TLS Mutual
s_connection: verify depth is 1
Handshake duration: 220.81 ms
Execution 368 - TLS Mutual
s_connection: verify depth is 1
Handshake duration: 215.82 ms
Execution 369 - TLS Mutual
s_connection: verify depth is 1
Handshake duration: 207.66 ms
Execution 370 - TLS Mutual
s_connection: verify depth is 1
Handshake duration: 213.03 ms
Execution 371 - TLS Mutual
s_connection: verify depth is 1
Handshake duration: 217.20 ms
Execution 372 - TLS Mutual
s_connection: verify depth is 1
Handshake duration: 214.80 ms
Execution 373 - TLS Mutual
s_connection: verify depth is 1
Handshake duration: 220.58 ms
Execution 374 - TLS Mutual
s_connection: verify depth is 1
Handshake duration: 208.65 ms
Execution 375 - TLS Mutual
s_connection: verify depth is 1
Handshake duration: 217.12 ms
Execution 376 - TLS Mutual
s_connection: verify depth is 1
Handshake duration: 220.02 ms
Execution 377 - TLS Mutual
s_connection: verify depth is 1
Handshake duration: 220.87 ms
Execution 378 - TLS Mutual
s_connection: verify depth is 1
Handshake duration: 221.36 ms
Execution 379 - TLS Mutual
s_connection: verify depth is 1
Handshake duration: 211.18 ms
Execution 380 - TLS Mutual
s_connection: verify depth is 1
Handshake duration: 215.18 ms
Execution 381 - TLS Mutual
s_connection: verify depth is 1
Handshake duration: 211.35 ms
Execution 382 - TLS Mutual
s_connection: verify depth is 1
Handshake duration: 214.37 ms
Execution 383 - TLS Mutual
s_connection: verify depth is 1
Handshake duration: 214.84 ms
Execution 384 - TLS Mutual
s_connection: verify depth is 1
Handshake duration: 214.70 ms
Execution 385 - TLS Mutual
s_connection: verify depth is 1
Handshake duration: 212.47 ms
Execution 386 - TLS Mutual
s_connection: verify depth is 1
Handshake duration: 220.73 ms
Execution 387 - TLS Mutual
s_connection: verify depth is 1
Handshake duration: 217.03 ms
Execution 388 - TLS Mutual
s_connection: verify depth is 1
Handshake duration: 218.00 ms
Execution 389 - TLS Mutual
s_connection: verify depth is 1
Handshake duration: 219.96 ms
Execution 390 - TLS Mutual
s_connection: verify depth is 1
Handshake duration: 212.10 ms
Execution 391 - TLS Mutual
s_connection: verify depth is 1
Handshake duration: 210.27 ms
Execution 392 - TLS Mutual
s_connection: verify depth is 1
Handshake duration: 218.77 ms
Execution 393 - TLS Mutual
s_connection: verify depth is 1
Handshake duration: 214.86 ms
Execution 394 - TLS Mutual
s_connection: verify depth is 1
Handshake duration: 213.59 ms
Execution 395 - TLS Mutual
s_connection: verify depth is 1
Handshake duration: 216.76 ms
Execution 396 - TLS Mutual
s_connection: verify depth is 1
Handshake duration: 217.66 ms
Execution 397 - TLS Mutual
s_connection: verify depth is 1
Handshake duration: 221.04 ms
Execution 398 - TLS Mutual
s_connection: verify depth is 1
Handshake duration: 220.62 ms
Execution 399 - TLS Mutual
s_connection: verify depth is 1
Handshake duration: 222.04 ms
Execution 400 - TLS Mutual
s_connection: verify depth is 1
Handshake duration: 214.04 ms
Execution 401 - TLS Mutual
s_connection: verify depth is 1
Handshake duration: 221.32 ms
Execution 402 - TLS Mutual
s_connection: verify depth is 1
Handshake duration: 222.45 ms
Execution 403 - TLS Mutual
s_connection: verify depth is 1
Handshake duration: 219.28 ms
Execution 404 - TLS Mutual
s_connection: verify depth is 1
Handshake duration: 221.44 ms
Execution 405 - TLS Mutual
s_connection: verify depth is 1
Handshake duration: 221.82 ms
Execution 406 - TLS Mutual
s_connection: verify depth is 1
Handshake duration: 219.76 ms
Execution 407 - TLS Mutual
s_connection: verify depth is 1
Handshake duration: 222.29 ms
Execution 408 - TLS Mutual
s_connection: verify depth is 1
Handshake duration: 219.14 ms
Execution 409 - TLS Mutual
s_connection: verify depth is 1
Handshake duration: 213.33 ms
Execution 410 - TLS Mutual
s_connection: verify depth is 1
Handshake duration: 201.01 ms
Execution 411 - TLS Mutual
s_connection: verify depth is 1
Handshake duration: 221.12 ms
Execution 412 - TLS Mutual
s_connection: verify depth is 1
Handshake duration: 222.04 ms
Execution 413 - TLS Mutual
s_connection: verify depth is 1
Handshake duration: 214.87 ms
Execution 414 - TLS Mutual
s_connection: verify depth is 1
Handshake duration: 218.95 ms
Execution 415 - TLS Mutual
s_connection: verify depth is 1
Handshake duration: 222.34 ms
Execution 416 - TLS Mutual
s_connection: verify depth is 1
Handshake duration: 221.12 ms
Execution 417 - TLS Mutual
s_connection: verify depth is 1
Handshake duration: 220.22 ms
Execution 418 - TLS Mutual
s_connection: verify depth is 1
Handshake duration: 220.14 ms
Execution 419 - TLS Mutual
s_connection: verify depth is 1
Handshake duration: 216.18 ms
Execution 420 - TLS Mutual
s_connection: verify depth is 1
Handshake duration: 213.37 ms
Execution 421 - TLS Mutual
s_connection: verify depth is 1
Handshake duration: 217.11 ms
Execution 422 - TLS Mutual
s_connection: verify depth is 1
Handshake duration: 214.80 ms
Execution 423 - TLS Mutual
s_connection: verify depth is 1
Handshake duration: 215.91 ms
Execution 424 - TLS Mutual
s_connection: verify depth is 1
Handshake duration: 216.59 ms
Execution 425 - TLS Mutual
s_connection: verify depth is 1
Handshake duration: 216.44 ms
Execution 426 - TLS Mutual
s_connection: verify depth is 1
Handshake duration: 208.58 ms
Execution 427 - TLS Mutual
s_connection: verify depth is 1
Handshake duration: 212.48 ms
Execution 428 - TLS Mutual
s_connection: verify depth is 1
Handshake duration: 211.94 ms
Execution 429 - TLS Mutual
s_connection: verify depth is 1
Handshake duration: 210.39 ms
Execution 430 - TLS Mutual
s_connection: verify depth is 1
Handshake duration: 212.01 ms
Execution 431 - TLS Mutual
s_connection: verify depth is 1
Handshake duration: 212.31 ms
Execution 432 - TLS Mutual
s_connection: verify depth is 1
Handshake duration: 196.72 ms
Execution 433 - TLS Mutual
s_connection: verify depth is 1
Handshake duration: 219.26 ms
Execution 434 - TLS Mutual
s_connection: verify depth is 1
Handshake duration: 216.05 ms
Execution 435 - TLS Mutual
s_connection: verify depth is 1
Handshake duration: 215.89 ms
Execution 436 - TLS Mutual
s_connection: verify depth is 1
Handshake duration: 221.62 ms
Execution 437 - TLS Mutual
s_connection: verify depth is 1
Handshake duration: 216.07 ms
Execution 438 - TLS Mutual
s_connection: verify depth is 1
Handshake duration: 220.33 ms
Execution 439 - TLS Mutual
s_connection: verify depth is 1
Handshake duration: 219.88 ms
Execution 440 - TLS Mutual
s_connection: verify depth is 1
Handshake duration: 222.17 ms
Execution 441 - TLS Mutual
s_connection: verify depth is 1
Handshake duration: 215.87 ms
Execution 442 - TLS Mutual
s_connection: verify depth is 1
Handshake duration: 212.69 ms
Execution 443 - TLS Mutual
s_connection: verify depth is 1
Handshake duration: 178.20 ms
Execution 444 - TLS Mutual
s_connection: verify depth is 1
Handshake duration: 207.27 ms
Execution 445 - TLS Mutual
s_connection: verify depth is 1
Handshake duration: 218.95 ms
Execution 446 - TLS Mutual
s_connection: verify depth is 1
Handshake duration: 216.60 ms
Execution 447 - TLS Mutual
s_connection: verify depth is 1
Handshake duration: 219.03 ms
Execution 448 - TLS Mutual
s_connection: verify depth is 1
Handshake duration: 217.44 ms
Execution 449 - TLS Mutual
s_connection: verify depth is 1
Handshake duration: 220.66 ms
Execution 450 - TLS Mutual
s_connection: verify depth is 1
Handshake duration: 213.82 ms
Execution 451 - TLS Mutual
s_connection: verify depth is 1
Handshake duration: 208.67 ms
Execution 452 - TLS Mutual
s_connection: verify depth is 1
Handshake duration: 216.58 ms
Execution 453 - TLS Mutual
s_connection: verify depth is 1
Handshake duration: 220.10 ms
Execution 454 - TLS Mutual
s_connection: verify depth is 1
Handshake duration: 215.70 ms
Execution 455 - TLS Mutual
s_connection: verify depth is 1
Handshake duration: 215.23 ms
Execution 456 - TLS Mutual
s_connection: verify depth is 1
Handshake duration: 213.01 ms
Execution 457 - TLS Mutual
s_connection: verify depth is 1
Handshake duration: 221.17 ms
Execution 458 - TLS Mutual
s_connection: verify depth is 1
Handshake duration: 221.71 ms
Execution 459 - TLS Mutual
s_connection: verify depth is 1
Handshake duration: 221.39 ms
Execution 460 - TLS Mutual
s_connection: verify depth is 1
Handshake duration: 219.51 ms
Execution 461 - TLS Mutual
s_connection: verify depth is 1
Handshake duration: 221.79 ms
Execution 462 - TLS Mutual
s_connection: verify depth is 1
Handshake duration: 222.87 ms
Execution 463 - TLS Mutual
s_connection: verify depth is 1
Handshake duration: 221.87 ms
Execution 464 - TLS Mutual
s_connection: verify depth is 1
Handshake duration: 221.46 ms
Execution 465 - TLS Mutual
s_connection: verify depth is 1
Handshake duration: 250.10 ms
Execution 466 - TLS Mutual
s_connection: verify depth is 1
Handshake duration: 217.91 ms
Execution 467 - TLS Mutual
s_connection: verify depth is 1
Handshake duration: 221.70 ms
Execution 468 - TLS Mutual
s_connection: verify depth is 1
Handshake duration: 216.32 ms
Execution 469 - TLS Mutual
s_connection: verify depth is 1
Handshake duration: 219.53 ms
Execution 470 - TLS Mutual
s_connection: verify depth is 1
Handshake duration: 217.32 ms
Execution 471 - TLS Mutual
s_connection: verify depth is 1
Handshake duration: 218.87 ms
Execution 472 - TLS Mutual
s_connection: verify depth is 1
Handshake duration: 246.86 ms
Execution 473 - TLS Mutual
s_connection: verify depth is 1
Handshake duration: 221.82 ms
Execution 474 - TLS Mutual
s_connection: verify depth is 1
Handshake duration: 211.72 ms
Execution 475 - TLS Mutual
s_connection: verify depth is 1
Handshake duration: 219.57 ms
Execution 476 - TLS Mutual
s_connection: verify depth is 1
Handshake duration: 221.68 ms
Execution 477 - TLS Mutual
s_connection: verify depth is 1
Handshake duration: 222.83 ms
Execution 478 - TLS Mutual
s_connection: verify depth is 1
Handshake duration: 212.74 ms
Execution 479 - TLS Mutual
s_connection: verify depth is 1
Handshake duration: 216.07 ms
Execution 480 - TLS Mutual
s_connection: verify depth is 1
Handshake duration: 208.43 ms
Execution 481 - TLS Mutual
s_connection: verify depth is 1
Handshake duration: 224.53 ms
Execution 482 - TLS Mutual
s_connection: verify depth is 1
Handshake duration: 221.50 ms
Execution 483 - TLS Mutual
s_connection: verify depth is 1
Handshake duration: 220.70 ms
Execution 484 - TLS Mutual
s_connection: verify depth is 1
Handshake duration: 221.43 ms
Execution 485 - TLS Mutual
s_connection: verify depth is 1
Handshake duration: 219.22 ms
Execution 486 - TLS Mutual
s_connection: verify depth is 1
Handshake duration: 219.68 ms
Execution 487 - TLS Mutual
s_connection: verify depth is 1
Handshake duration: 220.95 ms
Execution 488 - TLS Mutual
s_connection: verify depth is 1
Handshake duration: 211.69 ms
Execution 489 - TLS Mutual
s_connection: verify depth is 1
Handshake duration: 210.22 ms
Execution 490 - TLS Mutual
s_connection: verify depth is 1
Handshake duration: 218.77 ms
Execution 491 - TLS Mutual
s_connection: verify depth is 1
Handshake duration: 214.24 ms
Execution 492 - TLS Mutual
s_connection: verify depth is 1
Handshake duration: 215.20 ms
Execution 493 - TLS Mutual
s_connection: verify depth is 1
Handshake duration: 216.02 ms
Execution 494 - TLS Mutual
s_connection: verify depth is 1
Handshake duration: 219.15 ms
Execution 495 - TLS Mutual
s_connection: verify depth is 1
Handshake duration: 219.36 ms
Execution 496 - TLS Mutual
s_connection: verify depth is 1
Handshake duration: 219.89 ms
Execution 497 - TLS Mutual
s_connection: verify depth is 1
Handshake duration: 221.85 ms
Execution 498 - TLS Mutual
s_connection: verify depth is 1
Handshake duration: 221.46 ms
Execution 499 - TLS Mutual
s_connection: verify depth is 1
Handshake duration: 220.25 ms
Execution 500 - TLS Mutual
s_connection: verify depth is 1
Handshake duration: 217.29 ms
