Applying netem rules to lo...
Showing qdisc status for the interface: lo
qdisc netem 816c: root refcnt 2 limit 1000 seed 16957242346029284602
 Sent 0 bytes 0 pkt (dropped 0, overlimits 0 requeues 0) 
 backlog 0b 0p requeues 0
Running ./perftestClientTlsQuic.sh with SIG_ALG=mldsa87 and KEM_ALG=p521_mlkem1024
Execution 1 - TLS Mutual
s_connection: verify depth is 1
Handshake duration: 294.86 ms
Execution 2 - TLS Mutual
s_connection: verify depth is 1
Handshake duration: 264.97 ms
Execution 3 - TLS Mutual
s_connection: verify depth is 1
Handshake duration: 261.33 ms
Execution 4 - TLS Mutual
s_connection: verify depth is 1
Handshake duration: 261.11 ms
Execution 5 - TLS Mutual
s_connection: verify depth is 1
Handshake duration: 261.59 ms
Execution 6 - TLS Mutual
s_connection: verify depth is 1
Handshake duration: 270.74 ms
Execution 7 - TLS Mutual
s_connection: verify depth is 1
Handshake duration: 241.19 ms
Execution 8 - TLS Mutual
s_connection: verify depth is 1
Handshake duration: 259.62 ms
Execution 9 - TLS Mutual
s_connection: verify depth is 1
Handshake duration: 261.27 ms
Execution 10 - TLS Mutual
s_connection: verify depth is 1
Handshake duration: 263.64 ms
Execution 11 - TLS Mutual
s_connection: verify depth is 1
Handshake duration: 258.44 ms
Execution 12 - TLS Mutual
s_connection: verify depth is 1
Handshake duration: 239.00 ms
Execution 13 - TLS Mutual
s_connection: verify depth is 1
Handshake duration: 255.19 ms
Execution 14 - TLS Mutual
s_connection: verify depth is 1
Handshake duration: 261.85 ms
Execution 15 - TLS Mutual
s_connection: verify depth is 1
Handshake duration: 263.68 ms
Execution 16 - TLS Mutual
s_connection: verify depth is 1
Handshake duration: 260.99 ms
Execution 17 - TLS Mutual
s_connection: verify depth is 1
Handshake duration: 235.60 ms
Execution 18 - TLS Mutual
s_connection: verify depth is 1
Handshake duration: 259.66 ms
Execution 19 - TLS Mutual
s_connection: verify depth is 1
Handshake duration: 264.67 ms
Execution 20 - TLS Mutual
s_connection: verify depth is 1
Handshake duration: 250.99 ms
Execution 21 - TLS Mutual
s_connection: verify depth is 1
Handshake duration: 247.68 ms
Execution 22 - TLS Mutual
s_connection: verify depth is 1
Handshake duration: 262.57 ms
Execution 23 - TLS Mutual
s_connection: verify depth is 1
Handshake duration: 245.93 ms
Execution 24 - TLS Mutual
s_connection: verify depth is 1
Handshake duration: 263.80 ms
Execution 25 - TLS Mutual
s_connection: verify depth is 1
Handshake duration: 258.34 ms
Execution 26 - TLS Mutual
s_connection: verify depth is 1
Handshake duration: 261.59 ms
Execution 27 - TLS Mutual
s_connection: verify depth is 1
Handshake duration: 266.62 ms
Execution 28 - TLS Mutual
s_connection: verify depth is 1
Handshake duration: 263.79 ms
Execution 29 - TLS Mutual
s_connection: verify depth is 1
Handshake duration: 255.19 ms
Execution 30 - TLS Mutual
s_connection: verify depth is 1
Handshake duration: 267.45 ms
Execution 31 - TLS Mutual
s_connection: verify depth is 1
Handshake duration: 246.96 ms
Execution 32 - TLS Mutual
s_connection: verify depth is 1
Handshake duration: 261.33 ms
Execution 33 - TLS Mutual
s_connection: verify depth is 1
Handshake duration: 262.56 ms
Execution 34 - TLS Mutual
s_connection: verify depth is 1
Handshake duration: 265.11 ms
Execution 35 - TLS Mutual
s_connection: verify depth is 1
Handshake duration: 257.41 ms
Execution 36 - TLS Mutual
s_connection: verify depth is 1
Handshake duration: 263.41 ms
Execution 37 - TLS Mutual
s_connection: verify depth is 1
Handshake duration: 259.32 ms
Execution 38 - TLS Mutual
s_connection: verify depth is 1
Handshake duration: 237.71 ms
Execution 39 - TLS Mutual
s_connection: verify depth is 1
Handshake duration: 249.40 ms
Execution 40 - TLS Mutual
s_connection: verify depth is 1
Handshake duration: 233.37 ms
Execution 41 - TLS Mutual
s_connection: verify depth is 1
Handshake duration: 261.69 ms
Execution 42 - TLS Mutual
s_connection: verify depth is 1
Handshake duration: 261.04 ms
Execution 43 - TLS Mutual
s_connection: verify depth is 1
Handshake duration: 254.79 ms
Execution 44 - TLS Mutual
s_connection: verify depth is 1
Handshake duration: 254.03 ms
Execution 45 - TLS Mutual
s_connection: verify depth is 1
Handshake duration: 260.37 ms
Execution 46 - TLS Mutual
s_connection: verify depth is 1
Handshake duration: 252.61 ms
Execution 47 - TLS Mutual
s_connection: verify depth is 1
Handshake duration: 261.44 ms
Execution 48 - TLS Mutual
s_connection: verify depth is 1
Handshake duration: 263.56 ms
Execution 49 - TLS Mutual
s_connection: verify depth is 1
Handshake duration: 238.90 ms
Execution 50 - TLS Mutual
s_connection: verify depth is 1
Handshake duration: 268.23 ms
Execution 51 - TLS Mutual
s_connection: verify depth is 1
Handshake duration: 262.87 ms
Execution 52 - TLS Mutual
s_connection: verify depth is 1
Handshake duration: 258.94 ms
Execution 53 - TLS Mutual
s_connection: verify depth is 1
Handshake duration: 254.97 ms
Execution 54 - TLS Mutual
s_connection: verify depth is 1
Handshake duration: 243.32 ms
Execution 55 - TLS Mutual
s_connection: verify depth is 1
Handshake duration: 253.81 ms
Execution 56 - TLS Mutual
s_connection: verify depth is 1
Handshake duration: 236.91 ms
Execution 57 - TLS Mutual
s_connection: verify depth is 1
Handshake duration: 264.11 ms
Execution 58 - TLS Mutual
s_connection: verify depth is 1
Handshake duration: 261.15 ms
Execution 59 - TLS Mutual
s_connection: verify depth is 1
Handshake duration: 261.04 ms
Execution 60 - TLS Mutual
s_connection: verify depth is 1
Handshake duration: 263.70 ms
Execution 61 - TLS Mutual
s_connection: verify depth is 1
Handshake duration: 261.35 ms
Execution 62 - TLS Mutual
s_connection: verify depth is 1
Handshake duration: 258.75 ms
Execution 63 - TLS Mutual
s_connection: verify depth is 1
Handshake duration: 261.92 ms
Execution 64 - TLS Mutual
s_connection: verify depth is 1
Handshake duration: 260.31 ms
Execution 65 - TLS Mutual
s_connection: verify depth is 1
Handshake duration: 262.09 ms
Execution 66 - TLS Mutual
s_connection: verify depth is 1
Handshake duration: 256.85 ms
Execution 67 - TLS Mutual
s_connection: verify depth is 1
Handshake duration: 262.56 ms
Execution 68 - TLS Mutual
s_connection: verify depth is 1
Handshake duration: 260.96 ms
Execution 69 - TLS Mutual
s_connection: verify depth is 1
Handshake duration: 258.10 ms
Execution 70 - TLS Mutual
s_connection: verify depth is 1
Handshake duration: 263.38 ms
Execution 71 - TLS Mutual
s_connection: verify depth is 1
Handshake duration: 257.83 ms
Execution 72 - TLS Mutual
s_connection: verify depth is 1
Handshake duration: 238.24 ms
Execution 73 - TLS Mutual
s_connection: verify depth is 1
Handshake duration: 249.29 ms
Execution 74 - TLS Mutual
s_connection: verify depth is 1
Handshake duration: 229.63 ms
Execution 75 - TLS Mutual
s_connection: verify depth is 1
Handshake duration: 263.57 ms
Execution 76 - TLS Mutual
s_connection: verify depth is 1
Handshake duration: 263.15 ms
Execution 77 - TLS Mutual
s_connection: verify depth is 1
Handshake duration: 259.28 ms
Execution 78 - TLS Mutual
s_connection: verify depth is 1
Handshake duration: 243.07 ms
Execution 79 - TLS Mutual
s_connection: verify depth is 1
Handshake duration: 250.60 ms
Execution 80 - TLS Mutual
s_connection: verify depth is 1
Handshake duration: 252.16 ms
Execution 81 - TLS Mutual
s_connection: verify depth is 1
Handshake duration: 263.00 ms
Execution 82 - TLS Mutual
s_connection: verify depth is 1
Handshake duration: 263.55 ms
Execution 83 - TLS Mutual
s_connection: verify depth is 1
Handshake duration: 260.56 ms
Execution 84 - TLS Mutual
s_connection: verify depth is 1
Handshake duration: 261.52 ms
Execution 85 - TLS Mutual
s_connection: verify depth is 1
Handshake duration: 237.06 ms
Execution 86 - TLS Mutual
s_connection: verify depth is 1
Handshake duration: 258.21 ms
Execution 87 - TLS Mutual
s_connection: verify depth is 1
Handshake duration: 262.14 ms
Execution 88 - TLS Mutual
s_connection: verify depth is 1
Handshake duration: 241.57 ms
Execution 89 - TLS Mutual
s_connection: verify depth is 1
Handshake duration: 254.65 ms
Execution 90 - TLS Mutual
s_connection: verify depth is 1
Handshake duration: 262.57 ms
Execution 91 - TLS Mutual
s_connection: verify depth is 1
Handshake duration: 235.95 ms
Execution 92 - TLS Mutual
s_connection: verify depth is 1
Handshake duration: 262.70 ms
Execution 93 - TLS Mutual
s_connection: verify depth is 1
Handshake duration: 263.38 ms
Execution 94 - TLS Mutual
s_connection: verify depth is 1
Handshake duration: 261.24 ms
Execution 95 - TLS Mutual
s_connection: verify depth is 1
Handshake duration: 259.02 ms
Execution 96 - TLS Mutual
s_connection: verify depth is 1
Handshake duration: 260.90 ms
Execution 97 - TLS Mutual
s_connection: verify depth is 1
Handshake duration: 262.76 ms
Execution 98 - TLS Mutual
s_connection: verify depth is 1
Handshake duration: 242.74 ms
Execution 99 - TLS Mutual
s_connection: verify depth is 1
Handshake duration: 268.64 ms
Execution 100 - TLS Mutual
s_connection: verify depth is 1
Handshake duration: 264.10 ms
Execution 101 - TLS Mutual
s_connection: verify depth is 1
Handshake duration: 257.37 ms
Execution 102 - TLS Mutual
s_connection: verify depth is 1
Handshake duration: 258.18 ms
Execution 103 - TLS Mutual
s_connection: verify depth is 1
Handshake duration: 262.75 ms
Execution 104 - TLS Mutual
s_connection: verify depth is 1
Handshake duration: 235.31 ms
Execution 105 - TLS Mutual
s_connection: verify depth is 1
Handshake duration: 236.48 ms
Execution 106 - TLS Mutual
s_connection: verify depth is 1
Handshake duration: 235.27 ms
Execution 107 - TLS Mutual
s_connection: verify depth is 1
Handshake duration: 239.34 ms
Execution 108 - TLS Mutual
s_connection: verify depth is 1
Handshake duration: 242.36 ms
Execution 109 - TLS Mutual
s_connection: verify depth is 1
Handshake duration: 260.59 ms
Execution 110 - TLS Mutual
s_connection: verify depth is 1
Handshake duration: 265.24 ms
Execution 111 - TLS Mutual
s_connection: verify depth is 1
Handshake duration: 262.81 ms
Execution 112 - TLS Mutual
s_connection: verify depth is 1
Handshake duration: 259.48 ms
Execution 113 - TLS Mutual
s_connection: verify depth is 1
Handshake duration: 272.03 ms
Execution 114 - TLS Mutual
s_connection: verify depth is 1
Handshake duration: 260.05 ms
Execution 115 - TLS Mutual
s_connection: verify depth is 1
Handshake duration: 259.56 ms
Execution 116 - TLS Mutual
s_connection: verify depth is 1
Handshake duration: 245.86 ms
Execution 117 - TLS Mutual
s_connection: verify depth is 1
Handshake duration: 252.77 ms
Execution 118 - TLS Mutual
s_connection: verify depth is 1
Handshake duration: 261.97 ms
Execution 119 - TLS Mutual
s_connection: verify depth is 1
Handshake duration: 243.06 ms
Execution 120 - TLS Mutual
s_connection: verify depth is 1
Handshake duration: 244.44 ms
Execution 121 - TLS Mutual
s_connection: verify depth is 1
Handshake duration: 244.23 ms
Execution 122 - TLS Mutual
s_connection: verify depth is 1
Handshake duration: 251.13 ms
Execution 123 - TLS Mutual
s_connection: verify depth is 1
Handshake duration: 267.34 ms
Execution 124 - TLS Mutual
s_connection: verify depth is 1
Handshake duration: 250.65 ms
Execution 125 - TLS Mutual
s_connection: verify depth is 1
Handshake duration: 251.98 ms
Execution 126 - TLS Mutual
s_connection: verify depth is 1
Handshake duration: 234.35 ms
Execution 127 - TLS Mutual
s_connection: verify depth is 1
Handshake duration: 262.97 ms
Execution 128 - TLS Mutual
s_connection: verify depth is 1
Handshake duration: 255.02 ms
Execution 129 - TLS Mutual
s_connection: verify depth is 1
Handshake duration: 259.52 ms
Execution 130 - TLS Mutual
s_connection: verify depth is 1
Handshake duration: 254.77 ms
Execution 131 - TLS Mutual
s_connection: verify depth is 1
Handshake duration: 261.88 ms
Execution 132 - TLS Mutual
s_connection: verify depth is 1
Handshake duration: 266.27 ms
Execution 133 - TLS Mutual
s_connection: verify depth is 1
Handshake duration: 266.43 ms
Execution 134 - TLS Mutual
s_connection: verify depth is 1
Handshake duration: 237.28 ms
Execution 135 - TLS Mutual
s_connection: verify depth is 1
Handshake duration: 260.03 ms
Execution 136 - TLS Mutual
s_connection: verify depth is 1
Handshake duration: 245.49 ms
Execution 137 - TLS Mutual
s_connection: verify depth is 1
Handshake duration: 243.92 ms
Execution 138 - TLS Mutual
s_connection: verify depth is 1
Handshake duration: 257.23 ms
Execution 139 - TLS Mutual
s_connection: verify depth is 1
Handshake duration: 260.89 ms
Execution 140 - TLS Mutual
s_connection: verify depth is 1
Handshake duration: 259.73 ms
Execution 141 - TLS Mutual
s_connection: verify depth is 1
Handshake duration: 259.48 ms
Execution 142 - TLS Mutual
s_connection: verify depth is 1
Handshake duration: 257.29 ms
Execution 143 - TLS Mutual
s_connection: verify depth is 1
Handshake duration: 261.72 ms
Execution 144 - TLS Mutual
s_connection: verify depth is 1
Handshake duration: 254.85 ms
Execution 145 - TLS Mutual
s_connection: verify depth is 1
Handshake duration: 260.08 ms
Execution 146 - TLS Mutual
s_connection: verify depth is 1
Handshake duration: 257.88 ms
Execution 147 - TLS Mutual
s_connection: verify depth is 1
Handshake duration: 254.19 ms
Execution 148 - TLS Mutual
s_connection: verify depth is 1
Handshake duration: 249.22 ms
Execution 149 - TLS Mutual
s_connection: verify depth is 1
Handshake duration: 245.25 ms
Execution 150 - TLS Mutual
s_connection: verify depth is 1
Handshake duration: 258.75 ms
Execution 151 - TLS Mutual
s_connection: verify depth is 1
Handshake duration: 244.12 ms
Execution 152 - TLS Mutual
s_connection: verify depth is 1
Handshake duration: 263.36 ms
Execution 153 - TLS Mutual
s_connection: verify depth is 1
Handshake duration: 240.19 ms
Execution 154 - TLS Mutual
s_connection: verify depth is 1
Handshake duration: 234.32 ms
Execution 155 - TLS Mutual
s_connection: verify depth is 1
Handshake duration: 260.95 ms
Execution 156 - TLS Mutual
s_connection: verify depth is 1
Handshake duration: 260.06 ms
Execution 157 - TLS Mutual
s_connection: verify depth is 1
Handshake duration: 260.29 ms
Execution 158 - TLS Mutual
s_connection: verify depth is 1
Handshake duration: 236.54 ms
Execution 159 - TLS Mutual
s_connection: verify depth is 1
Handshake duration: 251.28 ms
Execution 160 - TLS Mutual
s_connection: verify depth is 1
Handshake duration: 262.60 ms
Execution 161 - TLS Mutual
s_connection: verify depth is 1
Handshake duration: 264.53 ms
Execution 162 - TLS Mutual
s_connection: verify depth is 1
Handshake duration: 260.37 ms
Execution 163 - TLS Mutual
s_connection: verify depth is 1
Handshake duration: 264.83 ms
Execution 164 - TLS Mutual
s_connection: verify depth is 1
Handshake duration: 262.29 ms
Execution 165 - TLS Mutual
s_connection: verify depth is 1
Handshake duration: 235.54 ms
Execution 166 - TLS Mutual
s_connection: verify depth is 1
Handshake duration: 240.65 ms
Execution 167 - TLS Mutual
s_connection: verify depth is 1
Handshake duration: 264.25 ms
Execution 168 - TLS Mutual
s_connection: verify depth is 1
Handshake duration: 261.46 ms
Execution 169 - TLS Mutual
s_connection: verify depth is 1
Handshake duration: 269.80 ms
Execution 170 - TLS Mutual
s_connection: verify depth is 1
Handshake duration: 242.36 ms
Execution 171 - TLS Mutual
s_connection: verify depth is 1
Handshake duration: 262.06 ms
Execution 172 - TLS Mutual
s_connection: verify depth is 1
Handshake duration: 264.05 ms
Execution 173 - TLS Mutual
s_connection: verify depth is 1
Handshake duration: 266.08 ms
Execution 174 - TLS Mutual
s_connection: verify depth is 1
Handshake duration: 266.62 ms
Execution 175 - TLS Mutual
s_connection: verify depth is 1
Handshake duration: 247.75 ms
Execution 176 - TLS Mutual
s_connection: verify depth is 1
Handshake duration: 258.33 ms
Execution 177 - TLS Mutual
s_connection: verify depth is 1
Handshake duration: 264.39 ms
Execution 178 - TLS Mutual
s_connection: verify depth is 1
Handshake duration: 252.56 ms
Execution 179 - TLS Mutual
s_connection: verify depth is 1
Handshake duration: 254.73 ms
Execution 180 - TLS Mutual
s_connection: verify depth is 1
Handshake duration: 266.36 ms
Execution 181 - TLS Mutual
s_connection: verify depth is 1
Handshake duration: 251.84 ms
Execution 182 - TLS Mutual
s_connection: verify depth is 1
Handshake duration: 250.85 ms
Execution 183 - TLS Mutual
s_connection: verify depth is 1
Handshake duration: 236.23 ms
Execution 184 - TLS Mutual
s_connection: verify depth is 1
Handshake duration: 236.94 ms
Execution 185 - TLS Mutual
s_connection: verify depth is 1
Handshake duration: 260.76 ms
Execution 186 - TLS Mutual
s_connection: verify depth is 1
Handshake duration: 244.92 ms
Execution 187 - TLS Mutual
s_connection: verify depth is 1
Handshake duration: 243.39 ms
Execution 188 - TLS Mutual
s_connection: verify depth is 1
Handshake duration: 242.01 ms
Execution 189 - TLS Mutual
s_connection: verify depth is 1
Handshake duration: 249.45 ms
Execution 190 - TLS Mutual
s_connection: verify depth is 1
Handshake duration: 237.94 ms
Execution 191 - TLS Mutual
s_connection: verify depth is 1
Handshake duration: 262.12 ms
Execution 192 - TLS Mutual
s_connection: verify depth is 1
Handshake duration: 258.95 ms
Execution 193 - TLS Mutual
s_connection: verify depth is 1
Handshake duration: 259.90 ms
Execution 194 - TLS Mutual
s_connection: verify depth is 1
Handshake duration: 249.24 ms
Execution 195 - TLS Mutual
s_connection: verify depth is 1
Handshake duration: 256.77 ms
Execution 196 - TLS Mutual
s_connection: verify depth is 1
Handshake duration: 247.93 ms
Execution 197 - TLS Mutual
s_connection: verify depth is 1
Handshake duration: 262.76 ms
Execution 198 - TLS Mutual
s_connection: verify depth is 1
Handshake duration: 260.47 ms
Execution 199 - TLS Mutual
s_connection: verify depth is 1
Handshake duration: 254.42 ms
Execution 200 - TLS Mutual
s_connection: verify depth is 1
Handshake duration: 252.09 ms
Execution 201 - TLS Mutual
s_connection: verify depth is 1
Handshake duration: 241.04 ms
Execution 202 - TLS Mutual
s_connection: verify depth is 1
Handshake duration: 252.29 ms
Execution 203 - TLS Mutual
s_connection: verify depth is 1
Handshake duration: 262.11 ms
Execution 204 - TLS Mutual
s_connection: verify depth is 1
Handshake duration: 267.17 ms
Execution 205 - TLS Mutual
s_connection: verify depth is 1
Handshake duration: 240.82 ms
Execution 206 - TLS Mutual
s_connection: verify depth is 1
Handshake duration: 240.97 ms
Execution 207 - TLS Mutual
s_connection: verify depth is 1
Handshake duration: 239.73 ms
Execution 208 - TLS Mutual
s_connection: verify depth is 1
Handshake duration: 247.01 ms
Execution 209 - TLS Mutual
s_connection: verify depth is 1
Handshake duration: 257.62 ms
Execution 210 - TLS Mutual
s_connection: verify depth is 1
Handshake duration: 266.59 ms
Execution 211 - TLS Mutual
s_connection: verify depth is 1
Handshake duration: 267.27 ms
Execution 212 - TLS Mutual
s_connection: verify depth is 1
Handshake duration: 239.33 ms
Execution 213 - TLS Mutual
s_connection: verify depth is 1
Handshake duration: 259.88 ms
Execution 214 - TLS Mutual
s_connection: verify depth is 1
Handshake duration: 236.33 ms
Execution 215 - TLS Mutual
s_connection: verify depth is 1
Handshake duration: 266.17 ms
Execution 216 - TLS Mutual
s_connection: verify depth is 1
Handshake duration: 247.17 ms
Execution 217 - TLS Mutual
s_connection: verify depth is 1
Handshake duration: 260.85 ms
Execution 218 - TLS Mutual
s_connection: verify depth is 1
Handshake duration: 250.41 ms
Execution 219 - TLS Mutual
s_connection: verify depth is 1
Handshake duration: 236.39 ms
Execution 220 - TLS Mutual
s_connection: verify depth is 1
Handshake duration: 240.99 ms
Execution 221 - TLS Mutual
s_connection: verify depth is 1
Handshake duration: 243.47 ms
Execution 222 - TLS Mutual
s_connection: verify depth is 1
Handshake duration: 247.58 ms
Execution 223 - TLS Mutual
s_connection: verify depth is 1
Handshake duration: 243.66 ms
Execution 224 - TLS Mutual
s_connection: verify depth is 1
Handshake duration: 262.66 ms
Execution 225 - TLS Mutual
s_connection: verify depth is 1
Handshake duration: 235.70 ms
Execution 226 - TLS Mutual
s_connection: verify depth is 1
Handshake duration: 265.25 ms
Execution 227 - TLS Mutual
s_connection: verify depth is 1
Handshake duration: 235.39 ms
Execution 228 - TLS Mutual
s_connection: verify depth is 1
Handshake duration: 236.48 ms
Execution 229 - TLS Mutual
s_connection: verify depth is 1
Handshake duration: 242.02 ms
Execution 230 - TLS Mutual
s_connection: verify depth is 1
Handshake duration: 240.76 ms
Execution 231 - TLS Mutual
s_connection: verify depth is 1
Handshake duration: 260.09 ms
Execution 232 - TLS Mutual
s_connection: verify depth is 1
Handshake duration: 262.09 ms
Execution 233 - TLS Mutual
s_connection: verify depth is 1
Handshake duration: 265.69 ms
Execution 234 - TLS Mutual
s_connection: verify depth is 1
Handshake duration: 262.55 ms
Execution 235 - TLS Mutual
s_connection: verify depth is 1
Handshake duration: 262.78 ms
Execution 236 - TLS Mutual
s_connection: verify depth is 1
Handshake duration: 257.81 ms
Execution 237 - TLS Mutual
s_connection: verify depth is 1
Handshake duration: 510.11 ms
Execution 238 - TLS Mutual
s_connection: verify depth is 1
Handshake duration: 240.35 ms
Execution 239 - TLS Mutual
s_connection: verify depth is 1
Handshake duration: 264.76 ms
Execution 240 - TLS Mutual
s_connection: verify depth is 1
Handshake duration: 261.61 ms
Execution 241 - TLS Mutual
s_connection: verify depth is 1
Handshake duration: 256.62 ms
Execution 242 - TLS Mutual
s_connection: verify depth is 1
Handshake duration: 263.69 ms
Execution 243 - TLS Mutual
s_connection: verify depth is 1
Handshake duration: 240.76 ms
Execution 244 - TLS Mutual
s_connection: verify depth is 1
Handshake duration: 263.99 ms
Execution 245 - TLS Mutual
s_connection: verify depth is 1
Handshake duration: 244.27 ms
Execution 246 - TLS Mutual
s_connection: verify depth is 1
Handshake duration: 242.91 ms
Execution 247 - TLS Mutual
s_connection: verify depth is 1
Handshake duration: 261.53 ms
Execution 248 - TLS Mutual
s_connection: verify depth is 1
Handshake duration: 265.51 ms
Execution 249 - TLS Mutual
s_connection: verify depth is 1
Handshake duration: 250.45 ms
Execution 250 - TLS Mutual
s_connection: verify depth is 1
Handshake duration: 261.03 ms
Execution 251 - TLS Mutual
s_connection: verify depth is 1
Handshake duration: 257.83 ms
Execution 252 - TLS Mutual
s_connection: verify depth is 1
Handshake duration: 261.69 ms
Execution 253 - TLS Mutual
s_connection: verify depth is 1
Handshake duration: 266.99 ms
Execution 254 - TLS Mutual
s_connection: verify depth is 1
Handshake duration: 248.97 ms
Execution 255 - TLS Mutual
s_connection: verify depth is 1
Handshake duration: 309.71 ms
Execution 256 - TLS Mutual
s_connection: verify depth is 1
Handshake duration: 236.20 ms
Execution 257 - TLS Mutual
s_connection: verify depth is 1
Handshake duration: 268.20 ms
Execution 258 - TLS Mutual
s_connection: verify depth is 1
Handshake duration: 260.86 ms
Execution 259 - TLS Mutual
s_connection: verify depth is 1
Handshake duration: 263.43 ms
Execution 260 - TLS Mutual
s_connection: verify depth is 1
Handshake duration: 267.87 ms
Execution 261 - TLS Mutual
s_connection: verify depth is 1
Handshake duration: 255.78 ms
Execution 262 - TLS Mutual
s_connection: verify depth is 1
Handshake duration: 252.84 ms
Execution 263 - TLS Mutual
s_connection: verify depth is 1
Handshake duration: 265.51 ms
Execution 264 - TLS Mutual
s_connection: verify depth is 1
Handshake duration: 260.56 ms
Execution 265 - TLS Mutual
s_connection: verify depth is 1
Handshake duration: 233.76 ms
Execution 266 - TLS Mutual
s_connection: verify depth is 1
Handshake duration: 261.35 ms
Execution 267 - TLS Mutual
s_connection: verify depth is 1
Handshake duration: 254.69 ms
Execution 268 - TLS Mutual
s_connection: verify depth is 1
Handshake duration: 238.30 ms
Execution 269 - TLS Mutual
s_connection: verify depth is 1
Handshake duration: 263.00 ms
Execution 270 - TLS Mutual
s_connection: verify depth is 1
Handshake duration: 248.70 ms
Execution 271 - TLS Mutual
s_connection: verify depth is 1
Handshake duration: 265.11 ms
Execution 272 - TLS Mutual
s_connection: verify depth is 1
Handshake duration: 270.28 ms
Execution 273 - TLS Mutual
s_connection: verify depth is 1
Handshake duration: 241.78 ms
Execution 274 - TLS Mutual
s_connection: verify depth is 1
Handshake duration: 264.62 ms
Execution 275 - TLS Mutual
s_connection: verify depth is 1
Handshake duration: 265.16 ms
Execution 276 - TLS Mutual
s_connection: verify depth is 1
Handshake duration: 249.82 ms
Execution 277 - TLS Mutual
s_connection: verify depth is 1
Handshake duration: 256.87 ms
Execution 278 - TLS Mutual
s_connection: verify depth is 1
Handshake duration: 267.32 ms
Execution 279 - TLS Mutual
s_connection: verify depth is 1
Handshake duration: 261.53 ms
Execution 280 - TLS Mutual
s_connection: verify depth is 1
Handshake duration: 260.71 ms
Execution 281 - TLS Mutual
s_connection: verify depth is 1
Handshake duration: 254.42 ms
Execution 282 - TLS Mutual
s_connection: verify depth is 1
Handshake duration: 248.56 ms
Execution 283 - TLS Mutual
s_connection: verify depth is 1
Handshake duration: 257.30 ms
Execution 284 - TLS Mutual
s_connection: verify depth is 1
Handshake duration: 259.21 ms
Execution 285 - TLS Mutual
s_connection: verify depth is 1
Handshake duration: 261.71 ms
Execution 286 - TLS Mutual
s_connection: verify depth is 1
Handshake duration: 250.91 ms
Execution 287 - TLS Mutual
s_connection: verify depth is 1
Handshake duration: 262.85 ms
Execution 288 - TLS Mutual
s_connection: verify depth is 1
Handshake duration: 259.57 ms
Execution 289 - TLS Mutual
s_connection: verify depth is 1
Handshake duration: 250.48 ms
Execution 290 - TLS Mutual
s_connection: verify depth is 1
Handshake duration: 264.29 ms
Execution 291 - TLS Mutual
s_connection: verify depth is 1
Handshake duration: 248.88 ms
Execution 292 - TLS Mutual
s_connection: verify depth is 1
Handshake duration: 242.44 ms
Execution 293 - TLS Mutual
s_connection: verify depth is 1
Handshake duration: 265.55 ms
Execution 294 - TLS Mutual
s_connection: verify depth is 1
Handshake duration: 261.14 ms
Execution 295 - TLS Mutual
s_connection: verify depth is 1
Handshake duration: 258.94 ms
Execution 296 - TLS Mutual
s_connection: verify depth is 1
Handshake duration: 263.36 ms
Execution 297 - TLS Mutual
s_connection: verify depth is 1
Handshake duration: 252.41 ms
Execution 298 - TLS Mutual
s_connection: verify depth is 1
Handshake duration: 233.79 ms
Execution 299 - TLS Mutual
s_connection: verify depth is 1
Handshake duration: 248.74 ms
Execution 300 - TLS Mutual
s_connection: verify depth is 1
Handshake duration: 251.98 ms
Execution 301 - TLS Mutual
s_connection: verify depth is 1
Handshake duration: 263.92 ms
Execution 302 - TLS Mutual
s_connection: verify depth is 1
Handshake duration: 247.55 ms
Execution 303 - TLS Mutual
s_connection: verify depth is 1
Handshake duration: 261.19 ms
Execution 304 - TLS Mutual
s_connection: verify depth is 1
Handshake duration: 258.25 ms
Execution 305 - TLS Mutual
s_connection: verify depth is 1
Handshake duration: 248.21 ms
Execution 306 - TLS Mutual
s_connection: verify depth is 1
Handshake duration: 274.75 ms
Execution 307 - TLS Mutual
s_connection: verify depth is 1
Handshake duration: 260.06 ms
Execution 308 - TLS Mutual
s_connection: verify depth is 1
Handshake duration: 238.31 ms
Execution 309 - TLS Mutual
s_connection: verify depth is 1
Handshake duration: 260.09 ms
Execution 310 - TLS Mutual
s_connection: verify depth is 1
Handshake duration: 260.81 ms
Execution 311 - TLS Mutual
s_connection: verify depth is 1
Handshake duration: 240.56 ms
Execution 312 - TLS Mutual
s_connection: verify depth is 1
Handshake duration: 258.32 ms
Execution 313 - TLS Mutual
s_connection: verify depth is 1
Handshake duration: 242.94 ms
Execution 314 - TLS Mutual
s_connection: verify depth is 1
Handshake duration: 245.66 ms
Execution 315 - TLS Mutual
s_connection: verify depth is 1
Handshake duration: 251.73 ms
Execution 316 - TLS Mutual
s_connection: verify depth is 1
Handshake duration: 244.30 ms
Execution 317 - TLS Mutual
s_connection: verify depth is 1
Handshake duration: 241.90 ms
Execution 318 - TLS Mutual
s_connection: verify depth is 1
Handshake duration: 261.28 ms
Execution 319 - TLS Mutual
s_connection: verify depth is 1
Handshake duration: 263.49 ms
Execution 320 - TLS Mutual
s_connection: verify depth is 1
Handshake duration: 258.37 ms
Execution 321 - TLS Mutual
s_connection: verify depth is 1
Handshake duration: 261.35 ms
Execution 322 - TLS Mutual
s_connection: verify depth is 1
Handshake duration: 248.21 ms
Execution 323 - TLS Mutual
s_connection: verify depth is 1
Handshake duration: 260.99 ms
Execution 324 - TLS Mutual
s_connection: verify depth is 1
Handshake duration: 264.27 ms
Execution 325 - TLS Mutual
s_connection: verify depth is 1
Handshake duration: 265.91 ms
Execution 326 - TLS Mutual
s_connection: verify depth is 1
Handshake duration: 262.80 ms
Execution 327 - TLS Mutual
s_connection: verify depth is 1
Handshake duration: 262.30 ms
Execution 328 - TLS Mutual
s_connection: verify depth is 1
Handshake duration: 266.62 ms
Execution 329 - TLS Mutual
s_connection: verify depth is 1
Handshake duration: 260.21 ms
Execution 330 - TLS Mutual
s_connection: verify depth is 1
Handshake duration: 256.98 ms
Execution 331 - TLS Mutual
s_connection: verify depth is 1
Handshake duration: 258.21 ms
Execution 332 - TLS Mutual
s_connection: verify depth is 1
Handshake duration: 258.07 ms
Execution 333 - TLS Mutual
s_connection: verify depth is 1
Handshake duration: 238.34 ms
Execution 334 - TLS Mutual
s_connection: verify depth is 1
Handshake duration: 262.02 ms
Execution 335 - TLS Mutual
s_connection: verify depth is 1
Handshake duration: 262.65 ms
Execution 336 - TLS Mutual
s_connection: verify depth is 1
Handshake duration: 252.91 ms
Execution 337 - TLS Mutual
s_connection: verify depth is 1
Handshake duration: 263.23 ms
Execution 338 - TLS Mutual
s_connection: verify depth is 1
Handshake duration: 294.91 ms
Execution 339 - TLS Mutual
s_connection: verify depth is 1
Handshake duration: 262.06 ms
Execution 340 - TLS Mutual
s_connection: verify depth is 1
Handshake duration: 250.84 ms
Execution 341 - TLS Mutual
s_connection: verify depth is 1
Handshake duration: 261.37 ms
Execution 342 - TLS Mutual
s_connection: verify depth is 1
Handshake duration: 254.71 ms
Execution 343 - TLS Mutual
s_connection: verify depth is 1
Handshake duration: 258.31 ms
Execution 344 - TLS Mutual
s_connection: verify depth is 1
Handshake duration: 268.04 ms
Execution 345 - TLS Mutual
s_connection: verify depth is 1
Handshake duration: 242.52 ms
Execution 346 - TLS Mutual
s_connection: verify depth is 1
Handshake duration: 251.11 ms
Execution 347 - TLS Mutual
s_connection: verify depth is 1
Handshake duration: 236.02 ms
Execution 348 - TLS Mutual
s_connection: verify depth is 1
Handshake duration: 260.87 ms
Execution 349 - TLS Mutual
s_connection: verify depth is 1
Handshake duration: 248.88 ms
Execution 350 - TLS Mutual
s_connection: verify depth is 1
Handshake duration: 262.79 ms
Execution 351 - TLS Mutual
s_connection: verify depth is 1
Handshake duration: 249.37 ms
Execution 352 - TLS Mutual
s_connection: verify depth is 1
Handshake duration: 273.80 ms
Execution 353 - TLS Mutual
s_connection: verify depth is 1
Handshake duration: 267.05 ms
Execution 354 - TLS Mutual
s_connection: verify depth is 1
Handshake duration: 246.32 ms
Execution 355 - TLS Mutual
s_connection: verify depth is 1
Handshake duration: 250.03 ms
Execution 356 - TLS Mutual
s_connection: verify depth is 1
Handshake duration: 266.37 ms
Execution 357 - TLS Mutual
s_connection: verify depth is 1
Handshake duration: 259.77 ms
Execution 358 - TLS Mutual
s_connection: verify depth is 1
Handshake duration: 262.22 ms
Execution 359 - TLS Mutual
s_connection: verify depth is 1
Handshake duration: 263.06 ms
Execution 360 - TLS Mutual
s_connection: verify depth is 1
Handshake duration: 260.94 ms
Execution 361 - TLS Mutual
s_connection: verify depth is 1
Handshake duration: 264.93 ms
Execution 362 - TLS Mutual
s_connection: verify depth is 1
Handshake duration: 260.18 ms
Execution 363 - TLS Mutual
s_connection: verify depth is 1
Handshake duration: 258.22 ms
Execution 364 - TLS Mutual
s_connection: verify depth is 1
Handshake duration: 261.93 ms
Execution 365 - TLS Mutual
s_connection: verify depth is 1
Handshake duration: 260.88 ms
Execution 366 - TLS Mutual
s_connection: verify depth is 1
Handshake duration: 246.73 ms
Execution 367 - TLS Mutual
s_connection: verify depth is 1
Handshake duration: 262.97 ms
Execution 368 - TLS Mutual
s_connection: verify depth is 1
Handshake duration: 263.66 ms
Execution 369 - TLS Mutual
s_connection: verify depth is 1
Handshake duration: 262.96 ms
Execution 370 - TLS Mutual
s_connection: verify depth is 1
Handshake duration: 261.67 ms
Execution 371 - TLS Mutual
s_connection: verify depth is 1
Handshake duration: 258.13 ms
Execution 372 - TLS Mutual
s_connection: verify depth is 1
Handshake duration: 267.00 ms
Execution 373 - TLS Mutual
s_connection: verify depth is 1
Handshake duration: 263.77 ms
Execution 374 - TLS Mutual
s_connection: verify depth is 1
Handshake duration: 263.85 ms
Execution 375 - TLS Mutual
s_connection: verify depth is 1
Handshake duration: 249.23 ms
Execution 376 - TLS Mutual
s_connection: verify depth is 1
Handshake duration: 264.22 ms
Execution 377 - TLS Mutual
s_connection: verify depth is 1
Handshake duration: 265.33 ms
Execution 378 - TLS Mutual
s_connection: verify depth is 1
Handshake duration: 261.60 ms
Execution 379 - TLS Mutual
s_connection: verify depth is 1
Handshake duration: 265.65 ms
Execution 380 - TLS Mutual
s_connection: verify depth is 1
Handshake duration: 265.62 ms
Execution 381 - TLS Mutual
s_connection: verify depth is 1
Handshake duration: 263.22 ms
Execution 382 - TLS Mutual
s_connection: verify depth is 1
Handshake duration: 267.06 ms
Execution 383 - TLS Mutual
s_connection: verify depth is 1
Handshake duration: 266.59 ms
Execution 384 - TLS Mutual
s_connection: verify depth is 1
Handshake duration: 262.73 ms
Execution 385 - TLS Mutual
s_connection: verify depth is 1
Handshake duration: 268.52 ms
Execution 386 - TLS Mutual
s_connection: verify depth is 1
Handshake duration: 260.81 ms
Execution 387 - TLS Mutual
s_connection: verify depth is 1
Handshake duration: 262.35 ms
Execution 388 - TLS Mutual
s_connection: verify depth is 1
Handshake duration: 265.52 ms
Execution 389 - TLS Mutual
s_connection: verify depth is 1
Handshake duration: 263.64 ms
Execution 390 - TLS Mutual
s_connection: verify depth is 1
Handshake duration: 263.43 ms
Execution 391 - TLS Mutual
s_connection: verify depth is 1
Handshake duration: 261.88 ms
Execution 392 - TLS Mutual
s_connection: verify depth is 1
Handshake duration: 265.33 ms
Execution 393 - TLS Mutual
s_connection: verify depth is 1
Handshake duration: 261.21 ms
Execution 394 - TLS Mutual
s_connection: verify depth is 1
Handshake duration: 260.58 ms
Execution 395 - TLS Mutual
s_connection: verify depth is 1
Handshake duration: 262.36 ms
Execution 396 - TLS Mutual
s_connection: verify depth is 1
Handshake duration: 259.60 ms
Execution 397 - TLS Mutual
s_connection: verify depth is 1
Handshake duration: 266.01 ms
Execution 398 - TLS Mutual
s_connection: verify depth is 1
Handshake duration: 263.70 ms
Execution 399 - TLS Mutual
s_connection: verify depth is 1
Handshake duration: 263.59 ms
Execution 400 - TLS Mutual
s_connection: verify depth is 1
Handshake duration: 264.61 ms
Execution 401 - TLS Mutual
s_connection: verify depth is 1
Handshake duration: 263.66 ms
Execution 402 - TLS Mutual
s_connection: verify depth is 1
Handshake duration: 262.52 ms
Execution 403 - TLS Mutual
s_connection: verify depth is 1
Handshake duration: 265.75 ms
Execution 404 - TLS Mutual
s_connection: verify depth is 1
Handshake duration: 265.57 ms
Execution 405 - TLS Mutual
s_connection: verify depth is 1
Handshake duration: 267.60 ms
Execution 406 - TLS Mutual
s_connection: verify depth is 1
Handshake duration: 262.81 ms
Execution 407 - TLS Mutual
s_connection: verify depth is 1
Handshake duration: 258.14 ms
Execution 408 - TLS Mutual
s_connection: verify depth is 1
Handshake duration: 260.90 ms
Execution 409 - TLS Mutual
s_connection: verify depth is 1
Handshake duration: 259.89 ms
Execution 410 - TLS Mutual
s_connection: verify depth is 1
Handshake duration: 262.06 ms
Execution 411 - TLS Mutual
s_connection: verify depth is 1
Handshake duration: 263.25 ms
Execution 412 - TLS Mutual
s_connection: verify depth is 1
Handshake duration: 264.27 ms
Execution 413 - TLS Mutual
s_connection: verify depth is 1
Handshake duration: 267.80 ms
Execution 414 - TLS Mutual
s_connection: verify depth is 1
Handshake duration: 261.00 ms
Execution 415 - TLS Mutual
s_connection: verify depth is 1
Handshake duration: 258.35 ms
Execution 416 - TLS Mutual
s_connection: verify depth is 1
Handshake duration: 262.28 ms
Execution 417 - TLS Mutual
s_connection: verify depth is 1
Handshake duration: 236.89 ms
Execution 418 - TLS Mutual
s_connection: verify depth is 1
Handshake duration: 267.12 ms
Execution 419 - TLS Mutual
s_connection: verify depth is 1
Handshake duration: 263.05 ms
Execution 420 - TLS Mutual
s_connection: verify depth is 1
Handshake duration: 276.21 ms
Execution 421 - TLS Mutual
s_connection: verify depth is 1
Handshake duration: 257.44 ms
Execution 422 - TLS Mutual
s_connection: verify depth is 1
Handshake duration: 263.49 ms
Execution 423 - TLS Mutual
s_connection: verify depth is 1
Handshake duration: 261.29 ms
Execution 424 - TLS Mutual
s_connection: verify depth is 1
Handshake duration: 258.81 ms
Execution 425 - TLS Mutual
s_connection: verify depth is 1
Handshake duration: 262.62 ms
Execution 426 - TLS Mutual
s_connection: verify depth is 1
Handshake duration: 230.13 ms
Execution 427 - TLS Mutual
s_connection: verify depth is 1
Handshake duration: 250.16 ms
Execution 428 - TLS Mutual
s_connection: verify depth is 1
Handshake duration: 263.92 ms
Execution 429 - TLS Mutual
s_connection: verify depth is 1
Handshake duration: 254.41 ms
Execution 430 - TLS Mutual
s_connection: verify depth is 1
Handshake duration: 260.19 ms
Execution 431 - TLS Mutual
s_connection: verify depth is 1
Handshake duration: 260.26 ms
Execution 432 - TLS Mutual
s_connection: verify depth is 1
Handshake duration: 262.46 ms
Execution 433 - TLS Mutual
s_connection: verify depth is 1
Handshake duration: 256.61 ms
Execution 434 - TLS Mutual
s_connection: verify depth is 1
Handshake duration: 263.07 ms
Execution 435 - TLS Mutual
s_connection: verify depth is 1
Handshake duration: 263.26 ms
Execution 436 - TLS Mutual
s_connection: verify depth is 1
Handshake duration: 259.11 ms
Execution 437 - TLS Mutual
s_connection: verify depth is 1
Handshake duration: 262.43 ms
Execution 438 - TLS Mutual
s_connection: verify depth is 1
Handshake duration: 264.50 ms
Execution 439 - TLS Mutual
s_connection: verify depth is 1
Handshake duration: 264.32 ms
Execution 440 - TLS Mutual
s_connection: verify depth is 1
Handshake duration: 265.37 ms
Execution 441 - TLS Mutual
s_connection: verify depth is 1
Handshake duration: 266.48 ms
Execution 442 - TLS Mutual
s_connection: verify depth is 1
Handshake duration: 265.61 ms
Execution 443 - TLS Mutual
s_connection: verify depth is 1
Handshake duration: 262.23 ms
Execution 444 - TLS Mutual
s_connection: verify depth is 1
Handshake duration: 258.04 ms
Execution 445 - TLS Mutual
s_connection: verify depth is 1
Handshake duration: 266.15 ms
Execution 446 - TLS Mutual
s_connection: verify depth is 1
Handshake duration: 263.18 ms
Execution 447 - TLS Mutual
s_connection: verify depth is 1
Handshake duration: 263.37 ms
Execution 448 - TLS Mutual
s_connection: verify depth is 1
Handshake duration: 264.16 ms
Execution 449 - TLS Mutual
s_connection: verify depth is 1
Handshake duration: 267.71 ms
Execution 450 - TLS Mutual
s_connection: verify depth is 1
Handshake duration: 261.83 ms
Execution 451 - TLS Mutual
s_connection: verify depth is 1
Handshake duration: 265.86 ms
Execution 452 - TLS Mutual
s_connection: verify depth is 1
Handshake duration: 263.98 ms
Execution 453 - TLS Mutual
s_connection: verify depth is 1
Handshake duration: 265.62 ms
Execution 454 - TLS Mutual
s_connection: verify depth is 1
Handshake duration: 263.78 ms
Execution 455 - TLS Mutual
s_connection: verify depth is 1
Handshake duration: 267.90 ms
Execution 456 - TLS Mutual
s_connection: verify depth is 1
Handshake duration: 263.54 ms
Execution 457 - TLS Mutual
s_connection: verify depth is 1
Handshake duration: 263.61 ms
Execution 458 - TLS Mutual
s_connection: verify depth is 1
Handshake duration: 268.52 ms
Execution 459 - TLS Mutual
s_connection: verify depth is 1
Handshake duration: 264.61 ms
Execution 460 - TLS Mutual
s_connection: verify depth is 1
Handshake duration: 265.85 ms
Execution 461 - TLS Mutual
s_connection: verify depth is 1
Handshake duration: 265.00 ms
Execution 462 - TLS Mutual
s_connection: verify depth is 1
Handshake duration: 242.32 ms
Execution 463 - TLS Mutual
s_connection: verify depth is 1
Handshake duration: 263.71 ms
Execution 464 - TLS Mutual
s_connection: verify depth is 1
Handshake duration: 264.01 ms
Execution 465 - TLS Mutual
s_connection: verify depth is 1
Handshake duration: 265.24 ms
Execution 466 - TLS Mutual
s_connection: verify depth is 1
Handshake duration: 265.78 ms
Execution 467 - TLS Mutual
s_connection: verify depth is 1
Handshake duration: 263.28 ms
Execution 468 - TLS Mutual
s_connection: verify depth is 1
Handshake duration: 264.40 ms
Execution 469 - TLS Mutual
s_connection: verify depth is 1
Handshake duration: 269.72 ms
Execution 470 - TLS Mutual
s_connection: verify depth is 1
Handshake duration: 265.26 ms
Execution 471 - TLS Mutual
s_connection: verify depth is 1
Handshake duration: 263.67 ms
Execution 472 - TLS Mutual
s_connection: verify depth is 1
Handshake duration: 262.65 ms
Execution 473 - TLS Mutual
s_connection: verify depth is 1
Handshake duration: 266.88 ms
Execution 474 - TLS Mutual
s_connection: verify depth is 1
Handshake duration: 536.21 ms
Execution 475 - TLS Mutual
s_connection: verify depth is 1
Handshake duration: 247.97 ms
Execution 476 - TLS Mutual
s_connection: verify depth is 1
Handshake duration: 263.77 ms
Execution 477 - TLS Mutual
s_connection: verify depth is 1
Handshake duration: 261.58 ms
Execution 478 - TLS Mutual
s_connection: verify depth is 1
Handshake duration: 257.78 ms
Execution 479 - TLS Mutual
s_connection: verify depth is 1
Handshake duration: 269.74 ms
Execution 480 - TLS Mutual
s_connection: verify depth is 1
Handshake duration: 265.51 ms
Execution 481 - TLS Mutual
s_connection: verify depth is 1
Handshake duration: 265.08 ms
Execution 482 - TLS Mutual
s_connection: verify depth is 1
Handshake duration: 266.05 ms
Execution 483 - TLS Mutual
s_connection: verify depth is 1
Handshake duration: 260.65 ms
Execution 484 - TLS Mutual
s_connection: verify depth is 1
Handshake duration: 267.32 ms
Execution 485 - TLS Mutual
s_connection: verify depth is 1
Handshake duration: 266.50 ms
Execution 486 - TLS Mutual
s_connection: verify depth is 1
Handshake duration: 266.95 ms
Execution 487 - TLS Mutual
s_connection: verify depth is 1
Handshake duration: 263.68 ms
Execution 488 - TLS Mutual
s_connection: verify depth is 1
Handshake duration: 260.79 ms
Execution 489 - TLS Mutual
s_connection: verify depth is 1
Handshake duration: 262.30 ms
Execution 490 - TLS Mutual
s_connection: verify depth is 1
Handshake duration: 268.67 ms
Execution 491 - TLS Mutual
s_connection: verify depth is 1
Handshake duration: 237.59 ms
Execution 492 - TLS Mutual
s_connection: verify depth is 1
Handshake duration: 245.48 ms
Execution 493 - TLS Mutual
s_connection: verify depth is 1
Handshake duration: 263.03 ms
Execution 494 - TLS Mutual
s_connection: verify depth is 1
Handshake duration: 253.42 ms
Execution 495 - TLS Mutual
s_connection: verify depth is 1
Handshake duration: 258.45 ms
Execution 496 - TLS Mutual
s_connection: verify depth is 1
Handshake duration: 229.55 ms
Execution 497 - TLS Mutual
s_connection: verify depth is 1
Handshake duration: 268.95 ms
Execution 498 - TLS Mutual
s_connection: verify depth is 1
Handshake duration: 253.20 ms
Execution 499 - TLS Mutual
s_connection: verify depth is 1
Handshake duration: 246.83 ms
Execution 500 - TLS Mutual
s_connection: verify depth is 1
Handshake duration: 237.71 ms
