Applying netem rules to lo...
Showing qdisc status for the interface: lo
qdisc netem 80ec: root refcnt 2 limit 1000 seed 9750559645575134366
 Sent 0 bytes 0 pkt (dropped 0, overlimits 0 requeues 0) 
 backlog 0b 0p requeues 0
Running ./perftestClientTlsQuic.sh with SIG_ALG=ed25519 and KEM_ALG=p256_hqc128
Execution 1 - TLS Mutual
s_connection: verify depth is 1
Handshake duration: 258.64 ms
Execution 2 - TLS Mutual
s_connection: verify depth is 1
Handshake duration: 194.65 ms
Execution 3 - TLS Mutual
s_connection: verify depth is 1
Handshake duration: 195.07 ms
Execution 4 - TLS Mutual
s_connection: verify depth is 1
Handshake duration: 196.84 ms
Execution 5 - TLS Mutual
s_connection: verify depth is 1
Handshake duration: 186.26 ms
Execution 6 - TLS Mutual
s_connection: verify depth is 1
Handshake duration: 197.41 ms
Execution 7 - TLS Mutual
s_connection: verify depth is 1
Handshake duration: 199.15 ms
Execution 8 - TLS Mutual
s_connection: verify depth is 1
Handshake duration: 198.97 ms
Execution 9 - TLS Mutual
s_connection: verify depth is 1
Handshake duration: 195.56 ms
Execution 10 - TLS Mutual
s_connection: verify depth is 1
Handshake duration: 200.02 ms
Execution 11 - TLS Mutual
s_connection: verify depth is 1
Handshake duration: 199.02 ms
Execution 12 - TLS Mutual
s_connection: verify depth is 1
Handshake duration: 191.31 ms
Execution 13 - TLS Mutual
s_connection: verify depth is 1
Handshake duration: 169.05 ms
Execution 14 - TLS Mutual
s_connection: verify depth is 1
Handshake duration: 192.49 ms
Execution 15 - TLS Mutual
s_connection: verify depth is 1
Handshake duration: 200.79 ms
Execution 16 - TLS Mutual
s_connection: verify depth is 1
Handshake duration: 194.31 ms
Execution 17 - TLS Mutual
s_connection: verify depth is 1
Handshake duration: 186.52 ms
Execution 18 - TLS Mutual
s_connection: verify depth is 1
Handshake duration: 187.29 ms
Execution 19 - TLS Mutual
s_connection: verify depth is 1
Handshake duration: 198.60 ms
Execution 20 - TLS Mutual
s_connection: verify depth is 1
Handshake duration: 198.07 ms
Execution 21 - TLS Mutual
s_connection: verify depth is 1
Handshake duration: 149.77 ms
Execution 22 - TLS Mutual
s_connection: verify depth is 1
Handshake duration: 169.16 ms
Execution 23 - TLS Mutual
s_connection: verify depth is 1
Handshake duration: 150.32 ms
Execution 24 - TLS Mutual
s_connection: verify depth is 1
Handshake duration: 151.87 ms
Execution 25 - TLS Mutual
s_connection: verify depth is 1
Handshake duration: 199.05 ms
Execution 26 - TLS Mutual
s_connection: verify depth is 1
Handshake duration: 199.04 ms
Execution 27 - TLS Mutual
s_connection: verify depth is 1
Handshake duration: 202.41 ms
Execution 28 - TLS Mutual
s_connection: verify depth is 1
Handshake duration: 186.03 ms
Execution 29 - TLS Mutual
s_connection: verify depth is 1
Handshake duration: 202.50 ms
Execution 30 - TLS Mutual
s_connection: verify depth is 1
Handshake duration: 199.52 ms
Execution 31 - TLS Mutual
s_connection: verify depth is 1
Handshake duration: 171.06 ms
Execution 32 - TLS Mutual
s_connection: verify depth is 1
Handshake duration: 175.22 ms
Execution 33 - TLS Mutual
s_connection: verify depth is 1
Handshake duration: 198.54 ms
Execution 34 - TLS Mutual
s_connection: verify depth is 1
Handshake duration: 199.72 ms
Execution 35 - TLS Mutual
s_connection: verify depth is 1
Handshake duration: 200.49 ms
Execution 36 - TLS Mutual
s_connection: verify depth is 1
Handshake duration: 199.13 ms
Execution 37 - TLS Mutual
s_connection: verify depth is 1
Handshake duration: 199.65 ms
Execution 38 - TLS Mutual
s_connection: verify depth is 1
Handshake duration: 192.42 ms
Execution 39 - TLS Mutual
s_connection: verify depth is 1
Handshake duration: 191.81 ms
Execution 40 - TLS Mutual
s_connection: verify depth is 1
Handshake duration: 195.67 ms
Execution 41 - TLS Mutual
s_connection: verify depth is 1
Handshake duration: 193.16 ms
Execution 42 - TLS Mutual
s_connection: verify depth is 1
Handshake duration: 196.57 ms
Execution 43 - TLS Mutual
s_connection: verify depth is 1
Handshake duration: 196.33 ms
Execution 44 - TLS Mutual
s_connection: verify depth is 1
Handshake duration: 198.75 ms
Execution 45 - TLS Mutual
s_connection: verify depth is 1
Handshake duration: 189.97 ms
Execution 46 - TLS Mutual
s_connection: verify depth is 1
Handshake duration: 198.21 ms
Execution 47 - TLS Mutual
s_connection: verify depth is 1
Handshake duration: 186.22 ms
Execution 48 - TLS Mutual
s_connection: verify depth is 1
Handshake duration: 187.96 ms
Execution 49 - TLS Mutual
s_connection: verify depth is 1
Handshake duration: 186.99 ms
Execution 50 - TLS Mutual
s_connection: verify depth is 1
Handshake duration: 192.31 ms
Execution 51 - TLS Mutual
s_connection: verify depth is 1
Handshake duration: 200.12 ms
Execution 52 - TLS Mutual
s_connection: verify depth is 1
Handshake duration: 192.17 ms
Execution 53 - TLS Mutual
s_connection: verify depth is 1
Handshake duration: 194.21 ms
Execution 54 - TLS Mutual
s_connection: verify depth is 1
Handshake duration: 176.16 ms
Execution 55 - TLS Mutual
s_connection: verify depth is 1
Handshake duration: 176.88 ms
Execution 56 - TLS Mutual
s_connection: verify depth is 1
Handshake duration: 182.11 ms
Execution 57 - TLS Mutual
s_connection: verify depth is 1
Handshake duration: 186.23 ms
Execution 58 - TLS Mutual
s_connection: verify depth is 1
Handshake duration: 191.33 ms
Execution 59 - TLS Mutual
s_connection: verify depth is 1
Handshake duration: 198.66 ms
Execution 60 - TLS Mutual
s_connection: verify depth is 1
Handshake duration: 196.82 ms
Execution 61 - TLS Mutual
s_connection: verify depth is 1
Handshake duration: 190.95 ms
Execution 62 - TLS Mutual
s_connection: verify depth is 1
Handshake duration: 190.65 ms
Execution 63 - TLS Mutual
s_connection: verify depth is 1
Handshake duration: 200.46 ms
Execution 64 - TLS Mutual
s_connection: verify depth is 1
Handshake duration: 199.48 ms
Execution 65 - TLS Mutual
s_connection: verify depth is 1
Handshake duration: 199.81 ms
Execution 66 - TLS Mutual
s_connection: verify depth is 1
Handshake duration: 198.88 ms
Execution 67 - TLS Mutual
s_connection: verify depth is 1
Handshake duration: 198.83 ms
Execution 68 - TLS Mutual
s_connection: verify depth is 1
Handshake duration: 200.74 ms
Execution 69 - TLS Mutual
s_connection: verify depth is 1
Handshake duration: 199.66 ms
Execution 70 - TLS Mutual
s_connection: verify depth is 1
Handshake duration: 198.70 ms
Execution 71 - TLS Mutual
s_connection: verify depth is 1
Handshake duration: 198.64 ms
Execution 72 - TLS Mutual
s_connection: verify depth is 1
Handshake duration: 193.28 ms
Execution 73 - TLS Mutual
s_connection: verify depth is 1
Handshake duration: 199.59 ms
Execution 74 - TLS Mutual
s_connection: verify depth is 1
Handshake duration: 197.95 ms
Execution 75 - TLS Mutual
s_connection: verify depth is 1
Handshake duration: 192.33 ms
Execution 76 - TLS Mutual
s_connection: verify depth is 1
Handshake duration: 199.01 ms
Execution 77 - TLS Mutual
s_connection: verify depth is 1
Handshake duration: 198.34 ms
Execution 78 - TLS Mutual
s_connection: verify depth is 1
Handshake duration: 196.42 ms
Execution 79 - TLS Mutual
s_connection: verify depth is 1
Handshake duration: 196.21 ms
Execution 80 - TLS Mutual
s_connection: verify depth is 1
Handshake duration: 198.65 ms
Execution 81 - TLS Mutual
s_connection: verify depth is 1
Handshake duration: 197.03 ms
Execution 82 - TLS Mutual
s_connection: verify depth is 1
Handshake duration: 192.71 ms
Execution 83 - TLS Mutual
s_connection: verify depth is 1
Handshake duration: 197.84 ms
Execution 84 - TLS Mutual
s_connection: verify depth is 1
Handshake duration: 195.75 ms
Execution 85 - TLS Mutual
s_connection: verify depth is 1
Handshake duration: 199.18 ms
Execution 86 - TLS Mutual
s_connection: verify depth is 1
Handshake duration: 199.72 ms
Execution 87 - TLS Mutual
s_connection: verify depth is 1
Handshake duration: 199.40 ms
Execution 88 - TLS Mutual
s_connection: verify depth is 1
Handshake duration: 196.54 ms
Execution 89 - TLS Mutual
s_connection: verify depth is 1
Handshake duration: 198.33 ms
Execution 90 - TLS Mutual
s_connection: verify depth is 1
Handshake duration: 199.38 ms
Execution 91 - TLS Mutual
s_connection: verify depth is 1
Handshake duration: 199.83 ms
Execution 92 - TLS Mutual
s_connection: verify depth is 1
Handshake duration: 196.81 ms
Execution 93 - TLS Mutual
s_connection: verify depth is 1
Handshake duration: 170.55 ms
Execution 94 - TLS Mutual
s_connection: verify depth is 1
Handshake duration: 188.62 ms
Execution 95 - TLS Mutual
s_connection: verify depth is 1
Handshake duration: 181.58 ms
Execution 96 - TLS Mutual
s_connection: verify depth is 1
Handshake duration: 176.37 ms
Execution 97 - TLS Mutual
s_connection: verify depth is 1
Handshake duration: 162.50 ms
Execution 98 - TLS Mutual
s_connection: verify depth is 1
Handshake duration: 168.24 ms
Execution 99 - TLS Mutual
s_connection: verify depth is 1
Handshake duration: 198.68 ms
Execution 100 - TLS Mutual
s_connection: verify depth is 1
Handshake duration: 193.45 ms
Execution 101 - TLS Mutual
s_connection: verify depth is 1
Handshake duration: 200.39 ms
Execution 102 - TLS Mutual
s_connection: verify depth is 1
Handshake duration: 197.29 ms
Execution 103 - TLS Mutual
s_connection: verify depth is 1
Handshake duration: 185.74 ms
Execution 104 - TLS Mutual
s_connection: verify depth is 1
Handshake duration: 184.12 ms
Execution 105 - TLS Mutual
s_connection: verify depth is 1
Handshake duration: 184.90 ms
Execution 106 - TLS Mutual
s_connection: verify depth is 1
Handshake duration: 187.91 ms
Execution 107 - TLS Mutual
s_connection: verify depth is 1
Handshake duration: 199.30 ms
Execution 108 - TLS Mutual
s_connection: verify depth is 1
Handshake duration: 170.01 ms
Execution 109 - TLS Mutual
s_connection: verify depth is 1
Handshake duration: 184.61 ms
Execution 110 - TLS Mutual
s_connection: verify depth is 1
Handshake duration: 185.53 ms
Execution 111 - TLS Mutual
s_connection: verify depth is 1
Handshake duration: 168.68 ms
Execution 112 - TLS Mutual
s_connection: verify depth is 1
Handshake duration: 180.29 ms
Execution 113 - TLS Mutual
s_connection: verify depth is 1
Handshake duration: 180.07 ms
Execution 114 - TLS Mutual
s_connection: verify depth is 1
Handshake duration: 191.76 ms
Execution 115 - TLS Mutual
s_connection: verify depth is 1
Handshake duration: 164.73 ms
Execution 116 - TLS Mutual
s_connection: verify depth is 1
Handshake duration: 163.38 ms
Execution 117 - TLS Mutual
s_connection: verify depth is 1
Handshake duration: 146.72 ms
Execution 118 - TLS Mutual
s_connection: verify depth is 1
Handshake duration: 161.44 ms
Execution 119 - TLS Mutual
s_connection: verify depth is 1
Handshake duration: 149.09 ms
Execution 120 - TLS Mutual
s_connection: verify depth is 1
Handshake duration: 148.43 ms
Execution 121 - TLS Mutual
s_connection: verify depth is 1
Handshake duration: 154.69 ms
Execution 122 - TLS Mutual
s_connection: verify depth is 1
Handshake duration: 156.66 ms
Execution 123 - TLS Mutual
s_connection: verify depth is 1
Handshake duration: 163.14 ms
Execution 124 - TLS Mutual
s_connection: verify depth is 1
Handshake duration: 155.79 ms
Execution 125 - TLS Mutual
s_connection: verify depth is 1
Handshake duration: 167.38 ms
Execution 126 - TLS Mutual
s_connection: verify depth is 1
Handshake duration: 148.42 ms
Execution 127 - TLS Mutual
s_connection: verify depth is 1
Handshake duration: 161.84 ms
Execution 128 - TLS Mutual
s_connection: verify depth is 1
Handshake duration: 144.63 ms
Execution 129 - TLS Mutual
s_connection: verify depth is 1
Handshake duration: 168.32 ms
Execution 130 - TLS Mutual
s_connection: verify depth is 1
Handshake duration: 145.92 ms
Execution 131 - TLS Mutual
s_connection: verify depth is 1
Handshake duration: 146.40 ms
Execution 132 - TLS Mutual
s_connection: verify depth is 1
Handshake duration: 146.93 ms
Execution 133 - TLS Mutual
s_connection: verify depth is 1
Handshake duration: 155.25 ms
Execution 134 - TLS Mutual
s_connection: verify depth is 1
Handshake duration: 144.76 ms
Execution 135 - TLS Mutual
s_connection: verify depth is 1
Handshake duration: 145.11 ms
Execution 136 - TLS Mutual
s_connection: verify depth is 1
Handshake duration: 146.19 ms
Execution 137 - TLS Mutual
s_connection: verify depth is 1
Handshake duration: 151.47 ms
Execution 138 - TLS Mutual
s_connection: verify depth is 1
Handshake duration: 144.44 ms
Execution 139 - TLS Mutual
s_connection: verify depth is 1
Handshake duration: 144.68 ms
Execution 140 - TLS Mutual
s_connection: verify depth is 1
Handshake duration: 145.26 ms
Execution 141 - TLS Mutual
s_connection: verify depth is 1
Handshake duration: 164.53 ms
Execution 142 - TLS Mutual
s_connection: verify depth is 1
Handshake duration: 144.85 ms
Execution 143 - TLS Mutual
s_connection: verify depth is 1
Handshake duration: 144.17 ms
Execution 144 - TLS Mutual
s_connection: verify depth is 1
Handshake duration: 144.69 ms
Execution 145 - TLS Mutual
s_connection: verify depth is 1
Handshake duration: 144.62 ms
Execution 146 - TLS Mutual
s_connection: verify depth is 1
Handshake duration: 144.68 ms
Execution 147 - TLS Mutual
s_connection: verify depth is 1
Handshake duration: 148.33 ms
Execution 148 - TLS Mutual
s_connection: verify depth is 1
Handshake duration: 152.58 ms
Execution 149 - TLS Mutual
s_connection: verify depth is 1
Handshake duration: 198.84 ms
Execution 150 - TLS Mutual
s_connection: verify depth is 1
Handshake duration: 199.28 ms
Execution 151 - TLS Mutual
s_connection: verify depth is 1
Handshake duration: 197.06 ms
Execution 152 - TLS Mutual
s_connection: verify depth is 1
Handshake duration: 192.50 ms
Execution 153 - TLS Mutual
s_connection: verify depth is 1
Handshake duration: 192.79 ms
Execution 154 - TLS Mutual
s_connection: verify depth is 1
Handshake duration: 197.98 ms
Execution 155 - TLS Mutual
s_connection: verify depth is 1
Handshake duration: 202.72 ms
Execution 156 - TLS Mutual
s_connection: verify depth is 1
Handshake duration: 198.53 ms
Execution 157 - TLS Mutual
s_connection: verify depth is 1
Handshake duration: 197.85 ms
Execution 158 - TLS Mutual
s_connection: verify depth is 1
Handshake duration: 196.42 ms
Execution 159 - TLS Mutual
s_connection: verify depth is 1
Handshake duration: 192.66 ms
Execution 160 - TLS Mutual
s_connection: verify depth is 1
Handshake duration: 182.17 ms
Execution 161 - TLS Mutual
s_connection: verify depth is 1
Handshake duration: 189.01 ms
Execution 162 - TLS Mutual
s_connection: verify depth is 1
Handshake duration: 163.50 ms
Execution 163 - TLS Mutual
s_connection: verify depth is 1
Handshake duration: 192.99 ms
Execution 164 - TLS Mutual
s_connection: verify depth is 1
Handshake duration: 192.42 ms
Execution 165 - TLS Mutual
s_connection: verify depth is 1
Handshake duration: 169.48 ms
Execution 166 - TLS Mutual
s_connection: verify depth is 1
Handshake duration: 194.41 ms
Execution 167 - TLS Mutual
s_connection: verify depth is 1
Handshake duration: 189.48 ms
Execution 168 - TLS Mutual
s_connection: verify depth is 1
Handshake duration: 194.33 ms
Execution 169 - TLS Mutual
s_connection: verify depth is 1
Handshake duration: 192.30 ms
Execution 170 - TLS Mutual
s_connection: verify depth is 1
Handshake duration: 194.91 ms
Execution 171 - TLS Mutual
s_connection: verify depth is 1
Handshake duration: 166.44 ms
Execution 172 - TLS Mutual
s_connection: verify depth is 1
Handshake duration: 193.61 ms
Execution 173 - TLS Mutual
s_connection: verify depth is 1
Handshake duration: 334.39 ms
Execution 174 - TLS Mutual
s_connection: verify depth is 1
Handshake duration: 193.89 ms
Execution 175 - TLS Mutual
s_connection: verify depth is 1
Handshake duration: 193.06 ms
Execution 176 - TLS Mutual
s_connection: verify depth is 1
Handshake duration: 192.26 ms
Execution 177 - TLS Mutual
s_connection: verify depth is 1
Handshake duration: 193.17 ms
Execution 178 - TLS Mutual
s_connection: verify depth is 1
Handshake duration: 194.75 ms
Execution 179 - TLS Mutual
s_connection: verify depth is 1
Handshake duration: 193.51 ms
Execution 180 - TLS Mutual
s_connection: verify depth is 1
Handshake duration: 193.00 ms
Execution 181 - TLS Mutual
s_connection: verify depth is 1
Handshake duration: 192.34 ms
Execution 182 - TLS Mutual
s_connection: verify depth is 1
Handshake duration: 192.26 ms
Execution 183 - TLS Mutual
s_connection: verify depth is 1
Handshake duration: 192.47 ms
Execution 184 - TLS Mutual
s_connection: verify depth is 1
Handshake duration: 191.92 ms
Execution 185 - TLS Mutual
s_connection: verify depth is 1
Handshake duration: 169.83 ms
Execution 186 - TLS Mutual
s_connection: verify depth is 1
Handshake duration: 196.51 ms
Execution 187 - TLS Mutual
s_connection: verify depth is 1
Handshake duration: 192.52 ms
Execution 188 - TLS Mutual
s_connection: verify depth is 1
Handshake duration: 193.78 ms
Execution 189 - TLS Mutual
s_connection: verify depth is 1
Handshake duration: 194.68 ms
Execution 190 - TLS Mutual
s_connection: verify depth is 1
Handshake duration: 196.77 ms
Execution 191 - TLS Mutual
s_connection: verify depth is 1
Handshake duration: 189.30 ms
Execution 192 - TLS Mutual
s_connection: verify depth is 1
Handshake duration: 187.89 ms
Execution 193 - TLS Mutual
s_connection: verify depth is 1
Handshake duration: 194.22 ms
Execution 194 - TLS Mutual
s_connection: verify depth is 1
Handshake duration: 192.40 ms
Execution 195 - TLS Mutual
s_connection: verify depth is 1
Handshake duration: 192.19 ms
Execution 196 - TLS Mutual
s_connection: verify depth is 1
Handshake duration: 191.24 ms
Execution 197 - TLS Mutual
s_connection: verify depth is 1
Handshake duration: 192.18 ms
Execution 198 - TLS Mutual
s_connection: verify depth is 1
Handshake duration: 192.36 ms
Execution 199 - TLS Mutual
s_connection: verify depth is 1
Handshake duration: 193.17 ms
Execution 200 - TLS Mutual
s_connection: verify depth is 1
Handshake duration: 195.37 ms
Execution 201 - TLS Mutual
s_connection: verify depth is 1
Handshake duration: 190.94 ms
Execution 202 - TLS Mutual
s_connection: verify depth is 1
Handshake duration: 196.53 ms
Execution 203 - TLS Mutual
s_connection: verify depth is 1
Handshake duration: 194.33 ms
Execution 204 - TLS Mutual
s_connection: verify depth is 1
Handshake duration: 190.92 ms
Execution 205 - TLS Mutual
s_connection: verify depth is 1
Handshake duration: 191.41 ms
Execution 206 - TLS Mutual
s_connection: verify depth is 1
Handshake duration: 191.53 ms
Execution 207 - TLS Mutual
s_connection: verify depth is 1
Handshake duration: 192.95 ms
Execution 208 - TLS Mutual
s_connection: verify depth is 1
Handshake duration: 191.58 ms
Execution 209 - TLS Mutual
s_connection: verify depth is 1
Handshake duration: 191.21 ms
Execution 210 - TLS Mutual
s_connection: verify depth is 1
Handshake duration: 188.84 ms
Execution 211 - TLS Mutual
s_connection: verify depth is 1
Handshake duration: 194.86 ms
Execution 212 - TLS Mutual
s_connection: verify depth is 1
Handshake duration: 189.73 ms
Execution 213 - TLS Mutual
s_connection: verify depth is 1
Handshake duration: 187.90 ms
Execution 214 - TLS Mutual
s_connection: verify depth is 1
Handshake duration: 190.82 ms
Execution 215 - TLS Mutual
s_connection: verify depth is 1
Handshake duration: 179.53 ms
Execution 216 - TLS Mutual
s_connection: verify depth is 1
Handshake duration: 1166.08 ms
Execution 217 - TLS Mutual
s_connection: verify depth is 1
Handshake duration: 193.30 ms
Execution 218 - TLS Mutual
s_connection: verify depth is 1
Handshake duration: 190.45 ms
Execution 219 - TLS Mutual
s_connection: verify depth is 1
Handshake duration: 192.94 ms
Execution 220 - TLS Mutual
s_connection: verify depth is 1
Handshake duration: 189.55 ms
Execution 221 - TLS Mutual
s_connection: verify depth is 1
Handshake duration: 192.89 ms
Execution 222 - TLS Mutual
s_connection: verify depth is 1
Handshake duration: 191.17 ms
Execution 223 - TLS Mutual
s_connection: verify depth is 1
Handshake duration: 188.22 ms
Execution 224 - TLS Mutual
s_connection: verify depth is 1
Handshake duration: 183.24 ms
Execution 225 - TLS Mutual
s_connection: verify depth is 1
Handshake duration: 1182.83 ms
Execution 226 - TLS Mutual
s_connection: verify depth is 1
Handshake duration: 192.50 ms
Execution 227 - TLS Mutual
s_connection: verify depth is 1
Handshake duration: 192.87 ms
Execution 228 - TLS Mutual
s_connection: verify depth is 1
Handshake duration: 192.88 ms
Execution 229 - TLS Mutual
s_connection: verify depth is 1
Handshake duration: 182.10 ms
Execution 230 - TLS Mutual
s_connection: verify depth is 1
Handshake duration: 187.39 ms
Execution 231 - TLS Mutual
s_connection: verify depth is 1
Handshake duration: 193.24 ms
Execution 232 - TLS Mutual
s_connection: verify depth is 1
Handshake duration: 192.49 ms
Execution 233 - TLS Mutual
s_connection: verify depth is 1
Handshake duration: 194.13 ms
Execution 234 - TLS Mutual
s_connection: verify depth is 1
Handshake duration: 191.70 ms
Execution 235 - TLS Mutual
s_connection: verify depth is 1
Handshake duration: 189.26 ms
Execution 236 - TLS Mutual
s_connection: verify depth is 1
Handshake duration: 190.91 ms
Execution 237 - TLS Mutual
s_connection: verify depth is 1
Handshake duration: 191.03 ms
Execution 238 - TLS Mutual
s_connection: verify depth is 1
Handshake duration: 194.30 ms
Execution 239 - TLS Mutual
s_connection: verify depth is 1
Handshake duration: 193.17 ms
Execution 240 - TLS Mutual
s_connection: verify depth is 1
Handshake duration: 171.13 ms
Execution 241 - TLS Mutual
s_connection: verify depth is 1
Handshake duration: 154.14 ms
Execution 242 - TLS Mutual
s_connection: verify depth is 1
Handshake duration: 193.83 ms
Execution 243 - TLS Mutual
s_connection: verify depth is 1
Handshake duration: 193.24 ms
Execution 244 - TLS Mutual
s_connection: verify depth is 1
Handshake duration: 189.19 ms
Execution 245 - TLS Mutual
s_connection: verify depth is 1
Handshake duration: 155.99 ms
Execution 246 - TLS Mutual
s_connection: verify depth is 1
Handshake duration: 193.52 ms
Execution 247 - TLS Mutual
s_connection: verify depth is 1
Handshake duration: 194.28 ms
Execution 248 - TLS Mutual
s_connection: verify depth is 1
Handshake duration: 194.64 ms
Execution 249 - TLS Mutual
s_connection: verify depth is 1
Handshake duration: 192.73 ms
Execution 250 - TLS Mutual
s_connection: verify depth is 1
Handshake duration: 193.18 ms
Execution 251 - TLS Mutual
s_connection: verify depth is 1
Handshake duration: 193.79 ms
Execution 252 - TLS Mutual
s_connection: verify depth is 1
Handshake duration: 192.90 ms
Execution 253 - TLS Mutual
s_connection: verify depth is 1
Handshake duration: 190.00 ms
Execution 254 - TLS Mutual
s_connection: verify depth is 1
Handshake duration: 186.44 ms
Execution 255 - TLS Mutual
s_connection: verify depth is 1
Handshake duration: 193.21 ms
Execution 256 - TLS Mutual
s_connection: verify depth is 1
Handshake duration: 190.27 ms
Execution 257 - TLS Mutual
s_connection: verify depth is 1
Handshake duration: 184.61 ms
Execution 258 - TLS Mutual
s_connection: verify depth is 1
Handshake duration: 183.91 ms
Execution 259 - TLS Mutual
s_connection: verify depth is 1
Handshake duration: 147.89 ms
Execution 260 - TLS Mutual
s_connection: verify depth is 1
Handshake duration: 181.77 ms
Execution 261 - TLS Mutual
s_connection: verify depth is 1
Handshake duration: 188.15 ms
Execution 262 - TLS Mutual
s_connection: verify depth is 1
Handshake duration: 171.06 ms
Execution 263 - TLS Mutual
s_connection: verify depth is 1
Handshake duration: 192.40 ms
Execution 264 - TLS Mutual
s_connection: verify depth is 1
Handshake duration: 193.28 ms
Execution 265 - TLS Mutual
s_connection: verify depth is 1
Handshake duration: 192.61 ms
Execution 266 - TLS Mutual
s_connection: verify depth is 1
Handshake duration: 193.94 ms
Execution 267 - TLS Mutual
s_connection: verify depth is 1
Handshake duration: 195.51 ms
Execution 268 - TLS Mutual
s_connection: verify depth is 1
Handshake duration: 191.23 ms
Execution 269 - TLS Mutual
s_connection: verify depth is 1
Handshake duration: 187.90 ms
Execution 270 - TLS Mutual
s_connection: verify depth is 1
Handshake duration: 181.77 ms
Execution 271 - TLS Mutual
s_connection: verify depth is 1
Handshake duration: 187.46 ms
Execution 272 - TLS Mutual
s_connection: verify depth is 1
Handshake duration: 194.55 ms
Execution 273 - TLS Mutual
s_connection: verify depth is 1
Handshake duration: 196.03 ms
Execution 274 - TLS Mutual
s_connection: verify depth is 1
Handshake duration: 499.10 ms
Execution 275 - TLS Mutual
s_connection: verify depth is 1
Handshake duration: 178.13 ms
Execution 276 - TLS Mutual
s_connection: verify depth is 1
Handshake duration: 191.79 ms
Execution 277 - TLS Mutual
s_connection: verify depth is 1
Handshake duration: 186.62 ms
Execution 278 - TLS Mutual
s_connection: verify depth is 1
Handshake duration: 191.49 ms
Execution 279 - TLS Mutual
s_connection: verify depth is 1
Handshake duration: 186.68 ms
Execution 280 - TLS Mutual
s_connection: verify depth is 1
Handshake duration: 191.90 ms
Execution 281 - TLS Mutual
s_connection: verify depth is 1
Handshake duration: 192.95 ms
Execution 282 - TLS Mutual
s_connection: verify depth is 1
Handshake duration: 187.21 ms
Execution 283 - TLS Mutual
s_connection: verify depth is 1
Handshake duration: 189.49 ms
Execution 284 - TLS Mutual
s_connection: verify depth is 1
Handshake duration: 178.47 ms
Execution 285 - TLS Mutual
s_connection: verify depth is 1
Handshake duration: 193.55 ms
Execution 286 - TLS Mutual
s_connection: verify depth is 1
Handshake duration: 194.99 ms
Execution 287 - TLS Mutual
s_connection: verify depth is 1
Handshake duration: 194.85 ms
Execution 288 - TLS Mutual
s_connection: verify depth is 1
Handshake duration: 190.06 ms
Execution 289 - TLS Mutual
s_connection: verify depth is 1
Handshake duration: 191.56 ms
Execution 290 - TLS Mutual
s_connection: verify depth is 1
Handshake duration: 191.56 ms
Execution 291 - TLS Mutual
s_connection: verify depth is 1
Handshake duration: 189.60 ms
Execution 292 - TLS Mutual
s_connection: verify depth is 1
Handshake duration: 193.91 ms
Execution 293 - TLS Mutual
s_connection: verify depth is 1
Handshake duration: 193.62 ms
Execution 294 - TLS Mutual
s_connection: verify depth is 1
Handshake duration: 192.03 ms
Execution 295 - TLS Mutual
s_connection: verify depth is 1
Handshake duration: 194.01 ms
Execution 296 - TLS Mutual
s_connection: verify depth is 1
Handshake duration: 193.17 ms
Execution 297 - TLS Mutual
s_connection: verify depth is 1
Handshake duration: 192.57 ms
Execution 298 - TLS Mutual
s_connection: verify depth is 1
Handshake duration: 193.39 ms
Execution 299 - TLS Mutual
s_connection: verify depth is 1
Handshake duration: 191.39 ms
Execution 300 - TLS Mutual
s_connection: verify depth is 1
Handshake duration: 171.08 ms
Execution 301 - TLS Mutual
s_connection: verify depth is 1
Handshake duration: 193.57 ms
Execution 302 - TLS Mutual
s_connection: verify depth is 1
Handshake duration: 195.45 ms
Execution 303 - TLS Mutual
s_connection: verify depth is 1
Handshake duration: 176.26 ms
Execution 304 - TLS Mutual
s_connection: verify depth is 1
Handshake duration: 180.62 ms
Execution 305 - TLS Mutual
s_connection: verify depth is 1
Handshake duration: 193.07 ms
Execution 306 - TLS Mutual
s_connection: verify depth is 1
Handshake duration: 194.06 ms
Execution 307 - TLS Mutual
s_connection: verify depth is 1
Handshake duration: 189.90 ms
Execution 308 - TLS Mutual
s_connection: verify depth is 1
Handshake duration: 193.00 ms
Execution 309 - TLS Mutual
s_connection: verify depth is 1
Handshake duration: 192.86 ms
Execution 310 - TLS Mutual
s_connection: verify depth is 1
Handshake duration: 169.25 ms
Execution 311 - TLS Mutual
s_connection: verify depth is 1
Handshake duration: 144.96 ms
Execution 312 - TLS Mutual
s_connection: verify depth is 1
Handshake duration: 145.31 ms
Execution 313 - TLS Mutual
s_connection: verify depth is 1
Handshake duration: 192.87 ms
Execution 314 - TLS Mutual
s_connection: verify depth is 1
Handshake duration: 187.05 ms
Execution 315 - TLS Mutual
s_connection: verify depth is 1
Handshake duration: 192.40 ms
Execution 316 - TLS Mutual
s_connection: verify depth is 1
Handshake duration: 190.88 ms
Execution 317 - TLS Mutual
s_connection: verify depth is 1
Handshake duration: 191.83 ms
Execution 318 - TLS Mutual
s_connection: verify depth is 1
Handshake duration: 191.68 ms
Execution 319 - TLS Mutual
s_connection: verify depth is 1
Handshake duration: 150.60 ms
Execution 320 - TLS Mutual
s_connection: verify depth is 1
Handshake duration: 193.60 ms
Execution 321 - TLS Mutual
s_connection: verify depth is 1
Handshake duration: 194.09 ms
Execution 322 - TLS Mutual
s_connection: verify depth is 1
Handshake duration: 196.49 ms
Execution 323 - TLS Mutual
s_connection: verify depth is 1
Handshake duration: 194.13 ms
Execution 324 - TLS Mutual
s_connection: verify depth is 1
Handshake duration: 192.82 ms
Execution 325 - TLS Mutual
s_connection: verify depth is 1
Handshake duration: 193.52 ms
Execution 326 - TLS Mutual
s_connection: verify depth is 1
Handshake duration: 191.97 ms
Execution 327 - TLS Mutual
s_connection: verify depth is 1
Handshake duration: 191.74 ms
Execution 328 - TLS Mutual
s_connection: verify depth is 1
Handshake duration: 192.36 ms
Execution 329 - TLS Mutual
s_connection: verify depth is 1
Handshake duration: 190.56 ms
Execution 330 - TLS Mutual
s_connection: verify depth is 1
Handshake duration: 192.39 ms
Execution 331 - TLS Mutual
s_connection: verify depth is 1
Handshake duration: 192.83 ms
Execution 332 - TLS Mutual
s_connection: verify depth is 1
Handshake duration: 196.11 ms
Execution 333 - TLS Mutual
s_connection: verify depth is 1
Handshake duration: 193.74 ms
Execution 334 - TLS Mutual
s_connection: verify depth is 1
Handshake duration: 193.72 ms
Execution 335 - TLS Mutual
s_connection: verify depth is 1
Handshake duration: 193.68 ms
Execution 336 - TLS Mutual
s_connection: verify depth is 1
Handshake duration: 193.70 ms
Execution 337 - TLS Mutual
s_connection: verify depth is 1
Handshake duration: 191.92 ms
Execution 338 - TLS Mutual
s_connection: verify depth is 1
Handshake duration: 189.31 ms
Execution 339 - TLS Mutual
s_connection: verify depth is 1
Handshake duration: 189.41 ms
Execution 340 - TLS Mutual
s_connection: verify depth is 1
Handshake duration: 191.90 ms
Execution 341 - TLS Mutual
s_connection: verify depth is 1
Handshake duration: 193.95 ms
Execution 342 - TLS Mutual
s_connection: verify depth is 1
Handshake duration: 192.89 ms
Execution 343 - TLS Mutual
s_connection: verify depth is 1
Handshake duration: 190.18 ms
Execution 344 - TLS Mutual
s_connection: verify depth is 1
Handshake duration: 192.96 ms
Execution 345 - TLS Mutual
s_connection: verify depth is 1
Handshake duration: 190.47 ms
Execution 346 - TLS Mutual
s_connection: verify depth is 1
Handshake duration: 194.79 ms
Execution 347 - TLS Mutual
s_connection: verify depth is 1
Handshake duration: 192.71 ms
Execution 348 - TLS Mutual
s_connection: verify depth is 1
Handshake duration: 195.32 ms
Execution 349 - TLS Mutual
s_connection: verify depth is 1
Handshake duration: 195.44 ms
Execution 350 - TLS Mutual
s_connection: verify depth is 1
Handshake duration: 191.06 ms
Execution 351 - TLS Mutual
s_connection: verify depth is 1
Handshake duration: 187.55 ms
Execution 352 - TLS Mutual
s_connection: verify depth is 1
Handshake duration: 193.37 ms
Execution 353 - TLS Mutual
s_connection: verify depth is 1
Handshake duration: 190.39 ms
Execution 354 - TLS Mutual
s_connection: verify depth is 1
Handshake duration: 191.99 ms
Execution 355 - TLS Mutual
s_connection: verify depth is 1
Handshake duration: 190.48 ms
Execution 356 - TLS Mutual
s_connection: verify depth is 1
Handshake duration: 189.68 ms
Execution 357 - TLS Mutual
s_connection: verify depth is 1
Handshake duration: 188.12 ms
Execution 358 - TLS Mutual
s_connection: verify depth is 1
Handshake duration: 316.50 ms
Execution 359 - TLS Mutual
s_connection: verify depth is 1
Handshake duration: 194.61 ms
Execution 360 - TLS Mutual
s_connection: verify depth is 1
Handshake duration: 192.59 ms
Execution 361 - TLS Mutual
s_connection: verify depth is 1
Handshake duration: 193.83 ms
Execution 362 - TLS Mutual
s_connection: verify depth is 1
Handshake duration: 195.52 ms
Execution 363 - TLS Mutual
s_connection: verify depth is 1
Handshake duration: 193.59 ms
Execution 364 - TLS Mutual
s_connection: verify depth is 1
Handshake duration: 156.29 ms
Execution 365 - TLS Mutual
s_connection: verify depth is 1
Handshake duration: 191.95 ms
Execution 366 - TLS Mutual
s_connection: verify depth is 1
Handshake duration: 192.36 ms
Execution 367 - TLS Mutual
s_connection: verify depth is 1
Handshake duration: 194.88 ms
Execution 368 - TLS Mutual
s_connection: verify depth is 1
Handshake duration: 193.04 ms
Execution 369 - TLS Mutual
s_connection: verify depth is 1
Handshake duration: 194.64 ms
Execution 370 - TLS Mutual
s_connection: verify depth is 1
Handshake duration: 192.66 ms
Execution 371 - TLS Mutual
s_connection: verify depth is 1
Handshake duration: 192.41 ms
Execution 372 - TLS Mutual
s_connection: verify depth is 1
Handshake duration: 169.13 ms
Execution 373 - TLS Mutual
s_connection: verify depth is 1
Handshake duration: 191.50 ms
Execution 374 - TLS Mutual
s_connection: verify depth is 1
Handshake duration: 195.12 ms
Execution 375 - TLS Mutual
s_connection: verify depth is 1
Handshake duration: 193.00 ms
Execution 376 - TLS Mutual
s_connection: verify depth is 1
Handshake duration: 174.40 ms
Execution 377 - TLS Mutual
s_connection: verify depth is 1
Handshake duration: 197.29 ms
Execution 378 - TLS Mutual
s_connection: verify depth is 1
Handshake duration: 192.70 ms
Execution 379 - TLS Mutual
s_connection: verify depth is 1
Handshake duration: 191.96 ms
Execution 380 - TLS Mutual
s_connection: verify depth is 1
Handshake duration: 497.47 ms
Execution 381 - TLS Mutual
s_connection: verify depth is 1
Handshake duration: 188.75 ms
Execution 382 - TLS Mutual
s_connection: verify depth is 1
Handshake duration: 187.97 ms
Execution 383 - TLS Mutual
s_connection: verify depth is 1
Handshake duration: 191.11 ms
Execution 384 - TLS Mutual
s_connection: verify depth is 1
Handshake duration: 189.25 ms
Execution 385 - TLS Mutual
s_connection: verify depth is 1
Handshake duration: 193.10 ms
Execution 386 - TLS Mutual
s_connection: verify depth is 1
Handshake duration: 192.03 ms
Execution 387 - TLS Mutual
s_connection: verify depth is 1
Handshake duration: 158.71 ms
Execution 388 - TLS Mutual
s_connection: verify depth is 1
Handshake duration: 196.09 ms
Execution 389 - TLS Mutual
s_connection: verify depth is 1
Handshake duration: 192.86 ms
Execution 390 - TLS Mutual
s_connection: verify depth is 1
Handshake duration: 194.69 ms
Execution 391 - TLS Mutual
s_connection: verify depth is 1
Handshake duration: 195.19 ms
Execution 392 - TLS Mutual
s_connection: verify depth is 1
Handshake duration: 195.40 ms
Execution 393 - TLS Mutual
s_connection: verify depth is 1
Handshake duration: 195.64 ms
Execution 394 - TLS Mutual
s_connection: verify depth is 1
Handshake duration: 191.08 ms
Execution 395 - TLS Mutual
s_connection: verify depth is 1
Handshake duration: 193.96 ms
Execution 396 - TLS Mutual
s_connection: verify depth is 1
Handshake duration: 178.89 ms
Execution 397 - TLS Mutual
s_connection: verify depth is 1
Handshake duration: 194.97 ms
Execution 398 - TLS Mutual
s_connection: verify depth is 1
Handshake duration: 193.31 ms
Execution 399 - TLS Mutual
s_connection: verify depth is 1
Handshake duration: 191.97 ms
Execution 400 - TLS Mutual
s_connection: verify depth is 1
Handshake duration: 193.46 ms
Execution 401 - TLS Mutual
s_connection: verify depth is 1
Handshake duration: 192.83 ms
Execution 402 - TLS Mutual
s_connection: verify depth is 1
Handshake duration: 194.70 ms
Execution 403 - TLS Mutual
s_connection: verify depth is 1
Handshake duration: 192.36 ms
Execution 404 - TLS Mutual
s_connection: verify depth is 1
Handshake duration: 176.10 ms
Execution 405 - TLS Mutual
s_connection: verify depth is 1
Handshake duration: 191.56 ms
Execution 406 - TLS Mutual
s_connection: verify depth is 1
Handshake duration: 193.48 ms
Execution 407 - TLS Mutual
s_connection: verify depth is 1
Handshake duration: 189.46 ms
Execution 408 - TLS Mutual
s_connection: verify depth is 1
Handshake duration: 190.35 ms
Execution 409 - TLS Mutual
s_connection: verify depth is 1
Handshake duration: 190.48 ms
Execution 410 - TLS Mutual
s_connection: verify depth is 1
Handshake duration: 190.91 ms
Execution 411 - TLS Mutual
s_connection: verify depth is 1
Handshake duration: 189.38 ms
Execution 412 - TLS Mutual
s_connection: verify depth is 1
Handshake duration: 188.92 ms
Execution 413 - TLS Mutual
s_connection: verify depth is 1
Handshake duration: 189.55 ms
Execution 414 - TLS Mutual
s_connection: verify depth is 1
Handshake duration: 192.49 ms
Execution 415 - TLS Mutual
s_connection: verify depth is 1
Handshake duration: 191.38 ms
Execution 416 - TLS Mutual
s_connection: verify depth is 1
Handshake duration: 191.42 ms
Execution 417 - TLS Mutual
s_connection: verify depth is 1
Handshake duration: 192.39 ms
Execution 418 - TLS Mutual
s_connection: verify depth is 1
Handshake duration: 192.95 ms
Execution 419 - TLS Mutual
s_connection: verify depth is 1
Handshake duration: 192.68 ms
Execution 420 - TLS Mutual
s_connection: verify depth is 1
Handshake duration: 193.51 ms
Execution 421 - TLS Mutual
s_connection: verify depth is 1
Handshake duration: 192.11 ms
Execution 422 - TLS Mutual
s_connection: verify depth is 1
Handshake duration: 193.43 ms
Execution 423 - TLS Mutual
s_connection: verify depth is 1
Handshake duration: 189.23 ms
Execution 424 - TLS Mutual
s_connection: verify depth is 1
Handshake duration: 191.69 ms
Execution 425 - TLS Mutual
s_connection: verify depth is 1
Handshake duration: 191.99 ms
Execution 426 - TLS Mutual
s_connection: verify depth is 1
Handshake duration: 313.28 ms
Execution 427 - TLS Mutual
s_connection: verify depth is 1
Handshake duration: 330.57 ms
Execution 428 - TLS Mutual
s_connection: verify depth is 1
Handshake duration: 180.13 ms
Execution 429 - TLS Mutual
s_connection: verify depth is 1
Handshake duration: 188.88 ms
Execution 430 - TLS Mutual
s_connection: verify depth is 1
Handshake duration: 195.97 ms
Execution 431 - TLS Mutual
s_connection: verify depth is 1
Handshake duration: 192.21 ms
Execution 432 - TLS Mutual
s_connection: verify depth is 1
Handshake duration: 194.51 ms
Execution 433 - TLS Mutual
s_connection: verify depth is 1
Handshake duration: 183.19 ms
Execution 434 - TLS Mutual
s_connection: verify depth is 1
Handshake duration: 194.21 ms
Execution 435 - TLS Mutual
s_connection: verify depth is 1
Handshake duration: 190.28 ms
Execution 436 - TLS Mutual
s_connection: verify depth is 1
Handshake duration: 188.88 ms
Execution 437 - TLS Mutual
s_connection: verify depth is 1
Handshake duration: 187.54 ms
Execution 438 - TLS Mutual
s_connection: verify depth is 1
Handshake duration: 188.90 ms
Execution 439 - TLS Mutual
s_connection: verify depth is 1
Handshake duration: 187.97 ms
Execution 440 - TLS Mutual
s_connection: verify depth is 1
Handshake duration: 191.73 ms
Execution 441 - TLS Mutual
s_connection: verify depth is 1
Handshake duration: 162.45 ms
Execution 442 - TLS Mutual
s_connection: verify depth is 1
Handshake duration: 188.03 ms
Execution 443 - TLS Mutual
s_connection: verify depth is 1
Handshake duration: 189.58 ms
Execution 444 - TLS Mutual
s_connection: verify depth is 1
Handshake duration: 168.81 ms
Execution 445 - TLS Mutual
s_connection: verify depth is 1
Handshake duration: 187.71 ms
Execution 446 - TLS Mutual
s_connection: verify depth is 1
Handshake duration: 194.46 ms
Execution 447 - TLS Mutual
s_connection: verify depth is 1
Handshake duration: 193.65 ms
Execution 448 - TLS Mutual
s_connection: verify depth is 1
Handshake duration: 192.12 ms
Execution 449 - TLS Mutual
s_connection: verify depth is 1
Handshake duration: 195.51 ms
Execution 450 - TLS Mutual
s_connection: verify depth is 1
Handshake duration: 150.05 ms
Execution 451 - TLS Mutual
s_connection: verify depth is 1
Handshake duration: 196.23 ms
Execution 452 - TLS Mutual
s_connection: verify depth is 1
Handshake duration: 196.25 ms
Execution 453 - TLS Mutual
s_connection: verify depth is 1
Handshake duration: 194.19 ms
Execution 454 - TLS Mutual
s_connection: verify depth is 1
Handshake duration: 184.65 ms
Execution 455 - TLS Mutual
s_connection: verify depth is 1
Handshake duration: 190.30 ms
Execution 456 - TLS Mutual
s_connection: verify depth is 1
Handshake duration: 190.97 ms
Execution 457 - TLS Mutual
s_connection: verify depth is 1
Handshake duration: 188.23 ms
Execution 458 - TLS Mutual
s_connection: verify depth is 1
Handshake duration: 190.97 ms
Execution 459 - TLS Mutual
s_connection: verify depth is 1
Handshake duration: 195.21 ms
Execution 460 - TLS Mutual
s_connection: verify depth is 1
Handshake duration: 194.07 ms
Execution 461 - TLS Mutual
s_connection: verify depth is 1
Handshake duration: 192.88 ms
Execution 462 - TLS Mutual
s_connection: verify depth is 1
Handshake duration: 191.43 ms
Execution 463 - TLS Mutual
s_connection: verify depth is 1
Handshake duration: 177.18 ms
Execution 464 - TLS Mutual
s_connection: verify depth is 1
Handshake duration: 191.74 ms
Execution 465 - TLS Mutual
s_connection: verify depth is 1
Handshake duration: 180.13 ms
Execution 466 - TLS Mutual
s_connection: verify depth is 1
Handshake duration: 189.90 ms
Execution 467 - TLS Mutual
s_connection: verify depth is 1
Handshake duration: 188.81 ms
Execution 468 - TLS Mutual
s_connection: verify depth is 1
Handshake duration: 188.79 ms
Execution 469 - TLS Mutual
s_connection: verify depth is 1
Handshake duration: 170.44 ms
Execution 470 - TLS Mutual
s_connection: verify depth is 1
Handshake duration: 171.86 ms
Execution 471 - TLS Mutual
s_connection: verify depth is 1
Handshake duration: 193.85 ms
Execution 472 - TLS Mutual
s_connection: verify depth is 1
Handshake duration: 194.67 ms
Execution 473 - TLS Mutual
s_connection: verify depth is 1
Handshake duration: 194.37 ms
Execution 474 - TLS Mutual
s_connection: verify depth is 1
Handshake duration: 195.04 ms
Execution 475 - TLS Mutual
s_connection: verify depth is 1
Handshake duration: 195.25 ms
Execution 476 - TLS Mutual
s_connection: verify depth is 1
Handshake duration: 195.89 ms
Execution 477 - TLS Mutual
s_connection: verify depth is 1
Handshake duration: 197.23 ms
Execution 478 - TLS Mutual
s_connection: verify depth is 1
Handshake duration: 194.04 ms
Execution 479 - TLS Mutual
s_connection: verify depth is 1
Handshake duration: 195.86 ms
Execution 480 - TLS Mutual
s_connection: verify depth is 1
Handshake duration: 191.12 ms
Execution 481 - TLS Mutual
s_connection: verify depth is 1
Handshake duration: 191.74 ms
Execution 482 - TLS Mutual
s_connection: verify depth is 1
Handshake duration: 193.64 ms
Execution 483 - TLS Mutual
s_connection: verify depth is 1
Handshake duration: 192.13 ms
Execution 484 - TLS Mutual
s_connection: verify depth is 1
Handshake duration: 191.30 ms
Execution 485 - TLS Mutual
s_connection: verify depth is 1
Handshake duration: 193.56 ms
Execution 486 - TLS Mutual
s_connection: verify depth is 1
Handshake duration: 193.18 ms
Execution 487 - TLS Mutual
s_connection: verify depth is 1
Handshake duration: 192.23 ms
Execution 488 - TLS Mutual
s_connection: verify depth is 1
Handshake duration: 195.01 ms
Execution 489 - TLS Mutual
s_connection: verify depth is 1
Handshake duration: 192.08 ms
Execution 490 - TLS Mutual
s_connection: verify depth is 1
Handshake duration: 193.70 ms
Execution 491 - TLS Mutual
s_connection: verify depth is 1
Handshake duration: 191.61 ms
Execution 492 - TLS Mutual
s_connection: verify depth is 1
Handshake duration: 181.75 ms
Execution 493 - TLS Mutual
s_connection: verify depth is 1
Handshake duration: 179.85 ms
Execution 494 - TLS Mutual
s_connection: verify depth is 1
Handshake duration: 192.47 ms
Execution 495 - TLS Mutual
s_connection: verify depth is 1
Handshake duration: 192.58 ms
Execution 496 - TLS Mutual
s_connection: verify depth is 1
Handshake duration: 188.74 ms
Execution 497 - TLS Mutual
s_connection: verify depth is 1
Handshake duration: 193.70 ms
Execution 498 - TLS Mutual
s_connection: verify depth is 1
Handshake duration: 192.81 ms
Execution 499 - TLS Mutual
s_connection: verify depth is 1
Handshake duration: 192.25 ms
Execution 500 - TLS Mutual
s_connection: verify depth is 1
Handshake duration: 162.97 ms
