Applying netem rules to lo...
Showing qdisc status for the interface: lo
qdisc netem 83a8: root refcnt 2 limit 1000 seed 5188270124672063417
 Sent 0 bytes 0 pkt (dropped 0, overlimits 0 requeues 0) 
 backlog 0b 0p requeues 0
Running ./perftestClientTlsQuic.sh with SIG_ALG=mldsa65 and KEM_ALG=mlkem768
Execution 1 - TLS Mutual
s_connection: verify depth is 1
Handshake duration: 432.34 ms
Execution 2 - TLS Mutual
s_connection: verify depth is 1
Handshake duration: 323.59 ms
Execution 3 - TLS Mutual
s_connection: verify depth is 1
Handshake duration: 321.64 ms
Execution 4 - TLS Mutual
s_connection: verify depth is 1
Handshake duration: 319.22 ms
Execution 5 - TLS Mutual
s_connection: verify depth is 1
Handshake duration: 322.28 ms
Execution 6 - TLS Mutual
s_connection: verify depth is 1
Handshake duration: 322.72 ms
Execution 7 - TLS Mutual
s_connection: verify depth is 1
Handshake duration: 324.26 ms
Execution 8 - TLS Mutual
s_connection: verify depth is 1
Handshake duration: 323.89 ms
Execution 9 - TLS Mutual
s_connection: verify depth is 1
Handshake duration: 323.53 ms
Execution 10 - TLS Mutual
s_connection: verify depth is 1
Handshake duration: 298.10 ms
Execution 11 - TLS Mutual
s_connection: verify depth is 1
Handshake duration: 322.07 ms
Execution 12 - TLS Mutual
s_connection: verify depth is 1
Handshake duration: 322.79 ms
Execution 13 - TLS Mutual
s_connection: verify depth is 1
Handshake duration: 296.58 ms
Execution 14 - TLS Mutual
s_connection: verify depth is 1
Handshake duration: 320.12 ms
Execution 15 - TLS Mutual
s_connection: verify depth is 1
Handshake duration: 296.73 ms
Execution 16 - TLS Mutual
s_connection: verify depth is 1
Handshake duration: 321.79 ms
Execution 17 - TLS Mutual
s_connection: verify depth is 1
Handshake duration: 322.94 ms
Execution 18 - TLS Mutual
s_connection: verify depth is 1
Handshake duration: 324.88 ms
Execution 19 - TLS Mutual
s_connection: verify depth is 1
Handshake duration: 322.19 ms
Execution 20 - TLS Mutual
s_connection: verify depth is 1
Handshake duration: 323.94 ms
Execution 21 - TLS Mutual
s_connection: verify depth is 1
Handshake duration: 324.80 ms
Execution 22 - TLS Mutual
s_connection: verify depth is 1
Handshake duration: 324.23 ms
Execution 23 - TLS Mutual
s_connection: verify depth is 1
Handshake duration: 320.72 ms
Execution 24 - TLS Mutual
s_connection: verify depth is 1
Handshake duration: 323.31 ms
Execution 25 - TLS Mutual
s_connection: verify depth is 1
Handshake duration: 319.35 ms
Execution 26 - TLS Mutual
s_connection: verify depth is 1
Handshake duration: 465.70 ms
Execution 27 - TLS Mutual
s_connection: verify depth is 1
Handshake duration: 321.90 ms
Execution 28 - TLS Mutual
s_connection: verify depth is 1
Handshake duration: 322.02 ms
Execution 29 - TLS Mutual
s_connection: verify depth is 1
Handshake duration: 326.98 ms
Execution 30 - TLS Mutual
s_connection: verify depth is 1
Handshake duration: 321.68 ms
Execution 31 - TLS Mutual
s_connection: verify depth is 1
Handshake duration: 324.60 ms
Execution 32 - TLS Mutual
s_connection: verify depth is 1
Handshake duration: 322.52 ms
Execution 33 - TLS Mutual
s_connection: verify depth is 1
Handshake duration: 322.41 ms
Execution 34 - TLS Mutual
s_connection: verify depth is 1
Handshake duration: 321.37 ms
Execution 35 - TLS Mutual
s_connection: verify depth is 1
Handshake duration: 321.98 ms
Execution 36 - TLS Mutual
s_connection: verify depth is 1
Handshake duration: 305.14 ms
Execution 37 - TLS Mutual
s_connection: verify depth is 1
Handshake duration: 298.79 ms
Execution 38 - TLS Mutual
s_connection: verify depth is 1
Handshake duration: 323.86 ms
Execution 39 - TLS Mutual
s_connection: verify depth is 1
Handshake duration: 318.94 ms
Execution 40 - TLS Mutual
s_connection: verify depth is 1
Handshake duration: 323.27 ms
Execution 41 - TLS Mutual
s_connection: verify depth is 1
Handshake duration: 298.16 ms
Execution 42 - TLS Mutual
s_connection: verify depth is 1
Handshake duration: 323.88 ms
Execution 43 - TLS Mutual
s_connection: verify depth is 1
Handshake duration: 322.79 ms
Execution 44 - TLS Mutual
s_connection: verify depth is 1
Handshake duration: 324.22 ms
Execution 45 - TLS Mutual
s_connection: verify depth is 1
Handshake duration: 298.54 ms
Execution 46 - TLS Mutual
s_connection: verify depth is 1
Handshake duration: 324.80 ms
Execution 47 - TLS Mutual
s_connection: verify depth is 1
Handshake duration: 323.29 ms
Execution 48 - TLS Mutual
s_connection: verify depth is 1
Handshake duration: 322.40 ms
Execution 49 - TLS Mutual
s_connection: verify depth is 1
Handshake duration: 321.86 ms
Execution 50 - TLS Mutual
s_connection: verify depth is 1
Handshake duration: 322.07 ms
Execution 51 - TLS Mutual
s_connection: verify depth is 1
Handshake duration: 320.78 ms
Execution 52 - TLS Mutual
s_connection: verify depth is 1
Handshake duration: 298.65 ms
Execution 53 - TLS Mutual
s_connection: verify depth is 1
Handshake duration: 296.25 ms
Execution 54 - TLS Mutual
s_connection: verify depth is 1
Handshake duration: 323.22 ms
Execution 55 - TLS Mutual
s_connection: verify depth is 1
Handshake duration: 298.56 ms
Execution 56 - TLS Mutual
s_connection: verify depth is 1
Handshake duration: 324.46 ms
Execution 57 - TLS Mutual
s_connection: verify depth is 1
Handshake duration: 324.72 ms
Execution 58 - TLS Mutual
s_connection: verify depth is 1
Handshake duration: 321.39 ms
Execution 59 - TLS Mutual
s_connection: verify depth is 1
Handshake duration: 319.76 ms
Execution 60 - TLS Mutual
s_connection: verify depth is 1
Handshake duration: 323.27 ms
Execution 61 - TLS Mutual
s_connection: verify depth is 1
Handshake duration: 322.42 ms
Execution 62 - TLS Mutual
s_connection: verify depth is 1
Handshake duration: 324.72 ms
Execution 63 - TLS Mutual
s_connection: verify depth is 1
Handshake duration: 324.41 ms
Execution 64 - TLS Mutual
s_connection: verify depth is 1
Handshake duration: 321.55 ms
Execution 65 - TLS Mutual
s_connection: verify depth is 1
Handshake duration: 321.85 ms
Execution 66 - TLS Mutual
s_connection: verify depth is 1
Handshake duration: 324.66 ms
Execution 67 - TLS Mutual
s_connection: verify depth is 1
Handshake duration: 324.90 ms
Execution 68 - TLS Mutual
s_connection: verify depth is 1
Handshake duration: 307.49 ms
Execution 69 - TLS Mutual
s_connection: verify depth is 1
Handshake duration: 321.88 ms
Execution 70 - TLS Mutual
s_connection: verify depth is 1
Handshake duration: 323.37 ms
Execution 71 - TLS Mutual
s_connection: verify depth is 1
Handshake duration: 320.48 ms
Execution 72 - TLS Mutual
s_connection: verify depth is 1
Handshake duration: 323.29 ms
Execution 73 - TLS Mutual
s_connection: verify depth is 1
Handshake duration: 320.63 ms
Execution 74 - TLS Mutual
s_connection: verify depth is 1
Handshake duration: 321.50 ms
Execution 75 - TLS Mutual
s_connection: verify depth is 1
Handshake duration: 321.03 ms
Execution 76 - TLS Mutual
s_connection: verify depth is 1
Handshake duration: 319.56 ms
Execution 77 - TLS Mutual
s_connection: verify depth is 1
Handshake duration: 323.51 ms
Execution 78 - TLS Mutual
s_connection: verify depth is 1
Handshake duration: 324.13 ms
Execution 79 - TLS Mutual
s_connection: verify depth is 1
Handshake duration: 321.45 ms
Execution 80 - TLS Mutual
s_connection: verify depth is 1
Handshake duration: 322.55 ms
Execution 81 - TLS Mutual
s_connection: verify depth is 1
Handshake duration: 323.17 ms
Execution 82 - TLS Mutual
s_connection: verify depth is 1
Handshake duration: 322.80 ms
Execution 83 - TLS Mutual
s_connection: verify depth is 1
Handshake duration: 318.47 ms
Execution 84 - TLS Mutual
s_connection: verify depth is 1
Handshake duration: 322.97 ms
Execution 85 - TLS Mutual
s_connection: verify depth is 1
Handshake duration: 320.91 ms
Execution 86 - TLS Mutual
s_connection: verify depth is 1
Handshake duration: 300.00 ms
Execution 87 - TLS Mutual
s_connection: verify depth is 1
Handshake duration: 321.47 ms
Execution 88 - TLS Mutual
s_connection: verify depth is 1
Handshake duration: 322.00 ms
Execution 89 - TLS Mutual
s_connection: verify depth is 1
Handshake duration: 320.01 ms
Execution 90 - TLS Mutual
s_connection: verify depth is 1
Handshake duration: 323.52 ms
Execution 91 - TLS Mutual
s_connection: verify depth is 1
Handshake duration: 324.59 ms
Execution 92 - TLS Mutual
s_connection: verify depth is 1
Handshake duration: 323.29 ms
Execution 93 - TLS Mutual
s_connection: verify depth is 1
Handshake duration: 320.13 ms
Execution 94 - TLS Mutual
s_connection: verify depth is 1
Handshake duration: 319.92 ms
Execution 95 - TLS Mutual
s_connection: verify depth is 1
Handshake duration: 321.16 ms
Execution 96 - TLS Mutual
s_connection: verify depth is 1
Handshake duration: 297.59 ms
Execution 97 - TLS Mutual
s_connection: verify depth is 1
Handshake duration: 321.78 ms
Execution 98 - TLS Mutual
s_connection: verify depth is 1
Handshake duration: 322.86 ms
Execution 99 - TLS Mutual
s_connection: verify depth is 1
Handshake duration: 292.85 ms
Execution 100 - TLS Mutual
s_connection: verify depth is 1
Handshake duration: 325.20 ms
Execution 101 - TLS Mutual
s_connection: verify depth is 1
Handshake duration: 324.08 ms
Execution 102 - TLS Mutual
s_connection: verify depth is 1
Handshake duration: 322.33 ms
Execution 103 - TLS Mutual
s_connection: verify depth is 1
Handshake duration: 324.47 ms
Execution 104 - TLS Mutual
s_connection: verify depth is 1
Handshake duration: 323.38 ms
Execution 105 - TLS Mutual
s_connection: verify depth is 1
Handshake duration: 321.32 ms
Execution 106 - TLS Mutual
s_connection: verify depth is 1
Handshake duration: 321.26 ms
Execution 107 - TLS Mutual
s_connection: verify depth is 1
Handshake duration: 323.23 ms
Execution 108 - TLS Mutual
s_connection: verify depth is 1
Handshake duration: 322.70 ms
Execution 109 - TLS Mutual
s_connection: verify depth is 1
Handshake duration: 321.79 ms
Execution 110 - TLS Mutual
s_connection: verify depth is 1
Handshake duration: 323.59 ms
Execution 111 - TLS Mutual
s_connection: verify depth is 1
Handshake duration: 291.56 ms
Execution 112 - TLS Mutual
s_connection: verify depth is 1
Handshake duration: 287.87 ms
Execution 113 - TLS Mutual
s_connection: verify depth is 1
Handshake duration: 298.42 ms
Execution 114 - TLS Mutual
s_connection: verify depth is 1
Handshake duration: 321.85 ms
Execution 115 - TLS Mutual
s_connection: verify depth is 1
Handshake duration: 324.51 ms
Execution 116 - TLS Mutual
s_connection: verify depth is 1
Handshake duration: 318.61 ms
Execution 117 - TLS Mutual
s_connection: verify depth is 1
Handshake duration: 321.57 ms
Execution 118 - TLS Mutual
s_connection: verify depth is 1
Handshake duration: 320.54 ms
Execution 119 - TLS Mutual
s_connection: verify depth is 1
Handshake duration: 322.63 ms
Execution 120 - TLS Mutual
s_connection: verify depth is 1
Handshake duration: 322.88 ms
Execution 121 - TLS Mutual
s_connection: verify depth is 1
Handshake duration: 322.83 ms
Execution 122 - TLS Mutual
s_connection: verify depth is 1
Handshake duration: 322.31 ms
Execution 123 - TLS Mutual
s_connection: verify depth is 1
Handshake duration: 325.02 ms
Execution 124 - TLS Mutual
s_connection: verify depth is 1
Handshake duration: 321.52 ms
Execution 125 - TLS Mutual
s_connection: verify depth is 1
Handshake duration: 324.47 ms
Execution 126 - TLS Mutual
s_connection: verify depth is 1
Handshake duration: 322.26 ms
Execution 127 - TLS Mutual
s_connection: verify depth is 1
Handshake duration: 311.61 ms
Execution 128 - TLS Mutual
s_connection: verify depth is 1
Handshake duration: 319.96 ms
Execution 129 - TLS Mutual
s_connection: verify depth is 1
Handshake duration: 322.67 ms
Execution 130 - TLS Mutual
s_connection: verify depth is 1
Handshake duration: 300.20 ms
Execution 131 - TLS Mutual
s_connection: verify depth is 1
Handshake duration: 464.19 ms
Execution 132 - TLS Mutual
s_connection: verify depth is 1
Handshake duration: 320.09 ms
Execution 133 - TLS Mutual
s_connection: verify depth is 1
Handshake duration: 298.12 ms
Execution 134 - TLS Mutual
s_connection: verify depth is 1
Handshake duration: 322.97 ms
Execution 135 - TLS Mutual
s_connection: verify depth is 1
Handshake duration: 320.23 ms
Execution 136 - TLS Mutual
s_connection: verify depth is 1
Handshake duration: 322.80 ms
Execution 137 - TLS Mutual
s_connection: verify depth is 1
Handshake duration: 322.58 ms
Execution 138 - TLS Mutual
s_connection: verify depth is 1
Handshake duration: 324.59 ms
Execution 139 - TLS Mutual
s_connection: verify depth is 1
Handshake duration: 309.96 ms
Execution 140 - TLS Mutual
s_connection: verify depth is 1
Handshake duration: 321.86 ms
Execution 141 - TLS Mutual
s_connection: verify depth is 1
Handshake duration: 325.17 ms
Execution 142 - TLS Mutual
s_connection: verify depth is 1
Handshake duration: 299.11 ms
Execution 143 - TLS Mutual
s_connection: verify depth is 1
Handshake duration: 324.76 ms
Execution 144 - TLS Mutual
s_connection: verify depth is 1
Handshake duration: 322.85 ms
Execution 145 - TLS Mutual
s_connection: verify depth is 1
Handshake duration: 323.61 ms
Execution 146 - TLS Mutual
s_connection: verify depth is 1
Handshake duration: 322.81 ms
Execution 147 - TLS Mutual
s_connection: verify depth is 1
Handshake duration: 322.13 ms
Execution 148 - TLS Mutual
s_connection: verify depth is 1
Handshake duration: 297.75 ms
Execution 149 - TLS Mutual
s_connection: verify depth is 1
Handshake duration: 300.96 ms
Execution 150 - TLS Mutual
s_connection: verify depth is 1
Handshake duration: 321.04 ms
Execution 151 - TLS Mutual
s_connection: verify depth is 1
Handshake duration: 320.26 ms
Execution 152 - TLS Mutual
s_connection: verify depth is 1
Handshake duration: 322.30 ms
Execution 153 - TLS Mutual
s_connection: verify depth is 1
Handshake duration: 299.57 ms
Execution 154 - TLS Mutual
s_connection: verify depth is 1
Handshake duration: 324.45 ms
Execution 155 - TLS Mutual
s_connection: verify depth is 1
Handshake duration: 321.53 ms
Execution 156 - TLS Mutual
s_connection: verify depth is 1
Handshake duration: 324.83 ms
Execution 157 - TLS Mutual
s_connection: verify depth is 1
Handshake duration: 308.59 ms
Execution 158 - TLS Mutual
s_connection: verify depth is 1
Handshake duration: 324.31 ms
Execution 159 - TLS Mutual
s_connection: verify depth is 1
Handshake duration: 298.30 ms
Execution 160 - TLS Mutual
s_connection: verify depth is 1
Handshake duration: 322.49 ms
Execution 161 - TLS Mutual
s_connection: verify depth is 1
Handshake duration: 319.86 ms
Execution 162 - TLS Mutual
s_connection: verify depth is 1
Handshake duration: 322.07 ms
Execution 163 - TLS Mutual
s_connection: verify depth is 1
Handshake duration: 319.74 ms
Execution 164 - TLS Mutual
s_connection: verify depth is 1
Handshake duration: 310.90 ms
Execution 165 - TLS Mutual
s_connection: verify depth is 1
Handshake duration: 319.83 ms
Execution 166 - TLS Mutual
s_connection: verify depth is 1
Handshake duration: 300.01 ms
Execution 167 - TLS Mutual
s_connection: verify depth is 1
Handshake duration: 323.70 ms
Execution 168 - TLS Mutual
s_connection: verify depth is 1
Handshake duration: 322.81 ms
Execution 169 - TLS Mutual
s_connection: verify depth is 1
Handshake duration: 323.71 ms
Execution 170 - TLS Mutual
s_connection: verify depth is 1
Handshake duration: 324.95 ms
Execution 171 - TLS Mutual
s_connection: verify depth is 1
Handshake duration: 323.59 ms
Execution 172 - TLS Mutual
s_connection: verify depth is 1
Handshake duration: 299.40 ms
Execution 173 - TLS Mutual
s_connection: verify depth is 1
Handshake duration: 324.38 ms
Execution 174 - TLS Mutual
s_connection: verify depth is 1
Handshake duration: 323.25 ms
Execution 175 - TLS Mutual
s_connection: verify depth is 1
Handshake duration: 321.39 ms
Execution 176 - TLS Mutual
s_connection: verify depth is 1
Handshake duration: 319.64 ms
Execution 177 - TLS Mutual
s_connection: verify depth is 1
Handshake duration: 323.26 ms
Execution 178 - TLS Mutual
s_connection: verify depth is 1
Handshake duration: 299.08 ms
Execution 179 - TLS Mutual
s_connection: verify depth is 1
Handshake duration: 298.33 ms
Execution 180 - TLS Mutual
s_connection: verify depth is 1
Handshake duration: 323.22 ms
Execution 181 - TLS Mutual
s_connection: verify depth is 1
Handshake duration: 308.05 ms
Execution 182 - TLS Mutual
s_connection: verify depth is 1
Handshake duration: 322.26 ms
Execution 183 - TLS Mutual
s_connection: verify depth is 1
Handshake duration: 322.35 ms
Execution 184 - TLS Mutual
s_connection: verify depth is 1
Handshake duration: 325.52 ms
Execution 185 - TLS Mutual
s_connection: verify depth is 1
Handshake duration: 324.26 ms
Execution 186 - TLS Mutual
s_connection: verify depth is 1
Handshake duration: 324.30 ms
Execution 187 - TLS Mutual
s_connection: verify depth is 1
Handshake duration: 323.57 ms
Execution 188 - TLS Mutual
s_connection: verify depth is 1
Handshake duration: 323.93 ms
Execution 189 - TLS Mutual
s_connection: verify depth is 1
Handshake duration: 321.26 ms
Execution 190 - TLS Mutual
s_connection: verify depth is 1
Handshake duration: 321.25 ms
Execution 191 - TLS Mutual
s_connection: verify depth is 1
Handshake duration: 322.15 ms
Execution 192 - TLS Mutual
s_connection: verify depth is 1
Handshake duration: 323.83 ms
Execution 193 - TLS Mutual
s_connection: verify depth is 1
Handshake duration: 324.36 ms
Execution 194 - TLS Mutual
s_connection: verify depth is 1
Handshake duration: 324.22 ms
Execution 195 - TLS Mutual
s_connection: verify depth is 1
Handshake duration: 323.95 ms
Execution 196 - TLS Mutual
s_connection: verify depth is 1
Handshake duration: 323.79 ms
Execution 197 - TLS Mutual
s_connection: verify depth is 1
Handshake duration: 298.68 ms
Execution 198 - TLS Mutual
s_connection: verify depth is 1
Handshake duration: 323.21 ms
Execution 199 - TLS Mutual
s_connection: verify depth is 1
Handshake duration: 323.49 ms
Execution 200 - TLS Mutual
s_connection: verify depth is 1
Handshake duration: 319.83 ms
Execution 201 - TLS Mutual
s_connection: verify depth is 1
Handshake duration: 298.63 ms
Execution 202 - TLS Mutual
s_connection: verify depth is 1
Handshake duration: 320.08 ms
Execution 203 - TLS Mutual
s_connection: verify depth is 1
Handshake duration: 322.01 ms
Execution 204 - TLS Mutual
s_connection: verify depth is 1
Handshake duration: 321.75 ms
Execution 205 - TLS Mutual
s_connection: verify depth is 1
Handshake duration: 321.88 ms
Execution 206 - TLS Mutual
s_connection: verify depth is 1
Handshake duration: 322.63 ms
Execution 207 - TLS Mutual
s_connection: verify depth is 1
Handshake duration: 317.88 ms
Execution 208 - TLS Mutual
s_connection: verify depth is 1
Handshake duration: 322.39 ms
Execution 209 - TLS Mutual
s_connection: verify depth is 1
Handshake duration: 297.45 ms
Execution 210 - TLS Mutual
s_connection: verify depth is 1
Handshake duration: 321.54 ms
Execution 211 - TLS Mutual
s_connection: verify depth is 1
Handshake duration: 296.23 ms
Execution 212 - TLS Mutual
s_connection: verify depth is 1
Handshake duration: 320.01 ms
Execution 213 - TLS Mutual
s_connection: verify depth is 1
Handshake duration: 323.28 ms
Execution 214 - TLS Mutual
s_connection: verify depth is 1
Handshake duration: 319.38 ms
Execution 215 - TLS Mutual
s_connection: verify depth is 1
Handshake duration: 323.45 ms
Execution 216 - TLS Mutual
s_connection: verify depth is 1
Handshake duration: 323.17 ms
Execution 217 - TLS Mutual
s_connection: verify depth is 1
Handshake duration: 321.65 ms
Execution 218 - TLS Mutual
s_connection: verify depth is 1
Handshake duration: 323.23 ms
Execution 219 - TLS Mutual
s_connection: verify depth is 1
Handshake duration: 324.30 ms
Execution 220 - TLS Mutual
s_connection: verify depth is 1
Handshake duration: 319.93 ms
Execution 221 - TLS Mutual
s_connection: verify depth is 1
Handshake duration: 297.74 ms
Execution 222 - TLS Mutual
s_connection: verify depth is 1
Handshake duration: 325.19 ms
Execution 223 - TLS Mutual
s_connection: verify depth is 1
Handshake duration: 323.42 ms
Execution 224 - TLS Mutual
s_connection: verify depth is 1
Handshake duration: 298.34 ms
Execution 225 - TLS Mutual
s_connection: verify depth is 1
Handshake duration: 302.16 ms
Execution 226 - TLS Mutual
s_connection: verify depth is 1
Handshake duration: 324.00 ms
Execution 227 - TLS Mutual
s_connection: verify depth is 1
Handshake duration: 324.00 ms
Execution 228 - TLS Mutual
s_connection: verify depth is 1
Handshake duration: 323.23 ms
Execution 229 - TLS Mutual
s_connection: verify depth is 1
Handshake duration: 321.02 ms
Execution 230 - TLS Mutual
s_connection: verify depth is 1
Handshake duration: 323.89 ms
Execution 231 - TLS Mutual
s_connection: verify depth is 1
Handshake duration: 323.91 ms
Execution 232 - TLS Mutual
s_connection: verify depth is 1
Handshake duration: 322.72 ms
Execution 233 - TLS Mutual
s_connection: verify depth is 1
Handshake duration: 323.85 ms
Execution 234 - TLS Mutual
s_connection: verify depth is 1
Handshake duration: 308.42 ms
Execution 235 - TLS Mutual
s_connection: verify depth is 1
Handshake duration: 321.98 ms
Execution 236 - TLS Mutual
s_connection: verify depth is 1
Handshake duration: 321.33 ms
Execution 237 - TLS Mutual
s_connection: verify depth is 1
Handshake duration: 324.73 ms
Execution 238 - TLS Mutual
s_connection: verify depth is 1
Handshake duration: 322.41 ms
Execution 239 - TLS Mutual
s_connection: verify depth is 1
Handshake duration: 296.78 ms
Execution 240 - TLS Mutual
s_connection: verify depth is 1
Handshake duration: 322.52 ms
Execution 241 - TLS Mutual
s_connection: verify depth is 1
Handshake duration: 297.36 ms
Execution 242 - TLS Mutual
s_connection: verify depth is 1
Handshake duration: 307.83 ms
Execution 243 - TLS Mutual
s_connection: verify depth is 1
Handshake duration: 323.84 ms
Execution 244 - TLS Mutual
s_connection: verify depth is 1
Handshake duration: 323.60 ms
Execution 245 - TLS Mutual
s_connection: verify depth is 1
Handshake duration: 323.77 ms
Execution 246 - TLS Mutual
s_connection: verify depth is 1
Handshake duration: 321.83 ms
Execution 247 - TLS Mutual
s_connection: verify depth is 1
Handshake duration: 325.10 ms
Execution 248 - TLS Mutual
s_connection: verify depth is 1
Handshake duration: 324.03 ms
Execution 249 - TLS Mutual
s_connection: verify depth is 1
Handshake duration: 324.49 ms
Execution 250 - TLS Mutual
s_connection: verify depth is 1
Handshake duration: 323.50 ms
Execution 251 - TLS Mutual
s_connection: verify depth is 1
Handshake duration: 324.20 ms
Execution 252 - TLS Mutual
s_connection: verify depth is 1
Handshake duration: 298.13 ms
Execution 253 - TLS Mutual
s_connection: verify depth is 1
Handshake duration: 321.45 ms
Execution 254 - TLS Mutual
s_connection: verify depth is 1
Handshake duration: 320.34 ms
Execution 255 - TLS Mutual
s_connection: verify depth is 1
Handshake duration: 322.66 ms
Execution 256 - TLS Mutual
s_connection: verify depth is 1
Handshake duration: 320.68 ms
Execution 257 - TLS Mutual
s_connection: verify depth is 1
Handshake duration: 323.91 ms
Execution 258 - TLS Mutual
s_connection: verify depth is 1
Handshake duration: 322.38 ms
Execution 259 - TLS Mutual
s_connection: verify depth is 1
Handshake duration: 298.33 ms
Execution 260 - TLS Mutual
s_connection: verify depth is 1
Handshake duration: 298.31 ms
Execution 261 - TLS Mutual
s_connection: verify depth is 1
Handshake duration: 322.12 ms
Execution 262 - TLS Mutual
s_connection: verify depth is 1
Handshake duration: 321.71 ms
Execution 263 - TLS Mutual
s_connection: verify depth is 1
Handshake duration: 321.29 ms
Execution 264 - TLS Mutual
s_connection: verify depth is 1
Handshake duration: 322.29 ms
Execution 265 - TLS Mutual
s_connection: verify depth is 1
Handshake duration: 325.64 ms
Execution 266 - TLS Mutual
s_connection: verify depth is 1
Handshake duration: 323.02 ms
Execution 267 - TLS Mutual
s_connection: verify depth is 1
Handshake duration: 323.17 ms
Execution 268 - TLS Mutual
s_connection: verify depth is 1
Handshake duration: 322.32 ms
Execution 269 - TLS Mutual
s_connection: verify depth is 1
Handshake duration: 323.27 ms
Execution 270 - TLS Mutual
s_connection: verify depth is 1
Handshake duration: 321.16 ms
Execution 271 - TLS Mutual
s_connection: verify depth is 1
Handshake duration: 322.17 ms
Execution 272 - TLS Mutual
s_connection: verify depth is 1
Handshake duration: 322.40 ms
Execution 273 - TLS Mutual
s_connection: verify depth is 1
Handshake duration: 298.05 ms
Execution 274 - TLS Mutual
s_connection: verify depth is 1
Handshake duration: 292.85 ms
Execution 275 - TLS Mutual
s_connection: verify depth is 1
Handshake duration: 325.04 ms
Execution 276 - TLS Mutual
s_connection: verify depth is 1
Handshake duration: 321.46 ms
Execution 277 - TLS Mutual
s_connection: verify depth is 1
Handshake duration: 321.16 ms
Execution 278 - TLS Mutual
s_connection: verify depth is 1
Handshake duration: 319.51 ms
Execution 279 - TLS Mutual
s_connection: verify depth is 1
Handshake duration: 324.49 ms
Execution 280 - TLS Mutual
s_connection: verify depth is 1
Handshake duration: 323.43 ms
Execution 281 - TLS Mutual
s_connection: verify depth is 1
Handshake duration: 323.18 ms
Execution 282 - TLS Mutual
s_connection: verify depth is 1
Handshake duration: 321.06 ms
Execution 283 - TLS Mutual
s_connection: verify depth is 1
Handshake duration: 323.58 ms
Execution 284 - TLS Mutual
s_connection: verify depth is 1
Handshake duration: 323.87 ms
Execution 285 - TLS Mutual
s_connection: verify depth is 1
Handshake duration: 323.86 ms
Execution 286 - TLS Mutual
s_connection: verify depth is 1
Handshake duration: 321.05 ms
Execution 287 - TLS Mutual
s_connection: verify depth is 1
Handshake duration: 319.61 ms
Execution 288 - TLS Mutual
s_connection: verify depth is 1
Handshake duration: 1719.69 ms
Execution 289 - TLS Mutual
s_connection: verify depth is 1
Handshake duration: 290.69 ms
Execution 290 - TLS Mutual
s_connection: verify depth is 1
Handshake duration: 287.78 ms
Execution 291 - TLS Mutual
s_connection: verify depth is 1
Handshake duration: 323.55 ms
Execution 292 - TLS Mutual
s_connection: verify depth is 1
Handshake duration: 323.32 ms
Execution 293 - TLS Mutual
s_connection: verify depth is 1
Handshake duration: 323.96 ms
Execution 294 - TLS Mutual
s_connection: verify depth is 1
Handshake duration: 323.86 ms
Execution 295 - TLS Mutual
s_connection: verify depth is 1
Handshake duration: 324.45 ms
Execution 296 - TLS Mutual
s_connection: verify depth is 1
Handshake duration: 298.06 ms
Execution 297 - TLS Mutual
s_connection: verify depth is 1
Handshake duration: 321.79 ms
Execution 298 - TLS Mutual
s_connection: verify depth is 1
Handshake duration: 320.31 ms
Execution 299 - TLS Mutual
s_connection: verify depth is 1
Handshake duration: 323.52 ms
Execution 300 - TLS Mutual
s_connection: verify depth is 1
Handshake duration: 297.80 ms
Execution 301 - TLS Mutual
s_connection: verify depth is 1
Handshake duration: 320.72 ms
Execution 302 - TLS Mutual
s_connection: verify depth is 1
Handshake duration: 298.86 ms
Execution 303 - TLS Mutual
s_connection: verify depth is 1
Handshake duration: 323.57 ms
Execution 304 - TLS Mutual
s_connection: verify depth is 1
Handshake duration: 321.40 ms
Execution 305 - TLS Mutual
s_connection: verify depth is 1
Handshake duration: 323.21 ms
Execution 306 - TLS Mutual
s_connection: verify depth is 1
Handshake duration: 322.59 ms
Execution 307 - TLS Mutual
s_connection: verify depth is 1
Handshake duration: 324.31 ms
Execution 308 - TLS Mutual
s_connection: verify depth is 1
Handshake duration: 324.53 ms
Execution 309 - TLS Mutual
s_connection: verify depth is 1
Handshake duration: 321.54 ms
Execution 310 - TLS Mutual
s_connection: verify depth is 1
Handshake duration: 324.89 ms
Execution 311 - TLS Mutual
s_connection: verify depth is 1
Handshake duration: 323.20 ms
Execution 312 - TLS Mutual
s_connection: verify depth is 1
Handshake duration: 309.37 ms
Execution 313 - TLS Mutual
s_connection: verify depth is 1
Handshake duration: 322.28 ms
Execution 314 - TLS Mutual
s_connection: verify depth is 1
Handshake duration: 320.82 ms
Execution 315 - TLS Mutual
s_connection: verify depth is 1
Handshake duration: 321.88 ms
Execution 316 - TLS Mutual
s_connection: verify depth is 1
Handshake duration: 324.53 ms
Execution 317 - TLS Mutual
s_connection: verify depth is 1
Handshake duration: 323.41 ms
Execution 318 - TLS Mutual
s_connection: verify depth is 1
Handshake duration: 297.80 ms
Execution 319 - TLS Mutual
s_connection: verify depth is 1
Handshake duration: 322.58 ms
Execution 320 - TLS Mutual
s_connection: verify depth is 1
Handshake duration: 304.07 ms
Execution 321 - TLS Mutual
s_connection: verify depth is 1
Handshake duration: 319.69 ms
Execution 322 - TLS Mutual
s_connection: verify depth is 1
Handshake duration: 323.48 ms
Execution 323 - TLS Mutual
s_connection: verify depth is 1
Handshake duration: 321.86 ms
Execution 324 - TLS Mutual
s_connection: verify depth is 1
Handshake duration: 300.53 ms
Execution 325 - TLS Mutual
s_connection: verify depth is 1
Handshake duration: 319.95 ms
Execution 326 - TLS Mutual
s_connection: verify depth is 1
Handshake duration: 299.28 ms
Execution 327 - TLS Mutual
s_connection: verify depth is 1
Handshake duration: 323.77 ms
Execution 328 - TLS Mutual
s_connection: verify depth is 1
Handshake duration: 323.94 ms
Execution 329 - TLS Mutual
s_connection: verify depth is 1
Handshake duration: 322.07 ms
Execution 330 - TLS Mutual
s_connection: verify depth is 1
Handshake duration: 299.07 ms
Execution 331 - TLS Mutual
s_connection: verify depth is 1
Handshake duration: 297.60 ms
Execution 332 - TLS Mutual
s_connection: verify depth is 1
Handshake duration: 320.08 ms
Execution 333 - TLS Mutual
s_connection: verify depth is 1
Handshake duration: 298.50 ms
Execution 334 - TLS Mutual
s_connection: verify depth is 1
Handshake duration: 297.36 ms
Execution 335 - TLS Mutual
s_connection: verify depth is 1
Handshake duration: 298.92 ms
Execution 336 - TLS Mutual
s_connection: verify depth is 1
Handshake duration: 321.26 ms
Execution 337 - TLS Mutual
s_connection: verify depth is 1
Handshake duration: 296.89 ms
Execution 338 - TLS Mutual
s_connection: verify depth is 1
Handshake duration: 311.09 ms
Execution 339 - TLS Mutual
s_connection: verify depth is 1
Handshake duration: 322.27 ms
Execution 340 - TLS Mutual
s_connection: verify depth is 1
Handshake duration: 321.87 ms
Execution 341 - TLS Mutual
s_connection: verify depth is 1
Handshake duration: 324.68 ms
Execution 342 - TLS Mutual
s_connection: verify depth is 1
Handshake duration: 323.73 ms
Execution 343 - TLS Mutual
s_connection: verify depth is 1
Handshake duration: 297.07 ms
Execution 344 - TLS Mutual
s_connection: verify depth is 1
Handshake duration: 319.72 ms
Execution 345 - TLS Mutual
s_connection: verify depth is 1
Handshake duration: 323.00 ms
Execution 346 - TLS Mutual
s_connection: verify depth is 1
Handshake duration: 322.63 ms
Execution 347 - TLS Mutual
s_connection: verify depth is 1
Handshake duration: 324.13 ms
Execution 348 - TLS Mutual
s_connection: verify depth is 1
Handshake duration: 321.92 ms
Execution 349 - TLS Mutual
s_connection: verify depth is 1
Handshake duration: 323.56 ms
Execution 350 - TLS Mutual
s_connection: verify depth is 1
Handshake duration: 320.37 ms
Execution 351 - TLS Mutual
s_connection: verify depth is 1
Handshake duration: 322.01 ms
Execution 352 - TLS Mutual
s_connection: verify depth is 1
Handshake duration: 323.79 ms
Execution 353 - TLS Mutual
s_connection: verify depth is 1
Handshake duration: 322.54 ms
Execution 354 - TLS Mutual
s_connection: verify depth is 1
Handshake duration: 319.44 ms
Execution 355 - TLS Mutual
s_connection: verify depth is 1
Handshake duration: 321.67 ms
Execution 356 - TLS Mutual
s_connection: verify depth is 1
Handshake duration: 297.98 ms
Execution 357 - TLS Mutual
s_connection: verify depth is 1
Handshake duration: 324.39 ms
Execution 358 - TLS Mutual
s_connection: verify depth is 1
Handshake duration: 306.64 ms
Execution 359 - TLS Mutual
s_connection: verify depth is 1
Handshake duration: 298.47 ms
Execution 360 - TLS Mutual
s_connection: verify depth is 1
Handshake duration: 321.80 ms
Execution 361 - TLS Mutual
s_connection: verify depth is 1
Handshake duration: 322.06 ms
Execution 362 - TLS Mutual
s_connection: verify depth is 1
Handshake duration: 324.86 ms
Execution 363 - TLS Mutual
s_connection: verify depth is 1
Handshake duration: 324.28 ms
Execution 364 - TLS Mutual
s_connection: verify depth is 1
Handshake duration: 324.70 ms
Execution 365 - TLS Mutual
s_connection: verify depth is 1
Handshake duration: 322.24 ms
Execution 366 - TLS Mutual
s_connection: verify depth is 1
Handshake duration: 321.99 ms
Execution 367 - TLS Mutual
s_connection: verify depth is 1
Handshake duration: 298.56 ms
Execution 368 - TLS Mutual
s_connection: verify depth is 1
Handshake duration: 324.19 ms
Execution 369 - TLS Mutual
s_connection: verify depth is 1
Handshake duration: 321.48 ms
Execution 370 - TLS Mutual
s_connection: verify depth is 1
Handshake duration: 323.50 ms
Execution 371 - TLS Mutual
s_connection: verify depth is 1
Handshake duration: 322.47 ms
Execution 372 - TLS Mutual
s_connection: verify depth is 1
Handshake duration: 323.01 ms
Execution 373 - TLS Mutual
s_connection: verify depth is 1
Handshake duration: 324.21 ms
Execution 374 - TLS Mutual
s_connection: verify depth is 1
Handshake duration: 297.89 ms
Execution 375 - TLS Mutual
s_connection: verify depth is 1
Handshake duration: 298.02 ms
Execution 376 - TLS Mutual
s_connection: verify depth is 1
Handshake duration: 321.03 ms
Execution 377 - TLS Mutual
s_connection: verify depth is 1
Handshake duration: 296.88 ms
Execution 378 - TLS Mutual
s_connection: verify depth is 1
Handshake duration: 324.60 ms
Execution 379 - TLS Mutual
s_connection: verify depth is 1
Handshake duration: 322.85 ms
Execution 380 - TLS Mutual
s_connection: verify depth is 1
Handshake duration: 321.38 ms
Execution 381 - TLS Mutual
s_connection: verify depth is 1
Handshake duration: 321.98 ms
Execution 382 - TLS Mutual
s_connection: verify depth is 1
Handshake duration: 323.83 ms
Execution 383 - TLS Mutual
s_connection: verify depth is 1
Handshake duration: 299.15 ms
Execution 384 - TLS Mutual
s_connection: verify depth is 1
Handshake duration: 297.66 ms
Execution 385 - TLS Mutual
s_connection: verify depth is 1
Handshake duration: 324.18 ms
Execution 386 - TLS Mutual
s_connection: verify depth is 1
Handshake duration: 322.15 ms
Execution 387 - TLS Mutual
s_connection: verify depth is 1
Handshake duration: 322.12 ms
Execution 388 - TLS Mutual
s_connection: verify depth is 1
Handshake duration: 320.47 ms
Execution 389 - TLS Mutual
s_connection: verify depth is 1
Handshake duration: 322.62 ms
Execution 390 - TLS Mutual
s_connection: verify depth is 1
Handshake duration: 319.37 ms
Execution 391 - TLS Mutual
s_connection: verify depth is 1
Handshake duration: 299.41 ms
Execution 392 - TLS Mutual
s_connection: verify depth is 1
Handshake duration: 323.23 ms
Execution 393 - TLS Mutual
s_connection: verify depth is 1
Handshake duration: 322.49 ms
Execution 394 - TLS Mutual
s_connection: verify depth is 1
Handshake duration: 322.44 ms
Execution 395 - TLS Mutual
s_connection: verify depth is 1
Handshake duration: 322.08 ms
Execution 396 - TLS Mutual
s_connection: verify depth is 1
Handshake duration: 324.54 ms
Execution 397 - TLS Mutual
s_connection: verify depth is 1
Handshake duration: 298.29 ms
Execution 398 - TLS Mutual
s_connection: verify depth is 1
Handshake duration: 297.99 ms
Execution 399 - TLS Mutual
s_connection: verify depth is 1
Handshake duration: 319.45 ms
Execution 400 - TLS Mutual
s_connection: verify depth is 1
Handshake duration: 320.97 ms
Execution 401 - TLS Mutual
s_connection: verify depth is 1
Handshake duration: 322.89 ms
Execution 402 - TLS Mutual
s_connection: verify depth is 1
Handshake duration: 321.39 ms
Execution 403 - TLS Mutual
s_connection: verify depth is 1
Handshake duration: 322.89 ms
Execution 404 - TLS Mutual
s_connection: verify depth is 1
Handshake duration: 322.78 ms
Execution 405 - TLS Mutual
s_connection: verify depth is 1
Handshake duration: 322.33 ms
Execution 406 - TLS Mutual
s_connection: verify depth is 1
Handshake duration: 322.64 ms
Execution 407 - TLS Mutual
s_connection: verify depth is 1
Handshake duration: 295.22 ms
Execution 408 - TLS Mutual
s_connection: verify depth is 1
Handshake duration: 323.02 ms
Execution 409 - TLS Mutual
s_connection: verify depth is 1
Handshake duration: 323.18 ms
Execution 410 - TLS Mutual
s_connection: verify depth is 1
Handshake duration: 322.60 ms
Execution 411 - TLS Mutual
s_connection: verify depth is 1
Handshake duration: 322.09 ms
Execution 412 - TLS Mutual
s_connection: verify depth is 1
Handshake duration: 322.77 ms
Execution 413 - TLS Mutual
s_connection: verify depth is 1
Handshake duration: 322.44 ms
Execution 414 - TLS Mutual
s_connection: verify depth is 1
Handshake duration: 320.07 ms
Execution 415 - TLS Mutual
s_connection: verify depth is 1
Handshake duration: 324.54 ms
Execution 416 - TLS Mutual
s_connection: verify depth is 1
Handshake duration: 321.25 ms
Execution 417 - TLS Mutual
s_connection: verify depth is 1
Handshake duration: 298.90 ms
Execution 418 - TLS Mutual
s_connection: verify depth is 1
Handshake duration: 325.12 ms
Execution 419 - TLS Mutual
s_connection: verify depth is 1
Handshake duration: 315.30 ms
Execution 420 - TLS Mutual
s_connection: verify depth is 1
Handshake duration: 298.91 ms
Execution 421 - TLS Mutual
s_connection: verify depth is 1
Handshake duration: 323.65 ms
Execution 422 - TLS Mutual
s_connection: verify depth is 1
Handshake duration: 322.56 ms
Execution 423 - TLS Mutual
s_connection: verify depth is 1
Handshake duration: 322.70 ms
Execution 424 - TLS Mutual
s_connection: verify depth is 1
Handshake duration: 323.83 ms
Execution 425 - TLS Mutual
s_connection: verify depth is 1
Handshake duration: 323.79 ms
Execution 426 - TLS Mutual
s_connection: verify depth is 1
Handshake duration: 323.91 ms
Execution 427 - TLS Mutual
s_connection: verify depth is 1
Handshake duration: 323.03 ms
Execution 428 - TLS Mutual
s_connection: verify depth is 1
Handshake duration: 323.74 ms
Execution 429 - TLS Mutual
s_connection: verify depth is 1
Handshake duration: 321.24 ms
Execution 430 - TLS Mutual
s_connection: verify depth is 1
Handshake duration: 323.60 ms
Execution 431 - TLS Mutual
s_connection: verify depth is 1
Handshake duration: 325.03 ms
Execution 432 - TLS Mutual
s_connection: verify depth is 1
Handshake duration: 323.23 ms
Execution 433 - TLS Mutual
s_connection: verify depth is 1
Handshake duration: 298.61 ms
Execution 434 - TLS Mutual
s_connection: verify depth is 1
Handshake duration: 298.35 ms
Execution 435 - TLS Mutual
s_connection: verify depth is 1
Handshake duration: 298.08 ms
Execution 436 - TLS Mutual
s_connection: verify depth is 1
Handshake duration: 297.73 ms
Execution 437 - TLS Mutual
s_connection: verify depth is 1
Handshake duration: 321.93 ms
Execution 438 - TLS Mutual
s_connection: verify depth is 1
Handshake duration: 323.96 ms
Execution 439 - TLS Mutual
s_connection: verify depth is 1
Handshake duration: 323.93 ms
Execution 440 - TLS Mutual
s_connection: verify depth is 1
Handshake duration: 321.06 ms
Execution 441 - TLS Mutual
s_connection: verify depth is 1
Handshake duration: 322.91 ms
Execution 442 - TLS Mutual
s_connection: verify depth is 1
Handshake duration: 322.36 ms
Execution 443 - TLS Mutual
s_connection: verify depth is 1
Handshake duration: 322.28 ms
Execution 444 - TLS Mutual
s_connection: verify depth is 1
Handshake duration: 323.92 ms
Execution 445 - TLS Mutual
s_connection: verify depth is 1
Handshake duration: 321.94 ms
Execution 446 - TLS Mutual
s_connection: verify depth is 1
Handshake duration: 324.66 ms
Execution 447 - TLS Mutual
s_connection: verify depth is 1
Handshake duration: 322.21 ms
Execution 448 - TLS Mutual
s_connection: verify depth is 1
Handshake duration: 297.95 ms
Execution 449 - TLS Mutual
s_connection: verify depth is 1
Handshake duration: 319.22 ms
Execution 450 - TLS Mutual
s_connection: verify depth is 1
Handshake duration: 322.53 ms
Execution 451 - TLS Mutual
s_connection: verify depth is 1
Handshake duration: 320.99 ms
Execution 452 - TLS Mutual
s_connection: verify depth is 1
Handshake duration: 322.01 ms
Execution 453 - TLS Mutual
s_connection: verify depth is 1
Handshake duration: 323.14 ms
Execution 454 - TLS Mutual
s_connection: verify depth is 1
Handshake duration: 297.25 ms
Execution 455 - TLS Mutual
s_connection: verify depth is 1
Handshake duration: 323.80 ms
Execution 456 - TLS Mutual
s_connection: verify depth is 1
Handshake duration: 323.33 ms
Execution 457 - TLS Mutual
s_connection: verify depth is 1
Handshake duration: 322.29 ms
Execution 458 - TLS Mutual
s_connection: verify depth is 1
Handshake duration: 288.76 ms
Execution 459 - TLS Mutual
s_connection: verify depth is 1
Handshake duration: 298.09 ms
Execution 460 - TLS Mutual
s_connection: verify depth is 1
Handshake duration: 327.01 ms
Execution 461 - TLS Mutual
s_connection: verify depth is 1
Handshake duration: 298.10 ms
Execution 462 - TLS Mutual
s_connection: verify depth is 1
Handshake duration: 320.27 ms
Execution 463 - TLS Mutual
s_connection: verify depth is 1
Handshake duration: 849.70 ms
Execution 464 - TLS Mutual
s_connection: verify depth is 1
Handshake duration: 321.44 ms
Execution 465 - TLS Mutual
s_connection: verify depth is 1
Handshake duration: 321.86 ms
Execution 466 - TLS Mutual
s_connection: verify depth is 1
Handshake duration: 321.10 ms
Execution 467 - TLS Mutual
s_connection: verify depth is 1
Handshake duration: 322.88 ms
Execution 468 - TLS Mutual
s_connection: verify depth is 1
Handshake duration: 322.33 ms
Execution 469 - TLS Mutual
s_connection: verify depth is 1
Handshake duration: 322.07 ms
Execution 470 - TLS Mutual
s_connection: verify depth is 1
Handshake duration: 324.88 ms
Execution 471 - TLS Mutual
s_connection: verify depth is 1
Handshake duration: 288.42 ms
Execution 472 - TLS Mutual
s_connection: verify depth is 1
Handshake duration: 298.55 ms
Execution 473 - TLS Mutual
s_connection: verify depth is 1
Handshake duration: 321.15 ms
Execution 474 - TLS Mutual
s_connection: verify depth is 1
Handshake duration: 322.30 ms
Execution 475 - TLS Mutual
s_connection: verify depth is 1
Handshake duration: 291.59 ms
Execution 476 - TLS Mutual
s_connection: verify depth is 1
Handshake duration: 301.24 ms
Execution 477 - TLS Mutual
s_connection: verify depth is 1
Handshake duration: 322.77 ms
Execution 478 - TLS Mutual
s_connection: verify depth is 1
Handshake duration: 320.58 ms
Execution 479 - TLS Mutual
s_connection: verify depth is 1
Handshake duration: 322.47 ms
Execution 480 - TLS Mutual
s_connection: verify depth is 1
Handshake duration: 316.07 ms
Execution 481 - TLS Mutual
s_connection: verify depth is 1
Handshake duration: 324.06 ms
Execution 482 - TLS Mutual
s_connection: verify depth is 1
Handshake duration: 324.15 ms
Execution 483 - TLS Mutual
s_connection: verify depth is 1
Handshake duration: 298.39 ms
Execution 484 - TLS Mutual
s_connection: verify depth is 1
Handshake duration: 298.93 ms
Execution 485 - TLS Mutual
s_connection: verify depth is 1
Handshake duration: 850.40 ms
Execution 486 - TLS Mutual
s_connection: verify depth is 1
Handshake duration: 299.12 ms
Execution 487 - TLS Mutual
s_connection: verify depth is 1
Handshake duration: 322.76 ms
Execution 488 - TLS Mutual
s_connection: verify depth is 1
Handshake duration: 322.43 ms
Execution 489 - TLS Mutual
s_connection: verify depth is 1
Handshake duration: 320.91 ms
Execution 490 - TLS Mutual
s_connection: verify depth is 1
Handshake duration: 298.57 ms
Execution 491 - TLS Mutual
s_connection: verify depth is 1
Handshake duration: 324.28 ms
Execution 492 - TLS Mutual
s_connection: verify depth is 1
Handshake duration: 323.62 ms
Execution 493 - TLS Mutual
s_connection: verify depth is 1
Handshake duration: 324.48 ms
Execution 494 - TLS Mutual
s_connection: verify depth is 1
Handshake duration: 321.79 ms
Execution 495 - TLS Mutual
s_connection: verify depth is 1
Handshake duration: 322.13 ms
Execution 496 - TLS Mutual
s_connection: verify depth is 1
Handshake duration: 322.01 ms
Execution 497 - TLS Mutual
s_connection: verify depth is 1
Handshake duration: 323.10 ms
Execution 498 - TLS Mutual
s_connection: verify depth is 1
Handshake duration: 322.19 ms
Execution 499 - TLS Mutual
s_connection: verify depth is 1
Handshake duration: 320.25 ms
Execution 500 - TLS Mutual
s_connection: verify depth is 1
Handshake duration: 324.13 ms
