Applying netem rules to lo...
Showing qdisc status for the interface: lo
qdisc netem 835c: root refcnt 2 limit 1000 seed 12936914098896067702
 Sent 0 bytes 0 pkt (dropped 0, overlimits 0 requeues 0) 
 backlog 0b 0p requeues 0
Running ./perftestClientTlsQuic.sh with SIG_ALG=secp384r1 and KEM_ALG=p384_hqc192
Execution 1 - TLS Mutual
s_connection: verify depth is 1
Handshake duration: 516.22 ms
Execution 2 - TLS Mutual
s_connection: verify depth is 1
Handshake duration: 382.63 ms
Execution 3 - TLS Mutual
s_connection: verify depth is 1
Handshake duration: 364.76 ms
Execution 4 - TLS Mutual
s_connection: verify depth is 1
Handshake duration: 379.20 ms
Execution 5 - TLS Mutual
s_connection: verify depth is 1
Handshake duration: 382.24 ms
Execution 6 - TLS Mutual
s_connection: verify depth is 1
Handshake duration: 383.35 ms
Execution 7 - TLS Mutual
s_connection: verify depth is 1
Handshake duration: 382.75 ms
Execution 8 - TLS Mutual
s_connection: verify depth is 1
Handshake duration: 381.81 ms
Execution 9 - TLS Mutual
s_connection: verify depth is 1
Handshake duration: 379.10 ms
Execution 10 - TLS Mutual
s_connection: verify depth is 1
Handshake duration: 368.96 ms
Execution 11 - TLS Mutual
s_connection: verify depth is 1
Handshake duration: 358.47 ms
Execution 12 - TLS Mutual
s_connection: verify depth is 1
Handshake duration: 382.71 ms
Execution 13 - TLS Mutual
s_connection: verify depth is 1
Handshake duration: 358.23 ms
Execution 14 - TLS Mutual
s_connection: verify depth is 1
Handshake duration: 380.95 ms
Execution 15 - TLS Mutual
s_connection: verify depth is 1
Handshake duration: 382.95 ms
Execution 16 - TLS Mutual
s_connection: verify depth is 1
Handshake duration: 379.77 ms
Execution 17 - TLS Mutual
s_connection: verify depth is 1
Handshake duration: 384.80 ms
Execution 18 - TLS Mutual
s_connection: verify depth is 1
Handshake duration: 380.31 ms
Execution 19 - TLS Mutual
s_connection: verify depth is 1
Handshake duration: 384.74 ms
Execution 20 - TLS Mutual
s_connection: verify depth is 1
Handshake duration: 380.42 ms
Execution 21 - TLS Mutual
s_connection: verify depth is 1
Handshake duration: 384.21 ms
Execution 22 - TLS Mutual
s_connection: verify depth is 1
Handshake duration: 348.32 ms
Execution 23 - TLS Mutual
s_connection: verify depth is 1
Handshake duration: 386.83 ms
Execution 24 - TLS Mutual
s_connection: verify depth is 1
Handshake duration: 376.46 ms
Execution 25 - TLS Mutual
s_connection: verify depth is 1
Handshake duration: 384.27 ms
Execution 26 - TLS Mutual
s_connection: verify depth is 1
Handshake duration: 384.14 ms
Execution 27 - TLS Mutual
s_connection: verify depth is 1
Handshake duration: 383.13 ms
Execution 28 - TLS Mutual
s_connection: verify depth is 1
Handshake duration: 358.47 ms
Execution 29 - TLS Mutual
s_connection: verify depth is 1
Handshake duration: 383.28 ms
Execution 30 - TLS Mutual
s_connection: verify depth is 1
Handshake duration: 358.69 ms
Execution 31 - TLS Mutual
s_connection: verify depth is 1
Handshake duration: 356.64 ms
Execution 32 - TLS Mutual
s_connection: verify depth is 1
Handshake duration: 359.88 ms
Execution 33 - TLS Mutual
s_connection: verify depth is 1
Handshake duration: 382.20 ms
Execution 34 - TLS Mutual
s_connection: verify depth is 1
Handshake duration: 357.24 ms
Execution 35 - TLS Mutual
s_connection: verify depth is 1
Handshake duration: 357.40 ms
Execution 36 - TLS Mutual
s_connection: verify depth is 1
Handshake duration: 384.12 ms
Execution 37 - TLS Mutual
s_connection: verify depth is 1
Handshake duration: 355.68 ms
Execution 38 - TLS Mutual
s_connection: verify depth is 1
Handshake duration: 386.01 ms
Execution 39 - TLS Mutual
s_connection: verify depth is 1
Handshake duration: 331.75 ms
Execution 40 - TLS Mutual
s_connection: verify depth is 1
Handshake duration: 385.02 ms
Execution 41 - TLS Mutual
s_connection: verify depth is 1
Handshake duration: 355.73 ms
Execution 42 - TLS Mutual
s_connection: verify depth is 1
Handshake duration: 380.50 ms
Execution 43 - TLS Mutual
s_connection: verify depth is 1
Handshake duration: 355.33 ms
Execution 44 - TLS Mutual
s_connection: verify depth is 1
Handshake duration: 361.29 ms
Execution 45 - TLS Mutual
s_connection: verify depth is 1
Handshake duration: 353.61 ms
Execution 46 - TLS Mutual
s_connection: verify depth is 1
Handshake duration: 357.62 ms
Execution 47 - TLS Mutual
s_connection: verify depth is 1
Handshake duration: 354.01 ms
Execution 48 - TLS Mutual
s_connection: verify depth is 1
Handshake duration: 334.91 ms
Execution 49 - TLS Mutual
s_connection: verify depth is 1
Handshake duration: 381.41 ms
Execution 50 - TLS Mutual
s_connection: verify depth is 1
Handshake duration: 383.04 ms
Execution 51 - TLS Mutual
s_connection: verify depth is 1
Handshake duration: 382.14 ms
Execution 52 - TLS Mutual
s_connection: verify depth is 1
Handshake duration: 354.19 ms
Execution 53 - TLS Mutual
s_connection: verify depth is 1
Handshake duration: 359.84 ms
Execution 54 - TLS Mutual
s_connection: verify depth is 1
Handshake duration: 382.36 ms
Execution 55 - TLS Mutual
s_connection: verify depth is 1
Handshake duration: 382.09 ms
Execution 56 - TLS Mutual
s_connection: verify depth is 1
Handshake duration: 357.87 ms
Execution 57 - TLS Mutual
s_connection: verify depth is 1
Handshake duration: 382.15 ms
Execution 58 - TLS Mutual
s_connection: verify depth is 1
Handshake duration: 383.63 ms
Execution 59 - TLS Mutual
s_connection: verify depth is 1
Handshake duration: 382.95 ms
Execution 60 - TLS Mutual
s_connection: verify depth is 1
Handshake duration: 331.40 ms
Execution 61 - TLS Mutual
s_connection: verify depth is 1
Handshake duration: 354.34 ms
Execution 62 - TLS Mutual
s_connection: verify depth is 1
Handshake duration: 383.97 ms
Execution 63 - TLS Mutual
s_connection: verify depth is 1
Handshake duration: 357.95 ms
Execution 64 - TLS Mutual
s_connection: verify depth is 1
Handshake duration: 384.07 ms
Execution 65 - TLS Mutual
s_connection: verify depth is 1
Handshake duration: 377.69 ms
Execution 66 - TLS Mutual
s_connection: verify depth is 1
Handshake duration: 382.70 ms
Execution 67 - TLS Mutual
s_connection: verify depth is 1
Handshake duration: 384.30 ms
Execution 68 - TLS Mutual
s_connection: verify depth is 1
Handshake duration: 382.29 ms
Execution 69 - TLS Mutual
s_connection: verify depth is 1
Handshake duration: 382.12 ms
Execution 70 - TLS Mutual
s_connection: verify depth is 1
Handshake duration: 381.56 ms
Execution 71 - TLS Mutual
s_connection: verify depth is 1
Handshake duration: 383.12 ms
Execution 72 - TLS Mutual
s_connection: verify depth is 1
Handshake duration: 382.69 ms
Execution 73 - TLS Mutual
s_connection: verify depth is 1
Handshake duration: 383.05 ms
Execution 74 - TLS Mutual
s_connection: verify depth is 1
Handshake duration: 356.82 ms
Execution 75 - TLS Mutual
s_connection: verify depth is 1
Handshake duration: 364.14 ms
Execution 76 - TLS Mutual
s_connection: verify depth is 1
Handshake duration: 379.79 ms
Execution 77 - TLS Mutual
s_connection: verify depth is 1
Handshake duration: 356.61 ms
Execution 78 - TLS Mutual
s_connection: verify depth is 1
Handshake duration: 356.47 ms
Execution 79 - TLS Mutual
s_connection: verify depth is 1
Handshake duration: 356.45 ms
Execution 80 - TLS Mutual
s_connection: verify depth is 1
Handshake duration: 382.46 ms
Execution 81 - TLS Mutual
s_connection: verify depth is 1
Handshake duration: 383.48 ms
Execution 82 - TLS Mutual
s_connection: verify depth is 1
Handshake duration: 381.68 ms
Execution 83 - TLS Mutual
s_connection: verify depth is 1
Handshake duration: 356.73 ms
Execution 84 - TLS Mutual
s_connection: verify depth is 1
Handshake duration: 385.44 ms
Execution 85 - TLS Mutual
s_connection: verify depth is 1
Handshake duration: 373.22 ms
Execution 86 - TLS Mutual
s_connection: verify depth is 1
Handshake duration: 377.63 ms
Execution 87 - TLS Mutual
s_connection: verify depth is 1
Handshake duration: 380.98 ms
Execution 88 - TLS Mutual
s_connection: verify depth is 1
Handshake duration: 377.07 ms
Execution 89 - TLS Mutual
s_connection: verify depth is 1
Handshake duration: 381.51 ms
Execution 90 - TLS Mutual
s_connection: verify depth is 1
Handshake duration: 366.23 ms
Execution 91 - TLS Mutual
s_connection: verify depth is 1
Handshake duration: 353.34 ms
Execution 92 - TLS Mutual
s_connection: verify depth is 1
Handshake duration: 358.15 ms
Execution 93 - TLS Mutual
s_connection: verify depth is 1
Handshake duration: 353.11 ms
Execution 94 - TLS Mutual
s_connection: verify depth is 1
Handshake duration: 384.68 ms
Execution 95 - TLS Mutual
s_connection: verify depth is 1
Handshake duration: 354.98 ms
Execution 96 - TLS Mutual
s_connection: verify depth is 1
Handshake duration: 381.44 ms
Execution 97 - TLS Mutual
s_connection: verify depth is 1
Handshake duration: 331.53 ms
Execution 98 - TLS Mutual
s_connection: verify depth is 1
Handshake duration: 384.10 ms
Execution 99 - TLS Mutual
s_connection: verify depth is 1
Handshake duration: 380.93 ms
Execution 100 - TLS Mutual
s_connection: verify depth is 1
Handshake duration: 384.75 ms
Execution 101 - TLS Mutual
s_connection: verify depth is 1
Handshake duration: 345.65 ms
Execution 102 - TLS Mutual
s_connection: verify depth is 1
Handshake duration: 355.00 ms
Execution 103 - TLS Mutual
s_connection: verify depth is 1
Handshake duration: 381.19 ms
Execution 104 - TLS Mutual
s_connection: verify depth is 1
Handshake duration: 354.23 ms
Execution 105 - TLS Mutual
s_connection: verify depth is 1
Handshake duration: 382.85 ms
Execution 106 - TLS Mutual
s_connection: verify depth is 1
Handshake duration: 384.63 ms
Execution 107 - TLS Mutual
s_connection: verify depth is 1
Handshake duration: 384.32 ms
Execution 108 - TLS Mutual
s_connection: verify depth is 1
Handshake duration: 359.92 ms
Execution 109 - TLS Mutual
s_connection: verify depth is 1
Handshake duration: 384.00 ms
Execution 110 - TLS Mutual
s_connection: verify depth is 1
Handshake duration: 332.48 ms
Execution 111 - TLS Mutual
s_connection: verify depth is 1
Handshake duration: 381.67 ms
Execution 112 - TLS Mutual
s_connection: verify depth is 1
Handshake duration: 384.81 ms
Execution 113 - TLS Mutual
s_connection: verify depth is 1
Handshake duration: 381.74 ms
Execution 114 - TLS Mutual
s_connection: verify depth is 1
Handshake duration: 387.42 ms
Execution 115 - TLS Mutual
s_connection: verify depth is 1
Handshake duration: 357.60 ms
Execution 116 - TLS Mutual
s_connection: verify depth is 1
Handshake duration: 381.16 ms
Execution 117 - TLS Mutual
s_connection: verify depth is 1
Handshake duration: 380.65 ms
Execution 118 - TLS Mutual
s_connection: verify depth is 1
Handshake duration: 380.32 ms
Execution 119 - TLS Mutual
s_connection: verify depth is 1
Handshake duration: 383.62 ms
Execution 120 - TLS Mutual
s_connection: verify depth is 1
Handshake duration: 348.48 ms
Execution 121 - TLS Mutual
s_connection: verify depth is 1
Handshake duration: 380.33 ms
Execution 122 - TLS Mutual
s_connection: verify depth is 1
Handshake duration: 378.77 ms
Execution 123 - TLS Mutual
s_connection: verify depth is 1
Handshake duration: 357.69 ms
Execution 124 - TLS Mutual
s_connection: verify depth is 1
Handshake duration: 383.06 ms
Execution 125 - TLS Mutual
s_connection: verify depth is 1
Handshake duration: 378.28 ms
Execution 126 - TLS Mutual
s_connection: verify depth is 1
Handshake duration: 357.10 ms
Execution 127 - TLS Mutual
s_connection: verify depth is 1
Handshake duration: 360.21 ms
Execution 128 - TLS Mutual
s_connection: verify depth is 1
Handshake duration: 383.50 ms
Execution 129 - TLS Mutual
s_connection: verify depth is 1
Handshake duration: 381.30 ms
Execution 130 - TLS Mutual
s_connection: verify depth is 1
Handshake duration: 382.59 ms
Execution 131 - TLS Mutual
s_connection: verify depth is 1
Handshake duration: 358.76 ms
Execution 132 - TLS Mutual
s_connection: verify depth is 1
Handshake duration: 356.86 ms
Execution 133 - TLS Mutual
s_connection: verify depth is 1
Handshake duration: 382.57 ms
Execution 134 - TLS Mutual
s_connection: verify depth is 1
Handshake duration: 318.14 ms
Execution 135 - TLS Mutual
s_connection: verify depth is 1
Handshake duration: 352.91 ms
Execution 136 - TLS Mutual
s_connection: verify depth is 1
Handshake duration: 345.44 ms
Execution 137 - TLS Mutual
s_connection: verify depth is 1
Handshake duration: 333.54 ms
Execution 138 - TLS Mutual
s_connection: verify depth is 1
Handshake duration: 379.67 ms
Execution 139 - TLS Mutual
s_connection: verify depth is 1
Handshake duration: 355.99 ms
Execution 140 - TLS Mutual
s_connection: verify depth is 1
Handshake duration: 383.51 ms
Execution 141 - TLS Mutual
s_connection: verify depth is 1
Handshake duration: 382.43 ms
Execution 142 - TLS Mutual
s_connection: verify depth is 1
Handshake duration: 354.48 ms
Execution 143 - TLS Mutual
s_connection: verify depth is 1
Handshake duration: 380.59 ms
Execution 144 - TLS Mutual
s_connection: verify depth is 1
Handshake duration: 356.87 ms
Execution 145 - TLS Mutual
s_connection: verify depth is 1
Handshake duration: 359.19 ms
Execution 146 - TLS Mutual
s_connection: verify depth is 1
Handshake duration: 489.40 ms
Execution 147 - TLS Mutual
s_connection: verify depth is 1
Handshake duration: 360.31 ms
Execution 148 - TLS Mutual
s_connection: verify depth is 1
Handshake duration: 357.19 ms
Execution 149 - TLS Mutual
s_connection: verify depth is 1
Handshake duration: 384.37 ms
Execution 150 - TLS Mutual
s_connection: verify depth is 1
Handshake duration: 354.07 ms
Execution 151 - TLS Mutual
s_connection: verify depth is 1
Handshake duration: 381.98 ms
Execution 152 - TLS Mutual
s_connection: verify depth is 1
Handshake duration: 356.39 ms
Execution 153 - TLS Mutual
s_connection: verify depth is 1
Handshake duration: 357.02 ms
Execution 154 - TLS Mutual
s_connection: verify depth is 1
Handshake duration: 380.92 ms
Execution 155 - TLS Mutual
s_connection: verify depth is 1
Handshake duration: 355.30 ms
Execution 156 - TLS Mutual
s_connection: verify depth is 1
Handshake duration: 384.99 ms
Execution 157 - TLS Mutual
s_connection: verify depth is 1
Handshake duration: 521.07 ms
Execution 158 - TLS Mutual
s_connection: verify depth is 1
Handshake duration: 358.96 ms
Execution 159 - TLS Mutual
s_connection: verify depth is 1
Handshake duration: 383.11 ms
Execution 160 - TLS Mutual
s_connection: verify depth is 1
Handshake duration: 370.08 ms
Execution 161 - TLS Mutual
s_connection: verify depth is 1
Handshake duration: 381.82 ms
Execution 162 - TLS Mutual
s_connection: verify depth is 1
Handshake duration: 357.56 ms
Execution 163 - TLS Mutual
s_connection: verify depth is 1
Handshake duration: 382.72 ms
Execution 164 - TLS Mutual
s_connection: verify depth is 1
Handshake duration: 379.17 ms
Execution 165 - TLS Mutual
s_connection: verify depth is 1
Handshake duration: 385.48 ms
Execution 166 - TLS Mutual
s_connection: verify depth is 1
Handshake duration: 381.44 ms
Execution 167 - TLS Mutual
s_connection: verify depth is 1
Handshake duration: 383.96 ms
Execution 168 - TLS Mutual
s_connection: verify depth is 1
Handshake duration: 358.49 ms
Execution 169 - TLS Mutual
s_connection: verify depth is 1
Handshake duration: 386.50 ms
Execution 170 - TLS Mutual
s_connection: verify depth is 1
Handshake duration: 358.59 ms
Execution 171 - TLS Mutual
s_connection: verify depth is 1
Handshake duration: 381.38 ms
Execution 172 - TLS Mutual
s_connection: verify depth is 1
Handshake duration: 356.83 ms
Execution 173 - TLS Mutual
s_connection: verify depth is 1
Handshake duration: 351.99 ms
Execution 174 - TLS Mutual
s_connection: verify depth is 1
Handshake duration: 382.33 ms
Execution 175 - TLS Mutual
s_connection: verify depth is 1
Handshake duration: 353.76 ms
Execution 176 - TLS Mutual
s_connection: verify depth is 1
Handshake duration: 379.51 ms
Execution 177 - TLS Mutual
s_connection: verify depth is 1
Handshake duration: 385.51 ms
Execution 178 - TLS Mutual
s_connection: verify depth is 1
Handshake duration: 383.46 ms
Execution 179 - TLS Mutual
s_connection: verify depth is 1
Handshake duration: 385.87 ms
Execution 180 - TLS Mutual
s_connection: verify depth is 1
Handshake duration: 383.59 ms
Execution 181 - TLS Mutual
s_connection: verify depth is 1
Handshake duration: 384.49 ms
Execution 182 - TLS Mutual
s_connection: verify depth is 1
Handshake duration: 362.88 ms
Execution 183 - TLS Mutual
s_connection: verify depth is 1
Handshake duration: 383.91 ms
Execution 184 - TLS Mutual
s_connection: verify depth is 1
Handshake duration: 379.52 ms
Execution 185 - TLS Mutual
s_connection: verify depth is 1
Handshake duration: 384.75 ms
Execution 186 - TLS Mutual
s_connection: verify depth is 1
Handshake duration: 352.26 ms
Execution 187 - TLS Mutual
s_connection: verify depth is 1
Handshake duration: 384.16 ms
Execution 188 - TLS Mutual
s_connection: verify depth is 1
Handshake duration: 381.33 ms
Execution 189 - TLS Mutual
s_connection: verify depth is 1
Handshake duration: 357.04 ms
Execution 190 - TLS Mutual
s_connection: verify depth is 1
Handshake duration: 380.84 ms
Execution 191 - TLS Mutual
s_connection: verify depth is 1
Handshake duration: 356.89 ms
Execution 192 - TLS Mutual
s_connection: verify depth is 1
Handshake duration: 354.67 ms
Execution 193 - TLS Mutual
s_connection: verify depth is 1
Handshake duration: 384.02 ms
Execution 194 - TLS Mutual
s_connection: verify depth is 1
Handshake duration: 364.75 ms
Execution 195 - TLS Mutual
s_connection: verify depth is 1
Handshake duration: 382.84 ms
Execution 196 - TLS Mutual
s_connection: verify depth is 1
Handshake duration: 352.36 ms
Execution 197 - TLS Mutual
s_connection: verify depth is 1
Handshake duration: 359.85 ms
Execution 198 - TLS Mutual
s_connection: verify depth is 1
Handshake duration: 382.51 ms
Execution 199 - TLS Mutual
s_connection: verify depth is 1
Handshake duration: 386.01 ms
Execution 200 - TLS Mutual
s_connection: verify depth is 1
Handshake duration: 355.77 ms
Execution 201 - TLS Mutual
s_connection: verify depth is 1
Handshake duration: 354.34 ms
Execution 202 - TLS Mutual
s_connection: verify depth is 1
Handshake duration: 366.45 ms
Execution 203 - TLS Mutual
s_connection: verify depth is 1
Handshake duration: 380.87 ms
Execution 204 - TLS Mutual
s_connection: verify depth is 1
Handshake duration: 381.76 ms
Execution 205 - TLS Mutual
s_connection: verify depth is 1
Handshake duration: 382.62 ms
Execution 206 - TLS Mutual
s_connection: verify depth is 1
Handshake duration: 546.49 ms
Execution 207 - TLS Mutual
s_connection: verify depth is 1
Handshake duration: 377.28 ms
Execution 208 - TLS Mutual
s_connection: verify depth is 1
Handshake duration: 379.65 ms
Execution 209 - TLS Mutual
s_connection: verify depth is 1
Handshake duration: 392.71 ms
Execution 210 - TLS Mutual
s_connection: verify depth is 1
Handshake duration: 381.97 ms
Execution 211 - TLS Mutual
s_connection: verify depth is 1
Handshake duration: 382.87 ms
Execution 212 - TLS Mutual
s_connection: verify depth is 1
Handshake duration: 384.48 ms
Execution 213 - TLS Mutual
s_connection: verify depth is 1
Handshake duration: 382.90 ms
Execution 214 - TLS Mutual
s_connection: verify depth is 1
Handshake duration: 382.10 ms
Execution 215 - TLS Mutual
s_connection: verify depth is 1
Handshake duration: 361.66 ms
Execution 216 - TLS Mutual
s_connection: verify depth is 1
Handshake duration: 357.12 ms
Execution 217 - TLS Mutual
s_connection: verify depth is 1
Handshake duration: 382.07 ms
Execution 218 - TLS Mutual
s_connection: verify depth is 1
Handshake duration: 331.08 ms
Execution 219 - TLS Mutual
s_connection: verify depth is 1
Handshake duration: 382.11 ms
Execution 220 - TLS Mutual
s_connection: verify depth is 1
Handshake duration: 352.51 ms
Execution 221 - TLS Mutual
s_connection: verify depth is 1
Handshake duration: 337.78 ms
Execution 222 - TLS Mutual
s_connection: verify depth is 1
Handshake duration: 381.49 ms
Execution 223 - TLS Mutual
s_connection: verify depth is 1
Handshake duration: 332.47 ms
Execution 224 - TLS Mutual
s_connection: verify depth is 1
Handshake duration: 380.10 ms
Execution 225 - TLS Mutual
s_connection: verify depth is 1
Handshake duration: 381.99 ms
Execution 226 - TLS Mutual
s_connection: verify depth is 1
Handshake duration: 380.16 ms
Execution 227 - TLS Mutual
s_connection: verify depth is 1
Handshake duration: 385.40 ms
Execution 228 - TLS Mutual
s_connection: verify depth is 1
Handshake duration: 356.77 ms
Execution 229 - TLS Mutual
s_connection: verify depth is 1
Handshake duration: 366.95 ms
Execution 230 - TLS Mutual
s_connection: verify depth is 1
Handshake duration: 380.29 ms
Execution 231 - TLS Mutual
s_connection: verify depth is 1
Handshake duration: 383.27 ms
Execution 232 - TLS Mutual
s_connection: verify depth is 1
Handshake duration: 378.69 ms
Execution 233 - TLS Mutual
s_connection: verify depth is 1
Handshake duration: 382.13 ms
Execution 234 - TLS Mutual
s_connection: verify depth is 1
Handshake duration: 357.43 ms
Execution 235 - TLS Mutual
s_connection: verify depth is 1
Handshake duration: 382.83 ms
Execution 236 - TLS Mutual
s_connection: verify depth is 1
Handshake duration: 359.97 ms
Execution 237 - TLS Mutual
s_connection: verify depth is 1
Handshake duration: 381.20 ms
Execution 238 - TLS Mutual
s_connection: verify depth is 1
Handshake duration: 357.23 ms
Execution 239 - TLS Mutual
s_connection: verify depth is 1
Handshake duration: 384.97 ms
Execution 240 - TLS Mutual
s_connection: verify depth is 1
Handshake duration: 354.51 ms
Execution 241 - TLS Mutual
s_connection: verify depth is 1
Handshake duration: 381.26 ms
Execution 242 - TLS Mutual
s_connection: verify depth is 1
Handshake duration: 387.67 ms
Execution 243 - TLS Mutual
s_connection: verify depth is 1
Handshake duration: 381.91 ms
Execution 244 - TLS Mutual
s_connection: verify depth is 1
Handshake duration: 382.87 ms
Execution 245 - TLS Mutual
s_connection: verify depth is 1
Handshake duration: 384.54 ms
Execution 246 - TLS Mutual
s_connection: verify depth is 1
Handshake duration: 353.76 ms
Execution 247 - TLS Mutual
s_connection: verify depth is 1
Handshake duration: 383.00 ms
Execution 248 - TLS Mutual
s_connection: verify depth is 1
Handshake duration: 354.00 ms
Execution 249 - TLS Mutual
s_connection: verify depth is 1
Handshake duration: 382.37 ms
Execution 250 - TLS Mutual
s_connection: verify depth is 1
Handshake duration: 381.40 ms
Execution 251 - TLS Mutual
s_connection: verify depth is 1
Handshake duration: 380.78 ms
Execution 252 - TLS Mutual
s_connection: verify depth is 1
Handshake duration: 381.19 ms
Execution 253 - TLS Mutual
s_connection: verify depth is 1
Handshake duration: 359.94 ms
Execution 254 - TLS Mutual
s_connection: verify depth is 1
Handshake duration: 383.92 ms
Execution 255 - TLS Mutual
s_connection: verify depth is 1
Handshake duration: 357.62 ms
Execution 256 - TLS Mutual
s_connection: verify depth is 1
Handshake duration: 382.82 ms
Execution 257 - TLS Mutual
s_connection: verify depth is 1
Handshake duration: 360.92 ms
Execution 258 - TLS Mutual
s_connection: verify depth is 1
Handshake duration: 381.94 ms
Execution 259 - TLS Mutual
s_connection: verify depth is 1
Handshake duration: 383.77 ms
Execution 260 - TLS Mutual
s_connection: verify depth is 1
Handshake duration: 379.86 ms
Execution 261 - TLS Mutual
s_connection: verify depth is 1
Handshake duration: 382.80 ms
Execution 262 - TLS Mutual
s_connection: verify depth is 1
Handshake duration: 384.17 ms
Execution 263 - TLS Mutual
s_connection: verify depth is 1
Handshake duration: 356.74 ms
Execution 264 - TLS Mutual
s_connection: verify depth is 1
Handshake duration: 384.01 ms
Execution 265 - TLS Mutual
s_connection: verify depth is 1
Handshake duration: 379.65 ms
Execution 266 - TLS Mutual
s_connection: verify depth is 1
Handshake duration: 352.61 ms
Execution 267 - TLS Mutual
s_connection: verify depth is 1
Handshake duration: 367.26 ms
Execution 268 - TLS Mutual
s_connection: verify depth is 1
Handshake duration: 380.22 ms
Execution 269 - TLS Mutual
s_connection: verify depth is 1
Handshake duration: 383.94 ms
Execution 270 - TLS Mutual
s_connection: verify depth is 1
Handshake duration: 358.61 ms
Execution 271 - TLS Mutual
s_connection: verify depth is 1
Handshake duration: 382.38 ms
Execution 272 - TLS Mutual
s_connection: verify depth is 1
Handshake duration: 331.24 ms
Execution 273 - TLS Mutual
s_connection: verify depth is 1
Handshake duration: 384.20 ms
Execution 274 - TLS Mutual
s_connection: verify depth is 1
Handshake duration: 356.20 ms
Execution 275 - TLS Mutual
s_connection: verify depth is 1
Handshake duration: 382.70 ms
Execution 276 - TLS Mutual
s_connection: verify depth is 1
Handshake duration: 332.14 ms
Execution 277 - TLS Mutual
s_connection: verify depth is 1
Handshake duration: 380.09 ms
Execution 278 - TLS Mutual
s_connection: verify depth is 1
Handshake duration: 381.23 ms
Execution 279 - TLS Mutual
s_connection: verify depth is 1
Handshake duration: 358.11 ms
Execution 280 - TLS Mutual
s_connection: verify depth is 1
Handshake duration: 381.08 ms
Execution 281 - TLS Mutual
s_connection: verify depth is 1
Handshake duration: 382.77 ms
Execution 282 - TLS Mutual
s_connection: verify depth is 1
Handshake duration: 355.86 ms
Execution 283 - TLS Mutual
s_connection: verify depth is 1
Handshake duration: 334.96 ms
Execution 284 - TLS Mutual
s_connection: verify depth is 1
Handshake duration: 378.50 ms
Execution 285 - TLS Mutual
s_connection: verify depth is 1
Handshake duration: 386.10 ms
Execution 286 - TLS Mutual
s_connection: verify depth is 1
Handshake duration: 358.71 ms
Execution 287 - TLS Mutual
s_connection: verify depth is 1
Handshake duration: 380.92 ms
Execution 288 - TLS Mutual
s_connection: verify depth is 1
Handshake duration: 383.12 ms
Execution 289 - TLS Mutual
s_connection: verify depth is 1
Handshake duration: 354.66 ms
Execution 290 - TLS Mutual
s_connection: verify depth is 1
Handshake duration: 360.31 ms
Execution 291 - TLS Mutual
s_connection: verify depth is 1
Handshake duration: 316.68 ms
Execution 292 - TLS Mutual
s_connection: verify depth is 1
Handshake duration: 348.18 ms
Execution 293 - TLS Mutual
s_connection: verify depth is 1
Handshake duration: 355.39 ms
Execution 294 - TLS Mutual
s_connection: verify depth is 1
Handshake duration: 385.48 ms
Execution 295 - TLS Mutual
s_connection: verify depth is 1
Handshake duration: 359.09 ms
Execution 296 - TLS Mutual
s_connection: verify depth is 1
Handshake duration: 382.36 ms
Execution 297 - TLS Mutual
s_connection: verify depth is 1
Handshake duration: 381.69 ms
Execution 298 - TLS Mutual
s_connection: verify depth is 1
Handshake duration: 354.46 ms
Execution 299 - TLS Mutual
s_connection: verify depth is 1
Handshake duration: 359.30 ms
Execution 300 - TLS Mutual
s_connection: verify depth is 1
Handshake duration: 381.85 ms
Execution 301 - TLS Mutual
s_connection: verify depth is 1
Handshake duration: 355.40 ms
Execution 302 - TLS Mutual
s_connection: verify depth is 1
Handshake duration: 355.60 ms
Execution 303 - TLS Mutual
s_connection: verify depth is 1
Handshake duration: 384.67 ms
Execution 304 - TLS Mutual
s_connection: verify depth is 1
Handshake duration: 356.04 ms
Execution 305 - TLS Mutual
s_connection: verify depth is 1
Handshake duration: 384.53 ms
Execution 306 - TLS Mutual
s_connection: verify depth is 1
Handshake duration: 359.58 ms
Execution 307 - TLS Mutual
s_connection: verify depth is 1
Handshake duration: 353.72 ms
Execution 308 - TLS Mutual
s_connection: verify depth is 1
Handshake duration: 379.74 ms
Execution 309 - TLS Mutual
s_connection: verify depth is 1
Handshake duration: 324.11 ms
Execution 310 - TLS Mutual
s_connection: verify depth is 1
Handshake duration: 384.29 ms
Execution 311 - TLS Mutual
s_connection: verify depth is 1
Handshake duration: 359.78 ms
Execution 312 - TLS Mutual
s_connection: verify depth is 1
Handshake duration: 380.23 ms
Execution 313 - TLS Mutual
s_connection: verify depth is 1
Handshake duration: 382.67 ms
Execution 314 - TLS Mutual
s_connection: verify depth is 1
Handshake duration: 382.79 ms
Execution 315 - TLS Mutual
s_connection: verify depth is 1
Handshake duration: 384.82 ms
Execution 316 - TLS Mutual
s_connection: verify depth is 1
Handshake duration: 379.78 ms
Execution 317 - TLS Mutual
s_connection: verify depth is 1
Handshake duration: 384.63 ms
Execution 318 - TLS Mutual
s_connection: verify depth is 1
Handshake duration: 358.73 ms
Execution 319 - TLS Mutual
s_connection: verify depth is 1
Handshake duration: 382.66 ms
Execution 320 - TLS Mutual
s_connection: verify depth is 1
Handshake duration: 357.03 ms
Execution 321 - TLS Mutual
s_connection: verify depth is 1
Handshake duration: 383.56 ms
Execution 322 - TLS Mutual
s_connection: verify depth is 1
Handshake duration: 359.30 ms
Execution 323 - TLS Mutual
s_connection: verify depth is 1
Handshake duration: 381.90 ms
Execution 324 - TLS Mutual
s_connection: verify depth is 1
Handshake duration: 384.34 ms
Execution 325 - TLS Mutual
s_connection: verify depth is 1
Handshake duration: 383.74 ms
Execution 326 - TLS Mutual
s_connection: verify depth is 1
Handshake duration: 359.68 ms
Execution 327 - TLS Mutual
s_connection: verify depth is 1
Handshake duration: 382.28 ms
Execution 328 - TLS Mutual
s_connection: verify depth is 1
Handshake duration: 385.14 ms
Execution 329 - TLS Mutual
s_connection: verify depth is 1
Handshake duration: 354.54 ms
Execution 330 - TLS Mutual
s_connection: verify depth is 1
Handshake duration: 358.13 ms
Execution 331 - TLS Mutual
s_connection: verify depth is 1
Handshake duration: 381.86 ms
Execution 332 - TLS Mutual
s_connection: verify depth is 1
Handshake duration: 488.39 ms
Execution 333 - TLS Mutual
s_connection: verify depth is 1
Handshake duration: 385.49 ms
Execution 334 - TLS Mutual
s_connection: verify depth is 1
Handshake duration: 382.99 ms
Execution 335 - TLS Mutual
s_connection: verify depth is 1
Handshake duration: 358.57 ms
Execution 336 - TLS Mutual
s_connection: verify depth is 1
Handshake duration: 373.20 ms
Execution 337 - TLS Mutual
s_connection: verify depth is 1
Handshake duration: 381.51 ms
Execution 338 - TLS Mutual
s_connection: verify depth is 1
Handshake duration: 357.93 ms
Execution 339 - TLS Mutual
s_connection: verify depth is 1
Handshake duration: 382.73 ms
Execution 340 - TLS Mutual
s_connection: verify depth is 1
Handshake duration: 385.48 ms
Execution 341 - TLS Mutual
s_connection: verify depth is 1
Handshake duration: 355.99 ms
Execution 342 - TLS Mutual
s_connection: verify depth is 1
Handshake duration: 385.45 ms
Execution 343 - TLS Mutual
s_connection: verify depth is 1
Handshake duration: 332.01 ms
Execution 344 - TLS Mutual
s_connection: verify depth is 1
Handshake duration: 382.07 ms
Execution 345 - TLS Mutual
s_connection: verify depth is 1
Handshake duration: 357.18 ms
Execution 346 - TLS Mutual
s_connection: verify depth is 1
Handshake duration: 381.72 ms
Execution 347 - TLS Mutual
s_connection: verify depth is 1
Handshake duration: 381.95 ms
Execution 348 - TLS Mutual
s_connection: verify depth is 1
Handshake duration: 367.09 ms
Execution 349 - TLS Mutual
s_connection: verify depth is 1
Handshake duration: 381.74 ms
Execution 350 - TLS Mutual
s_connection: verify depth is 1
Handshake duration: 386.32 ms
Execution 351 - TLS Mutual
s_connection: verify depth is 1
Handshake duration: 353.29 ms
Execution 352 - TLS Mutual
s_connection: verify depth is 1
Handshake duration: 360.00 ms
Execution 353 - TLS Mutual
s_connection: verify depth is 1
Handshake duration: 355.35 ms
Execution 354 - TLS Mutual
s_connection: verify depth is 1
Handshake duration: 379.94 ms
Execution 355 - TLS Mutual
s_connection: verify depth is 1
Handshake duration: 384.00 ms
Execution 356 - TLS Mutual
s_connection: verify depth is 1
Handshake duration: 364.83 ms
Execution 357 - TLS Mutual
s_connection: verify depth is 1
Handshake duration: 358.11 ms
Execution 358 - TLS Mutual
s_connection: verify depth is 1
Handshake duration: 385.04 ms
Execution 359 - TLS Mutual
s_connection: verify depth is 1
Handshake duration: 356.88 ms
Execution 360 - TLS Mutual
s_connection: verify depth is 1
Handshake duration: 379.14 ms
Execution 361 - TLS Mutual
s_connection: verify depth is 1
Handshake duration: 384.66 ms
Execution 362 - TLS Mutual
s_connection: verify depth is 1
Handshake duration: 383.15 ms
Execution 363 - TLS Mutual
s_connection: verify depth is 1
Handshake duration: 383.75 ms
Execution 364 - TLS Mutual
s_connection: verify depth is 1
Handshake duration: 382.52 ms
Execution 365 - TLS Mutual
s_connection: verify depth is 1
Handshake duration: 381.70 ms
Execution 366 - TLS Mutual
s_connection: verify depth is 1
Handshake duration: 328.04 ms
Execution 367 - TLS Mutual
s_connection: verify depth is 1
Handshake duration: 385.15 ms
Execution 368 - TLS Mutual
s_connection: verify depth is 1
Handshake duration: 382.92 ms
Execution 369 - TLS Mutual
s_connection: verify depth is 1
Handshake duration: 384.64 ms
Execution 370 - TLS Mutual
s_connection: verify depth is 1
Handshake duration: 355.32 ms
Execution 371 - TLS Mutual
s_connection: verify depth is 1
Handshake duration: 381.35 ms
Execution 372 - TLS Mutual
s_connection: verify depth is 1
Handshake duration: 379.54 ms
Execution 373 - TLS Mutual
s_connection: verify depth is 1
Handshake duration: 357.94 ms
Execution 374 - TLS Mutual
s_connection: verify depth is 1
Handshake duration: 382.11 ms
Execution 375 - TLS Mutual
s_connection: verify depth is 1
Handshake duration: 359.72 ms
Execution 376 - TLS Mutual
s_connection: verify depth is 1
Handshake duration: 383.75 ms
Execution 377 - TLS Mutual
s_connection: verify depth is 1
Handshake duration: 380.98 ms
Execution 378 - TLS Mutual
s_connection: verify depth is 1
Handshake duration: 381.18 ms
Execution 379 - TLS Mutual
s_connection: verify depth is 1
Handshake duration: 380.47 ms
Execution 380 - TLS Mutual
s_connection: verify depth is 1
Handshake duration: 384.11 ms
Execution 381 - TLS Mutual
s_connection: verify depth is 1
Handshake duration: 333.53 ms
Execution 382 - TLS Mutual
s_connection: verify depth is 1
Handshake duration: 381.69 ms
Execution 383 - TLS Mutual
s_connection: verify depth is 1
Handshake duration: 385.33 ms
Execution 384 - TLS Mutual
s_connection: verify depth is 1
Handshake duration: 382.15 ms
Execution 385 - TLS Mutual
s_connection: verify depth is 1
Handshake duration: 379.02 ms
Execution 386 - TLS Mutual
s_connection: verify depth is 1
Handshake duration: 381.54 ms
Execution 387 - TLS Mutual
s_connection: verify depth is 1
Handshake duration: 380.58 ms
Execution 388 - TLS Mutual
s_connection: verify depth is 1
Handshake duration: 356.29 ms
Execution 389 - TLS Mutual
s_connection: verify depth is 1
Handshake duration: 360.02 ms
Execution 390 - TLS Mutual
s_connection: verify depth is 1
Handshake duration: 382.56 ms
Execution 391 - TLS Mutual
s_connection: verify depth is 1
Handshake duration: 378.73 ms
Execution 392 - TLS Mutual
s_connection: verify depth is 1
Handshake duration: 364.91 ms
Execution 393 - TLS Mutual
s_connection: verify depth is 1
Handshake duration: 382.47 ms
Execution 394 - TLS Mutual
s_connection: verify depth is 1
Handshake duration: 358.46 ms
Execution 395 - TLS Mutual
s_connection: verify depth is 1
Handshake duration: 524.11 ms
Execution 396 - TLS Mutual
s_connection: verify depth is 1
Handshake duration: 355.68 ms
Execution 397 - TLS Mutual
s_connection: verify depth is 1
Handshake duration: 384.88 ms
Execution 398 - TLS Mutual
s_connection: verify depth is 1
Handshake duration: 357.23 ms
Execution 399 - TLS Mutual
s_connection: verify depth is 1
Handshake duration: 354.34 ms
Execution 400 - TLS Mutual
s_connection: verify depth is 1
Handshake duration: 354.87 ms
Execution 401 - TLS Mutual
s_connection: verify depth is 1
Handshake duration: 383.73 ms
Execution 402 - TLS Mutual
s_connection: verify depth is 1
Handshake duration: 382.66 ms
Execution 403 - TLS Mutual
s_connection: verify depth is 1
Handshake duration: 382.38 ms
Execution 404 - TLS Mutual
s_connection: verify depth is 1
Handshake duration: 375.52 ms
Execution 405 - TLS Mutual
s_connection: verify depth is 1
Handshake duration: 350.72 ms
Execution 406 - TLS Mutual
s_connection: verify depth is 1
Handshake duration: 359.98 ms
Execution 407 - TLS Mutual
s_connection: verify depth is 1
Handshake duration: 382.34 ms
Execution 408 - TLS Mutual
s_connection: verify depth is 1
Handshake duration: 330.63 ms
Execution 409 - TLS Mutual
s_connection: verify depth is 1
Handshake duration: 656.96 ms
Execution 410 - TLS Mutual
s_connection: verify depth is 1
Handshake duration: 358.82 ms
Execution 411 - TLS Mutual
s_connection: verify depth is 1
Handshake duration: 352.16 ms
Execution 412 - TLS Mutual
s_connection: verify depth is 1
Handshake duration: 355.62 ms
Execution 413 - TLS Mutual
s_connection: verify depth is 1
Handshake duration: 353.94 ms
Execution 414 - TLS Mutual
s_connection: verify depth is 1
Handshake duration: 359.22 ms
Execution 415 - TLS Mutual
s_connection: verify depth is 1
Handshake duration: 382.52 ms
Execution 416 - TLS Mutual
s_connection: verify depth is 1
Handshake duration: 361.17 ms
Execution 417 - TLS Mutual
s_connection: verify depth is 1
Handshake duration: 384.07 ms
Execution 418 - TLS Mutual
s_connection: verify depth is 1
Handshake duration: 358.59 ms
Execution 419 - TLS Mutual
s_connection: verify depth is 1
Handshake duration: 382.54 ms
Execution 420 - TLS Mutual
s_connection: verify depth is 1
Handshake duration: 357.60 ms
Execution 421 - TLS Mutual
s_connection: verify depth is 1
Handshake duration: 383.78 ms
Execution 422 - TLS Mutual
s_connection: verify depth is 1
Handshake duration: 357.80 ms
Execution 423 - TLS Mutual
s_connection: verify depth is 1
Handshake duration: 381.44 ms
Execution 424 - TLS Mutual
s_connection: verify depth is 1
Handshake duration: 385.64 ms
Execution 425 - TLS Mutual
s_connection: verify depth is 1
Handshake duration: 355.66 ms
Execution 426 - TLS Mutual
s_connection: verify depth is 1
Handshake duration: 361.79 ms
Execution 427 - TLS Mutual
s_connection: verify depth is 1
Handshake duration: 353.07 ms
Execution 428 - TLS Mutual
s_connection: verify depth is 1
Handshake duration: 386.01 ms
Execution 429 - TLS Mutual
s_connection: verify depth is 1
Handshake duration: 360.30 ms
Execution 430 - TLS Mutual
s_connection: verify depth is 1
Handshake duration: 385.47 ms
Execution 431 - TLS Mutual
s_connection: verify depth is 1
Handshake duration: 376.60 ms
Execution 432 - TLS Mutual
s_connection: verify depth is 1
Handshake duration: 381.00 ms
Execution 433 - TLS Mutual
s_connection: verify depth is 1
Handshake duration: 380.82 ms
Execution 434 - TLS Mutual
s_connection: verify depth is 1
Handshake duration: 354.37 ms
Execution 435 - TLS Mutual
s_connection: verify depth is 1
Handshake duration: 383.12 ms
Execution 436 - TLS Mutual
s_connection: verify depth is 1
Handshake duration: 360.30 ms
Execution 437 - TLS Mutual
s_connection: verify depth is 1
Handshake duration: 374.95 ms
Execution 438 - TLS Mutual
s_connection: verify depth is 1
Handshake duration: 381.25 ms
Execution 439 - TLS Mutual
s_connection: verify depth is 1
Handshake duration: 382.35 ms
Execution 440 - TLS Mutual
s_connection: verify depth is 1
Handshake duration: 381.61 ms
Execution 441 - TLS Mutual
s_connection: verify depth is 1
Handshake duration: 381.83 ms
Execution 442 - TLS Mutual
s_connection: verify depth is 1
Handshake duration: 381.74 ms
Execution 443 - TLS Mutual
s_connection: verify depth is 1
Handshake duration: 380.30 ms
Execution 444 - TLS Mutual
s_connection: verify depth is 1
Handshake duration: 380.39 ms
Execution 445 - TLS Mutual
s_connection: verify depth is 1
Handshake duration: 379.75 ms
Execution 446 - TLS Mutual
s_connection: verify depth is 1
Handshake duration: 365.21 ms
Execution 447 - TLS Mutual
s_connection: verify depth is 1
Handshake duration: 317.18 ms
Execution 448 - TLS Mutual
s_connection: verify depth is 1
Handshake duration: 348.76 ms
Execution 449 - TLS Mutual
s_connection: verify depth is 1
Handshake duration: 343.24 ms
Execution 450 - TLS Mutual
s_connection: verify depth is 1
Handshake duration: 380.68 ms
Execution 451 - TLS Mutual
s_connection: verify depth is 1
Handshake duration: 377.43 ms
Execution 452 - TLS Mutual
s_connection: verify depth is 1
Handshake duration: 380.30 ms
Execution 453 - TLS Mutual
s_connection: verify depth is 1
Handshake duration: 366.49 ms
Execution 454 - TLS Mutual
s_connection: verify depth is 1
Handshake duration: 378.19 ms
Execution 455 - TLS Mutual
s_connection: verify depth is 1
Handshake duration: 383.50 ms
Execution 456 - TLS Mutual
s_connection: verify depth is 1
Handshake duration: 351.59 ms
Execution 457 - TLS Mutual
s_connection: verify depth is 1
Handshake duration: 382.11 ms
Execution 458 - TLS Mutual
s_connection: verify depth is 1
Handshake duration: 382.75 ms
Execution 459 - TLS Mutual
s_connection: verify depth is 1
Handshake duration: 379.62 ms
Execution 460 - TLS Mutual
s_connection: verify depth is 1
Handshake duration: 382.87 ms
Execution 461 - TLS Mutual
s_connection: verify depth is 1
Handshake duration: 384.08 ms
Execution 462 - TLS Mutual
s_connection: verify depth is 1
Handshake duration: 356.18 ms
Execution 463 - TLS Mutual
s_connection: verify depth is 1
Handshake duration: 359.30 ms
Execution 464 - TLS Mutual
s_connection: verify depth is 1
Handshake duration: 384.21 ms
Execution 465 - TLS Mutual
s_connection: verify depth is 1
Handshake duration: 329.77 ms
Execution 466 - TLS Mutual
s_connection: verify depth is 1
Handshake duration: 384.43 ms
Execution 467 - TLS Mutual
s_connection: verify depth is 1
Handshake duration: 384.20 ms
Execution 468 - TLS Mutual
s_connection: verify depth is 1
Handshake duration: 332.11 ms
Execution 469 - TLS Mutual
s_connection: verify depth is 1
Handshake duration: 382.32 ms
Execution 470 - TLS Mutual
s_connection: verify depth is 1
Handshake duration: 358.06 ms
Execution 471 - TLS Mutual
s_connection: verify depth is 1
Handshake duration: 356.07 ms
Execution 472 - TLS Mutual
s_connection: verify depth is 1
Handshake duration: 867.33 ms
Execution 473 - TLS Mutual
s_connection: verify depth is 1
Handshake duration: 358.63 ms
Execution 474 - TLS Mutual
s_connection: verify depth is 1
Handshake duration: 382.10 ms
Execution 475 - TLS Mutual
s_connection: verify depth is 1
Handshake duration: 361.60 ms
Execution 476 - TLS Mutual
s_connection: verify depth is 1
Handshake duration: 354.27 ms
Execution 477 - TLS Mutual
s_connection: verify depth is 1
Handshake duration: 486.60 ms
Execution 478 - TLS Mutual
s_connection: verify depth is 1
Handshake duration: 381.96 ms
Execution 479 - TLS Mutual
s_connection: verify depth is 1
Handshake duration: 382.87 ms
Execution 480 - TLS Mutual
s_connection: verify depth is 1
Handshake duration: 357.60 ms
Execution 481 - TLS Mutual
s_connection: verify depth is 1
Handshake duration: 385.02 ms
Execution 482 - TLS Mutual
s_connection: verify depth is 1
Handshake duration: 355.28 ms
Execution 483 - TLS Mutual
s_connection: verify depth is 1
Handshake duration: 357.64 ms
Execution 484 - TLS Mutual
s_connection: verify depth is 1
Handshake duration: 380.28 ms
Execution 485 - TLS Mutual
s_connection: verify depth is 1
Handshake duration: 382.49 ms
Execution 486 - TLS Mutual
s_connection: verify depth is 1
Handshake duration: 379.05 ms
Execution 487 - TLS Mutual
s_connection: verify depth is 1
Handshake duration: 382.33 ms
Execution 488 - TLS Mutual
s_connection: verify depth is 1
Handshake duration: 362.91 ms
Execution 489 - TLS Mutual
s_connection: verify depth is 1
Handshake duration: 357.78 ms
Execution 490 - TLS Mutual
s_connection: verify depth is 1
Handshake duration: 384.78 ms
Execution 491 - TLS Mutual
s_connection: verify depth is 1
Handshake duration: 347.41 ms
Execution 492 - TLS Mutual
s_connection: verify depth is 1
Handshake duration: 382.37 ms
Execution 493 - TLS Mutual
s_connection: verify depth is 1
Handshake duration: 386.51 ms
Execution 494 - TLS Mutual
s_connection: verify depth is 1
Handshake duration: 357.90 ms
Execution 495 - TLS Mutual
s_connection: verify depth is 1
Handshake duration: 380.92 ms
Execution 496 - TLS Mutual
s_connection: verify depth is 1
Handshake duration: 384.21 ms
Execution 497 - TLS Mutual
s_connection: verify depth is 1
Handshake duration: 382.14 ms
Execution 498 - TLS Mutual
s_connection: verify depth is 1
Handshake duration: 360.13 ms
Execution 499 - TLS Mutual
s_connection: verify depth is 1
Handshake duration: 385.73 ms
Execution 500 - TLS Mutual
s_connection: verify depth is 1
Handshake duration: 352.78 ms
