Applying netem rules to lo...
Showing qdisc status for the interface: lo
qdisc netem 8360: root refcnt 2 limit 1000 seed 9392017662201849995
 Sent 0 bytes 0 pkt (dropped 0, overlimits 0 requeues 0) 
 backlog 0b 0p requeues 0
Running ./perftestClientTlsQuic.sh with SIG_ALG=secp384r1 and KEM_ALG=x448_hqc192
Execution 1 - TLS Mutual
s_connection: verify depth is 1
Handshake duration: 456.96 ms
Execution 2 - TLS Mutual
s_connection: verify depth is 1
Handshake duration: 379.88 ms
Execution 3 - TLS Mutual
s_connection: verify depth is 1
Handshake duration: 361.22 ms
Execution 4 - TLS Mutual
s_connection: verify depth is 1
Handshake duration: 348.76 ms
Execution 5 - TLS Mutual
s_connection: verify depth is 1
Handshake duration: 348.86 ms
Execution 6 - TLS Mutual
s_connection: verify depth is 1
Handshake duration: 372.43 ms
Execution 7 - TLS Mutual
s_connection: verify depth is 1
Handshake duration: 355.10 ms
Execution 8 - TLS Mutual
s_connection: verify depth is 1
Handshake duration: 377.08 ms
Execution 9 - TLS Mutual
s_connection: verify depth is 1
Handshake duration: 374.85 ms
Execution 10 - TLS Mutual
s_connection: verify depth is 1
Handshake duration: 353.94 ms
Execution 11 - TLS Mutual
s_connection: verify depth is 1
Handshake duration: 356.34 ms
Execution 12 - TLS Mutual
s_connection: verify depth is 1
Handshake duration: 350.99 ms
Execution 13 - TLS Mutual
s_connection: verify depth is 1
Handshake duration: 374.01 ms
Execution 14 - TLS Mutual
s_connection: verify depth is 1
Handshake duration: 374.76 ms
Execution 15 - TLS Mutual
s_connection: verify depth is 1
Handshake duration: 379.14 ms
Execution 16 - TLS Mutual
s_connection: verify depth is 1
Handshake duration: 349.57 ms
Execution 17 - TLS Mutual
s_connection: verify depth is 1
Handshake duration: 376.59 ms
Execution 18 - TLS Mutual
s_connection: verify depth is 1
Handshake duration: 320.70 ms
Execution 19 - TLS Mutual
s_connection: verify depth is 1
Handshake duration: 377.56 ms
Execution 20 - TLS Mutual
s_connection: verify depth is 1
Handshake duration: 378.18 ms
Execution 21 - TLS Mutual
s_connection: verify depth is 1
Handshake duration: 349.23 ms
Execution 22 - TLS Mutual
s_connection: verify depth is 1
Handshake duration: 351.11 ms
Execution 23 - TLS Mutual
s_connection: verify depth is 1
Handshake duration: 378.79 ms
Execution 24 - TLS Mutual
s_connection: verify depth is 1
Handshake duration: 356.17 ms
Execution 25 - TLS Mutual
s_connection: verify depth is 1
Handshake duration: 379.03 ms
Execution 26 - TLS Mutual
s_connection: verify depth is 1
Handshake duration: 326.09 ms
Execution 27 - TLS Mutual
s_connection: verify depth is 1
Handshake duration: 375.61 ms
Execution 28 - TLS Mutual
s_connection: verify depth is 1
Handshake duration: 325.35 ms
Execution 29 - TLS Mutual
s_connection: verify depth is 1
Handshake duration: 377.98 ms
Execution 30 - TLS Mutual
s_connection: verify depth is 1
Handshake duration: 349.36 ms
Execution 31 - TLS Mutual
s_connection: verify depth is 1
Handshake duration: 378.95 ms
Execution 32 - TLS Mutual
s_connection: verify depth is 1
Handshake duration: 345.38 ms
Execution 33 - TLS Mutual
s_connection: verify depth is 1
Handshake duration: 378.88 ms
Execution 34 - TLS Mutual
s_connection: verify depth is 1
Handshake duration: 380.93 ms
Execution 35 - TLS Mutual
s_connection: verify depth is 1
Handshake duration: 375.31 ms
Execution 36 - TLS Mutual
s_connection: verify depth is 1
Handshake duration: 377.06 ms
Execution 37 - TLS Mutual
s_connection: verify depth is 1
Handshake duration: 375.37 ms
Execution 38 - TLS Mutual
s_connection: verify depth is 1
Handshake duration: 375.04 ms
Execution 39 - TLS Mutual
s_connection: verify depth is 1
Handshake duration: 378.62 ms
Execution 40 - TLS Mutual
s_connection: verify depth is 1
Handshake duration: 347.18 ms
Execution 41 - TLS Mutual
s_connection: verify depth is 1
Handshake duration: 374.33 ms
Execution 42 - TLS Mutual
s_connection: verify depth is 1
Handshake duration: 352.83 ms
Execution 43 - TLS Mutual
s_connection: verify depth is 1
Handshake duration: 376.33 ms
Execution 44 - TLS Mutual
s_connection: verify depth is 1
Handshake duration: 350.88 ms
Execution 45 - TLS Mutual
s_connection: verify depth is 1
Handshake duration: 375.98 ms
Execution 46 - TLS Mutual
s_connection: verify depth is 1
Handshake duration: 373.91 ms
Execution 47 - TLS Mutual
s_connection: verify depth is 1
Handshake duration: 375.46 ms
Execution 48 - TLS Mutual
s_connection: verify depth is 1
Handshake duration: 375.91 ms
Execution 49 - TLS Mutual
s_connection: verify depth is 1
Handshake duration: 378.43 ms
Execution 50 - TLS Mutual
s_connection: verify depth is 1
Handshake duration: 353.55 ms
Execution 51 - TLS Mutual
s_connection: verify depth is 1
Handshake duration: 378.46 ms
Execution 52 - TLS Mutual
s_connection: verify depth is 1
Handshake duration: 378.65 ms
Execution 53 - TLS Mutual
s_connection: verify depth is 1
Handshake duration: 350.50 ms
Execution 54 - TLS Mutual
s_connection: verify depth is 1
Handshake duration: 312.75 ms
Execution 55 - TLS Mutual
s_connection: verify depth is 1
Handshake duration: 317.69 ms
Execution 56 - TLS Mutual
s_connection: verify depth is 1
Handshake duration: 349.02 ms
Execution 57 - TLS Mutual
s_connection: verify depth is 1
Handshake duration: 381.79 ms
Execution 58 - TLS Mutual
s_connection: verify depth is 1
Handshake duration: 352.22 ms
Execution 59 - TLS Mutual
s_connection: verify depth is 1
Handshake duration: 375.83 ms
Execution 60 - TLS Mutual
s_connection: verify depth is 1
Handshake duration: 351.58 ms
Execution 61 - TLS Mutual
s_connection: verify depth is 1
Handshake duration: 345.88 ms
Execution 62 - TLS Mutual
s_connection: verify depth is 1
Handshake duration: 350.48 ms
Execution 63 - TLS Mutual
s_connection: verify depth is 1
Handshake duration: 378.55 ms
Execution 64 - TLS Mutual
s_connection: verify depth is 1
Handshake duration: 350.45 ms
Execution 65 - TLS Mutual
s_connection: verify depth is 1
Handshake duration: 378.60 ms
Execution 66 - TLS Mutual
s_connection: verify depth is 1
Handshake duration: 349.52 ms
Execution 67 - TLS Mutual
s_connection: verify depth is 1
Handshake duration: 379.68 ms
Execution 68 - TLS Mutual
s_connection: verify depth is 1
Handshake duration: 380.32 ms
Execution 69 - TLS Mutual
s_connection: verify depth is 1
Handshake duration: 377.49 ms
Execution 70 - TLS Mutual
s_connection: verify depth is 1
Handshake duration: 347.62 ms
Execution 71 - TLS Mutual
s_connection: verify depth is 1
Handshake duration: 376.83 ms
Execution 72 - TLS Mutual
s_connection: verify depth is 1
Handshake duration: 348.54 ms
Execution 73 - TLS Mutual
s_connection: verify depth is 1
Handshake duration: 362.73 ms
Execution 74 - TLS Mutual
s_connection: verify depth is 1
Handshake duration: 326.34 ms
Execution 75 - TLS Mutual
s_connection: verify depth is 1
Handshake duration: 375.13 ms
Execution 76 - TLS Mutual
s_connection: verify depth is 1
Handshake duration: 348.78 ms
Execution 77 - TLS Mutual
s_connection: verify depth is 1
Handshake duration: 329.61 ms
Execution 78 - TLS Mutual
s_connection: verify depth is 1
Handshake duration: 379.89 ms
Execution 79 - TLS Mutual
s_connection: verify depth is 1
Handshake duration: 323.05 ms
Execution 80 - TLS Mutual
s_connection: verify depth is 1
Handshake duration: 508.05 ms
Execution 81 - TLS Mutual
s_connection: verify depth is 1
Handshake duration: 378.42 ms
Execution 82 - TLS Mutual
s_connection: verify depth is 1
Handshake duration: 378.89 ms
Execution 83 - TLS Mutual
s_connection: verify depth is 1
Handshake duration: 349.20 ms
Execution 84 - TLS Mutual
s_connection: verify depth is 1
Handshake duration: 380.35 ms
Execution 85 - TLS Mutual
s_connection: verify depth is 1
Handshake duration: 379.68 ms
Execution 86 - TLS Mutual
s_connection: verify depth is 1
Handshake duration: 369.65 ms
Execution 87 - TLS Mutual
s_connection: verify depth is 1
Handshake duration: 352.81 ms
Execution 88 - TLS Mutual
s_connection: verify depth is 1
Handshake duration: 354.23 ms
Execution 89 - TLS Mutual
s_connection: verify depth is 1
Handshake duration: 379.80 ms
Execution 90 - TLS Mutual
s_connection: verify depth is 1
Handshake duration: 360.03 ms
Execution 91 - TLS Mutual
s_connection: verify depth is 1
Handshake duration: 369.99 ms
Execution 92 - TLS Mutual
s_connection: verify depth is 1
Handshake duration: 350.82 ms
Execution 93 - TLS Mutual
s_connection: verify depth is 1
Handshake duration: 379.05 ms
Execution 94 - TLS Mutual
s_connection: verify depth is 1
Handshake duration: 377.52 ms
Execution 95 - TLS Mutual
s_connection: verify depth is 1
Handshake duration: 347.97 ms
Execution 96 - TLS Mutual
s_connection: verify depth is 1
Handshake duration: 354.18 ms
Execution 97 - TLS Mutual
s_connection: verify depth is 1
Handshake duration: 349.16 ms
Execution 98 - TLS Mutual
s_connection: verify depth is 1
Handshake duration: 380.23 ms
Execution 99 - TLS Mutual
s_connection: verify depth is 1
Handshake duration: 350.43 ms
Execution 100 - TLS Mutual
s_connection: verify depth is 1
Handshake duration: 354.23 ms
Execution 101 - TLS Mutual
s_connection: verify depth is 1
Handshake duration: 348.23 ms
Execution 102 - TLS Mutual
s_connection: verify depth is 1
Handshake duration: 370.91 ms
Execution 103 - TLS Mutual
s_connection: verify depth is 1
Handshake duration: 326.19 ms
Execution 104 - TLS Mutual
s_connection: verify depth is 1
Handshake duration: 377.85 ms
Execution 105 - TLS Mutual
s_connection: verify depth is 1
Handshake duration: 372.95 ms
Execution 106 - TLS Mutual
s_connection: verify depth is 1
Handshake duration: 347.71 ms
Execution 107 - TLS Mutual
s_connection: verify depth is 1
Handshake duration: 377.53 ms
Execution 108 - TLS Mutual
s_connection: verify depth is 1
Handshake duration: 350.41 ms
Execution 109 - TLS Mutual
s_connection: verify depth is 1
Handshake duration: 377.31 ms
Execution 110 - TLS Mutual
s_connection: verify depth is 1
Handshake duration: 327.45 ms
Execution 111 - TLS Mutual
s_connection: verify depth is 1
Handshake duration: 381.48 ms
Execution 112 - TLS Mutual
s_connection: verify depth is 1
Handshake duration: 354.76 ms
Execution 113 - TLS Mutual
s_connection: verify depth is 1
Handshake duration: 377.74 ms
Execution 114 - TLS Mutual
s_connection: verify depth is 1
Handshake duration: 353.26 ms
Execution 115 - TLS Mutual
s_connection: verify depth is 1
Handshake duration: 350.26 ms
Execution 116 - TLS Mutual
s_connection: verify depth is 1
Handshake duration: 374.07 ms
Execution 117 - TLS Mutual
s_connection: verify depth is 1
Handshake duration: 352.42 ms
Execution 118 - TLS Mutual
s_connection: verify depth is 1
Handshake duration: 377.84 ms
Execution 119 - TLS Mutual
s_connection: verify depth is 1
Handshake duration: 858.56 ms
Execution 120 - TLS Mutual
s_connection: verify depth is 1
Handshake duration: 356.08 ms
Execution 121 - TLS Mutual
s_connection: verify depth is 1
Handshake duration: 350.96 ms
Execution 122 - TLS Mutual
s_connection: verify depth is 1
Handshake duration: 354.66 ms
Execution 123 - TLS Mutual
s_connection: verify depth is 1
Handshake duration: 373.78 ms
Execution 124 - TLS Mutual
s_connection: verify depth is 1
Handshake duration: 354.31 ms
Execution 125 - TLS Mutual
s_connection: verify depth is 1
Handshake duration: 345.47 ms
Execution 126 - TLS Mutual
s_connection: verify depth is 1
Handshake duration: 353.36 ms
Execution 127 - TLS Mutual
s_connection: verify depth is 1
Handshake duration: 351.88 ms
Execution 128 - TLS Mutual
s_connection: verify depth is 1
Handshake duration: 377.72 ms
Execution 129 - TLS Mutual
s_connection: verify depth is 1
Handshake duration: 354.33 ms
Execution 130 - TLS Mutual
s_connection: verify depth is 1
Handshake duration: 373.27 ms
Execution 131 - TLS Mutual
s_connection: verify depth is 1
Handshake duration: 352.93 ms
Execution 132 - TLS Mutual
s_connection: verify depth is 1
Handshake duration: 380.28 ms
Execution 133 - TLS Mutual
s_connection: verify depth is 1
Handshake duration: 376.13 ms
Execution 134 - TLS Mutual
s_connection: verify depth is 1
Handshake duration: 378.10 ms
Execution 135 - TLS Mutual
s_connection: verify depth is 1
Handshake duration: 347.63 ms
Execution 136 - TLS Mutual
s_connection: verify depth is 1
Handshake duration: 375.33 ms
Execution 137 - TLS Mutual
s_connection: verify depth is 1
Handshake duration: 518.32 ms
Execution 138 - TLS Mutual
s_connection: verify depth is 1
Handshake duration: 375.56 ms
Execution 139 - TLS Mutual
s_connection: verify depth is 1
Handshake duration: 376.38 ms
Execution 140 - TLS Mutual
s_connection: verify depth is 1
Handshake duration: 376.95 ms
Execution 141 - TLS Mutual
s_connection: verify depth is 1
Handshake duration: 377.51 ms
Execution 142 - TLS Mutual
s_connection: verify depth is 1
Handshake duration: 352.26 ms
Execution 143 - TLS Mutual
s_connection: verify depth is 1
Handshake duration: 349.65 ms
Execution 144 - TLS Mutual
s_connection: verify depth is 1
Handshake duration: 376.47 ms
Execution 145 - TLS Mutual
s_connection: verify depth is 1
Handshake duration: 376.76 ms
Execution 146 - TLS Mutual
s_connection: verify depth is 1
Handshake duration: 480.52 ms
Execution 147 - TLS Mutual
s_connection: verify depth is 1
Handshake duration: 327.47 ms
Execution 148 - TLS Mutual
s_connection: verify depth is 1
Handshake duration: 379.20 ms
Execution 149 - TLS Mutual
s_connection: verify depth is 1
Handshake duration: 376.86 ms
Execution 150 - TLS Mutual
s_connection: verify depth is 1
Handshake duration: 654.44 ms
Execution 151 - TLS Mutual
s_connection: verify depth is 1
Handshake duration: 380.60 ms
Execution 152 - TLS Mutual
s_connection: verify depth is 1
Handshake duration: 351.23 ms
Execution 153 - TLS Mutual
s_connection: verify depth is 1
Handshake duration: 378.01 ms
Execution 154 - TLS Mutual
s_connection: verify depth is 1
Handshake duration: 351.81 ms
Execution 155 - TLS Mutual
s_connection: verify depth is 1
Handshake duration: 374.82 ms
Execution 156 - TLS Mutual
s_connection: verify depth is 1
Handshake duration: 354.91 ms
Execution 157 - TLS Mutual
s_connection: verify depth is 1
Handshake duration: 349.92 ms
Execution 158 - TLS Mutual
s_connection: verify depth is 1
Handshake duration: 370.80 ms
Execution 159 - TLS Mutual
s_connection: verify depth is 1
Handshake duration: 354.55 ms
Execution 160 - TLS Mutual
s_connection: verify depth is 1
Handshake duration: 377.87 ms
Execution 161 - TLS Mutual
s_connection: verify depth is 1
Handshake duration: 372.06 ms
Execution 162 - TLS Mutual
s_connection: verify depth is 1
Handshake duration: 374.96 ms
Execution 163 - TLS Mutual
s_connection: verify depth is 1
Handshake duration: 377.80 ms
Execution 164 - TLS Mutual
s_connection: verify depth is 1
Handshake duration: 375.43 ms
Execution 165 - TLS Mutual
s_connection: verify depth is 1
Handshake duration: 377.27 ms
Execution 166 - TLS Mutual
s_connection: verify depth is 1
Handshake duration: 350.92 ms
Execution 167 - TLS Mutual
s_connection: verify depth is 1
Handshake duration: 354.63 ms
Execution 168 - TLS Mutual
s_connection: verify depth is 1
Handshake duration: 365.65 ms
Execution 169 - TLS Mutual
s_connection: verify depth is 1
Handshake duration: 369.28 ms
Execution 170 - TLS Mutual
s_connection: verify depth is 1
Handshake duration: 376.52 ms
Execution 171 - TLS Mutual
s_connection: verify depth is 1
Handshake duration: 378.82 ms
Execution 172 - TLS Mutual
s_connection: verify depth is 1
Handshake duration: 353.95 ms
Execution 173 - TLS Mutual
s_connection: verify depth is 1
Handshake duration: 377.27 ms
Execution 174 - TLS Mutual
s_connection: verify depth is 1
Handshake duration: 351.09 ms
Execution 175 - TLS Mutual
s_connection: verify depth is 1
Handshake duration: 347.61 ms
Execution 176 - TLS Mutual
s_connection: verify depth is 1
Handshake duration: 377.90 ms
Execution 177 - TLS Mutual
s_connection: verify depth is 1
Handshake duration: 346.47 ms
Execution 178 - TLS Mutual
s_connection: verify depth is 1
Handshake duration: 351.20 ms
Execution 179 - TLS Mutual
s_connection: verify depth is 1
Handshake duration: 354.15 ms
Execution 180 - TLS Mutual
s_connection: verify depth is 1
Handshake duration: 355.69 ms
Execution 181 - TLS Mutual
s_connection: verify depth is 1
Handshake duration: 374.02 ms
Execution 182 - TLS Mutual
s_connection: verify depth is 1
Handshake duration: 379.83 ms
Execution 183 - TLS Mutual
s_connection: verify depth is 1
Handshake duration: 377.27 ms
Execution 184 - TLS Mutual
s_connection: verify depth is 1
Handshake duration: 376.79 ms
Execution 185 - TLS Mutual
s_connection: verify depth is 1
Handshake duration: 378.11 ms
Execution 186 - TLS Mutual
s_connection: verify depth is 1
Handshake duration: 348.64 ms
Execution 187 - TLS Mutual
s_connection: verify depth is 1
Handshake duration: 366.93 ms
Execution 188 - TLS Mutual
s_connection: verify depth is 1
Handshake duration: 378.00 ms
Execution 189 - TLS Mutual
s_connection: verify depth is 1
Handshake duration: 354.58 ms
Execution 190 - TLS Mutual
s_connection: verify depth is 1
Handshake duration: 378.42 ms
Execution 191 - TLS Mutual
s_connection: verify depth is 1
Handshake duration: 354.19 ms
Execution 192 - TLS Mutual
s_connection: verify depth is 1
Handshake duration: 377.25 ms
Execution 193 - TLS Mutual
s_connection: verify depth is 1
Handshake duration: 358.71 ms
Execution 194 - TLS Mutual
s_connection: verify depth is 1
Handshake duration: 377.64 ms
Execution 195 - TLS Mutual
s_connection: verify depth is 1
Handshake duration: 376.23 ms
Execution 196 - TLS Mutual
s_connection: verify depth is 1
Handshake duration: 376.12 ms
Execution 197 - TLS Mutual
s_connection: verify depth is 1
Handshake duration: 342.71 ms
Execution 198 - TLS Mutual
s_connection: verify depth is 1
Handshake duration: 375.26 ms
Execution 199 - TLS Mutual
s_connection: verify depth is 1
Handshake duration: 510.53 ms
Execution 200 - TLS Mutual
s_connection: verify depth is 1
Handshake duration: 378.69 ms
Execution 201 - TLS Mutual
s_connection: verify depth is 1
Handshake duration: 351.33 ms
Execution 202 - TLS Mutual
s_connection: verify depth is 1
Handshake duration: 373.99 ms
Execution 203 - TLS Mutual
s_connection: verify depth is 1
Handshake duration: 377.94 ms
Execution 204 - TLS Mutual
s_connection: verify depth is 1
Handshake duration: 375.28 ms
Execution 205 - TLS Mutual
s_connection: verify depth is 1
Handshake duration: 364.97 ms
Execution 206 - TLS Mutual
s_connection: verify depth is 1
Handshake duration: 376.02 ms
Execution 207 - TLS Mutual
s_connection: verify depth is 1
Handshake duration: 375.72 ms
Execution 208 - TLS Mutual
s_connection: verify depth is 1
Handshake duration: 374.85 ms
Execution 209 - TLS Mutual
s_connection: verify depth is 1
Handshake duration: 371.89 ms
Execution 210 - TLS Mutual
s_connection: verify depth is 1
Handshake duration: 376.41 ms
Execution 211 - TLS Mutual
s_connection: verify depth is 1
Handshake duration: 313.53 ms
Execution 212 - TLS Mutual
s_connection: verify depth is 1
Handshake duration: 839.65 ms
Execution 213 - TLS Mutual
s_connection: verify depth is 1
Handshake duration: 329.64 ms
Execution 214 - TLS Mutual
s_connection: verify depth is 1
Handshake duration: 377.48 ms
Execution 215 - TLS Mutual
s_connection: verify depth is 1
Handshake duration: 376.97 ms
Execution 216 - TLS Mutual
s_connection: verify depth is 1
Handshake duration: 378.37 ms
Execution 217 - TLS Mutual
s_connection: verify depth is 1
Handshake duration: 352.58 ms
Execution 218 - TLS Mutual
s_connection: verify depth is 1
Handshake duration: 357.79 ms
Execution 219 - TLS Mutual
s_connection: verify depth is 1
Handshake duration: 377.83 ms
Execution 220 - TLS Mutual
s_connection: verify depth is 1
Handshake duration: 378.59 ms
Execution 221 - TLS Mutual
s_connection: verify depth is 1
Handshake duration: 379.48 ms
Execution 222 - TLS Mutual
s_connection: verify depth is 1
Handshake duration: 376.73 ms
Execution 223 - TLS Mutual
s_connection: verify depth is 1
Handshake duration: 374.64 ms
Execution 224 - TLS Mutual
s_connection: verify depth is 1
Handshake duration: 377.47 ms
Execution 225 - TLS Mutual
s_connection: verify depth is 1
Handshake duration: 379.26 ms
Execution 226 - TLS Mutual
s_connection: verify depth is 1
Handshake duration: 372.99 ms
Execution 227 - TLS Mutual
s_connection: verify depth is 1
Handshake duration: 374.92 ms
Execution 228 - TLS Mutual
s_connection: verify depth is 1
Handshake duration: 378.59 ms
Execution 229 - TLS Mutual
s_connection: verify depth is 1
Handshake duration: 326.69 ms
Execution 230 - TLS Mutual
s_connection: verify depth is 1
Handshake duration: 350.75 ms
Execution 231 - TLS Mutual
s_connection: verify depth is 1
Handshake duration: 354.51 ms
Execution 232 - TLS Mutual
s_connection: verify depth is 1
Handshake duration: 376.46 ms
Execution 233 - TLS Mutual
s_connection: verify depth is 1
Handshake duration: 375.89 ms
Execution 234 - TLS Mutual
s_connection: verify depth is 1
Handshake duration: 351.96 ms
Execution 235 - TLS Mutual
s_connection: verify depth is 1
Handshake duration: 379.58 ms
Execution 236 - TLS Mutual
s_connection: verify depth is 1
Handshake duration: 374.86 ms
Execution 237 - TLS Mutual
s_connection: verify depth is 1
Handshake duration: 376.17 ms
Execution 238 - TLS Mutual
s_connection: verify depth is 1
Handshake duration: 362.61 ms
Execution 239 - TLS Mutual
s_connection: verify depth is 1
Handshake duration: 376.09 ms
Execution 240 - TLS Mutual
s_connection: verify depth is 1
Handshake duration: 376.38 ms
Execution 241 - TLS Mutual
s_connection: verify depth is 1
Handshake duration: 376.38 ms
Execution 242 - TLS Mutual
s_connection: verify depth is 1
Handshake duration: 372.88 ms
Execution 243 - TLS Mutual
s_connection: verify depth is 1
Handshake duration: 379.74 ms
Execution 244 - TLS Mutual
s_connection: verify depth is 1
Handshake duration: 364.07 ms
Execution 245 - TLS Mutual
s_connection: verify depth is 1
Handshake duration: 346.69 ms
Execution 246 - TLS Mutual
s_connection: verify depth is 1
Handshake duration: 376.59 ms
Execution 247 - TLS Mutual
s_connection: verify depth is 1
Handshake duration: 376.04 ms
Execution 248 - TLS Mutual
s_connection: verify depth is 1
Handshake duration: 379.16 ms
Execution 249 - TLS Mutual
s_connection: verify depth is 1
Handshake duration: 378.53 ms
Execution 250 - TLS Mutual
s_connection: verify depth is 1
Handshake duration: 377.70 ms
Execution 251 - TLS Mutual
s_connection: verify depth is 1
Handshake duration: 378.87 ms
Execution 252 - TLS Mutual
s_connection: verify depth is 1
Handshake duration: 375.32 ms
Execution 253 - TLS Mutual
s_connection: verify depth is 1
Handshake duration: 366.57 ms
Execution 254 - TLS Mutual
s_connection: verify depth is 1
Handshake duration: 347.58 ms
Execution 255 - TLS Mutual
s_connection: verify depth is 1
Handshake duration: 376.68 ms
Execution 256 - TLS Mutual
s_connection: verify depth is 1
Handshake duration: 379.18 ms
Execution 257 - TLS Mutual
s_connection: verify depth is 1
Handshake duration: 376.30 ms
Execution 258 - TLS Mutual
s_connection: verify depth is 1
Handshake duration: 348.75 ms
Execution 259 - TLS Mutual
s_connection: verify depth is 1
Handshake duration: 353.08 ms
Execution 260 - TLS Mutual
s_connection: verify depth is 1
Handshake duration: 379.43 ms
Execution 261 - TLS Mutual
s_connection: verify depth is 1
Handshake duration: 351.21 ms
Execution 262 - TLS Mutual
s_connection: verify depth is 1
Handshake duration: 351.53 ms
Execution 263 - TLS Mutual
s_connection: verify depth is 1
Handshake duration: 351.15 ms
Execution 264 - TLS Mutual
s_connection: verify depth is 1
Handshake duration: 378.08 ms
Execution 265 - TLS Mutual
s_connection: verify depth is 1
Handshake duration: 352.20 ms
Execution 266 - TLS Mutual
s_connection: verify depth is 1
Handshake duration: 350.12 ms
Execution 267 - TLS Mutual
s_connection: verify depth is 1
Handshake duration: 380.58 ms
Execution 268 - TLS Mutual
s_connection: verify depth is 1
Handshake duration: 376.26 ms
Execution 269 - TLS Mutual
s_connection: verify depth is 1
Handshake duration: 377.49 ms
Execution 270 - TLS Mutual
s_connection: verify depth is 1
Handshake duration: 376.35 ms
Execution 271 - TLS Mutual
s_connection: verify depth is 1
Handshake duration: 378.09 ms
Execution 272 - TLS Mutual
s_connection: verify depth is 1
Handshake duration: 370.27 ms
Execution 273 - TLS Mutual
s_connection: verify depth is 1
Handshake duration: 376.58 ms
Execution 274 - TLS Mutual
s_connection: verify depth is 1
Handshake duration: 377.25 ms
Execution 275 - TLS Mutual
s_connection: verify depth is 1
Handshake duration: 376.43 ms
Execution 276 - TLS Mutual
s_connection: verify depth is 1
Handshake duration: 376.26 ms
Execution 277 - TLS Mutual
s_connection: verify depth is 1
Handshake duration: 354.86 ms
Execution 278 - TLS Mutual
s_connection: verify depth is 1
Handshake duration: 378.91 ms
Execution 279 - TLS Mutual
s_connection: verify depth is 1
Handshake duration: 351.21 ms
Execution 280 - TLS Mutual
s_connection: verify depth is 1
Handshake duration: 351.06 ms
Execution 281 - TLS Mutual
s_connection: verify depth is 1
Handshake duration: 360.32 ms
Execution 282 - TLS Mutual
s_connection: verify depth is 1
Handshake duration: 320.75 ms
Execution 283 - TLS Mutual
s_connection: verify depth is 1
Handshake duration: 377.41 ms
Execution 284 - TLS Mutual
s_connection: verify depth is 1
Handshake duration: 377.22 ms
Execution 285 - TLS Mutual
s_connection: verify depth is 1
Handshake duration: 376.47 ms
Execution 286 - TLS Mutual
s_connection: verify depth is 1
Handshake duration: 375.58 ms
Execution 287 - TLS Mutual
s_connection: verify depth is 1
Handshake duration: 650.37 ms
Execution 288 - TLS Mutual
s_connection: verify depth is 1
Handshake duration: 354.80 ms
Execution 289 - TLS Mutual
s_connection: verify depth is 1
Handshake duration: 378.94 ms
Execution 290 - TLS Mutual
s_connection: verify depth is 1
Handshake duration: 353.35 ms
Execution 291 - TLS Mutual
s_connection: verify depth is 1
Handshake duration: 378.31 ms
Execution 292 - TLS Mutual
s_connection: verify depth is 1
Handshake duration: 376.25 ms
Execution 293 - TLS Mutual
s_connection: verify depth is 1
Handshake duration: 376.44 ms
Execution 294 - TLS Mutual
s_connection: verify depth is 1
Handshake duration: 349.45 ms
Execution 295 - TLS Mutual
s_connection: verify depth is 1
Handshake duration: 378.00 ms
Execution 296 - TLS Mutual
s_connection: verify depth is 1
Handshake duration: 348.15 ms
Execution 297 - TLS Mutual
s_connection: verify depth is 1
Handshake duration: 378.21 ms
Execution 298 - TLS Mutual
s_connection: verify depth is 1
Handshake duration: 376.34 ms
Execution 299 - TLS Mutual
s_connection: verify depth is 1
Handshake duration: 376.78 ms
Execution 300 - TLS Mutual
s_connection: verify depth is 1
Handshake duration: 376.55 ms
Execution 301 - TLS Mutual
s_connection: verify depth is 1
Handshake duration: 374.10 ms
Execution 302 - TLS Mutual
s_connection: verify depth is 1
Handshake duration: 376.26 ms
Execution 303 - TLS Mutual
s_connection: verify depth is 1
Handshake duration: 377.20 ms
Execution 304 - TLS Mutual
s_connection: verify depth is 1
Handshake duration: 377.02 ms
Execution 305 - TLS Mutual
s_connection: verify depth is 1
Handshake duration: 352.64 ms
Execution 306 - TLS Mutual
s_connection: verify depth is 1
Handshake duration: 376.08 ms
Execution 307 - TLS Mutual
s_connection: verify depth is 1
Handshake duration: 348.28 ms
Execution 308 - TLS Mutual
s_connection: verify depth is 1
Handshake duration: 377.94 ms
Execution 309 - TLS Mutual
s_connection: verify depth is 1
Handshake duration: 352.09 ms
Execution 310 - TLS Mutual
s_connection: verify depth is 1
Handshake duration: 373.56 ms
Execution 311 - TLS Mutual
s_connection: verify depth is 1
Handshake duration: 352.53 ms
Execution 312 - TLS Mutual
s_connection: verify depth is 1
Handshake duration: 349.80 ms
Execution 313 - TLS Mutual
s_connection: verify depth is 1
Handshake duration: 377.59 ms
Execution 314 - TLS Mutual
s_connection: verify depth is 1
Handshake duration: 375.62 ms
Execution 315 - TLS Mutual
s_connection: verify depth is 1
Handshake duration: 377.99 ms
Execution 316 - TLS Mutual
s_connection: verify depth is 1
Handshake duration: 378.71 ms
Execution 317 - TLS Mutual
s_connection: verify depth is 1
Handshake duration: 357.77 ms
Execution 318 - TLS Mutual
s_connection: verify depth is 1
Handshake duration: 325.88 ms
Execution 319 - TLS Mutual
s_connection: verify depth is 1
Handshake duration: 351.24 ms
Execution 320 - TLS Mutual
s_connection: verify depth is 1
Handshake duration: 347.18 ms
Execution 321 - TLS Mutual
s_connection: verify depth is 1
Handshake duration: 352.50 ms
Execution 322 - TLS Mutual
s_connection: verify depth is 1
Handshake duration: 351.72 ms
Execution 323 - TLS Mutual
s_connection: verify depth is 1
Handshake duration: 383.16 ms
Execution 324 - TLS Mutual
s_connection: verify depth is 1
Handshake duration: 378.81 ms
Execution 325 - TLS Mutual
s_connection: verify depth is 1
Handshake duration: 380.07 ms
Execution 326 - TLS Mutual
s_connection: verify depth is 1
Handshake duration: 354.75 ms
Execution 327 - TLS Mutual
s_connection: verify depth is 1
Handshake duration: 377.27 ms
Execution 328 - TLS Mutual
s_connection: verify depth is 1
Handshake duration: 352.94 ms
Execution 329 - TLS Mutual
s_connection: verify depth is 1
Handshake duration: 375.32 ms
Execution 330 - TLS Mutual
s_connection: verify depth is 1
Handshake duration: 352.34 ms
Execution 331 - TLS Mutual
s_connection: verify depth is 1
Handshake duration: 347.47 ms
Execution 332 - TLS Mutual
s_connection: verify depth is 1
Handshake duration: 379.27 ms
Execution 333 - TLS Mutual
s_connection: verify depth is 1
Handshake duration: 318.38 ms
Execution 334 - TLS Mutual
s_connection: verify depth is 1
Handshake duration: 352.84 ms
Execution 335 - TLS Mutual
s_connection: verify depth is 1
Handshake duration: 347.95 ms
Execution 336 - TLS Mutual
s_connection: verify depth is 1
Handshake duration: 348.85 ms
Execution 337 - TLS Mutual
s_connection: verify depth is 1
Handshake duration: 381.65 ms
Execution 338 - TLS Mutual
s_connection: verify depth is 1
Handshake duration: 380.18 ms
Execution 339 - TLS Mutual
s_connection: verify depth is 1
Handshake duration: 373.62 ms
Execution 340 - TLS Mutual
s_connection: verify depth is 1
Handshake duration: 376.87 ms
Execution 341 - TLS Mutual
s_connection: verify depth is 1
Handshake duration: 379.20 ms
Execution 342 - TLS Mutual
s_connection: verify depth is 1
Handshake duration: 350.78 ms
Execution 343 - TLS Mutual
s_connection: verify depth is 1
Handshake duration: 376.22 ms
Execution 344 - TLS Mutual
s_connection: verify depth is 1
Handshake duration: 375.59 ms
Execution 345 - TLS Mutual
s_connection: verify depth is 1
Handshake duration: 348.64 ms
Execution 346 - TLS Mutual
s_connection: verify depth is 1
Handshake duration: 366.81 ms
Execution 347 - TLS Mutual
s_connection: verify depth is 1
Handshake duration: 374.78 ms
Execution 348 - TLS Mutual
s_connection: verify depth is 1
Handshake duration: 375.22 ms
Execution 349 - TLS Mutual
s_connection: verify depth is 1
Handshake duration: 377.72 ms
Execution 350 - TLS Mutual
s_connection: verify depth is 1
Handshake duration: 353.74 ms
Execution 351 - TLS Mutual
s_connection: verify depth is 1
Handshake duration: 378.58 ms
Execution 352 - TLS Mutual
s_connection: verify depth is 1
Handshake duration: 378.49 ms
Execution 353 - TLS Mutual
s_connection: verify depth is 1
Handshake duration: 346.59 ms
Execution 354 - TLS Mutual
s_connection: verify depth is 1
Handshake duration: 343.09 ms
Execution 355 - TLS Mutual
s_connection: verify depth is 1
Handshake duration: 378.81 ms
Execution 356 - TLS Mutual
s_connection: verify depth is 1
Handshake duration: 375.77 ms
Execution 357 - TLS Mutual
s_connection: verify depth is 1
Handshake duration: 355.02 ms
Execution 358 - TLS Mutual
s_connection: verify depth is 1
Handshake duration: 379.35 ms
Execution 359 - TLS Mutual
s_connection: verify depth is 1
Handshake duration: 374.28 ms
Execution 360 - TLS Mutual
s_connection: verify depth is 1
Handshake duration: 376.67 ms
Execution 361 - TLS Mutual
s_connection: verify depth is 1
Handshake duration: 377.06 ms
Execution 362 - TLS Mutual
s_connection: verify depth is 1
Handshake duration: 376.33 ms
Execution 363 - TLS Mutual
s_connection: verify depth is 1
Handshake duration: 373.79 ms
Execution 364 - TLS Mutual
s_connection: verify depth is 1
Handshake duration: 377.13 ms
Execution 365 - TLS Mutual
s_connection: verify depth is 1
Handshake duration: 379.74 ms
Execution 366 - TLS Mutual
s_connection: verify depth is 1
Handshake duration: 352.23 ms
Execution 367 - TLS Mutual
s_connection: verify depth is 1
Handshake duration: 376.09 ms
Execution 368 - TLS Mutual
s_connection: verify depth is 1
Handshake duration: 312.60 ms
Execution 369 - TLS Mutual
s_connection: verify depth is 1
Handshake duration: 317.66 ms
Execution 370 - TLS Mutual
s_connection: verify depth is 1
Handshake duration: 470.43 ms
Execution 371 - TLS Mutual
s_connection: verify depth is 1
Handshake duration: 349.29 ms
Execution 372 - TLS Mutual
s_connection: verify depth is 1
Handshake duration: 355.01 ms
Execution 373 - TLS Mutual
s_connection: verify depth is 1
Handshake duration: 352.53 ms
Execution 374 - TLS Mutual
s_connection: verify depth is 1
Handshake duration: 379.12 ms
Execution 375 - TLS Mutual
s_connection: verify depth is 1
Handshake duration: 376.72 ms
Execution 376 - TLS Mutual
s_connection: verify depth is 1
Handshake duration: 377.74 ms
Execution 377 - TLS Mutual
s_connection: verify depth is 1
Handshake duration: 1619.15 ms
Execution 378 - TLS Mutual
s_connection: verify depth is 1
Handshake duration: 377.40 ms
Execution 379 - TLS Mutual
s_connection: verify depth is 1
Handshake duration: 378.46 ms
Execution 380 - TLS Mutual
s_connection: verify depth is 1
Handshake duration: 353.97 ms
Execution 381 - TLS Mutual
s_connection: verify depth is 1
Handshake duration: 378.78 ms
Execution 382 - TLS Mutual
s_connection: verify depth is 1
Handshake duration: 330.93 ms
Execution 383 - TLS Mutual
s_connection: verify depth is 1
Handshake duration: 377.57 ms
Execution 384 - TLS Mutual
s_connection: verify depth is 1
Handshake duration: 326.85 ms
Execution 385 - TLS Mutual
s_connection: verify depth is 1
Handshake duration: 376.18 ms
Execution 386 - TLS Mutual
s_connection: verify depth is 1
Handshake duration: 378.88 ms
Execution 387 - TLS Mutual
s_connection: verify depth is 1
Handshake duration: 378.29 ms
Execution 388 - TLS Mutual
s_connection: verify depth is 1
Handshake duration: 380.61 ms
Execution 389 - TLS Mutual
s_connection: verify depth is 1
Handshake duration: 353.00 ms
Execution 390 - TLS Mutual
s_connection: verify depth is 1
Handshake duration: 373.63 ms
Execution 391 - TLS Mutual
s_connection: verify depth is 1
Handshake duration: 378.64 ms
Execution 392 - TLS Mutual
s_connection: verify depth is 1
Handshake duration: 374.68 ms
Execution 393 - TLS Mutual
s_connection: verify depth is 1
Handshake duration: 368.24 ms
Execution 394 - TLS Mutual
s_connection: verify depth is 1
Handshake duration: 348.93 ms
Execution 395 - TLS Mutual
s_connection: verify depth is 1
Handshake duration: 376.56 ms
Execution 396 - TLS Mutual
s_connection: verify depth is 1
Handshake duration: 350.85 ms
Execution 397 - TLS Mutual
s_connection: verify depth is 1
Handshake duration: 375.67 ms
Execution 398 - TLS Mutual
s_connection: verify depth is 1
Handshake duration: 373.18 ms
Execution 399 - TLS Mutual
s_connection: verify depth is 1
Handshake duration: 379.21 ms
Execution 400 - TLS Mutual
s_connection: verify depth is 1
Handshake duration: 352.40 ms
Execution 401 - TLS Mutual
s_connection: verify depth is 1
Handshake duration: 382.03 ms
Execution 402 - TLS Mutual
s_connection: verify depth is 1
Handshake duration: 378.63 ms
Execution 403 - TLS Mutual
s_connection: verify depth is 1
Handshake duration: 327.74 ms
Execution 404 - TLS Mutual
s_connection: verify depth is 1
Handshake duration: 377.08 ms
Execution 405 - TLS Mutual
s_connection: verify depth is 1
Handshake duration: 343.66 ms
Execution 406 - TLS Mutual
s_connection: verify depth is 1
Handshake duration: 379.00 ms
Execution 407 - TLS Mutual
s_connection: verify depth is 1
Handshake duration: 351.36 ms
Execution 408 - TLS Mutual
s_connection: verify depth is 1
Handshake duration: 356.34 ms
Execution 409 - TLS Mutual
s_connection: verify depth is 1
Handshake duration: 351.34 ms
Execution 410 - TLS Mutual
s_connection: verify depth is 1
Handshake duration: 376.95 ms
Execution 411 - TLS Mutual
s_connection: verify depth is 1
Handshake duration: 355.35 ms
Execution 412 - TLS Mutual
s_connection: verify depth is 1
Handshake duration: 378.07 ms
Execution 413 - TLS Mutual
s_connection: verify depth is 1
Handshake duration: 351.84 ms
Execution 414 - TLS Mutual
s_connection: verify depth is 1
Handshake duration: 381.47 ms
Execution 415 - TLS Mutual
s_connection: verify depth is 1
Handshake duration: 377.92 ms
Execution 416 - TLS Mutual
s_connection: verify depth is 1
Handshake duration: 375.43 ms
Execution 417 - TLS Mutual
s_connection: verify depth is 1
Handshake duration: 373.05 ms
Execution 418 - TLS Mutual
s_connection: verify depth is 1
Handshake duration: 326.48 ms
Execution 419 - TLS Mutual
s_connection: verify depth is 1
Handshake duration: 352.59 ms
Execution 420 - TLS Mutual
s_connection: verify depth is 1
Handshake duration: 352.44 ms
Execution 421 - TLS Mutual
s_connection: verify depth is 1
Handshake duration: 349.07 ms
Execution 422 - TLS Mutual
s_connection: verify depth is 1
Handshake duration: 376.56 ms
Execution 423 - TLS Mutual
s_connection: verify depth is 1
Handshake duration: 354.05 ms
Execution 424 - TLS Mutual
s_connection: verify depth is 1
Handshake duration: 378.53 ms
Execution 425 - TLS Mutual
s_connection: verify depth is 1
Handshake duration: 378.11 ms
Execution 426 - TLS Mutual
s_connection: verify depth is 1
Handshake duration: 830.80 ms
Execution 427 - TLS Mutual
s_connection: verify depth is 1
Handshake duration: 352.20 ms
Execution 428 - TLS Mutual
s_connection: verify depth is 1
Handshake duration: 375.27 ms
Execution 429 - TLS Mutual
s_connection: verify depth is 1
Handshake duration: 375.63 ms
Execution 430 - TLS Mutual
s_connection: verify depth is 1
Handshake duration: 376.14 ms
Execution 431 - TLS Mutual
s_connection: verify depth is 1
Handshake duration: 347.15 ms
Execution 432 - TLS Mutual
s_connection: verify depth is 1
Handshake duration: 379.43 ms
Execution 433 - TLS Mutual
s_connection: verify depth is 1
Handshake duration: 379.62 ms
Execution 434 - TLS Mutual
s_connection: verify depth is 1
Handshake duration: 377.81 ms
Execution 435 - TLS Mutual
s_connection: verify depth is 1
Handshake duration: 377.41 ms
Execution 436 - TLS Mutual
s_connection: verify depth is 1
Handshake duration: 375.49 ms
Execution 437 - TLS Mutual
s_connection: verify depth is 1
Handshake duration: 368.30 ms
Execution 438 - TLS Mutual
s_connection: verify depth is 1
Handshake duration: 355.46 ms
Execution 439 - TLS Mutual
s_connection: verify depth is 1
Handshake duration: 377.63 ms
Execution 440 - TLS Mutual
s_connection: verify depth is 1
Handshake duration: 354.25 ms
Execution 441 - TLS Mutual
s_connection: verify depth is 1
Handshake duration: 350.55 ms
Execution 442 - TLS Mutual
s_connection: verify depth is 1
Handshake duration: 350.11 ms
Execution 443 - TLS Mutual
s_connection: verify depth is 1
Handshake duration: 351.75 ms
Execution 444 - TLS Mutual
s_connection: verify depth is 1
Handshake duration: 377.64 ms
Execution 445 - TLS Mutual
s_connection: verify depth is 1
Handshake duration: 379.06 ms
Execution 446 - TLS Mutual
s_connection: verify depth is 1
Handshake duration: 378.42 ms
Execution 447 - TLS Mutual
s_connection: verify depth is 1
Handshake duration: 373.35 ms
Execution 448 - TLS Mutual
s_connection: verify depth is 1
Handshake duration: 378.61 ms
Execution 449 - TLS Mutual
s_connection: verify depth is 1
Handshake duration: 374.85 ms
Execution 450 - TLS Mutual
s_connection: verify depth is 1
Handshake duration: 353.96 ms
Execution 451 - TLS Mutual
s_connection: verify depth is 1
Handshake duration: 378.40 ms
Execution 452 - TLS Mutual
s_connection: verify depth is 1
Handshake duration: 351.57 ms
Execution 453 - TLS Mutual
s_connection: verify depth is 1
Handshake duration: 377.02 ms
Execution 454 - TLS Mutual
s_connection: verify depth is 1
Handshake duration: 378.93 ms
Execution 455 - TLS Mutual
s_connection: verify depth is 1
Handshake duration: 378.42 ms
Execution 456 - TLS Mutual
s_connection: verify depth is 1
Handshake duration: 354.37 ms
Execution 457 - TLS Mutual
s_connection: verify depth is 1
Handshake duration: 346.94 ms
Execution 458 - TLS Mutual
s_connection: verify depth is 1
Handshake duration: 376.35 ms
Execution 459 - TLS Mutual
s_connection: verify depth is 1
Handshake duration: 346.80 ms
Execution 460 - TLS Mutual
s_connection: verify depth is 1
Handshake duration: 353.39 ms
Execution 461 - TLS Mutual
s_connection: verify depth is 1
Handshake duration: 378.91 ms
Execution 462 - TLS Mutual
s_connection: verify depth is 1
Handshake duration: 349.69 ms
Execution 463 - TLS Mutual
s_connection: verify depth is 1
Handshake duration: 380.84 ms
Execution 464 - TLS Mutual
s_connection: verify depth is 1
Handshake duration: 359.77 ms
Execution 465 - TLS Mutual
s_connection: verify depth is 1
Handshake duration: 377.83 ms
Execution 466 - TLS Mutual
s_connection: verify depth is 1
Handshake duration: 373.18 ms
Execution 467 - TLS Mutual
s_connection: verify depth is 1
Handshake duration: 375.76 ms
Execution 468 - TLS Mutual
s_connection: verify depth is 1
Handshake duration: 374.20 ms
Execution 469 - TLS Mutual
s_connection: verify depth is 1
Handshake duration: 374.20 ms
Execution 470 - TLS Mutual
s_connection: verify depth is 1
Handshake duration: 374.38 ms
Execution 471 - TLS Mutual
s_connection: verify depth is 1
Handshake duration: 376.93 ms
Execution 472 - TLS Mutual
s_connection: verify depth is 1
Handshake duration: 375.14 ms
Execution 473 - TLS Mutual
s_connection: verify depth is 1
Handshake duration: 355.28 ms
Execution 474 - TLS Mutual
s_connection: verify depth is 1
Handshake duration: 378.70 ms
Execution 475 - TLS Mutual
s_connection: verify depth is 1
Handshake duration: 376.54 ms
Execution 476 - TLS Mutual
s_connection: verify depth is 1
Handshake duration: 377.90 ms
Execution 477 - TLS Mutual
s_connection: verify depth is 1
Handshake duration: 376.93 ms
Execution 478 - TLS Mutual
s_connection: verify depth is 1
Handshake duration: 354.26 ms
Execution 479 - TLS Mutual
s_connection: verify depth is 1
Handshake duration: 352.27 ms
Execution 480 - TLS Mutual
s_connection: verify depth is 1
Handshake duration: 323.68 ms
Execution 481 - TLS Mutual
s_connection: verify depth is 1
Handshake duration: 380.06 ms
Execution 482 - TLS Mutual
s_connection: verify depth is 1
Handshake duration: 350.11 ms
Execution 483 - TLS Mutual
s_connection: verify depth is 1
Handshake duration: 354.29 ms
Execution 484 - TLS Mutual
s_connection: verify depth is 1
Handshake duration: 378.32 ms
Execution 485 - TLS Mutual
s_connection: verify depth is 1
Handshake duration: 377.35 ms
Execution 486 - TLS Mutual
s_connection: verify depth is 1
Handshake duration: 322.33 ms
Execution 487 - TLS Mutual
s_connection: verify depth is 1
Handshake duration: 376.08 ms
Execution 488 - TLS Mutual
s_connection: verify depth is 1
Handshake duration: 374.60 ms
Execution 489 - TLS Mutual
s_connection: verify depth is 1
Handshake duration: 378.43 ms
Execution 490 - TLS Mutual
s_connection: verify depth is 1
Handshake duration: 377.65 ms
Execution 491 - TLS Mutual
s_connection: verify depth is 1
Handshake duration: 354.88 ms
Execution 492 - TLS Mutual
s_connection: verify depth is 1
Handshake duration: 378.63 ms
Execution 493 - TLS Mutual
s_connection: verify depth is 1
Handshake duration: 348.45 ms
Execution 494 - TLS Mutual
s_connection: verify depth is 1
Handshake duration: 379.23 ms
Execution 495 - TLS Mutual
s_connection: verify depth is 1
Handshake duration: 327.41 ms
Execution 496 - TLS Mutual
s_connection: verify depth is 1
Handshake duration: 381.02 ms
Execution 497 - TLS Mutual
s_connection: verify depth is 1
Handshake duration: 349.61 ms
Execution 498 - TLS Mutual
s_connection: verify depth is 1
Handshake duration: 379.44 ms
Execution 499 - TLS Mutual
s_connection: verify depth is 1
Handshake duration: 379.03 ms
Execution 500 - TLS Mutual
s_connection: verify depth is 1
Handshake duration: 374.84 ms
