Applying netem rules to lo...
Showing qdisc status for the interface: lo
qdisc netem 8388: root refcnt 2 limit 1000 seed 9808570935679780310
 Sent 0 bytes 0 pkt (dropped 0, overlimits 0 requeues 0) 
 backlog 0b 0p requeues 0
Running ./perftestClientTlsQuic.sh with SIG_ALG=mldsa44 and KEM_ALG=mlkem512
Execution 1 - TLS Mutual
s_connection: verify depth is 1
Handshake duration: 446.33 ms
Execution 2 - TLS Mutual
s_connection: verify depth is 1
Handshake duration: 317.20 ms
Execution 3 - TLS Mutual
s_connection: verify depth is 1
Handshake duration: 318.12 ms
Execution 4 - TLS Mutual
s_connection: verify depth is 1
Handshake duration: 317.43 ms
Execution 5 - TLS Mutual
s_connection: verify depth is 1
Handshake duration: 318.18 ms
Execution 6 - TLS Mutual
s_connection: verify depth is 1
Handshake duration: 319.42 ms
Execution 7 - TLS Mutual
s_connection: verify depth is 1
Handshake duration: 298.25 ms
Execution 8 - TLS Mutual
s_connection: verify depth is 1
Handshake duration: 310.39 ms
Execution 9 - TLS Mutual
s_connection: verify depth is 1
Handshake duration: 313.96 ms
Execution 10 - TLS Mutual
s_connection: verify depth is 1
Handshake duration: 319.15 ms
Execution 11 - TLS Mutual
s_connection: verify depth is 1
Handshake duration: 317.32 ms
Execution 12 - TLS Mutual
s_connection: verify depth is 1
Handshake duration: 314.06 ms
Execution 13 - TLS Mutual
s_connection: verify depth is 1
Handshake duration: 316.63 ms
Execution 14 - TLS Mutual
s_connection: verify depth is 1
Handshake duration: 319.53 ms
Execution 15 - TLS Mutual
s_connection: verify depth is 1
Handshake duration: 319.06 ms
Execution 16 - TLS Mutual
s_connection: verify depth is 1
Handshake duration: 315.25 ms
Execution 17 - TLS Mutual
s_connection: verify depth is 1
Handshake duration: 318.83 ms
Execution 18 - TLS Mutual
s_connection: verify depth is 1
Handshake duration: 306.25 ms
Execution 19 - TLS Mutual
s_connection: verify depth is 1
Handshake duration: 285.66 ms
Execution 20 - TLS Mutual
s_connection: verify depth is 1
Handshake duration: 316.10 ms
Execution 21 - TLS Mutual
s_connection: verify depth is 1
Handshake duration: 319.90 ms
Execution 22 - TLS Mutual
s_connection: verify depth is 1
Handshake duration: 304.73 ms
Execution 23 - TLS Mutual
s_connection: verify depth is 1
Handshake duration: 320.31 ms
Execution 24 - TLS Mutual
s_connection: verify depth is 1
Handshake duration: 318.32 ms
Execution 25 - TLS Mutual
s_connection: verify depth is 1
Handshake duration: 319.42 ms
Execution 26 - TLS Mutual
s_connection: verify depth is 1
Handshake duration: 317.46 ms
Execution 27 - TLS Mutual
s_connection: verify depth is 1
Handshake duration: 318.85 ms
Execution 28 - TLS Mutual
s_connection: verify depth is 1
Handshake duration: 293.50 ms
Execution 29 - TLS Mutual
s_connection: verify depth is 1
Handshake duration: 318.50 ms
Execution 30 - TLS Mutual
s_connection: verify depth is 1
Handshake duration: 313.54 ms
Execution 31 - TLS Mutual
s_connection: verify depth is 1
Handshake duration: 293.61 ms
Execution 32 - TLS Mutual
s_connection: verify depth is 1
Handshake duration: 316.94 ms
Execution 33 - TLS Mutual
s_connection: verify depth is 1
Handshake duration: 310.90 ms
Execution 34 - TLS Mutual
s_connection: verify depth is 1
Handshake duration: 315.95 ms
Execution 35 - TLS Mutual
s_connection: verify depth is 1
Handshake duration: 320.47 ms
Execution 36 - TLS Mutual
s_connection: verify depth is 1
Handshake duration: 318.30 ms
Execution 37 - TLS Mutual
s_connection: verify depth is 1
Handshake duration: 315.89 ms
Execution 38 - TLS Mutual
s_connection: verify depth is 1
Handshake duration: 317.88 ms
Execution 39 - TLS Mutual
s_connection: verify depth is 1
Handshake duration: 293.55 ms
Execution 40 - TLS Mutual
s_connection: verify depth is 1
Handshake duration: 318.36 ms
Execution 41 - TLS Mutual
s_connection: verify depth is 1
Handshake duration: 319.52 ms
Execution 42 - TLS Mutual
s_connection: verify depth is 1
Handshake duration: 314.25 ms
Execution 43 - TLS Mutual
s_connection: verify depth is 1
Handshake duration: 315.39 ms
Execution 44 - TLS Mutual
s_connection: verify depth is 1
Handshake duration: 319.17 ms
Execution 45 - TLS Mutual
s_connection: verify depth is 1
Handshake duration: 318.27 ms
Execution 46 - TLS Mutual
s_connection: verify depth is 1
Handshake duration: 317.71 ms
Execution 47 - TLS Mutual
s_connection: verify depth is 1
Handshake duration: 317.93 ms
Execution 48 - TLS Mutual
s_connection: verify depth is 1
Handshake duration: 316.93 ms
Execution 49 - TLS Mutual
s_connection: verify depth is 1
Handshake duration: 318.30 ms
Execution 50 - TLS Mutual
s_connection: verify depth is 1
Handshake duration: 292.08 ms
Execution 51 - TLS Mutual
s_connection: verify depth is 1
Handshake duration: 319.40 ms
Execution 52 - TLS Mutual
s_connection: verify depth is 1
Handshake duration: 318.21 ms
Execution 53 - TLS Mutual
s_connection: verify depth is 1
Handshake duration: 314.80 ms
Execution 54 - TLS Mutual
s_connection: verify depth is 1
Handshake duration: 315.35 ms
Execution 55 - TLS Mutual
s_connection: verify depth is 1
Handshake duration: 293.59 ms
Execution 56 - TLS Mutual
s_connection: verify depth is 1
Handshake duration: 317.88 ms
Execution 57 - TLS Mutual
s_connection: verify depth is 1
Handshake duration: 320.92 ms
Execution 58 - TLS Mutual
s_connection: verify depth is 1
Handshake duration: 294.19 ms
Execution 59 - TLS Mutual
s_connection: verify depth is 1
Handshake duration: 294.78 ms
Execution 60 - TLS Mutual
s_connection: verify depth is 1
Handshake duration: 318.39 ms
Execution 61 - TLS Mutual
s_connection: verify depth is 1
Handshake duration: 296.16 ms
Execution 62 - TLS Mutual
s_connection: verify depth is 1
Handshake duration: 316.21 ms
Execution 63 - TLS Mutual
s_connection: verify depth is 1
Handshake duration: 318.52 ms
Execution 64 - TLS Mutual
s_connection: verify depth is 1
Handshake duration: 319.45 ms
Execution 65 - TLS Mutual
s_connection: verify depth is 1
Handshake duration: 317.80 ms
Execution 66 - TLS Mutual
s_connection: verify depth is 1
Handshake duration: 294.55 ms
Execution 67 - TLS Mutual
s_connection: verify depth is 1
Handshake duration: 318.50 ms
Execution 68 - TLS Mutual
s_connection: verify depth is 1
Handshake duration: 316.85 ms
Execution 69 - TLS Mutual
s_connection: verify depth is 1
Handshake duration: 316.16 ms
Execution 70 - TLS Mutual
s_connection: verify depth is 1
Handshake duration: 315.72 ms
Execution 71 - TLS Mutual
s_connection: verify depth is 1
Handshake duration: 294.07 ms
Execution 72 - TLS Mutual
s_connection: verify depth is 1
Handshake duration: 317.85 ms
Execution 73 - TLS Mutual
s_connection: verify depth is 1
Handshake duration: 292.22 ms
Execution 74 - TLS Mutual
s_connection: verify depth is 1
Handshake duration: 317.57 ms
Execution 75 - TLS Mutual
s_connection: verify depth is 1
Handshake duration: 293.28 ms
Execution 76 - TLS Mutual
s_connection: verify depth is 1
Handshake duration: 317.09 ms
Execution 77 - TLS Mutual
s_connection: verify depth is 1
Handshake duration: 294.11 ms
Execution 78 - TLS Mutual
s_connection: verify depth is 1
Handshake duration: 319.39 ms
Execution 79 - TLS Mutual
s_connection: verify depth is 1
Handshake duration: 293.52 ms
Execution 80 - TLS Mutual
s_connection: verify depth is 1
Handshake duration: 318.89 ms
Execution 81 - TLS Mutual
s_connection: verify depth is 1
Handshake duration: 319.18 ms
Execution 82 - TLS Mutual
s_connection: verify depth is 1
Handshake duration: 318.02 ms
Execution 83 - TLS Mutual
s_connection: verify depth is 1
Handshake duration: 316.52 ms
Execution 84 - TLS Mutual
s_connection: verify depth is 1
Handshake duration: 316.40 ms
Execution 85 - TLS Mutual
s_connection: verify depth is 1
Handshake duration: 306.20 ms
Execution 86 - TLS Mutual
s_connection: verify depth is 1
Handshake duration: 315.42 ms
Execution 87 - TLS Mutual
s_connection: verify depth is 1
Handshake duration: 317.55 ms
Execution 88 - TLS Mutual
s_connection: verify depth is 1
Handshake duration: 294.55 ms
Execution 89 - TLS Mutual
s_connection: verify depth is 1
Handshake duration: 319.19 ms
Execution 90 - TLS Mutual
s_connection: verify depth is 1
Handshake duration: 315.35 ms
Execution 91 - TLS Mutual
s_connection: verify depth is 1
Handshake duration: 314.33 ms
Execution 92 - TLS Mutual
s_connection: verify depth is 1
Handshake duration: 317.51 ms
Execution 93 - TLS Mutual
s_connection: verify depth is 1
Handshake duration: 312.91 ms
Execution 94 - TLS Mutual
s_connection: verify depth is 1
Handshake duration: 318.64 ms
Execution 95 - TLS Mutual
s_connection: verify depth is 1
Handshake duration: 315.32 ms
Execution 96 - TLS Mutual
s_connection: verify depth is 1
Handshake duration: 293.11 ms
Execution 97 - TLS Mutual
s_connection: verify depth is 1
Handshake duration: 316.34 ms
Execution 98 - TLS Mutual
s_connection: verify depth is 1
Handshake duration: 315.53 ms
Execution 99 - TLS Mutual
s_connection: verify depth is 1
Handshake duration: 320.23 ms
Execution 100 - TLS Mutual
s_connection: verify depth is 1
Handshake duration: 318.21 ms
Execution 101 - TLS Mutual
s_connection: verify depth is 1
Handshake duration: 319.11 ms
Execution 102 - TLS Mutual
s_connection: verify depth is 1
Handshake duration: 317.36 ms
Execution 103 - TLS Mutual
s_connection: verify depth is 1
Handshake duration: 318.80 ms
Execution 104 - TLS Mutual
s_connection: verify depth is 1
Handshake duration: 305.60 ms
Execution 105 - TLS Mutual
s_connection: verify depth is 1
Handshake duration: 320.45 ms
Execution 106 - TLS Mutual
s_connection: verify depth is 1
Handshake duration: 315.38 ms
Execution 107 - TLS Mutual
s_connection: verify depth is 1
Handshake duration: 316.21 ms
Execution 108 - TLS Mutual
s_connection: verify depth is 1
Handshake duration: 317.82 ms
Execution 109 - TLS Mutual
s_connection: verify depth is 1
Handshake duration: 316.26 ms
Execution 110 - TLS Mutual
s_connection: verify depth is 1
Handshake duration: 293.00 ms
Execution 111 - TLS Mutual
s_connection: verify depth is 1
Handshake duration: 294.07 ms
Execution 112 - TLS Mutual
s_connection: verify depth is 1
Handshake duration: 293.47 ms
Execution 113 - TLS Mutual
s_connection: verify depth is 1
Handshake duration: 294.53 ms
Execution 114 - TLS Mutual
s_connection: verify depth is 1
Handshake duration: 293.42 ms
Execution 115 - TLS Mutual
s_connection: verify depth is 1
Handshake duration: 292.65 ms
Execution 116 - TLS Mutual
s_connection: verify depth is 1
Handshake duration: 316.65 ms
Execution 117 - TLS Mutual
s_connection: verify depth is 1
Handshake duration: 316.84 ms
Execution 118 - TLS Mutual
s_connection: verify depth is 1
Handshake duration: 317.68 ms
Execution 119 - TLS Mutual
s_connection: verify depth is 1
Handshake duration: 314.48 ms
Execution 120 - TLS Mutual
s_connection: verify depth is 1
Handshake duration: 317.20 ms
Execution 121 - TLS Mutual
s_connection: verify depth is 1
Handshake duration: 317.55 ms
Execution 122 - TLS Mutual
s_connection: verify depth is 1
Handshake duration: 293.76 ms
Execution 123 - TLS Mutual
s_connection: verify depth is 1
Handshake duration: 318.40 ms
Execution 124 - TLS Mutual
s_connection: verify depth is 1
Handshake duration: 317.49 ms
Execution 125 - TLS Mutual
s_connection: verify depth is 1
Handshake duration: 316.27 ms
Execution 126 - TLS Mutual
s_connection: verify depth is 1
Handshake duration: 318.44 ms
Execution 127 - TLS Mutual
s_connection: verify depth is 1
Handshake duration: 293.76 ms
Execution 128 - TLS Mutual
s_connection: verify depth is 1
Handshake duration: 316.73 ms
Execution 129 - TLS Mutual
s_connection: verify depth is 1
Handshake duration: 308.50 ms
Execution 130 - TLS Mutual
s_connection: verify depth is 1
Handshake duration: 294.26 ms
Execution 131 - TLS Mutual
s_connection: verify depth is 1
Handshake duration: 316.31 ms
Execution 132 - TLS Mutual
s_connection: verify depth is 1
Handshake duration: 317.98 ms
Execution 133 - TLS Mutual
s_connection: verify depth is 1
Handshake duration: 590.80 ms
Execution 134 - TLS Mutual
s_connection: verify depth is 1
Handshake duration: 318.08 ms
Execution 135 - TLS Mutual
s_connection: verify depth is 1
Handshake duration: 293.75 ms
Execution 136 - TLS Mutual
s_connection: verify depth is 1
Handshake duration: 316.50 ms
Execution 137 - TLS Mutual
s_connection: verify depth is 1
Handshake duration: 294.13 ms
Execution 138 - TLS Mutual
s_connection: verify depth is 1
Handshake duration: 317.86 ms
Execution 139 - TLS Mutual
s_connection: verify depth is 1
Handshake duration: 316.21 ms
Execution 140 - TLS Mutual
s_connection: verify depth is 1
Handshake duration: 317.08 ms
Execution 141 - TLS Mutual
s_connection: verify depth is 1
Handshake duration: 317.57 ms
Execution 142 - TLS Mutual
s_connection: verify depth is 1
Handshake duration: 314.98 ms
Execution 143 - TLS Mutual
s_connection: verify depth is 1
Handshake duration: 316.69 ms
Execution 144 - TLS Mutual
s_connection: verify depth is 1
Handshake duration: 316.18 ms
Execution 145 - TLS Mutual
s_connection: verify depth is 1
Handshake duration: 316.62 ms
Execution 146 - TLS Mutual
s_connection: verify depth is 1
Handshake duration: 314.57 ms
Execution 147 - TLS Mutual
s_connection: verify depth is 1
Handshake duration: 319.02 ms
Execution 148 - TLS Mutual
s_connection: verify depth is 1
Handshake duration: 316.34 ms
Execution 149 - TLS Mutual
s_connection: verify depth is 1
Handshake duration: 316.07 ms
Execution 150 - TLS Mutual
s_connection: verify depth is 1
Handshake duration: 317.32 ms
Execution 151 - TLS Mutual
s_connection: verify depth is 1
Handshake duration: 286.38 ms
Execution 152 - TLS Mutual
s_connection: verify depth is 1
Handshake duration: 285.99 ms
Execution 153 - TLS Mutual
s_connection: verify depth is 1
Handshake duration: 319.26 ms
Execution 154 - TLS Mutual
s_connection: verify depth is 1
Handshake duration: 305.62 ms
Execution 155 - TLS Mutual
s_connection: verify depth is 1
Handshake duration: 294.53 ms
Execution 156 - TLS Mutual
s_connection: verify depth is 1
Handshake duration: 314.54 ms
Execution 157 - TLS Mutual
s_connection: verify depth is 1
Handshake duration: 315.66 ms
Execution 158 - TLS Mutual
s_connection: verify depth is 1
Handshake duration: 318.57 ms
Execution 159 - TLS Mutual
s_connection: verify depth is 1
Handshake duration: 316.37 ms
Execution 160 - TLS Mutual
s_connection: verify depth is 1
Handshake duration: 314.88 ms
Execution 161 - TLS Mutual
s_connection: verify depth is 1
Handshake duration: 316.69 ms
Execution 162 - TLS Mutual
s_connection: verify depth is 1
Handshake duration: 313.68 ms
Execution 163 - TLS Mutual
s_connection: verify depth is 1
Handshake duration: 315.88 ms
Execution 164 - TLS Mutual
s_connection: verify depth is 1
Handshake duration: 318.47 ms
Execution 165 - TLS Mutual
s_connection: verify depth is 1
Handshake duration: 292.14 ms
Execution 166 - TLS Mutual
s_connection: verify depth is 1
Handshake duration: 317.49 ms
Execution 167 - TLS Mutual
s_connection: verify depth is 1
Handshake duration: 314.40 ms
Execution 168 - TLS Mutual
s_connection: verify depth is 1
Handshake duration: 316.10 ms
Execution 169 - TLS Mutual
s_connection: verify depth is 1
Handshake duration: 317.60 ms
Execution 170 - TLS Mutual
s_connection: verify depth is 1
Handshake duration: 316.18 ms
Execution 171 - TLS Mutual
s_connection: verify depth is 1
Handshake duration: 293.80 ms
Execution 172 - TLS Mutual
s_connection: verify depth is 1
Handshake duration: 293.64 ms
Execution 173 - TLS Mutual
s_connection: verify depth is 1
Handshake duration: 317.62 ms
Execution 174 - TLS Mutual
s_connection: verify depth is 1
Handshake duration: 294.44 ms
Execution 175 - TLS Mutual
s_connection: verify depth is 1
Handshake duration: 315.22 ms
Execution 176 - TLS Mutual
s_connection: verify depth is 1
Handshake duration: 317.20 ms
Execution 177 - TLS Mutual
s_connection: verify depth is 1
Handshake duration: 313.51 ms
Execution 178 - TLS Mutual
s_connection: verify depth is 1
Handshake duration: 318.04 ms
Execution 179 - TLS Mutual
s_connection: verify depth is 1
Handshake duration: 314.18 ms
Execution 180 - TLS Mutual
s_connection: verify depth is 1
Handshake duration: 317.63 ms
Execution 181 - TLS Mutual
s_connection: verify depth is 1
Handshake duration: 318.77 ms
Execution 182 - TLS Mutual
s_connection: verify depth is 1
Handshake duration: 317.47 ms
Execution 183 - TLS Mutual
s_connection: verify depth is 1
Handshake duration: 315.72 ms
Execution 184 - TLS Mutual
s_connection: verify depth is 1
Handshake duration: 318.10 ms
Execution 185 - TLS Mutual
s_connection: verify depth is 1
Handshake duration: 289.25 ms
Execution 186 - TLS Mutual
s_connection: verify depth is 1
Handshake duration: 315.48 ms
Execution 187 - TLS Mutual
s_connection: verify depth is 1
Handshake duration: 294.35 ms
Execution 188 - TLS Mutual
s_connection: verify depth is 1
Handshake duration: 314.11 ms
Execution 189 - TLS Mutual
s_connection: verify depth is 1
Handshake duration: 319.01 ms
Execution 190 - TLS Mutual
s_connection: verify depth is 1
Handshake duration: 318.44 ms
Execution 191 - TLS Mutual
s_connection: verify depth is 1
Handshake duration: 319.74 ms
Execution 192 - TLS Mutual
s_connection: verify depth is 1
Handshake duration: 319.88 ms
Execution 193 - TLS Mutual
s_connection: verify depth is 1
Handshake duration: 317.59 ms
Execution 194 - TLS Mutual
s_connection: verify depth is 1
Handshake duration: 314.67 ms
Execution 195 - TLS Mutual
s_connection: verify depth is 1
Handshake duration: 317.95 ms
Execution 196 - TLS Mutual
s_connection: verify depth is 1
Handshake duration: 296.49 ms
Execution 197 - TLS Mutual
s_connection: verify depth is 1
Handshake duration: 316.45 ms
Execution 198 - TLS Mutual
s_connection: verify depth is 1
Handshake duration: 320.07 ms
Execution 199 - TLS Mutual
s_connection: verify depth is 1
Handshake duration: 318.06 ms
Execution 200 - TLS Mutual
s_connection: verify depth is 1
Handshake duration: 318.58 ms
Execution 201 - TLS Mutual
s_connection: verify depth is 1
Handshake duration: 317.78 ms
Execution 202 - TLS Mutual
s_connection: verify depth is 1
Handshake duration: 316.38 ms
Execution 203 - TLS Mutual
s_connection: verify depth is 1
Handshake duration: 283.16 ms
Execution 204 - TLS Mutual
s_connection: verify depth is 1
Handshake duration: 286.05 ms
Execution 205 - TLS Mutual
s_connection: verify depth is 1
Handshake duration: 319.52 ms
Execution 206 - TLS Mutual
s_connection: verify depth is 1
Handshake duration: 316.28 ms
Execution 207 - TLS Mutual
s_connection: verify depth is 1
Handshake duration: 317.33 ms
Execution 208 - TLS Mutual
s_connection: verify depth is 1
Handshake duration: 294.07 ms
Execution 209 - TLS Mutual
s_connection: verify depth is 1
Handshake duration: 318.86 ms
Execution 210 - TLS Mutual
s_connection: verify depth is 1
Handshake duration: 316.50 ms
Execution 211 - TLS Mutual
s_connection: verify depth is 1
Handshake duration: 316.37 ms
Execution 212 - TLS Mutual
s_connection: verify depth is 1
Handshake duration: 318.06 ms
Execution 213 - TLS Mutual
s_connection: verify depth is 1
Handshake duration: 318.49 ms
Execution 214 - TLS Mutual
s_connection: verify depth is 1
Handshake duration: 304.98 ms
Execution 215 - TLS Mutual
s_connection: verify depth is 1
Handshake duration: 293.36 ms
Execution 216 - TLS Mutual
s_connection: verify depth is 1
Handshake duration: 293.28 ms
Execution 217 - TLS Mutual
s_connection: verify depth is 1
Handshake duration: 315.29 ms
Execution 218 - TLS Mutual
s_connection: verify depth is 1
Handshake duration: 316.01 ms
Execution 219 - TLS Mutual
s_connection: verify depth is 1
Handshake duration: 316.50 ms
Execution 220 - TLS Mutual
s_connection: verify depth is 1
Handshake duration: 315.23 ms
Execution 221 - TLS Mutual
s_connection: verify depth is 1
Handshake duration: 323.63 ms
Execution 222 - TLS Mutual
s_connection: verify depth is 1
Handshake duration: 318.75 ms
Execution 223 - TLS Mutual
s_connection: verify depth is 1
Handshake duration: 317.69 ms
Execution 224 - TLS Mutual
s_connection: verify depth is 1
Handshake duration: 319.72 ms
Execution 225 - TLS Mutual
s_connection: verify depth is 1
Handshake duration: 318.44 ms
Execution 226 - TLS Mutual
s_connection: verify depth is 1
Handshake duration: 316.11 ms
Execution 227 - TLS Mutual
s_connection: verify depth is 1
Handshake duration: 315.60 ms
Execution 228 - TLS Mutual
s_connection: verify depth is 1
Handshake duration: 320.61 ms
Execution 229 - TLS Mutual
s_connection: verify depth is 1
Handshake duration: 318.91 ms
Execution 230 - TLS Mutual
s_connection: verify depth is 1
Handshake duration: 317.97 ms
Execution 231 - TLS Mutual
s_connection: verify depth is 1
Handshake duration: 316.37 ms
Execution 232 - TLS Mutual
s_connection: verify depth is 1
Handshake duration: 317.98 ms
Execution 233 - TLS Mutual
s_connection: verify depth is 1
Handshake duration: 294.62 ms
Execution 234 - TLS Mutual
s_connection: verify depth is 1
Handshake duration: 294.56 ms
Execution 235 - TLS Mutual
s_connection: verify depth is 1
Handshake duration: 294.53 ms
Execution 236 - TLS Mutual
s_connection: verify depth is 1
Handshake duration: 317.93 ms
Execution 237 - TLS Mutual
s_connection: verify depth is 1
Handshake duration: 316.90 ms
Execution 238 - TLS Mutual
s_connection: verify depth is 1
Handshake duration: 316.86 ms
Execution 239 - TLS Mutual
s_connection: verify depth is 1
Handshake duration: 317.04 ms
Execution 240 - TLS Mutual
s_connection: verify depth is 1
Handshake duration: 292.74 ms
Execution 241 - TLS Mutual
s_connection: verify depth is 1
Handshake duration: 319.03 ms
Execution 242 - TLS Mutual
s_connection: verify depth is 1
Handshake duration: 317.14 ms
Execution 243 - TLS Mutual
s_connection: verify depth is 1
Handshake duration: 315.87 ms
Execution 244 - TLS Mutual
s_connection: verify depth is 1
Handshake duration: 318.80 ms
Execution 245 - TLS Mutual
s_connection: verify depth is 1
Handshake duration: 318.25 ms
Execution 246 - TLS Mutual
s_connection: verify depth is 1
Handshake duration: 293.59 ms
Execution 247 - TLS Mutual
s_connection: verify depth is 1
Handshake duration: 317.12 ms
Execution 248 - TLS Mutual
s_connection: verify depth is 1
Handshake duration: 317.83 ms
Execution 249 - TLS Mutual
s_connection: verify depth is 1
Handshake duration: 317.26 ms
Execution 250 - TLS Mutual
s_connection: verify depth is 1
Handshake duration: 317.49 ms
Execution 251 - TLS Mutual
s_connection: verify depth is 1
Handshake duration: 319.28 ms
Execution 252 - TLS Mutual
s_connection: verify depth is 1
Handshake duration: 307.57 ms
Execution 253 - TLS Mutual
s_connection: verify depth is 1
Handshake duration: 294.26 ms
Execution 254 - TLS Mutual
s_connection: verify depth is 1
Handshake duration: 317.12 ms
Execution 255 - TLS Mutual
s_connection: verify depth is 1
Handshake duration: 316.18 ms
Execution 256 - TLS Mutual
s_connection: verify depth is 1
Handshake duration: 319.11 ms
Execution 257 - TLS Mutual
s_connection: verify depth is 1
Handshake duration: 318.69 ms
Execution 258 - TLS Mutual
s_connection: verify depth is 1
Handshake duration: 317.05 ms
Execution 259 - TLS Mutual
s_connection: verify depth is 1
Handshake duration: 318.78 ms
Execution 260 - TLS Mutual
s_connection: verify depth is 1
Handshake duration: 287.40 ms
Execution 261 - TLS Mutual
s_connection: verify depth is 1
Handshake duration: 293.72 ms
Execution 262 - TLS Mutual
s_connection: verify depth is 1
Handshake duration: 294.47 ms
Execution 263 - TLS Mutual
s_connection: verify depth is 1
Handshake duration: 316.73 ms
Execution 264 - TLS Mutual
s_connection: verify depth is 1
Handshake duration: 316.54 ms
Execution 265 - TLS Mutual
s_connection: verify depth is 1
Handshake duration: 294.39 ms
Execution 266 - TLS Mutual
s_connection: verify depth is 1
Handshake duration: 317.88 ms
Execution 267 - TLS Mutual
s_connection: verify depth is 1
Handshake duration: 316.67 ms
Execution 268 - TLS Mutual
s_connection: verify depth is 1
Handshake duration: 292.90 ms
Execution 269 - TLS Mutual
s_connection: verify depth is 1
Handshake duration: 318.36 ms
Execution 270 - TLS Mutual
s_connection: verify depth is 1
Handshake duration: 292.69 ms
Execution 271 - TLS Mutual
s_connection: verify depth is 1
Handshake duration: 293.44 ms
Execution 272 - TLS Mutual
s_connection: verify depth is 1
Handshake duration: 314.82 ms
Execution 273 - TLS Mutual
s_connection: verify depth is 1
Handshake duration: 317.60 ms
Execution 274 - TLS Mutual
s_connection: verify depth is 1
Handshake duration: 316.69 ms
Execution 275 - TLS Mutual
s_connection: verify depth is 1
Handshake duration: 293.67 ms
Execution 276 - TLS Mutual
s_connection: verify depth is 1
Handshake duration: 315.30 ms
Execution 277 - TLS Mutual
s_connection: verify depth is 1
Handshake duration: 319.19 ms
Execution 278 - TLS Mutual
s_connection: verify depth is 1
Handshake duration: 318.00 ms
Execution 279 - TLS Mutual
s_connection: verify depth is 1
Handshake duration: 316.98 ms
Execution 280 - TLS Mutual
s_connection: verify depth is 1
Handshake duration: 318.48 ms
Execution 281 - TLS Mutual
s_connection: verify depth is 1
Handshake duration: 318.14 ms
Execution 282 - TLS Mutual
s_connection: verify depth is 1
Handshake duration: 317.03 ms
Execution 283 - TLS Mutual
s_connection: verify depth is 1
Handshake duration: 295.06 ms
Execution 284 - TLS Mutual
s_connection: verify depth is 1
Handshake duration: 315.92 ms
Execution 285 - TLS Mutual
s_connection: verify depth is 1
Handshake duration: 320.47 ms
Execution 286 - TLS Mutual
s_connection: verify depth is 1
Handshake duration: 317.57 ms
Execution 287 - TLS Mutual
s_connection: verify depth is 1
Handshake duration: 317.33 ms
Execution 288 - TLS Mutual
s_connection: verify depth is 1
Handshake duration: 317.89 ms
Execution 289 - TLS Mutual
s_connection: verify depth is 1
Handshake duration: 316.95 ms
Execution 290 - TLS Mutual
s_connection: verify depth is 1
Handshake duration: 293.12 ms
Execution 291 - TLS Mutual
s_connection: verify depth is 1
Handshake duration: 316.89 ms
Execution 292 - TLS Mutual
s_connection: verify depth is 1
Handshake duration: 320.00 ms
Execution 293 - TLS Mutual
s_connection: verify depth is 1
Handshake duration: 319.30 ms
Execution 294 - TLS Mutual
s_connection: verify depth is 1
Handshake duration: 317.21 ms
Execution 295 - TLS Mutual
s_connection: verify depth is 1
Handshake duration: 317.97 ms
Execution 296 - TLS Mutual
s_connection: verify depth is 1
Handshake duration: 316.30 ms
Execution 297 - TLS Mutual
s_connection: verify depth is 1
Handshake duration: 317.62 ms
Execution 298 - TLS Mutual
s_connection: verify depth is 1
Handshake duration: 316.30 ms
Execution 299 - TLS Mutual
s_connection: verify depth is 1
Handshake duration: 319.45 ms
Execution 300 - TLS Mutual
s_connection: verify depth is 1
Handshake duration: 318.08 ms
Execution 301 - TLS Mutual
s_connection: verify depth is 1
Handshake duration: 316.80 ms
Execution 302 - TLS Mutual
s_connection: verify depth is 1
Handshake duration: 317.85 ms
Execution 303 - TLS Mutual
s_connection: verify depth is 1
Handshake duration: 316.27 ms
Execution 304 - TLS Mutual
s_connection: verify depth is 1
Handshake duration: 310.63 ms
Execution 305 - TLS Mutual
s_connection: verify depth is 1
Handshake duration: 316.39 ms
Execution 306 - TLS Mutual
s_connection: verify depth is 1
Handshake duration: 319.12 ms
Execution 307 - TLS Mutual
s_connection: verify depth is 1
Handshake duration: 319.69 ms
Execution 308 - TLS Mutual
s_connection: verify depth is 1
Handshake duration: 318.47 ms
Execution 309 - TLS Mutual
s_connection: verify depth is 1
Handshake duration: 294.25 ms
Execution 310 - TLS Mutual
s_connection: verify depth is 1
Handshake duration: 314.83 ms
Execution 311 - TLS Mutual
s_connection: verify depth is 1
Handshake duration: 319.08 ms
Execution 312 - TLS Mutual
s_connection: verify depth is 1
Handshake duration: 294.47 ms
Execution 313 - TLS Mutual
s_connection: verify depth is 1
Handshake duration: 317.50 ms
Execution 314 - TLS Mutual
s_connection: verify depth is 1
Handshake duration: 316.76 ms
Execution 315 - TLS Mutual
s_connection: verify depth is 1
Handshake duration: 319.14 ms
Execution 316 - TLS Mutual
s_connection: verify depth is 1
Handshake duration: 292.64 ms
Execution 317 - TLS Mutual
s_connection: verify depth is 1
Handshake duration: 293.27 ms
Execution 318 - TLS Mutual
s_connection: verify depth is 1
Handshake duration: 318.38 ms
Execution 319 - TLS Mutual
s_connection: verify depth is 1
Handshake duration: 293.30 ms
Execution 320 - TLS Mutual
s_connection: verify depth is 1
Handshake duration: 314.66 ms
Execution 321 - TLS Mutual
s_connection: verify depth is 1
Handshake duration: 296.08 ms
Execution 322 - TLS Mutual
s_connection: verify depth is 1
Handshake duration: 316.96 ms
Execution 323 - TLS Mutual
s_connection: verify depth is 1
Handshake duration: 316.76 ms
Execution 324 - TLS Mutual
s_connection: verify depth is 1
Handshake duration: 313.71 ms
Execution 325 - TLS Mutual
s_connection: verify depth is 1
Handshake duration: 313.90 ms
Execution 326 - TLS Mutual
s_connection: verify depth is 1
Handshake duration: 318.52 ms
Execution 327 - TLS Mutual
s_connection: verify depth is 1
Handshake duration: 313.31 ms
Execution 328 - TLS Mutual
s_connection: verify depth is 1
Handshake duration: 317.44 ms
Execution 329 - TLS Mutual
s_connection: verify depth is 1
Handshake duration: 293.53 ms
Execution 330 - TLS Mutual
s_connection: verify depth is 1
Handshake duration: 317.02 ms
Execution 331 - TLS Mutual
s_connection: verify depth is 1
Handshake duration: 292.87 ms
Execution 332 - TLS Mutual
s_connection: verify depth is 1
Handshake duration: 294.11 ms
Execution 333 - TLS Mutual
s_connection: verify depth is 1
Handshake duration: 315.85 ms
Execution 334 - TLS Mutual
s_connection: verify depth is 1
Handshake duration: 306.70 ms
Execution 335 - TLS Mutual
s_connection: verify depth is 1
Handshake duration: 315.24 ms
Execution 336 - TLS Mutual
s_connection: verify depth is 1
Handshake duration: 317.70 ms
Execution 337 - TLS Mutual
s_connection: verify depth is 1
Handshake duration: 316.74 ms
Execution 338 - TLS Mutual
s_connection: verify depth is 1
Handshake duration: 293.02 ms
Execution 339 - TLS Mutual
s_connection: verify depth is 1
Handshake duration: 315.47 ms
Execution 340 - TLS Mutual
s_connection: verify depth is 1
Handshake duration: 318.24 ms
Execution 341 - TLS Mutual
s_connection: verify depth is 1
Handshake duration: 317.64 ms
Execution 342 - TLS Mutual
s_connection: verify depth is 1
Handshake duration: 317.25 ms
Execution 343 - TLS Mutual
s_connection: verify depth is 1
Handshake duration: 315.92 ms
Execution 344 - TLS Mutual
s_connection: verify depth is 1
Handshake duration: 314.99 ms
Execution 345 - TLS Mutual
s_connection: verify depth is 1
Handshake duration: 292.68 ms
Execution 346 - TLS Mutual
s_connection: verify depth is 1
Handshake duration: 318.90 ms
Execution 347 - TLS Mutual
s_connection: verify depth is 1
Handshake duration: 314.77 ms
Execution 348 - TLS Mutual
s_connection: verify depth is 1
Handshake duration: 318.11 ms
Execution 349 - TLS Mutual
s_connection: verify depth is 1
Handshake duration: 320.26 ms
Execution 350 - TLS Mutual
s_connection: verify depth is 1
Handshake duration: 318.19 ms
Execution 351 - TLS Mutual
s_connection: verify depth is 1
Handshake duration: 317.48 ms
Execution 352 - TLS Mutual
s_connection: verify depth is 1
Handshake duration: 316.52 ms
Execution 353 - TLS Mutual
s_connection: verify depth is 1
Handshake duration: 315.90 ms
Execution 354 - TLS Mutual
s_connection: verify depth is 1
Handshake duration: 293.57 ms
Execution 355 - TLS Mutual
s_connection: verify depth is 1
Handshake duration: 316.13 ms
Execution 356 - TLS Mutual
s_connection: verify depth is 1
Handshake duration: 315.53 ms
Execution 357 - TLS Mutual
s_connection: verify depth is 1
Handshake duration: 318.00 ms
Execution 358 - TLS Mutual
s_connection: verify depth is 1
Handshake duration: 317.80 ms
Execution 359 - TLS Mutual
s_connection: verify depth is 1
Handshake duration: 315.17 ms
Execution 360 - TLS Mutual
s_connection: verify depth is 1
Handshake duration: 319.53 ms
Execution 361 - TLS Mutual
s_connection: verify depth is 1
Handshake duration: 1580.52 ms
Execution 362 - TLS Mutual
s_connection: verify depth is 1
Handshake duration: 301.09 ms
Execution 363 - TLS Mutual
s_connection: verify depth is 1
Handshake duration: 316.39 ms
Execution 364 - TLS Mutual
s_connection: verify depth is 1
Handshake duration: 311.68 ms
Execution 365 - TLS Mutual
s_connection: verify depth is 1
Handshake duration: 313.87 ms
Execution 366 - TLS Mutual
s_connection: verify depth is 1
Handshake duration: 292.49 ms
Execution 367 - TLS Mutual
s_connection: verify depth is 1
Handshake duration: 318.99 ms
Execution 368 - TLS Mutual
s_connection: verify depth is 1
Handshake duration: 319.16 ms
Execution 369 - TLS Mutual
s_connection: verify depth is 1
Handshake duration: 317.33 ms
Execution 370 - TLS Mutual
s_connection: verify depth is 1
Handshake duration: 316.06 ms
Execution 371 - TLS Mutual
s_connection: verify depth is 1
Handshake duration: 314.25 ms
Execution 372 - TLS Mutual
s_connection: verify depth is 1
Handshake duration: 318.12 ms
Execution 373 - TLS Mutual
s_connection: verify depth is 1
Handshake duration: 318.68 ms
Execution 374 - TLS Mutual
s_connection: verify depth is 1
Handshake duration: 319.06 ms
Execution 375 - TLS Mutual
s_connection: verify depth is 1
Handshake duration: 318.11 ms
Execution 376 - TLS Mutual
s_connection: verify depth is 1
Handshake duration: 314.72 ms
Execution 377 - TLS Mutual
s_connection: verify depth is 1
Handshake duration: 293.07 ms
Execution 378 - TLS Mutual
s_connection: verify depth is 1
Handshake duration: 319.23 ms
Execution 379 - TLS Mutual
s_connection: verify depth is 1
Handshake duration: 317.53 ms
Execution 380 - TLS Mutual
s_connection: verify depth is 1
Handshake duration: 313.16 ms
Execution 381 - TLS Mutual
s_connection: verify depth is 1
Handshake duration: 317.40 ms
Execution 382 - TLS Mutual
s_connection: verify depth is 1
Handshake duration: 315.50 ms
Execution 383 - TLS Mutual
s_connection: verify depth is 1
Handshake duration: 292.38 ms
Execution 384 - TLS Mutual
s_connection: verify depth is 1
Handshake duration: 310.16 ms
Execution 385 - TLS Mutual
s_connection: verify depth is 1
Handshake duration: 282.67 ms
Execution 386 - TLS Mutual
s_connection: verify depth is 1
Handshake duration: 293.54 ms
Execution 387 - TLS Mutual
s_connection: verify depth is 1
Handshake duration: 316.44 ms
Execution 388 - TLS Mutual
s_connection: verify depth is 1
Handshake duration: 316.70 ms
Execution 389 - TLS Mutual
s_connection: verify depth is 1
Handshake duration: 292.47 ms
Execution 390 - TLS Mutual
s_connection: verify depth is 1
Handshake duration: 314.47 ms
Execution 391 - TLS Mutual
s_connection: verify depth is 1
Handshake duration: 316.68 ms
Execution 392 - TLS Mutual
s_connection: verify depth is 1
Handshake duration: 317.83 ms
Execution 393 - TLS Mutual
s_connection: verify depth is 1
Handshake duration: 319.97 ms
Execution 394 - TLS Mutual
s_connection: verify depth is 1
Handshake duration: 293.43 ms
Execution 395 - TLS Mutual
s_connection: verify depth is 1
Handshake duration: 287.07 ms
Execution 396 - TLS Mutual
s_connection: verify depth is 1
Handshake duration: 319.02 ms
Execution 397 - TLS Mutual
s_connection: verify depth is 1
Handshake duration: 293.28 ms
Execution 398 - TLS Mutual
s_connection: verify depth is 1
Handshake duration: 318.78 ms
Execution 399 - TLS Mutual
s_connection: verify depth is 1
Handshake duration: 293.65 ms
Execution 400 - TLS Mutual
s_connection: verify depth is 1
Handshake duration: 317.38 ms
Execution 401 - TLS Mutual
s_connection: verify depth is 1
Handshake duration: 293.70 ms
Execution 402 - TLS Mutual
s_connection: verify depth is 1
Handshake duration: 294.50 ms
Execution 403 - TLS Mutual
s_connection: verify depth is 1
Handshake duration: 293.23 ms
Execution 404 - TLS Mutual
s_connection: verify depth is 1
Handshake duration: 317.09 ms
Execution 405 - TLS Mutual
s_connection: verify depth is 1
Handshake duration: 300.53 ms
Execution 406 - TLS Mutual
s_connection: verify depth is 1
Handshake duration: 286.85 ms
Execution 407 - TLS Mutual
s_connection: verify depth is 1
Handshake duration: 318.20 ms
Execution 408 - TLS Mutual
s_connection: verify depth is 1
Handshake duration: 291.91 ms
Execution 409 - TLS Mutual
s_connection: verify depth is 1
Handshake duration: 320.23 ms
Execution 410 - TLS Mutual
s_connection: verify depth is 1
Handshake duration: 319.10 ms
Execution 411 - TLS Mutual
s_connection: verify depth is 1
Handshake duration: 317.84 ms
Execution 412 - TLS Mutual
s_connection: verify depth is 1
Handshake duration: 318.53 ms
Execution 413 - TLS Mutual
s_connection: verify depth is 1
Handshake duration: 293.56 ms
Execution 414 - TLS Mutual
s_connection: verify depth is 1
Handshake duration: 318.67 ms
Execution 415 - TLS Mutual
s_connection: verify depth is 1
Handshake duration: 317.95 ms
Execution 416 - TLS Mutual
s_connection: verify depth is 1
Handshake duration: 319.30 ms
Execution 417 - TLS Mutual
s_connection: verify depth is 1
Handshake duration: 318.11 ms
Execution 418 - TLS Mutual
s_connection: verify depth is 1
Handshake duration: 319.73 ms
Execution 419 - TLS Mutual
s_connection: verify depth is 1
Handshake duration: 315.98 ms
Execution 420 - TLS Mutual
s_connection: verify depth is 1
Handshake duration: 318.87 ms
Execution 421 - TLS Mutual
s_connection: verify depth is 1
Handshake duration: 315.63 ms
Execution 422 - TLS Mutual
s_connection: verify depth is 1
Handshake duration: 317.73 ms
Execution 423 - TLS Mutual
s_connection: verify depth is 1
Handshake duration: 316.97 ms
Execution 424 - TLS Mutual
s_connection: verify depth is 1
Handshake duration: 317.52 ms
Execution 425 - TLS Mutual
s_connection: verify depth is 1
Handshake duration: 314.71 ms
Execution 426 - TLS Mutual
s_connection: verify depth is 1
Handshake duration: 318.93 ms
Execution 427 - TLS Mutual
s_connection: verify depth is 1
Handshake duration: 294.56 ms
Execution 428 - TLS Mutual
s_connection: verify depth is 1
Handshake duration: 316.66 ms
Execution 429 - TLS Mutual
s_connection: verify depth is 1
Handshake duration: 318.36 ms
Execution 430 - TLS Mutual
s_connection: verify depth is 1
Handshake duration: 317.14 ms
Execution 431 - TLS Mutual
s_connection: verify depth is 1
Handshake duration: 316.30 ms
Execution 432 - TLS Mutual
s_connection: verify depth is 1
Handshake duration: 315.86 ms
Execution 433 - TLS Mutual
s_connection: verify depth is 1
Handshake duration: 316.59 ms
Execution 434 - TLS Mutual
s_connection: verify depth is 1
Handshake duration: 307.12 ms
Execution 435 - TLS Mutual
s_connection: verify depth is 1
Handshake duration: 294.79 ms
Execution 436 - TLS Mutual
s_connection: verify depth is 1
Handshake duration: 317.34 ms
Execution 437 - TLS Mutual
s_connection: verify depth is 1
Handshake duration: 315.47 ms
Execution 438 - TLS Mutual
s_connection: verify depth is 1
Handshake duration: 316.89 ms
Execution 439 - TLS Mutual
s_connection: verify depth is 1
Handshake duration: 291.31 ms
Execution 440 - TLS Mutual
s_connection: verify depth is 1
Handshake duration: 315.85 ms
Execution 441 - TLS Mutual
s_connection: verify depth is 1
Handshake duration: 293.40 ms
Execution 442 - TLS Mutual
s_connection: verify depth is 1
Handshake duration: 316.22 ms
Execution 443 - TLS Mutual
s_connection: verify depth is 1
Handshake duration: 317.21 ms
Execution 444 - TLS Mutual
s_connection: verify depth is 1
Handshake duration: 316.55 ms
Execution 445 - TLS Mutual
s_connection: verify depth is 1
Handshake duration: 318.38 ms
Execution 446 - TLS Mutual
s_connection: verify depth is 1
Handshake duration: 314.23 ms
Execution 447 - TLS Mutual
s_connection: verify depth is 1
Handshake duration: 316.80 ms
Execution 448 - TLS Mutual
s_connection: verify depth is 1
Handshake duration: 316.53 ms
Execution 449 - TLS Mutual
s_connection: verify depth is 1
Handshake duration: 293.97 ms
Execution 450 - TLS Mutual
s_connection: verify depth is 1
Handshake duration: 312.79 ms
Execution 451 - TLS Mutual
s_connection: verify depth is 1
Handshake duration: 318.64 ms
Execution 452 - TLS Mutual
s_connection: verify depth is 1
Handshake duration: 293.02 ms
Execution 453 - TLS Mutual
s_connection: verify depth is 1
Handshake duration: 313.50 ms
Execution 454 - TLS Mutual
s_connection: verify depth is 1
Handshake duration: 316.27 ms
Execution 455 - TLS Mutual
s_connection: verify depth is 1
Handshake duration: 318.58 ms
Execution 456 - TLS Mutual
s_connection: verify depth is 1
Handshake duration: 292.90 ms
Execution 457 - TLS Mutual
s_connection: verify depth is 1
Handshake duration: 317.73 ms
Execution 458 - TLS Mutual
s_connection: verify depth is 1
Handshake duration: 314.71 ms
Execution 459 - TLS Mutual
s_connection: verify depth is 1
Handshake duration: 317.12 ms
Execution 460 - TLS Mutual
s_connection: verify depth is 1
Handshake duration: 317.73 ms
Execution 461 - TLS Mutual
s_connection: verify depth is 1
Handshake duration: 318.99 ms
Execution 462 - TLS Mutual
s_connection: verify depth is 1
Handshake duration: 316.45 ms
Execution 463 - TLS Mutual
s_connection: verify depth is 1
Handshake duration: 315.73 ms
Execution 464 - TLS Mutual
s_connection: verify depth is 1
Handshake duration: 316.22 ms
Execution 465 - TLS Mutual
s_connection: verify depth is 1
Handshake duration: 314.74 ms
Execution 466 - TLS Mutual
s_connection: verify depth is 1
Handshake duration: 318.02 ms
Execution 467 - TLS Mutual
s_connection: verify depth is 1
Handshake duration: 316.79 ms
Execution 468 - TLS Mutual
s_connection: verify depth is 1
Handshake duration: 313.20 ms
Execution 469 - TLS Mutual
s_connection: verify depth is 1
Handshake duration: 316.63 ms
Execution 470 - TLS Mutual
s_connection: verify depth is 1
Handshake duration: 314.61 ms
Execution 471 - TLS Mutual
s_connection: verify depth is 1
Handshake duration: 318.09 ms
Execution 472 - TLS Mutual
s_connection: verify depth is 1
Handshake duration: 315.28 ms
Execution 473 - TLS Mutual
s_connection: verify depth is 1
Handshake duration: 316.75 ms
Execution 474 - TLS Mutual
s_connection: verify depth is 1
Handshake duration: 316.32 ms
Execution 475 - TLS Mutual
s_connection: verify depth is 1
Handshake duration: 319.02 ms
Execution 476 - TLS Mutual
s_connection: verify depth is 1
Handshake duration: 314.91 ms
Execution 477 - TLS Mutual
s_connection: verify depth is 1
Handshake duration: 318.24 ms
Execution 478 - TLS Mutual
s_connection: verify depth is 1
Handshake duration: 316.58 ms
Execution 479 - TLS Mutual
s_connection: verify depth is 1
Handshake duration: 315.53 ms
Execution 480 - TLS Mutual
s_connection: verify depth is 1
Handshake duration: 311.88 ms
Execution 481 - TLS Mutual
s_connection: verify depth is 1
Handshake duration: 315.77 ms
Execution 482 - TLS Mutual
s_connection: verify depth is 1
Handshake duration: 293.34 ms
Execution 483 - TLS Mutual
s_connection: verify depth is 1
Handshake duration: 318.87 ms
Execution 484 - TLS Mutual
s_connection: verify depth is 1
Handshake duration: 320.64 ms
Execution 485 - TLS Mutual
s_connection: verify depth is 1
Handshake duration: 317.19 ms
Execution 486 - TLS Mutual
s_connection: verify depth is 1
Handshake duration: 308.42 ms
Execution 487 - TLS Mutual
s_connection: verify depth is 1
Handshake duration: 315.38 ms
Execution 488 - TLS Mutual
s_connection: verify depth is 1
Handshake duration: 320.09 ms
Execution 489 - TLS Mutual
s_connection: verify depth is 1
Handshake duration: 293.99 ms
Execution 490 - TLS Mutual
s_connection: verify depth is 1
Handshake duration: 319.42 ms
Execution 491 - TLS Mutual
s_connection: verify depth is 1
Handshake duration: 316.34 ms
Execution 492 - TLS Mutual
s_connection: verify depth is 1
Handshake duration: 314.97 ms
Execution 493 - TLS Mutual
s_connection: verify depth is 1
Handshake duration: 314.89 ms
Execution 494 - TLS Mutual
s_connection: verify depth is 1
Handshake duration: 317.94 ms
Execution 495 - TLS Mutual
s_connection: verify depth is 1
Handshake duration: 315.31 ms
Execution 496 - TLS Mutual
s_connection: verify depth is 1
Handshake duration: 315.68 ms
Execution 497 - TLS Mutual
s_connection: verify depth is 1
Handshake duration: 314.64 ms
Execution 498 - TLS Mutual
s_connection: verify depth is 1
Handshake duration: 319.46 ms
Execution 499 - TLS Mutual
s_connection: verify depth is 1
Handshake duration: 314.70 ms
Execution 500 - TLS Mutual
s_connection: verify depth is 1
Handshake duration: 317.09 ms
