Handshake timeout budget: 150s (identique TLS/QUIC)
Applying netem rules to lo...
Showing qdisc status for the interface: lo
qdisc netem 8ffd: root refcnt 2 limit 1000 seed 8468385106530636843
 Sent 0 bytes 0 pkt (dropped 0, overlimits 0 requeues 0) 
 backlog 0b 0p requeues 0
Running ./perftestClientTlsQuic.sh with SIG_ALG=secp384r1 and KEM_ALG=x448_hqc192
Execution 1 - TLS Mutual
s_connection: verify depth is 1
Handshake duration: 468.82 ms
Execution 2 - TLS Mutual
s_connection: verify depth is 1
Handshake duration: 366.98 ms
Execution 3 - TLS Mutual
s_connection: verify depth is 1
Handshake duration: 344.15 ms
Execution 4 - TLS Mutual
s_connection: verify depth is 1
Handshake duration: 367.52 ms
Execution 5 - TLS Mutual
s_connection: verify depth is 1
Handshake duration: 342.29 ms
Execution 6 - TLS Mutual
s_connection: verify depth is 1
Handshake duration: 368.97 ms
Execution 7 - TLS Mutual
s_connection: verify depth is 1
Handshake duration: 493.11 ms
Execution 8 - TLS Mutual
s_connection: verify depth is 1
Handshake duration: 366.72 ms
Execution 9 - TLS Mutual
s_connection: verify depth is 1
Handshake duration: 496.51 ms
Execution 10 - TLS Mutual
s_connection: verify depth is 1
Handshake duration: 364.27 ms
Execution 11 - TLS Mutual
s_connection: verify depth is 1
Handshake duration: 365.75 ms
Execution 12 - TLS Mutual
s_connection: verify depth is 1
Handshake duration: 340.74 ms
Execution 13 - TLS Mutual
s_connection: verify depth is 1
Handshake duration: 341.91 ms
Execution 14 - TLS Mutual
s_connection: verify depth is 1
Handshake duration: 367.80 ms
Execution 15 - TLS Mutual
s_connection: verify depth is 1
Handshake duration: 364.23 ms
Execution 16 - TLS Mutual
s_connection: verify depth is 1
Handshake duration: 374.38 ms
Execution 17 - TLS Mutual
s_connection: verify depth is 1
Handshake duration: 343.31 ms
Execution 18 - TLS Mutual
s_connection: verify depth is 1
Handshake duration: 366.15 ms
Execution 19 - TLS Mutual
s_connection: verify depth is 1
Handshake duration: 369.85 ms
Execution 20 - TLS Mutual
s_connection: verify depth is 1
Handshake duration: 341.65 ms
Execution 21 - TLS Mutual
s_connection: verify depth is 1
Handshake duration: 370.72 ms
Execution 22 - TLS Mutual
s_connection: verify depth is 1
Handshake duration: 346.49 ms
Execution 23 - TLS Mutual
s_connection: verify depth is 1
Handshake duration: 368.97 ms
Execution 24 - TLS Mutual
s_connection: verify depth is 1
Handshake duration: 339.80 ms
Execution 25 - TLS Mutual
s_connection: verify depth is 1
Handshake duration: 343.15 ms
Execution 26 - TLS Mutual
s_connection: verify depth is 1
Handshake duration: 347.59 ms
Execution 27 - TLS Mutual
s_connection: verify depth is 1
Handshake duration: 495.64 ms
Execution 28 - TLS Mutual
s_connection: verify depth is 1
Handshake duration: 350.35 ms
Execution 29 - TLS Mutual
s_connection: verify depth is 1
Handshake duration: 366.93 ms
Execution 30 - TLS Mutual
s_connection: verify depth is 1
Handshake duration: 360.59 ms
Execution 31 - TLS Mutual
s_connection: verify depth is 1
Handshake duration: 366.78 ms
Execution 32 - TLS Mutual
s_connection: verify depth is 1
Handshake duration: 367.61 ms
Execution 33 - TLS Mutual
s_connection: verify depth is 1
Handshake duration: 368.00 ms
Execution 34 - TLS Mutual
s_connection: verify depth is 1
Handshake duration: 344.76 ms
Execution 35 - TLS Mutual
s_connection: verify depth is 1
Handshake duration: 505.88 ms
Execution 36 - TLS Mutual
s_connection: verify depth is 1
Handshake duration: 533.65 ms
Execution 37 - TLS Mutual
s_connection: verify depth is 1
Handshake duration: 369.04 ms
Execution 38 - TLS Mutual
s_connection: verify depth is 1
Handshake duration: 345.71 ms
Execution 39 - TLS Mutual
s_connection: verify depth is 1
Handshake duration: 368.07 ms
Execution 40 - TLS Mutual
s_connection: verify depth is 1
Handshake duration: 364.90 ms
Execution 41 - TLS Mutual
s_connection: verify depth is 1
Handshake duration: 364.47 ms
Execution 42 - TLS Mutual
s_connection: verify depth is 1
Handshake duration: 343.17 ms
Execution 43 - TLS Mutual
s_connection: verify depth is 1
Handshake duration: 354.59 ms
Execution 44 - TLS Mutual
s_connection: verify depth is 1
Handshake duration: 366.94 ms
Execution 45 - TLS Mutual
s_connection: verify depth is 1
Handshake duration: 339.63 ms
Execution 46 - TLS Mutual
s_connection: verify depth is 1
Handshake duration: 361.94 ms
Execution 47 - TLS Mutual
s_connection: verify depth is 1
Handshake duration: 471.54 ms
Execution 48 - TLS Mutual
s_connection: verify depth is 1
Handshake duration: 361.10 ms
Execution 49 - TLS Mutual
s_connection: verify depth is 1
Handshake duration: 344.62 ms
Execution 50 - TLS Mutual
s_connection: verify depth is 1
Handshake duration: 367.42 ms
Execution 51 - TLS Mutual
s_connection: verify depth is 1
Handshake duration: 333.24 ms
Execution 52 - TLS Mutual
s_connection: verify depth is 1
Handshake duration: 370.57 ms
Execution 53 - TLS Mutual
s_connection: verify depth is 1
Handshake duration: 363.75 ms
Execution 54 - TLS Mutual
s_connection: verify depth is 1
Handshake duration: 368.76 ms
Execution 55 - TLS Mutual
s_connection: verify depth is 1
Handshake duration: 369.72 ms
Execution 56 - TLS Mutual
s_connection: verify depth is 1
Handshake duration: 653.95 ms
Execution 57 - TLS Mutual
s_connection: verify depth is 1
Handshake duration: 345.41 ms
Execution 58 - TLS Mutual
s_connection: verify depth is 1
Handshake duration: 371.86 ms
Execution 59 - TLS Mutual
s_connection: verify depth is 1
Handshake duration: 344.67 ms
Execution 60 - TLS Mutual
s_connection: verify depth is 1
Handshake duration: 363.22 ms
Execution 61 - TLS Mutual
s_connection: verify depth is 1
Handshake duration: 367.32 ms
Execution 62 - TLS Mutual
s_connection: verify depth is 1
Handshake duration: 368.15 ms
Execution 63 - TLS Mutual
s_connection: verify depth is 1
Handshake duration: 348.36 ms
Execution 64 - TLS Mutual
s_connection: verify depth is 1
Handshake duration: 343.38 ms
Execution 65 - TLS Mutual
s_connection: verify depth is 1
Handshake duration: 306.42 ms
Execution 66 - TLS Mutual
s_connection: verify depth is 1
Handshake duration: 368.78 ms
Execution 67 - TLS Mutual
s_connection: verify depth is 1
Handshake duration: 369.37 ms
Execution 68 - TLS Mutual
s_connection: verify depth is 1
Handshake duration: 367.54 ms
Execution 69 - TLS Mutual
s_connection: verify depth is 1
Handshake duration: 364.41 ms
Execution 70 - TLS Mutual
s_connection: verify depth is 1
Handshake duration: 369.93 ms
Execution 71 - TLS Mutual
s_connection: verify depth is 1
Handshake duration: 329.25 ms
Execution 72 - TLS Mutual
s_connection: verify depth is 1
Handshake duration: 367.80 ms
Execution 73 - TLS Mutual
s_connection: verify depth is 1
Handshake duration: 367.27 ms
Execution 74 - TLS Mutual
s_connection: verify depth is 1
Handshake duration: 345.26 ms
Execution 75 - TLS Mutual
s_connection: verify depth is 1
Handshake duration: 370.23 ms
Execution 76 - TLS Mutual
s_connection: verify depth is 1
Handshake duration: 365.89 ms
Execution 77 - TLS Mutual
s_connection: verify depth is 1
Handshake duration: 366.08 ms
Execution 78 - TLS Mutual
s_connection: verify depth is 1
Handshake duration: 368.01 ms
Execution 79 - TLS Mutual
s_connection: verify depth is 1
Handshake duration: 338.38 ms
Execution 80 - TLS Mutual
s_connection: verify depth is 1
Handshake duration: 334.48 ms
Execution 81 - TLS Mutual
s_connection: verify depth is 1
Handshake duration: 346.76 ms
Execution 82 - TLS Mutual
s_connection: verify depth is 1
Handshake duration: 375.05 ms
Execution 83 - TLS Mutual
s_connection: verify depth is 1
Handshake duration: 976.49 ms
Execution 84 - TLS Mutual
s_connection: verify depth is 1
Handshake duration: 353.07 ms
Execution 85 - TLS Mutual
s_connection: verify depth is 1
Handshake duration: 359.27 ms
Execution 86 - TLS Mutual
s_connection: verify depth is 1
Handshake duration: 365.20 ms
Execution 87 - TLS Mutual
s_connection: verify depth is 1
Handshake duration: 370.08 ms
Execution 88 - TLS Mutual
s_connection: verify depth is 1
Handshake duration: 339.11 ms
Execution 89 - TLS Mutual
s_connection: verify depth is 1
Handshake duration: 319.82 ms
Execution 90 - TLS Mutual
s_connection: verify depth is 1
Handshake duration: 370.85 ms
Execution 91 - TLS Mutual
s_connection: verify depth is 1
Handshake duration: 370.40 ms
Execution 92 - TLS Mutual
s_connection: verify depth is 1
Handshake duration: 363.02 ms
Execution 93 - TLS Mutual
s_connection: verify depth is 1
Handshake duration: 361.65 ms
Execution 94 - TLS Mutual
s_connection: verify depth is 1
Handshake duration: 344.90 ms
Execution 95 - TLS Mutual
s_connection: verify depth is 1
Handshake duration: 348.34 ms
Execution 96 - TLS Mutual
s_connection: verify depth is 1
Handshake duration: 367.26 ms
Execution 97 - TLS Mutual
s_connection: verify depth is 1
Handshake duration: 368.29 ms
Execution 98 - TLS Mutual
s_connection: verify depth is 1
Handshake duration: 361.19 ms
Execution 99 - TLS Mutual
s_connection: verify depth is 1
Handshake duration: 343.46 ms
Execution 100 - TLS Mutual
s_connection: verify depth is 1
Handshake duration: 364.05 ms
Execution 101 - TLS Mutual
s_connection: verify depth is 1
Handshake duration: 345.37 ms
Execution 102 - TLS Mutual
s_connection: verify depth is 1
Handshake duration: 341.71 ms
Execution 103 - TLS Mutual
s_connection: verify depth is 1
Handshake duration: 340.15 ms
Execution 104 - TLS Mutual
s_connection: verify depth is 1
Handshake duration: 370.53 ms
Execution 105 - TLS Mutual
s_connection: verify depth is 1
Handshake duration: 346.18 ms
Execution 106 - TLS Mutual
s_connection: verify depth is 1
Handshake duration: 366.75 ms
Execution 107 - TLS Mutual
s_connection: verify depth is 1
Handshake duration: 367.79 ms
Execution 108 - TLS Mutual
s_connection: verify depth is 1
Handshake duration: 368.17 ms
Execution 109 - TLS Mutual
s_connection: verify depth is 1
Handshake duration: 341.07 ms
Execution 110 - TLS Mutual
s_connection: verify depth is 1
Handshake duration: 371.91 ms
Execution 111 - TLS Mutual
s_connection: verify depth is 1
Handshake duration: 369.79 ms
Execution 112 - TLS Mutual
s_connection: verify depth is 1
Handshake duration: 344.42 ms
Execution 113 - TLS Mutual
s_connection: verify depth is 1
Handshake duration: 473.71 ms
Execution 114 - TLS Mutual
s_connection: verify depth is 1
Handshake duration: 319.61 ms
Execution 115 - TLS Mutual
s_connection: verify depth is 1
Handshake duration: 368.98 ms
Execution 116 - TLS Mutual
s_connection: verify depth is 1
Handshake duration: 367.03 ms
Execution 117 - TLS Mutual
s_connection: verify depth is 1
Handshake duration: 340.45 ms
Execution 118 - TLS Mutual
s_connection: verify depth is 1
Handshake duration: 368.61 ms
Execution 119 - TLS Mutual
s_connection: verify depth is 1
Handshake duration: 368.50 ms
Execution 120 - TLS Mutual
s_connection: verify depth is 1
Handshake duration: 364.77 ms
Execution 121 - TLS Mutual
s_connection: verify depth is 1
Handshake duration: 366.58 ms
Execution 122 - TLS Mutual
s_connection: verify depth is 1
Handshake duration: 328.40 ms
Execution 123 - TLS Mutual
s_connection: verify depth is 1
Handshake duration: 370.52 ms
Execution 124 - TLS Mutual
s_connection: verify depth is 1
Handshake duration: 368.46 ms
Execution 125 - TLS Mutual
s_connection: verify depth is 1
Handshake duration: 346.70 ms
