Handshake timeout budget: 150s (identique TLS/QUIC)
Applying netem rules to lo...
Showing qdisc status for the interface: lo
qdisc netem 89c3: root refcnt 2 limit 1000 seed 6795787422881889853
 Sent 0 bytes 0 pkt (dropped 0, overlimits 0 requeues 0) 
 backlog 0b 0p requeues 0
Running ./perftestClientTlsQuic.sh with SIG_ALG=mldsa65 and KEM_ALG=mlkem768
Execution 1 - TLS Mutual
s_connection: verify depth is 1
Handshake duration: 441.77 ms
Execution 2 - TLS Mutual
s_connection: verify depth is 1
Handshake duration: 439.23 ms
Execution 3 - TLS Mutual
s_connection: verify depth is 1
Handshake duration: 294.24 ms
Execution 4 - TLS Mutual
s_connection: verify depth is 1
Handshake duration: 315.80 ms
Execution 5 - TLS Mutual
s_connection: verify depth is 1
Handshake duration: 314.68 ms
Execution 6 - TLS Mutual
s_connection: verify depth is 1
Handshake duration: 315.14 ms
Execution 7 - TLS Mutual
s_connection: verify depth is 1
Handshake duration: 317.02 ms
Execution 8 - TLS Mutual
s_connection: verify depth is 1
Handshake duration: 320.15 ms
Execution 9 - TLS Mutual
s_connection: verify depth is 1
Handshake duration: 293.84 ms
Execution 10 - TLS Mutual
s_connection: verify depth is 1
Handshake duration: 318.38 ms
Execution 11 - TLS Mutual
s_connection: verify depth is 1
Handshake duration: 314.87 ms
Execution 12 - TLS Mutual
s_connection: verify depth is 1
Handshake duration: 319.85 ms
Execution 13 - TLS Mutual
s_connection: verify depth is 1
Handshake duration: 314.99 ms
Execution 14 - TLS Mutual
s_connection: verify depth is 1
Handshake duration: 318.56 ms
Execution 15 - TLS Mutual
s_connection: verify depth is 1
Handshake duration: 312.04 ms
Execution 16 - TLS Mutual
s_connection: verify depth is 1
Handshake duration: 317.60 ms
Execution 17 - TLS Mutual
s_connection: verify depth is 1
Handshake duration: 310.86 ms
Execution 18 - TLS Mutual
s_connection: verify depth is 1
Handshake duration: 312.76 ms
Execution 19 - TLS Mutual
s_connection: verify depth is 1
Handshake duration: 294.35 ms
Execution 20 - TLS Mutual
s_connection: verify depth is 1
Handshake duration: 316.54 ms
Execution 21 - TLS Mutual
s_connection: verify depth is 1
Handshake duration: 316.65 ms
Execution 22 - TLS Mutual
s_connection: verify depth is 1
Handshake duration: 314.17 ms
Execution 23 - TLS Mutual
s_connection: verify depth is 1
Handshake duration: 315.72 ms
Execution 24 - TLS Mutual
s_connection: verify depth is 1
Handshake duration: 316.81 ms
Execution 25 - TLS Mutual
s_connection: verify depth is 1
Handshake duration: 318.07 ms
Execution 26 - TLS Mutual
s_connection: verify depth is 1
Handshake duration: 316.61 ms
Execution 27 - TLS Mutual
s_connection: verify depth is 1
Handshake duration: 318.15 ms
Execution 28 - TLS Mutual
s_connection: verify depth is 1
Handshake duration: 319.24 ms
Execution 29 - TLS Mutual
s_connection: verify depth is 1
Handshake duration: 316.34 ms
Execution 30 - TLS Mutual
s_connection: verify depth is 1
Handshake duration: 317.15 ms
Execution 31 - TLS Mutual
s_connection: verify depth is 1
Handshake duration: 314.75 ms
Execution 32 - TLS Mutual
s_connection: verify depth is 1
Handshake duration: 318.20 ms
Execution 33 - TLS Mutual
s_connection: verify depth is 1
Handshake duration: 316.43 ms
Execution 34 - TLS Mutual
s_connection: verify depth is 1
Handshake duration: 825.45 ms
Execution 35 - TLS Mutual
s_connection: verify depth is 1
Handshake duration: 316.06 ms
Execution 36 - TLS Mutual
s_connection: verify depth is 1
Handshake duration: 442.44 ms
Execution 37 - TLS Mutual
s_connection: verify depth is 1
Handshake duration: 318.41 ms
Execution 38 - TLS Mutual
s_connection: verify depth is 1
Handshake duration: 295.75 ms
Execution 39 - TLS Mutual
s_connection: verify depth is 1
Handshake duration: 293.62 ms
Execution 40 - TLS Mutual
s_connection: verify depth is 1
Handshake duration: 293.61 ms
Execution 41 - TLS Mutual
s_connection: verify depth is 1
Handshake duration: 315.55 ms
Execution 42 - TLS Mutual
s_connection: verify depth is 1
Handshake duration: 314.85 ms
Execution 43 - TLS Mutual
s_connection: verify depth is 1
Handshake duration: 294.01 ms
Execution 44 - TLS Mutual
s_connection: verify depth is 1
Handshake duration: 315.89 ms
Execution 45 - TLS Mutual
s_connection: verify depth is 1
Handshake duration: 318.41 ms
Execution 46 - TLS Mutual
s_connection: verify depth is 1
Handshake duration: 319.53 ms
Execution 47 - TLS Mutual
s_connection: verify depth is 1
Handshake duration: 294.32 ms
Execution 48 - TLS Mutual
s_connection: verify depth is 1
Handshake duration: 314.82 ms
Execution 49 - TLS Mutual
s_connection: verify depth is 1
Handshake duration: 318.89 ms
Execution 50 - TLS Mutual
s_connection: verify depth is 1
Handshake duration: 319.14 ms
Execution 51 - TLS Mutual
s_connection: verify depth is 1
Handshake duration: 317.73 ms
Execution 52 - TLS Mutual
s_connection: verify depth is 1
Handshake duration: 291.04 ms
Execution 53 - TLS Mutual
s_connection: verify depth is 1
Handshake duration: 477.99 ms
Execution 54 - TLS Mutual
s_connection: verify depth is 1
Handshake duration: 318.01 ms
Execution 55 - TLS Mutual
s_connection: verify depth is 1
Handshake duration: 318.39 ms
Execution 56 - TLS Mutual
s_connection: verify depth is 1
Handshake duration: 318.58 ms
Execution 57 - TLS Mutual
s_connection: verify depth is 1
Handshake duration: 318.77 ms
Execution 58 - TLS Mutual
s_connection: verify depth is 1
Handshake duration: 296.11 ms
Execution 59 - TLS Mutual
s_connection: verify depth is 1
Handshake duration: 315.77 ms
Execution 60 - TLS Mutual
s_connection: verify depth is 1
Handshake duration: 314.93 ms
Execution 61 - TLS Mutual
s_connection: verify depth is 1
Handshake duration: 315.13 ms
Execution 62 - TLS Mutual
s_connection: verify depth is 1
Handshake duration: 441.91 ms
Execution 63 - TLS Mutual
s_connection: verify depth is 1
Handshake duration: 319.39 ms
Execution 64 - TLS Mutual
s_connection: verify depth is 1
Handshake duration: 318.28 ms
Execution 65 - TLS Mutual
s_connection: verify depth is 1
Handshake duration: 314.17 ms
Execution 66 - TLS Mutual
s_connection: verify depth is 1
Handshake duration: 317.79 ms
Execution 67 - TLS Mutual
s_connection: verify depth is 1
Handshake duration: 800.57 ms
Execution 68 - TLS Mutual
s_connection: verify depth is 1
Handshake duration: 315.94 ms
Execution 69 - TLS Mutual
s_connection: verify depth is 1
Handshake duration: 318.13 ms
Execution 70 - TLS Mutual
s_connection: verify depth is 1
Handshake duration: 317.06 ms
Execution 71 - TLS Mutual
s_connection: verify depth is 1
Handshake duration: 318.81 ms
Execution 72 - TLS Mutual
s_connection: verify depth is 1
Handshake duration: 453.96 ms
Execution 73 - TLS Mutual
s_connection: verify depth is 1
Handshake duration: 315.85 ms
Execution 74 - TLS Mutual
s_connection: verify depth is 1
Handshake duration: 314.76 ms
Execution 75 - TLS Mutual
s_connection: verify depth is 1
Handshake duration: 292.93 ms
Execution 76 - TLS Mutual
s_connection: verify depth is 1
Handshake duration: 296.84 ms
Execution 77 - TLS Mutual
s_connection: verify depth is 1
Handshake duration: 313.63 ms
Execution 78 - TLS Mutual
s_connection: verify depth is 1
Handshake duration: 282.85 ms
Execution 79 - TLS Mutual
s_connection: verify depth is 1
Handshake duration: 306.13 ms
Execution 80 - TLS Mutual
s_connection: verify depth is 1
Handshake duration: 316.73 ms
Execution 81 - TLS Mutual
s_connection: verify depth is 1
Handshake duration: 316.04 ms
Execution 82 - TLS Mutual
s_connection: verify depth is 1
Handshake duration: 316.48 ms
Execution 83 - TLS Mutual
s_connection: verify depth is 1
Handshake duration: 318.77 ms
Execution 84 - TLS Mutual
s_connection: verify depth is 1
Handshake duration: 318.15 ms
Execution 85 - TLS Mutual
s_connection: verify depth is 1
Handshake duration: 313.05 ms
Execution 86 - TLS Mutual
s_connection: verify depth is 1
Handshake duration: 293.25 ms
Execution 87 - TLS Mutual
s_connection: verify depth is 1
Handshake duration: 312.45 ms
Execution 88 - TLS Mutual
s_connection: verify depth is 1
Handshake duration: 314.18 ms
Execution 89 - TLS Mutual
s_connection: verify depth is 1
Handshake duration: 313.15 ms
Execution 90 - TLS Mutual
s_connection: verify depth is 1
Handshake duration: 453.60 ms
Execution 91 - TLS Mutual
s_connection: verify depth is 1
Handshake duration: 316.02 ms
Execution 92 - TLS Mutual
s_connection: verify depth is 1
Handshake duration: 317.62 ms
Execution 93 - TLS Mutual
s_connection: verify depth is 1
Handshake duration: 316.20 ms
Execution 94 - TLS Mutual
s_connection: verify depth is 1
Handshake duration: 441.92 ms
Execution 95 - TLS Mutual
s_connection: verify depth is 1
Handshake duration: 316.92 ms
Execution 96 - TLS Mutual
s_connection: verify depth is 1
Handshake duration: 320.23 ms
Execution 97 - TLS Mutual
s_connection: verify depth is 1
Handshake duration: 319.02 ms
Execution 98 - TLS Mutual
s_connection: verify depth is 1
Handshake duration: 1354.37 ms
Execution 99 - TLS Mutual
s_connection: verify depth is 1
Handshake duration: 318.21 ms
Execution 100 - TLS Mutual
s_connection: verify depth is 1
Handshake duration: 317.73 ms
Execution 101 - TLS Mutual
s_connection: verify depth is 1
Handshake duration: 420.02 ms
Execution 102 - TLS Mutual
s_connection: verify depth is 1
Handshake duration: 313.36 ms
Execution 103 - TLS Mutual
s_connection: verify depth is 1
Handshake duration: 293.28 ms
Execution 104 - TLS Mutual
s_connection: verify depth is 1
Handshake duration: 316.44 ms
Execution 105 - TLS Mutual
s_connection: verify depth is 1
Handshake duration: 320.73 ms
Execution 106 - TLS Mutual
s_connection: verify depth is 1
Handshake duration: 443.82 ms
Execution 107 - TLS Mutual
s_connection: verify depth is 1
Handshake duration: 313.64 ms
Execution 108 - TLS Mutual
s_connection: verify depth is 1
Handshake duration: 441.08 ms
Execution 109 - TLS Mutual
s_connection: verify depth is 1
Handshake duration: 315.45 ms
Execution 110 - TLS Mutual
s_connection: verify depth is 1
Handshake duration: 317.06 ms
Execution 111 - TLS Mutual
s_connection: verify depth is 1
Handshake duration: 315.53 ms
Execution 112 - TLS Mutual
s_connection: verify depth is 1
Handshake duration: 291.10 ms
Execution 113 - TLS Mutual
s_connection: verify depth is 1
Handshake duration: 317.33 ms
Execution 114 - TLS Mutual
s_connection: verify depth is 1
Handshake duration: 314.81 ms
Execution 115 - TLS Mutual
s_connection: verify depth is 1
Handshake duration: 315.24 ms
Execution 116 - TLS Mutual
s_connection: verify depth is 1
Handshake duration: 314.46 ms
Execution 117 - TLS Mutual
s_connection: verify depth is 1
Handshake duration: 315.89 ms
Execution 118 - TLS Mutual
s_connection: verify depth is 1
Handshake duration: 319.41 ms
Execution 119 - TLS Mutual
s_connection: verify depth is 1
Handshake duration: 315.62 ms
Execution 120 - TLS Mutual
s_connection: verify depth is 1
Handshake duration: 310.18 ms
Execution 121 - TLS Mutual
s_connection: verify depth is 1
Handshake duration: 317.55 ms
Execution 122 - TLS Mutual
s_connection: verify depth is 1
Handshake duration: 317.37 ms
Execution 123 - TLS Mutual
s_connection: verify depth is 1
Handshake duration: 313.96 ms
Execution 124 - TLS Mutual
s_connection: verify depth is 1
Handshake duration: 318.69 ms
Execution 125 - TLS Mutual
s_connection: verify depth is 1
Handshake duration: 319.30 ms
