Handshake timeout budget: 150s (identique TLS/QUIC)
Applying netem rules to lo...
Showing qdisc status for the interface: lo
qdisc netem 8a0b: root refcnt 2 limit 1000 seed 14132863231466229002
 Sent 0 bytes 0 pkt (dropped 0, overlimits 0 requeues 0) 
 backlog 0b 0p requeues 0
Running ./perftestClientTlsQuic.sh with SIG_ALG=ed25519 and KEM_ALG=P-256
Execution 1 - TLS Mutual
s_connection: verify depth is 1
Handshake duration: 395.57 ms
Execution 2 - TLS Mutual
s_connection: verify depth is 1
Handshake duration: 269.08 ms
Execution 3 - TLS Mutual
s_connection: verify depth is 1
Handshake duration: 268.17 ms
Execution 4 - TLS Mutual
s_connection: verify depth is 1
Handshake duration: 267.81 ms
Execution 5 - TLS Mutual
s_connection: verify depth is 1
Handshake duration: 268.05 ms
Execution 6 - TLS Mutual
s_connection: verify depth is 1
Handshake duration: 269.06 ms
Execution 7 - TLS Mutual
s_connection: verify depth is 1
Handshake duration: 267.96 ms
Execution 8 - TLS Mutual
s_connection: verify depth is 1
Handshake duration: 267.82 ms
Execution 9 - TLS Mutual
s_connection: verify depth is 1
Handshake duration: 267.94 ms
Execution 10 - TLS Mutual
s_connection: verify depth is 1
Handshake duration: 268.19 ms
Execution 11 - TLS Mutual
s_connection: verify depth is 1
Handshake duration: 268.14 ms
Execution 12 - TLS Mutual
s_connection: verify depth is 1
Handshake duration: 260.72 ms
Execution 13 - TLS Mutual
s_connection: verify depth is 1
Handshake duration: 267.97 ms
Execution 14 - TLS Mutual
s_connection: verify depth is 1
Handshake duration: 268.18 ms
Execution 15 - TLS Mutual
s_connection: verify depth is 1
Handshake duration: 268.59 ms
Execution 16 - TLS Mutual
s_connection: verify depth is 1
Handshake duration: 268.60 ms
Execution 17 - TLS Mutual
s_connection: verify depth is 1
Handshake duration: 268.98 ms
Execution 18 - TLS Mutual
s_connection: verify depth is 1
Handshake duration: 268.72 ms
Execution 19 - TLS Mutual
s_connection: verify depth is 1
Handshake duration: 644.50 ms
Execution 20 - TLS Mutual
s_connection: verify depth is 1
Handshake duration: 267.74 ms
Execution 21 - TLS Mutual
s_connection: verify depth is 1
Handshake duration: 261.06 ms
Execution 22 - TLS Mutual
s_connection: verify depth is 1
Handshake duration: 268.12 ms
Execution 23 - TLS Mutual
s_connection: verify depth is 1
Handshake duration: 268.89 ms
Execution 24 - TLS Mutual
s_connection: verify depth is 1
Handshake duration: 268.33 ms
Execution 25 - TLS Mutual
s_connection: verify depth is 1
Handshake duration: 262.31 ms
Execution 26 - TLS Mutual
s_connection: verify depth is 1
Handshake duration: 259.45 ms
Execution 27 - TLS Mutual
s_connection: verify depth is 1
Handshake duration: 261.49 ms
Execution 28 - TLS Mutual
s_connection: verify depth is 1
Handshake duration: 267.85 ms
Execution 29 - TLS Mutual
s_connection: verify depth is 1
Handshake duration: 268.10 ms
Execution 30 - TLS Mutual
s_connection: verify depth is 1
Handshake duration: 267.87 ms
Execution 31 - TLS Mutual
s_connection: verify depth is 1
Handshake duration: 268.13 ms
Execution 32 - TLS Mutual
s_connection: verify depth is 1
Handshake duration: 267.93 ms
Execution 33 - TLS Mutual
s_connection: verify depth is 1
Handshake duration: 267.60 ms
Execution 34 - TLS Mutual
s_connection: verify depth is 1
Handshake duration: 260.61 ms
Execution 35 - TLS Mutual
s_connection: verify depth is 1
Handshake duration: 267.87 ms
Execution 36 - TLS Mutual
s_connection: verify depth is 1
Handshake duration: 267.93 ms
Execution 37 - TLS Mutual
s_connection: verify depth is 1
Handshake duration: 268.81 ms
Execution 38 - TLS Mutual
s_connection: verify depth is 1
Handshake duration: 1271.21 ms
Execution 39 - TLS Mutual
s_connection: verify depth is 1
Handshake duration: 267.90 ms
Execution 40 - TLS Mutual
s_connection: verify depth is 1
Handshake duration: 261.02 ms
Execution 41 - TLS Mutual
s_connection: verify depth is 1
Handshake duration: 267.60 ms
Execution 42 - TLS Mutual
s_connection: verify depth is 1
Handshake duration: 267.61 ms
Execution 43 - TLS Mutual
s_connection: verify depth is 1
Handshake duration: 641.07 ms
Execution 44 - TLS Mutual
s_connection: verify depth is 1
Handshake duration: 267.70 ms
Execution 45 - TLS Mutual
s_connection: verify depth is 1
Handshake duration: 267.58 ms
Execution 46 - TLS Mutual
s_connection: verify depth is 1
Handshake duration: 267.78 ms
Execution 47 - TLS Mutual
s_connection: verify depth is 1
Handshake duration: 262.18 ms
Execution 48 - TLS Mutual
s_connection: verify depth is 1
Handshake duration: 268.01 ms
Execution 49 - TLS Mutual
s_connection: verify depth is 1
Handshake duration: 269.33 ms
Execution 50 - TLS Mutual
s_connection: verify depth is 1
Handshake duration: 269.93 ms
Execution 51 - TLS Mutual
s_connection: verify depth is 1
Handshake duration: 269.25 ms
Execution 52 - TLS Mutual
s_connection: verify depth is 1
Handshake duration: 269.31 ms
Execution 53 - TLS Mutual
s_connection: verify depth is 1
Handshake duration: 268.07 ms
Execution 54 - TLS Mutual
s_connection: verify depth is 1
Handshake duration: 268.69 ms
Execution 55 - TLS Mutual
s_connection: verify depth is 1
Handshake duration: 263.06 ms
Execution 56 - TLS Mutual
s_connection: verify depth is 1
Handshake duration: 268.98 ms
Execution 57 - TLS Mutual
s_connection: verify depth is 1
Handshake duration: 255.84 ms
Execution 58 - TLS Mutual
s_connection: verify depth is 1
Handshake duration: 267.42 ms
Execution 59 - TLS Mutual
s_connection: verify depth is 1
Handshake duration: 267.80 ms
Execution 60 - TLS Mutual
s_connection: verify depth is 1
Handshake duration: 267.73 ms
Execution 61 - TLS Mutual
s_connection: verify depth is 1
Handshake duration: 267.90 ms
Execution 62 - TLS Mutual
s_connection: verify depth is 1
Handshake duration: 268.18 ms
Execution 63 - TLS Mutual
s_connection: verify depth is 1
Handshake duration: 269.58 ms
Execution 64 - TLS Mutual
s_connection: verify depth is 1
Handshake duration: 268.67 ms
Execution 65 - TLS Mutual
s_connection: verify depth is 1
Handshake duration: 260.44 ms
Execution 66 - TLS Mutual
s_connection: verify depth is 1
Handshake duration: 267.66 ms
Execution 67 - TLS Mutual
s_connection: verify depth is 1
Handshake duration: 261.31 ms
Execution 68 - TLS Mutual
s_connection: verify depth is 1
Handshake duration: 267.70 ms
Execution 69 - TLS Mutual
s_connection: verify depth is 1
Handshake duration: 262.39 ms
Execution 70 - TLS Mutual
s_connection: verify depth is 1
Handshake duration: 267.72 ms
Execution 71 - TLS Mutual
s_connection: verify depth is 1
Handshake duration: 267.56 ms
Execution 72 - TLS Mutual
s_connection: verify depth is 1
Handshake duration: 1317.49 ms
Execution 73 - TLS Mutual
s_connection: verify depth is 1
Handshake duration: 267.56 ms
Execution 74 - TLS Mutual
s_connection: verify depth is 1
Handshake duration: 268.04 ms
Execution 75 - TLS Mutual
s_connection: verify depth is 1
Handshake duration: 267.79 ms
Execution 76 - TLS Mutual
s_connection: verify depth is 1
Handshake duration: 268.06 ms
Execution 77 - TLS Mutual
s_connection: verify depth is 1
Handshake duration: 267.98 ms
Execution 78 - TLS Mutual
s_connection: verify depth is 1
Handshake duration: 268.44 ms
Execution 79 - TLS Mutual
s_connection: verify depth is 1
Handshake duration: 258.53 ms
Execution 80 - TLS Mutual
s_connection: verify depth is 1
Handshake duration: 268.76 ms
Execution 81 - TLS Mutual
s_connection: verify depth is 1
Handshake duration: 267.96 ms
Execution 82 - TLS Mutual
s_connection: verify depth is 1
Handshake duration: 267.62 ms
Execution 83 - TLS Mutual
s_connection: verify depth is 1
Handshake duration: 268.07 ms
Execution 84 - TLS Mutual
s_connection: verify depth is 1
Handshake duration: 268.06 ms
Execution 85 - TLS Mutual
s_connection: verify depth is 1
Handshake duration: 267.98 ms
Execution 86 - TLS Mutual
s_connection: verify depth is 1
Handshake duration: 260.94 ms
Execution 87 - TLS Mutual
s_connection: verify depth is 1
Handshake duration: 267.89 ms
Execution 88 - TLS Mutual
s_connection: verify depth is 1
Handshake duration: 268.60 ms
Execution 89 - TLS Mutual
s_connection: verify depth is 1
Handshake duration: 261.26 ms
Execution 90 - TLS Mutual
s_connection: verify depth is 1
Handshake duration: 267.93 ms
Execution 91 - TLS Mutual
s_connection: verify depth is 1
Handshake duration: 261.56 ms
Execution 92 - TLS Mutual
s_connection: verify depth is 1
Handshake duration: 268.32 ms
Execution 93 - TLS Mutual
s_connection: verify depth is 1
Handshake duration: 268.31 ms
Execution 94 - TLS Mutual
s_connection: verify depth is 1
Handshake duration: 268.58 ms
Execution 95 - TLS Mutual
s_connection: verify depth is 1
Handshake duration: 268.00 ms
Execution 96 - TLS Mutual
s_connection: verify depth is 1
Handshake duration: 261.22 ms
Execution 97 - TLS Mutual
s_connection: verify depth is 1
Handshake duration: 260.49 ms
Execution 98 - TLS Mutual
s_connection: verify depth is 1
Handshake duration: 266.09 ms
Execution 99 - TLS Mutual
s_connection: verify depth is 1
Handshake duration: 267.94 ms
Execution 100 - TLS Mutual
s_connection: verify depth is 1
Handshake duration: 261.84 ms
Execution 101 - TLS Mutual
s_connection: verify depth is 1
Handshake duration: 267.79 ms
Execution 102 - TLS Mutual
s_connection: verify depth is 1
Handshake duration: 268.76 ms
Execution 103 - TLS Mutual
s_connection: verify depth is 1
Handshake duration: 269.99 ms
Execution 104 - TLS Mutual
s_connection: verify depth is 1
Handshake duration: 268.83 ms
Execution 105 - TLS Mutual
s_connection: verify depth is 1
Handshake duration: 261.86 ms
Execution 106 - TLS Mutual
s_connection: verify depth is 1
Handshake duration: 644.92 ms
Execution 107 - TLS Mutual
s_connection: verify depth is 1
Handshake duration: 268.79 ms
Execution 108 - TLS Mutual
s_connection: verify depth is 1
Handshake duration: 651.63 ms
Execution 109 - TLS Mutual
s_connection: verify depth is 1
Handshake duration: 268.18 ms
Execution 110 - TLS Mutual
s_connection: verify depth is 1
Handshake duration: 260.03 ms
Execution 111 - TLS Mutual
s_connection: verify depth is 1
Handshake duration: 261.48 ms
Execution 112 - TLS Mutual
s_connection: verify depth is 1
Handshake duration: 267.97 ms
Execution 113 - TLS Mutual
s_connection: verify depth is 1
Handshake duration: 261.58 ms
Execution 114 - TLS Mutual
s_connection: verify depth is 1
Handshake duration: 268.23 ms
Execution 115 - TLS Mutual
s_connection: verify depth is 1
Handshake duration: 267.99 ms
Execution 116 - TLS Mutual
s_connection: verify depth is 1
Handshake duration: 262.05 ms
Execution 117 - TLS Mutual
s_connection: verify depth is 1
Handshake duration: 256.89 ms
Execution 118 - TLS Mutual
s_connection: verify depth is 1
Handshake duration: 263.38 ms
Execution 119 - TLS Mutual
s_connection: verify depth is 1
Handshake duration: 268.19 ms
Execution 120 - TLS Mutual
s_connection: verify depth is 1
Handshake duration: 268.30 ms
Execution 121 - TLS Mutual
s_connection: verify depth is 1
Handshake duration: 268.07 ms
Execution 122 - TLS Mutual
s_connection: verify depth is 1
Handshake duration: 267.71 ms
Execution 123 - TLS Mutual
s_connection: verify depth is 1
Handshake duration: 267.99 ms
Execution 124 - TLS Mutual
s_connection: verify depth is 1
Handshake duration: 266.67 ms
Execution 125 - TLS Mutual
s_connection: verify depth is 1
Handshake duration: 268.49 ms
