Handshake timeout budget: 150s (identique TLS/QUIC)
Applying netem rules to lo...
Showing qdisc status for the interface: lo
qdisc netem 8a27: root refcnt 2 limit 1000 seed 6588839448917850135
 Sent 0 bytes 0 pkt (dropped 0, overlimits 0 requeues 0) 
 backlog 0b 0p requeues 0
Running ./perftestClientTlsQuic.sh with SIG_ALG=mldsa65 and KEM_ALG=hqc192
Execution 1 - TLS Mutual
s_connection: verify depth is 1
Handshake duration: 726.31 ms
Execution 2 - TLS Mutual
s_connection: verify depth is 1
Handshake duration: 469.47 ms
Execution 3 - TLS Mutual
s_connection: verify depth is 1
Handshake duration: 495.21 ms
Execution 4 - TLS Mutual
s_connection: verify depth is 1
Handshake duration: 467.49 ms
Execution 5 - TLS Mutual
s_connection: verify depth is 1
Handshake duration: 495.55 ms
Execution 6 - TLS Mutual
s_connection: verify depth is 1
Handshake duration: 473.29 ms
Execution 7 - TLS Mutual
s_connection: verify depth is 1
Handshake duration: 451.44 ms
Execution 8 - TLS Mutual
s_connection: verify depth is 1
Handshake duration: 489.61 ms
Execution 9 - TLS Mutual
s_connection: verify depth is 1
Handshake duration: 473.13 ms
Execution 10 - TLS Mutual
s_connection: verify depth is 1
Handshake duration: 746.90 ms
Execution 11 - TLS Mutual
s_connection: verify depth is 1
Handshake duration: 496.68 ms
Execution 12 - TLS Mutual
s_connection: verify depth is 1
Handshake duration: 474.24 ms
Execution 13 - TLS Mutual
s_connection: verify depth is 1
Handshake duration: 471.70 ms
Execution 14 - TLS Mutual
s_connection: verify depth is 1
Handshake duration: 500.64 ms
Execution 15 - TLS Mutual
s_connection: verify depth is 1
Handshake duration: 495.32 ms
Execution 16 - TLS Mutual
s_connection: verify depth is 1
Handshake duration: 616.17 ms
Execution 17 - TLS Mutual
s_connection: verify depth is 1
Handshake duration: 469.49 ms
Execution 18 - TLS Mutual
s_connection: verify depth is 1
Handshake duration: 496.84 ms
Execution 19 - TLS Mutual
s_connection: verify depth is 1
Handshake duration: 496.60 ms
Execution 20 - TLS Mutual
s_connection: verify depth is 1
Handshake duration: 470.44 ms
Execution 21 - TLS Mutual
s_connection: verify depth is 1
Handshake duration: 479.12 ms
Execution 22 - TLS Mutual
s_connection: verify depth is 1
Handshake duration: 495.50 ms
Execution 23 - TLS Mutual
s_connection: verify depth is 1
Handshake duration: 456.28 ms
Execution 24 - TLS Mutual
s_connection: verify depth is 1
Handshake duration: 495.84 ms
Execution 25 - TLS Mutual
s_connection: verify depth is 1
Handshake duration: 471.82 ms
Execution 26 - TLS Mutual
s_connection: verify depth is 1
Handshake duration: 1002.28 ms
Execution 27 - TLS Mutual
s_connection: verify depth is 1
Handshake duration: 477.30 ms
Execution 28 - TLS Mutual
s_connection: verify depth is 1
Handshake duration: 495.81 ms
Execution 29 - TLS Mutual
s_connection: verify depth is 1
Handshake duration: 495.72 ms
Execution 30 - TLS Mutual
s_connection: verify depth is 1
Handshake duration: 481.53 ms
Execution 31 - TLS Mutual
s_connection: verify depth is 1
Handshake duration: 498.39 ms
Execution 32 - TLS Mutual
s_connection: verify depth is 1
Handshake duration: 496.18 ms
Execution 33 - TLS Mutual
s_connection: verify depth is 1
Handshake duration: 497.30 ms
Execution 34 - TLS Mutual
s_connection: verify depth is 1
Handshake duration: 1527.65 ms
Execution 35 - TLS Mutual
s_connection: verify depth is 1
Handshake duration: 492.56 ms
Execution 36 - TLS Mutual
s_connection: verify depth is 1
Handshake duration: 471.80 ms
Execution 37 - TLS Mutual
s_connection: verify depth is 1
Handshake duration: 471.01 ms
Execution 38 - TLS Mutual
s_connection: verify depth is 1
Handshake duration: 466.87 ms
Execution 39 - TLS Mutual
s_connection: verify depth is 1
Handshake duration: 493.41 ms
Execution 40 - TLS Mutual
s_connection: verify depth is 1
Handshake duration: 493.71 ms
Execution 41 - TLS Mutual
s_connection: verify depth is 1
Handshake duration: 496.04 ms
Execution 42 - TLS Mutual
s_connection: verify depth is 1
Handshake duration: 494.85 ms
Execution 43 - TLS Mutual
s_connection: verify depth is 1
Handshake duration: 470.87 ms
Execution 44 - TLS Mutual
s_connection: verify depth is 1
Handshake duration: 470.53 ms
Execution 45 - TLS Mutual
s_connection: verify depth is 1
Handshake duration: 469.52 ms
Execution 46 - TLS Mutual
s_connection: verify depth is 1
Handshake duration: 472.77 ms
Execution 47 - TLS Mutual
s_connection: verify depth is 1
Handshake duration: 495.60 ms
Execution 48 - TLS Mutual
s_connection: verify depth is 1
Handshake duration: 499.55 ms
Execution 49 - TLS Mutual
s_connection: verify depth is 1
Handshake duration: 470.92 ms
Execution 50 - TLS Mutual
s_connection: verify depth is 1
Handshake duration: 494.51 ms
Execution 51 - TLS Mutual
s_connection: verify depth is 1
Handshake duration: 471.92 ms
Execution 52 - TLS Mutual
s_connection: verify depth is 1
Handshake duration: 471.35 ms
Execution 53 - TLS Mutual
s_connection: verify depth is 1
Handshake duration: 495.18 ms
Execution 54 - TLS Mutual
s_connection: verify depth is 1
Handshake duration: 496.86 ms
Execution 55 - TLS Mutual
s_connection: verify depth is 1
Handshake duration: 494.46 ms
Execution 56 - TLS Mutual
s_connection: verify depth is 1
Handshake duration: 491.69 ms
Execution 57 - TLS Mutual
s_connection: verify depth is 1
Handshake duration: 496.45 ms
Execution 58 - TLS Mutual
s_connection: verify depth is 1
Handshake duration: 489.98 ms
Execution 59 - TLS Mutual
s_connection: verify depth is 1
Handshake duration: 472.03 ms
Execution 60 - TLS Mutual
s_connection: verify depth is 1
Handshake duration: 469.02 ms
Execution 61 - TLS Mutual
s_connection: verify depth is 1
Handshake duration: 493.52 ms
Execution 62 - TLS Mutual
s_connection: verify depth is 1
Handshake duration: 473.93 ms
Execution 63 - TLS Mutual
s_connection: verify depth is 1
Handshake duration: 601.65 ms
Execution 64 - TLS Mutual
s_connection: verify depth is 1
Handshake duration: 473.02 ms
Execution 65 - TLS Mutual
s_connection: verify depth is 1
Handshake duration: 515.24 ms
Execution 66 - TLS Mutual
s_connection: verify depth is 1
Handshake duration: 452.41 ms
Execution 67 - TLS Mutual
s_connection: verify depth is 1
Handshake duration: 497.94 ms
Execution 68 - TLS Mutual
s_connection: verify depth is 1
Handshake duration: 471.73 ms
Execution 69 - TLS Mutual
s_connection: verify depth is 1
Handshake duration: 494.70 ms
Execution 70 - TLS Mutual
s_connection: verify depth is 1
Handshake duration: 497.81 ms
Execution 71 - TLS Mutual
s_connection: verify depth is 1
Handshake duration: 447.21 ms
Execution 72 - TLS Mutual
s_connection: verify depth is 1
Handshake duration: 485.55 ms
Execution 73 - TLS Mutual
s_connection: verify depth is 1
Handshake duration: 473.11 ms
Execution 74 - TLS Mutual
s_connection: verify depth is 1
Handshake duration: 496.07 ms
Execution 75 - TLS Mutual
s_connection: verify depth is 1
Handshake duration: 443.74 ms
Execution 76 - TLS Mutual
s_connection: verify depth is 1
Handshake duration: 498.74 ms
Execution 77 - TLS Mutual
s_connection: verify depth is 1
Handshake duration: 497.34 ms
Execution 78 - TLS Mutual
s_connection: verify depth is 1
Handshake duration: 516.05 ms
Execution 79 - TLS Mutual
s_connection: verify depth is 1
Handshake duration: 473.71 ms
Execution 80 - TLS Mutual
s_connection: verify depth is 1
Handshake duration: 495.01 ms
Execution 81 - TLS Mutual
s_connection: verify depth is 1
Handshake duration: 471.67 ms
Execution 82 - TLS Mutual
s_connection: verify depth is 1
Handshake duration: 497.36 ms
Execution 83 - TLS Mutual
s_connection: verify depth is 1
Handshake duration: 499.52 ms
Execution 84 - TLS Mutual
s_connection: verify depth is 1
Handshake duration: 491.50 ms
Execution 85 - TLS Mutual
s_connection: verify depth is 1
Handshake duration: 492.49 ms
Execution 86 - TLS Mutual
s_connection: verify depth is 1
Handshake duration: 469.82 ms
Execution 87 - TLS Mutual
s_connection: verify depth is 1
Handshake duration: 495.45 ms
Execution 88 - TLS Mutual
s_connection: verify depth is 1
Handshake duration: 499.24 ms
Execution 89 - TLS Mutual
s_connection: verify depth is 1
Handshake duration: 468.22 ms
Execution 90 - TLS Mutual
s_connection: verify depth is 1
Handshake duration: 467.81 ms
Execution 91 - TLS Mutual
s_connection: verify depth is 1
Handshake duration: 1515.89 ms
Execution 92 - TLS Mutual
s_connection: verify depth is 1
Handshake duration: 469.85 ms
Execution 93 - TLS Mutual
s_connection: verify depth is 1
Handshake duration: 469.03 ms
Execution 94 - TLS Mutual
s_connection: verify depth is 1
Handshake duration: 494.79 ms
Execution 95 - TLS Mutual
s_connection: verify depth is 1
Handshake duration: 470.45 ms
Execution 96 - TLS Mutual
s_connection: verify depth is 1
Handshake duration: 480.60 ms
Execution 97 - TLS Mutual
s_connection: verify depth is 1
Handshake duration: 464.68 ms
Execution 98 - TLS Mutual
s_connection: verify depth is 1
Handshake duration: 981.13 ms
Execution 99 - TLS Mutual
s_connection: verify depth is 1
Handshake duration: 469.90 ms
Execution 100 - TLS Mutual
s_connection: verify depth is 1
Handshake duration: 472.06 ms
Execution 101 - TLS Mutual
s_connection: verify depth is 1
Handshake duration: 458.94 ms
Execution 102 - TLS Mutual
s_connection: verify depth is 1
Handshake duration: 495.07 ms
Execution 103 - TLS Mutual
s_connection: verify depth is 1
Handshake duration: 470.15 ms
Execution 104 - TLS Mutual
s_connection: verify depth is 1
Handshake duration: 469.59 ms
Execution 105 - TLS Mutual
s_connection: verify depth is 1
Handshake duration: 471.05 ms
Execution 106 - TLS Mutual
s_connection: verify depth is 1
Handshake duration: 472.94 ms
Execution 107 - TLS Mutual
s_connection: verify depth is 1
Handshake duration: 490.56 ms
Execution 108 - TLS Mutual
s_connection: verify depth is 1
Handshake duration: 512.65 ms
Execution 109 - TLS Mutual
s_connection: verify depth is 1
Handshake duration: 485.34 ms
Execution 110 - TLS Mutual
s_connection: verify depth is 1
Handshake duration: 494.36 ms
Execution 111 - TLS Mutual
s_connection: verify depth is 1
Handshake duration: 497.11 ms
Execution 112 - TLS Mutual
s_connection: verify depth is 1
Handshake duration: 470.61 ms
Execution 113 - TLS Mutual
s_connection: verify depth is 1
Handshake duration: 473.93 ms
Execution 114 - TLS Mutual
s_connection: verify depth is 1
Handshake duration: 497.78 ms
Execution 115 - TLS Mutual
s_connection: verify depth is 1
Handshake duration: 452.04 ms
Execution 116 - TLS Mutual
s_connection: verify depth is 1
Handshake duration: 496.33 ms
Execution 117 - TLS Mutual
s_connection: verify depth is 1
Handshake duration: 497.14 ms
Execution 118 - TLS Mutual
s_connection: verify depth is 1
Handshake duration: 497.93 ms
Execution 119 - TLS Mutual
s_connection: verify depth is 1
Handshake duration: 492.76 ms
Execution 120 - TLS Mutual
s_connection: verify depth is 1
Handshake duration: 473.96 ms
Execution 121 - TLS Mutual
s_connection: verify depth is 1
Handshake duration: 496.23 ms
Execution 122 - TLS Mutual
s_connection: verify depth is 1
Handshake duration: 472.00 ms
Execution 123 - TLS Mutual
s_connection: verify depth is 1
Handshake duration: 494.52 ms
Execution 124 - TLS Mutual
s_connection: verify depth is 1
Handshake duration: 469.95 ms
Execution 125 - TLS Mutual
s_connection: verify depth is 1
Handshake duration: 467.76 ms
