Handshake timeout budget: 150s (identique TLS/QUIC)
Applying netem rules to lo...
Showing qdisc status for the interface: lo
qdisc netem 8a03: root refcnt 2 limit 1000 seed 15565553032136610793
 Sent 0 bytes 0 pkt (dropped 0, overlimits 0 requeues 0) 
 backlog 0b 0p requeues 0
Running ./perftestClientTlsQuic.sh with SIG_ALG=mldsa65 and KEM_ALG=x448_hqc192
Execution 1 - TLS Mutual
s_connection: verify depth is 1
Handshake duration: 619.84 ms
Execution 2 - TLS Mutual
s_connection: verify depth is 1
Handshake duration: 494.47 ms
Execution 3 - TLS Mutual
s_connection: verify depth is 1
Handshake duration: 464.66 ms
Execution 4 - TLS Mutual
s_connection: verify depth is 1
Handshake duration: 463.81 ms
Execution 5 - TLS Mutual
s_connection: verify depth is 1
Handshake duration: 490.68 ms
Execution 6 - TLS Mutual
s_connection: verify depth is 1
Handshake duration: 490.25 ms
Execution 7 - TLS Mutual
s_connection: verify depth is 1
Handshake duration: 474.21 ms
Execution 8 - TLS Mutual
s_connection: verify depth is 1
Handshake duration: 492.31 ms
Execution 9 - TLS Mutual
s_connection: verify depth is 1
Handshake duration: 490.27 ms
Execution 10 - TLS Mutual
s_connection: verify depth is 1
Handshake duration: 491.58 ms
Execution 11 - TLS Mutual
s_connection: verify depth is 1
Handshake duration: 490.71 ms
Execution 12 - TLS Mutual
s_connection: verify depth is 1
Handshake duration: 461.45 ms
Execution 13 - TLS Mutual
s_connection: verify depth is 1
Handshake duration: 490.87 ms
Execution 14 - TLS Mutual
s_connection: verify depth is 1
Handshake duration: 465.92 ms
Execution 15 - TLS Mutual
s_connection: verify depth is 1
Handshake duration: 486.98 ms
Execution 16 - TLS Mutual
s_connection: verify depth is 1
Handshake duration: 487.62 ms
Execution 17 - TLS Mutual
s_connection: verify depth is 1
Handshake duration: 464.87 ms
Execution 18 - TLS Mutual
s_connection: verify depth is 1
Handshake duration: 492.09 ms
Execution 19 - TLS Mutual
s_connection: verify depth is 1
Handshake duration: 492.30 ms
Execution 20 - TLS Mutual
s_connection: verify depth is 1
Handshake duration: 449.36 ms
Execution 21 - TLS Mutual
s_connection: verify depth is 1
Handshake duration: 511.55 ms
Execution 22 - TLS Mutual
s_connection: verify depth is 1
Handshake duration: 492.36 ms
Execution 23 - TLS Mutual
s_connection: verify depth is 1
Handshake duration: 594.01 ms
Execution 24 - TLS Mutual
s_connection: verify depth is 1
Handshake duration: 466.41 ms
Execution 25 - TLS Mutual
s_connection: verify depth is 1
Handshake duration: 466.21 ms
Execution 26 - TLS Mutual
s_connection: verify depth is 1
Handshake duration: 491.13 ms
Execution 27 - TLS Mutual
s_connection: verify depth is 1
Handshake duration: 492.36 ms
Execution 28 - TLS Mutual
s_connection: verify depth is 1
Handshake duration: 617.28 ms
Execution 29 - TLS Mutual
s_connection: verify depth is 1
Handshake duration: 489.49 ms
Execution 30 - TLS Mutual
s_connection: verify depth is 1
Handshake duration: 467.54 ms
Execution 31 - TLS Mutual
s_connection: verify depth is 1
Handshake duration: 463.97 ms
Execution 32 - TLS Mutual
s_connection: verify depth is 1
Handshake duration: 491.09 ms
Execution 33 - TLS Mutual
s_connection: verify depth is 1
Handshake duration: 491.30 ms
Execution 34 - TLS Mutual
s_connection: verify depth is 1
Handshake duration: 491.14 ms
Execution 35 - TLS Mutual
s_connection: verify depth is 1
Handshake duration: 448.14 ms
Execution 36 - TLS Mutual
s_connection: verify depth is 1
Handshake duration: 513.27 ms
Execution 37 - TLS Mutual
s_connection: verify depth is 1
Handshake duration: 491.59 ms
Execution 38 - TLS Mutual
s_connection: verify depth is 1
Handshake duration: 584.18 ms
Execution 39 - TLS Mutual
s_connection: verify depth is 1
Handshake duration: 463.29 ms
Execution 40 - TLS Mutual
s_connection: verify depth is 1
Handshake duration: 491.89 ms
Execution 41 - TLS Mutual
s_connection: verify depth is 1
Handshake duration: 467.62 ms
Execution 42 - TLS Mutual
s_connection: verify depth is 1
Handshake duration: 492.06 ms
Execution 43 - TLS Mutual
s_connection: verify depth is 1
Handshake duration: 491.16 ms
Execution 44 - TLS Mutual
s_connection: verify depth is 1
Handshake duration: 464.28 ms
Execution 45 - TLS Mutual
s_connection: verify depth is 1
Handshake duration: 491.67 ms
Execution 46 - TLS Mutual
s_connection: verify depth is 1
Handshake duration: 467.76 ms
Execution 47 - TLS Mutual
s_connection: verify depth is 1
Handshake duration: 496.70 ms
Execution 48 - TLS Mutual
s_connection: verify depth is 1
Handshake duration: 490.63 ms
Execution 49 - TLS Mutual
s_connection: verify depth is 1
Handshake duration: 1481.58 ms
Execution 50 - TLS Mutual
s_connection: verify depth is 1
Handshake duration: 490.58 ms
Execution 51 - TLS Mutual
s_connection: verify depth is 1
Handshake duration: 474.75 ms
Execution 52 - TLS Mutual
s_connection: verify depth is 1
Handshake duration: 491.58 ms
Execution 53 - TLS Mutual
s_connection: verify depth is 1
Handshake duration: 488.05 ms
Execution 54 - TLS Mutual
s_connection: verify depth is 1
Handshake duration: 467.72 ms
Execution 55 - TLS Mutual
s_connection: verify depth is 1
Handshake duration: 490.57 ms
Execution 56 - TLS Mutual
s_connection: verify depth is 1
Handshake duration: 486.25 ms
Execution 57 - TLS Mutual
s_connection: verify depth is 1
Handshake duration: 487.99 ms
Execution 58 - TLS Mutual
s_connection: verify depth is 1
Handshake duration: 465.33 ms
Execution 59 - TLS Mutual
s_connection: verify depth is 1
Handshake duration: 466.18 ms
Execution 60 - TLS Mutual
s_connection: verify depth is 1
Handshake duration: 490.16 ms
Execution 61 - TLS Mutual
s_connection: verify depth is 1
Handshake duration: 490.80 ms
Execution 62 - TLS Mutual
s_connection: verify depth is 1
Handshake duration: 492.92 ms
Execution 63 - TLS Mutual
s_connection: verify depth is 1
Handshake duration: 488.88 ms
Execution 64 - TLS Mutual
s_connection: verify depth is 1
Handshake duration: 471.62 ms
Execution 65 - TLS Mutual
s_connection: verify depth is 1
Handshake duration: 491.14 ms
Execution 66 - TLS Mutual
s_connection: verify depth is 1
Handshake duration: 493.04 ms
Execution 67 - TLS Mutual
s_connection: verify depth is 1
Handshake duration: 489.55 ms
Execution 68 - TLS Mutual
s_connection: verify depth is 1
Handshake duration: 467.83 ms
Execution 69 - TLS Mutual
s_connection: verify depth is 1
Handshake duration: 492.93 ms
Execution 70 - TLS Mutual
s_connection: verify depth is 1
Handshake duration: 491.68 ms
Execution 71 - TLS Mutual
s_connection: verify depth is 1
Handshake duration: 465.97 ms
Execution 72 - TLS Mutual
s_connection: verify depth is 1
Handshake duration: 492.33 ms
Execution 73 - TLS Mutual
s_connection: verify depth is 1
Handshake duration: 487.97 ms
Execution 74 - TLS Mutual
s_connection: verify depth is 1
Handshake duration: 467.42 ms
Execution 75 - TLS Mutual
s_connection: verify depth is 1
Handshake duration: 469.99 ms
Execution 76 - TLS Mutual
s_connection: verify depth is 1
Handshake duration: 493.86 ms
Execution 77 - TLS Mutual
s_connection: verify depth is 1
Handshake duration: 468.06 ms
Execution 78 - TLS Mutual
s_connection: verify depth is 1
Handshake duration: 594.09 ms
Execution 79 - TLS Mutual
s_connection: verify depth is 1
Handshake duration: 465.24 ms
Execution 80 - TLS Mutual
s_connection: verify depth is 1
Handshake duration: 491.67 ms
Execution 81 - TLS Mutual
s_connection: verify depth is 1
Handshake duration: 447.38 ms
Execution 82 - TLS Mutual
s_connection: verify depth is 1
Handshake duration: 489.70 ms
Execution 83 - TLS Mutual
s_connection: verify depth is 1
Handshake duration: 487.89 ms
Execution 84 - TLS Mutual
s_connection: verify depth is 1
Handshake duration: 491.40 ms
Execution 85 - TLS Mutual
s_connection: verify depth is 1
Handshake duration: 460.45 ms
Execution 86 - TLS Mutual
s_connection: verify depth is 1
Handshake duration: 514.76 ms
Execution 87 - TLS Mutual
s_connection: verify depth is 1
Handshake duration: 489.00 ms
Execution 88 - TLS Mutual
s_connection: verify depth is 1
Handshake duration: 466.35 ms
Execution 89 - TLS Mutual
s_connection: verify depth is 1
Handshake duration: 466.70 ms
Execution 90 - TLS Mutual
s_connection: verify depth is 1
Handshake duration: 467.75 ms
Execution 91 - TLS Mutual
s_connection: verify depth is 1
Handshake duration: 1480.00 ms
Execution 92 - TLS Mutual
s_connection: verify depth is 1
Handshake duration: 493.17 ms
Execution 93 - TLS Mutual
s_connection: verify depth is 1
Handshake duration: 492.13 ms
Execution 94 - TLS Mutual
s_connection: verify depth is 1
Handshake duration: 491.84 ms
Execution 95 - TLS Mutual
s_connection: verify depth is 1
Handshake duration: 489.18 ms
Execution 96 - TLS Mutual
s_connection: verify depth is 1
Handshake duration: 492.21 ms
Execution 97 - TLS Mutual
s_connection: verify depth is 1
Handshake duration: 513.15 ms
Execution 98 - TLS Mutual
s_connection: verify depth is 1
Handshake duration: 489.45 ms
Execution 99 - TLS Mutual
s_connection: verify depth is 1
Handshake duration: 489.12 ms
Execution 100 - TLS Mutual
s_connection: verify depth is 1
Handshake duration: 490.65 ms
Execution 101 - TLS Mutual
s_connection: verify depth is 1
Handshake duration: 465.46 ms
Execution 102 - TLS Mutual
s_connection: verify depth is 1
Handshake duration: 488.05 ms
Execution 103 - TLS Mutual
s_connection: verify depth is 1
Handshake duration: 445.76 ms
Execution 104 - TLS Mutual
s_connection: verify depth is 1
Handshake duration: 461.47 ms
Execution 105 - TLS Mutual
s_connection: verify depth is 1
Handshake duration: 485.55 ms
Execution 106 - TLS Mutual
s_connection: verify depth is 1
Handshake duration: 487.77 ms
Execution 107 - TLS Mutual
s_connection: verify depth is 1
Handshake duration: 467.32 ms
Execution 108 - TLS Mutual
s_connection: verify depth is 1
Handshake duration: 493.42 ms
Execution 109 - TLS Mutual
s_connection: verify depth is 1
Handshake duration: 491.06 ms
Execution 110 - TLS Mutual
s_connection: verify depth is 1
Handshake duration: 471.06 ms
Execution 111 - TLS Mutual
s_connection: verify depth is 1
Handshake duration: 488.89 ms
Execution 112 - TLS Mutual
s_connection: verify depth is 1
Handshake duration: 487.22 ms
Execution 113 - TLS Mutual
s_connection: verify depth is 1
Handshake duration: 491.13 ms
Execution 114 - TLS Mutual
s_connection: verify depth is 1
Handshake duration: 484.95 ms
Execution 115 - TLS Mutual
s_connection: verify depth is 1
Handshake duration: 468.82 ms
Execution 116 - TLS Mutual
s_connection: verify depth is 1
Handshake duration: 491.10 ms
Execution 117 - TLS Mutual
s_connection: verify depth is 1
Handshake duration: 490.93 ms
Execution 118 - TLS Mutual
s_connection: verify depth is 1
Handshake duration: 490.03 ms
Execution 119 - TLS Mutual
s_connection: verify depth is 1
Handshake duration: 489.89 ms
Execution 120 - TLS Mutual
s_connection: verify depth is 1
Handshake duration: 470.20 ms
Execution 121 - TLS Mutual
s_connection: verify depth is 1
Handshake duration: 614.10 ms
Execution 122 - TLS Mutual
s_connection: verify depth is 1
Handshake duration: 475.50 ms
Execution 123 - TLS Mutual
s_connection: verify depth is 1
Handshake duration: 490.57 ms
Execution 124 - TLS Mutual
s_connection: verify depth is 1
Handshake duration: 467.66 ms
Execution 125 - TLS Mutual
s_connection: verify depth is 1
Handshake duration: 492.11 ms
