Handshake timeout budget: 150s (identique TLS/QUIC)
Applying netem rules to lo...
Showing qdisc status for the interface: lo
qdisc netem 9055: root refcnt 2 limit 1000 seed 948268878291713081
 Sent 0 bytes 0 pkt (dropped 0, overlimits 0 requeues 0) 
 backlog 0b 0p requeues 0
Running ./perftestClientTlsQuic.sh with SIG_ALG=ed25519 and KEM_ALG=x25519
Execution 1 - TLS Mutual
s_connection: verify depth is 1
Handshake duration: 396.30 ms
Execution 2 - TLS Mutual
s_connection: verify depth is 1
Handshake duration: 270.38 ms
Execution 3 - TLS Mutual
s_connection: verify depth is 1
Handshake duration: 269.85 ms
Execution 4 - TLS Mutual
s_connection: verify depth is 1
Handshake duration: 270.26 ms
Execution 5 - TLS Mutual
s_connection: verify depth is 1
Handshake duration: 270.08 ms
Execution 6 - TLS Mutual
s_connection: verify depth is 1
Handshake duration: 269.62 ms
Execution 7 - TLS Mutual
s_connection: verify depth is 1
Handshake duration: 270.16 ms
Execution 8 - TLS Mutual
s_connection: verify depth is 1
Handshake duration: 270.30 ms
Execution 9 - TLS Mutual
s_connection: verify depth is 1
Handshake duration: 269.86 ms
Execution 10 - TLS Mutual
s_connection: verify depth is 1
Handshake duration: 269.67 ms
Execution 11 - TLS Mutual
s_connection: verify depth is 1
Handshake duration: 261.31 ms
Execution 12 - TLS Mutual
s_connection: verify depth is 1
Handshake duration: 261.68 ms
Execution 13 - TLS Mutual
s_connection: verify depth is 1
Handshake duration: 262.23 ms
Execution 14 - TLS Mutual
s_connection: verify depth is 1
Handshake duration: 261.32 ms
Execution 15 - TLS Mutual
s_connection: verify depth is 1
Handshake duration: 269.83 ms
Execution 16 - TLS Mutual
s_connection: verify depth is 1
Handshake duration: 2334.30 ms
Execution 17 - TLS Mutual
s_connection: verify depth is 1
Handshake duration: 270.10 ms
Execution 18 - TLS Mutual
s_connection: verify depth is 1
Handshake duration: 269.80 ms
Execution 19 - TLS Mutual
s_connection: verify depth is 1
Handshake duration: 269.48 ms
Execution 20 - TLS Mutual
s_connection: verify depth is 1
Handshake duration: 270.44 ms
Execution 21 - TLS Mutual
s_connection: verify depth is 1
Handshake duration: 270.39 ms
Execution 22 - TLS Mutual
s_connection: verify depth is 1
Handshake duration: 271.30 ms
Execution 23 - TLS Mutual
s_connection: verify depth is 1
Handshake duration: 270.01 ms
Execution 24 - TLS Mutual
s_connection: verify depth is 1
Handshake duration: 270.53 ms
Execution 25 - TLS Mutual
s_connection: verify depth is 1
Handshake duration: 260.36 ms
Execution 26 - TLS Mutual
s_connection: verify depth is 1
Handshake duration: 270.09 ms
Execution 27 - TLS Mutual
s_connection: verify depth is 1
Handshake duration: 269.90 ms
Execution 28 - TLS Mutual
s_connection: verify depth is 1
Handshake duration: 270.26 ms
Execution 29 - TLS Mutual
s_connection: verify depth is 1
Handshake duration: 269.77 ms
Execution 30 - TLS Mutual
s_connection: verify depth is 1
Handshake duration: 269.62 ms
Execution 31 - TLS Mutual
s_connection: verify depth is 1
Handshake duration: 270.12 ms
Execution 32 - TLS Mutual
s_connection: verify depth is 1
Handshake duration: 270.00 ms
Execution 33 - TLS Mutual
s_connection: verify depth is 1
Handshake duration: 262.83 ms
Execution 34 - TLS Mutual
s_connection: verify depth is 1
Handshake duration: 270.17 ms
Execution 35 - TLS Mutual
s_connection: verify depth is 1
Handshake duration: 269.79 ms
Execution 36 - TLS Mutual
s_connection: verify depth is 1
Handshake duration: 272.30 ms
Execution 37 - TLS Mutual
s_connection: verify depth is 1
Handshake duration: 270.23 ms
Execution 38 - TLS Mutual
s_connection: verify depth is 1
Handshake duration: 261.86 ms
Execution 39 - TLS Mutual
s_connection: verify depth is 1
Handshake duration: 261.32 ms
Execution 40 - TLS Mutual
s_connection: verify depth is 1
Handshake duration: 270.03 ms
Execution 41 - TLS Mutual
s_connection: verify depth is 1
Handshake duration: 269.78 ms
Execution 42 - TLS Mutual
s_connection: verify depth is 1
Handshake duration: 262.69 ms
Execution 43 - TLS Mutual
s_connection: verify depth is 1
Handshake duration: 261.81 ms
Execution 44 - TLS Mutual
s_connection: verify depth is 1
Handshake duration: 269.94 ms
Execution 45 - TLS Mutual
s_connection: verify depth is 1
Handshake duration: 262.10 ms
Execution 46 - TLS Mutual
s_connection: verify depth is 1
Handshake duration: 270.08 ms
Execution 47 - TLS Mutual
s_connection: verify depth is 1
Handshake duration: 269.80 ms
Execution 48 - TLS Mutual
s_connection: verify depth is 1
Handshake duration: 261.76 ms
Execution 49 - TLS Mutual
s_connection: verify depth is 1
Handshake duration: 270.38 ms
Execution 50 - TLS Mutual
s_connection: verify depth is 1
Handshake duration: 270.05 ms
Execution 51 - TLS Mutual
s_connection: verify depth is 1
Handshake duration: 269.80 ms
Execution 52 - TLS Mutual
s_connection: verify depth is 1
Handshake duration: 269.91 ms
Execution 53 - TLS Mutual
s_connection: verify depth is 1
Handshake duration: 270.30 ms
Execution 54 - TLS Mutual
s_connection: verify depth is 1
Handshake duration: 268.63 ms
Execution 55 - TLS Mutual
s_connection: verify depth is 1
Handshake duration: 269.84 ms
Execution 56 - TLS Mutual
s_connection: verify depth is 1
Handshake duration: 260.89 ms
Execution 57 - TLS Mutual
s_connection: verify depth is 1
Handshake duration: 270.31 ms
Execution 58 - TLS Mutual
s_connection: verify depth is 1
Handshake duration: 269.17 ms
Execution 59 - TLS Mutual
s_connection: verify depth is 1
Handshake duration: 271.43 ms
Execution 60 - TLS Mutual
s_connection: verify depth is 1
Handshake duration: 270.09 ms
Execution 61 - TLS Mutual
s_connection: verify depth is 1
Handshake duration: 271.81 ms
Execution 62 - TLS Mutual
s_connection: verify depth is 1
Handshake duration: 269.99 ms
Execution 63 - TLS Mutual
s_connection: verify depth is 1
Handshake duration: 270.22 ms
Execution 64 - TLS Mutual
s_connection: verify depth is 1
Handshake duration: 270.29 ms
Execution 65 - TLS Mutual
s_connection: verify depth is 1
Handshake duration: 270.25 ms
Execution 66 - TLS Mutual
s_connection: verify depth is 1
Handshake duration: 269.61 ms
Execution 67 - TLS Mutual
s_connection: verify depth is 1
Handshake duration: 270.84 ms
Execution 68 - TLS Mutual
s_connection: verify depth is 1
Handshake duration: 270.10 ms
Execution 69 - TLS Mutual
s_connection: verify depth is 1
Handshake duration: 258.72 ms
Execution 70 - TLS Mutual
s_connection: verify depth is 1
Handshake duration: 269.96 ms
Execution 71 - TLS Mutual
s_connection: verify depth is 1
Handshake duration: 270.29 ms
Execution 72 - TLS Mutual
s_connection: verify depth is 1
Handshake duration: 262.05 ms
Execution 73 - TLS Mutual
s_connection: verify depth is 1
Handshake duration: 269.92 ms
Execution 74 - TLS Mutual
s_connection: verify depth is 1
Handshake duration: 269.72 ms
Execution 75 - TLS Mutual
s_connection: verify depth is 1
Handshake duration: 269.67 ms
Execution 76 - TLS Mutual
s_connection: verify depth is 1
Handshake duration: 270.37 ms
Execution 77 - TLS Mutual
s_connection: verify depth is 1
Handshake duration: 270.18 ms
Execution 78 - TLS Mutual
s_connection: verify depth is 1
Handshake duration: 269.67 ms
Execution 79 - TLS Mutual
s_connection: verify depth is 1
Handshake duration: 269.46 ms
Execution 80 - TLS Mutual
s_connection: verify depth is 1
Handshake duration: 269.70 ms
Execution 81 - TLS Mutual
s_connection: verify depth is 1
Handshake duration: 262.23 ms
Execution 82 - TLS Mutual
s_connection: verify depth is 1
Handshake duration: 270.23 ms
Execution 83 - TLS Mutual
s_connection: verify depth is 1
Handshake duration: 270.51 ms
Execution 84 - TLS Mutual
s_connection: verify depth is 1
Handshake duration: 269.97 ms
Execution 85 - TLS Mutual
s_connection: verify depth is 1
Handshake duration: 262.15 ms
Execution 86 - TLS Mutual
s_connection: verify depth is 1
Handshake duration: 269.99 ms
Execution 87 - TLS Mutual
s_connection: verify depth is 1
Handshake duration: 270.24 ms
Execution 88 - TLS Mutual
s_connection: verify depth is 1
Handshake duration: 269.77 ms
Execution 89 - TLS Mutual
s_connection: verify depth is 1
Handshake duration: 270.06 ms
Execution 90 - TLS Mutual
s_connection: verify depth is 1
Handshake duration: 270.33 ms
Execution 91 - TLS Mutual
s_connection: verify depth is 1
Handshake duration: 269.90 ms
Execution 92 - TLS Mutual
s_connection: verify depth is 1
Handshake duration: 270.49 ms
Execution 93 - TLS Mutual
s_connection: verify depth is 1
Handshake duration: 270.55 ms
Execution 94 - TLS Mutual
s_connection: verify depth is 1
Handshake duration: 269.96 ms
Execution 95 - TLS Mutual
s_connection: verify depth is 1
Handshake duration: 262.16 ms
Execution 96 - TLS Mutual
s_connection: verify depth is 1
Handshake duration: 269.63 ms
Execution 97 - TLS Mutual
s_connection: verify depth is 1
Handshake duration: 260.06 ms
Execution 98 - TLS Mutual
s_connection: verify depth is 1
Handshake duration: 270.14 ms
Execution 99 - TLS Mutual
s_connection: verify depth is 1
Handshake duration: 269.65 ms
Execution 100 - TLS Mutual
s_connection: verify depth is 1
Handshake duration: 270.51 ms
Execution 101 - TLS Mutual
s_connection: verify depth is 1
Handshake duration: 270.38 ms
Execution 102 - TLS Mutual
s_connection: verify depth is 1
Handshake duration: 269.63 ms
Execution 103 - TLS Mutual
s_connection: verify depth is 1
Handshake duration: 270.17 ms
Execution 104 - TLS Mutual
s_connection: verify depth is 1
Handshake duration: 258.76 ms
Execution 105 - TLS Mutual
s_connection: verify depth is 1
Handshake duration: 261.56 ms
Execution 106 - TLS Mutual
s_connection: verify depth is 1
Handshake duration: 269.70 ms
Execution 107 - TLS Mutual
s_connection: verify depth is 1
Handshake duration: 270.60 ms
Execution 108 - TLS Mutual
s_connection: verify depth is 1
Handshake duration: 262.35 ms
Execution 109 - TLS Mutual
s_connection: verify depth is 1
Handshake duration: 644.25 ms
Execution 110 - TLS Mutual
s_connection: verify depth is 1
Handshake duration: 269.80 ms
Execution 111 - TLS Mutual
s_connection: verify depth is 1
Handshake duration: 270.37 ms
Execution 112 - TLS Mutual
s_connection: verify depth is 1
Handshake duration: 258.63 ms
Execution 113 - TLS Mutual
s_connection: verify depth is 1
Handshake duration: 269.63 ms
Execution 114 - TLS Mutual
s_connection: verify depth is 1
Handshake duration: 270.20 ms
Execution 115 - TLS Mutual
s_connection: verify depth is 1
Handshake duration: 270.09 ms
Execution 116 - TLS Mutual
s_connection: verify depth is 1
Handshake duration: 270.07 ms
Execution 117 - TLS Mutual
s_connection: verify depth is 1
Handshake duration: 268.85 ms
Execution 118 - TLS Mutual
s_connection: verify depth is 1
Handshake duration: 268.54 ms
Execution 119 - TLS Mutual
s_connection: verify depth is 1
Handshake duration: 270.02 ms
Execution 120 - TLS Mutual
s_connection: verify depth is 1
Handshake duration: 266.63 ms
Execution 121 - TLS Mutual
s_connection: verify depth is 1
Handshake duration: 262.29 ms
Execution 122 - TLS Mutual
s_connection: verify depth is 1
Handshake duration: 261.70 ms
Execution 123 - TLS Mutual
s_connection: verify depth is 1
Handshake duration: 269.64 ms
Execution 124 - TLS Mutual
s_connection: verify depth is 1
Handshake duration: 269.82 ms
Execution 125 - TLS Mutual
s_connection: verify depth is 1
Handshake duration: 270.41 ms
