Handshake timeout budget: 150s (identique TLS/QUIC)
Applying netem rules to lo...
Showing qdisc status for the interface: lo
qdisc netem 82bb: root refcnt 2 limit 1000 seed 5766472997428217552
 Sent 0 bytes 0 pkt (dropped 0, overlimits 0 requeues 0) 
 backlog 0b 0p requeues 0
Running ./perftestClientTlsQuic.sh with SIG_ALG=ed25519 and KEM_ALG=x25519_hqc128
Execution 1 - TLS Mutual
s_connection: verify depth is 1
Handshake duration: 446.70 ms
Execution 2 - TLS Mutual
s_connection: verify depth is 1
Handshake duration: 327.29 ms
Execution 3 - TLS Mutual
s_connection: verify depth is 1
Handshake duration: 325.54 ms
Execution 4 - TLS Mutual
s_connection: verify depth is 1
Handshake duration: 324.32 ms
Execution 5 - TLS Mutual
s_connection: verify depth is 1
Handshake duration: 340.28 ms
Execution 6 - TLS Mutual
s_connection: verify depth is 1
Handshake duration: 324.95 ms
Execution 7 - TLS Mutual
s_connection: verify depth is 1
Handshake duration: 327.47 ms
Execution 8 - TLS Mutual
s_connection: verify depth is 1
Handshake duration: 330.54 ms
Execution 9 - TLS Mutual
s_connection: verify depth is 1
Handshake duration: 327.15 ms
Execution 10 - TLS Mutual
s_connection: verify depth is 1
Handshake duration: 325.05 ms
Execution 11 - TLS Mutual
s_connection: verify depth is 1
Handshake duration: 327.88 ms
Execution 12 - TLS Mutual
s_connection: verify depth is 1
Handshake duration: 329.09 ms
Execution 13 - TLS Mutual
s_connection: verify depth is 1
Handshake duration: 325.45 ms
Execution 14 - TLS Mutual
s_connection: verify depth is 1
Handshake duration: 325.18 ms
Execution 15 - TLS Mutual
s_connection: verify depth is 1
Handshake duration: 327.49 ms
Execution 16 - TLS Mutual
s_connection: verify depth is 1
Handshake duration: 326.38 ms
Execution 17 - TLS Mutual
s_connection: verify depth is 1
Handshake duration: 330.30 ms
Execution 18 - TLS Mutual
s_connection: verify depth is 1
Handshake duration: 300.85 ms
Execution 19 - TLS Mutual
s_connection: verify depth is 1
Handshake duration: 326.44 ms
Execution 20 - TLS Mutual
s_connection: verify depth is 1
Handshake duration: 327.64 ms
Execution 21 - TLS Mutual
s_connection: verify depth is 1
Handshake duration: 578.79 ms
Execution 22 - TLS Mutual
s_connection: verify depth is 1
Handshake duration: 326.54 ms
Execution 23 - TLS Mutual
s_connection: verify depth is 1
Handshake duration: 324.46 ms
Execution 24 - TLS Mutual
s_connection: verify depth is 1
Handshake duration: 812.08 ms
Execution 25 - TLS Mutual
s_connection: verify depth is 1
Handshake duration: 577.36 ms
Execution 26 - TLS Mutual
s_connection: verify depth is 1
Handshake duration: 321.31 ms
Execution 27 - TLS Mutual
s_connection: verify depth is 1
Handshake duration: 324.66 ms
Execution 28 - TLS Mutual
s_connection: verify depth is 1
Handshake duration: 325.96 ms
Execution 29 - TLS Mutual
s_connection: verify depth is 1
Handshake duration: 328.29 ms
Execution 30 - TLS Mutual
s_connection: verify depth is 1
Handshake duration: 330.25 ms
Execution 31 - TLS Mutual
s_connection: verify depth is 1
Handshake duration: 325.87 ms
Execution 32 - TLS Mutual
s_connection: verify depth is 1
Handshake duration: 324.96 ms
Execution 33 - TLS Mutual
s_connection: verify depth is 1
Handshake duration: 329.23 ms
Execution 34 - TLS Mutual
s_connection: verify depth is 1
Handshake duration: 337.90 ms
Execution 35 - TLS Mutual
s_connection: verify depth is 1
Handshake duration: 300.65 ms
Execution 36 - TLS Mutual
s_connection: verify depth is 1
Handshake duration: 306.64 ms
Execution 37 - TLS Mutual
s_connection: verify depth is 1
Handshake duration: 579.46 ms
Execution 38 - TLS Mutual
s_connection: verify depth is 1
Handshake duration: 620.16 ms
Execution 39 - TLS Mutual
s_connection: verify depth is 1
Handshake duration: 334.26 ms
Execution 40 - TLS Mutual
s_connection: verify depth is 1
Handshake duration: 343.15 ms
Execution 41 - TLS Mutual
s_connection: verify depth is 1
Handshake duration: 336.63 ms
Execution 42 - TLS Mutual
s_connection: verify depth is 1
Handshake duration: 335.24 ms
Execution 43 - TLS Mutual
s_connection: verify depth is 1
Handshake duration: 337.51 ms
Execution 44 - TLS Mutual
s_connection: verify depth is 1
Handshake duration: 333.09 ms
Execution 45 - TLS Mutual
s_connection: verify depth is 1
Handshake duration: 335.57 ms
Execution 46 - TLS Mutual
s_connection: verify depth is 1
Handshake duration: 335.50 ms
Execution 47 - TLS Mutual
s_connection: verify depth is 1
Handshake duration: 333.78 ms
Execution 48 - TLS Mutual
s_connection: verify depth is 1
Handshake duration: 334.51 ms
Execution 49 - TLS Mutual
s_connection: verify depth is 1
Handshake duration: 333.43 ms
Execution 50 - TLS Mutual
s_connection: verify depth is 1
Handshake duration: 357.13 ms
Execution 51 - TLS Mutual
s_connection: verify depth is 1
Handshake duration: 328.33 ms
Execution 52 - TLS Mutual
s_connection: verify depth is 1
Handshake duration: 332.15 ms
Execution 53 - TLS Mutual
s_connection: verify depth is 1
Handshake duration: 316.95 ms
Execution 54 - TLS Mutual
s_connection: verify depth is 1
Handshake duration: 546.64 ms
Execution 55 - TLS Mutual
s_connection: verify depth is 1
Handshake duration: 312.97 ms
Execution 56 - TLS Mutual
s_connection: verify depth is 1
Handshake duration: 289.98 ms
Execution 57 - TLS Mutual
s_connection: verify depth is 1
Handshake duration: 330.24 ms
Execution 58 - TLS Mutual
s_connection: verify depth is 1
Handshake duration: 334.46 ms
Execution 59 - TLS Mutual
s_connection: verify depth is 1
Handshake duration: 332.56 ms
Execution 60 - TLS Mutual
s_connection: verify depth is 1
Handshake duration: 329.26 ms
Execution 61 - TLS Mutual
s_connection: verify depth is 1
Handshake duration: 331.81 ms
Execution 62 - TLS Mutual
s_connection: verify depth is 1
Handshake duration: 327.73 ms
Execution 63 - TLS Mutual
s_connection: verify depth is 1
Handshake duration: 324.25 ms
Execution 64 - TLS Mutual
s_connection: verify depth is 1
Handshake duration: 328.30 ms
Execution 65 - TLS Mutual
s_connection: verify depth is 1
Handshake duration: 324.37 ms
Execution 66 - TLS Mutual
s_connection: verify depth is 1
Handshake duration: 324.57 ms
Execution 67 - TLS Mutual
s_connection: verify depth is 1
Handshake duration: 323.78 ms
Execution 68 - TLS Mutual
s_connection: verify depth is 1
Handshake duration: 323.14 ms
Execution 69 - TLS Mutual
s_connection: verify depth is 1
Handshake duration: 326.51 ms
Execution 70 - TLS Mutual
s_connection: verify depth is 1
Handshake duration: 324.26 ms
Execution 71 - TLS Mutual
s_connection: verify depth is 1
Handshake duration: 323.15 ms
Execution 72 - TLS Mutual
s_connection: verify depth is 1
Handshake duration: 574.78 ms
Execution 73 - TLS Mutual
s_connection: verify depth is 1
Handshake duration: 323.72 ms
Execution 74 - TLS Mutual
s_connection: verify depth is 1
Handshake duration: 323.67 ms
Execution 75 - TLS Mutual
s_connection: verify depth is 1
Handshake duration: 324.35 ms
Execution 76 - TLS Mutual
s_connection: verify depth is 1
Handshake duration: 327.45 ms
Execution 77 - TLS Mutual
s_connection: verify depth is 1
Handshake duration: 323.76 ms
Execution 78 - TLS Mutual
s_connection: verify depth is 1
Handshake duration: 323.03 ms
Execution 79 - TLS Mutual
s_connection: verify depth is 1
Handshake duration: 323.70 ms
Execution 80 - TLS Mutual
s_connection: verify depth is 1
Handshake duration: 324.17 ms
Execution 81 - TLS Mutual
s_connection: verify depth is 1
Handshake duration: 323.43 ms
Execution 82 - TLS Mutual
s_connection: verify depth is 1
Handshake duration: 323.58 ms
Execution 83 - TLS Mutual
s_connection: verify depth is 1
Handshake duration: 323.34 ms
Execution 84 - TLS Mutual
s_connection: verify depth is 1
Handshake duration: 322.63 ms
Execution 85 - TLS Mutual
s_connection: verify depth is 1
Handshake duration: 322.65 ms
Execution 86 - TLS Mutual
s_connection: verify depth is 1
Handshake duration: 327.45 ms
Execution 87 - TLS Mutual
s_connection: verify depth is 1
Handshake duration: 324.29 ms
Execution 88 - TLS Mutual
s_connection: verify depth is 1
Handshake duration: 322.88 ms
Execution 89 - TLS Mutual
s_connection: verify depth is 1
Handshake duration: 323.69 ms
Execution 90 - TLS Mutual
s_connection: verify depth is 1
Handshake duration: 322.93 ms
Execution 91 - TLS Mutual
s_connection: verify depth is 1
Handshake duration: 324.32 ms
Execution 92 - TLS Mutual
s_connection: verify depth is 1
Handshake duration: 323.18 ms
Execution 93 - TLS Mutual
s_connection: verify depth is 1
Handshake duration: 323.54 ms
Execution 94 - TLS Mutual
s_connection: verify depth is 1
Handshake duration: 326.33 ms
Execution 95 - TLS Mutual
s_connection: verify depth is 1
Handshake duration: 323.73 ms
Execution 96 - TLS Mutual
s_connection: verify depth is 1
Handshake duration: 324.11 ms
Execution 97 - TLS Mutual
s_connection: verify depth is 1
Handshake duration: 324.37 ms
Execution 98 - TLS Mutual
s_connection: verify depth is 1
Handshake duration: 323.57 ms
Execution 99 - TLS Mutual
s_connection: verify depth is 1
Handshake duration: 323.55 ms
Execution 100 - TLS Mutual
s_connection: verify depth is 1
Handshake duration: 324.02 ms
Execution 101 - TLS Mutual
s_connection: verify depth is 1
Handshake duration: 323.38 ms
Execution 102 - TLS Mutual
s_connection: verify depth is 1
Handshake duration: 323.62 ms
Execution 103 - TLS Mutual
s_connection: verify depth is 1
Handshake duration: 323.11 ms
Execution 104 - TLS Mutual
s_connection: verify depth is 1
Handshake duration: 323.73 ms
Execution 105 - TLS Mutual
s_connection: verify depth is 1
Handshake duration: 324.77 ms
Execution 106 - TLS Mutual
s_connection: verify depth is 1
Handshake duration: 323.40 ms
Execution 107 - TLS Mutual
s_connection: verify depth is 1
Handshake duration: 323.61 ms
Execution 108 - TLS Mutual
s_connection: verify depth is 1
Handshake duration: 324.21 ms
Execution 109 - TLS Mutual
s_connection: verify depth is 1
Handshake duration: 323.63 ms
Execution 110 - TLS Mutual
s_connection: verify depth is 1
Handshake duration: 322.92 ms
Execution 111 - TLS Mutual
s_connection: verify depth is 1
Handshake duration: 611.45 ms
Execution 112 - TLS Mutual
s_connection: verify depth is 1
Handshake duration: 324.53 ms
Execution 113 - TLS Mutual
s_connection: verify depth is 1
Handshake duration: 323.65 ms
Execution 114 - TLS Mutual
s_connection: verify depth is 1
Handshake duration: 326.59 ms
Execution 115 - TLS Mutual
s_connection: verify depth is 1
Handshake duration: 324.39 ms
Execution 116 - TLS Mutual
s_connection: verify depth is 1
Handshake duration: 324.24 ms
Execution 117 - TLS Mutual
s_connection: verify depth is 1
Handshake duration: 323.14 ms
Execution 118 - TLS Mutual
s_connection: verify depth is 1
Handshake duration: 323.73 ms
Execution 119 - TLS Mutual
s_connection: verify depth is 1
Handshake duration: 325.00 ms
Execution 120 - TLS Mutual
s_connection: verify depth is 1
Handshake duration: 323.12 ms
Execution 121 - TLS Mutual
s_connection: verify depth is 1
Handshake duration: 324.68 ms
Execution 122 - TLS Mutual
s_connection: verify depth is 1
Handshake duration: 323.93 ms
Execution 123 - TLS Mutual
s_connection: verify depth is 1
Handshake duration: 323.47 ms
Execution 124 - TLS Mutual
s_connection: verify depth is 1
Handshake duration: 323.82 ms
Execution 125 - TLS Mutual
s_connection: verify depth is 1
Handshake duration: 324.12 ms
