Handshake timeout budget: 150s (identique TLS/QUIC)
Applying netem rules to lo...
Showing qdisc status for the interface: lo
qdisc netem 9065: root refcnt 2 limit 1000 seed 12600109505543465792
 Sent 0 bytes 0 pkt (dropped 0, overlimits 0 requeues 0) 
 backlog 0b 0p requeues 0
Running ./perftestClientTlsQuic.sh with SIG_ALG=secp521r1 and KEM_ALG=P-521
Execution 1 - TLS Mutual
s_connection: verify depth is 1
Handshake duration: 411.10 ms
Execution 2 - TLS Mutual
s_connection: verify depth is 1
Handshake duration: 285.54 ms
Execution 3 - TLS Mutual
s_connection: verify depth is 1
Handshake duration: 285.39 ms
Execution 4 - TLS Mutual
s_connection: verify depth is 1
Handshake duration: 285.25 ms
Execution 5 - TLS Mutual
s_connection: verify depth is 1
Handshake duration: 260.53 ms
Execution 6 - TLS Mutual
s_connection: verify depth is 1
Handshake duration: 260.07 ms
Execution 7 - TLS Mutual
s_connection: verify depth is 1
Handshake duration: 287.25 ms
Execution 8 - TLS Mutual
s_connection: verify depth is 1
Handshake duration: 291.42 ms
Execution 9 - TLS Mutual
s_connection: verify depth is 1
Handshake duration: 269.78 ms
Execution 10 - TLS Mutual
s_connection: verify depth is 1
Handshake duration: 265.01 ms
Execution 11 - TLS Mutual
s_connection: verify depth is 1
Handshake duration: 265.89 ms
Execution 12 - TLS Mutual
s_connection: verify depth is 1
Handshake duration: 285.80 ms
Execution 13 - TLS Mutual
s_connection: verify depth is 1
Handshake duration: 287.48 ms
Execution 14 - TLS Mutual
s_connection: verify depth is 1
Handshake duration: 287.31 ms
Execution 15 - TLS Mutual
s_connection: verify depth is 1
Handshake duration: 270.20 ms
Execution 16 - TLS Mutual
s_connection: verify depth is 1
Handshake duration: 285.11 ms
Execution 17 - TLS Mutual
s_connection: verify depth is 1
Handshake duration: 285.53 ms
Execution 18 - TLS Mutual
s_connection: verify depth is 1
Handshake duration: 284.04 ms
Execution 19 - TLS Mutual
s_connection: verify depth is 1
Handshake duration: 287.01 ms
Execution 20 - TLS Mutual
s_connection: verify depth is 1
Handshake duration: 287.50 ms
Execution 21 - TLS Mutual
s_connection: verify depth is 1
Handshake duration: 287.74 ms
Execution 22 - TLS Mutual
s_connection: verify depth is 1
Handshake duration: 287.50 ms
Execution 23 - TLS Mutual
s_connection: verify depth is 1
Handshake duration: 287.43 ms
Execution 24 - TLS Mutual
s_connection: verify depth is 1
Handshake duration: 271.24 ms
Execution 25 - TLS Mutual
s_connection: verify depth is 1
Handshake duration: 281.05 ms
Execution 26 - TLS Mutual
s_connection: verify depth is 1
Handshake duration: 287.40 ms
Execution 27 - TLS Mutual
s_connection: verify depth is 1
Handshake duration: 287.30 ms
Execution 28 - TLS Mutual
s_connection: verify depth is 1
Handshake duration: 283.61 ms
Execution 29 - TLS Mutual
s_connection: verify depth is 1
Handshake duration: 269.80 ms
Execution 30 - TLS Mutual
s_connection: verify depth is 1
Handshake duration: 287.30 ms
Execution 31 - TLS Mutual
s_connection: verify depth is 1
Handshake duration: 288.26 ms
Execution 32 - TLS Mutual
s_connection: verify depth is 1
Handshake duration: 269.84 ms
Execution 33 - TLS Mutual
s_connection: verify depth is 1
Handshake duration: 270.39 ms
Execution 34 - TLS Mutual
s_connection: verify depth is 1
Handshake duration: 287.94 ms
Execution 35 - TLS Mutual
s_connection: verify depth is 1
Handshake duration: 287.03 ms
Execution 36 - TLS Mutual
s_connection: verify depth is 1
Handshake duration: 287.08 ms
Execution 37 - TLS Mutual
s_connection: verify depth is 1
Handshake duration: 287.79 ms
Execution 38 - TLS Mutual
s_connection: verify depth is 1
Handshake duration: 287.70 ms
Execution 39 - TLS Mutual
s_connection: verify depth is 1
Handshake duration: 270.14 ms
Execution 40 - TLS Mutual
s_connection: verify depth is 1
Handshake duration: 283.64 ms
Execution 41 - TLS Mutual
s_connection: verify depth is 1
Handshake duration: 267.70 ms
Execution 42 - TLS Mutual
s_connection: verify depth is 1
Handshake duration: 287.07 ms
Execution 43 - TLS Mutual
s_connection: verify depth is 1
Handshake duration: 286.56 ms
Execution 44 - TLS Mutual
s_connection: verify depth is 1
Handshake duration: 288.72 ms
Execution 45 - TLS Mutual
s_connection: verify depth is 1
Handshake duration: 272.64 ms
Execution 46 - TLS Mutual
s_connection: verify depth is 1
Handshake duration: 270.29 ms
Execution 47 - TLS Mutual
s_connection: verify depth is 1
Handshake duration: 286.96 ms
Execution 48 - TLS Mutual
s_connection: verify depth is 1
Handshake duration: 287.71 ms
Execution 49 - TLS Mutual
s_connection: verify depth is 1
Handshake duration: 283.42 ms
Execution 50 - TLS Mutual
s_connection: verify depth is 1
Handshake duration: 288.14 ms
Execution 51 - TLS Mutual
s_connection: verify depth is 1
Handshake duration: 287.14 ms
Execution 52 - TLS Mutual
s_connection: verify depth is 1
Handshake duration: 271.06 ms
Execution 53 - TLS Mutual
s_connection: verify depth is 1
Handshake duration: 287.35 ms
Execution 54 - TLS Mutual
s_connection: verify depth is 1
Handshake duration: 288.64 ms
Execution 55 - TLS Mutual
s_connection: verify depth is 1
Handshake duration: 275.60 ms
Execution 56 - TLS Mutual
s_connection: verify depth is 1
Handshake duration: 287.82 ms
Execution 57 - TLS Mutual
s_connection: verify depth is 1
Handshake duration: 289.15 ms
Execution 58 - TLS Mutual
s_connection: verify depth is 1
Handshake duration: 286.37 ms
Execution 59 - TLS Mutual
s_connection: verify depth is 1
Handshake duration: 270.50 ms
Execution 60 - TLS Mutual
s_connection: verify depth is 1
Handshake duration: 287.67 ms
Execution 61 - TLS Mutual
s_connection: verify depth is 1
Handshake duration: 270.43 ms
Execution 62 - TLS Mutual
s_connection: verify depth is 1
Handshake duration: 287.18 ms
Execution 63 - TLS Mutual
s_connection: verify depth is 1
Handshake duration: 287.82 ms
Execution 64 - TLS Mutual
s_connection: verify depth is 1
Handshake duration: 286.88 ms
Execution 65 - TLS Mutual
s_connection: verify depth is 1
Handshake duration: 287.08 ms
Execution 66 - TLS Mutual
s_connection: verify depth is 1
Handshake duration: 270.29 ms
Execution 67 - TLS Mutual
s_connection: verify depth is 1
Handshake duration: 287.70 ms
Execution 68 - TLS Mutual
s_connection: verify depth is 1
Handshake duration: 287.40 ms
Execution 69 - TLS Mutual
s_connection: verify depth is 1
Handshake duration: 286.55 ms
Execution 70 - TLS Mutual
s_connection: verify depth is 1
Handshake duration: 286.16 ms
Execution 71 - TLS Mutual
s_connection: verify depth is 1
Handshake duration: 287.31 ms
Execution 72 - TLS Mutual
s_connection: verify depth is 1
Handshake duration: 270.63 ms
Execution 73 - TLS Mutual
s_connection: verify depth is 1
Handshake duration: 287.16 ms
Execution 74 - TLS Mutual
s_connection: verify depth is 1
Handshake duration: 288.09 ms
Execution 75 - TLS Mutual
s_connection: verify depth is 1
Handshake duration: 289.06 ms
Execution 76 - TLS Mutual
s_connection: verify depth is 1
Handshake duration: 270.66 ms
Execution 77 - TLS Mutual
s_connection: verify depth is 1
Handshake duration: 287.42 ms
Execution 78 - TLS Mutual
s_connection: verify depth is 1
Handshake duration: 286.32 ms
Execution 79 - TLS Mutual
s_connection: verify depth is 1
Handshake duration: 284.08 ms
Execution 80 - TLS Mutual
s_connection: verify depth is 1
Handshake duration: 269.64 ms
Execution 81 - TLS Mutual
s_connection: verify depth is 1
Handshake duration: 286.06 ms
Execution 82 - TLS Mutual
s_connection: verify depth is 1
Handshake duration: 287.57 ms
Execution 83 - TLS Mutual
s_connection: verify depth is 1
Handshake duration: 287.39 ms
Execution 84 - TLS Mutual
s_connection: verify depth is 1
Handshake duration: 287.54 ms
Execution 85 - TLS Mutual
s_connection: verify depth is 1
Handshake duration: 287.35 ms
Execution 86 - TLS Mutual
s_connection: verify depth is 1
Handshake duration: 287.20 ms
Execution 87 - TLS Mutual
s_connection: verify depth is 1
Handshake duration: 269.74 ms
Execution 88 - TLS Mutual
s_connection: verify depth is 1
Handshake duration: 287.85 ms
Execution 89 - TLS Mutual
s_connection: verify depth is 1
Handshake duration: 287.26 ms
Execution 90 - TLS Mutual
s_connection: verify depth is 1
Handshake duration: 284.27 ms
Execution 91 - TLS Mutual
s_connection: verify depth is 1
Handshake duration: 287.42 ms
Execution 92 - TLS Mutual
s_connection: verify depth is 1
Handshake duration: 286.92 ms
Execution 93 - TLS Mutual
s_connection: verify depth is 1
Handshake duration: 288.06 ms
Execution 94 - TLS Mutual
s_connection: verify depth is 1
Handshake duration: 287.91 ms
Execution 95 - TLS Mutual
s_connection: verify depth is 1
Handshake duration: 287.24 ms
Execution 96 - TLS Mutual
s_connection: verify depth is 1
Handshake duration: 1327.15 ms
Execution 97 - TLS Mutual
s_connection: verify depth is 1
Handshake duration: 286.27 ms
Execution 98 - TLS Mutual
s_connection: verify depth is 1
Handshake duration: 270.00 ms
Execution 99 - TLS Mutual
s_connection: verify depth is 1
Handshake duration: 287.46 ms
Execution 100 - TLS Mutual
s_connection: verify depth is 1
Handshake duration: 285.90 ms
Execution 101 - TLS Mutual
s_connection: verify depth is 1
Handshake duration: 285.63 ms
Execution 102 - TLS Mutual
s_connection: verify depth is 1
Handshake duration: 288.32 ms
Execution 103 - TLS Mutual
s_connection: verify depth is 1
Handshake duration: 270.45 ms
Execution 104 - TLS Mutual
s_connection: verify depth is 1
Handshake duration: 269.75 ms
Execution 105 - TLS Mutual
s_connection: verify depth is 1
Handshake duration: 286.81 ms
Execution 106 - TLS Mutual
s_connection: verify depth is 1
Handshake duration: 288.38 ms
Execution 107 - TLS Mutual
s_connection: verify depth is 1
Handshake duration: 288.76 ms
Execution 108 - TLS Mutual
s_connection: verify depth is 1
Handshake duration: 271.38 ms
Execution 109 - TLS Mutual
s_connection: verify depth is 1
Handshake duration: 286.51 ms
Execution 110 - TLS Mutual
s_connection: verify depth is 1
Handshake duration: 287.46 ms
Execution 111 - TLS Mutual
s_connection: verify depth is 1
Handshake duration: 269.96 ms
Execution 112 - TLS Mutual
s_connection: verify depth is 1
Handshake duration: 286.85 ms
Execution 113 - TLS Mutual
s_connection: verify depth is 1
Handshake duration: 287.29 ms
Execution 114 - TLS Mutual
s_connection: verify depth is 1
Handshake duration: 286.99 ms
Execution 115 - TLS Mutual
s_connection: verify depth is 1
Handshake duration: 287.48 ms
Execution 116 - TLS Mutual
s_connection: verify depth is 1
Handshake duration: 287.95 ms
Execution 117 - TLS Mutual
s_connection: verify depth is 1
Handshake duration: 270.83 ms
Execution 118 - TLS Mutual
s_connection: verify depth is 1
Handshake duration: 287.84 ms
Execution 119 - TLS Mutual
s_connection: verify depth is 1
Handshake duration: 287.44 ms
Execution 120 - TLS Mutual
s_connection: verify depth is 1
Handshake duration: 285.78 ms
Execution 121 - TLS Mutual
s_connection: verify depth is 1
Handshake duration: 285.89 ms
Execution 122 - TLS Mutual
s_connection: verify depth is 1
Handshake duration: 265.67 ms
Execution 123 - TLS Mutual
s_connection: verify depth is 1
Handshake duration: 287.66 ms
Execution 124 - TLS Mutual
s_connection: verify depth is 1
Handshake duration: 283.74 ms
Execution 125 - TLS Mutual
s_connection: verify depth is 1
Handshake duration: 286.94 ms
