Handshake timeout budget: 150s (identique TLS/QUIC)
Applying netem rules to lo...
Showing qdisc status for the interface: lo
qdisc netem 991d: root refcnt 2 limit 1000 seed 12251148600333720408
 Sent 0 bytes 0 pkt (dropped 0, overlimits 0 requeues 0) 
 backlog 0b 0p requeues 0
Running ./perftestClientTlsQuic.sh with SIG_ALG=secp521r1 and KEM_ALG=mlkem1024
Execution 1 - TLS Mutual
s_connection: verify depth is 1
Handshake duration: 405.78 ms
Execution 2 - TLS Mutual
s_connection: verify depth is 1
Handshake duration: 281.94 ms
Execution 3 - TLS Mutual
s_connection: verify depth is 1
Handshake duration: 280.80 ms
Execution 4 - TLS Mutual
s_connection: verify depth is 1
Handshake duration: 282.94 ms
Execution 5 - TLS Mutual
s_connection: verify depth is 1
Handshake duration: 267.00 ms
Execution 6 - TLS Mutual
s_connection: verify depth is 1
Handshake duration: 281.81 ms
Execution 7 - TLS Mutual
s_connection: verify depth is 1
Handshake duration: 282.72 ms
Execution 8 - TLS Mutual
s_connection: verify depth is 1
Handshake duration: 282.69 ms
Execution 9 - TLS Mutual
s_connection: verify depth is 1
Handshake duration: 282.31 ms
Execution 10 - TLS Mutual
s_connection: verify depth is 1
Handshake duration: 281.69 ms
Execution 11 - TLS Mutual
s_connection: verify depth is 1
Handshake duration: 263.99 ms
Execution 12 - TLS Mutual
s_connection: verify depth is 1
Handshake duration: 281.82 ms
Execution 13 - TLS Mutual
s_connection: verify depth is 1
Handshake duration: 284.14 ms
Execution 14 - TLS Mutual
s_connection: verify depth is 1
Handshake duration: 282.40 ms
Execution 15 - TLS Mutual
s_connection: verify depth is 1
Handshake duration: 282.05 ms
Execution 16 - TLS Mutual
s_connection: verify depth is 1
Handshake duration: 283.10 ms
Execution 17 - TLS Mutual
s_connection: verify depth is 1
Handshake duration: 268.27 ms
Execution 18 - TLS Mutual
s_connection: verify depth is 1
Handshake duration: 287.02 ms
Execution 19 - TLS Mutual
s_connection: verify depth is 1
Handshake duration: 281.43 ms
Execution 20 - TLS Mutual
s_connection: verify depth is 1
Handshake duration: 281.12 ms
Execution 21 - TLS Mutual
s_connection: verify depth is 1
Handshake duration: 282.37 ms
Execution 22 - TLS Mutual
s_connection: verify depth is 1
Handshake duration: 283.23 ms
Execution 23 - TLS Mutual
s_connection: verify depth is 1
Handshake duration: 267.63 ms
Execution 24 - TLS Mutual
s_connection: verify depth is 1
Handshake duration: 281.83 ms
Execution 25 - TLS Mutual
s_connection: verify depth is 1
Handshake duration: 280.79 ms
Execution 26 - TLS Mutual
s_connection: verify depth is 1
Handshake duration: 281.13 ms
Execution 27 - TLS Mutual
s_connection: verify depth is 1
Handshake duration: 281.85 ms
Execution 28 - TLS Mutual
s_connection: verify depth is 1
Handshake duration: 266.63 ms
Execution 29 - TLS Mutual
s_connection: verify depth is 1
Handshake duration: 276.34 ms
Execution 30 - TLS Mutual
s_connection: verify depth is 1
Handshake duration: 281.94 ms
Execution 31 - TLS Mutual
s_connection: verify depth is 1
Handshake duration: 282.21 ms
Execution 32 - TLS Mutual
s_connection: verify depth is 1
Handshake duration: 282.04 ms
Execution 33 - TLS Mutual
s_connection: verify depth is 1
Handshake duration: 282.13 ms
Execution 34 - TLS Mutual
s_connection: verify depth is 1
Handshake duration: 281.06 ms
Execution 35 - TLS Mutual
s_connection: verify depth is 1
Handshake duration: 282.34 ms
Execution 36 - TLS Mutual
s_connection: verify depth is 1
Handshake duration: 281.13 ms
Execution 37 - TLS Mutual
s_connection: verify depth is 1
Handshake duration: 267.70 ms
Execution 38 - TLS Mutual
s_connection: verify depth is 1
Handshake duration: 266.07 ms
Execution 39 - TLS Mutual
s_connection: verify depth is 1
Handshake duration: 281.63 ms
Execution 40 - TLS Mutual
s_connection: verify depth is 1
Handshake duration: 281.59 ms
Execution 41 - TLS Mutual
s_connection: verify depth is 1
Handshake duration: 281.61 ms
Execution 42 - TLS Mutual
s_connection: verify depth is 1
Handshake duration: 281.96 ms
Execution 43 - TLS Mutual
s_connection: verify depth is 1
Handshake duration: 282.08 ms
Execution 44 - TLS Mutual
s_connection: verify depth is 1
Handshake duration: 265.87 ms
Execution 45 - TLS Mutual
s_connection: verify depth is 1
Handshake duration: 260.11 ms
Execution 46 - TLS Mutual
s_connection: verify depth is 1
Handshake duration: 274.48 ms
Execution 47 - TLS Mutual
s_connection: verify depth is 1
Handshake duration: 260.16 ms
Execution 48 - TLS Mutual
s_connection: verify depth is 1
Handshake duration: 267.60 ms
Execution 49 - TLS Mutual
s_connection: verify depth is 1
Handshake duration: 266.63 ms
Execution 50 - TLS Mutual
s_connection: verify depth is 1
Handshake duration: 281.71 ms
Execution 51 - TLS Mutual
s_connection: verify depth is 1
Handshake duration: 284.22 ms
Execution 52 - TLS Mutual
s_connection: verify depth is 1
Handshake duration: 283.29 ms
Execution 53 - TLS Mutual
s_connection: verify depth is 1
Handshake duration: 279.96 ms
Execution 54 - TLS Mutual
s_connection: verify depth is 1
Handshake duration: 281.61 ms
Execution 55 - TLS Mutual
s_connection: verify depth is 1
Handshake duration: 283.85 ms
Execution 56 - TLS Mutual
s_connection: verify depth is 1
Handshake duration: 283.28 ms
Execution 57 - TLS Mutual
s_connection: verify depth is 1
Handshake duration: 283.99 ms
Execution 58 - TLS Mutual
s_connection: verify depth is 1
Handshake duration: 282.63 ms
Execution 59 - TLS Mutual
s_connection: verify depth is 1
Handshake duration: 282.56 ms
Execution 60 - TLS Mutual
s_connection: verify depth is 1
Handshake duration: 267.62 ms
Execution 61 - TLS Mutual
s_connection: verify depth is 1
Handshake duration: 266.88 ms
Execution 62 - TLS Mutual
s_connection: verify depth is 1
Handshake duration: 267.97 ms
Execution 63 - TLS Mutual
s_connection: verify depth is 1
Handshake duration: 281.07 ms
Execution 64 - TLS Mutual
s_connection: verify depth is 1
Handshake duration: 282.19 ms
Execution 65 - TLS Mutual
s_connection: verify depth is 1
Handshake duration: 267.17 ms
Execution 66 - TLS Mutual
s_connection: verify depth is 1
Handshake duration: 282.11 ms
Execution 67 - TLS Mutual
s_connection: verify depth is 1
Handshake duration: 276.87 ms
Execution 68 - TLS Mutual
s_connection: verify depth is 1
Handshake duration: 267.39 ms
Execution 69 - TLS Mutual
s_connection: verify depth is 1
Handshake duration: 282.07 ms
Execution 70 - TLS Mutual
s_connection: verify depth is 1
Handshake duration: 281.56 ms
Execution 71 - TLS Mutual
s_connection: verify depth is 1
Handshake duration: 266.55 ms
Execution 72 - TLS Mutual
s_connection: verify depth is 1
Handshake duration: 285.95 ms
Execution 73 - TLS Mutual
s_connection: verify depth is 1
Handshake duration: 281.49 ms
Execution 74 - TLS Mutual
s_connection: verify depth is 1
Handshake duration: 281.88 ms
Execution 75 - TLS Mutual
s_connection: verify depth is 1
Handshake duration: 282.20 ms
Execution 76 - TLS Mutual
s_connection: verify depth is 1
Handshake duration: 281.73 ms
Execution 77 - TLS Mutual
s_connection: verify depth is 1
Handshake duration: 282.91 ms
Execution 78 - TLS Mutual
s_connection: verify depth is 1
Handshake duration: 284.00 ms
Execution 79 - TLS Mutual
s_connection: verify depth is 1
Handshake duration: 281.39 ms
Execution 80 - TLS Mutual
s_connection: verify depth is 1
Handshake duration: 281.86 ms
Execution 81 - TLS Mutual
s_connection: verify depth is 1
Handshake duration: 267.64 ms
Execution 82 - TLS Mutual
s_connection: verify depth is 1
Handshake duration: 281.21 ms
Execution 83 - TLS Mutual
s_connection: verify depth is 1
Handshake duration: 282.38 ms
Execution 84 - TLS Mutual
s_connection: verify depth is 1
Handshake duration: 281.86 ms
Execution 85 - TLS Mutual
s_connection: verify depth is 1
Handshake duration: 265.80 ms
Execution 86 - TLS Mutual
s_connection: verify depth is 1
Handshake duration: 281.26 ms
Execution 87 - TLS Mutual
s_connection: verify depth is 1
Handshake duration: 283.45 ms
Execution 88 - TLS Mutual
s_connection: verify depth is 1
Handshake duration: 266.55 ms
Execution 89 - TLS Mutual
s_connection: verify depth is 1
Handshake duration: 1322.77 ms
Execution 90 - TLS Mutual
s_connection: verify depth is 1
Handshake duration: 282.06 ms
Execution 91 - TLS Mutual
s_connection: verify depth is 1
Handshake duration: 281.81 ms
Execution 92 - TLS Mutual
s_connection: verify depth is 1
Handshake duration: 282.41 ms
Execution 93 - TLS Mutual
s_connection: verify depth is 1
Handshake duration: 279.91 ms
Execution 94 - TLS Mutual
s_connection: verify depth is 1
Handshake duration: 267.96 ms
Execution 95 - TLS Mutual
s_connection: verify depth is 1
Handshake duration: 267.27 ms
Execution 96 - TLS Mutual
s_connection: verify depth is 1
Handshake duration: 281.45 ms
Execution 97 - TLS Mutual
s_connection: verify depth is 1
Handshake duration: 282.53 ms
Execution 98 - TLS Mutual
s_connection: verify depth is 1
Handshake duration: 281.17 ms
Execution 99 - TLS Mutual
s_connection: verify depth is 1
Handshake duration: 281.36 ms
Execution 100 - TLS Mutual
s_connection: verify depth is 1
Handshake duration: 281.95 ms
Execution 101 - TLS Mutual
s_connection: verify depth is 1
Handshake duration: 282.00 ms
Execution 102 - TLS Mutual
s_connection: verify depth is 1
Handshake duration: 281.71 ms
Execution 103 - TLS Mutual
s_connection: verify depth is 1
Handshake duration: 281.57 ms
Execution 104 - TLS Mutual
s_connection: verify depth is 1
Handshake duration: 283.09 ms
Execution 105 - TLS Mutual
s_connection: verify depth is 1
Handshake duration: 281.17 ms
Execution 106 - TLS Mutual
s_connection: verify depth is 1
Handshake duration: 281.17 ms
Execution 107 - TLS Mutual
s_connection: verify depth is 1
Handshake duration: 263.44 ms
Execution 108 - TLS Mutual
s_connection: verify depth is 1
Handshake duration: 259.71 ms
Execution 109 - TLS Mutual
s_connection: verify depth is 1
Handshake duration: 281.10 ms
Execution 110 - TLS Mutual
s_connection: verify depth is 1
Handshake duration: 281.53 ms
Execution 111 - TLS Mutual
s_connection: verify depth is 1
Handshake duration: 267.66 ms
Execution 112 - TLS Mutual
s_connection: verify depth is 1
Handshake duration: 282.60 ms
Execution 113 - TLS Mutual
s_connection: verify depth is 1
Handshake duration: 283.28 ms
Execution 114 - TLS Mutual
s_connection: verify depth is 1
Handshake duration: 280.49 ms
Execution 115 - TLS Mutual
s_connection: verify depth is 1
Handshake duration: 282.38 ms
Execution 116 - TLS Mutual
s_connection: verify depth is 1
Handshake duration: 282.63 ms
Execution 117 - TLS Mutual
s_connection: verify depth is 1
Handshake duration: 282.87 ms
Execution 118 - TLS Mutual
s_connection: verify depth is 1
Handshake duration: 283.39 ms
Execution 119 - TLS Mutual
s_connection: verify depth is 1
Handshake duration: 281.37 ms
Execution 120 - TLS Mutual
s_connection: verify depth is 1
Handshake duration: 282.61 ms
Execution 121 - TLS Mutual
s_connection: verify depth is 1
Handshake duration: 267.83 ms
Execution 122 - TLS Mutual
s_connection: verify depth is 1
Handshake duration: 281.67 ms
Execution 123 - TLS Mutual
s_connection: verify depth is 1
Handshake duration: 281.81 ms
Execution 124 - TLS Mutual
s_connection: verify depth is 1
Handshake duration: 282.17 ms
Execution 125 - TLS Mutual
s_connection: verify depth is 1
Handshake duration: 282.52 ms
