Handshake timeout budget: 150s (identique TLS/QUIC)
Applying netem rules to lo...
Showing qdisc status for the interface: lo
qdisc netem 89f7: root refcnt 2 limit 1000 seed 14436223561052246266
 Sent 0 bytes 0 pkt (dropped 0, overlimits 0 requeues 0) 
 backlog 0b 0p requeues 0
Running ./perftestClientTlsQuic.sh with SIG_ALG=mldsa87 and KEM_ALG=p521_mlkem1024
Execution 1 - TLS Mutual
s_connection: verify depth is 1
Handshake duration: 586.73 ms
Execution 2 - TLS Mutual
s_connection: verify depth is 1
Handshake duration: 460.13 ms
Execution 3 - TLS Mutual
s_connection: verify depth is 1
Handshake duration: 1468.10 ms
Execution 4 - TLS Mutual
s_connection: verify depth is 1
Handshake duration: 460.47 ms
Execution 5 - TLS Mutual
s_connection: verify depth is 1
Handshake duration: 442.36 ms
Execution 6 - TLS Mutual
s_connection: verify depth is 1
Handshake duration: 454.87 ms
Execution 7 - TLS Mutual
s_connection: verify depth is 1
Handshake duration: 455.50 ms
Execution 8 - TLS Mutual
s_connection: verify depth is 1
Handshake duration: 456.01 ms
Execution 9 - TLS Mutual
s_connection: verify depth is 1
Handshake duration: 458.85 ms
Execution 10 - TLS Mutual
s_connection: verify depth is 1
Handshake duration: 458.39 ms
Execution 11 - TLS Mutual
s_connection: verify depth is 1
Handshake duration: 456.56 ms
Execution 12 - TLS Mutual
s_connection: verify depth is 1
Handshake duration: 457.82 ms
Execution 13 - TLS Mutual
s_connection: verify depth is 1
Handshake duration: 457.68 ms
Execution 14 - TLS Mutual
s_connection: verify depth is 1
Handshake duration: 462.60 ms
Execution 15 - TLS Mutual
s_connection: verify depth is 1
Handshake duration: 458.76 ms
Execution 16 - TLS Mutual
s_connection: verify depth is 1
Handshake duration: 438.40 ms
Execution 17 - TLS Mutual
s_connection: verify depth is 1
Handshake duration: 460.24 ms
Execution 18 - TLS Mutual
s_connection: verify depth is 1
Handshake duration: 460.05 ms
Execution 19 - TLS Mutual
s_connection: verify depth is 1
Handshake duration: 458.02 ms
Execution 20 - TLS Mutual
s_connection: verify depth is 1
Handshake duration: 454.84 ms
Execution 21 - TLS Mutual
s_connection: verify depth is 1
Handshake duration: 457.32 ms
Execution 22 - TLS Mutual
s_connection: verify depth is 1
Handshake duration: 835.98 ms
Execution 23 - TLS Mutual
s_connection: verify depth is 1
Handshake duration: 456.71 ms
Execution 24 - TLS Mutual
s_connection: verify depth is 1
Handshake duration: 453.98 ms
Execution 25 - TLS Mutual
s_connection: verify depth is 1
Handshake duration: 435.24 ms
Execution 26 - TLS Mutual
s_connection: verify depth is 1
Handshake duration: 457.67 ms
Execution 27 - TLS Mutual
s_connection: verify depth is 1
Handshake duration: 432.47 ms
Execution 28 - TLS Mutual
s_connection: verify depth is 1
Handshake duration: 459.71 ms
Execution 29 - TLS Mutual
s_connection: verify depth is 1
Handshake duration: 457.21 ms
Execution 30 - TLS Mutual
s_connection: verify depth is 1
Handshake duration: 459.48 ms
Execution 31 - TLS Mutual
s_connection: verify depth is 1
Handshake duration: 458.62 ms
Execution 32 - TLS Mutual
s_connection: verify depth is 1
Handshake duration: 433.44 ms
Execution 33 - TLS Mutual
s_connection: verify depth is 1
Handshake duration: 448.60 ms
Execution 34 - TLS Mutual
s_connection: verify depth is 1
Handshake duration: 459.40 ms
Execution 35 - TLS Mutual
s_connection: verify depth is 1
Handshake duration: 432.86 ms
Execution 36 - TLS Mutual
s_connection: verify depth is 1
Handshake duration: 457.60 ms
Execution 37 - TLS Mutual
s_connection: verify depth is 1
Handshake duration: 457.34 ms
Execution 38 - TLS Mutual
s_connection: verify depth is 1
Handshake duration: 455.87 ms
Execution 39 - TLS Mutual
s_connection: verify depth is 1
Handshake duration: 817.72 ms
Execution 40 - TLS Mutual
s_connection: verify depth is 1
Handshake duration: 457.04 ms
Execution 41 - TLS Mutual
s_connection: verify depth is 1
Handshake duration: 459.00 ms
Execution 42 - TLS Mutual
s_connection: verify depth is 1
Handshake duration: 455.07 ms
Execution 43 - TLS Mutual
s_connection: verify depth is 1
Handshake duration: 447.94 ms
Execution 44 - TLS Mutual
s_connection: verify depth is 1
Handshake duration: 459.54 ms
Execution 45 - TLS Mutual
s_connection: verify depth is 1
Handshake duration: 451.33 ms
Execution 46 - TLS Mutual
s_connection: verify depth is 1
Handshake duration: 456.45 ms
Execution 47 - TLS Mutual
s_connection: verify depth is 1
Handshake duration: 455.55 ms
Execution 48 - TLS Mutual
s_connection: verify depth is 1
Handshake duration: 458.08 ms
Execution 49 - TLS Mutual
s_connection: verify depth is 1
Handshake duration: 459.22 ms
Execution 50 - TLS Mutual
s_connection: verify depth is 1
Handshake duration: 456.26 ms
Execution 51 - TLS Mutual
s_connection: verify depth is 1
Handshake duration: 457.11 ms
Execution 52 - TLS Mutual
s_connection: verify depth is 1
Handshake duration: 582.35 ms
Execution 53 - TLS Mutual
s_connection: verify depth is 1
Handshake duration: 452.54 ms
Execution 54 - TLS Mutual
s_connection: verify depth is 1
Handshake duration: 458.14 ms
Execution 55 - TLS Mutual
s_connection: verify depth is 1
Handshake duration: 448.99 ms
Execution 56 - TLS Mutual
s_connection: verify depth is 1
Handshake duration: 813.33 ms
Execution 57 - TLS Mutual
s_connection: verify depth is 1
Handshake duration: 456.18 ms
Execution 58 - TLS Mutual
s_connection: verify depth is 1
Handshake duration: 455.86 ms
Execution 59 - TLS Mutual
s_connection: verify depth is 1
Handshake duration: 434.10 ms
Execution 60 - TLS Mutual
s_connection: verify depth is 1
Handshake duration: 458.49 ms
Execution 61 - TLS Mutual
s_connection: verify depth is 1
Handshake duration: 453.21 ms
Execution 62 - TLS Mutual
s_connection: verify depth is 1
Handshake duration: 456.88 ms
Execution 63 - TLS Mutual
s_connection: verify depth is 1
Handshake duration: 454.70 ms
Execution 64 - TLS Mutual
s_connection: verify depth is 1
Handshake duration: 1708.81 ms
Execution 65 - TLS Mutual
s_connection: verify depth is 1
Handshake duration: 456.72 ms
Execution 66 - TLS Mutual
s_connection: verify depth is 1
Handshake duration: 457.81 ms
Execution 67 - TLS Mutual
s_connection: verify depth is 1
Handshake duration: 458.36 ms
Execution 68 - TLS Mutual
s_connection: verify depth is 1
Handshake duration: 456.46 ms
Execution 69 - TLS Mutual
s_connection: verify depth is 1
Handshake duration: 457.20 ms
Execution 70 - TLS Mutual
s_connection: verify depth is 1
Handshake duration: 455.10 ms
Execution 71 - TLS Mutual
s_connection: verify depth is 1
Handshake duration: 581.11 ms
Execution 72 - TLS Mutual
s_connection: verify depth is 1
Handshake duration: 456.68 ms
Execution 73 - TLS Mutual
s_connection: verify depth is 1
Handshake duration: 455.56 ms
Execution 74 - TLS Mutual
s_connection: verify depth is 1
Handshake duration: 459.33 ms
Execution 75 - TLS Mutual
s_connection: verify depth is 1
Handshake duration: 1514.85 ms
Execution 76 - TLS Mutual
s_connection: verify depth is 1
Handshake duration: 555.37 ms
Execution 77 - TLS Mutual
s_connection: verify depth is 1
Handshake duration: 458.89 ms
Execution 78 - TLS Mutual
s_connection: verify depth is 1
Handshake duration: 438.61 ms
Execution 79 - TLS Mutual
s_connection: verify depth is 1
Handshake duration: 457.92 ms
Execution 80 - TLS Mutual
s_connection: verify depth is 1
Handshake duration: 453.79 ms
Execution 81 - TLS Mutual
s_connection: verify depth is 1
Handshake duration: 443.53 ms
Execution 82 - TLS Mutual
s_connection: verify depth is 1
Handshake duration: 458.06 ms
Execution 83 - TLS Mutual
s_connection: verify depth is 1
Handshake duration: 434.19 ms
Execution 84 - TLS Mutual
s_connection: verify depth is 1
Handshake duration: 455.57 ms
Execution 85 - TLS Mutual
s_connection: verify depth is 1
Handshake duration: 456.22 ms
Execution 86 - TLS Mutual
s_connection: verify depth is 1
Handshake duration: 1465.61 ms
Execution 87 - TLS Mutual
s_connection: verify depth is 1
Handshake duration: 452.77 ms
Execution 88 - TLS Mutual
s_connection: verify depth is 1
Handshake duration: 436.89 ms
Execution 89 - TLS Mutual
s_connection: verify depth is 1
Handshake duration: 458.49 ms
Execution 90 - TLS Mutual
s_connection: verify depth is 1
Handshake duration: 582.95 ms
Execution 91 - TLS Mutual
s_connection: verify depth is 1
Handshake duration: 459.22 ms
Execution 92 - TLS Mutual
s_connection: verify depth is 1
Handshake duration: 453.49 ms
Execution 93 - TLS Mutual
s_connection: verify depth is 1
Handshake duration: 458.68 ms
Execution 94 - TLS Mutual
s_connection: verify depth is 1
Handshake duration: 558.28 ms
Execution 95 - TLS Mutual
s_connection: verify depth is 1
Handshake duration: 458.05 ms
Execution 96 - TLS Mutual
s_connection: verify depth is 1
Handshake duration: 430.43 ms
Execution 97 - TLS Mutual
s_connection: verify depth is 1
Handshake duration: 450.24 ms
Execution 98 - TLS Mutual
s_connection: verify depth is 1
Handshake duration: 434.19 ms
Execution 99 - TLS Mutual
s_connection: verify depth is 1
Handshake duration: 456.11 ms
Execution 100 - TLS Mutual
s_connection: verify depth is 1
Handshake duration: 440.40 ms
Execution 101 - TLS Mutual
s_connection: verify depth is 1
Handshake duration: 435.58 ms
Execution 102 - TLS Mutual
s_connection: verify depth is 1
Handshake duration: 454.70 ms
Execution 103 - TLS Mutual
s_connection: verify depth is 1
Handshake duration: 454.90 ms
Execution 104 - TLS Mutual
s_connection: verify depth is 1
Handshake duration: 451.41 ms
Execution 105 - TLS Mutual
s_connection: verify depth is 1
Handshake duration: 457.69 ms
Execution 106 - TLS Mutual
s_connection: verify depth is 1
Handshake duration: 455.88 ms
Execution 107 - TLS Mutual
s_connection: verify depth is 1
Handshake duration: 457.99 ms
Execution 108 - TLS Mutual
s_connection: verify depth is 1
Handshake duration: 457.86 ms
Execution 109 - TLS Mutual
s_connection: verify depth is 1
Handshake duration: 458.08 ms
Execution 110 - TLS Mutual
s_connection: verify depth is 1
Handshake duration: 457.45 ms
Execution 111 - TLS Mutual
s_connection: verify depth is 1
Handshake duration: 457.67 ms
Execution 112 - TLS Mutual
s_connection: verify depth is 1
Handshake duration: 561.35 ms
Execution 113 - TLS Mutual
s_connection: verify depth is 1
Handshake duration: 451.88 ms
Execution 114 - TLS Mutual
s_connection: verify depth is 1
Handshake duration: 458.36 ms
Execution 115 - TLS Mutual
s_connection: verify depth is 1
Handshake duration: 459.42 ms
Execution 116 - TLS Mutual
s_connection: verify depth is 1
Handshake duration: 458.94 ms
Execution 117 - TLS Mutual
s_connection: verify depth is 1
Handshake duration: 456.07 ms
Execution 118 - TLS Mutual
s_connection: verify depth is 1
Handshake duration: 455.61 ms
Execution 119 - TLS Mutual
s_connection: verify depth is 1
Handshake duration: 432.27 ms
Execution 120 - TLS Mutual
s_connection: verify depth is 1
Handshake duration: 460.38 ms
Execution 121 - TLS Mutual
s_connection: verify depth is 1
Handshake duration: 456.22 ms
Execution 122 - TLS Mutual
s_connection: verify depth is 1
Handshake duration: 456.76 ms
Execution 123 - TLS Mutual
s_connection: verify depth is 1
Handshake duration: 457.43 ms
Execution 124 - TLS Mutual
s_connection: verify depth is 1
Handshake duration: 454.71 ms
Execution 125 - TLS Mutual
s_connection: verify depth is 1
Handshake duration: 455.03 ms
