Handshake timeout budget: 150s (identique TLS/QUIC)
Applying netem rules to lo...
Showing qdisc status for the interface: lo
qdisc netem 89bb: root refcnt 2 limit 1000 seed 14917194381768895767
 Sent 0 bytes 0 pkt (dropped 0, overlimits 0 requeues 0) 
 backlog 0b 0p requeues 0
Running ./perftestClientTlsQuic.sh with SIG_ALG=mldsa44 and KEM_ALG=x25519_hqc128
Execution 1 - TLS Mutual
s_connection: verify depth is 1
Handshake duration: 430.25 ms
Execution 2 - TLS Mutual
s_connection: verify depth is 1
Handshake duration: 458.94 ms
Execution 3 - TLS Mutual
s_connection: verify depth is 1
Handshake duration: 336.75 ms
Execution 4 - TLS Mutual
s_connection: verify depth is 1
Handshake duration: 313.26 ms
Execution 5 - TLS Mutual
s_connection: verify depth is 1
Handshake duration: 341.91 ms
Execution 6 - TLS Mutual
s_connection: verify depth is 1
Handshake duration: 339.58 ms
Execution 7 - TLS Mutual
s_connection: verify depth is 1
Handshake duration: 304.86 ms
Execution 8 - TLS Mutual
s_connection: verify depth is 1
Handshake duration: 337.97 ms
Execution 9 - TLS Mutual
s_connection: verify depth is 1
Handshake duration: 332.91 ms
Execution 10 - TLS Mutual
s_connection: verify depth is 1
Handshake duration: 326.45 ms
Execution 11 - TLS Mutual
s_connection: verify depth is 1
Handshake duration: 317.13 ms
Execution 12 - TLS Mutual
s_connection: verify depth is 1
Handshake duration: 467.81 ms
Execution 13 - TLS Mutual
s_connection: verify depth is 1
Handshake duration: 341.89 ms
Execution 14 - TLS Mutual
s_connection: verify depth is 1
Handshake duration: 341.55 ms
Execution 15 - TLS Mutual
s_connection: verify depth is 1
Handshake duration: 338.22 ms
Execution 16 - TLS Mutual
s_connection: verify depth is 1
Handshake duration: 340.97 ms
Execution 17 - TLS Mutual
s_connection: verify depth is 1
Handshake duration: 322.54 ms
Execution 18 - TLS Mutual
s_connection: verify depth is 1
Handshake duration: 340.69 ms
Execution 19 - TLS Mutual
s_connection: verify depth is 1
Handshake duration: 326.35 ms
Execution 20 - TLS Mutual
s_connection: verify depth is 1
Handshake duration: 342.61 ms
Execution 21 - TLS Mutual
s_connection: verify depth is 1
Handshake duration: 325.73 ms
Execution 22 - TLS Mutual
s_connection: verify depth is 1
Handshake duration: 336.96 ms
Execution 23 - TLS Mutual
s_connection: verify depth is 1
Handshake duration: 342.46 ms
Execution 24 - TLS Mutual
s_connection: verify depth is 1
Handshake duration: 324.83 ms
Execution 25 - TLS Mutual
s_connection: verify depth is 1
Handshake duration: 338.45 ms
Execution 26 - TLS Mutual
s_connection: verify depth is 1
Handshake duration: 331.90 ms
Execution 27 - TLS Mutual
s_connection: verify depth is 1
Handshake duration: 338.12 ms
Execution 28 - TLS Mutual
s_connection: verify depth is 1
Handshake duration: 335.58 ms
Execution 29 - TLS Mutual
s_connection: verify depth is 1
Handshake duration: 309.00 ms
Execution 30 - TLS Mutual
s_connection: verify depth is 1
Handshake duration: 316.05 ms
Execution 31 - TLS Mutual
s_connection: verify depth is 1
Handshake duration: 338.85 ms
Execution 32 - TLS Mutual
s_connection: verify depth is 1
Handshake duration: 326.05 ms
Execution 33 - TLS Mutual
s_connection: verify depth is 1
Handshake duration: 341.51 ms
Execution 34 - TLS Mutual
s_connection: verify depth is 1
Handshake duration: 304.83 ms
Execution 35 - TLS Mutual
s_connection: verify depth is 1
Handshake duration: 340.81 ms
Execution 36 - TLS Mutual
s_connection: verify depth is 1
Handshake duration: 315.47 ms
Execution 37 - TLS Mutual
s_connection: verify depth is 1
Handshake duration: 324.93 ms
Execution 38 - TLS Mutual
s_connection: verify depth is 1
Handshake duration: 345.21 ms
Execution 39 - TLS Mutual
s_connection: verify depth is 1
Handshake duration: 303.35 ms
Execution 40 - TLS Mutual
s_connection: verify depth is 1
Handshake duration: 340.31 ms
Execution 41 - TLS Mutual
s_connection: verify depth is 1
Handshake duration: 327.20 ms
Execution 42 - TLS Mutual
s_connection: verify depth is 1
Handshake duration: 460.26 ms
Execution 43 - TLS Mutual
s_connection: verify depth is 1
Handshake duration: 301.29 ms
Execution 44 - TLS Mutual
s_connection: verify depth is 1
Handshake duration: 334.58 ms
Execution 45 - TLS Mutual
s_connection: verify depth is 1
Handshake duration: 329.23 ms
Execution 46 - TLS Mutual
s_connection: verify depth is 1
Handshake duration: 343.01 ms
Execution 47 - TLS Mutual
s_connection: verify depth is 1
Handshake duration: 301.05 ms
Execution 48 - TLS Mutual
s_connection: verify depth is 1
Handshake duration: 1340.27 ms
Execution 49 - TLS Mutual
s_connection: verify depth is 1
Handshake duration: 340.98 ms
Execution 50 - TLS Mutual
s_connection: verify depth is 1
Handshake duration: 340.72 ms
Execution 51 - TLS Mutual
s_connection: verify depth is 1
Handshake duration: 335.18 ms
Execution 52 - TLS Mutual
s_connection: verify depth is 1
Handshake duration: 337.71 ms
Execution 53 - TLS Mutual
s_connection: verify depth is 1
Handshake duration: 336.34 ms
Execution 54 - TLS Mutual
s_connection: verify depth is 1
Handshake duration: 302.28 ms
Execution 55 - TLS Mutual
s_connection: verify depth is 1
Handshake duration: 339.26 ms
Execution 56 - TLS Mutual
s_connection: verify depth is 1
Handshake duration: 327.15 ms
Execution 57 - TLS Mutual
s_connection: verify depth is 1
Handshake duration: 337.25 ms
Execution 58 - TLS Mutual
s_connection: verify depth is 1
Handshake duration: 317.88 ms
Execution 59 - TLS Mutual
s_connection: verify depth is 1
Handshake duration: 327.59 ms
Execution 60 - TLS Mutual
s_connection: verify depth is 1
Handshake duration: 314.74 ms
Execution 61 - TLS Mutual
s_connection: verify depth is 1
Handshake duration: 317.25 ms
Execution 62 - TLS Mutual
s_connection: verify depth is 1
Handshake duration: 339.51 ms
Execution 63 - TLS Mutual
s_connection: verify depth is 1
Handshake duration: 326.36 ms
Execution 64 - TLS Mutual
s_connection: verify depth is 1
Handshake duration: 339.37 ms
Execution 65 - TLS Mutual
s_connection: verify depth is 1
Handshake duration: 340.66 ms
Execution 66 - TLS Mutual
s_connection: verify depth is 1
Handshake duration: 324.64 ms
Execution 67 - TLS Mutual
s_connection: verify depth is 1
Handshake duration: 343.06 ms
Execution 68 - TLS Mutual
s_connection: verify depth is 1
Handshake duration: 339.34 ms
Execution 69 - TLS Mutual
s_connection: verify depth is 1
Handshake duration: 338.40 ms
Execution 70 - TLS Mutual
s_connection: verify depth is 1
Handshake duration: 325.86 ms
Execution 71 - TLS Mutual
s_connection: verify depth is 1
Handshake duration: 338.01 ms
Execution 72 - TLS Mutual
s_connection: verify depth is 1
Handshake duration: 463.86 ms
Execution 73 - TLS Mutual
s_connection: verify depth is 1
Handshake duration: 316.06 ms
Execution 74 - TLS Mutual
s_connection: verify depth is 1
Handshake duration: 335.24 ms
Execution 75 - TLS Mutual
s_connection: verify depth is 1
Handshake duration: 325.95 ms
Execution 76 - TLS Mutual
s_connection: verify depth is 1
Handshake duration: 1495.49 ms
Execution 77 - TLS Mutual
s_connection: verify depth is 1
Handshake duration: 335.96 ms
Execution 78 - TLS Mutual
s_connection: verify depth is 1
Handshake duration: 337.14 ms
Execution 79 - TLS Mutual
s_connection: verify depth is 1
Handshake duration: 446.59 ms
Execution 80 - TLS Mutual
s_connection: verify depth is 1
Handshake duration: 336.23 ms
Execution 81 - TLS Mutual
s_connection: verify depth is 1
Handshake duration: 470.23 ms
Execution 82 - TLS Mutual
s_connection: verify depth is 1
Handshake duration: 338.83 ms
Execution 83 - TLS Mutual
s_connection: verify depth is 1
Handshake duration: 339.76 ms
Execution 84 - TLS Mutual
s_connection: verify depth is 1
Handshake duration: 339.14 ms
Execution 85 - TLS Mutual
s_connection: verify depth is 1
Handshake duration: 337.99 ms
Execution 86 - TLS Mutual
s_connection: verify depth is 1
Handshake duration: 315.27 ms
Execution 87 - TLS Mutual
s_connection: verify depth is 1
Handshake duration: 336.31 ms
Execution 88 - TLS Mutual
s_connection: verify depth is 1
Handshake duration: 316.76 ms
Execution 89 - TLS Mutual
s_connection: verify depth is 1
Handshake duration: 340.21 ms
Execution 90 - TLS Mutual
s_connection: verify depth is 1
Handshake duration: 342.55 ms
Execution 91 - TLS Mutual
s_connection: verify depth is 1
Handshake duration: 328.69 ms
Execution 92 - TLS Mutual
s_connection: verify depth is 1
Handshake duration: 337.24 ms
Execution 93 - TLS Mutual
s_connection: verify depth is 1
Handshake duration: 319.98 ms
Execution 94 - TLS Mutual
s_connection: verify depth is 1
Handshake duration: 327.14 ms
Execution 95 - TLS Mutual
s_connection: verify depth is 1
Handshake duration: 337.99 ms
Execution 96 - TLS Mutual
s_connection: verify depth is 1
Handshake duration: 1378.87 ms
Execution 97 - TLS Mutual
s_connection: verify depth is 1
Handshake duration: 335.88 ms
Execution 98 - TLS Mutual
s_connection: verify depth is 1
Handshake duration: 316.41 ms
Execution 99 - TLS Mutual
s_connection: verify depth is 1
Handshake duration: 338.58 ms
Execution 100 - TLS Mutual
s_connection: verify depth is 1
Handshake duration: 314.67 ms
Execution 101 - TLS Mutual
s_connection: verify depth is 1
Handshake duration: 339.13 ms
Execution 102 - TLS Mutual
s_connection: verify depth is 1
Handshake duration: 289.41 ms
Execution 103 - TLS Mutual
s_connection: verify depth is 1
Handshake duration: 320.77 ms
Execution 104 - TLS Mutual
s_connection: verify depth is 1
Handshake duration: 328.87 ms
Execution 105 - TLS Mutual
s_connection: verify depth is 1
Handshake duration: 342.74 ms
Execution 106 - TLS Mutual
s_connection: verify depth is 1
Handshake duration: 325.22 ms
Execution 107 - TLS Mutual
s_connection: verify depth is 1
Handshake duration: 339.51 ms
Execution 108 - TLS Mutual
s_connection: verify depth is 1
Handshake duration: 327.64 ms
Execution 109 - TLS Mutual
s_connection: verify depth is 1
Handshake duration: 315.37 ms
Execution 110 - TLS Mutual
s_connection: verify depth is 1
Handshake duration: 328.26 ms
Execution 111 - TLS Mutual
s_connection: verify depth is 1
Handshake duration: 1384.39 ms
Execution 112 - TLS Mutual
s_connection: verify depth is 1
Handshake duration: 337.61 ms
Execution 113 - TLS Mutual
s_connection: verify depth is 1
Handshake duration: 338.13 ms
Execution 114 - TLS Mutual
s_connection: verify depth is 1
Handshake duration: 336.82 ms
Execution 115 - TLS Mutual
s_connection: verify depth is 1
Handshake duration: 340.21 ms
Execution 116 - TLS Mutual
s_connection: verify depth is 1
Handshake duration: 339.49 ms
Execution 117 - TLS Mutual
s_connection: verify depth is 1
Handshake duration: 328.83 ms
Execution 118 - TLS Mutual
s_connection: verify depth is 1
Handshake duration: 341.10 ms
Execution 119 - TLS Mutual
s_connection: verify depth is 1
Handshake duration: 323.45 ms
Execution 120 - TLS Mutual
s_connection: verify depth is 1
Handshake duration: 341.89 ms
Execution 121 - TLS Mutual
s_connection: verify depth is 1
Handshake duration: 317.45 ms
Execution 122 - TLS Mutual
s_connection: verify depth is 1
Handshake duration: 341.44 ms
Execution 123 - TLS Mutual
s_connection: verify depth is 1
Handshake duration: 341.84 ms
Execution 124 - TLS Mutual
s_connection: verify depth is 1
Handshake duration: 337.50 ms
Execution 125 - TLS Mutual
s_connection: verify depth is 1
Handshake duration: 336.52 ms
