Handshake timeout budget: 150s (identique TLS/QUIC)
Applying netem rules to lo...
Showing qdisc status for the interface: lo
qdisc netem 9019: root refcnt 2 limit 1000 seed 8444876467999246305
 Sent 0 bytes 0 pkt (dropped 0, overlimits 0 requeues 0) 
 backlog 0b 0p requeues 0
Running ./perftestClientTlsQuic.sh with SIG_ALG=ed25519 and KEM_ALG=p256_mlkem512
Execution 1 - TLS Mutual
s_connection: verify depth is 1
Handshake duration: 407.33 ms
Execution 2 - TLS Mutual
s_connection: verify depth is 1
Handshake duration: 285.46 ms
Execution 3 - TLS Mutual
s_connection: verify depth is 1
Handshake duration: 281.77 ms
Execution 4 - TLS Mutual
s_connection: verify depth is 1
Handshake duration: 283.90 ms
Execution 5 - TLS Mutual
s_connection: verify depth is 1
Handshake duration: 282.32 ms
Execution 6 - TLS Mutual
s_connection: verify depth is 1
Handshake duration: 287.16 ms
Execution 7 - TLS Mutual
s_connection: verify depth is 1
Handshake duration: 284.20 ms
Execution 8 - TLS Mutual
s_connection: verify depth is 1
Handshake duration: 286.55 ms
Execution 9 - TLS Mutual
s_connection: verify depth is 1
Handshake duration: 1330.24 ms
Execution 10 - TLS Mutual
s_connection: verify depth is 1
Handshake duration: 282.46 ms
Execution 11 - TLS Mutual
s_connection: verify depth is 1
Handshake duration: 274.10 ms
Execution 12 - TLS Mutual
s_connection: verify depth is 1
Handshake duration: 284.70 ms
Execution 13 - TLS Mutual
s_connection: verify depth is 1
Handshake duration: 283.81 ms
Execution 14 - TLS Mutual
s_connection: verify depth is 1
Handshake duration: 283.81 ms
Execution 15 - TLS Mutual
s_connection: verify depth is 1
Handshake duration: 284.50 ms
Execution 16 - TLS Mutual
s_connection: verify depth is 1
Handshake duration: 283.50 ms
Execution 17 - TLS Mutual
s_connection: verify depth is 1
Handshake duration: 283.50 ms
Execution 18 - TLS Mutual
s_connection: verify depth is 1
Handshake duration: 270.94 ms
Execution 19 - TLS Mutual
s_connection: verify depth is 1
Handshake duration: 284.99 ms
Execution 20 - TLS Mutual
s_connection: verify depth is 1
Handshake duration: 1277.69 ms
Execution 21 - TLS Mutual
s_connection: verify depth is 1
Handshake duration: 284.34 ms
Execution 22 - TLS Mutual
s_connection: verify depth is 1
Handshake duration: 283.53 ms
Execution 23 - TLS Mutual
s_connection: verify depth is 1
Handshake duration: 274.08 ms
Execution 24 - TLS Mutual
s_connection: verify depth is 1
Handshake duration: 273.96 ms
Execution 25 - TLS Mutual
s_connection: verify depth is 1
Handshake duration: 283.72 ms
Execution 26 - TLS Mutual
s_connection: verify depth is 1
Handshake duration: 287.00 ms
Execution 27 - TLS Mutual
s_connection: verify depth is 1
Handshake duration: 284.13 ms
Execution 28 - TLS Mutual
s_connection: verify depth is 1
Handshake duration: 284.58 ms
Execution 29 - TLS Mutual
s_connection: verify depth is 1
Handshake duration: 282.07 ms
Execution 30 - TLS Mutual
s_connection: verify depth is 1
Handshake duration: 284.41 ms
Execution 31 - TLS Mutual
s_connection: verify depth is 1
Handshake duration: 273.94 ms
Execution 32 - TLS Mutual
s_connection: verify depth is 1
Handshake duration: 284.96 ms
Execution 33 - TLS Mutual
s_connection: verify depth is 1
Handshake duration: 284.09 ms
Execution 34 - TLS Mutual
s_connection: verify depth is 1
Handshake duration: 284.78 ms
Execution 35 - TLS Mutual
s_connection: verify depth is 1
Handshake duration: 275.77 ms
Execution 36 - TLS Mutual
s_connection: verify depth is 1
Handshake duration: 284.05 ms
Execution 37 - TLS Mutual
s_connection: verify depth is 1
Handshake duration: 285.01 ms
Execution 38 - TLS Mutual
s_connection: verify depth is 1
Handshake duration: 287.84 ms
Execution 39 - TLS Mutual
s_connection: verify depth is 1
Handshake duration: 284.46 ms
Execution 40 - TLS Mutual
s_connection: verify depth is 1
Handshake duration: 1347.72 ms
Execution 41 - TLS Mutual
s_connection: verify depth is 1
Handshake duration: 282.62 ms
Execution 42 - TLS Mutual
s_connection: verify depth is 1
Handshake duration: 282.72 ms
Execution 43 - TLS Mutual
s_connection: verify depth is 1
Handshake duration: 283.69 ms
Execution 44 - TLS Mutual
s_connection: verify depth is 1
Handshake duration: 280.38 ms
Execution 45 - TLS Mutual
s_connection: verify depth is 1
Handshake duration: 268.28 ms
Execution 46 - TLS Mutual
s_connection: verify depth is 1
Handshake duration: 272.09 ms
Execution 47 - TLS Mutual
s_connection: verify depth is 1
Handshake duration: 282.96 ms
Execution 48 - TLS Mutual
s_connection: verify depth is 1
Handshake duration: 283.58 ms
Execution 49 - TLS Mutual
s_connection: verify depth is 1
Handshake duration: 271.88 ms
Execution 50 - TLS Mutual
s_connection: verify depth is 1
Handshake duration: 284.58 ms
Execution 51 - TLS Mutual
s_connection: verify depth is 1
Handshake duration: 278.93 ms
Execution 52 - TLS Mutual
s_connection: verify depth is 1
Handshake duration: 284.00 ms
Execution 53 - TLS Mutual
s_connection: verify depth is 1
Handshake duration: 284.32 ms
Execution 54 - TLS Mutual
s_connection: verify depth is 1
Handshake duration: 282.28 ms
Execution 55 - TLS Mutual
s_connection: verify depth is 1
Handshake duration: 272.64 ms
Execution 56 - TLS Mutual
s_connection: verify depth is 1
Handshake duration: 268.70 ms
Execution 57 - TLS Mutual
s_connection: verify depth is 1
Handshake duration: 284.16 ms
Execution 58 - TLS Mutual
s_connection: verify depth is 1
Handshake duration: 287.25 ms
Execution 59 - TLS Mutual
s_connection: verify depth is 1
Handshake duration: 285.18 ms
Execution 60 - TLS Mutual
s_connection: verify depth is 1
Handshake duration: 271.68 ms
Execution 61 - TLS Mutual
s_connection: verify depth is 1
Handshake duration: 266.23 ms
Execution 62 - TLS Mutual
s_connection: verify depth is 1
Handshake duration: 283.88 ms
Execution 63 - TLS Mutual
s_connection: verify depth is 1
Handshake duration: 288.43 ms
Execution 64 - TLS Mutual
s_connection: verify depth is 1
Handshake duration: 283.95 ms
Execution 65 - TLS Mutual
s_connection: verify depth is 1
Handshake duration: 275.91 ms
Execution 66 - TLS Mutual
s_connection: verify depth is 1
Handshake duration: 285.40 ms
Execution 67 - TLS Mutual
s_connection: verify depth is 1
Handshake duration: 283.95 ms
Execution 68 - TLS Mutual
s_connection: verify depth is 1
Handshake duration: 288.10 ms
Execution 69 - TLS Mutual
s_connection: verify depth is 1
Handshake duration: 284.24 ms
Execution 70 - TLS Mutual
s_connection: verify depth is 1
Handshake duration: 271.89 ms
Execution 71 - TLS Mutual
s_connection: verify depth is 1
Handshake duration: 284.73 ms
Execution 72 - TLS Mutual
s_connection: verify depth is 1
Handshake duration: 284.52 ms
Execution 73 - TLS Mutual
s_connection: verify depth is 1
Handshake duration: 284.19 ms
Execution 74 - TLS Mutual
s_connection: verify depth is 1
Handshake duration: 286.99 ms
Execution 75 - TLS Mutual
s_connection: verify depth is 1
Handshake duration: 276.26 ms
Execution 76 - TLS Mutual
s_connection: verify depth is 1
Handshake duration: 282.64 ms
Execution 77 - TLS Mutual
s_connection: verify depth is 1
Handshake duration: 286.48 ms
Execution 78 - TLS Mutual
s_connection: verify depth is 1
Handshake duration: 283.39 ms
Execution 79 - TLS Mutual
s_connection: verify depth is 1
Handshake duration: 285.19 ms
Execution 80 - TLS Mutual
s_connection: verify depth is 1
Handshake duration: 286.09 ms
Execution 81 - TLS Mutual
s_connection: verify depth is 1
Handshake duration: 286.93 ms
Execution 82 - TLS Mutual
s_connection: verify depth is 1
Handshake duration: 270.41 ms
Execution 83 - TLS Mutual
s_connection: verify depth is 1
Handshake duration: 282.99 ms
Execution 84 - TLS Mutual
s_connection: verify depth is 1
Handshake duration: 267.95 ms
Execution 85 - TLS Mutual
s_connection: verify depth is 1
Handshake duration: 284.27 ms
Execution 86 - TLS Mutual
s_connection: verify depth is 1
Handshake duration: 283.84 ms
Execution 87 - TLS Mutual
s_connection: verify depth is 1
Handshake duration: 908.10 ms
Execution 88 - TLS Mutual
s_connection: verify depth is 1
Handshake duration: 283.02 ms
Execution 89 - TLS Mutual
s_connection: verify depth is 1
Handshake duration: 285.36 ms
Execution 90 - TLS Mutual
s_connection: verify depth is 1
Handshake duration: 273.15 ms
Execution 91 - TLS Mutual
s_connection: verify depth is 1
Handshake duration: 285.97 ms
Execution 92 - TLS Mutual
s_connection: verify depth is 1
Handshake duration: 283.41 ms
Execution 93 - TLS Mutual
s_connection: verify depth is 1
Handshake duration: 283.23 ms
Execution 94 - TLS Mutual
s_connection: verify depth is 1
Handshake duration: 283.95 ms
Execution 95 - TLS Mutual
s_connection: verify depth is 1
Handshake duration: 283.77 ms
Execution 96 - TLS Mutual
s_connection: verify depth is 1
Handshake duration: 283.56 ms
Execution 97 - TLS Mutual
s_connection: verify depth is 1
Handshake duration: 285.00 ms
Execution 98 - TLS Mutual
s_connection: verify depth is 1
Handshake duration: 272.30 ms
Execution 99 - TLS Mutual
s_connection: verify depth is 1
Handshake duration: 284.20 ms
Execution 100 - TLS Mutual
s_connection: verify depth is 1
Handshake duration: 271.75 ms
Execution 101 - TLS Mutual
s_connection: verify depth is 1
Handshake duration: 285.13 ms
Execution 102 - TLS Mutual
s_connection: verify depth is 1
Handshake duration: 293.75 ms
Execution 103 - TLS Mutual
s_connection: verify depth is 1
Handshake duration: 283.45 ms
Execution 104 - TLS Mutual
s_connection: verify depth is 1
Handshake duration: 267.70 ms
Execution 105 - TLS Mutual
s_connection: verify depth is 1
Handshake duration: 283.38 ms
Execution 106 - TLS Mutual
s_connection: verify depth is 1
Handshake duration: 287.98 ms
Execution 107 - TLS Mutual
s_connection: verify depth is 1
Handshake duration: 283.83 ms
Execution 108 - TLS Mutual
s_connection: verify depth is 1
Handshake duration: 270.88 ms
Execution 109 - TLS Mutual
s_connection: verify depth is 1
Handshake duration: 271.08 ms
Execution 110 - TLS Mutual
s_connection: verify depth is 1
Handshake duration: 283.90 ms
Execution 111 - TLS Mutual
s_connection: verify depth is 1
Handshake duration: 285.64 ms
Execution 112 - TLS Mutual
s_connection: verify depth is 1
Handshake duration: 282.86 ms
Execution 113 - TLS Mutual
s_connection: verify depth is 1
Handshake duration: 284.44 ms
Execution 114 - TLS Mutual
s_connection: verify depth is 1
Handshake duration: 283.68 ms
Execution 115 - TLS Mutual
s_connection: verify depth is 1
Handshake duration: 271.44 ms
Execution 116 - TLS Mutual
s_connection: verify depth is 1
Handshake duration: 284.46 ms
Execution 117 - TLS Mutual
s_connection: verify depth is 1
Handshake duration: 287.69 ms
Execution 118 - TLS Mutual
s_connection: verify depth is 1
Handshake duration: 284.36 ms
Execution 119 - TLS Mutual
s_connection: verify depth is 1
Handshake duration: 283.82 ms
Execution 120 - TLS Mutual
s_connection: verify depth is 1
Handshake duration: 284.25 ms
Execution 121 - TLS Mutual
s_connection: verify depth is 1
Handshake duration: 271.68 ms
Execution 122 - TLS Mutual
s_connection: verify depth is 1
Handshake duration: 284.72 ms
Execution 123 - TLS Mutual
s_connection: verify depth is 1
Handshake duration: 261.96 ms
Execution 124 - TLS Mutual
s_connection: verify depth is 1
Handshake duration: 267.54 ms
Execution 125 - TLS Mutual
s_connection: verify depth is 1
Handshake duration: 284.42 ms
