Handshake timeout budget: 150s (identique TLS/QUIC)
Applying netem rules to lo...
Showing qdisc status for the interface: lo
qdisc netem 899b: root refcnt 2 limit 1000 seed 16504758761662374284
 Sent 0 bytes 0 pkt (dropped 0, overlimits 0 requeues 0) 
 backlog 0b 0p requeues 0
Running ./perftestClientTlsQuic.sh with SIG_ALG=secp521r1 and KEM_ALG=p521_mlkem1024
Execution 1 - TLS Mutual
s_connection: verify depth is 1
Handshake duration: 429.26 ms
Execution 2 - TLS Mutual
s_connection: verify depth is 1
Handshake duration: 293.76 ms
Execution 3 - TLS Mutual
s_connection: verify depth is 1
Handshake duration: 295.81 ms
Execution 4 - TLS Mutual
s_connection: verify depth is 1
Handshake duration: 295.44 ms
Execution 5 - TLS Mutual
s_connection: verify depth is 1
Handshake duration: 295.73 ms
Execution 6 - TLS Mutual
s_connection: verify depth is 1
Handshake duration: 292.80 ms
Execution 7 - TLS Mutual
s_connection: verify depth is 1
Handshake duration: 296.27 ms
Execution 8 - TLS Mutual
s_connection: verify depth is 1
Handshake duration: 299.31 ms
Execution 9 - TLS Mutual
s_connection: verify depth is 1
Handshake duration: 278.35 ms
Execution 10 - TLS Mutual
s_connection: verify depth is 1
Handshake duration: 295.41 ms
Execution 11 - TLS Mutual
s_connection: verify depth is 1
Handshake duration: 662.97 ms
Execution 12 - TLS Mutual
s_connection: verify depth is 1
Handshake duration: 296.74 ms
Execution 13 - TLS Mutual
s_connection: verify depth is 1
Handshake duration: 295.97 ms
Execution 14 - TLS Mutual
s_connection: verify depth is 1
Handshake duration: 292.97 ms
Execution 15 - TLS Mutual
s_connection: verify depth is 1
Handshake duration: 296.41 ms
Execution 16 - TLS Mutual
s_connection: verify depth is 1
Handshake duration: 295.32 ms
Execution 17 - TLS Mutual
s_connection: verify depth is 1
Handshake duration: 295.64 ms
Execution 18 - TLS Mutual
s_connection: verify depth is 1
Handshake duration: 275.96 ms
Execution 19 - TLS Mutual
s_connection: verify depth is 1
Handshake duration: 295.63 ms
Execution 20 - TLS Mutual
s_connection: verify depth is 1
Handshake duration: 292.67 ms
Execution 21 - TLS Mutual
s_connection: verify depth is 1
Handshake duration: 296.65 ms
Execution 22 - TLS Mutual
s_connection: verify depth is 1
Handshake duration: 293.08 ms
Execution 23 - TLS Mutual
s_connection: verify depth is 1
Handshake duration: 296.80 ms
Execution 24 - TLS Mutual
s_connection: verify depth is 1
Handshake duration: 295.40 ms
Execution 25 - TLS Mutual
s_connection: verify depth is 1
Handshake duration: 295.54 ms
Execution 26 - TLS Mutual
s_connection: verify depth is 1
Handshake duration: 295.73 ms
Execution 27 - TLS Mutual
s_connection: verify depth is 1
Handshake duration: 294.77 ms
Execution 28 - TLS Mutual
s_connection: verify depth is 1
Handshake duration: 295.64 ms
Execution 29 - TLS Mutual
s_connection: verify depth is 1
Handshake duration: 296.22 ms
Execution 30 - TLS Mutual
s_connection: verify depth is 1
Handshake duration: 295.77 ms
Execution 31 - TLS Mutual
s_connection: verify depth is 1
Handshake duration: 292.93 ms
Execution 32 - TLS Mutual
s_connection: verify depth is 1
Handshake duration: 294.12 ms
Execution 33 - TLS Mutual
s_connection: verify depth is 1
Handshake duration: 289.99 ms
Execution 34 - TLS Mutual
s_connection: verify depth is 1
Handshake duration: 298.07 ms
Execution 35 - TLS Mutual
s_connection: verify depth is 1
Handshake duration: 292.00 ms
Execution 36 - TLS Mutual
s_connection: verify depth is 1
Handshake duration: 296.14 ms
Execution 37 - TLS Mutual
s_connection: verify depth is 1
Handshake duration: 293.52 ms
Execution 38 - TLS Mutual
s_connection: verify depth is 1
Handshake duration: 295.26 ms
Execution 39 - TLS Mutual
s_connection: verify depth is 1
Handshake duration: 290.21 ms
Execution 40 - TLS Mutual
s_connection: verify depth is 1
Handshake duration: 275.16 ms
Execution 41 - TLS Mutual
s_connection: verify depth is 1
Handshake duration: 278.11 ms
Execution 42 - TLS Mutual
s_connection: verify depth is 1
Handshake duration: 296.68 ms
Execution 43 - TLS Mutual
s_connection: verify depth is 1
Handshake duration: 278.78 ms
Execution 44 - TLS Mutual
s_connection: verify depth is 1
Handshake duration: 297.93 ms
Execution 45 - TLS Mutual
s_connection: verify depth is 1
Handshake duration: 295.83 ms
Execution 46 - TLS Mutual
s_connection: verify depth is 1
Handshake duration: 277.06 ms
Execution 47 - TLS Mutual
s_connection: verify depth is 1
Handshake duration: 276.37 ms
Execution 48 - TLS Mutual
s_connection: verify depth is 1
Handshake duration: 294.56 ms
Execution 49 - TLS Mutual
s_connection: verify depth is 1
Handshake duration: 280.08 ms
Execution 50 - TLS Mutual
s_connection: verify depth is 1
Handshake duration: 276.50 ms
Execution 51 - TLS Mutual
s_connection: verify depth is 1
Handshake duration: 290.43 ms
Execution 52 - TLS Mutual
s_connection: verify depth is 1
Handshake duration: 295.19 ms
Execution 53 - TLS Mutual
s_connection: verify depth is 1
Handshake duration: 295.32 ms
Execution 54 - TLS Mutual
s_connection: verify depth is 1
Handshake duration: 915.08 ms
Execution 55 - TLS Mutual
s_connection: verify depth is 1
Handshake duration: 295.39 ms
Execution 56 - TLS Mutual
s_connection: verify depth is 1
Handshake duration: 1328.09 ms
Execution 57 - TLS Mutual
s_connection: verify depth is 1
Handshake duration: 270.62 ms
Execution 58 - TLS Mutual
s_connection: verify depth is 1
Handshake duration: 265.75 ms
Execution 59 - TLS Mutual
s_connection: verify depth is 1
Handshake duration: 265.16 ms
Execution 60 - TLS Mutual
s_connection: verify depth is 1
Handshake duration: 295.12 ms
Execution 61 - TLS Mutual
s_connection: verify depth is 1
Handshake duration: 296.57 ms
Execution 62 - TLS Mutual
s_connection: verify depth is 1
Handshake duration: 296.82 ms
Execution 63 - TLS Mutual
s_connection: verify depth is 1
Handshake duration: 297.41 ms
Execution 64 - TLS Mutual
s_connection: verify depth is 1
Handshake duration: 299.99 ms
Execution 65 - TLS Mutual
s_connection: verify depth is 1
Handshake duration: 297.50 ms
Execution 66 - TLS Mutual
s_connection: verify depth is 1
Handshake duration: 296.99 ms
Execution 67 - TLS Mutual
s_connection: verify depth is 1
Handshake duration: 292.39 ms
Execution 68 - TLS Mutual
s_connection: verify depth is 1
Handshake duration: 296.84 ms
Execution 69 - TLS Mutual
s_connection: verify depth is 1
Handshake duration: 296.42 ms
Execution 70 - TLS Mutual
s_connection: verify depth is 1
Handshake duration: 294.91 ms
Execution 71 - TLS Mutual
s_connection: verify depth is 1
Handshake duration: 296.20 ms
Execution 72 - TLS Mutual
s_connection: verify depth is 1
Handshake duration: 297.82 ms
Execution 73 - TLS Mutual
s_connection: verify depth is 1
Handshake duration: 298.58 ms
Execution 74 - TLS Mutual
s_connection: verify depth is 1
Handshake duration: 277.25 ms
Execution 75 - TLS Mutual
s_connection: verify depth is 1
Handshake duration: 295.91 ms
Execution 76 - TLS Mutual
s_connection: verify depth is 1
Handshake duration: 295.23 ms
Execution 77 - TLS Mutual
s_connection: verify depth is 1
Handshake duration: 275.48 ms
Execution 78 - TLS Mutual
s_connection: verify depth is 1
Handshake duration: 295.84 ms
Execution 79 - TLS Mutual
s_connection: verify depth is 1
Handshake duration: 301.00 ms
Execution 80 - TLS Mutual
s_connection: verify depth is 1
Handshake duration: 295.27 ms
Execution 81 - TLS Mutual
s_connection: verify depth is 1
Handshake duration: 280.88 ms
Execution 82 - TLS Mutual
s_connection: verify depth is 1
Handshake duration: 296.14 ms
Execution 83 - TLS Mutual
s_connection: verify depth is 1
Handshake duration: 294.50 ms
Execution 84 - TLS Mutual
s_connection: verify depth is 1
Handshake duration: 284.66 ms
Execution 85 - TLS Mutual
s_connection: verify depth is 1
Handshake duration: 296.46 ms
Execution 86 - TLS Mutual
s_connection: verify depth is 1
Handshake duration: 294.91 ms
Execution 87 - TLS Mutual
s_connection: verify depth is 1
Handshake duration: 284.96 ms
Execution 88 - TLS Mutual
s_connection: verify depth is 1
Handshake duration: 292.23 ms
Execution 89 - TLS Mutual
s_connection: verify depth is 1
Handshake duration: 278.00 ms
Execution 90 - TLS Mutual
s_connection: verify depth is 1
Handshake duration: 295.47 ms
Execution 91 - TLS Mutual
s_connection: verify depth is 1
Handshake duration: 293.20 ms
Execution 92 - TLS Mutual
s_connection: verify depth is 1
Handshake duration: 295.72 ms
Execution 93 - TLS Mutual
s_connection: verify depth is 1
Handshake duration: 293.12 ms
Execution 94 - TLS Mutual
s_connection: verify depth is 1
Handshake duration: 297.73 ms
Execution 95 - TLS Mutual
s_connection: verify depth is 1
Handshake duration: 273.73 ms
Execution 96 - TLS Mutual
s_connection: verify depth is 1
Handshake duration: 297.01 ms
Execution 97 - TLS Mutual
s_connection: verify depth is 1
Handshake duration: 293.60 ms
Execution 98 - TLS Mutual
s_connection: verify depth is 1
Handshake duration: 294.98 ms
Execution 99 - TLS Mutual
s_connection: verify depth is 1
Handshake duration: 293.34 ms
Execution 100 - TLS Mutual
s_connection: verify depth is 1
Handshake duration: 294.75 ms
Execution 101 - TLS Mutual
s_connection: verify depth is 1
Handshake duration: 278.19 ms
Execution 102 - TLS Mutual
s_connection: verify depth is 1
Handshake duration: 296.12 ms
Execution 103 - TLS Mutual
s_connection: verify depth is 1
Handshake duration: 293.74 ms
Execution 104 - TLS Mutual
s_connection: verify depth is 1
Handshake duration: 303.42 ms
Execution 105 - TLS Mutual
s_connection: verify depth is 1
Handshake duration: 297.57 ms
Execution 106 - TLS Mutual
s_connection: verify depth is 1
Handshake duration: 293.56 ms
Execution 107 - TLS Mutual
s_connection: verify depth is 1
Handshake duration: 296.42 ms
Execution 108 - TLS Mutual
s_connection: verify depth is 1
Handshake duration: 276.70 ms
Execution 109 - TLS Mutual
s_connection: verify depth is 1
Handshake duration: 293.60 ms
Execution 110 - TLS Mutual
s_connection: verify depth is 1
Handshake duration: 296.37 ms
Execution 111 - TLS Mutual
s_connection: verify depth is 1
Handshake duration: 273.74 ms
Execution 112 - TLS Mutual
s_connection: verify depth is 1
Handshake duration: 295.58 ms
Execution 113 - TLS Mutual
s_connection: verify depth is 1
Handshake duration: 298.12 ms
Execution 114 - TLS Mutual
s_connection: verify depth is 1
Handshake duration: 279.12 ms
Execution 115 - TLS Mutual
s_connection: verify depth is 1
Handshake duration: 295.29 ms
Execution 116 - TLS Mutual
s_connection: verify depth is 1
Handshake duration: 295.51 ms
Execution 117 - TLS Mutual
s_connection: verify depth is 1
Handshake duration: 276.11 ms
Execution 118 - TLS Mutual
s_connection: verify depth is 1
Handshake duration: 291.68 ms
Execution 119 - TLS Mutual
s_connection: verify depth is 1
Handshake duration: 295.96 ms
Execution 120 - TLS Mutual
s_connection: verify depth is 1
Handshake duration: 295.29 ms
Execution 121 - TLS Mutual
s_connection: verify depth is 1
Handshake duration: 918.23 ms
Execution 122 - TLS Mutual
s_connection: verify depth is 1
Handshake duration: 296.49 ms
Execution 123 - TLS Mutual
s_connection: verify depth is 1
Handshake duration: 295.31 ms
Execution 124 - TLS Mutual
s_connection: verify depth is 1
Handshake duration: 303.69 ms
Execution 125 - TLS Mutual
s_connection: verify depth is 1
Handshake duration: 282.42 ms
