Handshake timeout budget: 150s (identique TLS/QUIC)
Applying netem rules to lo...
Showing qdisc status for the interface: lo
qdisc netem 98bd: root refcnt 2 limit 1000 seed 13324150765700223452
 Sent 0 bytes 0 pkt (dropped 0, overlimits 0 requeues 0) 
 backlog 0b 0p requeues 0
Running ./perftestClientTlsQuic.sh with SIG_ALG=secp384r1 and KEM_ALG=P-384
Execution 1 - TLS Mutual
s_connection: verify depth is 1
Handshake duration: 406.61 ms
Execution 2 - TLS Mutual
s_connection: verify depth is 1
Handshake duration: 280.78 ms
Execution 3 - TLS Mutual
s_connection: verify depth is 1
Handshake duration: 281.31 ms
Execution 4 - TLS Mutual
s_connection: verify depth is 1
Handshake duration: 1319.82 ms
Execution 5 - TLS Mutual
s_connection: verify depth is 1
Handshake duration: 282.18 ms
Execution 6 - TLS Mutual
s_connection: verify depth is 1
Handshake duration: 281.29 ms
Execution 7 - TLS Mutual
s_connection: verify depth is 1
Handshake duration: 280.92 ms
Execution 8 - TLS Mutual
s_connection: verify depth is 1
Handshake duration: 664.70 ms
Execution 9 - TLS Mutual
s_connection: verify depth is 1
Handshake duration: 280.76 ms
Execution 10 - TLS Mutual
s_connection: verify depth is 1
Handshake duration: 280.78 ms
Execution 11 - TLS Mutual
s_connection: verify depth is 1
Handshake duration: 280.58 ms
Execution 12 - TLS Mutual
s_connection: verify depth is 1
Handshake duration: 280.92 ms
Execution 13 - TLS Mutual
s_connection: verify depth is 1
Handshake duration: 280.34 ms
Execution 14 - TLS Mutual
s_connection: verify depth is 1
Handshake duration: 283.89 ms
Execution 15 - TLS Mutual
s_connection: verify depth is 1
Handshake duration: 280.37 ms
Execution 16 - TLS Mutual
s_connection: verify depth is 1
Handshake duration: 263.99 ms
Execution 17 - TLS Mutual
s_connection: verify depth is 1
Handshake duration: 665.92 ms
Execution 18 - TLS Mutual
s_connection: verify depth is 1
Handshake duration: 279.49 ms
Execution 19 - TLS Mutual
s_connection: verify depth is 1
Handshake duration: 281.49 ms
Execution 20 - TLS Mutual
s_connection: verify depth is 1
Handshake duration: 280.21 ms
Execution 21 - TLS Mutual
s_connection: verify depth is 1
Handshake duration: 282.24 ms
Execution 22 - TLS Mutual
s_connection: verify depth is 1
Handshake duration: 280.68 ms
Execution 23 - TLS Mutual
s_connection: verify depth is 1
Handshake duration: 280.54 ms
Execution 24 - TLS Mutual
s_connection: verify depth is 1
Handshake duration: 280.77 ms
Execution 25 - TLS Mutual
s_connection: verify depth is 1
Handshake duration: 280.44 ms
Execution 26 - TLS Mutual
s_connection: verify depth is 1
Handshake duration: 284.00 ms
Execution 27 - TLS Mutual
s_connection: verify depth is 1
Handshake duration: 281.81 ms
Execution 28 - TLS Mutual
s_connection: verify depth is 1
Handshake duration: 281.74 ms
Execution 29 - TLS Mutual
s_connection: verify depth is 1
Handshake duration: 281.41 ms
Execution 30 - TLS Mutual
s_connection: verify depth is 1
Handshake duration: 284.06 ms
Execution 31 - TLS Mutual
s_connection: verify depth is 1
Handshake duration: 280.93 ms
Execution 32 - TLS Mutual
s_connection: verify depth is 1
Handshake duration: 282.56 ms
Execution 33 - TLS Mutual
s_connection: verify depth is 1
Handshake duration: 281.44 ms
Execution 34 - TLS Mutual
s_connection: verify depth is 1
Handshake duration: 280.41 ms
Execution 35 - TLS Mutual
s_connection: verify depth is 1
Handshake duration: 1310.51 ms
Execution 36 - TLS Mutual
s_connection: verify depth is 1
Handshake duration: 280.31 ms
Execution 37 - TLS Mutual
s_connection: verify depth is 1
Handshake duration: 282.32 ms
Execution 38 - TLS Mutual
s_connection: verify depth is 1
Handshake duration: 282.14 ms
Execution 39 - TLS Mutual
s_connection: verify depth is 1
Handshake duration: 282.53 ms
Execution 40 - TLS Mutual
s_connection: verify depth is 1
Handshake duration: 280.27 ms
Execution 41 - TLS Mutual
s_connection: verify depth is 1
Handshake duration: 281.11 ms
Execution 42 - TLS Mutual
s_connection: verify depth is 1
Handshake duration: 280.47 ms
Execution 43 - TLS Mutual
s_connection: verify depth is 1
Handshake duration: 280.45 ms
Execution 44 - TLS Mutual
s_connection: verify depth is 1
Handshake duration: 281.08 ms
Execution 45 - TLS Mutual
s_connection: verify depth is 1
Handshake duration: 280.79 ms
Execution 46 - TLS Mutual
s_connection: verify depth is 1
Handshake duration: 280.70 ms
Execution 47 - TLS Mutual
s_connection: verify depth is 1
Handshake duration: 280.30 ms
Execution 48 - TLS Mutual
s_connection: verify depth is 1
Handshake duration: 280.43 ms
Execution 49 - TLS Mutual
s_connection: verify depth is 1
Handshake duration: 280.36 ms
Execution 50 - TLS Mutual
s_connection: verify depth is 1
Handshake duration: 280.46 ms
Execution 51 - TLS Mutual
s_connection: verify depth is 1
Handshake duration: 280.56 ms
Execution 52 - TLS Mutual
s_connection: verify depth is 1
Handshake duration: 280.66 ms
Execution 53 - TLS Mutual
s_connection: verify depth is 1
Handshake duration: 281.05 ms
Execution 54 - TLS Mutual
s_connection: verify depth is 1
Handshake duration: 282.01 ms
Execution 55 - TLS Mutual
s_connection: verify depth is 1
Handshake duration: 281.03 ms
Execution 56 - TLS Mutual
s_connection: verify depth is 1
Handshake duration: 280.25 ms
Execution 57 - TLS Mutual
s_connection: verify depth is 1
Handshake duration: 280.83 ms
Execution 58 - TLS Mutual
s_connection: verify depth is 1
Handshake duration: 280.48 ms
Execution 59 - TLS Mutual
s_connection: verify depth is 1
Handshake duration: 281.43 ms
Execution 60 - TLS Mutual
s_connection: verify depth is 1
Handshake duration: 280.35 ms
Execution 61 - TLS Mutual
s_connection: verify depth is 1
Handshake duration: 280.85 ms
Execution 62 - TLS Mutual
s_connection: verify depth is 1
Handshake duration: 283.51 ms
Execution 63 - TLS Mutual
s_connection: verify depth is 1
Handshake duration: 282.32 ms
Execution 64 - TLS Mutual
s_connection: verify depth is 1
Handshake duration: 283.10 ms
Execution 65 - TLS Mutual
s_connection: verify depth is 1
Handshake duration: 281.16 ms
Execution 66 - TLS Mutual
s_connection: verify depth is 1
Handshake duration: 282.29 ms
Execution 67 - TLS Mutual
s_connection: verify depth is 1
Handshake duration: 281.87 ms
Execution 68 - TLS Mutual
s_connection: verify depth is 1
Handshake duration: 283.87 ms
Execution 69 - TLS Mutual
s_connection: verify depth is 1
Handshake duration: 281.87 ms
Execution 70 - TLS Mutual
s_connection: verify depth is 1
Handshake duration: 281.66 ms
Execution 71 - TLS Mutual
s_connection: verify depth is 1
Handshake duration: 277.05 ms
Execution 72 - TLS Mutual
s_connection: verify depth is 1
Handshake duration: 269.80 ms
Execution 73 - TLS Mutual
s_connection: verify depth is 1
Handshake duration: 264.26 ms
Execution 74 - TLS Mutual
s_connection: verify depth is 1
Handshake duration: 279.81 ms
Execution 75 - TLS Mutual
s_connection: verify depth is 1
Handshake duration: 280.20 ms
Execution 76 - TLS Mutual
s_connection: verify depth is 1
Handshake duration: 281.35 ms
Execution 77 - TLS Mutual
s_connection: verify depth is 1
Handshake duration: 281.11 ms
Execution 78 - TLS Mutual
s_connection: verify depth is 1
Handshake duration: 281.60 ms
Execution 79 - TLS Mutual
s_connection: verify depth is 1
Handshake duration: 281.46 ms
Execution 80 - TLS Mutual
s_connection: verify depth is 1
Handshake duration: 280.43 ms
Execution 81 - TLS Mutual
s_connection: verify depth is 1
Handshake duration: 283.42 ms
Execution 82 - TLS Mutual
s_connection: verify depth is 1
Handshake duration: 284.48 ms
Execution 83 - TLS Mutual
s_connection: verify depth is 1
Handshake duration: 282.97 ms
Execution 84 - TLS Mutual
s_connection: verify depth is 1
Handshake duration: 282.79 ms
Execution 85 - TLS Mutual
s_connection: verify depth is 1
Handshake duration: 282.27 ms
Execution 86 - TLS Mutual
s_connection: verify depth is 1
Handshake duration: 291.59 ms
Execution 87 - TLS Mutual
s_connection: verify depth is 1
Handshake duration: 278.83 ms
Execution 88 - TLS Mutual
s_connection: verify depth is 1
Handshake duration: 282.27 ms
Execution 89 - TLS Mutual
s_connection: verify depth is 1
Handshake duration: 280.72 ms
Execution 90 - TLS Mutual
s_connection: verify depth is 1
Handshake duration: 282.37 ms
Execution 91 - TLS Mutual
s_connection: verify depth is 1
Handshake duration: 282.04 ms
Execution 92 - TLS Mutual
s_connection: verify depth is 1
Handshake duration: 281.89 ms
Execution 93 - TLS Mutual
s_connection: verify depth is 1
Handshake duration: 281.92 ms
Execution 94 - TLS Mutual
s_connection: verify depth is 1
Handshake duration: 280.86 ms
Execution 95 - TLS Mutual
s_connection: verify depth is 1
Handshake duration: 283.06 ms
Execution 96 - TLS Mutual
s_connection: verify depth is 1
Handshake duration: 280.63 ms
Execution 97 - TLS Mutual
s_connection: verify depth is 1
Handshake duration: 282.38 ms
Execution 98 - TLS Mutual
s_connection: verify depth is 1
Handshake duration: 281.40 ms
Execution 99 - TLS Mutual
s_connection: verify depth is 1
Handshake duration: 292.95 ms
Execution 100 - TLS Mutual
s_connection: verify depth is 1
Handshake duration: 282.16 ms
Execution 101 - TLS Mutual
s_connection: verify depth is 1
Handshake duration: 280.62 ms
Execution 102 - TLS Mutual
s_connection: verify depth is 1
Handshake duration: 282.13 ms
Execution 103 - TLS Mutual
s_connection: verify depth is 1
Handshake duration: 281.79 ms
Execution 104 - TLS Mutual
s_connection: verify depth is 1
Handshake duration: 282.56 ms
Execution 105 - TLS Mutual
s_connection: verify depth is 1
Handshake duration: 282.65 ms
Execution 106 - TLS Mutual
s_connection: verify depth is 1
Handshake duration: 278.30 ms
Execution 107 - TLS Mutual
s_connection: verify depth is 1
Handshake duration: 281.11 ms
Execution 108 - TLS Mutual
s_connection: verify depth is 1
Handshake duration: 282.92 ms
Execution 109 - TLS Mutual
s_connection: verify depth is 1
Handshake duration: 281.32 ms
Execution 110 - TLS Mutual
s_connection: verify depth is 1
Handshake duration: 281.30 ms
Execution 111 - TLS Mutual
s_connection: verify depth is 1
Handshake duration: 280.67 ms
Execution 112 - TLS Mutual
s_connection: verify depth is 1
Handshake duration: 280.75 ms
Execution 113 - TLS Mutual
s_connection: verify depth is 1
Handshake duration: 280.84 ms
Execution 114 - TLS Mutual
s_connection: verify depth is 1
Handshake duration: 1330.66 ms
Execution 115 - TLS Mutual
s_connection: verify depth is 1
Handshake duration: 281.66 ms
Execution 116 - TLS Mutual
s_connection: verify depth is 1
Handshake duration: 280.28 ms
Execution 117 - TLS Mutual
s_connection: verify depth is 1
Handshake duration: 280.82 ms
Execution 118 - TLS Mutual
s_connection: verify depth is 1
Handshake duration: 280.75 ms
Execution 119 - TLS Mutual
s_connection: verify depth is 1
Handshake duration: 280.25 ms
Execution 120 - TLS Mutual
s_connection: verify depth is 1
Handshake duration: 281.52 ms
Execution 121 - TLS Mutual
s_connection: verify depth is 1
Handshake duration: 280.74 ms
Execution 122 - TLS Mutual
s_connection: verify depth is 1
Handshake duration: 280.46 ms
Execution 123 - TLS Mutual
s_connection: verify depth is 1
Handshake duration: 282.02 ms
Execution 124 - TLS Mutual
s_connection: verify depth is 1
Handshake duration: 280.94 ms
Execution 125 - TLS Mutual
s_connection: verify depth is 1
Handshake duration: 280.40 ms
