Handshake timeout budget: 150s (identique TLS/QUIC)
Applying netem rules to lo...
Showing qdisc status for the interface: lo
qdisc netem 8343: root refcnt 2 limit 1000 seed 1350063898468884222
 Sent 0 bytes 0 pkt (dropped 0, overlimits 0 requeues 0) 
 backlog 0b 0p requeues 0
Running ./perftestClientTlsQuic.sh with SIG_ALG=mldsa65 and KEM_ALG=hqc192
Execution 1 - TLS Mutual
s_connection: verify depth is 1
Handshake duration: 693.69 ms
Execution 2 - TLS Mutual
s_connection: verify depth is 1
Handshake duration: 584.19 ms
Execution 3 - TLS Mutual
s_connection: verify depth is 1
Handshake duration: 568.63 ms
Execution 4 - TLS Mutual
s_connection: verify depth is 1
Handshake duration: 571.09 ms
Execution 5 - TLS Mutual
s_connection: verify depth is 1
Handshake duration: 568.86 ms
Execution 6 - TLS Mutual
s_connection: verify depth is 1
Handshake duration: 566.44 ms
Execution 7 - TLS Mutual
s_connection: verify depth is 1
Handshake duration: 566.46 ms
Execution 8 - TLS Mutual
s_connection: verify depth is 1
Handshake duration: 570.19 ms
Execution 9 - TLS Mutual
s_connection: verify depth is 1
Handshake duration: 694.62 ms
Execution 10 - TLS Mutual
s_connection: verify depth is 1
Handshake duration: 569.87 ms
Execution 11 - TLS Mutual
s_connection: verify depth is 1
Handshake duration: 609.64 ms
Execution 12 - TLS Mutual
s_connection: verify depth is 1
Handshake duration: 563.11 ms
Execution 13 - TLS Mutual
s_connection: verify depth is 1
Handshake duration: 2103.12 ms
Execution 14 - TLS Mutual
s_connection: verify depth is 1
Handshake duration: 577.25 ms
Execution 15 - TLS Mutual
s_connection: verify depth is 1
Handshake duration: 569.31 ms
Execution 16 - TLS Mutual
s_connection: verify depth is 1
Handshake duration: 569.74 ms
Execution 17 - TLS Mutual
s_connection: verify depth is 1
Handshake duration: 572.22 ms
Execution 18 - TLS Mutual
s_connection: verify depth is 1
Handshake duration: 572.31 ms
Execution 19 - TLS Mutual
s_connection: verify depth is 1
Handshake duration: 570.85 ms
Execution 20 - TLS Mutual
s_connection: verify depth is 1
Handshake duration: 568.24 ms
Execution 21 - TLS Mutual
s_connection: verify depth is 1
Handshake duration: 563.86 ms
Execution 22 - TLS Mutual
s_connection: verify depth is 1
Handshake duration: 567.22 ms
Execution 23 - TLS Mutual
s_connection: verify depth is 1
Handshake duration: 568.36 ms
Execution 24 - TLS Mutual
s_connection: verify depth is 1
Handshake duration: 568.82 ms
Execution 25 - TLS Mutual
s_connection: verify depth is 1
Handshake duration: 564.24 ms
Execution 26 - TLS Mutual
s_connection: verify depth is 1
Handshake duration: 566.04 ms
Execution 27 - TLS Mutual
s_connection: verify depth is 1
Handshake duration: 563.52 ms
Execution 28 - TLS Mutual
s_connection: verify depth is 1
Handshake duration: 564.25 ms
Execution 29 - TLS Mutual
s_connection: verify depth is 1
Handshake duration: 566.33 ms
Execution 30 - TLS Mutual
s_connection: verify depth is 1
Handshake duration: 1580.53 ms
Execution 31 - TLS Mutual
s_connection: verify depth is 1
Handshake duration: 573.02 ms
Execution 32 - TLS Mutual
s_connection: verify depth is 1
Handshake duration: 615.56 ms
Execution 33 - TLS Mutual
s_connection: verify depth is 1
Handshake duration: 561.78 ms
Execution 34 - TLS Mutual
s_connection: verify depth is 1
Handshake duration: 565.48 ms
Execution 35 - TLS Mutual
s_connection: verify depth is 1
Handshake duration: 567.33 ms
Execution 36 - TLS Mutual
s_connection: verify depth is 1
Handshake duration: 1077.07 ms
Execution 37 - TLS Mutual
s_connection: verify depth is 1
Handshake duration: 580.90 ms
Execution 38 - TLS Mutual
s_connection: verify depth is 1
Handshake duration: 571.75 ms
Execution 39 - TLS Mutual
s_connection: verify depth is 1
Handshake duration: 571.59 ms
Execution 40 - TLS Mutual
s_connection: verify depth is 1
Handshake duration: 569.74 ms
Execution 41 - TLS Mutual
s_connection: verify depth is 1
Handshake duration: 564.53 ms
Execution 42 - TLS Mutual
s_connection: verify depth is 1
Handshake duration: 571.40 ms
Execution 43 - TLS Mutual
s_connection: verify depth is 1
Handshake duration: 566.99 ms
Execution 44 - TLS Mutual
s_connection: verify depth is 1
Handshake duration: 557.00 ms
Execution 45 - TLS Mutual
s_connection: verify depth is 1
Handshake duration: 570.35 ms
Execution 46 - TLS Mutual
s_connection: verify depth is 1
Handshake duration: 565.64 ms
Execution 47 - TLS Mutual
s_connection: verify depth is 1
Handshake duration: 573.53 ms
Execution 48 - TLS Mutual
s_connection: verify depth is 1
Handshake duration: 1625.39 ms
Execution 49 - TLS Mutual
s_connection: verify depth is 1
Handshake duration: 570.71 ms
Execution 50 - TLS Mutual
s_connection: verify depth is 1
Handshake duration: 566.96 ms
Execution 51 - TLS Mutual
s_connection: verify depth is 1
Handshake duration: 565.06 ms
Execution 52 - TLS Mutual
s_connection: verify depth is 1
Handshake duration: 565.23 ms
Execution 53 - TLS Mutual
s_connection: verify depth is 1
Handshake duration: 580.54 ms
Execution 54 - TLS Mutual
s_connection: verify depth is 1
Handshake duration: 581.04 ms
Execution 55 - TLS Mutual
s_connection: verify depth is 1
Handshake duration: 562.31 ms
Execution 56 - TLS Mutual
s_connection: verify depth is 1
Handshake duration: 559.34 ms
Execution 57 - TLS Mutual
s_connection: verify depth is 1
Handshake duration: 572.92 ms
Execution 58 - TLS Mutual
s_connection: verify depth is 1
Handshake duration: 576.15 ms
Execution 59 - TLS Mutual
s_connection: verify depth is 1
Handshake duration: 565.77 ms
Execution 60 - TLS Mutual
s_connection: verify depth is 1
Handshake duration: 565.95 ms
Execution 61 - TLS Mutual
s_connection: verify depth is 1
Handshake duration: 565.47 ms
Execution 62 - TLS Mutual
s_connection: verify depth is 1
Handshake duration: 572.83 ms
Execution 63 - TLS Mutual
s_connection: verify depth is 1
Handshake duration: 699.60 ms
Execution 64 - TLS Mutual
s_connection: verify depth is 1
Handshake duration: 1622.65 ms
Execution 65 - TLS Mutual
s_connection: verify depth is 1
Handshake duration: 573.14 ms
Execution 66 - TLS Mutual
s_connection: verify depth is 1
Handshake duration: 564.15 ms
Execution 67 - TLS Mutual
s_connection: verify depth is 1
Handshake duration: 569.05 ms
Execution 68 - TLS Mutual
s_connection: verify depth is 1
Handshake duration: 569.80 ms
Execution 69 - TLS Mutual
s_connection: verify depth is 1
Handshake duration: 1079.67 ms
Execution 70 - TLS Mutual
s_connection: verify depth is 1
Handshake duration: 578.75 ms
Execution 71 - TLS Mutual
s_connection: verify depth is 1
Handshake duration: 565.90 ms
Execution 72 - TLS Mutual
s_connection: verify depth is 1
Handshake duration: 570.04 ms
Execution 73 - TLS Mutual
s_connection: verify depth is 1
Handshake duration: 569.24 ms
Execution 74 - TLS Mutual
s_connection: verify depth is 1
Handshake duration: 567.80 ms
Execution 75 - TLS Mutual
s_connection: verify depth is 1
Handshake duration: 572.46 ms
Execution 76 - TLS Mutual
s_connection: verify depth is 1
Handshake duration: 572.50 ms
Execution 77 - TLS Mutual
s_connection: verify depth is 1
Handshake duration: 573.73 ms
Execution 78 - TLS Mutual
s_connection: verify depth is 1
Handshake duration: 571.32 ms
Execution 79 - TLS Mutual
s_connection: verify depth is 1
Handshake duration: 572.12 ms
Execution 80 - TLS Mutual
s_connection: verify depth is 1
Handshake duration: 564.57 ms
Execution 81 - TLS Mutual
s_connection: verify depth is 1
Handshake duration: 572.36 ms
Execution 82 - TLS Mutual
s_connection: verify depth is 1
Handshake duration: 567.88 ms
Execution 83 - TLS Mutual
s_connection: verify depth is 1
Handshake duration: 568.87 ms
Execution 84 - TLS Mutual
s_connection: verify depth is 1
Handshake duration: 565.89 ms
Execution 85 - TLS Mutual
s_connection: verify depth is 1
Handshake duration: 564.73 ms
Execution 86 - TLS Mutual
s_connection: verify depth is 1
Handshake duration: 566.42 ms
Execution 87 - TLS Mutual
s_connection: verify depth is 1
Handshake duration: 573.51 ms
Execution 88 - TLS Mutual
s_connection: verify depth is 1
Handshake duration: 572.33 ms
Execution 89 - TLS Mutual
s_connection: verify depth is 1
Handshake duration: 1072.38 ms
Execution 90 - TLS Mutual
s_connection: verify depth is 1
Handshake duration: 511.25 ms
Execution 91 - TLS Mutual
s_connection: verify depth is 1
Handshake duration: 614.08 ms
Execution 92 - TLS Mutual
s_connection: verify depth is 1
Handshake duration: 564.89 ms
Execution 93 - TLS Mutual
s_connection: verify depth is 1
Handshake duration: 573.31 ms
Execution 94 - TLS Mutual
s_connection: verify depth is 1
Handshake duration: 572.26 ms
Execution 95 - TLS Mutual
s_connection: verify depth is 1
Handshake duration: 568.58 ms
Execution 96 - TLS Mutual
s_connection: verify depth is 1
Handshake duration: 573.31 ms
Execution 97 - TLS Mutual
s_connection: verify depth is 1
Handshake duration: 568.39 ms
Execution 98 - TLS Mutual
s_connection: verify depth is 1
Handshake duration: 614.71 ms
Execution 99 - TLS Mutual
s_connection: verify depth is 1
Handshake duration: 564.52 ms
Execution 100 - TLS Mutual
s_connection: verify depth is 1
Handshake duration: 564.44 ms
Execution 101 - TLS Mutual
s_connection: verify depth is 1
Handshake duration: 565.48 ms
Execution 102 - TLS Mutual
s_connection: verify depth is 1
Handshake duration: 579.30 ms
Execution 103 - TLS Mutual
s_connection: verify depth is 1
Handshake duration: 572.87 ms
Execution 104 - TLS Mutual
s_connection: verify depth is 1
Handshake duration: 465.21 ms
Execution 105 - TLS Mutual
s_connection: verify depth is 1
Handshake duration: 557.49 ms
Execution 106 - TLS Mutual
s_connection: verify depth is 1
Handshake duration: 568.52 ms
Execution 107 - TLS Mutual
s_connection: verify depth is 1
Handshake duration: 566.31 ms
Execution 108 - TLS Mutual
s_connection: verify depth is 1
Handshake duration: 698.01 ms
Execution 109 - TLS Mutual
s_connection: verify depth is 1
Handshake duration: 611.57 ms
Execution 110 - TLS Mutual
s_connection: verify depth is 1
Handshake duration: 566.69 ms
Execution 111 - TLS Mutual
s_connection: verify depth is 1
Handshake duration: 1588.69 ms
Execution 112 - TLS Mutual
s_connection: verify depth is 1
Handshake duration: 1085.35 ms
Execution 113 - TLS Mutual
s_connection: verify depth is 1
Handshake duration: 569.00 ms
Execution 114 - TLS Mutual
s_connection: verify depth is 1
Handshake duration: 562.95 ms
Execution 115 - TLS Mutual
s_connection: verify depth is 1
Handshake duration: 566.35 ms
Execution 116 - TLS Mutual
s_connection: verify depth is 1
Handshake duration: 606.70 ms
Execution 117 - TLS Mutual
s_connection: verify depth is 1
Handshake duration: 565.26 ms
Execution 118 - TLS Mutual
s_connection: verify depth is 1
Handshake duration: 566.58 ms
Execution 119 - TLS Mutual
s_connection: verify depth is 1
Handshake duration: 565.13 ms
Execution 120 - TLS Mutual
s_connection: verify depth is 1
Handshake duration: 574.12 ms
Execution 121 - TLS Mutual
s_connection: verify depth is 1
Handshake duration: 567.57 ms
Execution 122 - TLS Mutual
s_connection: verify depth is 1
Handshake duration: 572.41 ms
Execution 123 - TLS Mutual
s_connection: verify depth is 1
Handshake duration: 568.75 ms
Execution 124 - TLS Mutual
s_connection: verify depth is 1
Handshake duration: 573.39 ms
Execution 125 - TLS Mutual
s_connection: verify depth is 1
Handshake duration: 586.28 ms
