Handshake timeout budget: 150s (identique TLS/QUIC)
Applying netem rules to lo...
Showing qdisc status for the interface: lo
qdisc netem 8323: root refcnt 2 limit 1000 seed 5983212582240066475
 Sent 0 bytes 0 pkt (dropped 0, overlimits 0 requeues 0) 
 backlog 0b 0p requeues 0
Running ./perftestClientTlsQuic.sh with SIG_ALG=mldsa87 and KEM_ALG=hqc256
Execution 1 - TLS Mutual
s_connection: verify depth is 1
Handshake duration: 868.64 ms
Execution 2 - TLS Mutual
s_connection: verify depth is 1
Handshake duration: 741.69 ms
Execution 3 - TLS Mutual
s_connection: verify depth is 1
Handshake duration: 746.73 ms
Execution 4 - TLS Mutual
s_connection: verify depth is 1
Handshake duration: 746.07 ms
Execution 5 - TLS Mutual
s_connection: verify depth is 1
Handshake duration: 749.34 ms
Execution 6 - TLS Mutual
s_connection: verify depth is 1
Handshake duration: 741.82 ms
Execution 7 - TLS Mutual
s_connection: verify depth is 1
Handshake duration: 759.32 ms
Execution 8 - TLS Mutual
s_connection: verify depth is 1
Handshake duration: 750.90 ms
Execution 9 - TLS Mutual
s_connection: verify depth is 1
Handshake duration: 743.76 ms
Execution 10 - TLS Mutual
s_connection: verify depth is 1
Handshake duration: 741.86 ms
Execution 11 - TLS Mutual
s_connection: verify depth is 1
Handshake duration: 745.66 ms
Execution 12 - TLS Mutual
s_connection: verify depth is 1
Handshake duration: 742.08 ms
Execution 13 - TLS Mutual
s_connection: verify depth is 1
Handshake duration: 752.47 ms
Execution 14 - TLS Mutual
s_connection: verify depth is 1
Handshake duration: 752.49 ms
Execution 15 - TLS Mutual
s_connection: verify depth is 1
Handshake duration: 754.92 ms
Execution 16 - TLS Mutual
s_connection: verify depth is 1
Handshake duration: 871.34 ms
Execution 17 - TLS Mutual
s_connection: verify depth is 1
Handshake duration: 742.03 ms
Execution 18 - TLS Mutual
s_connection: verify depth is 1
Handshake duration: 731.82 ms
Execution 19 - TLS Mutual
s_connection: verify depth is 1
Handshake duration: 755.53 ms
Execution 20 - TLS Mutual
s_connection: verify depth is 1
Handshake duration: 747.94 ms
Execution 21 - TLS Mutual
s_connection: verify depth is 1
Handshake duration: 733.89 ms
Execution 22 - TLS Mutual
s_connection: verify depth is 1
Handshake duration: 751.70 ms
Execution 23 - TLS Mutual
s_connection: verify depth is 1
Handshake duration: 734.49 ms
Execution 24 - TLS Mutual
s_connection: verify depth is 1
Handshake duration: 748.04 ms
Execution 25 - TLS Mutual
s_connection: verify depth is 1
Handshake duration: 744.46 ms
Execution 26 - TLS Mutual
s_connection: verify depth is 1
Handshake duration: 738.67 ms
Execution 27 - TLS Mutual
s_connection: verify depth is 1
Handshake duration: 751.57 ms
Execution 28 - TLS Mutual
s_connection: verify depth is 1
Handshake duration: 767.53 ms
Execution 29 - TLS Mutual
s_connection: verify depth is 1
Handshake duration: 746.98 ms
Execution 30 - TLS Mutual
s_connection: verify depth is 1
Handshake duration: 742.44 ms
Execution 31 - TLS Mutual
s_connection: verify depth is 1
Handshake duration: 744.53 ms
Execution 32 - TLS Mutual
s_connection: verify depth is 1
Handshake duration: 740.49 ms
Execution 33 - TLS Mutual
s_connection: verify depth is 1
Handshake duration: 746.88 ms
Execution 34 - TLS Mutual
s_connection: verify depth is 1
Handshake duration: 752.77 ms
Execution 35 - TLS Mutual
s_connection: verify depth is 1
Handshake duration: 931.93 ms
Execution 36 - TLS Mutual
s_connection: verify depth is 1
Handshake duration: 744.64 ms
Execution 37 - TLS Mutual
s_connection: verify depth is 1
Handshake duration: 732.85 ms
Execution 38 - TLS Mutual
s_connection: verify depth is 1
Handshake duration: 935.15 ms
Execution 39 - TLS Mutual
s_connection: verify depth is 1
Handshake duration: 742.71 ms
Execution 40 - TLS Mutual
s_connection: verify depth is 1
Handshake duration: 750.02 ms
Execution 41 - TLS Mutual
s_connection: verify depth is 1
Handshake duration: 747.90 ms
Execution 42 - TLS Mutual
s_connection: verify depth is 1
Handshake duration: 743.07 ms
Execution 43 - TLS Mutual
s_connection: verify depth is 1
Handshake duration: 754.09 ms
Execution 44 - TLS Mutual
s_connection: verify depth is 1
Handshake duration: 744.21 ms
Execution 45 - TLS Mutual
s_connection: verify depth is 1
Handshake duration: 745.98 ms
Execution 46 - TLS Mutual
s_connection: verify depth is 1
Handshake duration: 1185.49 ms
Execution 47 - TLS Mutual
s_connection: verify depth is 1
Handshake duration: 939.90 ms
Execution 48 - TLS Mutual
s_connection: verify depth is 1
Handshake duration: 751.63 ms
Execution 49 - TLS Mutual
s_connection: verify depth is 1
Handshake duration: 740.75 ms
Execution 50 - TLS Mutual
s_connection: verify depth is 1
Handshake duration: 727.55 ms
Execution 51 - TLS Mutual
s_connection: verify depth is 1
Handshake duration: 1183.10 ms
Execution 52 - TLS Mutual
s_connection: verify depth is 1
Handshake duration: 741.48 ms
Execution 53 - TLS Mutual
s_connection: verify depth is 1
Handshake duration: 752.71 ms
Execution 54 - TLS Mutual
s_connection: verify depth is 1
Handshake duration: 736.88 ms
Execution 55 - TLS Mutual
s_connection: verify depth is 1
Handshake duration: 730.95 ms
Execution 56 - TLS Mutual
s_connection: verify depth is 1
Handshake duration: 735.08 ms
Execution 57 - TLS Mutual
s_connection: verify depth is 1
Handshake duration: 750.92 ms
Execution 58 - TLS Mutual
s_connection: verify depth is 1
Handshake duration: 741.20 ms
Execution 59 - TLS Mutual
s_connection: verify depth is 1
Handshake duration: 760.21 ms
Execution 60 - TLS Mutual
s_connection: verify depth is 1
Handshake duration: 764.94 ms
Execution 61 - TLS Mutual
s_connection: verify depth is 1
Handshake duration: 875.23 ms
Execution 62 - TLS Mutual
s_connection: verify depth is 1
Handshake duration: 738.93 ms
Execution 63 - TLS Mutual
s_connection: verify depth is 1
Handshake duration: 743.99 ms
Execution 64 - TLS Mutual
s_connection: verify depth is 1
Handshake duration: 743.26 ms
Execution 65 - TLS Mutual
s_connection: verify depth is 1
Handshake duration: 682.39 ms
Execution 66 - TLS Mutual
s_connection: verify depth is 1
Handshake duration: 742.92 ms
Execution 67 - TLS Mutual
s_connection: verify depth is 1
Handshake duration: 748.61 ms
Execution 68 - TLS Mutual
s_connection: verify depth is 1
Handshake duration: 729.87 ms
Execution 69 - TLS Mutual
s_connection: verify depth is 1
Handshake duration: 975.57 ms
Execution 70 - TLS Mutual
s_connection: verify depth is 1
Handshake duration: 738.47 ms
Execution 71 - TLS Mutual
s_connection: verify depth is 1
Handshake duration: 749.58 ms
Execution 72 - TLS Mutual
s_connection: verify depth is 1
Handshake duration: 742.09 ms
Execution 73 - TLS Mutual
s_connection: verify depth is 1
Handshake duration: 733.15 ms
Execution 74 - TLS Mutual
s_connection: verify depth is 1
Handshake duration: 757.03 ms
Execution 75 - TLS Mutual
s_connection: verify depth is 1
Handshake duration: 582.62 ms
Execution 76 - TLS Mutual
s_connection: verify depth is 1
Handshake duration: 737.11 ms
Execution 77 - TLS Mutual
s_connection: verify depth is 1
Handshake duration: 1222.82 ms
Execution 78 - TLS Mutual
s_connection: verify depth is 1
Handshake duration: 737.09 ms
Execution 79 - TLS Mutual
s_connection: verify depth is 1
Handshake duration: 871.25 ms
Execution 80 - TLS Mutual
s_connection: verify depth is 1
Handshake duration: 1789.07 ms
Execution 81 - TLS Mutual
s_connection: verify depth is 1
Handshake duration: 746.09 ms
Execution 82 - TLS Mutual
s_connection: verify depth is 1
Handshake duration: 754.81 ms
Execution 83 - TLS Mutual
s_connection: verify depth is 1
Handshake duration: 749.84 ms
Execution 84 - TLS Mutual
s_connection: verify depth is 1
Handshake duration: 744.37 ms
Execution 85 - TLS Mutual
s_connection: verify depth is 1
Handshake duration: 746.43 ms
Execution 86 - TLS Mutual
s_connection: verify depth is 1
Handshake duration: 715.74 ms
Execution 87 - TLS Mutual
s_connection: verify depth is 1
Handshake duration: 741.41 ms
Execution 88 - TLS Mutual
s_connection: verify depth is 1
Handshake duration: 728.75 ms
Execution 89 - TLS Mutual
s_connection: verify depth is 1
Handshake duration: 876.51 ms
Execution 90 - TLS Mutual
s_connection: verify depth is 1
Handshake duration: 740.11 ms
Execution 91 - TLS Mutual
s_connection: verify depth is 1
Handshake duration: 749.05 ms
Execution 92 - TLS Mutual
s_connection: verify depth is 1
Handshake duration: 744.30 ms
Execution 93 - TLS Mutual
s_connection: verify depth is 1
Handshake duration: 729.46 ms
Execution 94 - TLS Mutual
s_connection: verify depth is 1
Handshake duration: 744.81 ms
Execution 95 - TLS Mutual
s_connection: verify depth is 1
Handshake duration: 745.36 ms
Execution 96 - TLS Mutual
s_connection: verify depth is 1
Handshake duration: 869.30 ms
Execution 97 - TLS Mutual
s_connection: verify depth is 1
Handshake duration: 744.04 ms
Execution 98 - TLS Mutual
s_connection: verify depth is 1
Handshake duration: 758.23 ms
Execution 99 - TLS Mutual
s_connection: verify depth is 1
Handshake duration: 745.56 ms
Execution 100 - TLS Mutual
s_connection: verify depth is 1
Handshake duration: 740.41 ms
Execution 101 - TLS Mutual
s_connection: verify depth is 1
Handshake duration: 747.53 ms
Execution 102 - TLS Mutual
s_connection: verify depth is 1
Handshake duration: 754.08 ms
Execution 103 - TLS Mutual
s_connection: verify depth is 1
Handshake duration: 748.14 ms
Execution 104 - TLS Mutual
s_connection: verify depth is 1
Handshake duration: 748.01 ms
Execution 105 - TLS Mutual
s_connection: verify depth is 1
Handshake duration: 737.87 ms
Execution 106 - TLS Mutual
s_connection: verify depth is 1
Handshake duration: 743.66 ms
Execution 107 - TLS Mutual
s_connection: verify depth is 1
Handshake duration: 746.42 ms
Execution 108 - TLS Mutual
s_connection: verify depth is 1
Handshake duration: 734.60 ms
Execution 109 - TLS Mutual
s_connection: verify depth is 1
Handshake duration: 740.35 ms
Execution 110 - TLS Mutual
s_connection: verify depth is 1
Handshake duration: 745.53 ms
Execution 111 - TLS Mutual
s_connection: verify depth is 1
Handshake duration: 760.12 ms
Execution 112 - TLS Mutual
s_connection: verify depth is 1
Handshake duration: 749.79 ms
Execution 113 - TLS Mutual
s_connection: verify depth is 1
Handshake duration: 746.02 ms
Execution 114 - TLS Mutual
s_connection: verify depth is 1
Handshake duration: 761.53 ms
Execution 115 - TLS Mutual
s_connection: verify depth is 1
Handshake duration: 748.21 ms
Execution 116 - TLS Mutual
s_connection: verify depth is 1
Handshake duration: 735.60 ms
Execution 117 - TLS Mutual
s_connection: verify depth is 1
Handshake duration: 740.23 ms
Execution 118 - TLS Mutual
s_connection: verify depth is 1
Handshake duration: 739.21 ms
Execution 119 - TLS Mutual
s_connection: verify depth is 1
Handshake duration: 742.60 ms
Execution 120 - TLS Mutual
s_connection: verify depth is 1
Handshake duration: 1763.13 ms
Execution 121 - TLS Mutual
s_connection: verify depth is 1
Handshake duration: 728.41 ms
Execution 122 - TLS Mutual
s_connection: verify depth is 1
Handshake duration: 738.31 ms
Execution 123 - TLS Mutual
s_connection: verify depth is 1
Handshake duration: 752.23 ms
Execution 124 - TLS Mutual
s_connection: verify depth is 1
Handshake duration: 752.29 ms
Execution 125 - TLS Mutual
s_connection: verify depth is 1
Handshake duration: 725.31 ms
