Handshake timeout budget: 150s (identique TLS/QUIC)
Applying netem rules to lo...
Showing qdisc status for the interface: lo
qdisc netem 9041: root refcnt 2 limit 1000 seed 5085429408671567898
 Sent 0 bytes 0 pkt (dropped 0, overlimits 0 requeues 0) 
 backlog 0b 0p requeues 0
Running ./perftestClientTlsQuic.sh with SIG_ALG=ed25519 and KEM_ALG=hqc128
Execution 1 - TLS Mutual
s_connection: verify depth is 1
Handshake duration: 439.03 ms
Execution 2 - TLS Mutual
s_connection: verify depth is 1
Handshake duration: 599.49 ms
Execution 3 - TLS Mutual
s_connection: verify depth is 1
Handshake duration: 311.61 ms
Execution 4 - TLS Mutual
s_connection: verify depth is 1
Handshake duration: 304.11 ms
Execution 5 - TLS Mutual
s_connection: verify depth is 1
Handshake duration: 293.90 ms
Execution 6 - TLS Mutual
s_connection: verify depth is 1
Handshake duration: 314.09 ms
Execution 7 - TLS Mutual
s_connection: verify depth is 1
Handshake duration: 314.24 ms
Execution 8 - TLS Mutual
s_connection: verify depth is 1
Handshake duration: 313.25 ms
Execution 9 - TLS Mutual
s_connection: verify depth is 1
Handshake duration: 324.65 ms
Execution 10 - TLS Mutual
s_connection: verify depth is 1
Handshake duration: 315.99 ms
Execution 11 - TLS Mutual
s_connection: verify depth is 1
Handshake duration: 302.27 ms
Execution 12 - TLS Mutual
s_connection: verify depth is 1
Handshake duration: 313.31 ms
Execution 13 - TLS Mutual
s_connection: verify depth is 1
Handshake duration: 301.80 ms
Execution 14 - TLS Mutual
s_connection: verify depth is 1
Handshake duration: 313.33 ms
Execution 15 - TLS Mutual
s_connection: verify depth is 1
Handshake duration: 315.71 ms
Execution 16 - TLS Mutual
s_connection: verify depth is 1
Handshake duration: 314.27 ms
Execution 17 - TLS Mutual
s_connection: verify depth is 1
Handshake duration: 924.73 ms
Execution 18 - TLS Mutual
s_connection: verify depth is 1
Handshake duration: 314.44 ms
Execution 19 - TLS Mutual
s_connection: verify depth is 1
Handshake duration: 301.21 ms
Execution 20 - TLS Mutual
s_connection: verify depth is 1
Handshake duration: 294.36 ms
Execution 21 - TLS Mutual
s_connection: verify depth is 1
Handshake duration: 292.81 ms
Execution 22 - TLS Mutual
s_connection: verify depth is 1
Handshake duration: 314.86 ms
Execution 23 - TLS Mutual
s_connection: verify depth is 1
Handshake duration: 302.00 ms
Execution 24 - TLS Mutual
s_connection: verify depth is 1
Handshake duration: 293.84 ms
Execution 25 - TLS Mutual
s_connection: verify depth is 1
Handshake duration: 302.52 ms
Execution 26 - TLS Mutual
s_connection: verify depth is 1
Handshake duration: 292.83 ms
Execution 27 - TLS Mutual
s_connection: verify depth is 1
Handshake duration: 283.65 ms
Execution 28 - TLS Mutual
s_connection: verify depth is 1
Handshake duration: 306.68 ms
Execution 29 - TLS Mutual
s_connection: verify depth is 1
Handshake duration: 300.31 ms
Execution 30 - TLS Mutual
s_connection: verify depth is 1
Handshake duration: 284.54 ms
Execution 31 - TLS Mutual
s_connection: verify depth is 1
Handshake duration: 314.06 ms
Execution 32 - TLS Mutual
s_connection: verify depth is 1
Handshake duration: 302.19 ms
Execution 33 - TLS Mutual
s_connection: verify depth is 1
Handshake duration: 297.96 ms
Execution 34 - TLS Mutual
s_connection: verify depth is 1
Handshake duration: 312.72 ms
Execution 35 - TLS Mutual
s_connection: verify depth is 1
Handshake duration: 301.64 ms
Execution 36 - TLS Mutual
s_connection: verify depth is 1
Handshake duration: 288.06 ms
Execution 37 - TLS Mutual
s_connection: verify depth is 1
Handshake duration: 294.81 ms
Execution 38 - TLS Mutual
s_connection: verify depth is 1
Handshake duration: 314.03 ms
Execution 39 - TLS Mutual
s_connection: verify depth is 1
Handshake duration: 313.41 ms
Execution 40 - TLS Mutual
s_connection: verify depth is 1
Handshake duration: 291.10 ms
Execution 41 - TLS Mutual
s_connection: verify depth is 1
Handshake duration: 313.84 ms
Execution 42 - TLS Mutual
s_connection: verify depth is 1
Handshake duration: 282.66 ms
Execution 43 - TLS Mutual
s_connection: verify depth is 1
Handshake duration: 314.04 ms
Execution 44 - TLS Mutual
s_connection: verify depth is 1
Handshake duration: 309.49 ms
Execution 45 - TLS Mutual
s_connection: verify depth is 1
Handshake duration: 301.89 ms
Execution 46 - TLS Mutual
s_connection: verify depth is 1
Handshake duration: 546.00 ms
Execution 47 - TLS Mutual
s_connection: verify depth is 1
Handshake duration: 302.67 ms
Execution 48 - TLS Mutual
s_connection: verify depth is 1
Handshake duration: 311.62 ms
Execution 49 - TLS Mutual
s_connection: verify depth is 1
Handshake duration: 301.52 ms
Execution 50 - TLS Mutual
s_connection: verify depth is 1
Handshake duration: 312.10 ms
Execution 51 - TLS Mutual
s_connection: verify depth is 1
Handshake duration: 303.06 ms
Execution 52 - TLS Mutual
s_connection: verify depth is 1
Handshake duration: 577.73 ms
Execution 53 - TLS Mutual
s_connection: verify depth is 1
Handshake duration: 302.74 ms
Execution 54 - TLS Mutual
s_connection: verify depth is 1
Handshake duration: 313.67 ms
Execution 55 - TLS Mutual
s_connection: verify depth is 1
Handshake duration: 293.70 ms
Execution 56 - TLS Mutual
s_connection: verify depth is 1
Handshake duration: 301.78 ms
Execution 57 - TLS Mutual
s_connection: verify depth is 1
Handshake duration: 314.17 ms
Execution 58 - TLS Mutual
s_connection: verify depth is 1
Handshake duration: 299.39 ms
Execution 59 - TLS Mutual
s_connection: verify depth is 1
Handshake duration: 281.93 ms
Execution 60 - TLS Mutual
s_connection: verify depth is 1
Handshake duration: 313.42 ms
Execution 61 - TLS Mutual
s_connection: verify depth is 1
Handshake duration: 302.49 ms
Execution 62 - TLS Mutual
s_connection: verify depth is 1
Handshake duration: 290.94 ms
Execution 63 - TLS Mutual
s_connection: verify depth is 1
Handshake duration: 313.54 ms
Execution 64 - TLS Mutual
s_connection: verify depth is 1
Handshake duration: 302.82 ms
Execution 65 - TLS Mutual
s_connection: verify depth is 1
Handshake duration: 311.84 ms
Execution 66 - TLS Mutual
s_connection: verify depth is 1
Handshake duration: 294.91 ms
Execution 67 - TLS Mutual
s_connection: verify depth is 1
Handshake duration: 300.89 ms
Execution 68 - TLS Mutual
s_connection: verify depth is 1
Handshake duration: 314.26 ms
Execution 69 - TLS Mutual
s_connection: verify depth is 1
Handshake duration: 311.57 ms
Execution 70 - TLS Mutual
s_connection: verify depth is 1
Handshake duration: 294.33 ms
Execution 71 - TLS Mutual
s_connection: verify depth is 1
Handshake duration: 314.05 ms
Execution 72 - TLS Mutual
s_connection: verify depth is 1
Handshake duration: 300.04 ms
Execution 73 - TLS Mutual
s_connection: verify depth is 1
Handshake duration: 305.84 ms
Execution 74 - TLS Mutual
s_connection: verify depth is 1
Handshake duration: 312.49 ms
Execution 75 - TLS Mutual
s_connection: verify depth is 1
Handshake duration: 313.39 ms
Execution 76 - TLS Mutual
s_connection: verify depth is 1
Handshake duration: 300.32 ms
Execution 77 - TLS Mutual
s_connection: verify depth is 1
Handshake duration: 298.79 ms
Execution 78 - TLS Mutual
s_connection: verify depth is 1
Handshake duration: 313.69 ms
Execution 79 - TLS Mutual
s_connection: verify depth is 1
Handshake duration: 314.87 ms
Execution 80 - TLS Mutual
s_connection: verify depth is 1
Handshake duration: 296.28 ms
Execution 81 - TLS Mutual
s_connection: verify depth is 1
Handshake duration: 314.22 ms
Execution 82 - TLS Mutual
s_connection: verify depth is 1
Handshake duration: 299.88 ms
Execution 83 - TLS Mutual
s_connection: verify depth is 1
Handshake duration: 314.62 ms
Execution 84 - TLS Mutual
s_connection: verify depth is 1
Handshake duration: 308.63 ms
Execution 85 - TLS Mutual
s_connection: verify depth is 1
Handshake duration: 314.31 ms
Execution 86 - TLS Mutual
s_connection: verify depth is 1
Handshake duration: 313.02 ms
Execution 87 - TLS Mutual
s_connection: verify depth is 1
Handshake duration: 304.21 ms
Execution 88 - TLS Mutual
s_connection: verify depth is 1
Handshake duration: 313.50 ms
Execution 89 - TLS Mutual
s_connection: verify depth is 1
Handshake duration: 301.50 ms
Execution 90 - TLS Mutual
s_connection: verify depth is 1
Handshake duration: 313.67 ms
Execution 91 - TLS Mutual
s_connection: verify depth is 1
Handshake duration: 287.89 ms
Execution 92 - TLS Mutual
s_connection: verify depth is 1
Handshake duration: 293.61 ms
Execution 93 - TLS Mutual
s_connection: verify depth is 1
Handshake duration: 303.96 ms
Execution 94 - TLS Mutual
s_connection: verify depth is 1
Handshake duration: 801.65 ms
Execution 95 - TLS Mutual
s_connection: verify depth is 1
Handshake duration: 312.53 ms
Execution 96 - TLS Mutual
s_connection: verify depth is 1
Handshake duration: 314.51 ms
Execution 97 - TLS Mutual
s_connection: verify depth is 1
Handshake duration: 313.96 ms
Execution 98 - TLS Mutual
s_connection: verify depth is 1
Handshake duration: 276.12 ms
Execution 99 - TLS Mutual
s_connection: verify depth is 1
Handshake duration: 296.76 ms
Execution 100 - TLS Mutual
s_connection: verify depth is 1
Handshake duration: 316.26 ms
Execution 101 - TLS Mutual
s_connection: verify depth is 1
Handshake duration: 315.14 ms
Execution 102 - TLS Mutual
s_connection: verify depth is 1
Handshake duration: 313.27 ms
Execution 103 - TLS Mutual
s_connection: verify depth is 1
Handshake duration: 293.61 ms
Execution 104 - TLS Mutual
s_connection: verify depth is 1
Handshake duration: 313.70 ms
Execution 105 - TLS Mutual
s_connection: verify depth is 1
Handshake duration: 302.59 ms
Execution 106 - TLS Mutual
s_connection: verify depth is 1
Handshake duration: 281.39 ms
Execution 107 - TLS Mutual
s_connection: verify depth is 1
Handshake duration: 294.74 ms
Execution 108 - TLS Mutual
s_connection: verify depth is 1
Handshake duration: 787.60 ms
Execution 109 - TLS Mutual
s_connection: verify depth is 1
Handshake duration: 315.69 ms
Execution 110 - TLS Mutual
s_connection: verify depth is 1
Handshake duration: 281.82 ms
Execution 111 - TLS Mutual
s_connection: verify depth is 1
Handshake duration: 293.05 ms
Execution 112 - TLS Mutual
s_connection: verify depth is 1
Handshake duration: 304.12 ms
Execution 113 - TLS Mutual
s_connection: verify depth is 1
Handshake duration: 315.41 ms
Execution 114 - TLS Mutual
s_connection: verify depth is 1
Handshake duration: 294.09 ms
Execution 115 - TLS Mutual
s_connection: verify depth is 1
Handshake duration: 550.51 ms
Execution 116 - TLS Mutual
s_connection: verify depth is 1
Handshake duration: 313.46 ms
Execution 117 - TLS Mutual
s_connection: verify depth is 1
Handshake duration: 314.02 ms
Execution 118 - TLS Mutual
s_connection: verify depth is 1
Handshake duration: 298.75 ms
Execution 119 - TLS Mutual
s_connection: verify depth is 1
Handshake duration: 287.86 ms
Execution 120 - TLS Mutual
s_connection: verify depth is 1
Handshake duration: 311.83 ms
Execution 121 - TLS Mutual
s_connection: verify depth is 1
Handshake duration: 314.55 ms
Execution 122 - TLS Mutual
s_connection: verify depth is 1
Handshake duration: 314.39 ms
Execution 123 - TLS Mutual
s_connection: verify depth is 1
Handshake duration: 293.51 ms
Execution 124 - TLS Mutual
s_connection: verify depth is 1
Handshake duration: 312.00 ms
Execution 125 - TLS Mutual
s_connection: verify depth is 1
Handshake duration: 301.78 ms
