Handshake timeout budget: 150s (identique TLS/QUIC)
Applying netem rules to lo...
Showing qdisc status for the interface: lo
qdisc netem 9881: root refcnt 2 limit 1000 seed 4994096972957250566
 Sent 0 bytes 0 pkt (dropped 0, overlimits 0 requeues 0) 
 backlog 0b 0p requeues 0
Running ./perftestClientTlsQuic.sh with SIG_ALG=mldsa87 and KEM_ALG=mlkem1024
Execution 1 - TLS Mutual
s_connection: verify depth is 1
Handshake duration: 580.36 ms
Execution 2 - TLS Mutual
s_connection: verify depth is 1
Handshake duration: 452.10 ms
Execution 3 - TLS Mutual
s_connection: verify depth is 1
Handshake duration: 450.85 ms
Execution 4 - TLS Mutual
s_connection: verify depth is 1
Handshake duration: 431.21 ms
Execution 5 - TLS Mutual
s_connection: verify depth is 1
Handshake duration: 452.35 ms
Execution 6 - TLS Mutual
s_connection: verify depth is 1
Handshake duration: 438.25 ms
Execution 7 - TLS Mutual
s_connection: verify depth is 1
Handshake duration: 452.73 ms
Execution 8 - TLS Mutual
s_connection: verify depth is 1
Handshake duration: 429.71 ms
Execution 9 - TLS Mutual
s_connection: verify depth is 1
Handshake duration: 449.41 ms
Execution 10 - TLS Mutual
s_connection: verify depth is 1
Handshake duration: 451.86 ms
Execution 11 - TLS Mutual
s_connection: verify depth is 1
Handshake duration: 428.80 ms
Execution 12 - TLS Mutual
s_connection: verify depth is 1
Handshake duration: 453.19 ms
Execution 13 - TLS Mutual
s_connection: verify depth is 1
Handshake duration: 579.75 ms
Execution 14 - TLS Mutual
s_connection: verify depth is 1
Handshake duration: 429.72 ms
Execution 15 - TLS Mutual
s_connection: verify depth is 1
Handshake duration: 452.40 ms
Execution 16 - TLS Mutual
s_connection: verify depth is 1
Handshake duration: 453.80 ms
Execution 17 - TLS Mutual
s_connection: verify depth is 1
Handshake duration: 431.58 ms
Execution 18 - TLS Mutual
s_connection: verify depth is 1
Handshake duration: 455.12 ms
Execution 19 - TLS Mutual
s_connection: verify depth is 1
Handshake duration: 431.48 ms
Execution 20 - TLS Mutual
s_connection: verify depth is 1
Handshake duration: 455.16 ms
Execution 21 - TLS Mutual
s_connection: verify depth is 1
Handshake duration: 453.63 ms
Execution 22 - TLS Mutual
s_connection: verify depth is 1
Handshake duration: 452.60 ms
Execution 23 - TLS Mutual
s_connection: verify depth is 1
Handshake duration: 430.76 ms
Execution 24 - TLS Mutual
s_connection: verify depth is 1
Handshake duration: 455.17 ms
Execution 25 - TLS Mutual
s_connection: verify depth is 1
Handshake duration: 429.28 ms
Execution 26 - TLS Mutual
s_connection: verify depth is 1
Handshake duration: 453.13 ms
Execution 27 - TLS Mutual
s_connection: verify depth is 1
Handshake duration: 430.90 ms
Execution 28 - TLS Mutual
s_connection: verify depth is 1
Handshake duration: 448.40 ms
Execution 29 - TLS Mutual
s_connection: verify depth is 1
Handshake duration: 454.75 ms
Execution 30 - TLS Mutual
s_connection: verify depth is 1
Handshake duration: 452.05 ms
Execution 31 - TLS Mutual
s_connection: verify depth is 1
Handshake duration: 453.61 ms
Execution 32 - TLS Mutual
s_connection: verify depth is 1
Handshake duration: 451.73 ms
Execution 33 - TLS Mutual
s_connection: verify depth is 1
Handshake duration: 455.23 ms
Execution 34 - TLS Mutual
s_connection: verify depth is 1
Handshake duration: 449.42 ms
Execution 35 - TLS Mutual
s_connection: verify depth is 1
Handshake duration: 450.18 ms
Execution 36 - TLS Mutual
s_connection: verify depth is 1
Handshake duration: 451.78 ms
Execution 37 - TLS Mutual
s_connection: verify depth is 1
Handshake duration: 454.00 ms
Execution 38 - TLS Mutual
s_connection: verify depth is 1
Handshake duration: 451.26 ms
Execution 39 - TLS Mutual
s_connection: verify depth is 1
Handshake duration: 452.12 ms
Execution 40 - TLS Mutual
s_connection: verify depth is 1
Handshake duration: 430.57 ms
Execution 41 - TLS Mutual
s_connection: verify depth is 1
Handshake duration: 452.40 ms
Execution 42 - TLS Mutual
s_connection: verify depth is 1
Handshake duration: 420.77 ms
Execution 43 - TLS Mutual
s_connection: verify depth is 1
Handshake duration: 554.22 ms
Execution 44 - TLS Mutual
s_connection: verify depth is 1
Handshake duration: 452.21 ms
Execution 45 - TLS Mutual
s_connection: verify depth is 1
Handshake duration: 431.21 ms
Execution 46 - TLS Mutual
s_connection: verify depth is 1
Handshake duration: 439.13 ms
Execution 47 - TLS Mutual
s_connection: verify depth is 1
Handshake duration: 417.06 ms
Execution 48 - TLS Mutual
s_connection: verify depth is 1
Handshake duration: 418.17 ms
Execution 49 - TLS Mutual
s_connection: verify depth is 1
Handshake duration: 578.27 ms
Execution 50 - TLS Mutual
s_connection: verify depth is 1
Handshake duration: 430.10 ms
Execution 51 - TLS Mutual
s_connection: verify depth is 1
Handshake duration: 430.82 ms
Execution 52 - TLS Mutual
s_connection: verify depth is 1
Handshake duration: 451.98 ms
Execution 53 - TLS Mutual
s_connection: verify depth is 1
Handshake duration: 428.25 ms
Execution 54 - TLS Mutual
s_connection: verify depth is 1
Handshake duration: 452.78 ms
Execution 55 - TLS Mutual
s_connection: verify depth is 1
Handshake duration: 448.69 ms
Execution 56 - TLS Mutual
s_connection: verify depth is 1
Handshake duration: 453.34 ms
Execution 57 - TLS Mutual
s_connection: verify depth is 1
Handshake duration: 434.29 ms
Execution 58 - TLS Mutual
s_connection: verify depth is 1
Handshake duration: 450.62 ms
Execution 59 - TLS Mutual
s_connection: verify depth is 1
Handshake duration: 454.33 ms
Execution 60 - TLS Mutual
s_connection: verify depth is 1
Handshake duration: 454.36 ms
Execution 61 - TLS Mutual
s_connection: verify depth is 1
Handshake duration: 450.23 ms
Execution 62 - TLS Mutual
s_connection: verify depth is 1
Handshake duration: 454.07 ms
Execution 63 - TLS Mutual
s_connection: verify depth is 1
Handshake duration: 450.85 ms
Execution 64 - TLS Mutual
s_connection: verify depth is 1
Handshake duration: 453.57 ms
Execution 65 - TLS Mutual
s_connection: verify depth is 1
Handshake duration: 439.91 ms
Execution 66 - TLS Mutual
s_connection: verify depth is 1
Handshake duration: 452.66 ms
Execution 67 - TLS Mutual
s_connection: verify depth is 1
Handshake duration: 430.21 ms
Execution 68 - TLS Mutual
s_connection: verify depth is 1
Handshake duration: 452.00 ms
Execution 69 - TLS Mutual
s_connection: verify depth is 1
Handshake duration: 450.49 ms
Execution 70 - TLS Mutual
s_connection: verify depth is 1
Handshake duration: 452.43 ms
Execution 71 - TLS Mutual
s_connection: verify depth is 1
Handshake duration: 450.90 ms
Execution 72 - TLS Mutual
s_connection: verify depth is 1
Handshake duration: 452.23 ms
Execution 73 - TLS Mutual
s_connection: verify depth is 1
Handshake duration: 451.12 ms
Execution 74 - TLS Mutual
s_connection: verify depth is 1
Handshake duration: 449.91 ms
Execution 75 - TLS Mutual
s_connection: verify depth is 1
Handshake duration: 452.59 ms
Execution 76 - TLS Mutual
s_connection: verify depth is 1
Handshake duration: 451.78 ms
Execution 77 - TLS Mutual
s_connection: verify depth is 1
Handshake duration: 453.59 ms
Execution 78 - TLS Mutual
s_connection: verify depth is 1
Handshake duration: 452.90 ms
Execution 79 - TLS Mutual
s_connection: verify depth is 1
Handshake duration: 452.83 ms
Execution 80 - TLS Mutual
s_connection: verify depth is 1
Handshake duration: 434.68 ms
Execution 81 - TLS Mutual
s_connection: verify depth is 1
Handshake duration: 452.97 ms
Execution 82 - TLS Mutual
s_connection: verify depth is 1
Handshake duration: 430.29 ms
Execution 83 - TLS Mutual
s_connection: verify depth is 1
Handshake duration: 1430.87 ms
Execution 84 - TLS Mutual
s_connection: verify depth is 1
Handshake duration: 451.08 ms
Execution 85 - TLS Mutual
s_connection: verify depth is 1
Handshake duration: 438.47 ms
Execution 86 - TLS Mutual
s_connection: verify depth is 1
Handshake duration: 452.73 ms
Execution 87 - TLS Mutual
s_connection: verify depth is 1
Handshake duration: 430.47 ms
Execution 88 - TLS Mutual
s_connection: verify depth is 1
Handshake duration: 450.93 ms
Execution 89 - TLS Mutual
s_connection: verify depth is 1
Handshake duration: 553.76 ms
Execution 90 - TLS Mutual
s_connection: verify depth is 1
Handshake duration: 454.01 ms
Execution 91 - TLS Mutual
s_connection: verify depth is 1
Handshake duration: 432.97 ms
Execution 92 - TLS Mutual
s_connection: verify depth is 1
Handshake duration: 454.33 ms
Execution 93 - TLS Mutual
s_connection: verify depth is 1
Handshake duration: 452.02 ms
Execution 94 - TLS Mutual
s_connection: verify depth is 1
Handshake duration: 452.25 ms
Execution 95 - TLS Mutual
s_connection: verify depth is 1
Handshake duration: 454.52 ms
Execution 96 - TLS Mutual
s_connection: verify depth is 1
Handshake duration: 447.97 ms
Execution 97 - TLS Mutual
s_connection: verify depth is 1
Handshake duration: 426.00 ms
Execution 98 - TLS Mutual
s_connection: verify depth is 1
Handshake duration: 453.24 ms
Execution 99 - TLS Mutual
s_connection: verify depth is 1
Handshake duration: 450.69 ms
Execution 100 - TLS Mutual
s_connection: verify depth is 1
Handshake duration: 451.26 ms
Execution 101 - TLS Mutual
s_connection: verify depth is 1
Handshake duration: 447.81 ms
Execution 102 - TLS Mutual
s_connection: verify depth is 1
Handshake duration: 451.69 ms
Execution 103 - TLS Mutual
s_connection: verify depth is 1
Handshake duration: 452.56 ms
Execution 104 - TLS Mutual
s_connection: verify depth is 1
Handshake duration: 451.61 ms
Execution 105 - TLS Mutual
s_connection: verify depth is 1
Handshake duration: 451.87 ms
Execution 106 - TLS Mutual
s_connection: verify depth is 1
Handshake duration: 449.81 ms
Execution 107 - TLS Mutual
s_connection: verify depth is 1
Handshake duration: 450.43 ms
Execution 108 - TLS Mutual
s_connection: verify depth is 1
Handshake duration: 450.37 ms
Execution 109 - TLS Mutual
s_connection: verify depth is 1
Handshake duration: 454.05 ms
Execution 110 - TLS Mutual
s_connection: verify depth is 1
Handshake duration: 430.04 ms
Execution 111 - TLS Mutual
s_connection: verify depth is 1
Handshake duration: 428.12 ms
Execution 112 - TLS Mutual
s_connection: verify depth is 1
Handshake duration: 430.06 ms
Execution 113 - TLS Mutual
s_connection: verify depth is 1
Handshake duration: 432.14 ms
Execution 114 - TLS Mutual
s_connection: verify depth is 1
Handshake duration: 456.19 ms
Execution 115 - TLS Mutual
s_connection: verify depth is 1
Handshake duration: 431.07 ms
Execution 116 - TLS Mutual
s_connection: verify depth is 1
Handshake duration: 1462.24 ms
Execution 117 - TLS Mutual
s_connection: verify depth is 1
Handshake duration: 452.94 ms
Execution 118 - TLS Mutual
s_connection: verify depth is 1
Handshake duration: 452.69 ms
Execution 119 - TLS Mutual
s_connection: verify depth is 1
Handshake duration: 429.64 ms
Execution 120 - TLS Mutual
s_connection: verify depth is 1
Handshake duration: 450.12 ms
Execution 121 - TLS Mutual
s_connection: verify depth is 1
Handshake duration: 451.08 ms
Execution 122 - TLS Mutual
s_connection: verify depth is 1
Handshake duration: 449.01 ms
Execution 123 - TLS Mutual
s_connection: verify depth is 1
Handshake duration: 430.50 ms
Execution 124 - TLS Mutual
s_connection: verify depth is 1
Handshake duration: 453.55 ms
Execution 125 - TLS Mutual
s_connection: verify depth is 1
Handshake duration: 452.69 ms
