Handshake timeout budget: 150s (identique TLS/QUIC)
Applying netem rules to lo...
Showing qdisc status for the interface: lo
qdisc netem 8997: root refcnt 2 limit 1000 seed 18059070307572387429
 Sent 0 bytes 0 pkt (dropped 0, overlimits 0 requeues 0) 
 backlog 0b 0p requeues 0
Running ./perftestClientTlsQuic.sh with SIG_ALG=secp384r1 and KEM_ALG=x448_hqc192
Execution 1 - TLS Mutual
s_connection: verify depth is 1
Handshake duration: 443.79 ms
Execution 2 - TLS Mutual
s_connection: verify depth is 1
Handshake duration: 370.65 ms
Execution 3 - TLS Mutual
s_connection: verify depth is 1
Handshake duration: 370.03 ms
Execution 4 - TLS Mutual
s_connection: verify depth is 1
Handshake duration: 367.54 ms
Execution 5 - TLS Mutual
s_connection: verify depth is 1
Handshake duration: 318.58 ms
Execution 6 - TLS Mutual
s_connection: verify depth is 1
Handshake duration: 371.92 ms
Execution 7 - TLS Mutual
s_connection: verify depth is 1
Handshake duration: 358.60 ms
Execution 8 - TLS Mutual
s_connection: verify depth is 1
Handshake duration: 349.01 ms
Execution 9 - TLS Mutual
s_connection: verify depth is 1
Handshake duration: 342.63 ms
Execution 10 - TLS Mutual
s_connection: verify depth is 1
Handshake duration: 368.21 ms
Execution 11 - TLS Mutual
s_connection: verify depth is 1
Handshake duration: 367.69 ms
Execution 12 - TLS Mutual
s_connection: verify depth is 1
Handshake duration: 369.42 ms
Execution 13 - TLS Mutual
s_connection: verify depth is 1
Handshake duration: 342.38 ms
Execution 14 - TLS Mutual
s_connection: verify depth is 1
Handshake duration: 347.49 ms
Execution 15 - TLS Mutual
s_connection: verify depth is 1
Handshake duration: 365.37 ms
Execution 16 - TLS Mutual
s_connection: verify depth is 1
Handshake duration: 345.75 ms
Execution 17 - TLS Mutual
s_connection: verify depth is 1
Handshake duration: 368.30 ms
Execution 18 - TLS Mutual
s_connection: verify depth is 1
Handshake duration: 371.47 ms
Execution 19 - TLS Mutual
s_connection: verify depth is 1
Handshake duration: 837.64 ms
Execution 20 - TLS Mutual
s_connection: verify depth is 1
Handshake duration: 318.62 ms
Execution 21 - TLS Mutual
s_connection: verify depth is 1
Handshake duration: 370.85 ms
Execution 22 - TLS Mutual
s_connection: verify depth is 1
Handshake duration: 368.42 ms
Execution 23 - TLS Mutual
s_connection: verify depth is 1
Handshake duration: 342.52 ms
Execution 24 - TLS Mutual
s_connection: verify depth is 1
Handshake duration: 352.29 ms
Execution 25 - TLS Mutual
s_connection: verify depth is 1
Handshake duration: 370.63 ms
Execution 26 - TLS Mutual
s_connection: verify depth is 1
Handshake duration: 348.82 ms
Execution 27 - TLS Mutual
s_connection: verify depth is 1
Handshake duration: 343.39 ms
Execution 28 - TLS Mutual
s_connection: verify depth is 1
Handshake duration: 340.43 ms
Execution 29 - TLS Mutual
s_connection: verify depth is 1
Handshake duration: 345.21 ms
Execution 30 - TLS Mutual
s_connection: verify depth is 1
Handshake duration: 317.74 ms
Execution 31 - TLS Mutual
s_connection: verify depth is 1
Handshake duration: 1370.87 ms
Execution 32 - TLS Mutual
s_connection: verify depth is 1
Handshake duration: 369.85 ms
Execution 33 - TLS Mutual
s_connection: verify depth is 1
Handshake duration: 369.57 ms
Execution 34 - TLS Mutual
s_connection: verify depth is 1
Handshake duration: 341.56 ms
Execution 35 - TLS Mutual
s_connection: verify depth is 1
Handshake duration: 370.25 ms
Execution 36 - TLS Mutual
s_connection: verify depth is 1
Handshake duration: 357.67 ms
Execution 37 - TLS Mutual
s_connection: verify depth is 1
Handshake duration: 344.37 ms
Execution 38 - TLS Mutual
s_connection: verify depth is 1
Handshake duration: 365.57 ms
Execution 39 - TLS Mutual
s_connection: verify depth is 1
Handshake duration: 347.39 ms
Execution 40 - TLS Mutual
s_connection: verify depth is 1
Handshake duration: 371.96 ms
Execution 41 - TLS Mutual
s_connection: verify depth is 1
Handshake duration: 335.06 ms
Execution 42 - TLS Mutual
s_connection: verify depth is 1
Handshake duration: 367.21 ms
Execution 43 - TLS Mutual
s_connection: verify depth is 1
Handshake duration: 493.46 ms
Execution 44 - TLS Mutual
s_connection: verify depth is 1
Handshake duration: 343.91 ms
Execution 45 - TLS Mutual
s_connection: verify depth is 1
Handshake duration: 369.05 ms
Execution 46 - TLS Mutual
s_connection: verify depth is 1
Handshake duration: 368.72 ms
Execution 47 - TLS Mutual
s_connection: verify depth is 1
Handshake duration: 368.27 ms
Execution 48 - TLS Mutual
s_connection: verify depth is 1
Handshake duration: 366.31 ms
Execution 49 - TLS Mutual
s_connection: verify depth is 1
Handshake duration: 368.57 ms
Execution 50 - TLS Mutual
s_connection: verify depth is 1
Handshake duration: 372.01 ms
Execution 51 - TLS Mutual
s_connection: verify depth is 1
Handshake duration: 346.81 ms
Execution 52 - TLS Mutual
s_connection: verify depth is 1
Handshake duration: 628.43 ms
Execution 53 - TLS Mutual
s_connection: verify depth is 1
Handshake duration: 366.22 ms
Execution 54 - TLS Mutual
s_connection: verify depth is 1
Handshake duration: 344.64 ms
Execution 55 - TLS Mutual
s_connection: verify depth is 1
Handshake duration: 342.01 ms
Execution 56 - TLS Mutual
s_connection: verify depth is 1
Handshake duration: 368.84 ms
Execution 57 - TLS Mutual
s_connection: verify depth is 1
Handshake duration: 339.62 ms
Execution 58 - TLS Mutual
s_connection: verify depth is 1
Handshake duration: 355.00 ms
Execution 59 - TLS Mutual
s_connection: verify depth is 1
Handshake duration: 342.92 ms
Execution 60 - TLS Mutual
s_connection: verify depth is 1
Handshake duration: 367.33 ms
Execution 61 - TLS Mutual
s_connection: verify depth is 1
Handshake duration: 344.30 ms
Execution 62 - TLS Mutual
s_connection: verify depth is 1
Handshake duration: 370.02 ms
Execution 63 - TLS Mutual
s_connection: verify depth is 1
Handshake duration: 364.09 ms
Execution 64 - TLS Mutual
s_connection: verify depth is 1
Handshake duration: 495.78 ms
Execution 65 - TLS Mutual
s_connection: verify depth is 1
Handshake duration: 372.52 ms
Execution 66 - TLS Mutual
s_connection: verify depth is 1
Handshake duration: 1380.15 ms
Execution 67 - TLS Mutual
s_connection: verify depth is 1
Handshake duration: 363.72 ms
Execution 68 - TLS Mutual
s_connection: verify depth is 1
Handshake duration: 363.57 ms
Execution 69 - TLS Mutual
s_connection: verify depth is 1
Handshake duration: 362.27 ms
Execution 70 - TLS Mutual
s_connection: verify depth is 1
Handshake duration: 344.22 ms
Execution 71 - TLS Mutual
s_connection: verify depth is 1
Handshake duration: 365.27 ms
Execution 72 - TLS Mutual
s_connection: verify depth is 1
Handshake duration: 352.16 ms
Execution 73 - TLS Mutual
s_connection: verify depth is 1
Handshake duration: 630.05 ms
Execution 74 - TLS Mutual
s_connection: verify depth is 1
Handshake duration: 370.62 ms
Execution 75 - TLS Mutual
s_connection: verify depth is 1
Handshake duration: 344.02 ms
Execution 76 - TLS Mutual
s_connection: verify depth is 1
Handshake duration: 367.33 ms
Execution 77 - TLS Mutual
s_connection: verify depth is 1
Handshake duration: 367.73 ms
Execution 78 - TLS Mutual
s_connection: verify depth is 1
Handshake duration: 321.98 ms
Execution 79 - TLS Mutual
s_connection: verify depth is 1
Handshake duration: 304.05 ms
Execution 80 - TLS Mutual
s_connection: verify depth is 1
Handshake duration: 366.41 ms
Execution 81 - TLS Mutual
s_connection: verify depth is 1
Handshake duration: 340.06 ms
Execution 82 - TLS Mutual
s_connection: verify depth is 1
Handshake duration: 341.88 ms
Execution 83 - TLS Mutual
s_connection: verify depth is 1
Handshake duration: 368.94 ms
Execution 84 - TLS Mutual
s_connection: verify depth is 1
Handshake duration: 364.64 ms
Execution 85 - TLS Mutual
s_connection: verify depth is 1
Handshake duration: 355.66 ms
Execution 86 - TLS Mutual
s_connection: verify depth is 1
Handshake duration: 339.40 ms
Execution 87 - TLS Mutual
s_connection: verify depth is 1
Handshake duration: 340.39 ms
Execution 88 - TLS Mutual
s_connection: verify depth is 1
Handshake duration: 367.78 ms
Execution 89 - TLS Mutual
s_connection: verify depth is 1
Handshake duration: 528.38 ms
Execution 90 - TLS Mutual
s_connection: verify depth is 1
Handshake duration: 364.44 ms
Execution 91 - TLS Mutual
s_connection: verify depth is 1
Handshake duration: 370.13 ms
Execution 92 - TLS Mutual
s_connection: verify depth is 1
Handshake duration: 367.72 ms
Execution 93 - TLS Mutual
s_connection: verify depth is 1
Handshake duration: 360.98 ms
Execution 94 - TLS Mutual
s_connection: verify depth is 1
Handshake duration: 368.99 ms
Execution 95 - TLS Mutual
s_connection: verify depth is 1
Handshake duration: 340.35 ms
Execution 96 - TLS Mutual
s_connection: verify depth is 1
Handshake duration: 367.37 ms
Execution 97 - TLS Mutual
s_connection: verify depth is 1
Handshake duration: 339.65 ms
Execution 98 - TLS Mutual
s_connection: verify depth is 1
Handshake duration: 369.78 ms
Execution 99 - TLS Mutual
s_connection: verify depth is 1
Handshake duration: 367.98 ms
Execution 100 - TLS Mutual
s_connection: verify depth is 1
Handshake duration: 341.12 ms
Execution 101 - TLS Mutual
s_connection: verify depth is 1
Handshake duration: 374.52 ms
Execution 102 - TLS Mutual
s_connection: verify depth is 1
Handshake duration: 346.87 ms
Execution 103 - TLS Mutual
s_connection: verify depth is 1
Handshake duration: 372.80 ms
Execution 104 - TLS Mutual
s_connection: verify depth is 1
Handshake duration: 371.46 ms
Execution 105 - TLS Mutual
s_connection: verify depth is 1
Handshake duration: 370.87 ms
Execution 106 - TLS Mutual
s_connection: verify depth is 1
Handshake duration: 376.04 ms
Execution 107 - TLS Mutual
s_connection: verify depth is 1
Handshake duration: 366.42 ms
Execution 108 - TLS Mutual
s_connection: verify depth is 1
Handshake duration: 338.44 ms
Execution 109 - TLS Mutual
s_connection: verify depth is 1
Handshake duration: 368.20 ms
Execution 110 - TLS Mutual
s_connection: verify depth is 1
Handshake duration: 347.18 ms
Execution 111 - TLS Mutual
s_connection: verify depth is 1
Handshake duration: 368.08 ms
Execution 112 - TLS Mutual
s_connection: verify depth is 1
Handshake duration: 343.46 ms
Execution 113 - TLS Mutual
s_connection: verify depth is 1
Handshake duration: 367.16 ms
Execution 114 - TLS Mutual
s_connection: verify depth is 1
Handshake duration: 1389.46 ms
Execution 115 - TLS Mutual
s_connection: verify depth is 1
Handshake duration: 342.31 ms
Execution 116 - TLS Mutual
s_connection: verify depth is 1
Handshake duration: 336.35 ms
Execution 117 - TLS Mutual
s_connection: verify depth is 1
Handshake duration: 335.50 ms
Execution 118 - TLS Mutual
s_connection: verify depth is 1
Handshake duration: 374.22 ms
Execution 119 - TLS Mutual
s_connection: verify depth is 1
Handshake duration: 338.47 ms
Execution 120 - TLS Mutual
s_connection: verify depth is 1
Handshake duration: 335.43 ms
Execution 121 - TLS Mutual
s_connection: verify depth is 1
Handshake duration: 356.71 ms
Execution 122 - TLS Mutual
s_connection: verify depth is 1
Handshake duration: 336.39 ms
Execution 123 - TLS Mutual
s_connection: verify depth is 1
Handshake duration: 353.32 ms
Execution 124 - TLS Mutual
s_connection: verify depth is 1
Handshake duration: 320.07 ms
Execution 125 - TLS Mutual
s_connection: verify depth is 1
Handshake duration: 329.37 ms
