Handshake timeout budget: 150s (identique TLS/QUIC)
Applying netem rules to lo...
Showing qdisc status for the interface: lo
qdisc netem 98e9: root refcnt 2 limit 1000 seed 5388609424669317177
 Sent 0 bytes 0 pkt (dropped 0, overlimits 0 requeues 0) 
 backlog 0b 0p requeues 0
Running ./perftestClientTlsQuic.sh with SIG_ALG=secp384r1 and KEM_ALG=p384_hqc192
Execution 1 - TLS Mutual
s_connection: verify depth is 1
Handshake duration: 474.29 ms
Execution 2 - TLS Mutual
s_connection: verify depth is 1
Handshake duration: 372.82 ms
Execution 3 - TLS Mutual
s_connection: verify depth is 1
Handshake duration: 346.12 ms
Execution 4 - TLS Mutual
s_connection: verify depth is 1
Handshake duration: 374.55 ms
Execution 5 - TLS Mutual
s_connection: verify depth is 1
Handshake duration: 310.79 ms
Execution 6 - TLS Mutual
s_connection: verify depth is 1
Handshake duration: 371.46 ms
Execution 7 - TLS Mutual
s_connection: verify depth is 1
Handshake duration: 361.90 ms
Execution 8 - TLS Mutual
s_connection: verify depth is 1
Handshake duration: 368.09 ms
Execution 9 - TLS Mutual
s_connection: verify depth is 1
Handshake duration: 370.93 ms
Execution 10 - TLS Mutual
s_connection: verify depth is 1
Handshake duration: 374.18 ms
Execution 11 - TLS Mutual
s_connection: verify depth is 1
Handshake duration: 371.08 ms
Execution 12 - TLS Mutual
s_connection: verify depth is 1
Handshake duration: 347.61 ms
Execution 13 - TLS Mutual
s_connection: verify depth is 1
Handshake duration: 344.63 ms
Execution 14 - TLS Mutual
s_connection: verify depth is 1
Handshake duration: 367.53 ms
Execution 15 - TLS Mutual
s_connection: verify depth is 1
Handshake duration: 346.77 ms
Execution 16 - TLS Mutual
s_connection: verify depth is 1
Handshake duration: 373.71 ms
Execution 17 - TLS Mutual
s_connection: verify depth is 1
Handshake duration: 341.06 ms
Execution 18 - TLS Mutual
s_connection: verify depth is 1
Handshake duration: 353.24 ms
Execution 19 - TLS Mutual
s_connection: verify depth is 1
Handshake duration: 336.93 ms
Execution 20 - TLS Mutual
s_connection: verify depth is 1
Handshake duration: 334.21 ms
Execution 21 - TLS Mutual
s_connection: verify depth is 1
Handshake duration: 320.38 ms
Execution 22 - TLS Mutual
s_connection: verify depth is 1
Handshake duration: 373.47 ms
Execution 23 - TLS Mutual
s_connection: verify depth is 1
Handshake duration: 371.48 ms
Execution 24 - TLS Mutual
s_connection: verify depth is 1
Handshake duration: 371.67 ms
Execution 25 - TLS Mutual
s_connection: verify depth is 1
Handshake duration: 504.60 ms
Execution 26 - TLS Mutual
s_connection: verify depth is 1
Handshake duration: 371.70 ms
Execution 27 - TLS Mutual
s_connection: verify depth is 1
Handshake duration: 374.93 ms
Execution 28 - TLS Mutual
s_connection: verify depth is 1
Handshake duration: 373.49 ms
Execution 29 - TLS Mutual
s_connection: verify depth is 1
Handshake duration: 370.58 ms
Execution 30 - TLS Mutual
s_connection: verify depth is 1
Handshake duration: 345.53 ms
Execution 31 - TLS Mutual
s_connection: verify depth is 1
Handshake duration: 371.28 ms
Execution 32 - TLS Mutual
s_connection: verify depth is 1
Handshake duration: 346.57 ms
Execution 33 - TLS Mutual
s_connection: verify depth is 1
Handshake duration: 321.40 ms
Execution 34 - TLS Mutual
s_connection: verify depth is 1
Handshake duration: 371.90 ms
Execution 35 - TLS Mutual
s_connection: verify depth is 1
Handshake duration: 371.51 ms
Execution 36 - TLS Mutual
s_connection: verify depth is 1
Handshake duration: 370.83 ms
Execution 37 - TLS Mutual
s_connection: verify depth is 1
Handshake duration: 372.45 ms
Execution 38 - TLS Mutual
s_connection: verify depth is 1
Handshake duration: 374.90 ms
Execution 39 - TLS Mutual
s_connection: verify depth is 1
Handshake duration: 346.33 ms
Execution 40 - TLS Mutual
s_connection: verify depth is 1
Handshake duration: 371.21 ms
Execution 41 - TLS Mutual
s_connection: verify depth is 1
Handshake duration: 347.13 ms
Execution 42 - TLS Mutual
s_connection: verify depth is 1
Handshake duration: 372.33 ms
Execution 43 - TLS Mutual
s_connection: verify depth is 1
Handshake duration: 494.48 ms
Execution 44 - TLS Mutual
s_connection: verify depth is 1
Handshake duration: 344.87 ms
Execution 45 - TLS Mutual
s_connection: verify depth is 1
Handshake duration: 341.85 ms
Execution 46 - TLS Mutual
s_connection: verify depth is 1
Handshake duration: 368.44 ms
Execution 47 - TLS Mutual
s_connection: verify depth is 1
Handshake duration: 366.13 ms
Execution 48 - TLS Mutual
s_connection: verify depth is 1
Handshake duration: 340.52 ms
Execution 49 - TLS Mutual
s_connection: verify depth is 1
Handshake duration: 844.67 ms
Execution 50 - TLS Mutual
s_connection: verify depth is 1
Handshake duration: 342.85 ms
Execution 51 - TLS Mutual
s_connection: verify depth is 1
Handshake duration: 369.13 ms
Execution 52 - TLS Mutual
s_connection: verify depth is 1
Handshake duration: 369.84 ms
Execution 53 - TLS Mutual
s_connection: verify depth is 1
Handshake duration: 355.35 ms
Execution 54 - TLS Mutual
s_connection: verify depth is 1
Handshake duration: 345.13 ms
Execution 55 - TLS Mutual
s_connection: verify depth is 1
Handshake duration: 369.59 ms
Execution 56 - TLS Mutual
s_connection: verify depth is 1
Handshake duration: 370.47 ms
Execution 57 - TLS Mutual
s_connection: verify depth is 1
Handshake duration: 350.78 ms
Execution 58 - TLS Mutual
s_connection: verify depth is 1
Handshake duration: 373.21 ms
Execution 59 - TLS Mutual
s_connection: verify depth is 1
Handshake duration: 344.58 ms
Execution 60 - TLS Mutual
s_connection: verify depth is 1
Handshake duration: 368.81 ms
Execution 61 - TLS Mutual
s_connection: verify depth is 1
Handshake duration: 371.00 ms
Execution 62 - TLS Mutual
s_connection: verify depth is 1
Handshake duration: 364.67 ms
Execution 63 - TLS Mutual
s_connection: verify depth is 1
Handshake duration: 355.48 ms
Execution 64 - TLS Mutual
s_connection: verify depth is 1
Handshake duration: 367.61 ms
Execution 65 - TLS Mutual
s_connection: verify depth is 1
Handshake duration: 372.43 ms
Execution 66 - TLS Mutual
s_connection: verify depth is 1
Handshake duration: 370.49 ms
Execution 67 - TLS Mutual
s_connection: verify depth is 1
Handshake duration: 371.39 ms
Execution 68 - TLS Mutual
s_connection: verify depth is 1
Handshake duration: 366.59 ms
Execution 69 - TLS Mutual
s_connection: verify depth is 1
Handshake duration: 371.83 ms
Execution 70 - TLS Mutual
s_connection: verify depth is 1
Handshake duration: 340.04 ms
Execution 71 - TLS Mutual
s_connection: verify depth is 1
Handshake duration: 373.30 ms
Execution 72 - TLS Mutual
s_connection: verify depth is 1
Handshake duration: 373.58 ms
Execution 73 - TLS Mutual
s_connection: verify depth is 1
Handshake duration: 368.62 ms
Execution 74 - TLS Mutual
s_connection: verify depth is 1
Handshake duration: 374.89 ms
Execution 75 - TLS Mutual
s_connection: verify depth is 1
Handshake duration: 375.35 ms
Execution 76 - TLS Mutual
s_connection: verify depth is 1
Handshake duration: 318.79 ms
Execution 77 - TLS Mutual
s_connection: verify depth is 1
Handshake duration: 377.49 ms
Execution 78 - TLS Mutual
s_connection: verify depth is 1
Handshake duration: 367.83 ms
Execution 79 - TLS Mutual
s_connection: verify depth is 1
Handshake duration: 308.62 ms
Execution 80 - TLS Mutual
s_connection: verify depth is 1
Handshake duration: 310.46 ms
Execution 81 - TLS Mutual
s_connection: verify depth is 1
Handshake duration: 307.55 ms
Execution 82 - TLS Mutual
s_connection: verify depth is 1
Handshake duration: 393.67 ms
Execution 83 - TLS Mutual
s_connection: verify depth is 1
Handshake duration: 401.01 ms
Execution 84 - TLS Mutual
s_connection: verify depth is 1
Handshake duration: 409.69 ms
Execution 85 - TLS Mutual
s_connection: verify depth is 1
Handshake duration: 857.20 ms
Execution 86 - TLS Mutual
s_connection: verify depth is 1
Handshake duration: 399.32 ms
Execution 87 - TLS Mutual
s_connection: verify depth is 1
Handshake duration: 375.45 ms
Execution 88 - TLS Mutual
s_connection: verify depth is 1
Handshake duration: 330.45 ms
Execution 89 - TLS Mutual
s_connection: verify depth is 1
Handshake duration: 370.63 ms
Execution 90 - TLS Mutual
s_connection: verify depth is 1
Handshake duration: 371.60 ms
Execution 91 - TLS Mutual
s_connection: verify depth is 1
Handshake duration: 352.50 ms
Execution 92 - TLS Mutual
s_connection: verify depth is 1
Handshake duration: 354.35 ms
Execution 93 - TLS Mutual
s_connection: verify depth is 1
Handshake duration: 374.75 ms
Execution 94 - TLS Mutual
s_connection: verify depth is 1
Handshake duration: 372.05 ms
Execution 95 - TLS Mutual
s_connection: verify depth is 1
Handshake duration: 345.37 ms
Execution 96 - TLS Mutual
s_connection: verify depth is 1
Handshake duration: 372.77 ms
Execution 97 - TLS Mutual
s_connection: verify depth is 1
Handshake duration: 360.99 ms
Execution 98 - TLS Mutual
s_connection: verify depth is 1
Handshake duration: 372.60 ms
Execution 99 - TLS Mutual
s_connection: verify depth is 1
Handshake duration: 849.26 ms
Execution 100 - TLS Mutual
s_connection: verify depth is 1
Handshake duration: 347.06 ms
Execution 101 - TLS Mutual
s_connection: verify depth is 1
Handshake duration: 349.64 ms
Execution 102 - TLS Mutual
s_connection: verify depth is 1
Handshake duration: 371.54 ms
Execution 103 - TLS Mutual
s_connection: verify depth is 1
Handshake duration: 349.45 ms
Execution 104 - TLS Mutual
s_connection: verify depth is 1
Handshake duration: 373.35 ms
Execution 105 - TLS Mutual
s_connection: verify depth is 1
Handshake duration: 373.68 ms
Execution 106 - TLS Mutual
s_connection: verify depth is 1
Handshake duration: 354.53 ms
Execution 107 - TLS Mutual
s_connection: verify depth is 1
Handshake duration: 372.67 ms
Execution 108 - TLS Mutual
s_connection: verify depth is 1
Handshake duration: 373.23 ms
Execution 109 - TLS Mutual
s_connection: verify depth is 1
Handshake duration: 372.36 ms
Execution 110 - TLS Mutual
s_connection: verify depth is 1
Handshake duration: 371.46 ms
Execution 111 - TLS Mutual
s_connection: verify depth is 1
Handshake duration: 370.99 ms
Execution 112 - TLS Mutual
s_connection: verify depth is 1
Handshake duration: 372.20 ms
Execution 113 - TLS Mutual
s_connection: verify depth is 1
Handshake duration: 373.78 ms
Execution 114 - TLS Mutual
s_connection: verify depth is 1
Handshake duration: 370.72 ms
Execution 115 - TLS Mutual
s_connection: verify depth is 1
Handshake duration: 499.05 ms
Execution 116 - TLS Mutual
s_connection: verify depth is 1
Handshake duration: 371.50 ms
Execution 117 - TLS Mutual
s_connection: verify depth is 1
Handshake duration: 322.29 ms
Execution 118 - TLS Mutual
s_connection: verify depth is 1
Handshake duration: 346.84 ms
Execution 119 - TLS Mutual
s_connection: verify depth is 1
Handshake duration: 366.09 ms
Execution 120 - TLS Mutual
s_connection: verify depth is 1
Handshake duration: 370.75 ms
Execution 121 - TLS Mutual
s_connection: verify depth is 1
Handshake duration: 341.75 ms
Execution 122 - TLS Mutual
s_connection: verify depth is 1
Handshake duration: 376.54 ms
Execution 123 - TLS Mutual
s_connection: verify depth is 1
Handshake duration: 368.62 ms
Execution 124 - TLS Mutual
s_connection: verify depth is 1
Handshake duration: 367.43 ms
Execution 125 - TLS Mutual
s_connection: verify depth is 1
Handshake duration: 373.86 ms
