Handshake timeout budget: 150s (identique TLS/QUIC)
Applying netem rules to lo...
Showing qdisc status for the interface: lo
qdisc netem 9899: root refcnt 2 limit 1000 seed 50798339090327882
 Sent 0 bytes 0 pkt (dropped 0, overlimits 0 requeues 0) 
 backlog 0b 0p requeues 0
Running ./perftestClientTlsQuic.sh with SIG_ALG=secp384r1 and KEM_ALG=hqc192
Execution 1 - TLS Mutual
s_connection: verify depth is 1
Handshake duration: 469.02 ms
Execution 2 - TLS Mutual
s_connection: verify depth is 1
Handshake duration: 363.04 ms
Execution 3 - TLS Mutual
s_connection: verify depth is 1
Handshake duration: 368.16 ms
Execution 4 - TLS Mutual
s_connection: verify depth is 1
Handshake duration: 367.85 ms
Execution 5 - TLS Mutual
s_connection: verify depth is 1
Handshake duration: 366.21 ms
Execution 6 - TLS Mutual
s_connection: verify depth is 1
Handshake duration: 360.82 ms
Execution 7 - TLS Mutual
s_connection: verify depth is 1
Handshake duration: 346.41 ms
Execution 8 - TLS Mutual
s_connection: verify depth is 1
Handshake duration: 364.61 ms
Execution 9 - TLS Mutual
s_connection: verify depth is 1
Handshake duration: 341.25 ms
Execution 10 - TLS Mutual
s_connection: verify depth is 1
Handshake duration: 366.96 ms
Execution 11 - TLS Mutual
s_connection: verify depth is 1
Handshake duration: 316.61 ms
Execution 12 - TLS Mutual
s_connection: verify depth is 1
Handshake duration: 361.90 ms
Execution 13 - TLS Mutual
s_connection: verify depth is 1
Handshake duration: 369.09 ms
Execution 14 - TLS Mutual
s_connection: verify depth is 1
Handshake duration: 321.76 ms
Execution 15 - TLS Mutual
s_connection: verify depth is 1
Handshake duration: 369.25 ms
Execution 16 - TLS Mutual
s_connection: verify depth is 1
Handshake duration: 339.66 ms
Execution 17 - TLS Mutual
s_connection: verify depth is 1
Handshake duration: 526.09 ms
Execution 18 - TLS Mutual
s_connection: verify depth is 1
Handshake duration: 346.81 ms
Execution 19 - TLS Mutual
s_connection: verify depth is 1
Handshake duration: 316.83 ms
Execution 20 - TLS Mutual
s_connection: verify depth is 1
Handshake duration: 358.70 ms
Execution 21 - TLS Mutual
s_connection: verify depth is 1
Handshake duration: 361.26 ms
Execution 22 - TLS Mutual
s_connection: verify depth is 1
Handshake duration: 340.36 ms
Execution 23 - TLS Mutual
s_connection: verify depth is 1
Handshake duration: 365.49 ms
Execution 24 - TLS Mutual
s_connection: verify depth is 1
Handshake duration: 368.46 ms
Execution 25 - TLS Mutual
s_connection: verify depth is 1
Handshake duration: 364.20 ms
Execution 26 - TLS Mutual
s_connection: verify depth is 1
Handshake duration: 360.35 ms
Execution 27 - TLS Mutual
s_connection: verify depth is 1
Handshake duration: 339.26 ms
Execution 28 - TLS Mutual
s_connection: verify depth is 1
Handshake duration: 337.96 ms
Execution 29 - TLS Mutual
s_connection: verify depth is 1
Handshake duration: 488.87 ms
Execution 30 - TLS Mutual
s_connection: verify depth is 1
Handshake duration: 363.93 ms
Execution 31 - TLS Mutual
s_connection: verify depth is 1
Handshake duration: 348.13 ms
Execution 32 - TLS Mutual
s_connection: verify depth is 1
Handshake duration: 369.15 ms
Execution 33 - TLS Mutual
s_connection: verify depth is 1
Handshake duration: 438.26 ms
Execution 34 - TLS Mutual
s_connection: verify depth is 1
Handshake duration: 343.70 ms
Execution 35 - TLS Mutual
s_connection: verify depth is 1
Handshake duration: 336.82 ms
Execution 36 - TLS Mutual
s_connection: verify depth is 1
Handshake duration: 365.62 ms
Execution 37 - TLS Mutual
s_connection: verify depth is 1
Handshake duration: 361.84 ms
Execution 38 - TLS Mutual
s_connection: verify depth is 1
Handshake duration: 344.70 ms
Execution 39 - TLS Mutual
s_connection: verify depth is 1
Handshake duration: 363.07 ms
Execution 40 - TLS Mutual
s_connection: verify depth is 1
Handshake duration: 469.31 ms
Execution 41 - TLS Mutual
s_connection: verify depth is 1
Handshake duration: 366.16 ms
Execution 42 - TLS Mutual
s_connection: verify depth is 1
Handshake duration: 384.42 ms
Execution 43 - TLS Mutual
s_connection: verify depth is 1
Handshake duration: 359.54 ms
Execution 44 - TLS Mutual
s_connection: verify depth is 1
Handshake duration: 385.29 ms
Execution 45 - TLS Mutual
s_connection: verify depth is 1
Handshake duration: 405.99 ms
Execution 46 - TLS Mutual
s_connection: verify depth is 1
Handshake duration: 386.90 ms
Execution 47 - TLS Mutual
s_connection: verify depth is 1
Handshake duration: 372.65 ms
Execution 48 - TLS Mutual
s_connection: verify depth is 1
Handshake duration: 333.19 ms
Execution 49 - TLS Mutual
s_connection: verify depth is 1
Handshake duration: 394.67 ms
Execution 50 - TLS Mutual
s_connection: verify depth is 1
Handshake duration: 430.45 ms
Execution 51 - TLS Mutual
s_connection: verify depth is 1
Handshake duration: 444.47 ms
Execution 52 - TLS Mutual
s_connection: verify depth is 1
Handshake duration: 437.41 ms
Execution 53 - TLS Mutual
s_connection: verify depth is 1
Handshake duration: 434.83 ms
Execution 54 - TLS Mutual
s_connection: verify depth is 1
Handshake duration: 430.63 ms
Execution 55 - TLS Mutual
s_connection: verify depth is 1
Handshake duration: 406.79 ms
Execution 56 - TLS Mutual
s_connection: verify depth is 1
Handshake duration: 426.32 ms
Execution 57 - TLS Mutual
s_connection: verify depth is 1
Handshake duration: 427.14 ms
Execution 58 - TLS Mutual
s_connection: verify depth is 1
Handshake duration: 429.19 ms
Execution 59 - TLS Mutual
s_connection: verify depth is 1
Handshake duration: 426.61 ms
Execution 60 - TLS Mutual
s_connection: verify depth is 1
Handshake duration: 437.39 ms
Execution 61 - TLS Mutual
s_connection: verify depth is 1
Handshake duration: 438.34 ms
Execution 62 - TLS Mutual
s_connection: verify depth is 1
Handshake duration: 439.93 ms
Execution 63 - TLS Mutual
s_connection: verify depth is 1
Handshake duration: 431.60 ms
Execution 64 - TLS Mutual
s_connection: verify depth is 1
Handshake duration: 435.43 ms
Execution 65 - TLS Mutual
s_connection: verify depth is 1
Handshake duration: 430.15 ms
Execution 66 - TLS Mutual
s_connection: verify depth is 1
Handshake duration: 434.99 ms
Execution 67 - TLS Mutual
s_connection: verify depth is 1
Handshake duration: 448.44 ms
Execution 68 - TLS Mutual
s_connection: verify depth is 1
Handshake duration: 354.28 ms
Execution 69 - TLS Mutual
s_connection: verify depth is 1
Handshake duration: 323.80 ms
Execution 70 - TLS Mutual
s_connection: verify depth is 1
Handshake duration: 420.96 ms
Execution 71 - TLS Mutual
s_connection: verify depth is 1
Handshake duration: 431.61 ms
Execution 72 - TLS Mutual
s_connection: verify depth is 1
Handshake duration: 436.49 ms
Execution 73 - TLS Mutual
s_connection: verify depth is 1
Handshake duration: 438.06 ms
Execution 74 - TLS Mutual
s_connection: verify depth is 1
Handshake duration: 436.11 ms
Execution 75 - TLS Mutual
s_connection: verify depth is 1
Handshake duration: 428.71 ms
Execution 76 - TLS Mutual
s_connection: verify depth is 1
Handshake duration: 429.75 ms
Execution 77 - TLS Mutual
s_connection: verify depth is 1
Handshake duration: 430.92 ms
Execution 78 - TLS Mutual
s_connection: verify depth is 1
Handshake duration: 556.61 ms
Execution 79 - TLS Mutual
s_connection: verify depth is 1
Handshake duration: 438.37 ms
Execution 80 - TLS Mutual
s_connection: verify depth is 1
Handshake duration: 431.08 ms
Execution 81 - TLS Mutual
s_connection: verify depth is 1
Handshake duration: 392.08 ms
Execution 82 - TLS Mutual
s_connection: verify depth is 1
Handshake duration: 548.25 ms
Execution 83 - TLS Mutual
s_connection: verify depth is 1
Handshake duration: 437.48 ms
Execution 84 - TLS Mutual
s_connection: verify depth is 1
Handshake duration: 436.21 ms
Execution 85 - TLS Mutual
s_connection: verify depth is 1
Handshake duration: 386.48 ms
Execution 86 - TLS Mutual
s_connection: verify depth is 1
Handshake duration: 430.37 ms
Execution 87 - TLS Mutual
s_connection: verify depth is 1
Handshake duration: 432.37 ms
Execution 88 - TLS Mutual
s_connection: verify depth is 1
Handshake duration: 431.76 ms
Execution 89 - TLS Mutual
s_connection: verify depth is 1
Handshake duration: 437.53 ms
Execution 90 - TLS Mutual
s_connection: verify depth is 1
Handshake duration: 439.77 ms
Execution 91 - TLS Mutual
s_connection: verify depth is 1
Handshake duration: 431.00 ms
Execution 92 - TLS Mutual
s_connection: verify depth is 1
Handshake duration: 437.13 ms
Execution 93 - TLS Mutual
s_connection: verify depth is 1
Handshake duration: 428.16 ms
Execution 94 - TLS Mutual
s_connection: verify depth is 1
Handshake duration: 436.81 ms
Execution 95 - TLS Mutual
s_connection: verify depth is 1
Handshake duration: 435.82 ms
Execution 96 - TLS Mutual
s_connection: verify depth is 1
Handshake duration: 428.23 ms
Execution 97 - TLS Mutual
s_connection: verify depth is 1
Handshake duration: 403.56 ms
Execution 98 - TLS Mutual
s_connection: verify depth is 1
Handshake duration: 439.26 ms
Execution 99 - TLS Mutual
s_connection: verify depth is 1
Handshake duration: 437.65 ms
Execution 100 - TLS Mutual
s_connection: verify depth is 1
Handshake duration: 435.44 ms
Execution 101 - TLS Mutual
s_connection: verify depth is 1
Handshake duration: 440.78 ms
Execution 102 - TLS Mutual
s_connection: verify depth is 1
Handshake duration: 437.89 ms
Execution 103 - TLS Mutual
s_connection: verify depth is 1
Handshake duration: 436.38 ms
Execution 104 - TLS Mutual
s_connection: verify depth is 1
Handshake duration: 431.69 ms
Execution 105 - TLS Mutual
s_connection: verify depth is 1
Handshake duration: 425.90 ms
Execution 106 - TLS Mutual
s_connection: verify depth is 1
Handshake duration: 443.03 ms
Execution 107 - TLS Mutual
s_connection: verify depth is 1
Handshake duration: 434.88 ms
Execution 108 - TLS Mutual
s_connection: verify depth is 1
Handshake duration: 429.92 ms
Execution 109 - TLS Mutual
s_connection: verify depth is 1
Handshake duration: 437.15 ms
Execution 110 - TLS Mutual
s_connection: verify depth is 1
Handshake duration: 429.99 ms
Execution 111 - TLS Mutual
s_connection: verify depth is 1
Handshake duration: 438.63 ms
Execution 112 - TLS Mutual
s_connection: verify depth is 1
Handshake duration: 425.88 ms
Execution 113 - TLS Mutual
s_connection: verify depth is 1
Handshake duration: 433.90 ms
Execution 114 - TLS Mutual
s_connection: verify depth is 1
Handshake duration: 434.96 ms
Execution 115 - TLS Mutual
s_connection: verify depth is 1
Handshake duration: 427.88 ms
Execution 116 - TLS Mutual
s_connection: verify depth is 1
Handshake duration: 423.91 ms
Execution 117 - TLS Mutual
s_connection: verify depth is 1
Handshake duration: 439.04 ms
Execution 118 - TLS Mutual
s_connection: verify depth is 1
Handshake duration: 430.43 ms
Execution 119 - TLS Mutual
s_connection: verify depth is 1
Handshake duration: 436.50 ms
Execution 120 - TLS Mutual
s_connection: verify depth is 1
Handshake duration: 430.59 ms
Execution 121 - TLS Mutual
s_connection: verify depth is 1
Handshake duration: 433.67 ms
Execution 122 - TLS Mutual
s_connection: verify depth is 1
Handshake duration: 436.36 ms
Execution 123 - TLS Mutual
s_connection: verify depth is 1
Handshake duration: 437.18 ms
Execution 124 - TLS Mutual
s_connection: verify depth is 1
Handshake duration: 429.37 ms
Execution 125 - TLS Mutual
s_connection: verify depth is 1
Handshake duration: 429.86 ms
