Handshake timeout budget: 150s (identique TLS/QUIC)
Applying netem rules to lo...
Showing qdisc status for the interface: lo
qdisc netem 9059: root refcnt 2 limit 1000 seed 18040219140509894864
 Sent 0 bytes 0 pkt (dropped 0, overlimits 0 requeues 0) 
 backlog 0b 0p requeues 0
Running ./perftestClientTlsQuic.sh with SIG_ALG=secp384r1 and KEM_ALG=x448_mlkem768
Execution 1 - TLS Mutual
s_connection: verify depth is 1
Handshake duration: 414.17 ms
Execution 2 - TLS Mutual
s_connection: verify depth is 1
Handshake duration: 281.91 ms
Execution 3 - TLS Mutual
s_connection: verify depth is 1
Handshake duration: 270.22 ms
Execution 4 - TLS Mutual
s_connection: verify depth is 1
Handshake duration: 276.10 ms
Execution 5 - TLS Mutual
s_connection: verify depth is 1
Handshake duration: 284.48 ms
Execution 6 - TLS Mutual
s_connection: verify depth is 1
Handshake duration: 284.23 ms
Execution 7 - TLS Mutual
s_connection: verify depth is 1
Handshake duration: 285.20 ms
Execution 8 - TLS Mutual
s_connection: verify depth is 1
Handshake duration: 284.90 ms
Execution 9 - TLS Mutual
s_connection: verify depth is 1
Handshake duration: 284.54 ms
Execution 10 - TLS Mutual
s_connection: verify depth is 1
Handshake duration: 269.67 ms
Execution 11 - TLS Mutual
s_connection: verify depth is 1
Handshake duration: 281.05 ms
Execution 12 - TLS Mutual
s_connection: verify depth is 1
Handshake duration: 283.93 ms
Execution 13 - TLS Mutual
s_connection: verify depth is 1
Handshake duration: 270.60 ms
Execution 14 - TLS Mutual
s_connection: verify depth is 1
Handshake duration: 284.04 ms
Execution 15 - TLS Mutual
s_connection: verify depth is 1
Handshake duration: 283.80 ms
Execution 16 - TLS Mutual
s_connection: verify depth is 1
Handshake duration: 269.17 ms
Execution 17 - TLS Mutual
s_connection: verify depth is 1
Handshake duration: 282.68 ms
Execution 18 - TLS Mutual
s_connection: verify depth is 1
Handshake duration: 270.29 ms
Execution 19 - TLS Mutual
s_connection: verify depth is 1
Handshake duration: 283.71 ms
Execution 20 - TLS Mutual
s_connection: verify depth is 1
Handshake duration: 283.66 ms
Execution 21 - TLS Mutual
s_connection: verify depth is 1
Handshake duration: 284.57 ms
Execution 22 - TLS Mutual
s_connection: verify depth is 1
Handshake duration: 285.85 ms
Execution 23 - TLS Mutual
s_connection: verify depth is 1
Handshake duration: 284.25 ms
Execution 24 - TLS Mutual
s_connection: verify depth is 1
Handshake duration: 286.51 ms
Execution 25 - TLS Mutual
s_connection: verify depth is 1
Handshake duration: 285.62 ms
Execution 26 - TLS Mutual
s_connection: verify depth is 1
Handshake duration: 284.46 ms
Execution 27 - TLS Mutual
s_connection: verify depth is 1
Handshake duration: 283.73 ms
Execution 28 - TLS Mutual
s_connection: verify depth is 1
Handshake duration: 284.32 ms
Execution 29 - TLS Mutual
s_connection: verify depth is 1
Handshake duration: 269.73 ms
Execution 30 - TLS Mutual
s_connection: verify depth is 1
Handshake duration: 284.24 ms
Execution 31 - TLS Mutual
s_connection: verify depth is 1
Handshake duration: 283.94 ms
Execution 32 - TLS Mutual
s_connection: verify depth is 1
Handshake duration: 284.31 ms
Execution 33 - TLS Mutual
s_connection: verify depth is 1
Handshake duration: 283.99 ms
Execution 34 - TLS Mutual
s_connection: verify depth is 1
Handshake duration: 279.96 ms
Execution 35 - TLS Mutual
s_connection: verify depth is 1
Handshake duration: 280.86 ms
Execution 36 - TLS Mutual
s_connection: verify depth is 1
Handshake duration: 269.84 ms
Execution 37 - TLS Mutual
s_connection: verify depth is 1
Handshake duration: 284.28 ms
Execution 38 - TLS Mutual
s_connection: verify depth is 1
Handshake duration: 283.62 ms
Execution 39 - TLS Mutual
s_connection: verify depth is 1
Handshake duration: 283.60 ms
Execution 40 - TLS Mutual
s_connection: verify depth is 1
Handshake duration: 284.67 ms
Execution 41 - TLS Mutual
s_connection: verify depth is 1
Handshake duration: 269.47 ms
Execution 42 - TLS Mutual
s_connection: verify depth is 1
Handshake duration: 284.79 ms
Execution 43 - TLS Mutual
s_connection: verify depth is 1
Handshake duration: 284.54 ms
Execution 44 - TLS Mutual
s_connection: verify depth is 1
Handshake duration: 285.62 ms
Execution 45 - TLS Mutual
s_connection: verify depth is 1
Handshake duration: 284.47 ms
Execution 46 - TLS Mutual
s_connection: verify depth is 1
Handshake duration: 284.21 ms
Execution 47 - TLS Mutual
s_connection: verify depth is 1
Handshake duration: 284.81 ms
Execution 48 - TLS Mutual
s_connection: verify depth is 1
Handshake duration: 281.43 ms
Execution 49 - TLS Mutual
s_connection: verify depth is 1
Handshake duration: 283.91 ms
Execution 50 - TLS Mutual
s_connection: verify depth is 1
Handshake duration: 269.44 ms
Execution 51 - TLS Mutual
s_connection: verify depth is 1
Handshake duration: 285.53 ms
Execution 52 - TLS Mutual
s_connection: verify depth is 1
Handshake duration: 285.14 ms
Execution 53 - TLS Mutual
s_connection: verify depth is 1
Handshake duration: 285.56 ms
Execution 54 - TLS Mutual
s_connection: verify depth is 1
Handshake duration: 283.74 ms
Execution 55 - TLS Mutual
s_connection: verify depth is 1
Handshake duration: 286.38 ms
Execution 56 - TLS Mutual
s_connection: verify depth is 1
Handshake duration: 283.84 ms
Execution 57 - TLS Mutual
s_connection: verify depth is 1
Handshake duration: 284.26 ms
Execution 58 - TLS Mutual
s_connection: verify depth is 1
Handshake duration: 284.15 ms
Execution 59 - TLS Mutual
s_connection: verify depth is 1
Handshake duration: 283.94 ms
Execution 60 - TLS Mutual
s_connection: verify depth is 1
Handshake duration: 267.61 ms
Execution 61 - TLS Mutual
s_connection: verify depth is 1
Handshake duration: 284.02 ms
Execution 62 - TLS Mutual
s_connection: verify depth is 1
Handshake duration: 269.01 ms
Execution 63 - TLS Mutual
s_connection: verify depth is 1
Handshake duration: 905.92 ms
Execution 64 - TLS Mutual
s_connection: verify depth is 1
Handshake duration: 276.29 ms
Execution 65 - TLS Mutual
s_connection: verify depth is 1
Handshake duration: 283.77 ms
Execution 66 - TLS Mutual
s_connection: verify depth is 1
Handshake duration: 280.44 ms
Execution 67 - TLS Mutual
s_connection: verify depth is 1
Handshake duration: 283.66 ms
Execution 68 - TLS Mutual
s_connection: verify depth is 1
Handshake duration: 283.82 ms
Execution 69 - TLS Mutual
s_connection: verify depth is 1
Handshake duration: 285.04 ms
Execution 70 - TLS Mutual
s_connection: verify depth is 1
Handshake duration: 284.83 ms
Execution 71 - TLS Mutual
s_connection: verify depth is 1
Handshake duration: 285.40 ms
Execution 72 - TLS Mutual
s_connection: verify depth is 1
Handshake duration: 284.33 ms
Execution 73 - TLS Mutual
s_connection: verify depth is 1
Handshake duration: 284.68 ms
Execution 74 - TLS Mutual
s_connection: verify depth is 1
Handshake duration: 284.11 ms
Execution 75 - TLS Mutual
s_connection: verify depth is 1
Handshake duration: 283.66 ms
Execution 76 - TLS Mutual
s_connection: verify depth is 1
Handshake duration: 283.99 ms
Execution 77 - TLS Mutual
s_connection: verify depth is 1
Handshake duration: 283.55 ms
Execution 78 - TLS Mutual
s_connection: verify depth is 1
Handshake duration: 283.57 ms
Execution 79 - TLS Mutual
s_connection: verify depth is 1
Handshake duration: 284.88 ms
Execution 80 - TLS Mutual
s_connection: verify depth is 1
Handshake duration: 283.38 ms
Execution 81 - TLS Mutual
s_connection: verify depth is 1
Handshake duration: 275.22 ms
Execution 82 - TLS Mutual
s_connection: verify depth is 1
Handshake duration: 283.75 ms
Execution 83 - TLS Mutual
s_connection: verify depth is 1
Handshake duration: 269.25 ms
Execution 84 - TLS Mutual
s_connection: verify depth is 1
Handshake duration: 268.94 ms
Execution 85 - TLS Mutual
s_connection: verify depth is 1
Handshake duration: 283.65 ms
Execution 86 - TLS Mutual
s_connection: verify depth is 1
Handshake duration: 282.50 ms
Execution 87 - TLS Mutual
s_connection: verify depth is 1
Handshake duration: 269.80 ms
Execution 88 - TLS Mutual
s_connection: verify depth is 1
Handshake duration: 269.17 ms
Execution 89 - TLS Mutual
s_connection: verify depth is 1
Handshake duration: 269.13 ms
Execution 90 - TLS Mutual
s_connection: verify depth is 1
Handshake duration: 283.94 ms
Execution 91 - TLS Mutual
s_connection: verify depth is 1
Handshake duration: 284.63 ms
Execution 92 - TLS Mutual
s_connection: verify depth is 1
Handshake duration: 284.31 ms
Execution 93 - TLS Mutual
s_connection: verify depth is 1
Handshake duration: 284.56 ms
Execution 94 - TLS Mutual
s_connection: verify depth is 1
Handshake duration: 285.00 ms
Execution 95 - TLS Mutual
s_connection: verify depth is 1
Handshake duration: 286.08 ms
Execution 96 - TLS Mutual
s_connection: verify depth is 1
Handshake duration: 284.28 ms
Execution 97 - TLS Mutual
s_connection: verify depth is 1
Handshake duration: 284.62 ms
Execution 98 - TLS Mutual
s_connection: verify depth is 1
Handshake duration: 269.17 ms
Execution 99 - TLS Mutual
s_connection: verify depth is 1
Handshake duration: 284.26 ms
Execution 100 - TLS Mutual
s_connection: verify depth is 1
Handshake duration: 284.18 ms
Execution 101 - TLS Mutual
s_connection: verify depth is 1
Handshake duration: 283.82 ms
Execution 102 - TLS Mutual
s_connection: verify depth is 1
Handshake duration: 284.19 ms
Execution 103 - TLS Mutual
s_connection: verify depth is 1
Handshake duration: 262.59 ms
Execution 104 - TLS Mutual
s_connection: verify depth is 1
Handshake duration: 283.66 ms
Execution 105 - TLS Mutual
s_connection: verify depth is 1
Handshake duration: 283.74 ms
Execution 106 - TLS Mutual
s_connection: verify depth is 1
Handshake duration: 283.67 ms
Execution 107 - TLS Mutual
s_connection: verify depth is 1
Handshake duration: 283.30 ms
Execution 108 - TLS Mutual
s_connection: verify depth is 1
Handshake duration: 284.41 ms
Execution 109 - TLS Mutual
s_connection: verify depth is 1
Handshake duration: 274.42 ms
Execution 110 - TLS Mutual
s_connection: verify depth is 1
Handshake duration: 283.69 ms
Execution 111 - TLS Mutual
s_connection: verify depth is 1
Handshake duration: 1341.89 ms
Execution 112 - TLS Mutual
s_connection: verify depth is 1
Handshake duration: 282.57 ms
Execution 113 - TLS Mutual
s_connection: verify depth is 1
Handshake duration: 264.70 ms
Execution 114 - TLS Mutual
s_connection: verify depth is 1
Handshake duration: 269.23 ms
Execution 115 - TLS Mutual
s_connection: verify depth is 1
Handshake duration: 281.03 ms
Execution 116 - TLS Mutual
s_connection: verify depth is 1
Handshake duration: 284.24 ms
Execution 117 - TLS Mutual
s_connection: verify depth is 1
Handshake duration: 285.17 ms
Execution 118 - TLS Mutual
s_connection: verify depth is 1
Handshake duration: 284.90 ms
Execution 119 - TLS Mutual
s_connection: verify depth is 1
Handshake duration: 282.40 ms
Execution 120 - TLS Mutual
s_connection: verify depth is 1
Handshake duration: 283.19 ms
Execution 121 - TLS Mutual
s_connection: verify depth is 1
Handshake duration: 284.61 ms
Execution 122 - TLS Mutual
s_connection: verify depth is 1
Handshake duration: 267.64 ms
Execution 123 - TLS Mutual
s_connection: verify depth is 1
Handshake duration: 269.69 ms
Execution 124 - TLS Mutual
s_connection: verify depth is 1
Handshake duration: 1330.57 ms
Execution 125 - TLS Mutual
s_connection: verify depth is 1
Handshake duration: 282.88 ms
