Handshake timeout budget: 150s (identique TLS/QUIC)
Applying netem rules to lo...
Showing qdisc status for the interface: lo
qdisc netem 8333: root refcnt 2 limit 1000 seed 15952650823103403733
 Sent 0 bytes 0 pkt (dropped 0, overlimits 0 requeues 0) 
 backlog 0b 0p requeues 0
Running ./perftestClientTlsQuic.sh with SIG_ALG=mldsa44 and KEM_ALG=x25519
Execution 1 - TLS Mutual
s_connection: verify depth is 1
Handshake duration: 459.50 ms
Execution 2 - TLS Mutual
s_connection: verify depth is 1
Handshake duration: 334.72 ms
Execution 3 - TLS Mutual
s_connection: verify depth is 1
Handshake duration: 333.66 ms
Execution 4 - TLS Mutual
s_connection: verify depth is 1
Handshake duration: 335.32 ms
Execution 5 - TLS Mutual
s_connection: verify depth is 1
Handshake duration: 335.59 ms
Execution 6 - TLS Mutual
s_connection: verify depth is 1
Handshake duration: 335.72 ms
Execution 7 - TLS Mutual
s_connection: verify depth is 1
Handshake duration: 333.99 ms
Execution 8 - TLS Mutual
s_connection: verify depth is 1
Handshake duration: 343.93 ms
Execution 9 - TLS Mutual
s_connection: verify depth is 1
Handshake duration: 342.47 ms
Execution 10 - TLS Mutual
s_connection: verify depth is 1
Handshake duration: 336.63 ms
Execution 11 - TLS Mutual
s_connection: verify depth is 1
Handshake duration: 335.02 ms
Execution 12 - TLS Mutual
s_connection: verify depth is 1
Handshake duration: 333.49 ms
Execution 13 - TLS Mutual
s_connection: verify depth is 1
Handshake duration: 337.39 ms
Execution 14 - TLS Mutual
s_connection: verify depth is 1
Handshake duration: 334.76 ms
Execution 15 - TLS Mutual
s_connection: verify depth is 1
Handshake duration: 338.00 ms
Execution 16 - TLS Mutual
s_connection: verify depth is 1
Handshake duration: 335.71 ms
Execution 17 - TLS Mutual
s_connection: verify depth is 1
Handshake duration: 333.50 ms
Execution 18 - TLS Mutual
s_connection: verify depth is 1
Handshake duration: 335.51 ms
Execution 19 - TLS Mutual
s_connection: verify depth is 1
Handshake duration: 334.01 ms
Execution 20 - TLS Mutual
s_connection: verify depth is 1
Handshake duration: 337.38 ms
Execution 21 - TLS Mutual
s_connection: verify depth is 1
Handshake duration: 334.08 ms
Execution 22 - TLS Mutual
s_connection: verify depth is 1
Handshake duration: 335.35 ms
Execution 23 - TLS Mutual
s_connection: verify depth is 1
Handshake duration: 334.12 ms
Execution 24 - TLS Mutual
s_connection: verify depth is 1
Handshake duration: 336.11 ms
Execution 25 - TLS Mutual
s_connection: verify depth is 1
Handshake duration: 333.45 ms
Execution 26 - TLS Mutual
s_connection: verify depth is 1
Handshake duration: 332.67 ms
Execution 27 - TLS Mutual
s_connection: verify depth is 1
Handshake duration: 335.19 ms
Execution 28 - TLS Mutual
s_connection: verify depth is 1
Handshake duration: 338.63 ms
Execution 29 - TLS Mutual
s_connection: verify depth is 1
Handshake duration: 334.86 ms
Execution 30 - TLS Mutual
s_connection: verify depth is 1
Handshake duration: 1101.93 ms
Execution 31 - TLS Mutual
s_connection: verify depth is 1
Handshake duration: 334.45 ms
Execution 32 - TLS Mutual
s_connection: verify depth is 1
Handshake duration: 332.34 ms
Execution 33 - TLS Mutual
s_connection: verify depth is 1
Handshake duration: 1347.58 ms
Execution 34 - TLS Mutual
s_connection: verify depth is 1
Handshake duration: 333.52 ms
Execution 35 - TLS Mutual
s_connection: verify depth is 1
Handshake duration: 333.95 ms
Execution 36 - TLS Mutual
s_connection: verify depth is 1
Handshake duration: 334.29 ms
Execution 37 - TLS Mutual
s_connection: verify depth is 1
Handshake duration: 333.99 ms
Execution 38 - TLS Mutual
s_connection: verify depth is 1
Handshake duration: 336.58 ms
Execution 39 - TLS Mutual
s_connection: verify depth is 1
Handshake duration: 340.04 ms
Execution 40 - TLS Mutual
s_connection: verify depth is 1
Handshake duration: 335.03 ms
Execution 41 - TLS Mutual
s_connection: verify depth is 1
Handshake duration: 335.20 ms
Execution 42 - TLS Mutual
s_connection: verify depth is 1
Handshake duration: 338.50 ms
Execution 43 - TLS Mutual
s_connection: verify depth is 1
Handshake duration: 333.57 ms
Execution 44 - TLS Mutual
s_connection: verify depth is 1
Handshake duration: 338.38 ms
Execution 45 - TLS Mutual
s_connection: verify depth is 1
Handshake duration: 1224.26 ms
Execution 46 - TLS Mutual
s_connection: verify depth is 1
Handshake duration: 333.89 ms
Execution 47 - TLS Mutual
s_connection: verify depth is 1
Handshake duration: 334.48 ms
Execution 48 - TLS Mutual
s_connection: verify depth is 1
Handshake duration: 334.30 ms
Execution 49 - TLS Mutual
s_connection: verify depth is 1
Handshake duration: 334.83 ms
Execution 50 - TLS Mutual
s_connection: verify depth is 1
Handshake duration: 334.37 ms
Execution 51 - TLS Mutual
s_connection: verify depth is 1
Handshake duration: 334.38 ms
Execution 52 - TLS Mutual
s_connection: verify depth is 1
Handshake duration: 333.41 ms
Execution 53 - TLS Mutual
s_connection: verify depth is 1
Handshake duration: 338.23 ms
Execution 54 - TLS Mutual
s_connection: verify depth is 1
Handshake duration: 333.61 ms
Execution 55 - TLS Mutual
s_connection: verify depth is 1
Handshake duration: 339.84 ms
Execution 56 - TLS Mutual
s_connection: verify depth is 1
Handshake duration: 330.51 ms
Execution 57 - TLS Mutual
s_connection: verify depth is 1
Handshake duration: 282.37 ms
Execution 58 - TLS Mutual
s_connection: verify depth is 1
Handshake duration: 337.84 ms
Execution 59 - TLS Mutual
s_connection: verify depth is 1
Handshake duration: 343.37 ms
Execution 60 - TLS Mutual
s_connection: verify depth is 1
Handshake duration: 336.42 ms
Execution 61 - TLS Mutual
s_connection: verify depth is 1
Handshake duration: 336.78 ms
Execution 62 - TLS Mutual
s_connection: verify depth is 1
Handshake duration: 340.66 ms
Execution 63 - TLS Mutual
s_connection: verify depth is 1
Handshake duration: 336.41 ms
Execution 64 - TLS Mutual
s_connection: verify depth is 1
Handshake duration: 335.49 ms
Execution 65 - TLS Mutual
s_connection: verify depth is 1
Handshake duration: 336.05 ms
Execution 66 - TLS Mutual
s_connection: verify depth is 1
Handshake duration: 336.67 ms
Execution 67 - TLS Mutual
s_connection: verify depth is 1
Handshake duration: 338.97 ms
Execution 68 - TLS Mutual
s_connection: verify depth is 1
Handshake duration: 336.25 ms
Execution 69 - TLS Mutual
s_connection: verify depth is 1
Handshake duration: 336.69 ms
Execution 70 - TLS Mutual
s_connection: verify depth is 1
Handshake duration: 339.98 ms
Execution 71 - TLS Mutual
s_connection: verify depth is 1
Handshake duration: 342.70 ms
Execution 72 - TLS Mutual
s_connection: verify depth is 1
Handshake duration: 337.79 ms
Execution 73 - TLS Mutual
s_connection: verify depth is 1
Handshake duration: 338.14 ms
Execution 74 - TLS Mutual
s_connection: verify depth is 1
Handshake duration: 338.38 ms
Execution 75 - TLS Mutual
s_connection: verify depth is 1
Handshake duration: 462.51 ms
Execution 76 - TLS Mutual
s_connection: verify depth is 1
Handshake duration: 335.17 ms
Execution 77 - TLS Mutual
s_connection: verify depth is 1
Handshake duration: 335.09 ms
Execution 78 - TLS Mutual
s_connection: verify depth is 1
Handshake duration: 334.67 ms
Execution 79 - TLS Mutual
s_connection: verify depth is 1
Handshake duration: 333.72 ms
Execution 80 - TLS Mutual
s_connection: verify depth is 1
Handshake duration: 336.08 ms
Execution 81 - TLS Mutual
s_connection: verify depth is 1
Handshake duration: 337.17 ms
Execution 82 - TLS Mutual
s_connection: verify depth is 1
Handshake duration: 334.87 ms
Execution 83 - TLS Mutual
s_connection: verify depth is 1
Handshake duration: 333.98 ms
Execution 84 - TLS Mutual
s_connection: verify depth is 1
Handshake duration: 347.94 ms
Execution 85 - TLS Mutual
s_connection: verify depth is 1
Handshake duration: 336.25 ms
Execution 86 - TLS Mutual
s_connection: verify depth is 1
Handshake duration: 336.01 ms
Execution 87 - TLS Mutual
s_connection: verify depth is 1
Handshake duration: 333.82 ms
Execution 88 - TLS Mutual
s_connection: verify depth is 1
Handshake duration: 336.33 ms
Execution 89 - TLS Mutual
s_connection: verify depth is 1
Handshake duration: 333.79 ms
Execution 90 - TLS Mutual
s_connection: verify depth is 1
Handshake duration: 334.45 ms
Execution 91 - TLS Mutual
s_connection: verify depth is 1
Handshake duration: 334.76 ms
Execution 92 - TLS Mutual
s_connection: verify depth is 1
Handshake duration: 357.92 ms
Execution 93 - TLS Mutual
s_connection: verify depth is 1
Handshake duration: 338.90 ms
Execution 94 - TLS Mutual
s_connection: verify depth is 1
Handshake duration: 334.37 ms
Execution 95 - TLS Mutual
s_connection: verify depth is 1
Handshake duration: 334.49 ms
Execution 96 - TLS Mutual
s_connection: verify depth is 1
Handshake duration: 336.86 ms
Execution 97 - TLS Mutual
s_connection: verify depth is 1
Handshake duration: 334.95 ms
Execution 98 - TLS Mutual
s_connection: verify depth is 1
Handshake duration: 334.37 ms
Execution 99 - TLS Mutual
s_connection: verify depth is 1
Handshake duration: 335.46 ms
Execution 100 - TLS Mutual
s_connection: verify depth is 1
Handshake duration: 334.77 ms
Execution 101 - TLS Mutual
s_connection: verify depth is 1
Handshake duration: 339.38 ms
Execution 102 - TLS Mutual
s_connection: verify depth is 1
Handshake duration: 334.33 ms
Execution 103 - TLS Mutual
s_connection: verify depth is 1
Handshake duration: 331.92 ms
Execution 104 - TLS Mutual
s_connection: verify depth is 1
Handshake duration: 335.87 ms
Execution 105 - TLS Mutual
s_connection: verify depth is 1
Handshake duration: 334.76 ms
Execution 106 - TLS Mutual
s_connection: verify depth is 1
Handshake duration: 335.06 ms
Execution 107 - TLS Mutual
s_connection: verify depth is 1
Handshake duration: 334.21 ms
Execution 108 - TLS Mutual
s_connection: verify depth is 1
Handshake duration: 338.11 ms
Execution 109 - TLS Mutual
s_connection: verify depth is 1
Handshake duration: 333.85 ms
Execution 110 - TLS Mutual
s_connection: verify depth is 1
Handshake duration: 334.48 ms
Execution 111 - TLS Mutual
s_connection: verify depth is 1
Handshake duration: 335.20 ms
Execution 112 - TLS Mutual
s_connection: verify depth is 1
Handshake duration: 333.26 ms
Execution 113 - TLS Mutual
s_connection: verify depth is 1
Handshake duration: 333.85 ms
Execution 114 - TLS Mutual
s_connection: verify depth is 1
Handshake duration: 334.68 ms
Execution 115 - TLS Mutual
s_connection: verify depth is 1
Handshake duration: 332.91 ms
Execution 116 - TLS Mutual
s_connection: verify depth is 1
Handshake duration: 336.56 ms
Execution 117 - TLS Mutual
s_connection: verify depth is 1
Handshake duration: 337.60 ms
Execution 118 - TLS Mutual
s_connection: verify depth is 1
Handshake duration: 334.94 ms
Execution 119 - TLS Mutual
s_connection: verify depth is 1
Handshake duration: 335.91 ms
Execution 120 - TLS Mutual
s_connection: verify depth is 1
Handshake duration: 334.13 ms
Execution 121 - TLS Mutual
s_connection: verify depth is 1
Handshake duration: 337.23 ms
Execution 122 - TLS Mutual
s_connection: verify depth is 1
Handshake duration: 335.05 ms
Execution 123 - TLS Mutual
s_connection: verify depth is 1
Handshake duration: 340.93 ms
Execution 124 - TLS Mutual
s_connection: verify depth is 1
Handshake duration: 336.93 ms
Execution 125 - TLS Mutual
s_connection: verify depth is 1
Handshake duration: 335.31 ms
