Handshake timeout budget: 150s (identique TLS/QUIC)
Applying netem rules to lo...
Showing qdisc status for the interface: lo
qdisc netem 82cb: root refcnt 2 limit 1000 seed 1396333756037358423
 Sent 0 bytes 0 pkt (dropped 0, overlimits 0 requeues 0) 
 backlog 0b 0p requeues 0
Running ./perftestClientTlsQuic.sh with SIG_ALG=mldsa44 and KEM_ALG=P-256
Execution 1 - TLS Mutual
s_connection: verify depth is 1
Handshake duration: 455.19 ms
Execution 2 - TLS Mutual
s_connection: verify depth is 1
Handshake duration: 329.12 ms
Execution 3 - TLS Mutual
s_connection: verify depth is 1
Handshake duration: 339.25 ms
Execution 4 - TLS Mutual
s_connection: verify depth is 1
Handshake duration: 330.03 ms
Execution 5 - TLS Mutual
s_connection: verify depth is 1
Handshake duration: 330.19 ms
Execution 6 - TLS Mutual
s_connection: verify depth is 1
Handshake duration: 329.10 ms
Execution 7 - TLS Mutual
s_connection: verify depth is 1
Handshake duration: 329.83 ms
Execution 8 - TLS Mutual
s_connection: verify depth is 1
Handshake duration: 328.44 ms
Execution 9 - TLS Mutual
s_connection: verify depth is 1
Handshake duration: 328.47 ms
Execution 10 - TLS Mutual
s_connection: verify depth is 1
Handshake duration: 336.91 ms
Execution 11 - TLS Mutual
s_connection: verify depth is 1
Handshake duration: 337.83 ms
Execution 12 - TLS Mutual
s_connection: verify depth is 1
Handshake duration: 329.86 ms
Execution 13 - TLS Mutual
s_connection: verify depth is 1
Handshake duration: 328.69 ms
Execution 14 - TLS Mutual
s_connection: verify depth is 1
Handshake duration: 330.21 ms
Execution 15 - TLS Mutual
s_connection: verify depth is 1
Handshake duration: 330.48 ms
Execution 16 - TLS Mutual
s_connection: verify depth is 1
Handshake duration: 330.62 ms
Execution 17 - TLS Mutual
s_connection: verify depth is 1
Handshake duration: 329.10 ms
Execution 18 - TLS Mutual
s_connection: verify depth is 1
Handshake duration: 329.23 ms
Execution 19 - TLS Mutual
s_connection: verify depth is 1
Handshake duration: 328.21 ms
Execution 20 - TLS Mutual
s_connection: verify depth is 1
Handshake duration: 329.25 ms
Execution 21 - TLS Mutual
s_connection: verify depth is 1
Handshake duration: 329.50 ms
Execution 22 - TLS Mutual
s_connection: verify depth is 1
Handshake duration: 329.89 ms
Execution 23 - TLS Mutual
s_connection: verify depth is 1
Handshake duration: 328.49 ms
Execution 24 - TLS Mutual
s_connection: verify depth is 1
Handshake duration: 328.98 ms
Execution 25 - TLS Mutual
s_connection: verify depth is 1
Handshake duration: 329.66 ms
Execution 26 - TLS Mutual
s_connection: verify depth is 1
Handshake duration: 329.36 ms
Execution 27 - TLS Mutual
s_connection: verify depth is 1
Handshake duration: 330.01 ms
Execution 28 - TLS Mutual
s_connection: verify depth is 1
Handshake duration: 328.40 ms
Execution 29 - TLS Mutual
s_connection: verify depth is 1
Handshake duration: 283.41 ms
Execution 30 - TLS Mutual
s_connection: verify depth is 1
Handshake duration: 290.26 ms
Execution 31 - TLS Mutual
s_connection: verify depth is 1
Handshake duration: 328.08 ms
Execution 32 - TLS Mutual
s_connection: verify depth is 1
Handshake duration: 336.42 ms
Execution 33 - TLS Mutual
s_connection: verify depth is 1
Handshake duration: 328.26 ms
Execution 34 - TLS Mutual
s_connection: verify depth is 1
Handshake duration: 328.37 ms
Execution 35 - TLS Mutual
s_connection: verify depth is 1
Handshake duration: 328.73 ms
Execution 36 - TLS Mutual
s_connection: verify depth is 1
Handshake duration: 329.06 ms
Execution 37 - TLS Mutual
s_connection: verify depth is 1
Handshake duration: 328.15 ms
Execution 38 - TLS Mutual
s_connection: verify depth is 1
Handshake duration: 328.55 ms
Execution 39 - TLS Mutual
s_connection: verify depth is 1
Handshake duration: 328.18 ms
Execution 40 - TLS Mutual
s_connection: verify depth is 1
Handshake duration: 329.16 ms
Execution 41 - TLS Mutual
s_connection: verify depth is 1
Handshake duration: 330.47 ms
Execution 42 - TLS Mutual
s_connection: verify depth is 1
Handshake duration: 329.84 ms
Execution 43 - TLS Mutual
s_connection: verify depth is 1
Handshake duration: 334.37 ms
Execution 44 - TLS Mutual
s_connection: verify depth is 1
Handshake duration: 329.51 ms
Execution 45 - TLS Mutual
s_connection: verify depth is 1
Handshake duration: 330.58 ms
Execution 46 - TLS Mutual
s_connection: verify depth is 1
Handshake duration: 329.18 ms
Execution 47 - TLS Mutual
s_connection: verify depth is 1
Handshake duration: 329.53 ms
Execution 48 - TLS Mutual
s_connection: verify depth is 1
Handshake duration: 328.72 ms
Execution 49 - TLS Mutual
s_connection: verify depth is 1
Handshake duration: 329.88 ms
Execution 50 - TLS Mutual
s_connection: verify depth is 1
Handshake duration: 329.88 ms
Execution 51 - TLS Mutual
s_connection: verify depth is 1
Handshake duration: 334.65 ms
Execution 52 - TLS Mutual
s_connection: verify depth is 1
Handshake duration: 330.29 ms
Execution 53 - TLS Mutual
s_connection: verify depth is 1
Handshake duration: 330.77 ms
Execution 54 - TLS Mutual
s_connection: verify depth is 1
Handshake duration: 329.73 ms
Execution 55 - TLS Mutual
s_connection: verify depth is 1
Handshake duration: 331.17 ms
Execution 56 - TLS Mutual
s_connection: verify depth is 1
Handshake duration: 329.35 ms
Execution 57 - TLS Mutual
s_connection: verify depth is 1
Handshake duration: 331.77 ms
Execution 58 - TLS Mutual
s_connection: verify depth is 1
Handshake duration: 328.57 ms
Execution 59 - TLS Mutual
s_connection: verify depth is 1
Handshake duration: 329.91 ms
Execution 60 - TLS Mutual
s_connection: verify depth is 1
Handshake duration: 489.39 ms
Execution 61 - TLS Mutual
s_connection: verify depth is 1
Handshake duration: 833.11 ms
Execution 62 - TLS Mutual
s_connection: verify depth is 1
Handshake duration: 328.79 ms
Execution 63 - TLS Mutual
s_connection: verify depth is 1
Handshake duration: 330.64 ms
Execution 64 - TLS Mutual
s_connection: verify depth is 1
Handshake duration: 330.73 ms
Execution 65 - TLS Mutual
s_connection: verify depth is 1
Handshake duration: 329.75 ms
Execution 66 - TLS Mutual
s_connection: verify depth is 1
Handshake duration: 331.17 ms
Execution 67 - TLS Mutual
s_connection: verify depth is 1
Handshake duration: 334.06 ms
Execution 68 - TLS Mutual
s_connection: verify depth is 1
Handshake duration: 329.64 ms
Execution 69 - TLS Mutual
s_connection: verify depth is 1
Handshake duration: 330.82 ms
Execution 70 - TLS Mutual
s_connection: verify depth is 1
Handshake duration: 330.61 ms
Execution 71 - TLS Mutual
s_connection: verify depth is 1
Handshake duration: 328.76 ms
Execution 72 - TLS Mutual
s_connection: verify depth is 1
Handshake duration: 331.95 ms
Execution 73 - TLS Mutual
s_connection: verify depth is 1
Handshake duration: 328.61 ms
Execution 74 - TLS Mutual
s_connection: verify depth is 1
Handshake duration: 328.84 ms
Execution 75 - TLS Mutual
s_connection: verify depth is 1
Handshake duration: 329.19 ms
Execution 76 - TLS Mutual
s_connection: verify depth is 1
Handshake duration: 330.22 ms
Execution 77 - TLS Mutual
s_connection: verify depth is 1
Handshake duration: 329.31 ms
Execution 78 - TLS Mutual
s_connection: verify depth is 1
Handshake duration: 329.31 ms
Execution 79 - TLS Mutual
s_connection: verify depth is 1
Handshake duration: 334.42 ms
Execution 80 - TLS Mutual
s_connection: verify depth is 1
Handshake duration: 328.94 ms
Execution 81 - TLS Mutual
s_connection: verify depth is 1
Handshake duration: 328.73 ms
Execution 82 - TLS Mutual
s_connection: verify depth is 1
Handshake duration: 329.16 ms
Execution 83 - TLS Mutual
s_connection: verify depth is 1
Handshake duration: 332.02 ms
Execution 84 - TLS Mutual
s_connection: verify depth is 1
Handshake duration: 328.63 ms
Execution 85 - TLS Mutual
s_connection: verify depth is 1
Handshake duration: 328.33 ms
Execution 86 - TLS Mutual
s_connection: verify depth is 1
Handshake duration: 329.35 ms
Execution 87 - TLS Mutual
s_connection: verify depth is 1
Handshake duration: 329.06 ms
Execution 88 - TLS Mutual
s_connection: verify depth is 1
Handshake duration: 328.81 ms
Execution 89 - TLS Mutual
s_connection: verify depth is 1
Handshake duration: 332.25 ms
Execution 90 - TLS Mutual
s_connection: verify depth is 1
Handshake duration: 330.69 ms
Execution 91 - TLS Mutual
s_connection: verify depth is 1
Handshake duration: 330.91 ms
Execution 92 - TLS Mutual
s_connection: verify depth is 1
Handshake duration: 330.28 ms
Execution 93 - TLS Mutual
s_connection: verify depth is 1
Handshake duration: 329.52 ms
Execution 94 - TLS Mutual
s_connection: verify depth is 1
Handshake duration: 328.44 ms
Execution 95 - TLS Mutual
s_connection: verify depth is 1
Handshake duration: 328.81 ms
Execution 96 - TLS Mutual
s_connection: verify depth is 1
Handshake duration: 329.51 ms
Execution 97 - TLS Mutual
s_connection: verify depth is 1
Handshake duration: 332.85 ms
Execution 98 - TLS Mutual
s_connection: verify depth is 1
Handshake duration: 332.94 ms
Execution 99 - TLS Mutual
s_connection: verify depth is 1
Handshake duration: 328.62 ms
Execution 100 - TLS Mutual
s_connection: verify depth is 1
Handshake duration: 329.72 ms
Execution 101 - TLS Mutual
s_connection: verify depth is 1
Handshake duration: 330.33 ms
Execution 102 - TLS Mutual
s_connection: verify depth is 1
Handshake duration: 330.61 ms
Execution 103 - TLS Mutual
s_connection: verify depth is 1
Handshake duration: 339.64 ms
Execution 104 - TLS Mutual
s_connection: verify depth is 1
Handshake duration: 329.95 ms
Execution 105 - TLS Mutual
s_connection: verify depth is 1
Handshake duration: 331.35 ms
Execution 106 - TLS Mutual
s_connection: verify depth is 1
Handshake duration: 329.68 ms
Execution 107 - TLS Mutual
s_connection: verify depth is 1
Handshake duration: 330.03 ms
Execution 108 - TLS Mutual
s_connection: verify depth is 1
Handshake duration: 329.71 ms
Execution 109 - TLS Mutual
s_connection: verify depth is 1
Handshake duration: 329.18 ms
Execution 110 - TLS Mutual
s_connection: verify depth is 1
Handshake duration: 329.85 ms
Execution 111 - TLS Mutual
s_connection: verify depth is 1
Handshake duration: 329.58 ms
Execution 112 - TLS Mutual
s_connection: verify depth is 1
Handshake duration: 329.32 ms
Execution 113 - TLS Mutual
s_connection: verify depth is 1
Handshake duration: 328.56 ms
Execution 114 - TLS Mutual
s_connection: verify depth is 1
Handshake duration: 330.76 ms
Execution 115 - TLS Mutual
s_connection: verify depth is 1
Handshake duration: 329.56 ms
Execution 116 - TLS Mutual
s_connection: verify depth is 1
Handshake duration: 329.06 ms
Execution 117 - TLS Mutual
s_connection: verify depth is 1
Handshake duration: 329.37 ms
Execution 118 - TLS Mutual
s_connection: verify depth is 1
Handshake duration: 329.65 ms
Execution 119 - TLS Mutual
s_connection: verify depth is 1
Handshake duration: 330.18 ms
Execution 120 - TLS Mutual
s_connection: verify depth is 1
Handshake duration: 328.99 ms
Execution 121 - TLS Mutual
s_connection: verify depth is 1
Handshake duration: 329.03 ms
Execution 122 - TLS Mutual
s_connection: verify depth is 1
Handshake duration: 332.76 ms
Execution 123 - TLS Mutual
s_connection: verify depth is 1
Handshake duration: 454.85 ms
Execution 124 - TLS Mutual
s_connection: verify depth is 1
Handshake duration: 328.16 ms
Execution 125 - TLS Mutual
s_connection: verify depth is 1
Handshake duration: 329.03 ms
