Handshake timeout budget: 150s (identique TLS/QUIC)
Applying netem rules to lo...
Showing qdisc status for the interface: lo
qdisc netem 989d: root refcnt 2 limit 1000 seed 10406703773229836267
 Sent 0 bytes 0 pkt (dropped 0, overlimits 0 requeues 0) 
 backlog 0b 0p requeues 0
Running ./perftestClientTlsQuic.sh with SIG_ALG=mldsa44 and KEM_ALG=P-256
Execution 1 - TLS Mutual
s_connection: verify depth is 1
Handshake duration: 453.12 ms
Execution 2 - TLS Mutual
s_connection: verify depth is 1
Handshake duration: 323.54 ms
Execution 3 - TLS Mutual
s_connection: verify depth is 1
Handshake duration: 329.02 ms
Execution 4 - TLS Mutual
s_connection: verify depth is 1
Handshake duration: 327.20 ms
Execution 5 - TLS Mutual
s_connection: verify depth is 1
Handshake duration: 327.69 ms
Execution 6 - TLS Mutual
s_connection: verify depth is 1
Handshake duration: 328.07 ms
Execution 7 - TLS Mutual
s_connection: verify depth is 1
Handshake duration: 327.59 ms
Execution 8 - TLS Mutual
s_connection: verify depth is 1
Handshake duration: 453.67 ms
Execution 9 - TLS Mutual
s_connection: verify depth is 1
Handshake duration: 345.06 ms
Execution 10 - TLS Mutual
s_connection: verify depth is 1
Handshake duration: 327.33 ms
Execution 11 - TLS Mutual
s_connection: verify depth is 1
Handshake duration: 329.35 ms
Execution 12 - TLS Mutual
s_connection: verify depth is 1
Handshake duration: 327.36 ms
Execution 13 - TLS Mutual
s_connection: verify depth is 1
Handshake duration: 328.88 ms
Execution 14 - TLS Mutual
s_connection: verify depth is 1
Handshake duration: 328.90 ms
Execution 15 - TLS Mutual
s_connection: verify depth is 1
Handshake duration: 327.68 ms
Execution 16 - TLS Mutual
s_connection: verify depth is 1
Handshake duration: 327.68 ms
Execution 17 - TLS Mutual
s_connection: verify depth is 1
Handshake duration: 328.67 ms
Execution 18 - TLS Mutual
s_connection: verify depth is 1
Handshake duration: 453.64 ms
Execution 19 - TLS Mutual
s_connection: verify depth is 1
Handshake duration: 326.41 ms
Execution 20 - TLS Mutual
s_connection: verify depth is 1
Handshake duration: 327.69 ms
Execution 21 - TLS Mutual
s_connection: verify depth is 1
Handshake duration: 327.22 ms
Execution 22 - TLS Mutual
s_connection: verify depth is 1
Handshake duration: 327.42 ms
Execution 23 - TLS Mutual
s_connection: verify depth is 1
Handshake duration: 290.90 ms
Execution 24 - TLS Mutual
s_connection: verify depth is 1
Handshake duration: 279.91 ms
Execution 25 - TLS Mutual
s_connection: verify depth is 1
Handshake duration: 323.89 ms
Execution 26 - TLS Mutual
s_connection: verify depth is 1
Handshake duration: 326.61 ms
Execution 27 - TLS Mutual
s_connection: verify depth is 1
Handshake duration: 327.17 ms
Execution 28 - TLS Mutual
s_connection: verify depth is 1
Handshake duration: 327.63 ms
Execution 29 - TLS Mutual
s_connection: verify depth is 1
Handshake duration: 327.90 ms
Execution 30 - TLS Mutual
s_connection: verify depth is 1
Handshake duration: 333.98 ms
Execution 31 - TLS Mutual
s_connection: verify depth is 1
Handshake duration: 1339.29 ms
Execution 32 - TLS Mutual
s_connection: verify depth is 1
Handshake duration: 411.32 ms
Execution 33 - TLS Mutual
s_connection: verify depth is 1
Handshake duration: 280.42 ms
Execution 34 - TLS Mutual
s_connection: verify depth is 1
Handshake duration: 328.36 ms
Execution 35 - TLS Mutual
s_connection: verify depth is 1
Handshake duration: 289.48 ms
Execution 36 - TLS Mutual
s_connection: verify depth is 1
Handshake duration: 328.25 ms
Execution 37 - TLS Mutual
s_connection: verify depth is 1
Handshake duration: 328.02 ms
Execution 38 - TLS Mutual
s_connection: verify depth is 1
Handshake duration: 329.39 ms
Execution 39 - TLS Mutual
s_connection: verify depth is 1
Handshake duration: 327.82 ms
Execution 40 - TLS Mutual
s_connection: verify depth is 1
Handshake duration: 327.24 ms
Execution 41 - TLS Mutual
s_connection: verify depth is 1
Handshake duration: 328.33 ms
Execution 42 - TLS Mutual
s_connection: verify depth is 1
Handshake duration: 328.75 ms
Execution 43 - TLS Mutual
s_connection: verify depth is 1
Handshake duration: 327.76 ms
Execution 44 - TLS Mutual
s_connection: verify depth is 1
Handshake duration: 326.92 ms
Execution 45 - TLS Mutual
s_connection: verify depth is 1
Handshake duration: 350.17 ms
Execution 46 - TLS Mutual
s_connection: verify depth is 1
Handshake duration: 329.20 ms
Execution 47 - TLS Mutual
s_connection: verify depth is 1
Handshake duration: 328.82 ms
Execution 48 - TLS Mutual
s_connection: verify depth is 1
Handshake duration: 328.00 ms
Execution 49 - TLS Mutual
s_connection: verify depth is 1
Handshake duration: 329.37 ms
Execution 50 - TLS Mutual
s_connection: verify depth is 1
Handshake duration: 332.79 ms
Execution 51 - TLS Mutual
s_connection: verify depth is 1
Handshake duration: 328.72 ms
Execution 52 - TLS Mutual
s_connection: verify depth is 1
Handshake duration: 486.44 ms
Execution 53 - TLS Mutual
s_connection: verify depth is 1
Handshake duration: 331.44 ms
Execution 54 - TLS Mutual
s_connection: verify depth is 1
Handshake duration: 328.89 ms
Execution 55 - TLS Mutual
s_connection: verify depth is 1
Handshake duration: 328.81 ms
Execution 56 - TLS Mutual
s_connection: verify depth is 1
Handshake duration: 327.20 ms
Execution 57 - TLS Mutual
s_connection: verify depth is 1
Handshake duration: 328.44 ms
Execution 58 - TLS Mutual
s_connection: verify depth is 1
Handshake duration: 328.65 ms
Execution 59 - TLS Mutual
s_connection: verify depth is 1
Handshake duration: 327.80 ms
Execution 60 - TLS Mutual
s_connection: verify depth is 1
Handshake duration: 328.03 ms
Execution 61 - TLS Mutual
s_connection: verify depth is 1
Handshake duration: 327.49 ms
Execution 62 - TLS Mutual
s_connection: verify depth is 1
Handshake duration: 327.97 ms
Execution 63 - TLS Mutual
s_connection: verify depth is 1
Handshake duration: 327.68 ms
Execution 64 - TLS Mutual
s_connection: verify depth is 1
Handshake duration: 327.13 ms
Execution 65 - TLS Mutual
s_connection: verify depth is 1
Handshake duration: 327.32 ms
Execution 66 - TLS Mutual
s_connection: verify depth is 1
Handshake duration: 328.70 ms
Execution 67 - TLS Mutual
s_connection: verify depth is 1
Handshake duration: 327.15 ms
Execution 68 - TLS Mutual
s_connection: verify depth is 1
Handshake duration: 329.13 ms
Execution 69 - TLS Mutual
s_connection: verify depth is 1
Handshake duration: 327.52 ms
Execution 70 - TLS Mutual
s_connection: verify depth is 1
Handshake duration: 328.05 ms
Execution 71 - TLS Mutual
s_connection: verify depth is 1
Handshake duration: 327.43 ms
Execution 72 - TLS Mutual
s_connection: verify depth is 1
Handshake duration: 327.38 ms
Execution 73 - TLS Mutual
s_connection: verify depth is 1
Handshake duration: 327.72 ms
Execution 74 - TLS Mutual
s_connection: verify depth is 1
Handshake duration: 328.11 ms
Execution 75 - TLS Mutual
s_connection: verify depth is 1
Handshake duration: 330.61 ms
Execution 76 - TLS Mutual
s_connection: verify depth is 1
Handshake duration: 326.93 ms
Execution 77 - TLS Mutual
s_connection: verify depth is 1
Handshake duration: 326.59 ms
Execution 78 - TLS Mutual
s_connection: verify depth is 1
Handshake duration: 327.04 ms
Execution 79 - TLS Mutual
s_connection: verify depth is 1
Handshake duration: 328.03 ms
Execution 80 - TLS Mutual
s_connection: verify depth is 1
Handshake duration: 326.91 ms
Execution 81 - TLS Mutual
s_connection: verify depth is 1
Handshake duration: 328.03 ms
Execution 82 - TLS Mutual
s_connection: verify depth is 1
Handshake duration: 327.72 ms
Execution 83 - TLS Mutual
s_connection: verify depth is 1
Handshake duration: 835.38 ms
Execution 84 - TLS Mutual
s_connection: verify depth is 1
Handshake duration: 327.67 ms
Execution 85 - TLS Mutual
s_connection: verify depth is 1
Handshake duration: 328.78 ms
Execution 86 - TLS Mutual
s_connection: verify depth is 1
Handshake duration: 327.14 ms
Execution 87 - TLS Mutual
s_connection: verify depth is 1
Handshake duration: 328.35 ms
Execution 88 - TLS Mutual
s_connection: verify depth is 1
Handshake duration: 330.32 ms
Execution 89 - TLS Mutual
s_connection: verify depth is 1
Handshake duration: 327.10 ms
Execution 90 - TLS Mutual
s_connection: verify depth is 1
Handshake duration: 328.91 ms
Execution 91 - TLS Mutual
s_connection: verify depth is 1
Handshake duration: 327.24 ms
Execution 92 - TLS Mutual
s_connection: verify depth is 1
Handshake duration: 328.05 ms
Execution 93 - TLS Mutual
s_connection: verify depth is 1
Handshake duration: 327.86 ms
Execution 94 - TLS Mutual
s_connection: verify depth is 1
Handshake duration: 328.25 ms
Execution 95 - TLS Mutual
s_connection: verify depth is 1
Handshake duration: 328.78 ms
Execution 96 - TLS Mutual
s_connection: verify depth is 1
Handshake duration: 327.80 ms
Execution 97 - TLS Mutual
s_connection: verify depth is 1
Handshake duration: 328.22 ms
Execution 98 - TLS Mutual
s_connection: verify depth is 1
Handshake duration: 327.05 ms
Execution 99 - TLS Mutual
s_connection: verify depth is 1
Handshake duration: 328.47 ms
Execution 100 - TLS Mutual
s_connection: verify depth is 1
Handshake duration: 327.34 ms
Execution 101 - TLS Mutual
s_connection: verify depth is 1
Handshake duration: 328.88 ms
Execution 102 - TLS Mutual
s_connection: verify depth is 1
Handshake duration: 327.90 ms
Execution 103 - TLS Mutual
s_connection: verify depth is 1
Handshake duration: 329.27 ms
Execution 104 - TLS Mutual
s_connection: verify depth is 1
Handshake duration: 329.11 ms
Execution 105 - TLS Mutual
s_connection: verify depth is 1
Handshake duration: 958.14 ms
Execution 106 - TLS Mutual
s_connection: verify depth is 1
Handshake duration: 330.82 ms
Execution 107 - TLS Mutual
s_connection: verify depth is 1
Handshake duration: 328.45 ms
Execution 108 - TLS Mutual
s_connection: verify depth is 1
Handshake duration: 328.97 ms
Execution 109 - TLS Mutual
s_connection: verify depth is 1
Handshake duration: 304.68 ms
Execution 110 - TLS Mutual
s_connection: verify depth is 1
Handshake duration: 452.76 ms
Execution 111 - TLS Mutual
s_connection: verify depth is 1
Handshake duration: 327.90 ms
Execution 112 - TLS Mutual
s_connection: verify depth is 1
Handshake duration: 327.50 ms
Execution 113 - TLS Mutual
s_connection: verify depth is 1
Handshake duration: 328.32 ms
Execution 114 - TLS Mutual
s_connection: verify depth is 1
Handshake duration: 327.31 ms
Execution 115 - TLS Mutual
s_connection: verify depth is 1
Handshake duration: 330.81 ms
Execution 116 - TLS Mutual
s_connection: verify depth is 1
Handshake duration: 327.76 ms
Execution 117 - TLS Mutual
s_connection: verify depth is 1
Handshake duration: 328.24 ms
Execution 118 - TLS Mutual
s_connection: verify depth is 1
Handshake duration: 327.78 ms
Execution 119 - TLS Mutual
s_connection: verify depth is 1
Handshake duration: 328.74 ms
Execution 120 - TLS Mutual
s_connection: verify depth is 1
Handshake duration: 327.83 ms
Execution 121 - TLS Mutual
s_connection: verify depth is 1
Handshake duration: 330.12 ms
Execution 122 - TLS Mutual
s_connection: verify depth is 1
Handshake duration: 328.69 ms
Execution 123 - TLS Mutual
s_connection: verify depth is 1
Handshake duration: 328.89 ms
Execution 124 - TLS Mutual
s_connection: verify depth is 1
Handshake duration: 329.26 ms
Execution 125 - TLS Mutual
s_connection: verify depth is 1
Handshake duration: 327.20 ms
