Handshake timeout budget: 150s (identique TLS/QUIC)
Applying netem rules to lo...
Showing qdisc status for the interface: lo
qdisc netem 82c7: root refcnt 2 limit 1000 seed 15752442769529410226
 Sent 0 bytes 0 pkt (dropped 0, overlimits 0 requeues 0) 
 backlog 0b 0p requeues 0
Running ./perftestClientTlsQuic.sh with SIG_ALG=secp384r1 and KEM_ALG=hqc192
Execution 1 - TLS Mutual
s_connection: verify depth is 1
Handshake duration: 554.08 ms
Execution 2 - TLS Mutual
s_connection: verify depth is 1
Handshake duration: 436.39 ms
Execution 3 - TLS Mutual
s_connection: verify depth is 1
Handshake duration: 554.79 ms
Execution 4 - TLS Mutual
s_connection: verify depth is 1
Handshake duration: 435.31 ms
Execution 5 - TLS Mutual
s_connection: verify depth is 1
Handshake duration: 435.84 ms
Execution 6 - TLS Mutual
s_connection: verify depth is 1
Handshake duration: 429.70 ms
Execution 7 - TLS Mutual
s_connection: verify depth is 1
Handshake duration: 445.41 ms
Execution 8 - TLS Mutual
s_connection: verify depth is 1
Handshake duration: 436.57 ms
Execution 9 - TLS Mutual
s_connection: verify depth is 1
Handshake duration: 435.84 ms
Execution 10 - TLS Mutual
s_connection: verify depth is 1
Handshake duration: 438.72 ms
Execution 11 - TLS Mutual
s_connection: verify depth is 1
Handshake duration: 436.46 ms
Execution 12 - TLS Mutual
s_connection: verify depth is 1
Handshake duration: 436.34 ms
Execution 13 - TLS Mutual
s_connection: verify depth is 1
Handshake duration: 437.44 ms
Execution 14 - TLS Mutual
s_connection: verify depth is 1
Handshake duration: 435.24 ms
Execution 15 - TLS Mutual
s_connection: verify depth is 1
Handshake duration: 434.58 ms
Execution 16 - TLS Mutual
s_connection: verify depth is 1
Handshake duration: 430.01 ms
Execution 17 - TLS Mutual
s_connection: verify depth is 1
Handshake duration: 435.83 ms
Execution 18 - TLS Mutual
s_connection: verify depth is 1
Handshake duration: 455.65 ms
Execution 19 - TLS Mutual
s_connection: verify depth is 1
Handshake duration: 434.84 ms
Execution 20 - TLS Mutual
s_connection: verify depth is 1
Handshake duration: 436.43 ms
Execution 21 - TLS Mutual
s_connection: verify depth is 1
Handshake duration: 433.83 ms
Execution 22 - TLS Mutual
s_connection: verify depth is 1
Handshake duration: 427.76 ms
Execution 23 - TLS Mutual
s_connection: verify depth is 1
Handshake duration: 435.17 ms
Execution 24 - TLS Mutual
s_connection: verify depth is 1
Handshake duration: 434.84 ms
Execution 25 - TLS Mutual
s_connection: verify depth is 1
Handshake duration: 436.31 ms
Execution 26 - TLS Mutual
s_connection: verify depth is 1
Handshake duration: 435.33 ms
Execution 27 - TLS Mutual
s_connection: verify depth is 1
Handshake duration: 433.95 ms
Execution 28 - TLS Mutual
s_connection: verify depth is 1
Handshake duration: 429.80 ms
Execution 29 - TLS Mutual
s_connection: verify depth is 1
Handshake duration: 433.26 ms
Execution 30 - TLS Mutual
s_connection: verify depth is 1
Handshake duration: 434.84 ms
Execution 31 - TLS Mutual
s_connection: verify depth is 1
Handshake duration: 430.54 ms
Execution 32 - TLS Mutual
s_connection: verify depth is 1
Handshake duration: 432.58 ms
Execution 33 - TLS Mutual
s_connection: verify depth is 1
Handshake duration: 432.62 ms
Execution 34 - TLS Mutual
s_connection: verify depth is 1
Handshake duration: 429.46 ms
Execution 35 - TLS Mutual
s_connection: verify depth is 1
Handshake duration: 427.74 ms
Execution 36 - TLS Mutual
s_connection: verify depth is 1
Handshake duration: 432.80 ms
Execution 37 - TLS Mutual
s_connection: verify depth is 1
Handshake duration: 425.81 ms
Execution 38 - TLS Mutual
s_connection: verify depth is 1
Handshake duration: 462.07 ms
Execution 39 - TLS Mutual
s_connection: verify depth is 1
Handshake duration: 424.93 ms
Execution 40 - TLS Mutual
s_connection: verify depth is 1
Handshake duration: 435.35 ms
Execution 41 - TLS Mutual
s_connection: verify depth is 1
Handshake duration: 439.11 ms
Execution 42 - TLS Mutual
s_connection: verify depth is 1
Handshake duration: 436.91 ms
Execution 43 - TLS Mutual
s_connection: verify depth is 1
Handshake duration: 436.71 ms
Execution 44 - TLS Mutual
s_connection: verify depth is 1
Handshake duration: 847.28 ms
Execution 45 - TLS Mutual
s_connection: verify depth is 1
Handshake duration: 436.09 ms
Execution 46 - TLS Mutual
s_connection: verify depth is 1
Handshake duration: 435.61 ms
Execution 47 - TLS Mutual
s_connection: verify depth is 1
Handshake duration: 435.64 ms
Execution 48 - TLS Mutual
s_connection: verify depth is 1
Handshake duration: 1439.13 ms
Execution 49 - TLS Mutual
s_connection: verify depth is 1
Handshake duration: 425.77 ms
Execution 50 - TLS Mutual
s_connection: verify depth is 1
Handshake duration: 439.83 ms
Execution 51 - TLS Mutual
s_connection: verify depth is 1
Handshake duration: 443.29 ms
Execution 52 - TLS Mutual
s_connection: verify depth is 1
Handshake duration: 436.35 ms
Execution 53 - TLS Mutual
s_connection: verify depth is 1
Handshake duration: 433.78 ms
Execution 54 - TLS Mutual
s_connection: verify depth is 1
Handshake duration: 435.69 ms
Execution 55 - TLS Mutual
s_connection: verify depth is 1
Handshake duration: 430.43 ms
Execution 56 - TLS Mutual
s_connection: verify depth is 1
Handshake duration: 442.85 ms
Execution 57 - TLS Mutual
s_connection: verify depth is 1
Handshake duration: 442.67 ms
Execution 58 - TLS Mutual
s_connection: verify depth is 1
Handshake duration: 434.64 ms
Execution 59 - TLS Mutual
s_connection: verify depth is 1
Handshake duration: 432.83 ms
Execution 60 - TLS Mutual
s_connection: verify depth is 1
Handshake duration: 430.76 ms
Execution 61 - TLS Mutual
s_connection: verify depth is 1
Handshake duration: 430.77 ms
Execution 62 - TLS Mutual
s_connection: verify depth is 1
Handshake duration: 433.81 ms
Execution 63 - TLS Mutual
s_connection: verify depth is 1
Handshake duration: 436.03 ms
Execution 64 - TLS Mutual
s_connection: verify depth is 1
Handshake duration: 431.93 ms
Execution 65 - TLS Mutual
s_connection: verify depth is 1
Handshake duration: 434.11 ms
Execution 66 - TLS Mutual
s_connection: verify depth is 1
Handshake duration: 431.16 ms
Execution 67 - TLS Mutual
s_connection: verify depth is 1
Handshake duration: 437.22 ms
Execution 68 - TLS Mutual
s_connection: verify depth is 1
Handshake duration: 397.66 ms
Execution 69 - TLS Mutual
s_connection: verify depth is 1
Handshake duration: 436.15 ms
Execution 70 - TLS Mutual
s_connection: verify depth is 1
Handshake duration: 431.87 ms
Execution 71 - TLS Mutual
s_connection: verify depth is 1
Handshake duration: 434.38 ms
Execution 72 - TLS Mutual
s_connection: verify depth is 1
Handshake duration: 432.12 ms
Execution 73 - TLS Mutual
s_connection: verify depth is 1
Handshake duration: 430.77 ms
Execution 74 - TLS Mutual
s_connection: verify depth is 1
Handshake duration: 429.26 ms
Execution 75 - TLS Mutual
s_connection: verify depth is 1
Handshake duration: 433.55 ms
Execution 76 - TLS Mutual
s_connection: verify depth is 1
Handshake duration: 385.37 ms
Execution 77 - TLS Mutual
s_connection: verify depth is 1
Handshake duration: 326.73 ms
Execution 78 - TLS Mutual
s_connection: verify depth is 1
Handshake duration: 427.18 ms
Execution 79 - TLS Mutual
s_connection: verify depth is 1
Handshake duration: 435.24 ms
Execution 80 - TLS Mutual
s_connection: verify depth is 1
Handshake duration: 437.02 ms
Execution 81 - TLS Mutual
s_connection: verify depth is 1
Handshake duration: 428.79 ms
Execution 82 - TLS Mutual
s_connection: verify depth is 1
Handshake duration: 427.66 ms
Execution 83 - TLS Mutual
s_connection: verify depth is 1
Handshake duration: 428.57 ms
Execution 84 - TLS Mutual
s_connection: verify depth is 1
Handshake duration: 426.77 ms
Execution 85 - TLS Mutual
s_connection: verify depth is 1
Handshake duration: 432.94 ms
Execution 86 - TLS Mutual
s_connection: verify depth is 1
Handshake duration: 427.62 ms
Execution 87 - TLS Mutual
s_connection: verify depth is 1
Handshake duration: 438.38 ms
Execution 88 - TLS Mutual
s_connection: verify depth is 1
Handshake duration: 430.05 ms
Execution 89 - TLS Mutual
s_connection: verify depth is 1
Handshake duration: 437.45 ms
Execution 90 - TLS Mutual
s_connection: verify depth is 1
Handshake duration: 446.54 ms
Execution 91 - TLS Mutual
s_connection: verify depth is 1
Handshake duration: 431.52 ms
Execution 92 - TLS Mutual
s_connection: verify depth is 1
Handshake duration: 437.04 ms
Execution 93 - TLS Mutual
s_connection: verify depth is 1
Handshake duration: 436.27 ms
Execution 94 - TLS Mutual
s_connection: verify depth is 1
Handshake duration: 1437.50 ms
Execution 95 - TLS Mutual
s_connection: verify depth is 1
Handshake duration: 431.44 ms
Execution 96 - TLS Mutual
s_connection: verify depth is 1
Handshake duration: 439.00 ms
Execution 97 - TLS Mutual
s_connection: verify depth is 1
Handshake duration: 428.43 ms
Execution 98 - TLS Mutual
s_connection: verify depth is 1
Handshake duration: 439.20 ms
Execution 99 - TLS Mutual
s_connection: verify depth is 1
Handshake duration: 426.65 ms
Execution 100 - TLS Mutual
s_connection: verify depth is 1
Handshake duration: 437.87 ms
Execution 101 - TLS Mutual
s_connection: verify depth is 1
Handshake duration: 430.27 ms
Execution 102 - TLS Mutual
s_connection: verify depth is 1
Handshake duration: 431.83 ms
Execution 103 - TLS Mutual
s_connection: verify depth is 1
Handshake duration: 436.10 ms
Execution 104 - TLS Mutual
s_connection: verify depth is 1
Handshake duration: 429.98 ms
Execution 105 - TLS Mutual
s_connection: verify depth is 1
Handshake duration: 433.90 ms
Execution 106 - TLS Mutual
s_connection: verify depth is 1
Handshake duration: 436.52 ms
Execution 107 - TLS Mutual
s_connection: verify depth is 1
Handshake duration: 436.50 ms
Execution 108 - TLS Mutual
s_connection: verify depth is 1
Handshake duration: 429.91 ms
Execution 109 - TLS Mutual
s_connection: verify depth is 1
Handshake duration: 428.92 ms
Execution 110 - TLS Mutual
s_connection: verify depth is 1
Handshake duration: 435.69 ms
Execution 111 - TLS Mutual
s_connection: verify depth is 1
Handshake duration: 435.04 ms
Execution 112 - TLS Mutual
s_connection: verify depth is 1
Handshake duration: 436.02 ms
Execution 113 - TLS Mutual
s_connection: verify depth is 1
Handshake duration: 430.68 ms
Execution 114 - TLS Mutual
s_connection: verify depth is 1
Handshake duration: 432.39 ms
Execution 115 - TLS Mutual
s_connection: verify depth is 1
Handshake duration: 436.89 ms
Execution 116 - TLS Mutual
s_connection: verify depth is 1
Handshake duration: 436.82 ms
Execution 117 - TLS Mutual
s_connection: verify depth is 1
Handshake duration: 435.71 ms
Execution 118 - TLS Mutual
s_connection: verify depth is 1
Handshake duration: 436.07 ms
Execution 119 - TLS Mutual
s_connection: verify depth is 1
Handshake duration: 879.39 ms
Execution 120 - TLS Mutual
s_connection: verify depth is 1
Handshake duration: 721.87 ms
Execution 121 - TLS Mutual
s_connection: verify depth is 1
Handshake duration: 443.84 ms
Execution 122 - TLS Mutual
s_connection: verify depth is 1
Handshake duration: 436.32 ms
Execution 123 - TLS Mutual
s_connection: verify depth is 1
Handshake duration: 429.23 ms
Execution 124 - TLS Mutual
s_connection: verify depth is 1
Handshake duration: 871.38 ms
Execution 125 - TLS Mutual
s_connection: verify depth is 1
Handshake duration: 434.53 ms
