Handshake timeout budget: 150s (identique TLS/QUIC)
Applying netem rules to lo...
Showing qdisc status for the interface: lo
qdisc netem 89d3: root refcnt 2 limit 1000 seed 12260803053095905288
 Sent 0 bytes 0 pkt (dropped 0, overlimits 0 requeues 0) 
 backlog 0b 0p requeues 0
Running ./perftestClientTlsQuic.sh with SIG_ALG=mldsa87 and KEM_ALG=P-521
Execution 1 - TLS Mutual
s_connection: verify depth is 1
Handshake duration: 559.41 ms
Execution 2 - TLS Mutual
s_connection: verify depth is 1
Handshake duration: 455.99 ms
Execution 3 - TLS Mutual
s_connection: verify depth is 1
Handshake duration: 453.56 ms
Execution 4 - TLS Mutual
s_connection: verify depth is 1
Handshake duration: 442.61 ms
Execution 5 - TLS Mutual
s_connection: verify depth is 1
Handshake duration: 452.85 ms
Execution 6 - TLS Mutual
s_connection: verify depth is 1
Handshake duration: 453.64 ms
Execution 7 - TLS Mutual
s_connection: verify depth is 1
Handshake duration: 455.82 ms
Execution 8 - TLS Mutual
s_connection: verify depth is 1
Handshake duration: 422.38 ms
Execution 9 - TLS Mutual
s_connection: verify depth is 1
Handshake duration: 453.43 ms
Execution 10 - TLS Mutual
s_connection: verify depth is 1
Handshake duration: 444.95 ms
Execution 11 - TLS Mutual
s_connection: verify depth is 1
Handshake duration: 457.59 ms
Execution 12 - TLS Mutual
s_connection: verify depth is 1
Handshake duration: 434.26 ms
Execution 13 - TLS Mutual
s_connection: verify depth is 1
Handshake duration: 456.96 ms
Execution 14 - TLS Mutual
s_connection: verify depth is 1
Handshake duration: 457.51 ms
Execution 15 - TLS Mutual
s_connection: verify depth is 1
Handshake duration: 431.71 ms
Execution 16 - TLS Mutual
s_connection: verify depth is 1
Handshake duration: 454.13 ms
Execution 17 - TLS Mutual
s_connection: verify depth is 1
Handshake duration: 684.86 ms
Execution 18 - TLS Mutual
s_connection: verify depth is 1
Handshake duration: 458.70 ms
Execution 19 - TLS Mutual
s_connection: verify depth is 1
Handshake duration: 432.00 ms
Execution 20 - TLS Mutual
s_connection: verify depth is 1
Handshake duration: 456.19 ms
Execution 21 - TLS Mutual
s_connection: verify depth is 1
Handshake duration: 453.19 ms
Execution 22 - TLS Mutual
s_connection: verify depth is 1
Handshake duration: 451.19 ms
Execution 23 - TLS Mutual
s_connection: verify depth is 1
Handshake duration: 451.39 ms
Execution 24 - TLS Mutual
s_connection: verify depth is 1
Handshake duration: 454.33 ms
Execution 25 - TLS Mutual
s_connection: verify depth is 1
Handshake duration: 454.67 ms
Execution 26 - TLS Mutual
s_connection: verify depth is 1
Handshake duration: 458.35 ms
Execution 27 - TLS Mutual
s_connection: verify depth is 1
Handshake duration: 457.02 ms
Execution 28 - TLS Mutual
s_connection: verify depth is 1
Handshake duration: 456.75 ms
Execution 29 - TLS Mutual
s_connection: verify depth is 1
Handshake duration: 433.15 ms
Execution 30 - TLS Mutual
s_connection: verify depth is 1
Handshake duration: 437.68 ms
Execution 31 - TLS Mutual
s_connection: verify depth is 1
Handshake duration: 434.96 ms
Execution 32 - TLS Mutual
s_connection: verify depth is 1
Handshake duration: 455.65 ms
Execution 33 - TLS Mutual
s_connection: verify depth is 1
Handshake duration: 433.75 ms
Execution 34 - TLS Mutual
s_connection: verify depth is 1
Handshake duration: 455.42 ms
Execution 35 - TLS Mutual
s_connection: verify depth is 1
Handshake duration: 454.17 ms
Execution 36 - TLS Mutual
s_connection: verify depth is 1
Handshake duration: 432.79 ms
Execution 37 - TLS Mutual
s_connection: verify depth is 1
Handshake duration: 455.20 ms
Execution 38 - TLS Mutual
s_connection: verify depth is 1
Handshake duration: 456.40 ms
Execution 39 - TLS Mutual
s_connection: verify depth is 1
Handshake duration: 455.11 ms
Execution 40 - TLS Mutual
s_connection: verify depth is 1
Handshake duration: 454.30 ms
Execution 41 - TLS Mutual
s_connection: verify depth is 1
Handshake duration: 554.23 ms
Execution 42 - TLS Mutual
s_connection: verify depth is 1
Handshake duration: 454.88 ms
Execution 43 - TLS Mutual
s_connection: verify depth is 1
Handshake duration: 439.43 ms
Execution 44 - TLS Mutual
s_connection: verify depth is 1
Handshake duration: 456.85 ms
Execution 45 - TLS Mutual
s_connection: verify depth is 1
Handshake duration: 578.00 ms
Execution 46 - TLS Mutual
s_connection: verify depth is 1
Handshake duration: 457.61 ms
Execution 47 - TLS Mutual
s_connection: verify depth is 1
Handshake duration: 456.60 ms
Execution 48 - TLS Mutual
s_connection: verify depth is 1
Handshake duration: 455.92 ms
Execution 49 - TLS Mutual
s_connection: verify depth is 1
Handshake duration: 813.86 ms
Execution 50 - TLS Mutual
s_connection: verify depth is 1
Handshake duration: 455.55 ms
Execution 51 - TLS Mutual
s_connection: verify depth is 1
Handshake duration: 455.44 ms
Execution 52 - TLS Mutual
s_connection: verify depth is 1
Handshake duration: 454.85 ms
Execution 53 - TLS Mutual
s_connection: verify depth is 1
Handshake duration: 457.36 ms
Execution 54 - TLS Mutual
s_connection: verify depth is 1
Handshake duration: 454.95 ms
Execution 55 - TLS Mutual
s_connection: verify depth is 1
Handshake duration: 458.68 ms
Execution 56 - TLS Mutual
s_connection: verify depth is 1
Handshake duration: 455.56 ms
Execution 57 - TLS Mutual
s_connection: verify depth is 1
Handshake duration: 454.22 ms
Execution 58 - TLS Mutual
s_connection: verify depth is 1
Handshake duration: 432.68 ms
Execution 59 - TLS Mutual
s_connection: verify depth is 1
Handshake duration: 455.49 ms
Execution 60 - TLS Mutual
s_connection: verify depth is 1
Handshake duration: 456.83 ms
Execution 61 - TLS Mutual
s_connection: verify depth is 1
Handshake duration: 454.20 ms
Execution 62 - TLS Mutual
s_connection: verify depth is 1
Handshake duration: 455.19 ms
Execution 63 - TLS Mutual
s_connection: verify depth is 1
Handshake duration: 432.89 ms
Execution 64 - TLS Mutual
s_connection: verify depth is 1
Handshake duration: 454.00 ms
Execution 65 - TLS Mutual
s_connection: verify depth is 1
Handshake duration: 455.34 ms
Execution 66 - TLS Mutual
s_connection: verify depth is 1
Handshake duration: 432.87 ms
Execution 67 - TLS Mutual
s_connection: verify depth is 1
Handshake duration: 457.87 ms
Execution 68 - TLS Mutual
s_connection: verify depth is 1
Handshake duration: 454.75 ms
Execution 69 - TLS Mutual
s_connection: verify depth is 1
Handshake duration: 457.43 ms
Execution 70 - TLS Mutual
s_connection: verify depth is 1
Handshake duration: 432.42 ms
Execution 71 - TLS Mutual
s_connection: verify depth is 1
Handshake duration: 455.40 ms
Execution 72 - TLS Mutual
s_connection: verify depth is 1
Handshake duration: 432.25 ms
Execution 73 - TLS Mutual
s_connection: verify depth is 1
Handshake duration: 454.65 ms
Execution 74 - TLS Mutual
s_connection: verify depth is 1
Handshake duration: 455.81 ms
Execution 75 - TLS Mutual
s_connection: verify depth is 1
Handshake duration: 461.14 ms
Execution 76 - TLS Mutual
s_connection: verify depth is 1
Handshake duration: 452.00 ms
Execution 77 - TLS Mutual
s_connection: verify depth is 1
Handshake duration: 454.08 ms
Execution 78 - TLS Mutual
s_connection: verify depth is 1
Handshake duration: 430.83 ms
Execution 79 - TLS Mutual
s_connection: verify depth is 1
Handshake duration: 456.34 ms
Execution 80 - TLS Mutual
s_connection: verify depth is 1
Handshake duration: 456.65 ms
Execution 81 - TLS Mutual
s_connection: verify depth is 1
Handshake duration: 458.11 ms
Execution 82 - TLS Mutual
s_connection: verify depth is 1
Handshake duration: 454.18 ms
Execution 83 - TLS Mutual
s_connection: verify depth is 1
Handshake duration: 457.25 ms
Execution 84 - TLS Mutual
s_connection: verify depth is 1
Handshake duration: 455.46 ms
Execution 85 - TLS Mutual
s_connection: verify depth is 1
Handshake duration: 454.74 ms
Execution 86 - TLS Mutual
s_connection: verify depth is 1
Handshake duration: 458.93 ms
Execution 87 - TLS Mutual
s_connection: verify depth is 1
Handshake duration: 438.90 ms
Execution 88 - TLS Mutual
s_connection: verify depth is 1
Handshake duration: 451.08 ms
Execution 89 - TLS Mutual
s_connection: verify depth is 1
Handshake duration: 434.13 ms
Execution 90 - TLS Mutual
s_connection: verify depth is 1
Handshake duration: 456.70 ms
Execution 91 - TLS Mutual
s_connection: verify depth is 1
Handshake duration: 829.50 ms
Execution 92 - TLS Mutual
s_connection: verify depth is 1
Handshake duration: 432.28 ms
Execution 93 - TLS Mutual
s_connection: verify depth is 1
Handshake duration: 455.59 ms
Execution 94 - TLS Mutual
s_connection: verify depth is 1
Handshake duration: 433.98 ms
Execution 95 - TLS Mutual
s_connection: verify depth is 1
Handshake duration: 1469.97 ms
Execution 96 - TLS Mutual
s_connection: verify depth is 1
Handshake duration: 457.42 ms
Execution 97 - TLS Mutual
s_connection: verify depth is 1
Handshake duration: 454.93 ms
Execution 98 - TLS Mutual
s_connection: verify depth is 1
Handshake duration: 453.47 ms
Execution 99 - TLS Mutual
s_connection: verify depth is 1
Handshake duration: 454.73 ms
Execution 100 - TLS Mutual
s_connection: verify depth is 1
Handshake duration: 458.25 ms
Execution 101 - TLS Mutual
s_connection: verify depth is 1
Handshake duration: 816.81 ms
Execution 102 - TLS Mutual
s_connection: verify depth is 1
Handshake duration: 455.66 ms
Execution 103 - TLS Mutual
s_connection: verify depth is 1
Handshake duration: 432.68 ms
Execution 104 - TLS Mutual
s_connection: verify depth is 1
Handshake duration: 460.37 ms
Execution 105 - TLS Mutual
s_connection: verify depth is 1
Handshake duration: 455.75 ms
Execution 106 - TLS Mutual
s_connection: verify depth is 1
Handshake duration: 458.28 ms
Execution 107 - TLS Mutual
s_connection: verify depth is 1
Handshake duration: 454.41 ms
Execution 108 - TLS Mutual
s_connection: verify depth is 1
Handshake duration: 453.83 ms
Execution 109 - TLS Mutual
s_connection: verify depth is 1
Handshake duration: 456.63 ms
Execution 110 - TLS Mutual
s_connection: verify depth is 1
Handshake duration: 455.29 ms
Execution 111 - TLS Mutual
s_connection: verify depth is 1
Handshake duration: 560.69 ms
Execution 112 - TLS Mutual
s_connection: verify depth is 1
Handshake duration: 559.58 ms
Execution 113 - TLS Mutual
s_connection: verify depth is 1
Handshake duration: 453.95 ms
Execution 114 - TLS Mutual
s_connection: verify depth is 1
Handshake duration: 455.22 ms
Execution 115 - TLS Mutual
s_connection: verify depth is 1
Handshake duration: 456.81 ms
Execution 116 - TLS Mutual
s_connection: verify depth is 1
Handshake duration: 454.72 ms
Execution 117 - TLS Mutual
s_connection: verify depth is 1
Handshake duration: 430.48 ms
Execution 118 - TLS Mutual
s_connection: verify depth is 1
Handshake duration: 1444.95 ms
Execution 119 - TLS Mutual
s_connection: verify depth is 1
Handshake duration: 456.44 ms
Execution 120 - TLS Mutual
s_connection: verify depth is 1
Handshake duration: 434.40 ms
Execution 121 - TLS Mutual
s_connection: verify depth is 1
Handshake duration: 681.39 ms
Execution 122 - TLS Mutual
s_connection: verify depth is 1
Handshake duration: 457.56 ms
Execution 123 - TLS Mutual
s_connection: verify depth is 1
Handshake duration: 454.57 ms
Execution 124 - TLS Mutual
s_connection: verify depth is 1
Handshake duration: 452.77 ms
Execution 125 - TLS Mutual
s_connection: verify depth is 1
Handshake duration: 435.59 ms
