Handshake timeout budget: 150s (identique TLS/QUIC)
Applying netem rules to lo...
Showing qdisc status for the interface: lo
qdisc netem 89cf: root refcnt 2 limit 1000 seed 7567448178032751114
 Sent 0 bytes 0 pkt (dropped 0, overlimits 0 requeues 0) 
 backlog 0b 0p requeues 0
Running ./perftestClientTlsQuic.sh with SIG_ALG=secp384r1 and KEM_ALG=P-384
Execution 1 - TLS Mutual
s_connection: verify depth is 1
Handshake duration: 393.66 ms
Execution 2 - TLS Mutual
s_connection: verify depth is 1
Handshake duration: 280.85 ms
Execution 3 - TLS Mutual
s_connection: verify depth is 1
Handshake duration: 275.82 ms
Execution 4 - TLS Mutual
s_connection: verify depth is 1
Handshake duration: 280.61 ms
Execution 5 - TLS Mutual
s_connection: verify depth is 1
Handshake duration: 279.98 ms
Execution 6 - TLS Mutual
s_connection: verify depth is 1
Handshake duration: 280.32 ms
Execution 7 - TLS Mutual
s_connection: verify depth is 1
Handshake duration: 276.58 ms
Execution 8 - TLS Mutual
s_connection: verify depth is 1
Handshake duration: 279.91 ms
Execution 9 - TLS Mutual
s_connection: verify depth is 1
Handshake duration: 279.46 ms
Execution 10 - TLS Mutual
s_connection: verify depth is 1
Handshake duration: 279.70 ms
Execution 11 - TLS Mutual
s_connection: verify depth is 1
Handshake duration: 281.51 ms
Execution 12 - TLS Mutual
s_connection: verify depth is 1
Handshake duration: 280.12 ms
Execution 13 - TLS Mutual
s_connection: verify depth is 1
Handshake duration: 263.13 ms
Execution 14 - TLS Mutual
s_connection: verify depth is 1
Handshake duration: 279.66 ms
Execution 15 - TLS Mutual
s_connection: verify depth is 1
Handshake duration: 279.65 ms
Execution 16 - TLS Mutual
s_connection: verify depth is 1
Handshake duration: 278.39 ms
Execution 17 - TLS Mutual
s_connection: verify depth is 1
Handshake duration: 267.30 ms
Execution 18 - TLS Mutual
s_connection: verify depth is 1
Handshake duration: 284.80 ms
Execution 19 - TLS Mutual
s_connection: verify depth is 1
Handshake duration: 278.28 ms
Execution 20 - TLS Mutual
s_connection: verify depth is 1
Handshake duration: 279.27 ms
Execution 21 - TLS Mutual
s_connection: verify depth is 1
Handshake duration: 280.54 ms
Execution 22 - TLS Mutual
s_connection: verify depth is 1
Handshake duration: 279.92 ms
Execution 23 - TLS Mutual
s_connection: verify depth is 1
Handshake duration: 280.28 ms
Execution 24 - TLS Mutual
s_connection: verify depth is 1
Handshake duration: 268.56 ms
Execution 25 - TLS Mutual
s_connection: verify depth is 1
Handshake duration: 279.56 ms
Execution 26 - TLS Mutual
s_connection: verify depth is 1
Handshake duration: 267.01 ms
Execution 27 - TLS Mutual
s_connection: verify depth is 1
Handshake duration: 267.38 ms
Execution 28 - TLS Mutual
s_connection: verify depth is 1
Handshake duration: 280.42 ms
Execution 29 - TLS Mutual
s_connection: verify depth is 1
Handshake duration: 279.57 ms
Execution 30 - TLS Mutual
s_connection: verify depth is 1
Handshake duration: 279.62 ms
Execution 31 - TLS Mutual
s_connection: verify depth is 1
Handshake duration: 279.55 ms
Execution 32 - TLS Mutual
s_connection: verify depth is 1
Handshake duration: 279.62 ms
Execution 33 - TLS Mutual
s_connection: verify depth is 1
Handshake duration: 279.68 ms
Execution 34 - TLS Mutual
s_connection: verify depth is 1
Handshake duration: 281.19 ms
Execution 35 - TLS Mutual
s_connection: verify depth is 1
Handshake duration: 269.82 ms
Execution 36 - TLS Mutual
s_connection: verify depth is 1
Handshake duration: 264.69 ms
Execution 37 - TLS Mutual
s_connection: verify depth is 1
Handshake duration: 277.82 ms
Execution 38 - TLS Mutual
s_connection: verify depth is 1
Handshake duration: 281.04 ms
Execution 39 - TLS Mutual
s_connection: verify depth is 1
Handshake duration: 269.14 ms
Execution 40 - TLS Mutual
s_connection: verify depth is 1
Handshake duration: 279.76 ms
Execution 41 - TLS Mutual
s_connection: verify depth is 1
Handshake duration: 280.73 ms
Execution 42 - TLS Mutual
s_connection: verify depth is 1
Handshake duration: 267.48 ms
Execution 43 - TLS Mutual
s_connection: verify depth is 1
Handshake duration: 279.52 ms
Execution 44 - TLS Mutual
s_connection: verify depth is 1
Handshake duration: 269.35 ms
Execution 45 - TLS Mutual
s_connection: verify depth is 1
Handshake duration: 280.42 ms
Execution 46 - TLS Mutual
s_connection: verify depth is 1
Handshake duration: 279.71 ms
Execution 47 - TLS Mutual
s_connection: verify depth is 1
Handshake duration: 277.68 ms
Execution 48 - TLS Mutual
s_connection: verify depth is 1
Handshake duration: 268.30 ms
Execution 49 - TLS Mutual
s_connection: verify depth is 1
Handshake duration: 279.68 ms
Execution 50 - TLS Mutual
s_connection: verify depth is 1
Handshake duration: 279.64 ms
Execution 51 - TLS Mutual
s_connection: verify depth is 1
Handshake duration: 268.20 ms
Execution 52 - TLS Mutual
s_connection: verify depth is 1
Handshake duration: 267.69 ms
Execution 53 - TLS Mutual
s_connection: verify depth is 1
Handshake duration: 279.59 ms
Execution 54 - TLS Mutual
s_connection: verify depth is 1
Handshake duration: 279.95 ms
Execution 55 - TLS Mutual
s_connection: verify depth is 1
Handshake duration: 279.91 ms
Execution 56 - TLS Mutual
s_connection: verify depth is 1
Handshake duration: 279.51 ms
Execution 57 - TLS Mutual
s_connection: verify depth is 1
Handshake duration: 280.98 ms
Execution 58 - TLS Mutual
s_connection: verify depth is 1
Handshake duration: 279.85 ms
Execution 59 - TLS Mutual
s_connection: verify depth is 1
Handshake duration: 266.86 ms
Execution 60 - TLS Mutual
s_connection: verify depth is 1
Handshake duration: 278.23 ms
Execution 61 - TLS Mutual
s_connection: verify depth is 1
Handshake duration: 260.48 ms
Execution 62 - TLS Mutual
s_connection: verify depth is 1
Handshake duration: 282.02 ms
Execution 63 - TLS Mutual
s_connection: verify depth is 1
Handshake duration: 278.24 ms
Execution 64 - TLS Mutual
s_connection: verify depth is 1
Handshake duration: 281.16 ms
Execution 65 - TLS Mutual
s_connection: verify depth is 1
Handshake duration: 280.61 ms
Execution 66 - TLS Mutual
s_connection: verify depth is 1
Handshake duration: 280.53 ms
Execution 67 - TLS Mutual
s_connection: verify depth is 1
Handshake duration: 267.00 ms
Execution 68 - TLS Mutual
s_connection: verify depth is 1
Handshake duration: 279.63 ms
Execution 69 - TLS Mutual
s_connection: verify depth is 1
Handshake duration: 279.62 ms
Execution 70 - TLS Mutual
s_connection: verify depth is 1
Handshake duration: 279.68 ms
Execution 71 - TLS Mutual
s_connection: verify depth is 1
Handshake duration: 279.87 ms
Execution 72 - TLS Mutual
s_connection: verify depth is 1
Handshake duration: 267.66 ms
Execution 73 - TLS Mutual
s_connection: verify depth is 1
Handshake duration: 279.50 ms
Execution 74 - TLS Mutual
s_connection: verify depth is 1
Handshake duration: 279.28 ms
Execution 75 - TLS Mutual
s_connection: verify depth is 1
Handshake duration: 267.96 ms
Execution 76 - TLS Mutual
s_connection: verify depth is 1
Handshake duration: 279.75 ms
Execution 77 - TLS Mutual
s_connection: verify depth is 1
Handshake duration: 280.06 ms
Execution 78 - TLS Mutual
s_connection: verify depth is 1
Handshake duration: 277.08 ms
Execution 79 - TLS Mutual
s_connection: verify depth is 1
Handshake duration: 279.25 ms
Execution 80 - TLS Mutual
s_connection: verify depth is 1
Handshake duration: 280.57 ms
Execution 81 - TLS Mutual
s_connection: verify depth is 1
Handshake duration: 267.35 ms
Execution 82 - TLS Mutual
s_connection: verify depth is 1
Handshake duration: 279.59 ms
Execution 83 - TLS Mutual
s_connection: verify depth is 1
Handshake duration: 279.64 ms
Execution 84 - TLS Mutual
s_connection: verify depth is 1
Handshake duration: 280.33 ms
Execution 85 - TLS Mutual
s_connection: verify depth is 1
Handshake duration: 280.65 ms
Execution 86 - TLS Mutual
s_connection: verify depth is 1
Handshake duration: 279.42 ms
Execution 87 - TLS Mutual
s_connection: verify depth is 1
Handshake duration: 268.83 ms
Execution 88 - TLS Mutual
s_connection: verify depth is 1
Handshake duration: 280.18 ms
Execution 89 - TLS Mutual
s_connection: verify depth is 1
Handshake duration: 266.72 ms
Execution 90 - TLS Mutual
s_connection: verify depth is 1
Handshake duration: 279.83 ms
Execution 91 - TLS Mutual
s_connection: verify depth is 1
Handshake duration: 279.59 ms
Execution 92 - TLS Mutual
s_connection: verify depth is 1
Handshake duration: 279.81 ms
Execution 93 - TLS Mutual
s_connection: verify depth is 1
Handshake duration: 280.00 ms
Execution 94 - TLS Mutual
s_connection: verify depth is 1
Handshake duration: 282.71 ms
Execution 95 - TLS Mutual
s_connection: verify depth is 1
Handshake duration: 1276.66 ms
Execution 96 - TLS Mutual
s_connection: verify depth is 1
Handshake duration: 280.23 ms
Execution 97 - TLS Mutual
s_connection: verify depth is 1
Handshake duration: 280.52 ms
Execution 98 - TLS Mutual
s_connection: verify depth is 1
Handshake duration: 279.40 ms
Execution 99 - TLS Mutual
s_connection: verify depth is 1
Handshake duration: 280.62 ms
Execution 100 - TLS Mutual
s_connection: verify depth is 1
Handshake duration: 266.34 ms
Execution 101 - TLS Mutual
s_connection: verify depth is 1
Handshake duration: 279.51 ms
Execution 102 - TLS Mutual
s_connection: verify depth is 1
Handshake duration: 280.49 ms
Execution 103 - TLS Mutual
s_connection: verify depth is 1
Handshake duration: 279.77 ms
Execution 104 - TLS Mutual
s_connection: verify depth is 1
Handshake duration: 280.41 ms
Execution 105 - TLS Mutual
s_connection: verify depth is 1
Handshake duration: 281.29 ms
Execution 106 - TLS Mutual
s_connection: verify depth is 1
Handshake duration: 279.54 ms
Execution 107 - TLS Mutual
s_connection: verify depth is 1
Handshake duration: 280.05 ms
Execution 108 - TLS Mutual
s_connection: verify depth is 1
Handshake duration: 280.51 ms
Execution 109 - TLS Mutual
s_connection: verify depth is 1
Handshake duration: 279.95 ms
Execution 110 - TLS Mutual
s_connection: verify depth is 1
Handshake duration: 267.24 ms
Execution 111 - TLS Mutual
s_connection: verify depth is 1
Handshake duration: 279.57 ms
Execution 112 - TLS Mutual
s_connection: verify depth is 1
Handshake duration: 279.49 ms
Execution 113 - TLS Mutual
s_connection: verify depth is 1
Handshake duration: 279.46 ms
Execution 114 - TLS Mutual
s_connection: verify depth is 1
Handshake duration: 279.62 ms
Execution 115 - TLS Mutual
s_connection: verify depth is 1
Handshake duration: 279.98 ms
Execution 116 - TLS Mutual
s_connection: verify depth is 1
Handshake duration: 267.66 ms
Execution 117 - TLS Mutual
s_connection: verify depth is 1
Handshake duration: 279.52 ms
Execution 118 - TLS Mutual
s_connection: verify depth is 1
Handshake duration: 279.56 ms
Execution 119 - TLS Mutual
s_connection: verify depth is 1
Handshake duration: 282.93 ms
Execution 120 - TLS Mutual
s_connection: verify depth is 1
Handshake duration: 278.06 ms
Execution 121 - TLS Mutual
s_connection: verify depth is 1
Handshake duration: 279.59 ms
Execution 122 - TLS Mutual
s_connection: verify depth is 1
Handshake duration: 279.58 ms
Execution 123 - TLS Mutual
s_connection: verify depth is 1
Handshake duration: 280.23 ms
Execution 124 - TLS Mutual
s_connection: verify depth is 1
Handshake duration: 280.07 ms
Execution 125 - TLS Mutual
s_connection: verify depth is 1
Handshake duration: 279.75 ms
