*************************************
Mode:      concurrent
Protocol:  quic
Auth Mode: single
SIG_ALG:   mldsa44
KEM_ALG:   hqc128
Network:   modere (delay=30.02ms/interface, loss=0.3%)
Concurrency levels: 1,5,10,20,50
Waves per level:    20
*************************************
Total reclaimed space: 0B
Error response from daemon: get cert: no such volume
Error response from daemon: network localNet not found
exit status 1

*** NETWORK AND VOLUME ***
d9d0c7a5e7e5d0b8827abc774ff057125914060aa1339fdbe11756b700e92158
cert

 ==> Creating Certs and Keys for SIG_ALG=mldsa44
Creating certificates
Using default procedure for mldsa44
-----
-----
Certificate request self-signature ok
subject=CN=localhost
-----
Certificate request self-signature ok
subject=CN=user
Running /opt/oqssa/bin/doCert.sh with SIG_ALG=mldsa44 and certificates created


 ==> Starting server...
72903f58151bcf2675472354952d10d0fe59b391bfd41e5085300407ce60f11e
    Server IP: 172.18.0.2

 ==> Starting client container (idle, tests run via docker exec)...
827153724f590df9b977224c6cd26648dc744510ff8f31f5efb024f56c57d845
cliente

 ==> Applying network scenario 'modere': delay=30.02ms/interface, loss=0.3% (server only)

===================================================
 Concurrency level: 1
===================================================
=== Concurrent load test ===
  Protocol:    quic
  SIG_ALG:     mldsa44
  KEM_ALG:     hqc128
  Concurrency: 1 simultaneous connections
  Waves:       20
=============================
  -> Vague 1/20 (1 connexions simultanées)
  -> Vague 2/20 (1 connexions simultanées)
  -> Vague 3/20 (1 connexions simultanées)
  -> Vague 4/20 (1 connexions simultanées)
  -> Vague 5/20 (1 connexions simultanées)
  -> Vague 6/20 (1 connexions simultanées)
  -> Vague 7/20 (1 connexions simultanées)
  -> Vague 8/20 (1 connexions simultanées)
  -> Vague 9/20 (1 connexions simultanées)
  -> Vague 10/20 (1 connexions simultanées)
  -> Vague 11/20 (1 connexions simultanées)
  -> Vague 12/20 (1 connexions simultanées)
  -> Vague 13/20 (1 connexions simultanées)
  -> Vague 14/20 (1 connexions simultanées)
  -> Vague 15/20 (1 connexions simultanées)
  -> Vague 16/20 (1 connexions simultanées)
  -> Vague 17/20 (1 connexions simultanées)
  -> Vague 18/20 (1 connexions simultanées)
  -> Vague 19/20 (1 connexions simultanées)
  -> Vague 20/20 (1 connexions simultanées)

Résultats : /tmp/concurrent_summary_quic_mldsa44_hqc128_c1.csv
Total connexions : 20 | Échecs : 1

===================================================
 Concurrency level: 5
===================================================
=== Concurrent load test ===
  Protocol:    quic
  SIG_ALG:     mldsa44
  KEM_ALG:     hqc128
  Concurrency: 5 simultaneous connections
  Waves:       20
=============================
  -> Vague 1/20 (5 connexions simultanées)
  -> Vague 2/20 (5 connexions simultanées)
  -> Vague 3/20 (5 connexions simultanées)
  -> Vague 4/20 (5 connexions simultanées)
  -> Vague 5/20 (5 connexions simultanées)
  -> Vague 6/20 (5 connexions simultanées)
  -> Vague 7/20 (5 connexions simultanées)
  -> Vague 8/20 (5 connexions simultanées)
  -> Vague 9/20 (5 connexions simultanées)
  -> Vague 10/20 (5 connexions simultanées)
  -> Vague 11/20 (5 connexions simultanées)
  -> Vague 12/20 (5 connexions simultanées)
  -> Vague 13/20 (5 connexions simultanées)
  -> Vague 14/20 (5 connexions simultanées)
  -> Vague 15/20 (5 connexions simultanées)
  -> Vague 16/20 (5 connexions simultanées)
  -> Vague 17/20 (5 connexions simultanées)
  -> Vague 18/20 (5 connexions simultanées)
  -> Vague 19/20 (5 connexions simultanées)
  -> Vague 20/20 (5 connexions simultanées)

Résultats : /tmp/concurrent_summary_quic_mldsa44_hqc128_c5.csv
Total connexions : 100 | Échecs : 1

===================================================
 Concurrency level: 10
===================================================
=== Concurrent load test ===
  Protocol:    quic
  SIG_ALG:     mldsa44
  KEM_ALG:     hqc128
  Concurrency: 10 simultaneous connections
  Waves:       20
=============================
  -> Vague 1/20 (10 connexions simultanées)
  -> Vague 2/20 (10 connexions simultanées)
  -> Vague 3/20 (10 connexions simultanées)
  -> Vague 4/20 (10 connexions simultanées)
  -> Vague 5/20 (10 connexions simultanées)
  -> Vague 6/20 (10 connexions simultanées)
  -> Vague 7/20 (10 connexions simultanées)
  -> Vague 8/20 (10 connexions simultanées)
  -> Vague 9/20 (10 connexions simultanées)
  -> Vague 10/20 (10 connexions simultanées)
  -> Vague 11/20 (10 connexions simultanées)
  -> Vague 12/20 (10 connexions simultanées)
  -> Vague 13/20 (10 connexions simultanées)
  -> Vague 14/20 (10 connexions simultanées)
  -> Vague 15/20 (10 connexions simultanées)
  -> Vague 16/20 (10 connexions simultanées)
  -> Vague 17/20 (10 connexions simultanées)
  -> Vague 18/20 (10 connexions simultanées)
  -> Vague 19/20 (10 connexions simultanées)
  -> Vague 20/20 (10 connexions simultanées)

Résultats : /tmp/concurrent_summary_quic_mldsa44_hqc128_c10.csv
Total connexions : 200 | Échecs : 1

===================================================
 Concurrency level: 20
===================================================
=== Concurrent load test ===
  Protocol:    quic
  SIG_ALG:     mldsa44
  KEM_ALG:     hqc128
  Concurrency: 20 simultaneous connections
  Waves:       20
=============================
  -> Vague 1/20 (20 connexions simultanées)
  -> Vague 2/20 (20 connexions simultanées)
  -> Vague 3/20 (20 connexions simultanées)
  -> Vague 4/20 (20 connexions simultanées)
  -> Vague 5/20 (20 connexions simultanées)
  -> Vague 6/20 (20 connexions simultanées)
  -> Vague 7/20 (20 connexions simultanées)
  -> Vague 8/20 (20 connexions simultanées)
  -> Vague 9/20 (20 connexions simultanées)
  -> Vague 10/20 (20 connexions simultanées)
  -> Vague 11/20 (20 connexions simultanées)
  -> Vague 12/20 (20 connexions simultanées)
  -> Vague 13/20 (20 connexions simultanées)
  -> Vague 14/20 (20 connexions simultanées)
  -> Vague 15/20 (20 connexions simultanées)
  -> Vague 16/20 (20 connexions simultanées)
  -> Vague 17/20 (20 connexions simultanées)
  -> Vague 18/20 (20 connexions simultanées)
  -> Vague 19/20 (20 connexions simultanées)
  -> Vague 20/20 (20 connexions simultanées)

Résultats : /tmp/concurrent_summary_quic_mldsa44_hqc128_c20.csv
Total connexions : 400 | Échecs : 1

===================================================
 Concurrency level: 50
===================================================
=== Concurrent load test ===
  Protocol:    quic
  SIG_ALG:     mldsa44
  KEM_ALG:     hqc128
  Concurrency: 50 simultaneous connections
  Waves:       20
=============================
  -> Vague 1/20 (50 connexions simultanées)
  -> Vague 2/20 (50 connexions simultanées)
  -> Vague 3/20 (50 connexions simultanées)
  -> Vague 4/20 (50 connexions simultanées)
  -> Vague 5/20 (50 connexions simultanées)
  -> Vague 6/20 (50 connexions simultanées)
  -> Vague 7/20 (50 connexions simultanées)
  -> Vague 8/20 (50 connexions simultanées)
  -> Vague 9/20 (50 connexions simultanées)
  -> Vague 10/20 (50 connexions simultanées)
  -> Vague 11/20 (50 connexions simultanées)
  -> Vague 12/20 (50 connexions simultanées)
  -> Vague 13/20 (50 connexions simultanées)
  -> Vague 14/20 (50 connexions simultanées)
  -> Vague 15/20 (50 connexions simultanées)
  -> Vague 16/20 (50 connexions simultanées)
  -> Vague 17/20 (50 connexions simultanées)
  -> Vague 18/20 (50 connexions simultanées)
  -> Vague 19/20 (50 connexions simultanées)
  -> Vague 20/20 (50 connexions simultanées)

Résultats : /tmp/concurrent_summary_quic_mldsa44_hqc128_c50.csv
Total connexions : 1000 | Échecs : 1

 ==> Résultats copiés dans : /home/tolokoum/Documents/mldsa-mlkem-hqc-tls-quic-constrained-performance/captures/advanced_tests
Deleted Containers:
827153724f590df9b977224c6cd26648dc744510ff8f31f5efb024f56c57d845
72903f58151bcf2675472354952d10d0fe59b391bfd41e5085300407ce60f11e

Total reclaimed space: 127kB
cert
localNet
✅  Cleanup complete. Advanced tests finished.
