Handshake timeout budget: 150s (identique TLS/QUIC)
Applying netem rules to lo...
Showing qdisc status for the interface: lo
qdisc netem 804c: root refcnt 2 limit 1000 seed 12437084688160626723
 Sent 0 bytes 0 pkt (dropped 0, overlimits 0 requeues 0) 
 backlog 0b 0p requeues 0
Running ./perftestClientTlsQuic.sh with SIG_ALG=secp521r1 and KEM_ALG=hqc256
Execution 1 - TLS Single
s_connection: verify depth is 1
Handshake duration: 91.02 ms
Execution 2 - TLS Single
s_connection: verify depth is 1
Handshake duration: 87.25 ms
Execution 3 - TLS Single
s_connection: verify depth is 1
Handshake duration: 87.25 ms
Execution 4 - TLS Single
s_connection: verify depth is 1
Handshake duration: 103.66 ms
Execution 5 - TLS Single
s_connection: verify depth is 1
Handshake duration: 88.91 ms
Execution 6 - TLS Single
s_connection: verify depth is 1
Handshake duration: 87.86 ms
Execution 7 - TLS Single
s_connection: verify depth is 1
Handshake duration: 86.79 ms
Execution 8 - TLS Single
s_connection: verify depth is 1
Handshake duration: 86.27 ms
Execution 9 - TLS Single
s_connection: verify depth is 1
Handshake duration: 87.40 ms
Execution 10 - TLS Single
s_connection: verify depth is 1
Handshake duration: 86.55 ms
Execution 11 - TLS Single
s_connection: verify depth is 1
Handshake duration: 88.89 ms
Execution 12 - TLS Single
s_connection: verify depth is 1
Handshake duration: 86.84 ms
Execution 13 - TLS Single
s_connection: verify depth is 1
Handshake duration: 85.02 ms
Execution 14 - TLS Single
s_connection: verify depth is 1
Handshake duration: 87.59 ms
Execution 15 - TLS Single
s_connection: verify depth is 1
Handshake duration: 89.79 ms
Execution 16 - TLS Single
s_connection: verify depth is 1
Handshake duration: 87.77 ms
Execution 17 - TLS Single
s_connection: verify depth is 1
Handshake duration: 88.15 ms
Execution 18 - TLS Single
s_connection: verify depth is 1
Handshake duration: 86.12 ms
Execution 19 - TLS Single
s_connection: verify depth is 1
Handshake duration: 84.99 ms
Execution 20 - TLS Single
s_connection: verify depth is 1
Handshake duration: 84.33 ms
Execution 21 - TLS Single
s_connection: verify depth is 1
Handshake duration: 85.31 ms
Execution 22 - TLS Single
s_connection: verify depth is 1
Handshake duration: 86.60 ms
Execution 23 - TLS Single
s_connection: verify depth is 1
Handshake duration: 85.92 ms
Execution 24 - TLS Single
s_connection: verify depth is 1
Handshake duration: 84.96 ms
Execution 25 - TLS Single
s_connection: verify depth is 1
Handshake duration: 84.52 ms
Execution 26 - TLS Single
s_connection: verify depth is 1
Handshake duration: 83.66 ms
Execution 27 - TLS Single
s_connection: verify depth is 1
Handshake duration: 83.41 ms
Execution 28 - TLS Single
s_connection: verify depth is 1
Handshake duration: 83.55 ms
Execution 29 - TLS Single
s_connection: verify depth is 1
Handshake duration: 85.78 ms
Execution 30 - TLS Single
s_connection: verify depth is 1
Handshake duration: 85.71 ms
Execution 31 - TLS Single
s_connection: verify depth is 1
Handshake duration: 83.04 ms
Execution 32 - TLS Single
s_connection: verify depth is 1
Handshake duration: 86.14 ms
Execution 33 - TLS Single
s_connection: verify depth is 1
Handshake duration: 86.90 ms
Execution 34 - TLS Single
s_connection: verify depth is 1
Handshake duration: 84.76 ms
Execution 35 - TLS Single
s_connection: verify depth is 1
Handshake duration: 83.37 ms
Execution 36 - TLS Single
s_connection: verify depth is 1
Handshake duration: 83.71 ms
Execution 37 - TLS Single
s_connection: verify depth is 1
Handshake duration: 81.96 ms
Execution 38 - TLS Single
s_connection: verify depth is 1
Handshake duration: 82.49 ms
Execution 39 - TLS Single
s_connection: verify depth is 1
Handshake duration: 84.11 ms
Execution 40 - TLS Single
s_connection: verify depth is 1
Handshake duration: 84.25 ms
Execution 41 - TLS Single
s_connection: verify depth is 1
Handshake duration: 82.88 ms
Execution 42 - TLS Single
s_connection: verify depth is 1
Handshake duration: 84.99 ms
Execution 43 - TLS Single
s_connection: verify depth is 1
Handshake duration: 82.38 ms
Execution 44 - TLS Single
s_connection: verify depth is 1
Handshake duration: 84.13 ms
Execution 45 - TLS Single
s_connection: verify depth is 1
Handshake duration: 83.84 ms
Execution 46 - TLS Single
s_connection: verify depth is 1
Handshake duration: 86.38 ms
Execution 47 - TLS Single
s_connection: verify depth is 1
Handshake duration: 84.11 ms
Execution 48 - TLS Single
s_connection: verify depth is 1
Handshake duration: 82.23 ms
Execution 49 - TLS Single
s_connection: verify depth is 1
Handshake duration: 84.56 ms
Execution 50 - TLS Single
s_connection: verify depth is 1
Handshake duration: 88.53 ms
Execution 51 - TLS Single
s_connection: verify depth is 1
Handshake duration: 84.29 ms
Execution 52 - TLS Single
s_connection: verify depth is 1
Handshake duration: 82.88 ms
Execution 53 - TLS Single
s_connection: verify depth is 1
Handshake duration: 84.41 ms
Execution 54 - TLS Single
s_connection: verify depth is 1
Handshake duration: 83.17 ms
Execution 55 - TLS Single
s_connection: verify depth is 1
Handshake duration: 83.56 ms
Execution 56 - TLS Single
s_connection: verify depth is 1
Handshake duration: 82.95 ms
Execution 57 - TLS Single
s_connection: verify depth is 1
Handshake duration: 83.33 ms
Execution 58 - TLS Single
s_connection: verify depth is 1
Handshake duration: 85.50 ms
Execution 59 - TLS Single
s_connection: verify depth is 1
Handshake duration: 84.41 ms
Execution 60 - TLS Single
s_connection: verify depth is 1
Handshake duration: 82.97 ms
Execution 61 - TLS Single
s_connection: verify depth is 1
Handshake duration: 85.27 ms
Execution 62 - TLS Single
s_connection: verify depth is 1
Handshake duration: 84.81 ms
Execution 63 - TLS Single
s_connection: verify depth is 1
Handshake duration: 83.40 ms
Execution 64 - TLS Single
s_connection: verify depth is 1
Handshake duration: 82.02 ms
Execution 65 - TLS Single
s_connection: verify depth is 1
Handshake duration: 82.79 ms
Execution 66 - TLS Single
s_connection: verify depth is 1
Handshake duration: 83.52 ms
Execution 67 - TLS Single
s_connection: verify depth is 1
Handshake duration: 83.27 ms
Execution 68 - TLS Single
s_connection: verify depth is 1
Handshake duration: 83.31 ms
Execution 69 - TLS Single
s_connection: verify depth is 1
Handshake duration: 84.14 ms
Execution 70 - TLS Single
s_connection: verify depth is 1
Handshake duration: 83.39 ms
Execution 71 - TLS Single
s_connection: verify depth is 1
Handshake duration: 83.80 ms
Execution 72 - TLS Single
s_connection: verify depth is 1
Handshake duration: 83.50 ms
Execution 73 - TLS Single
s_connection: verify depth is 1
Handshake duration: 82.87 ms
Execution 74 - TLS Single
s_connection: verify depth is 1
Handshake duration: 82.91 ms
Execution 75 - TLS Single
s_connection: verify depth is 1
Handshake duration: 83.28 ms
Execution 76 - TLS Single
s_connection: verify depth is 1
Handshake duration: 82.77 ms
Execution 77 - TLS Single
s_connection: verify depth is 1
Handshake duration: 85.09 ms
Execution 78 - TLS Single
s_connection: verify depth is 1
Handshake duration: 83.17 ms
Execution 79 - TLS Single
s_connection: verify depth is 1
Handshake duration: 83.24 ms
Execution 80 - TLS Single
s_connection: verify depth is 1
Handshake duration: 84.57 ms
Execution 81 - TLS Single
s_connection: verify depth is 1
Handshake duration: 83.34 ms
Execution 82 - TLS Single
s_connection: verify depth is 1
Handshake duration: 83.99 ms
Execution 83 - TLS Single
s_connection: verify depth is 1
Handshake duration: 85.05 ms
Execution 84 - TLS Single
s_connection: verify depth is 1
Handshake duration: 85.80 ms
Execution 85 - TLS Single
s_connection: verify depth is 1
Handshake duration: 83.56 ms
Execution 86 - TLS Single
s_connection: verify depth is 1
Handshake duration: 85.92 ms
Execution 87 - TLS Single
s_connection: verify depth is 1
Handshake duration: 83.99 ms
Execution 88 - TLS Single
s_connection: verify depth is 1
Handshake duration: 81.51 ms
Execution 89 - TLS Single
s_connection: verify depth is 1
Handshake duration: 85.82 ms
Execution 90 - TLS Single
s_connection: verify depth is 1
Handshake duration: 84.17 ms
Execution 91 - TLS Single
s_connection: verify depth is 1
Handshake duration: 83.67 ms
Execution 92 - TLS Single
s_connection: verify depth is 1
Handshake duration: 98.66 ms
Execution 93 - TLS Single
s_connection: verify depth is 1
Handshake duration: 84.68 ms
Execution 94 - TLS Single
s_connection: verify depth is 1
Handshake duration: 85.77 ms
Execution 95 - TLS Single
s_connection: verify depth is 1
Handshake duration: 83.56 ms
Execution 96 - TLS Single
s_connection: verify depth is 1
Handshake duration: 86.14 ms
Execution 97 - TLS Single
s_connection: verify depth is 1
Handshake duration: 83.34 ms
Execution 98 - TLS Single
s_connection: verify depth is 1
Handshake duration: 84.74 ms
Execution 99 - TLS Single
s_connection: verify depth is 1
Handshake duration: 83.47 ms
Execution 100 - TLS Single
s_connection: verify depth is 1
Handshake duration: 84.25 ms
Execution 101 - TLS Single
s_connection: verify depth is 1
Handshake duration: 84.55 ms
Execution 102 - TLS Single
s_connection: verify depth is 1
Handshake duration: 83.04 ms
Execution 103 - TLS Single
s_connection: verify depth is 1
Handshake duration: 88.05 ms
Execution 104 - TLS Single
s_connection: verify depth is 1
Handshake duration: 90.58 ms
Execution 105 - TLS Single
s_connection: verify depth is 1
Handshake duration: 84.21 ms
Execution 106 - TLS Single
s_connection: verify depth is 1
Handshake duration: 85.44 ms
Execution 107 - TLS Single
s_connection: verify depth is 1
Handshake duration: 82.60 ms
Execution 108 - TLS Single
s_connection: verify depth is 1
Handshake duration: 83.90 ms
Execution 109 - TLS Single
s_connection: verify depth is 1
Handshake duration: 85.18 ms
Execution 110 - TLS Single
s_connection: verify depth is 1
Handshake duration: 84.91 ms
Execution 111 - TLS Single
s_connection: verify depth is 1
Handshake duration: 83.00 ms
Execution 112 - TLS Single
s_connection: verify depth is 1
Handshake duration: 84.36 ms
Execution 113 - TLS Single
s_connection: verify depth is 1
Handshake duration: 84.13 ms
Execution 114 - TLS Single
s_connection: verify depth is 1
Handshake duration: 84.78 ms
Execution 115 - TLS Single
s_connection: verify depth is 1
Handshake duration: 83.80 ms
Execution 116 - TLS Single
s_connection: verify depth is 1
Handshake duration: 85.22 ms
Execution 117 - TLS Single
s_connection: verify depth is 1
Handshake duration: 84.17 ms
Execution 118 - TLS Single
s_connection: verify depth is 1
Handshake duration: 84.57 ms
Execution 119 - TLS Single
s_connection: verify depth is 1
Handshake duration: 84.37 ms
Execution 120 - TLS Single
s_connection: verify depth is 1
Handshake duration: 84.92 ms
Execution 121 - TLS Single
s_connection: verify depth is 1
Handshake duration: 83.72 ms
Execution 122 - TLS Single
s_connection: verify depth is 1
Handshake duration: 81.25 ms
Execution 123 - TLS Single
s_connection: verify depth is 1
Handshake duration: 83.96 ms
Execution 124 - TLS Single
s_connection: verify depth is 1
Handshake duration: 82.79 ms
Execution 125 - TLS Single
s_connection: verify depth is 1
Handshake duration: 84.11 ms
