Handshake timeout budget: 150s (identique TLS/QUIC)
Applying netem rules to lo...
Showing qdisc status for the interface: lo
qdisc netem 8dd7: root refcnt 2 limit 1000 seed 2824426849854937764
 Sent 0 bytes 0 pkt (dropped 0, overlimits 0 requeues 0) 
 backlog 0b 0p requeues 0
Running ./perftestClientTlsQuic.sh with SIG_ALG=mldsa65 and KEM_ALG=hqc192
Execution 1 - TLS Single
s_connection: verify depth is 1
Handshake duration: 49.60 ms
Execution 2 - TLS Single
s_connection: verify depth is 1
Handshake duration: 44.76 ms
Execution 3 - TLS Single
s_connection: verify depth is 1
Handshake duration: 44.75 ms
Execution 4 - TLS Single
s_connection: verify depth is 1
Handshake duration: 43.98 ms
Execution 5 - TLS Single
s_connection: verify depth is 1
Handshake duration: 44.48 ms
Execution 6 - TLS Single
s_connection: verify depth is 1
Handshake duration: 44.58 ms
Execution 7 - TLS Single
s_connection: verify depth is 1
Handshake duration: 45.12 ms
Execution 8 - TLS Single
s_connection: verify depth is 1
Handshake duration: 44.02 ms
Execution 9 - TLS Single
s_connection: verify depth is 1
Handshake duration: 46.34 ms
Execution 10 - TLS Single
s_connection: verify depth is 1
Handshake duration: 45.20 ms
Execution 11 - TLS Single
s_connection: verify depth is 1
Handshake duration: 43.96 ms
Execution 12 - TLS Single
s_connection: verify depth is 1
Handshake duration: 45.84 ms
Execution 13 - TLS Single
s_connection: verify depth is 1
Handshake duration: 44.21 ms
Execution 14 - TLS Single
s_connection: verify depth is 1
Handshake duration: 48.20 ms
Execution 15 - TLS Single
s_connection: verify depth is 1
Handshake duration: 47.04 ms
Execution 16 - TLS Single
s_connection: verify depth is 1
Handshake duration: 44.85 ms
Execution 17 - TLS Single
s_connection: verify depth is 1
Handshake duration: 44.13 ms
Execution 18 - TLS Single
s_connection: verify depth is 1
Handshake duration: 44.52 ms
Execution 19 - TLS Single
s_connection: verify depth is 1
Handshake duration: 47.06 ms
Execution 20 - TLS Single
s_connection: verify depth is 1
Handshake duration: 43.62 ms
Execution 21 - TLS Single
s_connection: verify depth is 1
Handshake duration: 44.05 ms
Execution 22 - TLS Single
s_connection: verify depth is 1
Handshake duration: 44.62 ms
Execution 23 - TLS Single
s_connection: verify depth is 1
Handshake duration: 44.84 ms
Execution 24 - TLS Single
s_connection: verify depth is 1
Handshake duration: 43.97 ms
Execution 25 - TLS Single
s_connection: verify depth is 1
Handshake duration: 44.25 ms
Execution 26 - TLS Single
s_connection: verify depth is 1
Handshake duration: 44.80 ms
Execution 27 - TLS Single
s_connection: verify depth is 1
Handshake duration: 43.78 ms
Execution 28 - TLS Single
s_connection: verify depth is 1
Handshake duration: 44.40 ms
Execution 29 - TLS Single
s_connection: verify depth is 1
Handshake duration: 44.16 ms
Execution 30 - TLS Single
s_connection: verify depth is 1
Handshake duration: 45.81 ms
Execution 31 - TLS Single
s_connection: verify depth is 1
Handshake duration: 43.89 ms
Execution 32 - TLS Single
s_connection: verify depth is 1
Handshake duration: 45.68 ms
Execution 33 - TLS Single
s_connection: verify depth is 1
Handshake duration: 45.66 ms
Execution 34 - TLS Single
s_connection: verify depth is 1
Handshake duration: 44.59 ms
Execution 35 - TLS Single
s_connection: verify depth is 1
Handshake duration: 44.75 ms
Execution 36 - TLS Single
s_connection: verify depth is 1
Handshake duration: 44.68 ms
Execution 37 - TLS Single
s_connection: verify depth is 1
Handshake duration: 44.03 ms
Execution 38 - TLS Single
s_connection: verify depth is 1
Handshake duration: 44.74 ms
Execution 39 - TLS Single
s_connection: verify depth is 1
Handshake duration: 44.39 ms
Execution 40 - TLS Single
s_connection: verify depth is 1
Handshake duration: 44.62 ms
Execution 41 - TLS Single
s_connection: verify depth is 1
Handshake duration: 44.49 ms
Execution 42 - TLS Single
s_connection: verify depth is 1
Handshake duration: 45.30 ms
Execution 43 - TLS Single
s_connection: verify depth is 1
Handshake duration: 44.86 ms
Execution 44 - TLS Single
s_connection: verify depth is 1
Handshake duration: 44.15 ms
Execution 45 - TLS Single
s_connection: verify depth is 1
Handshake duration: 44.39 ms
Execution 46 - TLS Single
s_connection: verify depth is 1
Handshake duration: 46.74 ms
Execution 47 - TLS Single
s_connection: verify depth is 1
Handshake duration: 46.23 ms
Execution 48 - TLS Single
s_connection: verify depth is 1
Handshake duration: 44.74 ms
Execution 49 - TLS Single
s_connection: verify depth is 1
Handshake duration: 44.05 ms
Execution 50 - TLS Single
s_connection: verify depth is 1
Handshake duration: 43.72 ms
Execution 51 - TLS Single
s_connection: verify depth is 1
Handshake duration: 43.96 ms
Execution 52 - TLS Single
s_connection: verify depth is 1
Handshake duration: 44.06 ms
Execution 53 - TLS Single
s_connection: verify depth is 1
Handshake duration: 44.56 ms
Execution 54 - TLS Single
s_connection: verify depth is 1
Handshake duration: 44.93 ms
Execution 55 - TLS Single
s_connection: verify depth is 1
Handshake duration: 43.62 ms
Execution 56 - TLS Single
s_connection: verify depth is 1
Handshake duration: 45.66 ms
Execution 57 - TLS Single
s_connection: verify depth is 1
Handshake duration: 44.32 ms
Execution 58 - TLS Single
s_connection: verify depth is 1
Handshake duration: 43.85 ms
Execution 59 - TLS Single
s_connection: verify depth is 1
Handshake duration: 44.75 ms
Execution 60 - TLS Single
s_connection: verify depth is 1
Handshake duration: 44.46 ms
Execution 61 - TLS Single
s_connection: verify depth is 1
Handshake duration: 43.99 ms
Execution 62 - TLS Single
s_connection: verify depth is 1
Handshake duration: 43.97 ms
Execution 63 - TLS Single
s_connection: verify depth is 1
Handshake duration: 44.04 ms
Execution 64 - TLS Single
s_connection: verify depth is 1
Handshake duration: 43.98 ms
Execution 65 - TLS Single
s_connection: verify depth is 1
Handshake duration: 44.18 ms
Execution 66 - TLS Single
s_connection: verify depth is 1
Handshake duration: 43.90 ms
Execution 67 - TLS Single
s_connection: verify depth is 1
Handshake duration: 43.73 ms
Execution 68 - TLS Single
s_connection: verify depth is 1
Handshake duration: 44.77 ms
Execution 69 - TLS Single
s_connection: verify depth is 1
Handshake duration: 44.30 ms
Execution 70 - TLS Single
s_connection: verify depth is 1
Handshake duration: 44.11 ms
Execution 71 - TLS Single
s_connection: verify depth is 1
Handshake duration: 44.35 ms
Execution 72 - TLS Single
s_connection: verify depth is 1
Handshake duration: 44.53 ms
Execution 73 - TLS Single
s_connection: verify depth is 1
Handshake duration: 43.96 ms
Execution 74 - TLS Single
s_connection: verify depth is 1
Handshake duration: 43.86 ms
Execution 75 - TLS Single
s_connection: verify depth is 1
Handshake duration: 44.32 ms
Execution 76 - TLS Single
s_connection: verify depth is 1
Handshake duration: 43.84 ms
Execution 77 - TLS Single
s_connection: verify depth is 1
Handshake duration: 43.84 ms
Execution 78 - TLS Single
s_connection: verify depth is 1
Handshake duration: 44.35 ms
Execution 79 - TLS Single
s_connection: verify depth is 1
Handshake duration: 44.96 ms
Execution 80 - TLS Single
s_connection: verify depth is 1
Handshake duration: 44.51 ms
Execution 81 - TLS Single
s_connection: verify depth is 1
Handshake duration: 43.64 ms
Execution 82 - TLS Single
s_connection: verify depth is 1
Handshake duration: 45.68 ms
Execution 83 - TLS Single
s_connection: verify depth is 1
Handshake duration: 44.22 ms
Execution 84 - TLS Single
s_connection: verify depth is 1
Handshake duration: 43.86 ms
Execution 85 - TLS Single
s_connection: verify depth is 1
Handshake duration: 44.57 ms
Execution 86 - TLS Single
s_connection: verify depth is 1
Handshake duration: 44.19 ms
Execution 87 - TLS Single
s_connection: verify depth is 1
Handshake duration: 44.76 ms
Execution 88 - TLS Single
s_connection: verify depth is 1
Handshake duration: 44.41 ms
Execution 89 - TLS Single
s_connection: verify depth is 1
Handshake duration: 44.85 ms
Execution 90 - TLS Single
s_connection: verify depth is 1
Handshake duration: 44.09 ms
Execution 91 - TLS Single
s_connection: verify depth is 1
Handshake duration: 44.56 ms
Execution 92 - TLS Single
s_connection: verify depth is 1
Handshake duration: 44.03 ms
Execution 93 - TLS Single
s_connection: verify depth is 1
Handshake duration: 44.40 ms
Execution 94 - TLS Single
s_connection: verify depth is 1
Handshake duration: 44.40 ms
Execution 95 - TLS Single
s_connection: verify depth is 1
Handshake duration: 44.45 ms
Execution 96 - TLS Single
s_connection: verify depth is 1
Handshake duration: 43.77 ms
Execution 97 - TLS Single
s_connection: verify depth is 1
Handshake duration: 44.31 ms
Execution 98 - TLS Single
s_connection: verify depth is 1
Handshake duration: 44.27 ms
Execution 99 - TLS Single
s_connection: verify depth is 1
Handshake duration: 44.82 ms
Execution 100 - TLS Single
s_connection: verify depth is 1
Handshake duration: 43.70 ms
Execution 101 - TLS Single
s_connection: verify depth is 1
Handshake duration: 44.47 ms
Execution 102 - TLS Single
s_connection: verify depth is 1
Handshake duration: 44.45 ms
Execution 103 - TLS Single
s_connection: verify depth is 1
Handshake duration: 44.67 ms
Execution 104 - TLS Single
s_connection: verify depth is 1
Handshake duration: 44.45 ms
Execution 105 - TLS Single
s_connection: verify depth is 1
Handshake duration: 44.15 ms
Execution 106 - TLS Single
s_connection: verify depth is 1
Handshake duration: 44.39 ms
Execution 107 - TLS Single
s_connection: verify depth is 1
Handshake duration: 44.74 ms
Execution 108 - TLS Single
s_connection: verify depth is 1
Handshake duration: 43.76 ms
Execution 109 - TLS Single
s_connection: verify depth is 1
Handshake duration: 44.65 ms
Execution 110 - TLS Single
s_connection: verify depth is 1
Handshake duration: 44.38 ms
Execution 111 - TLS Single
s_connection: verify depth is 1
Handshake duration: 45.37 ms
Execution 112 - TLS Single
s_connection: verify depth is 1
Handshake duration: 44.62 ms
Execution 113 - TLS Single
s_connection: verify depth is 1
Handshake duration: 45.06 ms
Execution 114 - TLS Single
s_connection: verify depth is 1
Handshake duration: 44.41 ms
Execution 115 - TLS Single
s_connection: verify depth is 1
Handshake duration: 44.20 ms
Execution 116 - TLS Single
s_connection: verify depth is 1
Handshake duration: 43.98 ms
Execution 117 - TLS Single
s_connection: verify depth is 1
Handshake duration: 44.62 ms
Execution 118 - TLS Single
s_connection: verify depth is 1
Handshake duration: 44.05 ms
Execution 119 - TLS Single
s_connection: verify depth is 1
Handshake duration: 44.03 ms
Execution 120 - TLS Single
s_connection: verify depth is 1
Handshake duration: 44.64 ms
Execution 121 - TLS Single
s_connection: verify depth is 1
Handshake duration: 44.44 ms
Execution 122 - TLS Single
s_connection: verify depth is 1
Handshake duration: 44.12 ms
Execution 123 - TLS Single
s_connection: verify depth is 1
Handshake duration: 44.18 ms
Execution 124 - TLS Single
s_connection: verify depth is 1
Handshake duration: 44.32 ms
Execution 125 - TLS Single
s_connection: verify depth is 1
Handshake duration: 43.92 ms
