Handshake timeout budget: 150s (identique TLS/QUIC)
Applying netem rules to lo...
Showing qdisc status for the interface: lo
qdisc netem 8e17: root refcnt 2 limit 1000 seed 12001044108702929923
 Sent 0 bytes 0 pkt (dropped 0, overlimits 0 requeues 0) 
 backlog 0b 0p requeues 0
Running ./perftestClientTlsQuic.sh with SIG_ALG=mldsa65 and KEM_ALG=p384_hqc192
Execution 1 - TLS Single
s_connection: verify depth is 1
Handshake duration: 58.18 ms
Execution 2 - TLS Single
s_connection: verify depth is 1
Handshake duration: 52.32 ms
Execution 3 - TLS Single
s_connection: verify depth is 1
Handshake duration: 50.64 ms
Execution 4 - TLS Single
s_connection: verify depth is 1
Handshake duration: 51.68 ms
Execution 5 - TLS Single
s_connection: verify depth is 1
Handshake duration: 51.16 ms
Execution 6 - TLS Single
s_connection: verify depth is 1
Handshake duration: 50.88 ms
Execution 7 - TLS Single
s_connection: verify depth is 1
Handshake duration: 50.50 ms
Execution 8 - TLS Single
s_connection: verify depth is 1
Handshake duration: 53.14 ms
Execution 9 - TLS Single
s_connection: verify depth is 1
Handshake duration: 51.01 ms
Execution 10 - TLS Single
s_connection: verify depth is 1
Handshake duration: 51.99 ms
Execution 11 - TLS Single
s_connection: verify depth is 1
Handshake duration: 51.91 ms
Execution 12 - TLS Single
s_connection: verify depth is 1
Handshake duration: 51.86 ms
Execution 13 - TLS Single
s_connection: verify depth is 1
Handshake duration: 51.46 ms
Execution 14 - TLS Single
s_connection: verify depth is 1
Handshake duration: 51.44 ms
Execution 15 - TLS Single
s_connection: verify depth is 1
Handshake duration: 51.92 ms
Execution 16 - TLS Single
s_connection: verify depth is 1
Handshake duration: 53.42 ms
Execution 17 - TLS Single
s_connection: verify depth is 1
Handshake duration: 50.51 ms
Execution 18 - TLS Single
s_connection: verify depth is 1
Handshake duration: 51.62 ms
Execution 19 - TLS Single
s_connection: verify depth is 1
Handshake duration: 52.12 ms
Execution 20 - TLS Single
s_connection: verify depth is 1
Handshake duration: 53.33 ms
Execution 21 - TLS Single
s_connection: verify depth is 1
Handshake duration: 54.45 ms
Execution 22 - TLS Single
s_connection: verify depth is 1
Handshake duration: 50.11 ms
Execution 23 - TLS Single
s_connection: verify depth is 1
Handshake duration: 51.79 ms
Execution 24 - TLS Single
s_connection: verify depth is 1
Handshake duration: 52.11 ms
Execution 25 - TLS Single
s_connection: verify depth is 1
Handshake duration: 51.39 ms
Execution 26 - TLS Single
s_connection: verify depth is 1
Handshake duration: 50.21 ms
Execution 27 - TLS Single
s_connection: verify depth is 1
Handshake duration: 49.91 ms
Execution 28 - TLS Single
s_connection: verify depth is 1
Handshake duration: 50.02 ms
Execution 29 - TLS Single
s_connection: verify depth is 1
Handshake duration: 49.78 ms
Execution 30 - TLS Single
s_connection: verify depth is 1
Handshake duration: 50.10 ms
Execution 31 - TLS Single
s_connection: verify depth is 1
Handshake duration: 50.63 ms
Execution 32 - TLS Single
s_connection: verify depth is 1
Handshake duration: 50.16 ms
Execution 33 - TLS Single
s_connection: verify depth is 1
Handshake duration: 49.88 ms
Execution 34 - TLS Single
s_connection: verify depth is 1
Handshake duration: 51.07 ms
Execution 35 - TLS Single
s_connection: verify depth is 1
Handshake duration: 51.91 ms
Execution 36 - TLS Single
s_connection: verify depth is 1
Handshake duration: 50.53 ms
Execution 37 - TLS Single
s_connection: verify depth is 1
Handshake duration: 50.32 ms
Execution 38 - TLS Single
s_connection: verify depth is 1
Handshake duration: 50.15 ms
Execution 39 - TLS Single
s_connection: verify depth is 1
Handshake duration: 50.57 ms
Execution 40 - TLS Single
s_connection: verify depth is 1
Handshake duration: 50.27 ms
Execution 41 - TLS Single
s_connection: verify depth is 1
Handshake duration: 51.28 ms
Execution 42 - TLS Single
s_connection: verify depth is 1
Handshake duration: 52.56 ms
Execution 43 - TLS Single
s_connection: verify depth is 1
Handshake duration: 52.03 ms
Execution 44 - TLS Single
s_connection: verify depth is 1
Handshake duration: 50.17 ms
Execution 45 - TLS Single
s_connection: verify depth is 1
Handshake duration: 52.17 ms
Execution 46 - TLS Single
s_connection: verify depth is 1
Handshake duration: 51.54 ms
Execution 47 - TLS Single
s_connection: verify depth is 1
Handshake duration: 50.89 ms
Execution 48 - TLS Single
s_connection: verify depth is 1
Handshake duration: 50.56 ms
Execution 49 - TLS Single
s_connection: verify depth is 1
Handshake duration: 51.94 ms
Execution 50 - TLS Single
s_connection: verify depth is 1
Handshake duration: 52.56 ms
Execution 51 - TLS Single
s_connection: verify depth is 1
Handshake duration: 52.26 ms
Execution 52 - TLS Single
s_connection: verify depth is 1
Handshake duration: 51.98 ms
Execution 53 - TLS Single
s_connection: verify depth is 1
Handshake duration: 50.23 ms
Execution 54 - TLS Single
s_connection: verify depth is 1
Handshake duration: 53.24 ms
Execution 55 - TLS Single
s_connection: verify depth is 1
Handshake duration: 51.41 ms
Execution 56 - TLS Single
s_connection: verify depth is 1
Handshake duration: 50.90 ms
Execution 57 - TLS Single
s_connection: verify depth is 1
Handshake duration: 49.83 ms
Execution 58 - TLS Single
s_connection: verify depth is 1
Handshake duration: 49.90 ms
Execution 59 - TLS Single
s_connection: verify depth is 1
Handshake duration: 50.10 ms
Execution 60 - TLS Single
s_connection: verify depth is 1
Handshake duration: 50.33 ms
Execution 61 - TLS Single
s_connection: verify depth is 1
Handshake duration: 50.77 ms
Execution 62 - TLS Single
s_connection: verify depth is 1
Handshake duration: 50.47 ms
Execution 63 - TLS Single
s_connection: verify depth is 1
Handshake duration: 50.40 ms
Execution 64 - TLS Single
s_connection: verify depth is 1
Handshake duration: 50.39 ms
Execution 65 - TLS Single
s_connection: verify depth is 1
Handshake duration: 50.95 ms
Execution 66 - TLS Single
s_connection: verify depth is 1
Handshake duration: 50.01 ms
Execution 67 - TLS Single
s_connection: verify depth is 1
Handshake duration: 50.70 ms
Execution 68 - TLS Single
s_connection: verify depth is 1
Handshake duration: 53.22 ms
Execution 69 - TLS Single
s_connection: verify depth is 1
Handshake duration: 51.09 ms
Execution 70 - TLS Single
s_connection: verify depth is 1
Handshake duration: 50.91 ms
Execution 71 - TLS Single
s_connection: verify depth is 1
Handshake duration: 50.20 ms
Execution 72 - TLS Single
s_connection: verify depth is 1
Handshake duration: 49.79 ms
Execution 73 - TLS Single
s_connection: verify depth is 1
Handshake duration: 51.37 ms
Execution 74 - TLS Single
s_connection: verify depth is 1
Handshake duration: 50.34 ms
Execution 75 - TLS Single
s_connection: verify depth is 1
Handshake duration: 50.23 ms
Execution 76 - TLS Single
s_connection: verify depth is 1
Handshake duration: 50.56 ms
Execution 77 - TLS Single
s_connection: verify depth is 1
Handshake duration: 50.04 ms
Execution 78 - TLS Single
s_connection: verify depth is 1
Handshake duration: 50.62 ms
Execution 79 - TLS Single
s_connection: verify depth is 1
Handshake duration: 50.50 ms
Execution 80 - TLS Single
s_connection: verify depth is 1
Handshake duration: 49.95 ms
Execution 81 - TLS Single
s_connection: verify depth is 1
Handshake duration: 50.02 ms
Execution 82 - TLS Single
s_connection: verify depth is 1
Handshake duration: 50.14 ms
Execution 83 - TLS Single
s_connection: verify depth is 1
Handshake duration: 49.92 ms
Execution 84 - TLS Single
s_connection: verify depth is 1
Handshake duration: 51.47 ms
Execution 85 - TLS Single
s_connection: verify depth is 1
Handshake duration: 51.81 ms
Execution 86 - TLS Single
s_connection: verify depth is 1
Handshake duration: 50.37 ms
Execution 87 - TLS Single
s_connection: verify depth is 1
Handshake duration: 50.67 ms
Execution 88 - TLS Single
s_connection: verify depth is 1
Handshake duration: 50.90 ms
Execution 89 - TLS Single
s_connection: verify depth is 1
Handshake duration: 50.23 ms
Execution 90 - TLS Single
s_connection: verify depth is 1
Handshake duration: 50.64 ms
Execution 91 - TLS Single
s_connection: verify depth is 1
Handshake duration: 50.21 ms
Execution 92 - TLS Single
s_connection: verify depth is 1
Handshake duration: 49.92 ms
Execution 93 - TLS Single
s_connection: verify depth is 1
Handshake duration: 50.25 ms
Execution 94 - TLS Single
s_connection: verify depth is 1
Handshake duration: 49.93 ms
Execution 95 - TLS Single
s_connection: verify depth is 1
Handshake duration: 49.91 ms
Execution 96 - TLS Single
s_connection: verify depth is 1
Handshake duration: 50.08 ms
Execution 97 - TLS Single
s_connection: verify depth is 1
Handshake duration: 49.83 ms
Execution 98 - TLS Single
s_connection: verify depth is 1
Handshake duration: 50.30 ms
Execution 99 - TLS Single
s_connection: verify depth is 1
Handshake duration: 50.57 ms
Execution 100 - TLS Single
s_connection: verify depth is 1
Handshake duration: 50.93 ms
Execution 101 - TLS Single
s_connection: verify depth is 1
Handshake duration: 54.01 ms
Execution 102 - TLS Single
s_connection: verify depth is 1
Handshake duration: 50.35 ms
Execution 103 - TLS Single
s_connection: verify depth is 1
Handshake duration: 53.15 ms
Execution 104 - TLS Single
s_connection: verify depth is 1
Handshake duration: 51.79 ms
Execution 105 - TLS Single
s_connection: verify depth is 1
Handshake duration: 51.54 ms
Execution 106 - TLS Single
s_connection: verify depth is 1
Handshake duration: 52.26 ms
Execution 107 - TLS Single
s_connection: verify depth is 1
Handshake duration: 51.60 ms
Execution 108 - TLS Single
s_connection: verify depth is 1
Handshake duration: 50.08 ms
Execution 109 - TLS Single
s_connection: verify depth is 1
Handshake duration: 50.30 ms
Execution 110 - TLS Single
s_connection: verify depth is 1
Handshake duration: 50.25 ms
Execution 111 - TLS Single
s_connection: verify depth is 1
Handshake duration: 50.19 ms
Execution 112 - TLS Single
s_connection: verify depth is 1
Handshake duration: 50.37 ms
Execution 113 - TLS Single
s_connection: verify depth is 1
Handshake duration: 50.37 ms
Execution 114 - TLS Single
s_connection: verify depth is 1
Handshake duration: 50.40 ms
Execution 115 - TLS Single
s_connection: verify depth is 1
Handshake duration: 50.08 ms
Execution 116 - TLS Single
s_connection: verify depth is 1
Handshake duration: 50.36 ms
Execution 117 - TLS Single
s_connection: verify depth is 1
Handshake duration: 53.20 ms
Execution 118 - TLS Single
s_connection: verify depth is 1
Handshake duration: 52.57 ms
Execution 119 - TLS Single
s_connection: verify depth is 1
Handshake duration: 51.35 ms
Execution 120 - TLS Single
s_connection: verify depth is 1
Handshake duration: 50.19 ms
Execution 121 - TLS Single
s_connection: verify depth is 1
Handshake duration: 50.94 ms
Execution 122 - TLS Single
s_connection: verify depth is 1
Handshake duration: 51.75 ms
Execution 123 - TLS Single
s_connection: verify depth is 1
Handshake duration: 50.33 ms
Execution 124 - TLS Single
s_connection: verify depth is 1
Handshake duration: 52.76 ms
Execution 125 - TLS Single
s_connection: verify depth is 1
Handshake duration: 50.76 ms
