Handshake timeout budget: 150s (identique TLS/QUIC)
Applying netem rules to lo...
Showing qdisc status for the interface: lo
qdisc netem 9639: root refcnt 2 limit 1000 seed 6024410287380035277
 Sent 0 bytes 0 pkt (dropped 0, overlimits 0 requeues 0) 
 backlog 0b 0p requeues 0
Running ./perftestClientTlsQuic.sh with SIG_ALG=ed25519 and KEM_ALG=p256_hqc128
Execution 1 - TLS Single
s_connection: verify depth is 1
Handshake duration: 23.68 ms
Execution 2 - TLS Single
s_connection: verify depth is 1
Handshake duration: 25.63 ms
Execution 3 - TLS Single
s_connection: verify depth is 1
Handshake duration: 22.75 ms
Execution 4 - TLS Single
s_connection: verify depth is 1
Handshake duration: 21.90 ms
Execution 5 - TLS Single
s_connection: verify depth is 1
Handshake duration: 21.14 ms
Execution 6 - TLS Single
s_connection: verify depth is 1
Handshake duration: 21.99 ms
Execution 7 - TLS Single
s_connection: verify depth is 1
Handshake duration: 21.73 ms
Execution 8 - TLS Single
s_connection: verify depth is 1
Handshake duration: 21.69 ms
Execution 9 - TLS Single
s_connection: verify depth is 1
Handshake duration: 21.21 ms
Execution 10 - TLS Single
s_connection: verify depth is 1
Handshake duration: 22.85 ms
Execution 11 - TLS Single
s_connection: verify depth is 1
Handshake duration: 23.49 ms
Execution 12 - TLS Single
s_connection: verify depth is 1
Handshake duration: 23.70 ms
Execution 13 - TLS Single
s_connection: verify depth is 1
Handshake duration: 23.71 ms
Execution 14 - TLS Single
s_connection: verify depth is 1
Handshake duration: 23.65 ms
Execution 15 - TLS Single
s_connection: verify depth is 1
Handshake duration: 23.21 ms
Execution 16 - TLS Single
s_connection: verify depth is 1
Handshake duration: 23.24 ms
Execution 17 - TLS Single
s_connection: verify depth is 1
Handshake duration: 22.76 ms
Execution 18 - TLS Single
s_connection: verify depth is 1
Handshake duration: 22.73 ms
Execution 19 - TLS Single
s_connection: verify depth is 1
Handshake duration: 23.74 ms
Execution 20 - TLS Single
s_connection: verify depth is 1
Handshake duration: 22.84 ms
Execution 21 - TLS Single
s_connection: verify depth is 1
Handshake duration: 22.67 ms
Execution 22 - TLS Single
s_connection: verify depth is 1
Handshake duration: 22.53 ms
Execution 23 - TLS Single
s_connection: verify depth is 1
Handshake duration: 22.79 ms
Execution 24 - TLS Single
s_connection: verify depth is 1
Handshake duration: 22.15 ms
Execution 25 - TLS Single
s_connection: verify depth is 1
Handshake duration: 23.45 ms
Execution 26 - TLS Single
s_connection: verify depth is 1
Handshake duration: 22.86 ms
Execution 27 - TLS Single
s_connection: verify depth is 1
Handshake duration: 22.00 ms
Execution 28 - TLS Single
s_connection: verify depth is 1
Handshake duration: 23.41 ms
Execution 29 - TLS Single
s_connection: verify depth is 1
Handshake duration: 22.82 ms
Execution 30 - TLS Single
s_connection: verify depth is 1
Handshake duration: 22.52 ms
Execution 31 - TLS Single
s_connection: verify depth is 1
Handshake duration: 22.57 ms
Execution 32 - TLS Single
s_connection: verify depth is 1
Handshake duration: 23.31 ms
Execution 33 - TLS Single
s_connection: verify depth is 1
Handshake duration: 22.48 ms
Execution 34 - TLS Single
s_connection: verify depth is 1
Handshake duration: 22.76 ms
Execution 35 - TLS Single
s_connection: verify depth is 1
Handshake duration: 22.46 ms
Execution 36 - TLS Single
s_connection: verify depth is 1
Handshake duration: 22.49 ms
Execution 37 - TLS Single
s_connection: verify depth is 1
Handshake duration: 22.12 ms
Execution 38 - TLS Single
s_connection: verify depth is 1
Handshake duration: 22.61 ms
Execution 39 - TLS Single
s_connection: verify depth is 1
Handshake duration: 22.70 ms
Execution 40 - TLS Single
s_connection: verify depth is 1
Handshake duration: 22.49 ms
Execution 41 - TLS Single
s_connection: verify depth is 1
Handshake duration: 22.56 ms
Execution 42 - TLS Single
s_connection: verify depth is 1
Handshake duration: 23.29 ms
Execution 43 - TLS Single
s_connection: verify depth is 1
Handshake duration: 21.91 ms
Execution 44 - TLS Single
s_connection: verify depth is 1
Handshake duration: 21.43 ms
Execution 45 - TLS Single
s_connection: verify depth is 1
Handshake duration: 22.38 ms
Execution 46 - TLS Single
s_connection: verify depth is 1
Handshake duration: 22.62 ms
Execution 47 - TLS Single
s_connection: verify depth is 1
Handshake duration: 22.56 ms
Execution 48 - TLS Single
s_connection: verify depth is 1
Handshake duration: 22.21 ms
Execution 49 - TLS Single
s_connection: verify depth is 1
Handshake duration: 23.06 ms
Execution 50 - TLS Single
s_connection: verify depth is 1
Handshake duration: 22.76 ms
Execution 51 - TLS Single
s_connection: verify depth is 1
Handshake duration: 22.02 ms
Execution 52 - TLS Single
s_connection: verify depth is 1
Handshake duration: 22.84 ms
Execution 53 - TLS Single
s_connection: verify depth is 1
Handshake duration: 23.34 ms
Execution 54 - TLS Single
s_connection: verify depth is 1
Handshake duration: 22.61 ms
Execution 55 - TLS Single
s_connection: verify depth is 1
Handshake duration: 22.53 ms
Execution 56 - TLS Single
s_connection: verify depth is 1
Handshake duration: 23.57 ms
Execution 57 - TLS Single
s_connection: verify depth is 1
Handshake duration: 21.99 ms
Execution 58 - TLS Single
s_connection: verify depth is 1
Handshake duration: 23.25 ms
Execution 59 - TLS Single
s_connection: verify depth is 1
Handshake duration: 23.33 ms
Execution 60 - TLS Single
s_connection: verify depth is 1
Handshake duration: 22.24 ms
Execution 61 - TLS Single
s_connection: verify depth is 1
Handshake duration: 22.05 ms
Execution 62 - TLS Single
s_connection: verify depth is 1
Handshake duration: 21.61 ms
Execution 63 - TLS Single
s_connection: verify depth is 1
Handshake duration: 20.86 ms
Execution 64 - TLS Single
s_connection: verify depth is 1
Handshake duration: 22.41 ms
Execution 65 - TLS Single
s_connection: verify depth is 1
Handshake duration: 23.21 ms
Execution 66 - TLS Single
s_connection: verify depth is 1
Handshake duration: 23.01 ms
Execution 67 - TLS Single
s_connection: verify depth is 1
Handshake duration: 22.63 ms
Execution 68 - TLS Single
s_connection: verify depth is 1
Handshake duration: 22.78 ms
Execution 69 - TLS Single
s_connection: verify depth is 1
Handshake duration: 22.64 ms
Execution 70 - TLS Single
s_connection: verify depth is 1
Handshake duration: 22.75 ms
Execution 71 - TLS Single
s_connection: verify depth is 1
Handshake duration: 22.45 ms
Execution 72 - TLS Single
s_connection: verify depth is 1
Handshake duration: 23.54 ms
Execution 73 - TLS Single
s_connection: verify depth is 1
Handshake duration: 22.17 ms
Execution 74 - TLS Single
s_connection: verify depth is 1
Handshake duration: 21.28 ms
Execution 75 - TLS Single
s_connection: verify depth is 1
Handshake duration: 23.00 ms
Execution 76 - TLS Single
s_connection: verify depth is 1
Handshake duration: 22.89 ms
Execution 77 - TLS Single
s_connection: verify depth is 1
Handshake duration: 22.80 ms
Execution 78 - TLS Single
s_connection: verify depth is 1
Handshake duration: 22.84 ms
Execution 79 - TLS Single
s_connection: verify depth is 1
Handshake duration: 21.81 ms
Execution 80 - TLS Single
s_connection: verify depth is 1
Handshake duration: 21.18 ms
Execution 81 - TLS Single
s_connection: verify depth is 1
Handshake duration: 21.27 ms
Execution 82 - TLS Single
s_connection: verify depth is 1
Handshake duration: 21.97 ms
Execution 83 - TLS Single
s_connection: verify depth is 1
Handshake duration: 21.72 ms
Execution 84 - TLS Single
s_connection: verify depth is 1
Handshake duration: 22.09 ms
Execution 85 - TLS Single
s_connection: verify depth is 1
Handshake duration: 22.88 ms
Execution 86 - TLS Single
s_connection: verify depth is 1
Handshake duration: 22.65 ms
Execution 87 - TLS Single
s_connection: verify depth is 1
Handshake duration: 22.98 ms
Execution 88 - TLS Single
s_connection: verify depth is 1
Handshake duration: 23.39 ms
Execution 89 - TLS Single
s_connection: verify depth is 1
Handshake duration: 21.77 ms
Execution 90 - TLS Single
s_connection: verify depth is 1
Handshake duration: 21.26 ms
Execution 91 - TLS Single
s_connection: verify depth is 1
Handshake duration: 21.96 ms
Execution 92 - TLS Single
s_connection: verify depth is 1
Handshake duration: 20.98 ms
Execution 93 - TLS Single
s_connection: verify depth is 1
Handshake duration: 21.20 ms
Execution 94 - TLS Single
s_connection: verify depth is 1
Handshake duration: 21.97 ms
Execution 95 - TLS Single
s_connection: verify depth is 1
Handshake duration: 20.78 ms
Execution 96 - TLS Single
s_connection: verify depth is 1
Handshake duration: 22.08 ms
Execution 97 - TLS Single
s_connection: verify depth is 1
Handshake duration: 21.48 ms
Execution 98 - TLS Single
s_connection: verify depth is 1
Handshake duration: 21.76 ms
Execution 99 - TLS Single
s_connection: verify depth is 1
Handshake duration: 22.25 ms
Execution 100 - TLS Single
s_connection: verify depth is 1
Handshake duration: 21.43 ms
Execution 101 - TLS Single
s_connection: verify depth is 1
Handshake duration: 22.98 ms
Execution 102 - TLS Single
s_connection: verify depth is 1
Handshake duration: 21.80 ms
Execution 103 - TLS Single
s_connection: verify depth is 1
Handshake duration: 21.19 ms
Execution 104 - TLS Single
s_connection: verify depth is 1
Handshake duration: 20.60 ms
Execution 105 - TLS Single
s_connection: verify depth is 1
Handshake duration: 20.75 ms
Execution 106 - TLS Single
s_connection: verify depth is 1
Handshake duration: 21.27 ms
Execution 107 - TLS Single
s_connection: verify depth is 1
Handshake duration: 21.10 ms
Execution 108 - TLS Single
s_connection: verify depth is 1
Handshake duration: 21.69 ms
Execution 109 - TLS Single
s_connection: verify depth is 1
Handshake duration: 22.43 ms
Execution 110 - TLS Single
s_connection: verify depth is 1
Handshake duration: 22.54 ms
Execution 111 - TLS Single
s_connection: verify depth is 1
Handshake duration: 21.59 ms
Execution 112 - TLS Single
s_connection: verify depth is 1
Handshake duration: 20.90 ms
Execution 113 - TLS Single
s_connection: verify depth is 1
Handshake duration: 20.94 ms
Execution 114 - TLS Single
s_connection: verify depth is 1
Handshake duration: 20.69 ms
Execution 115 - TLS Single
s_connection: verify depth is 1
Handshake duration: 21.84 ms
Execution 116 - TLS Single
s_connection: verify depth is 1
Handshake duration: 22.64 ms
Execution 117 - TLS Single
s_connection: verify depth is 1
Handshake duration: 22.65 ms
Execution 118 - TLS Single
s_connection: verify depth is 1
Handshake duration: 23.52 ms
Execution 119 - TLS Single
s_connection: verify depth is 1
Handshake duration: 22.80 ms
Execution 120 - TLS Single
s_connection: verify depth is 1
Handshake duration: 21.61 ms
Execution 121 - TLS Single
s_connection: verify depth is 1
Handshake duration: 20.99 ms
Execution 122 - TLS Single
s_connection: verify depth is 1
Handshake duration: 22.72 ms
Execution 123 - TLS Single
s_connection: verify depth is 1
Handshake duration: 22.67 ms
Execution 124 - TLS Single
s_connection: verify depth is 1
Handshake duration: 22.89 ms
Execution 125 - TLS Single
s_connection: verify depth is 1
Handshake duration: 22.01 ms
