Handshake timeout budget: 150s (identique TLS/QUIC)
Applying netem rules to lo...
Showing qdisc status for the interface: lo
qdisc netem 8e83: root refcnt 2 limit 1000 seed 4309250301790106040
 Sent 0 bytes 0 pkt (dropped 0, overlimits 0 requeues 0) 
 backlog 0b 0p requeues 0
Running ./perftestClientTlsQuic.sh with SIG_ALG=mldsa65 and KEM_ALG=x448_hqc192
Execution 1 - QUIC Single
Handshake duration: 49.49 ms
Execution 2 - QUIC Single
Handshake duration: 47.82 ms
Execution 3 - QUIC Single
Handshake duration: 48.62 ms
Execution 4 - QUIC Single
Handshake duration: 47.33 ms
Execution 5 - QUIC Single
Handshake duration: 47.41 ms
Execution 6 - QUIC Single
Handshake duration: 46.77 ms
Execution 7 - QUIC Single
Handshake duration: 46.64 ms
Execution 8 - QUIC Single
Handshake duration: 46.77 ms
Execution 9 - QUIC Single
Handshake duration: 47.96 ms
Execution 10 - QUIC Single
Handshake duration: 47.33 ms
Execution 11 - QUIC Single
Handshake duration: 46.87 ms
Execution 12 - QUIC Single
Handshake duration: 47.61 ms
Execution 13 - QUIC Single
Handshake duration: 64.05 ms
Execution 14 - QUIC Single
Handshake duration: 46.86 ms
Execution 15 - QUIC Single
Handshake duration: 47.08 ms
Execution 16 - QUIC Single
Handshake duration: 46.94 ms
Execution 17 - QUIC Single
Handshake duration: 47.17 ms
Execution 18 - QUIC Single
Handshake duration: 67.21 ms
Execution 19 - QUIC Single
Handshake duration: 47.16 ms
Execution 20 - QUIC Single
Handshake duration: 47.01 ms
Execution 21 - QUIC Single
Handshake duration: 64.47 ms
Execution 22 - QUIC Single
Handshake duration: 47.29 ms
Execution 23 - QUIC Single
Handshake duration: 47.22 ms
Execution 24 - QUIC Single
Handshake duration: 46.86 ms
Execution 25 - QUIC Single
Handshake duration: 47.67 ms
Execution 26 - QUIC Single
Handshake duration: 48.09 ms
Execution 27 - QUIC Single
Handshake duration: 46.95 ms
Execution 28 - QUIC Single
Handshake duration: 63.51 ms
Execution 29 - QUIC Single
Handshake duration: 64.79 ms
Execution 30 - QUIC Single
Handshake duration: 48.12 ms
Execution 31 - QUIC Single
Handshake duration: 47.05 ms
Execution 32 - QUIC Single
Handshake duration: 46.93 ms
Execution 33 - QUIC Single
Handshake duration: 47.08 ms
Execution 34 - QUIC Single
Handshake duration: 46.96 ms
Execution 35 - QUIC Single
Handshake duration: 46.83 ms
Execution 36 - QUIC Single
Handshake duration: 46.77 ms
Execution 37 - QUIC Single
Handshake duration: 46.92 ms
Execution 38 - QUIC Single
Handshake duration: 47.20 ms
Execution 39 - QUIC Single
Handshake duration: 47.62 ms
Execution 40 - QUIC Single
Handshake duration: 47.07 ms
Execution 41 - QUIC Single
Handshake duration: 52.20 ms
Execution 42 - QUIC Single
Handshake duration: 48.14 ms
Execution 43 - QUIC Single
Handshake duration: 67.11 ms
Execution 44 - QUIC Single
Handshake duration: 47.21 ms
Execution 45 - QUIC Single
Handshake duration: 67.33 ms
Execution 46 - QUIC Single
Handshake duration: 65.29 ms
Execution 47 - QUIC Single
Handshake duration: 64.03 ms
Execution 48 - QUIC Single
Handshake duration: 47.89 ms
Execution 49 - QUIC Single
Handshake duration: 46.95 ms
Execution 50 - QUIC Single
Handshake duration: 47.10 ms
Execution 51 - QUIC Single
Handshake duration: 47.82 ms
Execution 52 - QUIC Single
Handshake duration: 46.68 ms
Execution 53 - QUIC Single
Handshake duration: 67.56 ms
Execution 54 - QUIC Single
Handshake duration: 47.29 ms
Execution 55 - QUIC Single
Handshake duration: 63.84 ms
Execution 56 - QUIC Single
Handshake duration: 64.86 ms
Execution 57 - QUIC Single
Handshake duration: 48.51 ms
Execution 58 - QUIC Single
Handshake duration: 59.30 ms
Execution 59 - QUIC Single
Handshake duration: 58.22 ms
Execution 60 - QUIC Single
Handshake duration: 46.95 ms
Execution 61 - QUIC Single
Handshake duration: 46.84 ms
Execution 62 - QUIC Single
Handshake duration: 47.80 ms
Execution 63 - QUIC Single
Handshake duration: 47.06 ms
Execution 64 - QUIC Single
Handshake duration: 47.24 ms
Execution 65 - QUIC Single
Handshake duration: 47.03 ms
Execution 66 - QUIC Single
Handshake duration: 63.52 ms
Execution 67 - QUIC Single
Handshake duration: 47.97 ms
Execution 68 - QUIC Single
Handshake duration: 46.76 ms
Execution 69 - QUIC Single
Handshake duration: 48.20 ms
Execution 70 - QUIC Single
Handshake duration: 47.56 ms
Execution 71 - QUIC Single
Handshake duration: 47.81 ms
Execution 72 - QUIC Single
Handshake duration: 46.92 ms
Execution 73 - QUIC Single
Handshake duration: 47.98 ms
Execution 74 - QUIC Single
Handshake duration: 63.37 ms
Execution 75 - QUIC Single
Handshake duration: 47.08 ms
Execution 76 - QUIC Single
Handshake duration: 46.69 ms
Execution 77 - QUIC Single
Handshake duration: 63.54 ms
Execution 78 - QUIC Single
Handshake duration: 46.84 ms
Execution 79 - QUIC Single
Handshake duration: 47.22 ms
Execution 80 - QUIC Single
Handshake duration: 48.98 ms
Execution 81 - QUIC Single
Handshake duration: 67.29 ms
Execution 82 - QUIC Single
Handshake duration: 48.09 ms
Execution 83 - QUIC Single
Handshake duration: 47.98 ms
Execution 84 - QUIC Single
Handshake duration: 47.04 ms
Execution 85 - QUIC Single
Handshake duration: 47.02 ms
Execution 86 - QUIC Single
Handshake duration: 46.55 ms
Execution 87 - QUIC Single
Handshake duration: 46.98 ms
Execution 88 - QUIC Single
Handshake duration: 46.90 ms
Execution 89 - QUIC Single
Handshake duration: 46.80 ms
Execution 90 - QUIC Single
Handshake duration: 46.80 ms
Execution 91 - QUIC Single
Handshake duration: 46.90 ms
Execution 92 - QUIC Single
Handshake duration: 47.08 ms
Execution 93 - QUIC Single
Handshake duration: 52.02 ms
Execution 94 - QUIC Single
Handshake duration: 46.74 ms
Execution 95 - QUIC Single
Handshake duration: 47.32 ms
Execution 96 - QUIC Single
Handshake duration: 63.92 ms
Execution 97 - QUIC Single
Handshake duration: 46.66 ms
Execution 98 - QUIC Single
Handshake duration: 60.30 ms
Execution 99 - QUIC Single
Handshake duration: 46.81 ms
Execution 100 - QUIC Single
Handshake duration: 46.72 ms
Execution 101 - QUIC Single
Handshake duration: 46.78 ms
Execution 102 - QUIC Single
Handshake duration: 47.04 ms
Execution 103 - QUIC Single
Handshake duration: 47.29 ms
Execution 104 - QUIC Single
Handshake duration: 47.08 ms
Execution 105 - QUIC Single
Handshake duration: 47.08 ms
Execution 106 - QUIC Single
Handshake duration: 47.09 ms
Execution 107 - QUIC Single
Handshake duration: 48.26 ms
Execution 108 - QUIC Single
Handshake duration: 46.80 ms
Execution 109 - QUIC Single
Handshake duration: 46.66 ms
Execution 110 - QUIC Single
Handshake duration: 63.59 ms
Execution 111 - QUIC Single
Handshake duration: 47.55 ms
Execution 112 - QUIC Single
Handshake duration: 47.45 ms
Execution 113 - QUIC Single
Handshake duration: 46.83 ms
Execution 114 - QUIC Single
Handshake duration: 63.98 ms
Execution 115 - QUIC Single
Handshake duration: 64.95 ms
Execution 116 - QUIC Single
Handshake duration: 46.60 ms
Execution 117 - QUIC Single
Handshake duration: 46.95 ms
Execution 118 - QUIC Single
Handshake duration: 46.95 ms
Execution 119 - QUIC Single
Handshake duration: 48.30 ms
Execution 120 - QUIC Single
Handshake duration: 47.51 ms
Execution 121 - QUIC Single
Handshake duration: 47.02 ms
Execution 122 - QUIC Single
Handshake duration: 48.54 ms
Execution 123 - QUIC Single
Handshake duration: 46.80 ms
Execution 124 - QUIC Single
Handshake duration: 47.03 ms
Execution 125 - QUIC Single
Handshake duration: 47.34 ms
