Handshake timeout budget: 150s (identique TLS/QUIC)
Applying netem rules to lo...
Showing qdisc status for the interface: lo
qdisc netem 8737: root refcnt 2 limit 1000 seed 1836975753833523642
 Sent 0 bytes 0 pkt (dropped 0, overlimits 0 requeues 0) 
 backlog 0b 0p requeues 0
Running ./perftestClientTlsQuic.sh with SIG_ALG=mldsa87 and KEM_ALG=p521_hqc256
Execution 1 - QUIC Single
Handshake duration: 93.06 ms
Execution 2 - QUIC Single
Handshake duration: 88.59 ms
Execution 3 - QUIC Single
Handshake duration: 88.48 ms
Execution 4 - QUIC Single
Handshake duration: 88.92 ms
Execution 5 - QUIC Single
Handshake duration: 88.52 ms
Execution 6 - QUIC Single
Handshake duration: 89.69 ms
Execution 7 - QUIC Single
Handshake duration: 88.61 ms
Execution 8 - QUIC Single
Handshake duration: 88.57 ms
Execution 9 - QUIC Single
Handshake duration: 88.41 ms
Execution 10 - QUIC Single
Handshake duration: 88.12 ms
Execution 11 - QUIC Single
Handshake duration: 88.31 ms
Execution 12 - QUIC Single
Handshake duration: 87.89 ms
Execution 13 - QUIC Single
Handshake duration: 88.35 ms
Execution 14 - QUIC Single
Handshake duration: 88.32 ms
Execution 15 - QUIC Single
Handshake duration: 88.42 ms
Execution 16 - QUIC Single
Handshake duration: 88.61 ms
Execution 17 - QUIC Single
Handshake duration: 89.78 ms
Execution 18 - QUIC Single
Handshake duration: 111.93 ms
Execution 19 - QUIC Single
Handshake duration: 98.29 ms
Execution 20 - QUIC Single
Handshake duration: 88.85 ms
Execution 21 - QUIC Single
Handshake duration: 88.46 ms
Execution 22 - QUIC Single
Handshake duration: 88.18 ms
Execution 23 - QUIC Single
Handshake duration: 88.13 ms
Execution 24 - QUIC Single
Handshake duration: 89.93 ms
Execution 25 - QUIC Single
Handshake duration: 98.76 ms
Execution 26 - QUIC Single
Handshake duration: 90.64 ms
Execution 27 - QUIC Single
Handshake duration: 119.95 ms
Execution 28 - QUIC Single
Handshake duration: 99.52 ms
Execution 29 - QUIC Single
Handshake duration: 89.31 ms
Execution 30 - QUIC Single
Handshake duration: 88.98 ms
Execution 31 - QUIC Single
Handshake duration: 88.58 ms
Execution 32 - QUIC Single
Handshake duration: 99.42 ms
Execution 33 - QUIC Single
Handshake duration: 87.98 ms
Execution 34 - QUIC Single
Handshake duration: 110.73 ms
Execution 35 - QUIC Single
Handshake duration: 89.49 ms
Execution 36 - QUIC Single
Handshake duration: 98.42 ms
Execution 37 - QUIC Single
Handshake duration: 88.22 ms
Execution 38 - QUIC Single
Handshake duration: 88.53 ms
Execution 39 - QUIC Single
Handshake duration: 88.48 ms
Execution 40 - QUIC Single
Handshake duration: 88.31 ms
Execution 41 - QUIC Single
Handshake duration: 88.98 ms
Execution 42 - QUIC Single
Handshake duration: 89.12 ms
Execution 43 - QUIC Single
Handshake duration: 88.03 ms
Execution 44 - QUIC Single
Handshake duration: 88.23 ms
Execution 45 - QUIC Single
Handshake duration: 87.89 ms
Execution 46 - QUIC Single
Handshake duration: 88.54 ms
Execution 47 - QUIC Single
Handshake duration: 88.25 ms
Execution 48 - QUIC Single
Handshake duration: 98.72 ms
Execution 49 - QUIC Single
Handshake duration: 91.16 ms
Execution 50 - QUIC Single
Handshake duration: 98.38 ms
Execution 51 - QUIC Single
Handshake duration: 101.41 ms
Execution 52 - QUIC Single
Handshake duration: 87.84 ms
Execution 53 - QUIC Single
Handshake duration: 115.99 ms
Execution 54 - QUIC Single
Handshake duration: 103.80 ms
Execution 55 - QUIC Single
Handshake duration: 88.10 ms
Execution 56 - QUIC Single
Handshake duration: 88.47 ms
Execution 57 - QUIC Single
Handshake duration: 88.68 ms
Execution 58 - QUIC Single
Handshake duration: 101.13 ms
Execution 59 - QUIC Single
Handshake duration: 88.33 ms
Execution 60 - QUIC Single
Handshake duration: 114.20 ms
Execution 61 - QUIC Single
Handshake duration: 111.78 ms
Execution 62 - QUIC Single
Handshake duration: 88.03 ms
Execution 63 - QUIC Single
Handshake duration: 88.14 ms
Execution 64 - QUIC Single
Handshake duration: 89.62 ms
Execution 65 - QUIC Single
Handshake duration: 88.09 ms
Execution 66 - QUIC Single
Handshake duration: 88.11 ms
Execution 67 - QUIC Single
Handshake duration: 98.97 ms
Execution 68 - QUIC Single
Handshake duration: 89.28 ms
Execution 69 - QUIC Single
Handshake duration: 88.30 ms
Execution 70 - QUIC Single
Handshake duration: 98.25 ms
Execution 71 - QUIC Single
Handshake duration: 88.16 ms
Execution 72 - QUIC Single
Handshake duration: 101.94 ms
Execution 73 - QUIC Single
Handshake duration: 98.82 ms
Execution 74 - QUIC Single
Handshake duration: 88.53 ms
Execution 75 - QUIC Single
Handshake duration: 99.47 ms
Execution 76 - QUIC Single
Handshake duration: 87.74 ms
Execution 77 - QUIC Single
Handshake duration: 91.86 ms
Execution 78 - QUIC Single
Handshake duration: 87.89 ms
Execution 79 - QUIC Single
Handshake duration: 87.87 ms
Execution 80 - QUIC Single
Handshake duration: 88.16 ms
Execution 81 - QUIC Single
Handshake duration: 88.14 ms
Execution 82 - QUIC Single
Handshake duration: 88.63 ms
Execution 83 - QUIC Single
Handshake duration: 88.21 ms
Execution 84 - QUIC Single
Handshake duration: 88.17 ms
Execution 85 - QUIC Single
Handshake duration: 88.06 ms
Execution 86 - QUIC Single
Handshake duration: 89.67 ms
Execution 87 - QUIC Single
Handshake duration: 87.93 ms
Execution 88 - QUIC Single
Handshake duration: 88.32 ms
Execution 89 - QUIC Single
Handshake duration: 88.25 ms
Execution 90 - QUIC Single
Handshake duration: 115.90 ms
Execution 91 - QUIC Single
Handshake duration: 88.25 ms
Execution 92 - QUIC Single
Handshake duration: 88.27 ms
Execution 93 - QUIC Single
Handshake duration: 89.55 ms
Execution 94 - QUIC Single
Handshake duration: 110.72 ms
Execution 95 - QUIC Single
Handshake duration: 87.82 ms
Execution 96 - QUIC Single
Handshake duration: 98.62 ms
Execution 97 - QUIC Single
Handshake duration: 88.37 ms
Execution 98 - QUIC Single
Handshake duration: 87.89 ms
Execution 99 - QUIC Single
Handshake duration: 88.77 ms
Execution 100 - QUIC Single
Handshake duration: 110.32 ms
Execution 101 - QUIC Single
Handshake duration: 88.39 ms
Execution 102 - QUIC Single
Handshake duration: 87.87 ms
Execution 103 - QUIC Single
Handshake duration: 88.59 ms
Execution 104 - QUIC Single
Handshake duration: 88.66 ms
Execution 105 - QUIC Single
Handshake duration: 112.30 ms
Execution 106 - QUIC Single
Handshake duration: 88.16 ms
Execution 107 - QUIC Single
Handshake duration: 88.06 ms
Execution 108 - QUIC Single
Handshake duration: 88.56 ms
Execution 109 - QUIC Single
Handshake duration: 89.20 ms
Execution 110 - QUIC Single
Handshake duration: 88.39 ms
Execution 111 - QUIC Single
Handshake duration: 87.86 ms
Execution 112 - QUIC Single
Handshake duration: 89.92 ms
Execution 113 - QUIC Single
Handshake duration: 91.33 ms
Execution 114 - QUIC Single
Handshake duration: 88.10 ms
Execution 115 - QUIC Single
Handshake duration: 106.57 ms
Execution 116 - QUIC Single
Handshake duration: 88.13 ms
Execution 117 - QUIC Single
Handshake duration: 88.08 ms
Execution 118 - QUIC Single
Handshake duration: 88.18 ms
Execution 119 - QUIC Single
Handshake duration: 108.09 ms
Execution 120 - QUIC Single
Handshake duration: 99.78 ms
Execution 121 - QUIC Single
Handshake duration: 109.90 ms
Execution 122 - QUIC Single
Handshake duration: 88.23 ms
Execution 123 - QUIC Single
Handshake duration: 88.06 ms
Execution 124 - QUIC Single
Handshake duration: 88.24 ms
Execution 125 - QUIC Single
Handshake duration: 87.98 ms
