Handshake timeout budget: 150s (identique TLS/QUIC)
Applying netem rules to lo...
Showing qdisc status for the interface: lo
qdisc netem 9717: root refcnt 2 limit 1000 seed 10737987690749667571
 Sent 0 bytes 0 pkt (dropped 0, overlimits 0 requeues 0) 
 backlog 0b 0p requeues 0
Running ./perftestClientTlsQuic.sh with SIG_ALG=secp384r1 and KEM_ALG=hqc192
Execution 1 - QUIC Single
Handshake duration: 57.86 ms
Execution 2 - QUIC Single
Handshake duration: 45.44 ms
Execution 3 - QUIC Single
Handshake duration: 45.46 ms
Execution 4 - QUIC Single
Handshake duration: 45.75 ms
Execution 5 - QUIC Single
Handshake duration: 45.73 ms
Execution 6 - QUIC Single
Handshake duration: 45.72 ms
Execution 7 - QUIC Single
Handshake duration: 45.51 ms
Execution 8 - QUIC Single
Handshake duration: 45.30 ms
Execution 9 - QUIC Single
Handshake duration: 60.22 ms
Execution 10 - QUIC Single
Handshake duration: 58.69 ms
Execution 11 - QUIC Single
Handshake duration: 53.16 ms
Execution 12 - QUIC Single
Handshake duration: 45.40 ms
Execution 13 - QUIC Single
Handshake duration: 46.12 ms
Execution 14 - QUIC Single
Handshake duration: 45.54 ms
Execution 15 - QUIC Single
Handshake duration: 45.84 ms
Execution 16 - QUIC Single
Handshake duration: 45.43 ms
Execution 17 - QUIC Single
Handshake duration: 45.23 ms
Execution 18 - QUIC Single
Handshake duration: 45.25 ms
Execution 19 - QUIC Single
Handshake duration: 45.14 ms
Execution 20 - QUIC Single
Handshake duration: 47.21 ms
Execution 21 - QUIC Single
Handshake duration: 56.84 ms
Execution 22 - QUIC Single
Handshake duration: 45.34 ms
Execution 23 - QUIC Single
Handshake duration: 45.66 ms
Execution 24 - QUIC Single
Handshake duration: 57.41 ms
Execution 25 - QUIC Single
Handshake duration: 45.20 ms
Execution 26 - QUIC Single
Handshake duration: 45.51 ms
Execution 27 - QUIC Single
Handshake duration: 46.17 ms
Execution 28 - QUIC Single
Handshake duration: 45.21 ms
Execution 29 - QUIC Single
Handshake duration: 45.27 ms
Execution 30 - QUIC Single
Handshake duration: 49.70 ms
Execution 31 - QUIC Single
Handshake duration: 45.26 ms
Execution 32 - QUIC Single
Handshake duration: 61.13 ms
Execution 33 - QUIC Single
Handshake duration: 45.32 ms
Execution 34 - QUIC Single
Handshake duration: 57.33 ms
Execution 35 - QUIC Single
Handshake duration: 45.48 ms
Execution 36 - QUIC Single
Handshake duration: 61.33 ms
Execution 37 - QUIC Single
Handshake duration: 56.58 ms
Execution 38 - QUIC Single
Handshake duration: 45.60 ms
Execution 39 - QUIC Single
Handshake duration: 45.27 ms
Execution 40 - QUIC Single
Handshake duration: 45.62 ms
Execution 41 - QUIC Single
Handshake duration: 61.66 ms
Execution 42 - QUIC Single
Handshake duration: 61.35 ms
Execution 43 - QUIC Single
Handshake duration: 45.59 ms
Execution 44 - QUIC Single
Handshake duration: 45.20 ms
Execution 45 - QUIC Single
Handshake duration: 45.88 ms
Execution 46 - QUIC Single
Handshake duration: 45.46 ms
Execution 47 - QUIC Single
Handshake duration: 45.29 ms
Execution 48 - QUIC Single
Handshake duration: 46.17 ms
Execution 49 - QUIC Single
Handshake duration: 61.49 ms
Execution 50 - QUIC Single
Handshake duration: 45.30 ms
Execution 51 - QUIC Single
Handshake duration: 45.34 ms
Execution 52 - QUIC Single
Handshake duration: 45.54 ms
Execution 53 - QUIC Single
Handshake duration: 59.85 ms
Execution 54 - QUIC Single
Handshake duration: 61.61 ms
Execution 55 - QUIC Single
Handshake duration: 45.60 ms
Execution 56 - QUIC Single
Handshake duration: 45.52 ms
Execution 57 - QUIC Single
Handshake duration: 45.54 ms
Execution 58 - QUIC Single
Handshake duration: 45.12 ms
Execution 59 - QUIC Single
Handshake duration: 56.73 ms
Execution 60 - QUIC Single
Handshake duration: 63.62 ms
Execution 61 - QUIC Single
Handshake duration: 45.30 ms
Execution 62 - QUIC Single
Handshake duration: 66.30 ms
Execution 63 - QUIC Single
Handshake duration: 45.63 ms
Execution 64 - QUIC Single
Handshake duration: 55.85 ms
Execution 65 - QUIC Single
Handshake duration: 61.51 ms
Execution 66 - QUIC Single
Handshake duration: 45.47 ms
Execution 67 - QUIC Single
Handshake duration: 45.58 ms
Execution 68 - QUIC Single
Handshake duration: 56.47 ms
Execution 69 - QUIC Single
Handshake duration: 45.37 ms
Execution 70 - QUIC Single
Handshake duration: 45.26 ms
Execution 71 - QUIC Single
Handshake duration: 56.69 ms
Execution 72 - QUIC Single
Handshake duration: 45.66 ms
Execution 73 - QUIC Single
Handshake duration: 45.42 ms
Execution 74 - QUIC Single
Handshake duration: 45.77 ms
Execution 75 - QUIC Single
Handshake duration: 45.23 ms
Execution 76 - QUIC Single
Handshake duration: 58.74 ms
Execution 77 - QUIC Single
Handshake duration: 45.38 ms
Execution 78 - QUIC Single
Handshake duration: 45.30 ms
Execution 79 - QUIC Single
Handshake duration: 45.16 ms
Execution 80 - QUIC Single
Handshake duration: 45.62 ms
Execution 81 - QUIC Single
Handshake duration: 46.13 ms
Execution 82 - QUIC Single
Handshake duration: 55.90 ms
Execution 83 - QUIC Single
Handshake duration: 45.38 ms
Execution 84 - QUIC Single
Handshake duration: 45.40 ms
Execution 85 - QUIC Single
Handshake duration: 45.21 ms
Execution 86 - QUIC Single
Handshake duration: 45.17 ms
Execution 87 - QUIC Single
Handshake duration: 45.26 ms
Execution 88 - QUIC Single
Handshake duration: 45.46 ms
Execution 89 - QUIC Single
Handshake duration: 45.24 ms
Execution 90 - QUIC Single
Handshake duration: 46.10 ms
Execution 91 - QUIC Single
Handshake duration: 45.20 ms
Execution 92 - QUIC Single
Handshake duration: 45.11 ms
Execution 93 - QUIC Single
Handshake duration: 58.53 ms
Execution 94 - QUIC Single
Handshake duration: 45.44 ms
Execution 95 - QUIC Single
Handshake duration: 45.26 ms
Execution 96 - QUIC Single
Handshake duration: 45.70 ms
Execution 97 - QUIC Single
Handshake duration: 58.27 ms
Execution 98 - QUIC Single
Handshake duration: 45.84 ms
Execution 99 - QUIC Single
Handshake duration: 45.47 ms
Execution 100 - QUIC Single
Handshake duration: 45.14 ms
Execution 101 - QUIC Single
Handshake duration: 45.16 ms
Execution 102 - QUIC Single
Handshake duration: 45.18 ms
Execution 103 - QUIC Single
Handshake duration: 45.08 ms
Execution 104 - QUIC Single
Handshake duration: 45.27 ms
Execution 105 - QUIC Single
Handshake duration: 45.26 ms
Execution 106 - QUIC Single
Handshake duration: 57.81 ms
Execution 107 - QUIC Single
Handshake duration: 45.50 ms
Execution 108 - QUIC Single
Handshake duration: 45.19 ms
Execution 109 - QUIC Single
Handshake duration: 45.20 ms
Execution 110 - QUIC Single
Handshake duration: 46.08 ms
Execution 111 - QUIC Single
Handshake duration: 45.32 ms
Execution 112 - QUIC Single
Handshake duration: 45.20 ms
Execution 113 - QUIC Single
Handshake duration: 64.51 ms
Execution 114 - QUIC Single
Handshake duration: 65.69 ms
Execution 115 - QUIC Single
Handshake duration: 45.55 ms
Execution 116 - QUIC Single
Handshake duration: 58.26 ms
Execution 117 - QUIC Single
Handshake duration: 45.13 ms
Execution 118 - QUIC Single
Handshake duration: 45.20 ms
Execution 119 - QUIC Single
Handshake duration: 45.16 ms
Execution 120 - QUIC Single
Handshake duration: 58.32 ms
Execution 121 - QUIC Single
Handshake duration: 45.39 ms
Execution 122 - QUIC Single
Handshake duration: 45.36 ms
Execution 123 - QUIC Single
Handshake duration: 45.83 ms
Execution 124 - QUIC Single
Handshake duration: 46.23 ms
Execution 125 - QUIC Single
Handshake duration: 60.37 ms
