Handshake timeout budget: 150s (identique TLS/QUIC)
Applying netem rules to lo...
Showing qdisc status for the interface: lo
qdisc netem 8102: root refcnt 2 limit 1000 seed 4923903047578676810
 Sent 0 bytes 0 pkt (dropped 0, overlimits 0 requeues 0) 
 backlog 0b 0p requeues 0
Running ./perftestClientTlsQuic.sh with SIG_ALG=secp384r1 and KEM_ALG=x448_hqc192
Execution 1 - QUIC Single
Handshake duration: 51.65 ms
Execution 2 - QUIC Single
Handshake duration: 50.15 ms
Execution 3 - QUIC Single
Handshake duration: 58.80 ms
Execution 4 - QUIC Single
Handshake duration: 63.86 ms
Execution 5 - QUIC Single
Handshake duration: 51.13 ms
Execution 6 - QUIC Single
Handshake duration: 67.07 ms
Execution 7 - QUIC Single
Handshake duration: 49.58 ms
Execution 8 - QUIC Single
Handshake duration: 51.80 ms
Execution 9 - QUIC Single
Handshake duration: 48.99 ms
Execution 10 - QUIC Single
Handshake duration: 56.23 ms
Execution 11 - QUIC Single
Handshake duration: 49.55 ms
Execution 12 - QUIC Single
Handshake duration: 50.19 ms
Execution 13 - QUIC Single
Handshake duration: 63.06 ms
Execution 14 - QUIC Single
Handshake duration: 50.85 ms
Execution 15 - QUIC Single
Handshake duration: 51.59 ms
Execution 16 - QUIC Single
Handshake duration: 51.38 ms
Execution 17 - QUIC Single
Handshake duration: 50.58 ms
Execution 18 - QUIC Single
Handshake duration: 51.17 ms
Execution 19 - QUIC Single
Handshake duration: 69.86 ms
Execution 20 - QUIC Single
Handshake duration: 51.37 ms
Execution 21 - QUIC Single
Handshake duration: 49.34 ms
Execution 22 - QUIC Single
Handshake duration: 49.89 ms
Execution 23 - QUIC Single
Handshake duration: 68.49 ms
Execution 24 - QUIC Single
Handshake duration: 49.52 ms
Execution 25 - QUIC Single
Handshake duration: 49.80 ms
Execution 26 - QUIC Single
Handshake duration: 65.13 ms
Execution 27 - QUIC Single
Handshake duration: 49.19 ms
Execution 28 - QUIC Single
Handshake duration: 49.88 ms
Execution 29 - QUIC Single
Handshake duration: 49.60 ms
Execution 30 - QUIC Single
Handshake duration: 54.10 ms
Execution 31 - QUIC Single
Handshake duration: 49.10 ms
Execution 32 - QUIC Single
Handshake duration: 62.50 ms
Execution 33 - QUIC Single
Handshake duration: 49.55 ms
Execution 34 - QUIC Single
Handshake duration: 50.11 ms
Execution 35 - QUIC Single
Handshake duration: 65.97 ms
Execution 36 - QUIC Single
Handshake duration: 50.83 ms
Execution 37 - QUIC Single
Handshake duration: 50.55 ms
Execution 38 - QUIC Single
Handshake duration: 49.69 ms
Execution 39 - QUIC Single
Handshake duration: 51.02 ms
Execution 40 - QUIC Single
Handshake duration: 52.07 ms
Execution 41 - QUIC Single
Handshake duration: 49.44 ms
Execution 42 - QUIC Single
Handshake duration: 48.98 ms
Execution 43 - QUIC Single
Handshake duration: 50.63 ms
Execution 44 - QUIC Single
Handshake duration: 49.45 ms
Execution 45 - QUIC Single
Handshake duration: 49.55 ms
Execution 46 - QUIC Single
Handshake duration: 49.67 ms
Execution 47 - QUIC Single
Handshake duration: 49.04 ms
Execution 48 - QUIC Single
Handshake duration: 68.74 ms
Execution 49 - QUIC Single
Handshake duration: 49.13 ms
Execution 50 - QUIC Single
Handshake duration: 50.15 ms
Execution 51 - QUIC Single
Handshake duration: 51.20 ms
Execution 52 - QUIC Single
Handshake duration: 50.92 ms
Execution 53 - QUIC Single
Handshake duration: 49.95 ms
Execution 54 - QUIC Single
Handshake duration: 50.77 ms
Execution 55 - QUIC Single
Handshake duration: 50.33 ms
Execution 56 - QUIC Single
Handshake duration: 58.64 ms
Execution 57 - QUIC Single
Handshake duration: 49.25 ms
Execution 58 - QUIC Single
Handshake duration: 49.00 ms
Execution 59 - QUIC Single
Handshake duration: 48.99 ms
Execution 60 - QUIC Single
Handshake duration: 49.56 ms
Execution 61 - QUIC Single
Handshake duration: 51.42 ms
Execution 62 - QUIC Single
Handshake duration: 49.38 ms
Execution 63 - QUIC Single
Handshake duration: 50.93 ms
Execution 64 - QUIC Single
Handshake duration: 49.06 ms
Execution 65 - QUIC Single
Handshake duration: 48.98 ms
Execution 66 - QUIC Single
Handshake duration: 49.07 ms
Execution 67 - QUIC Single
Handshake duration: 49.42 ms
Execution 68 - QUIC Single
Handshake duration: 53.66 ms
Execution 69 - QUIC Single
Handshake duration: 51.67 ms
Execution 70 - QUIC Single
Handshake duration: 64.58 ms
Execution 71 - QUIC Single
Handshake duration: 48.64 ms
Execution 72 - QUIC Single
Handshake duration: 49.48 ms
Execution 73 - QUIC Single
Handshake duration: 49.71 ms
Execution 74 - QUIC Single
Handshake duration: 49.60 ms
Execution 75 - QUIC Single
Handshake duration: 50.38 ms
Execution 76 - QUIC Single
Handshake duration: 49.88 ms
Execution 77 - QUIC Single
Handshake duration: 49.52 ms
Execution 78 - QUIC Single
Handshake duration: 50.76 ms
Execution 79 - QUIC Single
Handshake duration: 65.08 ms
Execution 80 - QUIC Single
Handshake duration: 48.71 ms
Execution 81 - QUIC Single
Handshake duration: 69.32 ms
Execution 82 - QUIC Single
Handshake duration: 69.94 ms
Execution 83 - QUIC Single
Handshake duration: 51.10 ms
Execution 84 - QUIC Single
Handshake duration: 63.18 ms
Execution 85 - QUIC Single
Handshake duration: 49.47 ms
Execution 86 - QUIC Single
Handshake duration: 50.91 ms
Execution 87 - QUIC Single
Handshake duration: 50.88 ms
Execution 88 - QUIC Single
Handshake duration: 50.51 ms
Execution 89 - QUIC Single
Handshake duration: 65.80 ms
Execution 90 - QUIC Single
Handshake duration: 51.03 ms
Execution 91 - QUIC Single
Handshake duration: 49.59 ms
Execution 92 - QUIC Single
Handshake duration: 48.69 ms
Execution 93 - QUIC Single
Handshake duration: 49.34 ms
Execution 94 - QUIC Single
Handshake duration: 61.56 ms
Execution 95 - QUIC Single
Handshake duration: 48.91 ms
Execution 96 - QUIC Single
Handshake duration: 51.36 ms
Execution 97 - QUIC Single
Handshake duration: 49.26 ms
Execution 98 - QUIC Single
Handshake duration: 49.00 ms
Execution 99 - QUIC Single
Handshake duration: 50.02 ms
Execution 100 - QUIC Single
Handshake duration: 49.56 ms
Execution 101 - QUIC Single
Handshake duration: 50.53 ms
Execution 102 - QUIC Single
Handshake duration: 49.96 ms
Execution 103 - QUIC Single
Handshake duration: 50.18 ms
Execution 104 - QUIC Single
Handshake duration: 49.77 ms
Execution 105 - QUIC Single
Handshake duration: 49.58 ms
Execution 106 - QUIC Single
Handshake duration: 48.87 ms
Execution 107 - QUIC Single
Handshake duration: 49.97 ms
Execution 108 - QUIC Single
Handshake duration: 50.63 ms
Execution 109 - QUIC Single
Handshake duration: 54.45 ms
Execution 110 - QUIC Single
Handshake duration: 57.51 ms
Execution 111 - QUIC Single
Handshake duration: 51.47 ms
Execution 112 - QUIC Single
Handshake duration: 56.52 ms
Execution 113 - QUIC Single
Handshake duration: 50.59 ms
Execution 114 - QUIC Single
Handshake duration: 49.69 ms
Execution 115 - QUIC Single
Handshake duration: 49.33 ms
Execution 116 - QUIC Single
Handshake duration: 49.92 ms
Execution 117 - QUIC Single
Handshake duration: 49.36 ms
Execution 118 - QUIC Single
Handshake duration: 49.36 ms
Execution 119 - QUIC Single
Handshake duration: 52.32 ms
Execution 120 - QUIC Single
Handshake duration: 48.84 ms
Execution 121 - QUIC Single
Handshake duration: 50.84 ms
Execution 122 - QUIC Single
Handshake duration: 49.56 ms
Execution 123 - QUIC Single
Handshake duration: 50.19 ms
Execution 124 - QUIC Single
Handshake duration: 54.43 ms
Execution 125 - QUIC Single
Handshake duration: 50.61 ms
