Handshake timeout budget: 150s (identique TLS/QUIC)
Applying netem rules to lo...
Showing qdisc status for the interface: lo
qdisc netem 9338: root refcnt 2 limit 1000 seed 10590380463994231138
 Sent 0 bytes 0 pkt (dropped 0, overlimits 0 requeues 0) 
 backlog 0b 0p requeues 0
Running ./perftestClientTlsQuic.sh with SIG_ALG=mldsa44 and KEM_ALG=x25519_hqc128
Execution 1 - TLS Mutual
s_connection: verify depth is 1
Handshake duration: 36.49 ms
Execution 2 - TLS Mutual
s_connection: verify depth is 1
Handshake duration: 37.10 ms
Execution 3 - TLS Mutual
s_connection: verify depth is 1
Handshake duration: 36.65 ms
Execution 4 - TLS Mutual
s_connection: verify depth is 1
Handshake duration: 1095.80 ms
Execution 5 - TLS Mutual
s_connection: verify depth is 1
Handshake duration: 39.01 ms
Execution 6 - TLS Mutual
s_connection: verify depth is 1
Handshake duration: 36.66 ms
Execution 7 - TLS Mutual
s_connection: verify depth is 1
Handshake duration: 36.88 ms
Execution 8 - TLS Mutual
s_connection: verify depth is 1
Handshake duration: 35.74 ms
Execution 9 - TLS Mutual
s_connection: verify depth is 1
Handshake duration: 35.72 ms
Execution 10 - TLS Mutual
s_connection: verify depth is 1
Handshake duration: 36.15 ms
Execution 11 - TLS Mutual
s_connection: verify depth is 1
Handshake duration: 1127.11 ms
Execution 12 - TLS Mutual
s_connection: verify depth is 1
Handshake duration: 1090.39 ms
Execution 13 - TLS Mutual
s_connection: verify depth is 1
Handshake duration: 1322.25 ms
Execution 14 - TLS Mutual
s_connection: verify depth is 1
Handshake duration: 37.92 ms
Execution 15 - TLS Mutual
s_connection: verify depth is 1
Handshake duration: 2112.63 ms
Execution 16 - TLS Mutual
s_connection: verify depth is 1
Handshake duration: 38.51 ms
Execution 17 - TLS Mutual
s_connection: verify depth is 1
Handshake duration: 1055.86 ms
Execution 18 - TLS Mutual
s_connection: verify depth is 1
Handshake duration: 39.27 ms
Execution 19 - TLS Mutual
s_connection: verify depth is 1
Handshake duration: 36.94 ms
Execution 20 - TLS Mutual
s_connection: verify depth is 1
Handshake duration: 273.59 ms
Execution 21 - TLS Mutual
s_connection: verify depth is 1
Handshake duration: 35.83 ms
Execution 22 - TLS Mutual
s_connection: verify depth is 1
Handshake duration: 36.56 ms
Execution 23 - TLS Mutual
s_connection: verify depth is 1
Handshake duration: 37.77 ms
Execution 24 - TLS Mutual
s_connection: verify depth is 1
Handshake duration: 1906.18 ms
Execution 25 - TLS Mutual
s_connection: verify depth is 1
Handshake duration: 39.63 ms
Execution 26 - TLS Mutual
s_connection: verify depth is 1
Handshake duration: 678.91 ms
Execution 27 - TLS Mutual
s_connection: verify depth is 1
Handshake duration: 1115.42 ms
Execution 28 - TLS Mutual
s_connection: verify depth is 1
Handshake duration: 36.73 ms
Execution 29 - TLS Mutual
s_connection: verify depth is 1
Handshake duration: 35.37 ms
Execution 30 - TLS Mutual
s_connection: verify depth is 1
Handshake duration: 35.41 ms
Execution 31 - TLS Mutual
s_connection: verify depth is 1
Handshake duration: 37.23 ms
Execution 32 - TLS Mutual
s_connection: verify depth is 1
Handshake duration: 36.54 ms
Execution 33 - TLS Mutual
s_connection: verify depth is 1
Handshake duration: 35.84 ms
Execution 34 - TLS Mutual
s_connection: verify depth is 1
Handshake duration: 37.20 ms
Execution 35 - TLS Mutual
s_connection: verify depth is 1
Handshake duration: 1091.01 ms
Execution 36 - TLS Mutual
s_connection: verify depth is 1
Handshake duration: 2128.42 ms
Execution 37 - TLS Mutual
s_connection: verify depth is 1
Handshake duration: 37.75 ms
Execution 38 - TLS Mutual
s_connection: verify depth is 1
Handshake duration: 35.10 ms
Execution 39 - TLS Mutual
s_connection: verify depth is 1
Handshake duration: 35.62 ms
Execution 40 - TLS Mutual
s_connection: verify depth is 1
Handshake duration: 237.50 ms
Execution 41 - TLS Mutual
s_connection: verify depth is 1
Handshake duration: 36.59 ms
Execution 42 - TLS Mutual
s_connection: verify depth is 1
Handshake duration: 36.12 ms
Execution 43 - TLS Mutual
s_connection: verify depth is 1
Handshake duration: 35.31 ms
Execution 44 - TLS Mutual
s_connection: verify depth is 1
Handshake duration: 35.01 ms
Execution 45 - TLS Mutual
s_connection: verify depth is 1
Handshake duration: 1922.61 ms
Execution 46 - TLS Mutual
s_connection: verify depth is 1
Handshake duration: 37.79 ms
Execution 47 - TLS Mutual
s_connection: verify depth is 1
Handshake duration: 1128.83 ms
Execution 48 - TLS Mutual
s_connection: verify depth is 1
Handshake duration: 35.86 ms
Execution 49 - TLS Mutual
s_connection: verify depth is 1
Handshake duration: 1060.66 ms
Execution 50 - TLS Mutual
s_connection: verify depth is 1
Handshake duration: 658.93 ms
Execution 51 - TLS Mutual
s_connection: verify depth is 1
Handshake duration: 39.90 ms
Execution 52 - TLS Mutual
s_connection: verify depth is 1
Handshake duration: 38.80 ms
Execution 53 - TLS Mutual
s_connection: verify depth is 1
Handshake duration: 38.20 ms
Execution 54 - TLS Mutual
s_connection: verify depth is 1
Handshake duration: 1084.64 ms
Execution 55 - TLS Mutual
s_connection: verify depth is 1
Handshake duration: 1075.45 ms
Execution 56 - TLS Mutual
s_connection: verify depth is 1
Handshake duration: 36.38 ms
Execution 57 - TLS Mutual
s_connection: verify depth is 1
Handshake duration: 2097.83 ms
Execution 58 - TLS Mutual
s_connection: verify depth is 1
Handshake duration: 283.00 ms
Execution 59 - TLS Mutual
s_connection: verify depth is 1
Handshake duration: 38.59 ms
Execution 60 - TLS Mutual
s_connection: verify depth is 1
Handshake duration: 37.24 ms
Execution 61 - TLS Mutual
s_connection: verify depth is 1
Handshake duration: 3109.22 ms
Execution 62 - TLS Mutual
s_connection: verify depth is 1
Handshake duration: 38.86 ms
Execution 63 - TLS Mutual
s_connection: verify depth is 1
Handshake duration: 36.91 ms
Execution 64 - TLS Mutual
s_connection: verify depth is 1
Handshake duration: 36.34 ms
Execution 65 - TLS Mutual
s_connection: verify depth is 1
Handshake duration: 270.16 ms
Execution 66 - TLS Mutual
s_connection: verify depth is 1
Handshake duration: 36.42 ms
Execution 67 - TLS Mutual
s_connection: verify depth is 1
Handshake duration: 35.73 ms
Execution 68 - TLS Mutual
s_connection: verify depth is 1
Handshake duration: 1098.96 ms
Execution 69 - TLS Mutual
s_connection: verify depth is 1
Handshake duration: 1306.90 ms
Execution 70 - TLS Mutual
s_connection: verify depth is 1
Handshake duration: 39.13 ms
Execution 71 - TLS Mutual
s_connection: verify depth is 1
Handshake duration: 36.61 ms
Execution 72 - TLS Mutual
s_connection: verify depth is 1
Handshake duration: 37.23 ms
Execution 73 - TLS Mutual
s_connection: verify depth is 1
Handshake duration: 1752.28 ms
Execution 74 - TLS Mutual
s_connection: verify depth is 1
Handshake duration: 38.45 ms
Execution 75 - TLS Mutual
s_connection: verify depth is 1
Handshake duration: 36.24 ms
Execution 76 - TLS Mutual
s_connection: verify depth is 1
Handshake duration: 38.09 ms
Execution 77 - TLS Mutual
s_connection: verify depth is 1
Handshake duration: 36.47 ms
Execution 78 - TLS Mutual
s_connection: verify depth is 1
Handshake duration: 37.59 ms
Execution 79 - TLS Mutual
s_connection: verify depth is 1
Handshake duration: 36.12 ms
Execution 80 - TLS Mutual
s_connection: verify depth is 1
Handshake duration: 36.13 ms
Execution 81 - TLS Mutual
s_connection: verify depth is 1
Handshake duration: 36.92 ms
Execution 82 - TLS Mutual
s_connection: verify depth is 1
Handshake duration: 36.74 ms
Execution 83 - TLS Mutual
s_connection: verify depth is 1
Handshake duration: 37.54 ms
Execution 84 - TLS Mutual
s_connection: verify depth is 1
Handshake duration: 1126.12 ms
Execution 85 - TLS Mutual
s_connection: verify depth is 1
Handshake duration: 36.17 ms
Execution 86 - TLS Mutual
s_connection: verify depth is 1
Handshake duration: 1065.97 ms
Execution 87 - TLS Mutual
s_connection: verify depth is 1
Handshake duration: 282.32 ms
Execution 88 - TLS Mutual
s_connection: verify depth is 1
Handshake duration: 38.32 ms
Execution 89 - TLS Mutual
s_connection: verify depth is 1
Handshake duration: 35.72 ms
Execution 90 - TLS Mutual
s_connection: verify depth is 1
Handshake duration: 1062.26 ms
Execution 91 - TLS Mutual
s_connection: verify depth is 1
Handshake duration: 36.50 ms
Execution 92 - TLS Mutual
s_connection: verify depth is 1
Handshake duration: 35.25 ms
Execution 93 - TLS Mutual
s_connection: verify depth is 1
Handshake duration: 36.15 ms
Execution 94 - TLS Mutual
s_connection: verify depth is 1
Handshake duration: 35.10 ms
Execution 95 - TLS Mutual
s_connection: verify depth is 1
Handshake duration: 8283.84 ms
Execution 96 - TLS Mutual
s_connection: verify depth is 1
Handshake duration: 39.54 ms
Execution 97 - TLS Mutual
s_connection: verify depth is 1
Handshake duration: 35.64 ms
Execution 98 - TLS Mutual
s_connection: verify depth is 1
Handshake duration: 4176.49 ms
Execution 99 - TLS Mutual
s_connection: verify depth is 1
Handshake duration: 38.10 ms
Execution 100 - TLS Mutual
s_connection: verify depth is 1
Handshake duration: 1104.48 ms
Execution 101 - TLS Mutual
s_connection: verify depth is 1
Handshake duration: 38.96 ms
Execution 102 - TLS Mutual
s_connection: verify depth is 1
Handshake duration: 36.49 ms
Execution 103 - TLS Mutual
s_connection: verify depth is 1
Handshake duration: 1943.95 ms
Execution 104 - TLS Mutual
s_connection: verify depth is 1
Handshake duration: 250.92 ms
Execution 105 - TLS Mutual
s_connection: verify depth is 1
Handshake duration: 272.88 ms
Execution 106 - TLS Mutual
s_connection: verify depth is 1
Handshake duration: 37.27 ms
Execution 107 - TLS Mutual
s_connection: verify depth is 1
Handshake duration: 1400.87 ms
Execution 108 - TLS Mutual
s_connection: verify depth is 1
Handshake duration: 272.28 ms
Execution 109 - TLS Mutual
s_connection: verify depth is 1
Handshake duration: 38.60 ms
Execution 110 - TLS Mutual
s_connection: verify depth is 1
Handshake duration: 274.99 ms
Execution 111 - TLS Mutual
s_connection: verify depth is 1
Handshake duration: 858.01 ms
Execution 112 - TLS Mutual
s_connection: verify depth is 1
Handshake duration: 277.47 ms
Execution 113 - TLS Mutual
s_connection: verify depth is 1
Handshake duration: 38.77 ms
Execution 114 - TLS Mutual
s_connection: verify depth is 1
Handshake duration: 35.44 ms
Execution 115 - TLS Mutual
s_connection: verify depth is 1
Handshake duration: 1069.75 ms
Execution 116 - TLS Mutual
s_connection: verify depth is 1
Handshake duration: 270.13 ms
Execution 117 - TLS Mutual
s_connection: verify depth is 1
Handshake duration: 37.14 ms
Execution 118 - TLS Mutual
s_connection: verify depth is 1
Handshake duration: 36.14 ms
Execution 119 - TLS Mutual
s_connection: verify depth is 1
Handshake duration: 35.79 ms
Execution 120 - TLS Mutual
s_connection: verify depth is 1
Handshake duration: 867.44 ms
Execution 121 - TLS Mutual
s_connection: verify depth is 1
Handshake duration: 880.50 ms
Execution 122 - TLS Mutual
s_connection: verify depth is 1
Handshake duration: 37.25 ms
Execution 123 - TLS Mutual
s_connection: verify depth is 1
Handshake duration: 1274.58 ms
Execution 124 - TLS Mutual
s_connection: verify depth is 1
Handshake duration: 1257.49 ms
Execution 125 - TLS Mutual
s_connection: verify depth is 1
Handshake duration: 39.38 ms
