Handshake timeout budget: 150s (identique TLS/QUIC)
Applying netem rules to lo...
Showing qdisc status for the interface: lo
qdisc netem 8009: root refcnt 2 limit 1000 seed 14629260156151897445
 Sent 0 bytes 0 pkt (dropped 0, overlimits 0 requeues 0) 
 backlog 0b 0p requeues 0
Running ./perftestClientTlsQuic.sh with SIG_ALG=secp521r1 and KEM_ALG=hqc256
Execution 1 - TLS Mutual
s_connection: verify depth is 1
Handshake duration: 108.78 ms
Execution 2 - TLS Mutual
s_connection: verify depth is 1
Handshake duration: 110.40 ms
Execution 3 - TLS Mutual
s_connection: verify depth is 1
Handshake duration: 330.87 ms
Execution 4 - TLS Mutual
s_connection: verify depth is 1
Handshake duration: 274.54 ms
Execution 5 - TLS Mutual
s_connection: verify depth is 1
Handshake duration: 1391.63 ms
Execution 6 - TLS Mutual
s_connection: verify depth is 1
Handshake duration: 92.93 ms
Execution 7 - TLS Mutual
s_connection: verify depth is 1
Handshake duration: 91.62 ms
Execution 8 - TLS Mutual
s_connection: verify depth is 1
Handshake duration: 94.46 ms
Execution 9 - TLS Mutual
s_connection: verify depth is 1
Handshake duration: 88.05 ms
Execution 10 - TLS Mutual
s_connection: verify depth is 1
Handshake duration: 93.69 ms
Execution 11 - TLS Mutual
s_connection: verify depth is 1
Handshake duration: 90.33 ms
Execution 12 - TLS Mutual
s_connection: verify depth is 1
Handshake duration: 312.36 ms
Execution 13 - TLS Mutual
s_connection: verify depth is 1
Handshake duration: 109.41 ms
Execution 14 - TLS Mutual
s_connection: verify depth is 1
Handshake duration: 293.32 ms
Execution 15 - TLS Mutual
s_connection: verify depth is 1
Handshake duration: 203.86 ms
Execution 16 - TLS Mutual
s_connection: verify depth is 1
Handshake duration: 395.77 ms
Execution 17 - TLS Mutual
s_connection: verify depth is 1
Handshake duration: 718.61 ms
Execution 18 - TLS Mutual
s_connection: verify depth is 1
Handshake duration: 96.09 ms
Execution 19 - TLS Mutual
s_connection: verify depth is 1
Handshake duration: 340.24 ms
Execution 20 - TLS Mutual
s_connection: verify depth is 1
Handshake duration: 1410.75 ms
Execution 21 - TLS Mutual
s_connection: verify depth is 1
Handshake duration: 93.80 ms
Execution 22 - TLS Mutual
s_connection: verify depth is 1
Handshake duration: 515.81 ms
Execution 23 - TLS Mutual
s_connection: verify depth is 1
Handshake duration: 96.84 ms
Execution 24 - TLS Mutual
s_connection: verify depth is 1
Handshake duration: 97.34 ms
Execution 25 - TLS Mutual
s_connection: verify depth is 1
Handshake duration: 1169.66 ms
Execution 26 - TLS Mutual
s_connection: verify depth is 1
Handshake duration: 2149.24 ms
Execution 27 - TLS Mutual
s_connection: verify depth is 1
Handshake duration: 100.18 ms
Execution 28 - TLS Mutual
s_connection: verify depth is 1
Handshake duration: 1985.66 ms
Execution 29 - TLS Mutual
s_connection: verify depth is 1
Handshake duration: 1128.81 ms
Execution 30 - TLS Mutual
s_connection: verify depth is 1
Handshake duration: 313.57 ms
Execution 31 - TLS Mutual
s_connection: verify depth is 1
Handshake duration: 1126.65 ms
Execution 32 - TLS Mutual
s_connection: verify depth is 1
Handshake duration: 327.73 ms
Execution 33 - TLS Mutual
s_connection: verify depth is 1
Handshake duration: 90.23 ms
Execution 34 - TLS Mutual
s_connection: verify depth is 1
Handshake duration: 88.52 ms
Execution 35 - TLS Mutual
s_connection: verify depth is 1
Handshake duration: 91.85 ms
Execution 36 - TLS Mutual
s_connection: verify depth is 1
Handshake duration: 95.58 ms
Execution 37 - TLS Mutual
s_connection: verify depth is 1
Handshake duration: 149.80 ms
Execution 38 - TLS Mutual
s_connection: verify depth is 1
Handshake duration: 123.74 ms
Execution 39 - TLS Mutual
s_connection: verify depth is 1
Handshake duration: 109.13 ms
Execution 40 - TLS Mutual
s_connection: verify depth is 1
Handshake duration: 99.52 ms
Execution 41 - TLS Mutual
s_connection: verify depth is 1
Handshake duration: 105.23 ms
Execution 42 - TLS Mutual
s_connection: verify depth is 1
Handshake duration: 102.31 ms
Execution 43 - TLS Mutual
s_connection: verify depth is 1
Handshake duration: 102.86 ms
Execution 44 - TLS Mutual
s_connection: verify depth is 1
Handshake duration: 97.68 ms
Execution 45 - TLS Mutual
s_connection: verify depth is 1
Handshake duration: 95.98 ms
Execution 46 - TLS Mutual
s_connection: verify depth is 1
Handshake duration: 96.39 ms
Execution 47 - TLS Mutual
s_connection: verify depth is 1
Handshake duration: 92.75 ms
Execution 48 - TLS Mutual
s_connection: verify depth is 1
Handshake duration: 97.08 ms
Execution 49 - TLS Mutual
s_connection: verify depth is 1
Handshake duration: 91.78 ms
Execution 50 - TLS Mutual
s_connection: verify depth is 1
Handshake duration: 93.85 ms
Execution 51 - TLS Mutual
s_connection: verify depth is 1
Handshake duration: 278.26 ms
Execution 52 - TLS Mutual
s_connection: verify depth is 1
Handshake duration: 91.31 ms
Execution 53 - TLS Mutual
s_connection: verify depth is 1
Handshake duration: 88.17 ms
Execution 54 - TLS Mutual
s_connection: verify depth is 1
Handshake duration: 89.42 ms
Execution 55 - TLS Mutual
s_connection: verify depth is 1
Handshake duration: 1399.87 ms
Execution 56 - TLS Mutual
s_connection: verify depth is 1
Handshake duration: 88.09 ms
Execution 57 - TLS Mutual
s_connection: verify depth is 1
Handshake duration: 92.88 ms
Execution 58 - TLS Mutual
s_connection: verify depth is 1
Handshake duration: 311.93 ms
Execution 59 - TLS Mutual
s_connection: verify depth is 1
Handshake duration: 310.99 ms
Execution 60 - TLS Mutual
s_connection: verify depth is 1
Handshake duration: 90.28 ms
Execution 61 - TLS Mutual
s_connection: verify depth is 1
Handshake duration: 495.73 ms
Execution 62 - TLS Mutual
s_connection: verify depth is 1
Handshake duration: 91.56 ms
Execution 63 - TLS Mutual
s_connection: verify depth is 1
Handshake duration: 88.64 ms
Execution 64 - TLS Mutual
s_connection: verify depth is 1
Handshake duration: 88.56 ms
Execution 65 - TLS Mutual
s_connection: verify depth is 1
Handshake duration: 281.00 ms
Execution 66 - TLS Mutual
s_connection: verify depth is 1
Handshake duration: 89.89 ms
Execution 67 - TLS Mutual
s_connection: verify depth is 1
Handshake duration: 86.98 ms
Execution 68 - TLS Mutual
s_connection: verify depth is 1
Handshake duration: 90.22 ms
Execution 69 - TLS Mutual
s_connection: verify depth is 1
Handshake duration: 317.14 ms
Execution 70 - TLS Mutual
s_connection: verify depth is 1
Handshake duration: 278.39 ms
Execution 71 - TLS Mutual
s_connection: verify depth is 1
Handshake duration: 94.27 ms
Execution 72 - TLS Mutual
s_connection: verify depth is 1
Handshake duration: 2140.21 ms
Execution 73 - TLS Mutual
s_connection: verify depth is 1
Handshake duration: 277.71 ms
Execution 74 - TLS Mutual
s_connection: verify depth is 1
Handshake duration: 99.02 ms
Execution 75 - TLS Mutual
s_connection: verify depth is 1
Handshake duration: 89.86 ms
Execution 76 - TLS Mutual
s_connection: verify depth is 1
Handshake duration: 1141.33 ms
Execution 77 - TLS Mutual
s_connection: verify depth is 1
Handshake duration: 696.30 ms
Execution 78 - TLS Mutual
s_connection: verify depth is 1
Handshake duration: 2984.31 ms
Execution 79 - TLS Mutual
s_connection: verify depth is 1
Handshake duration: 89.95 ms
Execution 80 - TLS Mutual
s_connection: verify depth is 1
Handshake duration: 84.97 ms
Execution 81 - TLS Mutual
s_connection: verify depth is 1
Handshake duration: 3199.61 ms
Execution 82 - TLS Mutual
s_connection: verify depth is 1
Handshake duration: 93.75 ms
Execution 83 - TLS Mutual
s_connection: verify depth is 1
Handshake duration: 88.70 ms
Execution 84 - TLS Mutual
s_connection: verify depth is 1
Handshake duration: 92.86 ms
Execution 85 - TLS Mutual
s_connection: verify depth is 1
Handshake duration: 89.85 ms
Execution 86 - TLS Mutual
s_connection: verify depth is 1
Handshake duration: 87.11 ms
Execution 87 - TLS Mutual
s_connection: verify depth is 1
Handshake duration: 87.81 ms
Execution 88 - TLS Mutual
s_connection: verify depth is 1
Handshake duration: 277.89 ms
Execution 89 - TLS Mutual
s_connection: verify depth is 1
Handshake duration: 1609.26 ms
Execution 90 - TLS Mutual
s_connection: verify depth is 1
Handshake duration: 94.88 ms
Execution 91 - TLS Mutual
s_connection: verify depth is 1
Handshake duration: 1167.26 ms
Execution 92 - TLS Mutual
s_connection: verify depth is 1
Handshake duration: 89.08 ms
Execution 93 - TLS Mutual
s_connection: verify depth is 1
Handshake duration: 88.27 ms
Execution 94 - TLS Mutual
s_connection: verify depth is 1
Handshake duration: 265.52 ms
Execution 95 - TLS Mutual
s_connection: verify depth is 1
Handshake duration: 98.04 ms
Execution 96 - TLS Mutual
s_connection: verify depth is 1
Handshake duration: 1129.49 ms
Execution 97 - TLS Mutual
s_connection: verify depth is 1
Handshake duration: 90.59 ms
Execution 98 - TLS Mutual
s_connection: verify depth is 1
Handshake duration: 3828.90 ms
Execution 99 - TLS Mutual
s_connection: verify depth is 1
Handshake duration: 3257.20 ms
Execution 100 - TLS Mutual
s_connection: verify depth is 1
Handshake duration: 314.28 ms
Execution 101 - TLS Mutual
s_connection: verify depth is 1
Handshake duration: 346.37 ms
Execution 102 - TLS Mutual
s_connection: verify depth is 1
Handshake duration: 90.31 ms
Execution 103 - TLS Mutual
s_connection: verify depth is 1
Handshake duration: 309.58 ms
Execution 104 - TLS Mutual
s_connection: verify depth is 1
Handshake duration: 90.36 ms
Execution 105 - TLS Mutual
s_connection: verify depth is 1
Handshake duration: 308.91 ms
Execution 106 - TLS Mutual
s_connection: verify depth is 1
Handshake duration: 90.68 ms
Execution 107 - TLS Mutual
s_connection: verify depth is 1
Handshake duration: 93.70 ms
Execution 108 - TLS Mutual
s_connection: verify depth is 1
Handshake duration: 3159.32 ms
Execution 109 - TLS Mutual
s_connection: verify depth is 1
Handshake duration: 1350.59 ms
Execution 110 - TLS Mutual
s_connection: verify depth is 1
Handshake duration: 95.30 ms
Execution 111 - TLS Mutual
s_connection: verify depth is 1
Handshake duration: 732.53 ms
Execution 112 - TLS Mutual
s_connection: verify depth is 1
Handshake duration: 1166.15 ms
Execution 113 - TLS Mutual
s_connection: verify depth is 1
Handshake duration: 88.46 ms
Execution 114 - TLS Mutual
s_connection: verify depth is 1
Handshake duration: 87.14 ms
Execution 115 - TLS Mutual
s_connection: verify depth is 1
Handshake duration: 97.06 ms
Execution 116 - TLS Mutual
s_connection: verify depth is 1
Handshake duration: 98.91 ms
Execution 117 - TLS Mutual
s_connection: verify depth is 1
Handshake duration: 2182.14 ms
Execution 118 - TLS Mutual
s_connection: verify depth is 1
Handshake duration: 96.88 ms
Execution 119 - TLS Mutual
s_connection: verify depth is 1
Handshake duration: 88.75 ms
Execution 120 - TLS Mutual
s_connection: verify depth is 1
Handshake duration: 90.09 ms
Execution 121 - TLS Mutual
s_connection: verify depth is 1
Handshake duration: 1150.33 ms
Execution 122 - TLS Mutual
s_connection: verify depth is 1
Handshake duration: 1142.44 ms
Execution 123 - TLS Mutual
s_connection: verify depth is 1
Handshake duration: 95.27 ms
Execution 124 - TLS Mutual
s_connection: verify depth is 1
Handshake duration: 100.30 ms
Execution 125 - TLS Mutual
s_connection: verify depth is 1
Handshake duration: 96.09 ms
