Handshake timeout budget: 150s (identique TLS/QUIC)
Applying netem rules to lo...
Showing qdisc status for the interface: lo
qdisc netem 87fb: root refcnt 2 limit 1000 seed 15146362529582839337
 Sent 0 bytes 0 pkt (dropped 0, overlimits 0 requeues 0) 
 backlog 0b 0p requeues 0
Running ./perftestClientTlsQuic.sh with SIG_ALG=mldsa65 and KEM_ALG=p384_hqc192
Execution 1 - TLS Mutual
s_connection: verify depth is 1
Handshake duration: 1769.58 ms
Execution 2 - TLS Mutual
s_connection: verify depth is 1
Handshake duration: 85.72 ms
Execution 3 - TLS Mutual
s_connection: verify depth is 1
Handshake duration: 898.95 ms
Execution 4 - TLS Mutual
s_connection: verify depth is 1
Handshake duration: 1102.80 ms
Execution 5 - TLS Mutual
s_connection: verify depth is 1
Handshake duration: 80.40 ms
Execution 6 - TLS Mutual
s_connection: verify depth is 1
Handshake duration: 80.08 ms
Execution 7 - TLS Mutual
s_connection: verify depth is 1
Handshake duration: 1167.24 ms
Execution 8 - TLS Mutual
s_connection: verify depth is 1
Handshake duration: 324.72 ms
Execution 9 - TLS Mutual
s_connection: verify depth is 1
Handshake duration: 4829.51 ms
Execution 10 - TLS Mutual
s_connection: verify depth is 1
Handshake duration: 298.39 ms
Execution 11 - TLS Mutual
s_connection: verify depth is 1
Handshake duration: 1372.60 ms
Execution 12 - TLS Mutual
s_connection: verify depth is 1
Handshake duration: 685.18 ms
Execution 13 - TLS Mutual
s_connection: verify depth is 1
Handshake duration: 1340.83 ms
Execution 14 - TLS Mutual
s_connection: verify depth is 1
Handshake duration: 80.71 ms
Execution 15 - TLS Mutual
s_connection: verify depth is 1
Handshake duration: 79.97 ms
Execution 16 - TLS Mutual
s_connection: verify depth is 1
Handshake duration: 1313.53 ms
Execution 17 - TLS Mutual
s_connection: verify depth is 1
Handshake duration: 322.09 ms
Execution 18 - TLS Mutual
s_connection: verify depth is 1
Handshake duration: 82.41 ms
Execution 19 - TLS Mutual
s_connection: verify depth is 1
Handshake duration: 80.67 ms
Execution 20 - TLS Mutual
s_connection: verify depth is 1
Handshake duration: 80.51 ms
Execution 21 - TLS Mutual
s_connection: verify depth is 1
Handshake duration: 80.37 ms
Execution 22 - TLS Mutual
s_connection: verify depth is 1
Handshake duration: 6454.23 ms
Execution 23 - TLS Mutual
s_connection: verify depth is 1
Handshake duration: 485.00 ms
Execution 24 - TLS Mutual
s_connection: verify depth is 1
Handshake duration: 81.38 ms
Execution 25 - TLS Mutual
s_connection: verify depth is 1
Handshake duration: 80.06 ms
Execution 26 - TLS Mutual
s_connection: verify depth is 1
Handshake duration: 83.75 ms
Execution 27 - TLS Mutual
s_connection: verify depth is 1
Handshake duration: 4881.68 ms
Execution 28 - TLS Mutual
s_connection: verify depth is 1
Handshake duration: 3255.85 ms
Execution 29 - TLS Mutual
s_connection: verify depth is 1
Handshake duration: 1375.85 ms
Execution 30 - TLS Mutual
s_connection: verify depth is 1
Handshake duration: 81.14 ms
Execution 31 - TLS Mutual
s_connection: verify depth is 1
Handshake duration: 80.85 ms
Execution 32 - TLS Mutual
s_connection: verify depth is 1
Handshake duration: 80.13 ms
Execution 33 - TLS Mutual
s_connection: verify depth is 1
Handshake duration: 80.27 ms
Execution 34 - TLS Mutual
s_connection: verify depth is 1
Handshake duration: 79.89 ms
Execution 35 - TLS Mutual
s_connection: verify depth is 1
Handshake duration: 80.21 ms
Execution 36 - TLS Mutual
s_connection: verify depth is 1
Handshake duration: 1123.32 ms
Execution 37 - TLS Mutual
s_connection: verify depth is 1
Handshake duration: 84.10 ms
Execution 38 - TLS Mutual
s_connection: verify depth is 1
Handshake duration: 2155.95 ms
Execution 39 - TLS Mutual
s_connection: verify depth is 1
Handshake duration: 79.79 ms
Execution 40 - TLS Mutual
s_connection: verify depth is 1
Handshake duration: 82.33 ms
Execution 41 - TLS Mutual
s_connection: verify depth is 1
Handshake duration: 81.19 ms
Execution 42 - TLS Mutual
s_connection: verify depth is 1
Handshake duration: 80.26 ms
Execution 43 - TLS Mutual
s_connection: verify depth is 1
Handshake duration: 1331.28 ms
Execution 44 - TLS Mutual
s_connection: verify depth is 1
Handshake duration: 83.56 ms
Execution 45 - TLS Mutual
s_connection: verify depth is 1
Handshake duration: 80.11 ms
Execution 46 - TLS Mutual
s_connection: verify depth is 1
Handshake duration: 80.15 ms
Execution 47 - TLS Mutual
s_connection: verify depth is 1
Handshake duration: 80.00 ms
Execution 48 - TLS Mutual
s_connection: verify depth is 1
Handshake duration: 80.48 ms
Execution 49 - TLS Mutual
s_connection: verify depth is 1
Handshake duration: 80.14 ms
Execution 50 - TLS Mutual
s_connection: verify depth is 1
Handshake duration: 1111.73 ms
Execution 51 - TLS Mutual
s_connection: verify depth is 1
Handshake duration: 85.55 ms
Execution 52 - TLS Mutual
s_connection: verify depth is 1
Handshake duration: 1790.08 ms
Execution 53 - TLS Mutual
s_connection: verify depth is 1
Handshake duration: 318.92 ms
Execution 54 - TLS Mutual
s_connection: verify depth is 1
Handshake duration: 299.69 ms
Execution 55 - TLS Mutual
s_connection: verify depth is 1
Handshake duration: 1356.08 ms
Execution 56 - TLS Mutual
s_connection: verify depth is 1
Handshake duration: 276.81 ms
Execution 57 - TLS Mutual
s_connection: verify depth is 1
Handshake duration: 82.98 ms
Execution 58 - TLS Mutual
s_connection: verify depth is 1
Handshake duration: 80.47 ms
Execution 59 - TLS Mutual
s_connection: verify depth is 1
Handshake duration: 1171.53 ms
Execution 60 - TLS Mutual
s_connection: verify depth is 1
Handshake duration: 79.98 ms
Execution 61 - TLS Mutual
s_connection: verify depth is 1
Handshake duration: 2007.53 ms
Execution 62 - TLS Mutual
s_connection: verify depth is 1
Handshake duration: 887.84 ms
Execution 63 - TLS Mutual
s_connection: verify depth is 1
Handshake duration: 81.46 ms
Execution 64 - TLS Mutual
s_connection: verify depth is 1
Handshake duration: 894.84 ms
Execution 65 - TLS Mutual
s_connection: verify depth is 1
Handshake duration: 1561.09 ms
Execution 66 - TLS Mutual
s_connection: verify depth is 1
Handshake duration: 81.17 ms
Execution 67 - TLS Mutual
s_connection: verify depth is 1
Handshake duration: 80.26 ms
Execution 68 - TLS Mutual
s_connection: verify depth is 1
Handshake duration: 80.50 ms
Execution 69 - TLS Mutual
s_connection: verify depth is 1
Handshake duration: 301.63 ms
Execution 70 - TLS Mutual
s_connection: verify depth is 1
Handshake duration: 81.80 ms
Execution 71 - TLS Mutual
s_connection: verify depth is 1
Handshake duration: 79.98 ms
Execution 72 - TLS Mutual
s_connection: verify depth is 1
Handshake duration: 1529.15 ms
Execution 73 - TLS Mutual
s_connection: verify depth is 1
Handshake duration: 302.37 ms
Execution 74 - TLS Mutual
s_connection: verify depth is 1
Handshake duration: 81.57 ms
Execution 75 - TLS Mutual
s_connection: verify depth is 1
Handshake duration: 79.79 ms
Execution 76 - TLS Mutual
s_connection: verify depth is 1
Handshake duration: 712.96 ms
Execution 77 - TLS Mutual
s_connection: verify depth is 1
Handshake duration: 81.11 ms
Execution 78 - TLS Mutual
s_connection: verify depth is 1
Handshake duration: 318.32 ms
Execution 79 - TLS Mutual
s_connection: verify depth is 1
Handshake duration: 80.56 ms
Execution 80 - TLS Mutual
s_connection: verify depth is 1
Handshake duration: 81.29 ms
Execution 81 - TLS Mutual
s_connection: verify depth is 1
Handshake duration: 80.39 ms
Execution 82 - TLS Mutual
s_connection: verify depth is 1
Handshake duration: 300.34 ms
Execution 83 - TLS Mutual
s_connection: verify depth is 1
Handshake duration: 81.12 ms
Execution 84 - TLS Mutual
s_connection: verify depth is 1
Handshake duration: 81.13 ms
Execution 85 - TLS Mutual
s_connection: verify depth is 1
Handshake duration: 79.97 ms
Execution 86 - TLS Mutual
s_connection: verify depth is 1
Handshake duration: 80.08 ms
Execution 87 - TLS Mutual
s_connection: verify depth is 1
Handshake duration: 923.86 ms
Execution 88 - TLS Mutual
s_connection: verify depth is 1
Handshake duration: 80.58 ms
Execution 89 - TLS Mutual
s_connection: verify depth is 1
Handshake duration: 79.96 ms
Execution 90 - TLS Mutual
s_connection: verify depth is 1
Handshake duration: 80.16 ms
Execution 91 - TLS Mutual
s_connection: verify depth is 1
Handshake duration: 79.96 ms
Execution 92 - TLS Mutual
s_connection: verify depth is 1
Handshake duration: 481.08 ms
Execution 93 - TLS Mutual
s_connection: verify depth is 1
Handshake duration: 307.89 ms
Execution 94 - TLS Mutual
s_connection: verify depth is 1
Handshake duration: 526.77 ms
Execution 95 - TLS Mutual
s_connection: verify depth is 1
Handshake duration: 80.77 ms
Execution 96 - TLS Mutual
s_connection: verify depth is 1
Handshake duration: 79.94 ms
Execution 97 - TLS Mutual
s_connection: verify depth is 1
Handshake duration: 80.39 ms
Execution 98 - TLS Mutual
s_connection: verify depth is 1
Handshake duration: 80.03 ms
Execution 99 - TLS Mutual
s_connection: verify depth is 1
Handshake duration: 1109.01 ms
Execution 100 - TLS Mutual
s_connection: verify depth is 1
Handshake duration: 322.88 ms
Execution 101 - TLS Mutual
s_connection: verify depth is 1
Handshake duration: 80.17 ms
Execution 102 - TLS Mutual
s_connection: verify depth is 1
Handshake duration: 298.83 ms
Execution 103 - TLS Mutual
s_connection: verify depth is 1
Handshake duration: 83.45 ms
Execution 104 - TLS Mutual
s_connection: verify depth is 1
Handshake duration: 324.56 ms
Execution 105 - TLS Mutual
s_connection: verify depth is 1
Handshake duration: 80.62 ms
Execution 106 - TLS Mutual
s_connection: verify depth is 1
Handshake duration: 704.24 ms
Execution 107 - TLS Mutual
s_connection: verify depth is 1
Handshake duration: 80.40 ms
Execution 108 - TLS Mutual
s_connection: verify depth is 1
Handshake duration: 80.14 ms
Execution 109 - TLS Mutual
s_connection: verify depth is 1
Handshake duration: 479.16 ms
Execution 110 - TLS Mutual
s_connection: verify depth is 1
Handshake duration: 81.92 ms
Execution 111 - TLS Mutual
s_connection: verify depth is 1
Handshake duration: 80.00 ms
Execution 112 - TLS Mutual
s_connection: verify depth is 1
Handshake duration: 2148.68 ms
Execution 113 - TLS Mutual
s_connection: verify depth is 1
Handshake duration: 298.80 ms
Execution 114 - TLS Mutual
s_connection: verify depth is 1
Handshake duration: 82.01 ms
Execution 115 - TLS Mutual
s_connection: verify depth is 1
Handshake duration: 1542.50 ms
Execution 116 - TLS Mutual
s_connection: verify depth is 1
Handshake duration: 80.22 ms
Execution 117 - TLS Mutual
s_connection: verify depth is 1
Handshake duration: 1140.91 ms
Execution 118 - TLS Mutual
s_connection: verify depth is 1
Handshake duration: 326.72 ms
Execution 119 - TLS Mutual
s_connection: verify depth is 1
Handshake duration: 503.48 ms
Execution 120 - TLS Mutual
s_connection: verify depth is 1
Handshake duration: 81.82 ms
Execution 121 - TLS Mutual
s_connection: verify depth is 1
Handshake duration: 80.99 ms
Execution 122 - TLS Mutual
s_connection: verify depth is 1
Handshake duration: 83.06 ms
Execution 123 - TLS Mutual
s_connection: verify depth is 1
Handshake duration: 84.30 ms
Execution 124 - TLS Mutual
s_connection: verify depth is 1
Handshake duration: 80.27 ms
Execution 125 - TLS Mutual
s_connection: verify depth is 1
Handshake duration: 80.38 ms
