Handshake timeout budget: 150s (identique TLS/QUIC)
Applying netem rules to lo...
Showing qdisc status for the interface: lo
qdisc netem 807b: root refcnt 2 limit 1000 seed 4981768287826761729
 Sent 0 bytes 0 pkt (dropped 0, overlimits 0 requeues 0) 
 backlog 0b 0p requeues 0
Running ./perftestClientTlsQuic.sh with SIG_ALG=mldsa65 and KEM_ALG=hqc192
Execution 1 - TLS Mutual
s_connection: verify depth is 1
Handshake duration: 81.58 ms
Execution 2 - TLS Mutual
s_connection: verify depth is 1
Handshake duration: 75.47 ms
Execution 3 - TLS Mutual
s_connection: verify depth is 1
Handshake duration: 73.41 ms
Execution 4 - TLS Mutual
s_connection: verify depth is 1
Handshake duration: 293.61 ms
Execution 5 - TLS Mutual
s_connection: verify depth is 1
Handshake duration: 79.92 ms
Execution 6 - TLS Mutual
s_connection: verify depth is 1
Handshake duration: 3234.97 ms
Execution 7 - TLS Mutual
s_connection: verify depth is 1
Handshake duration: 73.92 ms
Execution 8 - TLS Mutual
s_connection: verify depth is 1
Handshake duration: 293.45 ms
Execution 9 - TLS Mutual
s_connection: verify depth is 1
Handshake duration: 74.10 ms
Execution 10 - TLS Mutual
s_connection: verify depth is 1
Handshake duration: 72.92 ms
Execution 11 - TLS Mutual
s_connection: verify depth is 1
Handshake duration: 7951.54 ms
Execution 12 - TLS Mutual
s_connection: verify depth is 1
Handshake duration: 290.94 ms
Execution 13 - TLS Mutual
s_connection: verify depth is 1
Handshake duration: 76.50 ms
Execution 14 - TLS Mutual
s_connection: verify depth is 1
Handshake duration: 73.43 ms
Execution 15 - TLS Mutual
s_connection: verify depth is 1
Handshake duration: 77.12 ms
Execution 16 - TLS Mutual
s_connection: verify depth is 1
Handshake duration: 3592.53 ms
Execution 17 - TLS Mutual
s_connection: verify depth is 1
Handshake duration: 77.22 ms
Execution 18 - TLS Mutual
s_connection: verify depth is 1
Handshake duration: 295.01 ms
Execution 19 - TLS Mutual
s_connection: verify depth is 1
Handshake duration: 80.12 ms
Execution 20 - TLS Mutual
s_connection: verify depth is 1
Handshake duration: 78.25 ms
Execution 21 - TLS Mutual
s_connection: verify depth is 1
Handshake duration: 313.14 ms
Execution 22 - TLS Mutual
s_connection: verify depth is 1
Handshake duration: 75.06 ms
Execution 23 - TLS Mutual
s_connection: verify depth is 1
Handshake duration: 1346.40 ms
Execution 24 - TLS Mutual
s_connection: verify depth is 1
Handshake duration: 78.94 ms
Execution 25 - TLS Mutual
s_connection: verify depth is 1
Handshake duration: 1162.51 ms
Execution 26 - TLS Mutual
s_connection: verify depth is 1
Handshake duration: 85.08 ms
Execution 27 - TLS Mutual
s_connection: verify depth is 1
Handshake duration: 96.82 ms
Execution 28 - TLS Mutual
s_connection: verify depth is 1
Handshake duration: 302.75 ms
Execution 29 - TLS Mutual
s_connection: verify depth is 1
Handshake duration: 74.85 ms
Execution 30 - TLS Mutual
s_connection: verify depth is 1
Handshake duration: 72.70 ms
Execution 31 - TLS Mutual
s_connection: verify depth is 1
Handshake duration: 72.79 ms
Execution 32 - TLS Mutual
s_connection: verify depth is 1
Handshake duration: 2133.93 ms
Execution 33 - TLS Mutual
s_connection: verify depth is 1
Handshake duration: 75.81 ms
Execution 34 - TLS Mutual
s_connection: verify depth is 1
Handshake duration: 72.71 ms
Execution 35 - TLS Mutual
s_connection: verify depth is 1
Handshake duration: 100.45 ms
Execution 36 - TLS Mutual
s_connection: verify depth is 1
Handshake duration: 2176.30 ms
Execution 37 - TLS Mutual
s_connection: verify depth is 1
Handshake duration: 280.86 ms
Execution 38 - TLS Mutual
s_connection: verify depth is 1
Handshake duration: 1114.51 ms
Execution 39 - TLS Mutual
s_connection: verify depth is 1
Handshake duration: 86.13 ms
Execution 40 - TLS Mutual
s_connection: verify depth is 1
Handshake duration: 82.95 ms
Execution 41 - TLS Mutual
s_connection: verify depth is 1
Handshake duration: 725.66 ms
Execution 42 - TLS Mutual
s_connection: verify depth is 1
Handshake duration: 301.45 ms
Execution 43 - TLS Mutual
s_connection: verify depth is 1
Handshake duration: 1091.12 ms
Execution 44 - TLS Mutual
s_connection: verify depth is 1
Handshake duration: 83.63 ms
Execution 45 - TLS Mutual
s_connection: verify depth is 1
Handshake duration: 280.24 ms
Execution 46 - TLS Mutual
s_connection: verify depth is 1
Handshake duration: 86.45 ms
Execution 47 - TLS Mutual
s_connection: verify depth is 1
Handshake duration: 1308.52 ms
Execution 48 - TLS Mutual
s_connection: verify depth is 1
Handshake duration: 284.56 ms
Execution 49 - TLS Mutual
s_connection: verify depth is 1
Handshake duration: 897.25 ms
Execution 50 - TLS Mutual
s_connection: verify depth is 1
Handshake duration: 297.24 ms
Execution 51 - TLS Mutual
s_connection: verify depth is 1
Handshake duration: 87.49 ms
Execution 52 - TLS Mutual
s_connection: verify depth is 1
Handshake duration: 87.16 ms
Execution 53 - TLS Mutual
s_connection: verify depth is 1
Handshake duration: 85.93 ms
Execution 54 - TLS Mutual
s_connection: verify depth is 1
Handshake duration: 1139.53 ms
Execution 55 - TLS Mutual
s_connection: verify depth is 1
Handshake duration: 83.59 ms
Execution 56 - TLS Mutual
s_connection: verify depth is 1
Handshake duration: 1128.42 ms
Execution 57 - TLS Mutual
s_connection: verify depth is 1
Handshake duration: 1592.93 ms
Execution 58 - TLS Mutual
s_connection: verify depth is 1
Handshake duration: 316.13 ms
Execution 59 - TLS Mutual
s_connection: verify depth is 1
Handshake duration: 81.49 ms
Execution 60 - TLS Mutual
s_connection: verify depth is 1
Handshake duration: 80.41 ms
Execution 61 - TLS Mutual
s_connection: verify depth is 1
Handshake duration: 1947.32 ms
Execution 62 - TLS Mutual
s_connection: verify depth is 1
Handshake duration: 317.83 ms
Execution 63 - TLS Mutual
s_connection: verify depth is 1
Handshake duration: 81.90 ms
Execution 64 - TLS Mutual
s_connection: verify depth is 1
Handshake duration: 79.08 ms
Execution 65 - TLS Mutual
s_connection: verify depth is 1
Handshake duration: 295.12 ms
Execution 66 - TLS Mutual
s_connection: verify depth is 1
Handshake duration: 75.41 ms
Execution 67 - TLS Mutual
s_connection: verify depth is 1
Handshake duration: 2369.22 ms
Execution 68 - TLS Mutual
s_connection: verify depth is 1
Handshake duration: 79.33 ms
Execution 69 - TLS Mutual
s_connection: verify depth is 1
Handshake duration: 81.66 ms
Execution 70 - TLS Mutual
s_connection: verify depth is 1
Handshake duration: 74.69 ms
Execution 71 - TLS Mutual
s_connection: verify depth is 1
Handshake duration: 919.44 ms
Execution 72 - TLS Mutual
s_connection: verify depth is 1
Handshake duration: 81.97 ms
Execution 73 - TLS Mutual
s_connection: verify depth is 1
Handshake duration: 1397.43 ms
Execution 74 - TLS Mutual
s_connection: verify depth is 1
Handshake duration: 77.37 ms
Execution 75 - TLS Mutual
s_connection: verify depth is 1
Handshake duration: 2562.48 ms
Execution 76 - TLS Mutual
s_connection: verify depth is 1
Handshake duration: 290.39 ms
Execution 77 - TLS Mutual
s_connection: verify depth is 1
Handshake duration: 82.45 ms
Execution 78 - TLS Mutual
s_connection: verify depth is 1
Handshake duration: 85.27 ms
Execution 79 - TLS Mutual
s_connection: verify depth is 1
Handshake duration: 77.25 ms
Execution 80 - TLS Mutual
s_connection: verify depth is 1
Handshake duration: 76.55 ms
Execution 81 - TLS Mutual
s_connection: verify depth is 1
Handshake duration: 1161.21 ms
Execution 82 - TLS Mutual
s_connection: verify depth is 1
Handshake duration: 76.54 ms
Execution 83 - TLS Mutual
s_connection: verify depth is 1
Handshake duration: 73.72 ms
Execution 84 - TLS Mutual
s_connection: verify depth is 1
Handshake duration: 78.38 ms
Execution 85 - TLS Mutual
s_connection: verify depth is 1
Handshake duration: 72.84 ms
Execution 86 - TLS Mutual
s_connection: verify depth is 1
Handshake duration: 2128.70 ms
Execution 87 - TLS Mutual
s_connection: verify depth is 1
Handshake duration: 76.86 ms
Execution 88 - TLS Mutual
s_connection: verify depth is 1
Handshake duration: 74.58 ms
Execution 89 - TLS Mutual
s_connection: verify depth is 1
Handshake duration: 73.28 ms
Execution 90 - TLS Mutual
s_connection: verify depth is 1
Handshake duration: 73.63 ms
Execution 91 - TLS Mutual
s_connection: verify depth is 1
Handshake duration: 1305.47 ms
Execution 92 - TLS Mutual
s_connection: verify depth is 1
Handshake duration: 2590.96 ms
Execution 93 - TLS Mutual
s_connection: verify depth is 1
Handshake duration: 78.30 ms
Execution 94 - TLS Mutual
s_connection: verify depth is 1
Handshake duration: 75.92 ms
Execution 95 - TLS Mutual
s_connection: verify depth is 1
Handshake duration: 1959.54 ms
Execution 96 - TLS Mutual
s_connection: verify depth is 1
Handshake duration: 296.50 ms
Execution 97 - TLS Mutual
s_connection: verify depth is 1
Handshake duration: 74.11 ms
Execution 98 - TLS Mutual
s_connection: verify depth is 1
Handshake duration: 292.93 ms
Execution 99 - TLS Mutual
s_connection: verify depth is 1
Handshake duration: 73.48 ms
Execution 100 - TLS Mutual
s_connection: verify depth is 1
Handshake duration: 296.91 ms
Execution 101 - TLS Mutual
s_connection: verify depth is 1
Handshake duration: 72.97 ms
Execution 102 - TLS Mutual
s_connection: verify depth is 1
Handshake duration: 2014.88 ms
Execution 103 - TLS Mutual
s_connection: verify depth is 1
Handshake duration: 72.72 ms
Execution 104 - TLS Mutual
s_connection: verify depth is 1
Handshake duration: 317.45 ms
Execution 105 - TLS Mutual
s_connection: verify depth is 1
Handshake duration: 72.37 ms
Execution 106 - TLS Mutual
s_connection: verify depth is 1
Handshake duration: 72.74 ms
Execution 107 - TLS Mutual
s_connection: verify depth is 1
Handshake duration: 72.28 ms
Execution 108 - TLS Mutual
s_connection: verify depth is 1
Handshake duration: 73.11 ms
Execution 109 - TLS Mutual
s_connection: verify depth is 1
Handshake duration: 296.80 ms
Execution 110 - TLS Mutual
s_connection: verify depth is 1
Handshake duration: 290.81 ms
Execution 111 - TLS Mutual
s_connection: verify depth is 1
Handshake duration: 76.70 ms
Execution 112 - TLS Mutual
s_connection: verify depth is 1
Handshake duration: 3213.72 ms
Execution 113 - TLS Mutual
s_connection: verify depth is 1
Handshake duration: 1936.80 ms
Execution 114 - TLS Mutual
s_connection: verify depth is 1
Handshake duration: 1150.88 ms
Execution 115 - TLS Mutual
s_connection: verify depth is 1
Handshake duration: 88.47 ms
Execution 116 - TLS Mutual
s_connection: verify depth is 1
Handshake duration: 1100.76 ms
Execution 117 - TLS Mutual
s_connection: verify depth is 1
Handshake duration: 85.60 ms
Execution 118 - TLS Mutual
s_connection: verify depth is 1
Handshake duration: 86.64 ms
Execution 119 - TLS Mutual
s_connection: verify depth is 1
Handshake duration: 87.65 ms
Execution 120 - TLS Mutual
s_connection: verify depth is 1
Handshake duration: 85.51 ms
Execution 121 - TLS Mutual
s_connection: verify depth is 1
Handshake duration: 86.79 ms
Execution 122 - TLS Mutual
s_connection: verify depth is 1
Handshake duration: 488.65 ms
Execution 123 - TLS Mutual
s_connection: verify depth is 1
Handshake duration: 90.99 ms
Execution 124 - TLS Mutual
s_connection: verify depth is 1
Handshake duration: 84.96 ms
Execution 125 - TLS Mutual
s_connection: verify depth is 1
Handshake duration: 83.21 ms
