Handshake timeout budget: 150s (identique TLS/QUIC)
Applying netem rules to lo...
Showing qdisc status for the interface: lo
qdisc netem 8003: root refcnt 2 limit 1000 seed 7847272007525247343
 Sent 0 bytes 0 pkt (dropped 0, overlimits 0 requeues 0) 
 backlog 0b 0p requeues 0
Running ./perftestClientTlsQuic.sh with SIG_ALG=mldsa44 and KEM_ALG=x25519_hqc128
Execution 1 - TLS Mutual
s_connection: verify depth is 1
Handshake duration: 380.60 ms
Execution 2 - TLS Mutual
s_connection: verify depth is 1
Handshake duration: 38.03 ms
Execution 3 - TLS Mutual
s_connection: verify depth is 1
Handshake duration: 38.46 ms
Execution 4 - TLS Mutual
s_connection: verify depth is 1
Handshake duration: 37.17 ms
Execution 5 - TLS Mutual
s_connection: verify depth is 1
Handshake duration: 39.56 ms
Execution 6 - TLS Mutual
s_connection: verify depth is 1
Handshake duration: 37.44 ms
Execution 7 - TLS Mutual
s_connection: verify depth is 1
Handshake duration: 38.59 ms
Execution 8 - TLS Mutual
s_connection: verify depth is 1
Handshake duration: 1337.49 ms
Execution 9 - TLS Mutual
s_connection: verify depth is 1
Handshake duration: 242.71 ms
Execution 10 - TLS Mutual
s_connection: verify depth is 1
Handshake duration: 1298.59 ms
Execution 11 - TLS Mutual
s_connection: verify depth is 1
Handshake duration: 896.69 ms
Execution 12 - TLS Mutual
s_connection: verify depth is 1
Handshake duration: 40.05 ms
Execution 13 - TLS Mutual
s_connection: verify depth is 1
Handshake duration: 2080.02 ms
Execution 14 - TLS Mutual
s_connection: verify depth is 1
Handshake duration: 1898.74 ms
Execution 15 - TLS Mutual
s_connection: verify depth is 1
Handshake duration: 1104.94 ms
Execution 16 - TLS Mutual
s_connection: verify depth is 1
Handshake duration: 2565.53 ms
Execution 17 - TLS Mutual
s_connection: verify depth is 1
Handshake duration: 43.18 ms
Execution 18 - TLS Mutual
s_connection: verify depth is 1
Handshake duration: 41.73 ms
Execution 19 - TLS Mutual
s_connection: verify depth is 1
Handshake duration: 5028.96 ms
Execution 20 - TLS Mutual
s_connection: verify depth is 1
Handshake duration: 40.00 ms
Execution 21 - TLS Mutual
s_connection: verify depth is 1
Handshake duration: 1063.44 ms
Execution 22 - TLS Mutual
s_connection: verify depth is 1
Handshake duration: 41.20 ms
Execution 23 - TLS Mutual
s_connection: verify depth is 1
Handshake duration: 1075.70 ms
Execution 24 - TLS Mutual
s_connection: verify depth is 1
Handshake duration: 40.02 ms
Execution 25 - TLS Mutual
s_connection: verify depth is 1
Handshake duration: 39.66 ms
Execution 26 - TLS Mutual
s_connection: verify depth is 1
Handshake duration: 38.72 ms
Execution 27 - TLS Mutual
s_connection: verify depth is 1
Handshake duration: 39.56 ms
Execution 28 - TLS Mutual
s_connection: verify depth is 1
Handshake duration: 1060.49 ms
Execution 29 - TLS Mutual
s_connection: verify depth is 1
Handshake duration: 46.13 ms
Execution 30 - TLS Mutual
s_connection: verify depth is 1
Handshake duration: 43.32 ms
Execution 31 - TLS Mutual
s_connection: verify depth is 1
Handshake duration: 42.55 ms
Execution 32 - TLS Mutual
s_connection: verify depth is 1
Handshake duration: 39.52 ms
Execution 33 - TLS Mutual
s_connection: verify depth is 1
Handshake duration: 36.60 ms
Execution 34 - TLS Mutual
s_connection: verify depth is 1
Handshake duration: 35.63 ms
Execution 35 - TLS Mutual
s_connection: verify depth is 1
Handshake duration: 1102.67 ms
Execution 36 - TLS Mutual
s_connection: verify depth is 1
Handshake duration: 1486.18 ms
Execution 37 - TLS Mutual
s_connection: verify depth is 1
Handshake duration: 47.32 ms
Execution 38 - TLS Mutual
s_connection: verify depth is 1
Handshake duration: 42.70 ms
Execution 39 - TLS Mutual
s_connection: verify depth is 1
Handshake duration: 1092.95 ms
Execution 40 - TLS Mutual
s_connection: verify depth is 1
Handshake duration: 1091.95 ms
Execution 41 - TLS Mutual
s_connection: verify depth is 1
Handshake duration: 262.97 ms
Execution 42 - TLS Mutual
s_connection: verify depth is 1
Handshake duration: 657.54 ms
Execution 43 - TLS Mutual
s_connection: verify depth is 1
Handshake duration: 272.80 ms
Execution 44 - TLS Mutual
s_connection: verify depth is 1
Handshake duration: 40.29 ms
Execution 45 - TLS Mutual
s_connection: verify depth is 1
Handshake duration: 40.27 ms
Execution 46 - TLS Mutual
s_connection: verify depth is 1
Handshake duration: 40.80 ms
Execution 47 - TLS Mutual
s_connection: verify depth is 1
Handshake duration: 40.13 ms
Execution 48 - TLS Mutual
s_connection: verify depth is 1
Handshake duration: 41.00 ms
Execution 49 - TLS Mutual
s_connection: verify depth is 1
Handshake duration: 43.36 ms
Execution 50 - TLS Mutual
s_connection: verify depth is 1
Handshake duration: 43.26 ms
Execution 51 - TLS Mutual
s_connection: verify depth is 1
Handshake duration: 43.64 ms
Execution 52 - TLS Mutual
s_connection: verify depth is 1
Handshake duration: 39.13 ms
Execution 53 - TLS Mutual
s_connection: verify depth is 1
Handshake duration: 37.97 ms
Execution 54 - TLS Mutual
s_connection: verify depth is 1
Handshake duration: 38.92 ms
Execution 55 - TLS Mutual
s_connection: verify depth is 1
Handshake duration: 257.42 ms
Execution 56 - TLS Mutual
s_connection: verify depth is 1
Handshake duration: 40.26 ms
Execution 57 - TLS Mutual
s_connection: verify depth is 1
Handshake duration: 41.39 ms
Execution 58 - TLS Mutual
s_connection: verify depth is 1
Handshake duration: 42.35 ms
Execution 59 - TLS Mutual
s_connection: verify depth is 1
Handshake duration: 38.44 ms
Execution 60 - TLS Mutual
s_connection: verify depth is 1
Handshake duration: 1483.30 ms
Execution 61 - TLS Mutual
s_connection: verify depth is 1
Handshake duration: 264.19 ms
Execution 62 - TLS Mutual
s_connection: verify depth is 1
Handshake duration: 1316.04 ms
Execution 63 - TLS Mutual
s_connection: verify depth is 1
Handshake duration: 39.00 ms
Execution 64 - TLS Mutual
s_connection: verify depth is 1
Handshake duration: 1134.62 ms
Execution 65 - TLS Mutual
s_connection: verify depth is 1
Handshake duration: 1126.27 ms
Execution 66 - TLS Mutual
s_connection: verify depth is 1
Handshake duration: 48.49 ms
Execution 67 - TLS Mutual
s_connection: verify depth is 1
Handshake duration: 2118.99 ms
Execution 68 - TLS Mutual
s_connection: verify depth is 1
Handshake duration: 38.56 ms
Execution 69 - TLS Mutual
s_connection: verify depth is 1
Handshake duration: 1134.37 ms
Execution 70 - TLS Mutual
s_connection: verify depth is 1
Handshake duration: 2941.15 ms
Execution 71 - TLS Mutual
s_connection: verify depth is 1
Handshake duration: 40.15 ms
Execution 72 - TLS Mutual
s_connection: verify depth is 1
Handshake duration: 39.45 ms
Execution 73 - TLS Mutual
s_connection: verify depth is 1
Handshake duration: 1923.99 ms
Execution 74 - TLS Mutual
s_connection: verify depth is 1
Handshake duration: 1122.39 ms
Execution 75 - TLS Mutual
s_connection: verify depth is 1
Handshake duration: 1094.98 ms
Execution 76 - TLS Mutual
s_connection: verify depth is 1
Handshake duration: 40.06 ms
Execution 77 - TLS Mutual
s_connection: verify depth is 1
Handshake duration: 40.23 ms
Execution 78 - TLS Mutual
s_connection: verify depth is 1
Handshake duration: 1489.78 ms
Execution 79 - TLS Mutual
s_connection: verify depth is 1
Handshake duration: 45.99 ms
Execution 80 - TLS Mutual
s_connection: verify depth is 1
Handshake duration: 39.35 ms
Execution 81 - TLS Mutual
s_connection: verify depth is 1
Handshake duration: 38.88 ms
Execution 82 - TLS Mutual
s_connection: verify depth is 1
Handshake duration: 39.04 ms
Execution 83 - TLS Mutual
s_connection: verify depth is 1
Handshake duration: 885.56 ms
Execution 84 - TLS Mutual
s_connection: verify depth is 1
Handshake duration: 473.84 ms
Execution 85 - TLS Mutual
s_connection: verify depth is 1
Handshake duration: 3179.69 ms
Execution 86 - TLS Mutual
s_connection: verify depth is 1
Handshake duration: 40.25 ms
Execution 87 - TLS Mutual
s_connection: verify depth is 1
Handshake duration: 1294.93 ms
Execution 88 - TLS Mutual
s_connection: verify depth is 1
Handshake duration: 37.84 ms
Execution 89 - TLS Mutual
s_connection: verify depth is 1
Handshake duration: 36.85 ms
Execution 90 - TLS Mutual
s_connection: verify depth is 1
Handshake duration: 38.95 ms
Execution 91 - TLS Mutual
s_connection: verify depth is 1
Handshake duration: 1281.87 ms
Execution 92 - TLS Mutual
s_connection: verify depth is 1
Handshake duration: 39.31 ms
Execution 93 - TLS Mutual
s_connection: verify depth is 1
Handshake duration: 39.34 ms
Execution 94 - TLS Mutual
s_connection: verify depth is 1
Handshake duration: 38.81 ms
Execution 95 - TLS Mutual
s_connection: verify depth is 1
Handshake duration: 38.42 ms
Execution 96 - TLS Mutual
s_connection: verify depth is 1
Handshake duration: 37.04 ms
Execution 97 - TLS Mutual
s_connection: verify depth is 1
Handshake duration: 1279.76 ms
Execution 98 - TLS Mutual
s_connection: verify depth is 1
Handshake duration: 890.36 ms
Execution 99 - TLS Mutual
s_connection: verify depth is 1
Handshake duration: 39.52 ms
Execution 100 - TLS Mutual
s_connection: verify depth is 1
Handshake duration: 37.29 ms
Execution 101 - TLS Mutual
s_connection: verify depth is 1
Handshake duration: 36.00 ms
Execution 102 - TLS Mutual
s_connection: verify depth is 1
Handshake duration: 275.67 ms
Execution 103 - TLS Mutual
s_connection: verify depth is 1
Handshake duration: 39.64 ms
Execution 104 - TLS Mutual
s_connection: verify depth is 1
Handshake duration: 37.50 ms
Execution 105 - TLS Mutual
s_connection: verify depth is 1
Handshake duration: 255.00 ms
Execution 106 - TLS Mutual
s_connection: verify depth is 1
Handshake duration: 1091.97 ms
Execution 107 - TLS Mutual
s_connection: verify depth is 1
Handshake duration: 38.10 ms
Execution 108 - TLS Mutual
s_connection: verify depth is 1
Handshake duration: 36.73 ms
Execution 109 - TLS Mutual
s_connection: verify depth is 1
Handshake duration: 36.63 ms
Execution 110 - TLS Mutual
s_connection: verify depth is 1
Handshake duration: 1090.10 ms
Execution 111 - TLS Mutual
s_connection: verify depth is 1
Handshake duration: 1491.35 ms
Execution 112 - TLS Mutual
s_connection: verify depth is 1
Handshake duration: 680.69 ms
Execution 113 - TLS Mutual
s_connection: verify depth is 1
Handshake duration: 671.27 ms
Execution 114 - TLS Mutual
s_connection: verify depth is 1
Handshake duration: 39.67 ms
Execution 115 - TLS Mutual
s_connection: verify depth is 1
Handshake duration: 38.71 ms
Execution 116 - TLS Mutual
s_connection: verify depth is 1
Handshake duration: 38.30 ms
Execution 117 - TLS Mutual
s_connection: verify depth is 1
Handshake duration: 40.25 ms
Execution 118 - TLS Mutual
s_connection: verify depth is 1
Handshake duration: 36.79 ms
Execution 119 - TLS Mutual
s_connection: verify depth is 1
Handshake duration: 37.34 ms
Execution 120 - TLS Mutual
s_connection: verify depth is 1
Handshake duration: 1117.65 ms
Execution 121 - TLS Mutual
s_connection: verify depth is 1
Handshake duration: 42.30 ms
Execution 122 - TLS Mutual
s_connection: verify depth is 1
Handshake duration: 38.57 ms
Execution 123 - TLS Mutual
s_connection: verify depth is 1
Handshake duration: 37.62 ms
Execution 124 - TLS Mutual
s_connection: verify depth is 1
Handshake duration: 37.84 ms
Execution 125 - TLS Mutual
s_connection: verify depth is 1
Handshake duration: 37.48 ms
