Handshake timeout budget: 150s (identique TLS/QUIC)
Applying netem rules to lo...
Showing qdisc status for the interface: lo
qdisc netem 8075: root refcnt 2 limit 1000 seed 16903511860647127980
 Sent 0 bytes 0 pkt (dropped 0, overlimits 0 requeues 0) 
 backlog 0b 0p requeues 0
Running ./perftestClientTlsQuic.sh with SIG_ALG=secp521r1 and KEM_ALG=p521_hqc256
Execution 1 - TLS Mutual
s_connection: verify depth is 1
Handshake duration: 115.67 ms
Execution 2 - TLS Mutual
s_connection: verify depth is 1
Handshake duration: 100.42 ms
Execution 3 - TLS Mutual
s_connection: verify depth is 1
Handshake duration: 97.97 ms
Execution 4 - TLS Mutual
s_connection: verify depth is 1
Handshake duration: 482.33 ms
Execution 5 - TLS Mutual
s_connection: verify depth is 1
Handshake duration: 108.22 ms
Execution 6 - TLS Mutual
s_connection: verify depth is 1
Handshake duration: 104.55 ms
Execution 7 - TLS Mutual
s_connection: verify depth is 1
Handshake duration: 98.61 ms
Execution 8 - TLS Mutual
s_connection: verify depth is 1
Handshake duration: 99.47 ms
Execution 9 - TLS Mutual
s_connection: verify depth is 1
Handshake duration: 100.52 ms
Execution 10 - TLS Mutual
s_connection: verify depth is 1
Handshake duration: 99.17 ms
Execution 11 - TLS Mutual
s_connection: verify depth is 1
Handshake duration: 101.42 ms
Execution 12 - TLS Mutual
s_connection: verify depth is 1
Handshake duration: 732.15 ms
Execution 13 - TLS Mutual
s_connection: verify depth is 1
Handshake duration: 99.96 ms
Execution 14 - TLS Mutual
s_connection: verify depth is 1
Handshake duration: 111.89 ms
Execution 15 - TLS Mutual
s_connection: verify depth is 1
Handshake duration: 521.99 ms
Execution 16 - TLS Mutual
s_connection: verify depth is 1
Handshake duration: 99.82 ms
Execution 17 - TLS Mutual
s_connection: verify depth is 1
Handshake duration: 1140.46 ms
Execution 18 - TLS Mutual
s_connection: verify depth is 1
Handshake duration: 1781.64 ms
Execution 19 - TLS Mutual
s_connection: verify depth is 1
Handshake duration: 103.25 ms
Execution 20 - TLS Mutual
s_connection: verify depth is 1
Handshake duration: 1141.79 ms
Execution 21 - TLS Mutual
s_connection: verify depth is 1
Handshake duration: 107.26 ms
Execution 22 - TLS Mutual
s_connection: verify depth is 1
Handshake duration: 107.61 ms
Execution 23 - TLS Mutual
s_connection: verify depth is 1
Handshake duration: 3675.67 ms
Execution 24 - TLS Mutual
s_connection: verify depth is 1
Handshake duration: 103.41 ms
Execution 25 - TLS Mutual
s_connection: verify depth is 1
Handshake duration: 1965.27 ms
Execution 26 - TLS Mutual
s_connection: verify depth is 1
Handshake duration: 1362.61 ms
Execution 27 - TLS Mutual
s_connection: verify depth is 1
Handshake duration: 102.59 ms
Execution 28 - TLS Mutual
s_connection: verify depth is 1
Handshake duration: 101.16 ms
Execution 29 - TLS Mutual
s_connection: verify depth is 1
Handshake duration: 103.25 ms
Execution 30 - TLS Mutual
s_connection: verify depth is 1
Handshake duration: 942.18 ms
Execution 31 - TLS Mutual
s_connection: verify depth is 1
Handshake duration: 106.63 ms
Execution 32 - TLS Mutual
s_connection: verify depth is 1
Handshake duration: 109.38 ms
Execution 33 - TLS Mutual
s_connection: verify depth is 1
Handshake duration: 107.49 ms
Execution 34 - TLS Mutual
s_connection: verify depth is 1
Handshake duration: 108.42 ms
Execution 35 - TLS Mutual
s_connection: verify depth is 1
Handshake duration: 107.26 ms
Execution 36 - TLS Mutual
s_connection: verify depth is 1
Handshake duration: 110.96 ms
Execution 37 - TLS Mutual
s_connection: verify depth is 1
Handshake duration: 107.53 ms
Execution 38 - TLS Mutual
s_connection: verify depth is 1
Handshake duration: 901.74 ms
Execution 39 - TLS Mutual
s_connection: verify depth is 1
Handshake duration: 105.21 ms
Execution 40 - TLS Mutual
s_connection: verify depth is 1
Handshake duration: 2200.98 ms
Execution 41 - TLS Mutual
s_connection: verify depth is 1
Handshake duration: 91.90 ms
Execution 42 - TLS Mutual
s_connection: verify depth is 1
Handshake duration: 943.26 ms
Execution 43 - TLS Mutual
s_connection: verify depth is 1
Handshake duration: 96.24 ms
Execution 44 - TLS Mutual
s_connection: verify depth is 1
Handshake duration: 96.96 ms
Execution 45 - TLS Mutual
s_connection: verify depth is 1
Handshake duration: 1380.15 ms
Execution 46 - TLS Mutual
s_connection: verify depth is 1
Handshake duration: 1151.76 ms
Execution 47 - TLS Mutual
s_connection: verify depth is 1
Handshake duration: 1143.00 ms
Execution 48 - TLS Mutual
s_connection: verify depth is 1
Handshake duration: 109.64 ms
Execution 49 - TLS Mutual
s_connection: verify depth is 1
Handshake duration: 106.39 ms
Execution 50 - TLS Mutual
s_connection: verify depth is 1
Handshake duration: 2170.36 ms
Execution 51 - TLS Mutual
s_connection: verify depth is 1
Handshake duration: 103.94 ms
Execution 52 - TLS Mutual
s_connection: verify depth is 1
Handshake duration: 104.32 ms
Execution 53 - TLS Mutual
s_connection: verify depth is 1
Handshake duration: 330.57 ms
Execution 54 - TLS Mutual
s_connection: verify depth is 1
Handshake duration: 1383.89 ms
Execution 55 - TLS Mutual
s_connection: verify depth is 1
Handshake duration: 105.05 ms
Execution 56 - TLS Mutual
s_connection: verify depth is 1
Handshake duration: 1160.12 ms
Execution 57 - TLS Mutual
s_connection: verify depth is 1
Handshake duration: 273.00 ms
Execution 58 - TLS Mutual
s_connection: verify depth is 1
Handshake duration: 108.09 ms
Execution 59 - TLS Mutual
s_connection: verify depth is 1
Handshake duration: 278.29 ms
Execution 60 - TLS Mutual
s_connection: verify depth is 1
Handshake duration: 107.76 ms
Execution 61 - TLS Mutual
s_connection: verify depth is 1
Handshake duration: 99.85 ms
Execution 62 - TLS Mutual
s_connection: verify depth is 1
Handshake duration: 104.53 ms
Execution 63 - TLS Mutual
s_connection: verify depth is 1
Handshake duration: 101.93 ms
Execution 64 - TLS Mutual
s_connection: verify depth is 1
Handshake duration: 1189.06 ms
Execution 65 - TLS Mutual
s_connection: verify depth is 1
Handshake duration: 269.27 ms
Execution 66 - TLS Mutual
s_connection: verify depth is 1
Handshake duration: 2193.89 ms
Execution 67 - TLS Mutual
s_connection: verify depth is 1
Handshake duration: 99.58 ms
Execution 68 - TLS Mutual
s_connection: verify depth is 1
Handshake duration: 323.94 ms
Execution 69 - TLS Mutual
s_connection: verify depth is 1
Handshake duration: 327.54 ms
Execution 70 - TLS Mutual
s_connection: verify depth is 1
Handshake duration: 274.22 ms
Execution 71 - TLS Mutual
s_connection: verify depth is 1
Handshake duration: 106.10 ms
Execution 72 - TLS Mutual
s_connection: verify depth is 1
Handshake duration: 99.84 ms
Execution 73 - TLS Mutual
s_connection: verify depth is 1
Handshake duration: 1169.41 ms
Execution 74 - TLS Mutual
s_connection: verify depth is 1
Handshake duration: 1775.46 ms
Execution 75 - TLS Mutual
s_connection: verify depth is 1
Handshake duration: 99.46 ms
Execution 76 - TLS Mutual
s_connection: verify depth is 1
Handshake duration: 1163.89 ms
Execution 77 - TLS Mutual
s_connection: verify depth is 1
Handshake duration: 98.94 ms
Execution 78 - TLS Mutual
s_connection: verify depth is 1
Handshake duration: 292.63 ms
Execution 79 - TLS Mutual
s_connection: verify depth is 1
Handshake duration: 491.40 ms
Execution 80 - TLS Mutual
s_connection: verify depth is 1
Handshake duration: 103.29 ms
Execution 81 - TLS Mutual
s_connection: verify depth is 1
Handshake duration: 1607.32 ms
Execution 82 - TLS Mutual
s_connection: verify depth is 1
Handshake duration: 329.29 ms
Execution 83 - TLS Mutual
s_connection: verify depth is 1
Handshake duration: 97.31 ms
Execution 84 - TLS Mutual
s_connection: verify depth is 1
Handshake duration: 276.42 ms
Execution 85 - TLS Mutual
s_connection: verify depth is 1
Handshake duration: 103.90 ms
Execution 86 - TLS Mutual
s_connection: verify depth is 1
Handshake duration: 1130.71 ms
Execution 87 - TLS Mutual
s_connection: verify depth is 1
Handshake duration: 97.15 ms
Execution 88 - TLS Mutual
s_connection: verify depth is 1
Handshake duration: 1153.72 ms
Execution 89 - TLS Mutual
s_connection: verify depth is 1
Handshake duration: 479.87 ms
Execution 90 - TLS Mutual
s_connection: verify depth is 1
Handshake duration: 339.81 ms
Execution 91 - TLS Mutual
s_connection: verify depth is 1
Handshake duration: 103.53 ms
Execution 92 - TLS Mutual
s_connection: verify depth is 1
Handshake duration: 100.41 ms
Execution 93 - TLS Mutual
s_connection: verify depth is 1
Handshake duration: 107.66 ms
Execution 94 - TLS Mutual
s_connection: verify depth is 1
Handshake duration: 102.95 ms
Execution 95 - TLS Mutual
s_connection: verify depth is 1
Handshake duration: 1180.51 ms
Execution 96 - TLS Mutual
s_connection: verify depth is 1
Handshake duration: 1125.12 ms
Execution 97 - TLS Mutual
s_connection: verify depth is 1
Handshake duration: 332.98 ms
Execution 98 - TLS Mutual
s_connection: verify depth is 1
Handshake duration: 324.10 ms
Execution 99 - TLS Mutual
s_connection: verify depth is 1
Handshake duration: 140.03 ms
Execution 100 - TLS Mutual
s_connection: verify depth is 1
Handshake duration: 1418.11 ms
Execution 101 - TLS Mutual
s_connection: verify depth is 1
Handshake duration: 347.86 ms
Execution 102 - TLS Mutual
s_connection: verify depth is 1
Handshake duration: 104.83 ms
Execution 103 - TLS Mutual
s_connection: verify depth is 1
Handshake duration: 102.06 ms
Execution 104 - TLS Mutual
s_connection: verify depth is 1
Handshake duration: 278.01 ms
Execution 105 - TLS Mutual
s_connection: verify depth is 1
Handshake duration: 102.96 ms
Execution 106 - TLS Mutual
s_connection: verify depth is 1
Handshake duration: 99.97 ms
Execution 107 - TLS Mutual
s_connection: verify depth is 1
Handshake duration: 99.49 ms
Execution 108 - TLS Mutual
s_connection: verify depth is 1
Handshake duration: 98.45 ms
Execution 109 - TLS Mutual
s_connection: verify depth is 1
Handshake duration: 484.43 ms
Execution 110 - TLS Mutual
s_connection: verify depth is 1
Handshake duration: 487.91 ms
Execution 111 - TLS Mutual
s_connection: verify depth is 1
Handshake duration: 1160.90 ms
Execution 112 - TLS Mutual
s_connection: verify depth is 1
Handshake duration: 100.78 ms
Execution 113 - TLS Mutual
s_connection: verify depth is 1
Handshake duration: 1152.27 ms
Execution 114 - TLS Mutual
s_connection: verify depth is 1
Handshake duration: 100.90 ms
Execution 115 - TLS Mutual
s_connection: verify depth is 1
Handshake duration: 941.33 ms
Execution 116 - TLS Mutual
s_connection: verify depth is 1
Handshake duration: 105.40 ms
Execution 117 - TLS Mutual
s_connection: verify depth is 1
Handshake duration: 2567.33 ms
Execution 118 - TLS Mutual
s_connection: verify depth is 1
Handshake duration: 524.78 ms
Execution 119 - TLS Mutual
s_connection: verify depth is 1
Handshake duration: 98.05 ms
Execution 120 - TLS Mutual
s_connection: verify depth is 1
Handshake duration: 538.76 ms
Execution 121 - TLS Mutual
s_connection: verify depth is 1
Handshake duration: 1338.01 ms
Execution 122 - TLS Mutual
s_connection: verify depth is 1
Handshake duration: 113.89 ms
Execution 123 - TLS Mutual
s_connection: verify depth is 1
Handshake duration: 99.52 ms
Execution 124 - TLS Mutual
s_connection: verify depth is 1
Handshake duration: 1161.77 ms
Execution 125 - TLS Mutual
s_connection: verify depth is 1
Handshake duration: 103.58 ms
