Handshake timeout budget: 150s (identique TLS/QUIC)
Applying netem rules to lo...
Showing qdisc status for the interface: lo
qdisc netem 8057: root refcnt 2 limit 1000 seed 4965669975913295125
 Sent 0 bytes 0 pkt (dropped 0, overlimits 0 requeues 0) 
 backlog 0b 0p requeues 0
Running ./perftestClientTlsQuic.sh with SIG_ALG=mldsa87 and KEM_ALG=p521_hqc256
Execution 1 - TLS Mutual
s_connection: verify depth is 1
Handshake duration: 545.02 ms
Execution 2 - TLS Mutual
s_connection: verify depth is 1
Handshake duration: 982.70 ms
Execution 3 - TLS Mutual
s_connection: verify depth is 1
Handshake duration: 328.58 ms
Execution 4 - TLS Mutual
s_connection: verify depth is 1
Handshake duration: 130.55 ms
Execution 5 - TLS Mutual
s_connection: verify depth is 1
Handshake duration: 3242.68 ms
Execution 6 - TLS Mutual
s_connection: verify depth is 1
Handshake duration: 742.58 ms
Execution 7 - TLS Mutual
s_connection: verify depth is 1
Handshake duration: 129.43 ms
Execution 8 - TLS Mutual
s_connection: verify depth is 1
Handshake duration: 335.11 ms
Execution 9 - TLS Mutual
s_connection: verify depth is 1
Handshake duration: 528.55 ms
Execution 10 - TLS Mutual
s_connection: verify depth is 1
Handshake duration: 1967.52 ms
Execution 11 - TLS Mutual
s_connection: verify depth is 1
Handshake duration: 132.90 ms
Execution 12 - TLS Mutual
s_connection: verify depth is 1
Handshake duration: 2803.20 ms
Execution 13 - TLS Mutual
s_connection: verify depth is 1
Handshake duration: 159.12 ms
Execution 14 - TLS Mutual
s_connection: verify depth is 1
Handshake duration: 131.38 ms
Execution 15 - TLS Mutual
s_connection: verify depth is 1
Handshake duration: 131.10 ms
Execution 16 - TLS Mutual
s_connection: verify depth is 1
Handshake duration: 130.85 ms
Execution 17 - TLS Mutual
s_connection: verify depth is 1
Handshake duration: 542.07 ms
Execution 18 - TLS Mutual
s_connection: verify depth is 1
Handshake duration: 128.59 ms
Execution 19 - TLS Mutual
s_connection: verify depth is 1
Handshake duration: 1784.63 ms
Execution 20 - TLS Mutual
s_connection: verify depth is 1
Handshake duration: 334.94 ms
Execution 21 - TLS Mutual
s_connection: verify depth is 1
Handshake duration: 131.70 ms
Execution 22 - TLS Mutual
s_connection: verify depth is 1
Handshake duration: 129.44 ms
Execution 23 - TLS Mutual
s_connection: verify depth is 1
Handshake duration: 129.47 ms
Execution 24 - TLS Mutual
s_connection: verify depth is 1
Handshake duration: 129.55 ms
Execution 25 - TLS Mutual
s_connection: verify depth is 1
Handshake duration: 129.66 ms
Execution 26 - TLS Mutual
s_connection: verify depth is 1
Handshake duration: 1811.78 ms
Execution 27 - TLS Mutual
s_connection: verify depth is 1
Handshake duration: 129.25 ms
Execution 28 - TLS Mutual
s_connection: verify depth is 1
Handshake duration: 131.16 ms
Execution 29 - TLS Mutual
s_connection: verify depth is 1
Handshake duration: 328.62 ms
Execution 30 - TLS Mutual
s_connection: verify depth is 1
Handshake duration: 372.44 ms
Execution 31 - TLS Mutual
s_connection: verify depth is 1
Handshake duration: 2009.86 ms
Execution 32 - TLS Mutual
s_connection: verify depth is 1
Handshake duration: 538.84 ms
Execution 33 - TLS Mutual
s_connection: verify depth is 1
Handshake duration: 333.25 ms
Execution 34 - TLS Mutual
s_connection: verify depth is 1
Handshake duration: 129.01 ms
Execution 35 - TLS Mutual
s_connection: verify depth is 1
Handshake duration: 128.67 ms
Execution 36 - TLS Mutual
s_connection: verify depth is 1
Handshake duration: 541.43 ms
Execution 37 - TLS Mutual
s_connection: verify depth is 1
Handshake duration: 129.44 ms
Execution 38 - TLS Mutual
s_connection: verify depth is 1
Handshake duration: 327.23 ms
Execution 39 - TLS Mutual
s_connection: verify depth is 1
Handshake duration: 129.36 ms
Execution 40 - TLS Mutual
s_connection: verify depth is 1
Handshake duration: 129.31 ms
Execution 41 - TLS Mutual
s_connection: verify depth is 1
Handshake duration: 370.07 ms
Execution 42 - TLS Mutual
s_connection: verify depth is 1
Handshake duration: 129.86 ms
Execution 43 - TLS Mutual
s_connection: verify depth is 1
Handshake duration: 128.94 ms
Execution 44 - TLS Mutual
s_connection: verify depth is 1
Handshake duration: 1167.36 ms
Execution 45 - TLS Mutual
s_connection: verify depth is 1
Handshake duration: 977.37 ms
Execution 46 - TLS Mutual
s_connection: verify depth is 1
Handshake duration: 333.96 ms
Execution 47 - TLS Mutual
s_connection: verify depth is 1
Handshake duration: 128.96 ms
Execution 48 - TLS Mutual
s_connection: verify depth is 1
Handshake duration: 136.82 ms
Execution 49 - TLS Mutual
s_connection: verify depth is 1
Handshake duration: 132.12 ms
Execution 50 - TLS Mutual
s_connection: verify depth is 1
Handshake duration: 132.04 ms
Execution 51 - TLS Mutual
s_connection: verify depth is 1
Handshake duration: 353.85 ms
Execution 52 - TLS Mutual
s_connection: verify depth is 1
Handshake duration: 1162.61 ms
Execution 53 - TLS Mutual
s_connection: verify depth is 1
Handshake duration: 128.85 ms
Execution 54 - TLS Mutual
s_connection: verify depth is 1
Handshake duration: 131.85 ms
Execution 55 - TLS Mutual
s_connection: verify depth is 1
Handshake duration: 333.46 ms
Execution 56 - TLS Mutual
s_connection: verify depth is 1
Handshake duration: 133.18 ms
Execution 57 - TLS Mutual
s_connection: verify depth is 1
Handshake duration: 130.03 ms
Execution 58 - TLS Mutual
s_connection: verify depth is 1
Handshake duration: 130.47 ms
Execution 59 - TLS Mutual
s_connection: verify depth is 1
Handshake duration: 129.99 ms
Execution 60 - TLS Mutual
s_connection: verify depth is 1
Handshake duration: 145.43 ms
Execution 61 - TLS Mutual
s_connection: verify depth is 1
Handshake duration: 378.28 ms
Execution 62 - TLS Mutual
s_connection: verify depth is 1
Handshake duration: 317.40 ms
Execution 63 - TLS Mutual
s_connection: verify depth is 1
Handshake duration: 129.50 ms
Execution 64 - TLS Mutual
s_connection: verify depth is 1
Handshake duration: 133.05 ms
Execution 65 - TLS Mutual
s_connection: verify depth is 1
Handshake duration: 1225.65 ms
Execution 66 - TLS Mutual
s_connection: verify depth is 1
Handshake duration: 1378.75 ms
Execution 67 - TLS Mutual
s_connection: verify depth is 1
Handshake duration: 147.50 ms
Execution 68 - TLS Mutual
s_connection: verify depth is 1
Handshake duration: 135.53 ms
Execution 69 - TLS Mutual
s_connection: verify depth is 1
Handshake duration: 132.83 ms
Execution 70 - TLS Mutual
s_connection: verify depth is 1
Handshake duration: 1202.47 ms
Execution 71 - TLS Mutual
s_connection: verify depth is 1
Handshake duration: 134.86 ms
Execution 72 - TLS Mutual
s_connection: verify depth is 1
Handshake duration: 137.01 ms
Execution 73 - TLS Mutual
s_connection: verify depth is 1
Handshake duration: 130.06 ms
Execution 74 - TLS Mutual
s_connection: verify depth is 1
Handshake duration: 1974.91 ms
Execution 75 - TLS Mutual
s_connection: verify depth is 1
Handshake duration: 140.50 ms
Execution 76 - TLS Mutual
s_connection: verify depth is 1
Handshake duration: 131.48 ms
Execution 77 - TLS Mutual
s_connection: verify depth is 1
Handshake duration: 1385.24 ms
Execution 78 - TLS Mutual
s_connection: verify depth is 1
Handshake duration: 1404.80 ms
Execution 79 - TLS Mutual
s_connection: verify depth is 1
Handshake duration: 129.77 ms
Execution 80 - TLS Mutual
s_connection: verify depth is 1
Handshake duration: 334.31 ms
Execution 81 - TLS Mutual
s_connection: verify depth is 1
Handshake duration: 1204.90 ms
Execution 82 - TLS Mutual
s_connection: verify depth is 1
Handshake duration: 136.20 ms
Execution 83 - TLS Mutual
s_connection: verify depth is 1
Handshake duration: 388.21 ms
Execution 84 - TLS Mutual
s_connection: verify depth is 1
Handshake duration: 324.23 ms
Execution 85 - TLS Mutual
s_connection: verify depth is 1
Handshake duration: 132.62 ms
Execution 86 - TLS Mutual
s_connection: verify depth is 1
Handshake duration: 128.15 ms
Execution 87 - TLS Mutual
s_connection: verify depth is 1
Handshake duration: 770.22 ms
Execution 88 - TLS Mutual
s_connection: verify depth is 1
Handshake duration: 374.82 ms
Execution 89 - TLS Mutual
s_connection: verify depth is 1
Handshake duration: 135.02 ms
Execution 90 - TLS Mutual
s_connection: verify depth is 1
Handshake duration: 133.39 ms
Execution 91 - TLS Mutual
s_connection: verify depth is 1
Handshake duration: 1626.31 ms
Execution 92 - TLS Mutual
s_connection: verify depth is 1
Handshake duration: 132.67 ms
Execution 93 - TLS Mutual
s_connection: verify depth is 1
Handshake duration: 571.00 ms
Execution 94 - TLS Mutual
s_connection: verify depth is 1
Handshake duration: 948.06 ms
Execution 95 - TLS Mutual
s_connection: verify depth is 1
Handshake duration: 136.88 ms
Execution 96 - TLS Mutual
s_connection: verify depth is 1
Handshake duration: 131.16 ms
Execution 97 - TLS Mutual
s_connection: verify depth is 1
Handshake duration: 4697.62 ms
Execution 98 - TLS Mutual
s_connection: verify depth is 1
Handshake duration: 1461.41 ms
Execution 99 - TLS Mutual
s_connection: verify depth is 1
Handshake duration: 128.97 ms
Execution 100 - TLS Mutual
s_connection: verify depth is 1
Handshake duration: 331.50 ms
Execution 101 - TLS Mutual
s_connection: verify depth is 1
Handshake duration: 131.67 ms
Execution 102 - TLS Mutual
s_connection: verify depth is 1
Handshake duration: 762.36 ms
Execution 103 - TLS Mutual
s_connection: verify depth is 1
Handshake duration: 1188.51 ms
Execution 104 - TLS Mutual
s_connection: verify depth is 1
Handshake duration: 540.46 ms
Execution 105 - TLS Mutual
s_connection: verify depth is 1
Handshake duration: 132.11 ms
Execution 106 - TLS Mutual
s_connection: verify depth is 1
Handshake duration: 132.72 ms
Execution 107 - TLS Mutual
s_connection: verify depth is 1
Handshake duration: 377.38 ms
Execution 108 - TLS Mutual
s_connection: verify depth is 1
Handshake duration: 1223.68 ms
Execution 109 - TLS Mutual
s_connection: verify depth is 1
Handshake duration: 130.59 ms
Execution 110 - TLS Mutual
s_connection: verify depth is 1
Handshake duration: 13156.47 ms
Execution 111 - TLS Mutual
s_connection: verify depth is 1
Handshake duration: 131.22 ms
Execution 112 - TLS Mutual
s_connection: verify depth is 1
Handshake duration: 130.66 ms
Execution 113 - TLS Mutual
s_connection: verify depth is 1
Handshake duration: 130.26 ms
Execution 114 - TLS Mutual
s_connection: verify depth is 1
Handshake duration: 1161.11 ms
Execution 115 - TLS Mutual
s_connection: verify depth is 1
Handshake duration: 539.59 ms
Execution 116 - TLS Mutual
s_connection: verify depth is 1
Handshake duration: 1175.80 ms
Execution 117 - TLS Mutual
s_connection: verify depth is 1
Handshake duration: 1198.02 ms
Execution 118 - TLS Mutual
s_connection: verify depth is 1
Handshake duration: 136.98 ms
Execution 119 - TLS Mutual
s_connection: verify depth is 1
Handshake duration: 1640.57 ms
Execution 120 - TLS Mutual
s_connection: verify depth is 1
Handshake duration: 137.44 ms
Execution 121 - TLS Mutual
s_connection: verify depth is 1
Handshake duration: 137.86 ms
Execution 122 - TLS Mutual
s_connection: verify depth is 1
Handshake duration: 136.86 ms
Execution 123 - TLS Mutual
s_connection: verify depth is 1
Handshake duration: 544.76 ms
Execution 124 - TLS Mutual
s_connection: verify depth is 1
Handshake duration: 372.67 ms
Execution 125 - TLS Mutual
s_connection: verify depth is 1
Handshake duration: 135.44 ms
