Handshake timeout budget: 150s (identique TLS/QUIC)
Applying netem rules to lo...
Showing qdisc status for the interface: lo
qdisc netem 9c0b: root refcnt 2 limit 1000 seed 8959801894513952546
 Sent 0 bytes 0 pkt (dropped 0, overlimits 0 requeues 0) 
 backlog 0b 0p requeues 0
Running ./perftestClientTlsQuic.sh with SIG_ALG=mldsa65 and KEM_ALG=x448_mlkem768
Execution 1 - TLS Mutual
s_connection: verify depth is 1
Handshake duration: 37.14 ms
Execution 2 - TLS Mutual
s_connection: verify depth is 1
Handshake duration: 33.78 ms
Execution 3 - TLS Mutual
s_connection: verify depth is 1
Handshake duration: 1059.41 ms
Execution 4 - TLS Mutual
s_connection: verify depth is 1
Handshake duration: 1292.05 ms
Execution 5 - TLS Mutual
s_connection: verify depth is 1
Handshake duration: 1314.01 ms
Execution 6 - TLS Mutual
s_connection: verify depth is 1
Handshake duration: 477.32 ms
Execution 7 - TLS Mutual
s_connection: verify depth is 1
Handshake duration: 33.80 ms
Execution 8 - TLS Mutual
s_connection: verify depth is 1
Handshake duration: 33.92 ms
Execution 9 - TLS Mutual
s_connection: verify depth is 1
Handshake duration: 33.72 ms
Execution 10 - TLS Mutual
s_connection: verify depth is 1
Handshake duration: 1070.07 ms
Execution 11 - TLS Mutual
s_connection: verify depth is 1
Handshake duration: 1096.67 ms
Execution 12 - TLS Mutual
s_connection: verify depth is 1
Handshake duration: 34.19 ms
Execution 13 - TLS Mutual
s_connection: verify depth is 1
Handshake duration: 33.17 ms
Execution 14 - TLS Mutual
s_connection: verify depth is 1
Handshake duration: 34.72 ms
Execution 15 - TLS Mutual
s_connection: verify depth is 1
Handshake duration: 33.81 ms
Execution 16 - TLS Mutual
s_connection: verify depth is 1
Handshake duration: 33.73 ms
Execution 17 - TLS Mutual
s_connection: verify depth is 1
Handshake duration: 33.53 ms
Execution 18 - TLS Mutual
s_connection: verify depth is 1
Handshake duration: 35.32 ms
Execution 19 - TLS Mutual
s_connection: verify depth is 1
Handshake duration: 1500.35 ms
Execution 20 - TLS Mutual
s_connection: verify depth is 1
Handshake duration: 1074.62 ms
Execution 21 - TLS Mutual
s_connection: verify depth is 1
Handshake duration: 36.02 ms
Execution 22 - TLS Mutual
s_connection: verify depth is 1
Handshake duration: 35.83 ms
Execution 23 - TLS Mutual
s_connection: verify depth is 1
Handshake duration: 658.25 ms
Execution 24 - TLS Mutual
s_connection: verify depth is 1
Handshake duration: 1082.27 ms
Execution 25 - TLS Mutual
s_connection: verify depth is 1
Handshake duration: 35.77 ms
Execution 26 - TLS Mutual
s_connection: verify depth is 1
Handshake duration: 34.99 ms
Execution 27 - TLS Mutual
s_connection: verify depth is 1
Handshake duration: 33.71 ms
Execution 28 - TLS Mutual
s_connection: verify depth is 1
Handshake duration: 34.08 ms
Execution 29 - TLS Mutual
s_connection: verify depth is 1
Handshake duration: 33.85 ms
Execution 30 - TLS Mutual
s_connection: verify depth is 1
Handshake duration: 33.64 ms
Execution 31 - TLS Mutual
s_connection: verify depth is 1
Handshake duration: 34.44 ms
Execution 32 - TLS Mutual
s_connection: verify depth is 1
Handshake duration: 33.93 ms
Execution 33 - TLS Mutual
s_connection: verify depth is 1
Handshake duration: 34.12 ms
Execution 34 - TLS Mutual
s_connection: verify depth is 1
Handshake duration: 2126.55 ms
Execution 35 - TLS Mutual
s_connection: verify depth is 1
Handshake duration: 1075.30 ms
Execution 36 - TLS Mutual
s_connection: verify depth is 1
Handshake duration: 1542.13 ms
Execution 37 - TLS Mutual
s_connection: verify depth is 1
Handshake duration: 269.27 ms
Execution 38 - TLS Mutual
s_connection: verify depth is 1
Handshake duration: 34.83 ms
Execution 39 - TLS Mutual
s_connection: verify depth is 1
Handshake duration: 36.62 ms
Execution 40 - TLS Mutual
s_connection: verify depth is 1
Handshake duration: 36.15 ms
Execution 41 - TLS Mutual
s_connection: verify depth is 1
Handshake duration: 34.41 ms
Execution 42 - TLS Mutual
s_connection: verify depth is 1
Handshake duration: 1322.65 ms
Execution 43 - TLS Mutual
s_connection: verify depth is 1
Handshake duration: 35.65 ms
Execution 44 - TLS Mutual
s_connection: verify depth is 1
Handshake duration: 34.61 ms
Execution 45 - TLS Mutual
s_connection: verify depth is 1
Handshake duration: 37.78 ms
Execution 46 - TLS Mutual
s_connection: verify depth is 1
Handshake duration: 5627.59 ms
Execution 47 - TLS Mutual
s_connection: verify depth is 1
Handshake duration: 35.30 ms
Execution 48 - TLS Mutual
s_connection: verify depth is 1
Handshake duration: 33.40 ms
Execution 49 - TLS Mutual
s_connection: verify depth is 1
Handshake duration: 1068.86 ms
Execution 50 - TLS Mutual
s_connection: verify depth is 1
Handshake duration: 35.54 ms
Execution 51 - TLS Mutual
s_connection: verify depth is 1
Handshake duration: 34.55 ms
Execution 52 - TLS Mutual
s_connection: verify depth is 1
Handshake duration: 33.66 ms
Execution 53 - TLS Mutual
s_connection: verify depth is 1
Handshake duration: 274.87 ms
Execution 54 - TLS Mutual
s_connection: verify depth is 1
Handshake duration: 36.62 ms
Execution 55 - TLS Mutual
s_connection: verify depth is 1
Handshake duration: 34.80 ms
Execution 56 - TLS Mutual
s_connection: verify depth is 1
Handshake duration: 1252.65 ms
Execution 57 - TLS Mutual
s_connection: verify depth is 1
Handshake duration: 36.17 ms
Execution 58 - TLS Mutual
s_connection: verify depth is 1
Handshake duration: 1080.52 ms
Execution 59 - TLS Mutual
s_connection: verify depth is 1
Handshake duration: 36.31 ms
Execution 60 - TLS Mutual
s_connection: verify depth is 1
Handshake duration: 34.44 ms
Execution 61 - TLS Mutual
s_connection: verify depth is 1
Handshake duration: 33.10 ms
Execution 62 - TLS Mutual
s_connection: verify depth is 1
Handshake duration: 34.39 ms
Execution 63 - TLS Mutual
s_connection: verify depth is 1
Handshake duration: 33.93 ms
Execution 64 - TLS Mutual
s_connection: verify depth is 1
Handshake duration: 34.18 ms
Execution 65 - TLS Mutual
s_connection: verify depth is 1
Handshake duration: 33.34 ms
Execution 66 - TLS Mutual
s_connection: verify depth is 1
Handshake duration: 35.31 ms
Execution 67 - TLS Mutual
s_connection: verify depth is 1
Handshake duration: 33.46 ms
Execution 68 - TLS Mutual
s_connection: verify depth is 1
Handshake duration: 34.59 ms
Execution 69 - TLS Mutual
s_connection: verify depth is 1
Handshake duration: 274.44 ms
Execution 70 - TLS Mutual
s_connection: verify depth is 1
Handshake duration: 35.68 ms
Execution 71 - TLS Mutual
s_connection: verify depth is 1
Handshake duration: 273.56 ms
Execution 72 - TLS Mutual
s_connection: verify depth is 1
Handshake duration: 35.91 ms
Execution 73 - TLS Mutual
s_connection: verify depth is 1
Handshake duration: 34.72 ms
Execution 74 - TLS Mutual
s_connection: verify depth is 1
Handshake duration: 35.32 ms
Execution 75 - TLS Mutual
s_connection: verify depth is 1
Handshake duration: 34.58 ms
Execution 76 - TLS Mutual
s_connection: verify depth is 1
Handshake duration: 34.78 ms
Execution 77 - TLS Mutual
s_connection: verify depth is 1
Handshake duration: 1109.16 ms
Execution 78 - TLS Mutual
s_connection: verify depth is 1
Handshake duration: 35.79 ms
Execution 79 - TLS Mutual
s_connection: verify depth is 1
Handshake duration: 1083.09 ms
Execution 80 - TLS Mutual
s_connection: verify depth is 1
Handshake duration: 655.08 ms
Execution 81 - TLS Mutual
s_connection: verify depth is 1
Handshake duration: 36.37 ms
Execution 82 - TLS Mutual
s_connection: verify depth is 1
Handshake duration: 34.62 ms
Execution 83 - TLS Mutual
s_connection: verify depth is 1
Handshake duration: 1082.26 ms
Execution 84 - TLS Mutual
s_connection: verify depth is 1
Handshake duration: 35.72 ms
Execution 85 - TLS Mutual
s_connection: verify depth is 1
Handshake duration: 1084.77 ms
Execution 86 - TLS Mutual
s_connection: verify depth is 1
Handshake duration: 457.72 ms
Execution 87 - TLS Mutual
s_connection: verify depth is 1
Handshake duration: 3128.56 ms
Execution 88 - TLS Mutual
s_connection: verify depth is 1
Handshake duration: 480.74 ms
Execution 89 - TLS Mutual
s_connection: verify depth is 1
Handshake duration: 34.78 ms
Execution 90 - TLS Mutual
s_connection: verify depth is 1
Handshake duration: 34.08 ms
Execution 91 - TLS Mutual
s_connection: verify depth is 1
Handshake duration: 274.90 ms
Execution 92 - TLS Mutual
s_connection: verify depth is 1
Handshake duration: 34.94 ms
Execution 93 - TLS Mutual
s_connection: verify depth is 1
Handshake duration: 35.00 ms
Execution 94 - TLS Mutual
s_connection: verify depth is 1
Handshake duration: 34.95 ms
Execution 95 - TLS Mutual
s_connection: verify depth is 1
Handshake duration: 33.38 ms
Execution 96 - TLS Mutual
s_connection: verify depth is 1
Handshake duration: 1295.14 ms
Execution 97 - TLS Mutual
s_connection: verify depth is 1
Handshake duration: 1049.90 ms
Execution 98 - TLS Mutual
s_connection: verify depth is 1
Handshake duration: 35.95 ms
Execution 99 - TLS Mutual
s_connection: verify depth is 1
Handshake duration: 34.00 ms
Execution 100 - TLS Mutual
s_connection: verify depth is 1
Handshake duration: 1124.77 ms
Execution 101 - TLS Mutual
s_connection: verify depth is 1
Handshake duration: 36.24 ms
Execution 102 - TLS Mutual
s_connection: verify depth is 1
Handshake duration: 280.24 ms
Execution 103 - TLS Mutual
s_connection: verify depth is 1
Handshake duration: 1102.89 ms
Execution 104 - TLS Mutual
s_connection: verify depth is 1
Handshake duration: 892.08 ms
Execution 105 - TLS Mutual
s_connection: verify depth is 1
Handshake duration: 35.13 ms
Execution 106 - TLS Mutual
s_connection: verify depth is 1
Handshake duration: 280.55 ms
Execution 107 - TLS Mutual
s_connection: verify depth is 1
Handshake duration: 1049.40 ms
Execution 108 - TLS Mutual
s_connection: verify depth is 1
Handshake duration: 659.03 ms
Execution 109 - TLS Mutual
s_connection: verify depth is 1
Handshake duration: 35.12 ms
Execution 110 - TLS Mutual
s_connection: verify depth is 1
Handshake duration: 34.03 ms
Execution 111 - TLS Mutual
s_connection: verify depth is 1
Handshake duration: 33.55 ms
Execution 112 - TLS Mutual
s_connection: verify depth is 1
Handshake duration: 37.12 ms
Execution 113 - TLS Mutual
s_connection: verify depth is 1
Handshake duration: 36.86 ms
Execution 114 - TLS Mutual
s_connection: verify depth is 1
Handshake duration: 3374.03 ms
Execution 115 - TLS Mutual
s_connection: verify depth is 1
Handshake duration: 36.03 ms
Execution 116 - TLS Mutual
s_connection: verify depth is 1
Handshake duration: 34.25 ms
Execution 117 - TLS Mutual
s_connection: verify depth is 1
Handshake duration: 35.24 ms
Execution 118 - TLS Mutual
s_connection: verify depth is 1
Handshake duration: 35.60 ms
Execution 119 - TLS Mutual
s_connection: verify depth is 1
Handshake duration: 34.34 ms
Execution 120 - TLS Mutual
s_connection: verify depth is 1
Handshake duration: 33.39 ms
Execution 121 - TLS Mutual
s_connection: verify depth is 1
Handshake duration: 34.21 ms
Execution 122 - TLS Mutual
s_connection: verify depth is 1
Handshake duration: 34.24 ms
Execution 123 - TLS Mutual
s_connection: verify depth is 1
Handshake duration: 1082.81 ms
Execution 124 - TLS Mutual
s_connection: verify depth is 1
Handshake duration: 1073.61 ms
Execution 125 - TLS Mutual
s_connection: verify depth is 1
Handshake duration: 1075.38 ms
