Handshake timeout budget: 150s (identique TLS/QUIC)
Applying netem rules to lo...
Showing qdisc status for the interface: lo
qdisc netem 9374: root refcnt 2 limit 1000 seed 18049486724153111367
 Sent 0 bytes 0 pkt (dropped 0, overlimits 0 requeues 0) 
 backlog 0b 0p requeues 0
Running ./perftestClientTlsQuic.sh with SIG_ALG=mldsa44 and KEM_ALG=hqc128
Execution 1 - TLS Mutual
s_connection: verify depth is 1
Handshake duration: 37.74 ms
Execution 2 - TLS Mutual
s_connection: verify depth is 1
Handshake duration: 40.46 ms
Execution 3 - TLS Mutual
s_connection: verify depth is 1
Handshake duration: 35.53 ms
Execution 4 - TLS Mutual
s_connection: verify depth is 1
Handshake duration: 36.90 ms
Execution 5 - TLS Mutual
s_connection: verify depth is 1
Handshake duration: 1073.53 ms
Execution 6 - TLS Mutual
s_connection: verify depth is 1
Handshake duration: 35.89 ms
Execution 7 - TLS Mutual
s_connection: verify depth is 1
Handshake duration: 35.17 ms
Execution 8 - TLS Mutual
s_connection: verify depth is 1
Handshake duration: 265.43 ms
Execution 9 - TLS Mutual
s_connection: verify depth is 1
Handshake duration: 35.81 ms
Execution 10 - TLS Mutual
s_connection: verify depth is 1
Handshake duration: 35.09 ms
Execution 11 - TLS Mutual
s_connection: verify depth is 1
Handshake duration: 35.06 ms
Execution 12 - TLS Mutual
s_connection: verify depth is 1
Handshake duration: 35.70 ms
Execution 13 - TLS Mutual
s_connection: verify depth is 1
Handshake duration: 35.23 ms
Execution 14 - TLS Mutual
s_connection: verify depth is 1
Handshake duration: 35.23 ms
Execution 15 - TLS Mutual
s_connection: verify depth is 1
Handshake duration: 35.40 ms
Execution 16 - TLS Mutual
s_connection: verify depth is 1
Handshake duration: 35.21 ms
Execution 17 - TLS Mutual
s_connection: verify depth is 1
Handshake duration: 35.15 ms
Execution 18 - TLS Mutual
s_connection: verify depth is 1
Handshake duration: 35.00 ms
Execution 19 - TLS Mutual
s_connection: verify depth is 1
Handshake duration: 1293.93 ms
Execution 20 - TLS Mutual
s_connection: verify depth is 1
Handshake duration: 37.25 ms
Execution 21 - TLS Mutual
s_connection: verify depth is 1
Handshake duration: 1296.95 ms
Execution 22 - TLS Mutual
s_connection: verify depth is 1
Handshake duration: 2112.11 ms
Execution 23 - TLS Mutual
s_connection: verify depth is 1
Handshake duration: 37.83 ms
Execution 24 - TLS Mutual
s_connection: verify depth is 1
Handshake duration: 2741.21 ms
Execution 25 - TLS Mutual
s_connection: verify depth is 1
Handshake duration: 37.64 ms
Execution 26 - TLS Mutual
s_connection: verify depth is 1
Handshake duration: 273.27 ms
Execution 27 - TLS Mutual
s_connection: verify depth is 1
Handshake duration: 37.14 ms
Execution 28 - TLS Mutual
s_connection: verify depth is 1
Handshake duration: 35.68 ms
Execution 29 - TLS Mutual
s_connection: verify depth is 1
Handshake duration: 1105.08 ms
Execution 30 - TLS Mutual
s_connection: verify depth is 1
Handshake duration: 38.45 ms
Execution 31 - TLS Mutual
s_connection: verify depth is 1
Handshake duration: 35.83 ms
Execution 32 - TLS Mutual
s_connection: verify depth is 1
Handshake duration: 36.00 ms
Execution 33 - TLS Mutual
s_connection: verify depth is 1
Handshake duration: 2493.17 ms
Execution 34 - TLS Mutual
s_connection: verify depth is 1
Handshake duration: 38.56 ms
Execution 35 - TLS Mutual
s_connection: verify depth is 1
Handshake duration: 35.91 ms
Execution 36 - TLS Mutual
s_connection: verify depth is 1
Handshake duration: 35.40 ms
Execution 37 - TLS Mutual
s_connection: verify depth is 1
Handshake duration: 35.59 ms
Execution 38 - TLS Mutual
s_connection: verify depth is 1
Handshake duration: 1460.57 ms
Execution 39 - TLS Mutual
s_connection: verify depth is 1
Handshake duration: 1109.43 ms
Execution 40 - TLS Mutual
s_connection: verify depth is 1
Handshake duration: 37.72 ms
Execution 41 - TLS Mutual
s_connection: verify depth is 1
Handshake duration: 39.53 ms
Execution 42 - TLS Mutual
s_connection: verify depth is 1
Handshake duration: 35.95 ms
Execution 43 - TLS Mutual
s_connection: verify depth is 1
Handshake duration: 37.51 ms
Execution 44 - TLS Mutual
s_connection: verify depth is 1
Handshake duration: 35.52 ms
Execution 45 - TLS Mutual
s_connection: verify depth is 1
Handshake duration: 489.49 ms
Execution 46 - TLS Mutual
s_connection: verify depth is 1
Handshake duration: 36.54 ms
Execution 47 - TLS Mutual
s_connection: verify depth is 1
Handshake duration: 36.02 ms
Execution 48 - TLS Mutual
s_connection: verify depth is 1
Handshake duration: 268.83 ms
Execution 49 - TLS Mutual
s_connection: verify depth is 1
Handshake duration: 37.90 ms
Execution 50 - TLS Mutual
s_connection: verify depth is 1
Handshake duration: 1060.61 ms
Execution 51 - TLS Mutual
s_connection: verify depth is 1
Handshake duration: 37.62 ms
Execution 52 - TLS Mutual
s_connection: verify depth is 1
Handshake duration: 35.35 ms
Execution 53 - TLS Mutual
s_connection: verify depth is 1
Handshake duration: 264.59 ms
Execution 54 - TLS Mutual
s_connection: verify depth is 1
Handshake duration: 38.37 ms
Execution 55 - TLS Mutual
s_connection: verify depth is 1
Handshake duration: 37.37 ms
Execution 56 - TLS Mutual
s_connection: verify depth is 1
Handshake duration: 35.21 ms
Execution 57 - TLS Mutual
s_connection: verify depth is 1
Handshake duration: 1054.42 ms
Execution 58 - TLS Mutual
s_connection: verify depth is 1
Handshake duration: 1301.96 ms
Execution 59 - TLS Mutual
s_connection: verify depth is 1
Handshake duration: 3101.15 ms
Execution 60 - TLS Mutual
s_connection: verify depth is 1
Handshake duration: 41.44 ms
Execution 61 - TLS Mutual
s_connection: verify depth is 1
Handshake duration: 35.66 ms
Execution 62 - TLS Mutual
s_connection: verify depth is 1
Handshake duration: 274.00 ms
Execution 63 - TLS Mutual
s_connection: verify depth is 1
Handshake duration: 37.90 ms
Execution 64 - TLS Mutual
s_connection: verify depth is 1
Handshake duration: 36.02 ms
Execution 65 - TLS Mutual
s_connection: verify depth is 1
Handshake duration: 35.03 ms
Execution 66 - TLS Mutual
s_connection: verify depth is 1
Handshake duration: 1063.90 ms
Execution 67 - TLS Mutual
s_connection: verify depth is 1
Handshake duration: 36.08 ms
Execution 68 - TLS Mutual
s_connection: verify depth is 1
Handshake duration: 35.05 ms
Execution 69 - TLS Mutual
s_connection: verify depth is 1
Handshake duration: 35.19 ms
Execution 70 - TLS Mutual
s_connection: verify depth is 1
Handshake duration: 272.88 ms
Execution 71 - TLS Mutual
s_connection: verify depth is 1
Handshake duration: 37.77 ms
Execution 72 - TLS Mutual
s_connection: verify depth is 1
Handshake duration: 36.89 ms
Execution 73 - TLS Mutual
s_connection: verify depth is 1
Handshake duration: 37.32 ms
Execution 74 - TLS Mutual
s_connection: verify depth is 1
Handshake duration: 36.81 ms
Execution 75 - TLS Mutual
s_connection: verify depth is 1
Handshake duration: 35.54 ms
Execution 76 - TLS Mutual
s_connection: verify depth is 1
Handshake duration: 35.10 ms
Execution 77 - TLS Mutual
s_connection: verify depth is 1
Handshake duration: 35.06 ms
Execution 78 - TLS Mutual
s_connection: verify depth is 1
Handshake duration: 35.27 ms
Execution 79 - TLS Mutual
s_connection: verify depth is 1
Handshake duration: 36.06 ms
Execution 80 - TLS Mutual
s_connection: verify depth is 1
Handshake duration: 35.48 ms
Execution 81 - TLS Mutual
s_connection: verify depth is 1
Handshake duration: 38.85 ms
Execution 82 - TLS Mutual
s_connection: verify depth is 1
Handshake duration: 1303.31 ms
Execution 83 - TLS Mutual
s_connection: verify depth is 1
Handshake duration: 37.28 ms
Execution 84 - TLS Mutual
s_connection: verify depth is 1
Handshake duration: 35.29 ms
Execution 85 - TLS Mutual
s_connection: verify depth is 1
Handshake duration: 35.65 ms
Execution 86 - TLS Mutual
s_connection: verify depth is 1
Handshake duration: 1093.02 ms
Execution 87 - TLS Mutual
s_connection: verify depth is 1
Handshake duration: 38.27 ms
Execution 88 - TLS Mutual
s_connection: verify depth is 1
Handshake duration: 272.07 ms
Execution 89 - TLS Mutual
s_connection: verify depth is 1
Handshake duration: 273.29 ms
Execution 90 - TLS Mutual
s_connection: verify depth is 1
Handshake duration: 36.41 ms
Execution 91 - TLS Mutual
s_connection: verify depth is 1
Handshake duration: 1116.88 ms
Execution 92 - TLS Mutual
s_connection: verify depth is 1
Handshake duration: 38.00 ms
Execution 93 - TLS Mutual
s_connection: verify depth is 1
Handshake duration: 1077.07 ms
Execution 94 - TLS Mutual
s_connection: verify depth is 1
Handshake duration: 38.18 ms
Execution 95 - TLS Mutual
s_connection: verify depth is 1
Handshake duration: 36.35 ms
Execution 96 - TLS Mutual
s_connection: verify depth is 1
Handshake duration: 35.10 ms
Execution 97 - TLS Mutual
s_connection: verify depth is 1
Handshake duration: 35.11 ms
Execution 98 - TLS Mutual
s_connection: verify depth is 1
Handshake duration: 273.14 ms
Execution 99 - TLS Mutual
s_connection: verify depth is 1
Handshake duration: 1062.33 ms
Execution 100 - TLS Mutual
s_connection: verify depth is 1
Handshake duration: 35.95 ms
Execution 101 - TLS Mutual
s_connection: verify depth is 1
Handshake duration: 2927.30 ms
Execution 102 - TLS Mutual
s_connection: verify depth is 1
Handshake duration: 2330.62 ms
Execution 103 - TLS Mutual
s_connection: verify depth is 1
Handshake duration: 1109.98 ms
Execution 104 - TLS Mutual
s_connection: verify depth is 1
Handshake duration: 1071.15 ms
Execution 105 - TLS Mutual
s_connection: verify depth is 1
Handshake duration: 37.13 ms
Execution 106 - TLS Mutual
s_connection: verify depth is 1
Handshake duration: 35.54 ms
Execution 107 - TLS Mutual
s_connection: verify depth is 1
Handshake duration: 35.29 ms
Execution 108 - TLS Mutual
s_connection: verify depth is 1
Handshake duration: 34.99 ms
Execution 109 - TLS Mutual
s_connection: verify depth is 1
Handshake duration: 244.34 ms
Execution 110 - TLS Mutual
s_connection: verify depth is 1
Handshake duration: 37.19 ms
Execution 111 - TLS Mutual
s_connection: verify depth is 1
Handshake duration: 35.90 ms
Execution 112 - TLS Mutual
s_connection: verify depth is 1
Handshake duration: 35.19 ms
Execution 113 - TLS Mutual
s_connection: verify depth is 1
Handshake duration: 36.10 ms
Execution 114 - TLS Mutual
s_connection: verify depth is 1
Handshake duration: 40.57 ms
Execution 115 - TLS Mutual
s_connection: verify depth is 1
Handshake duration: 35.84 ms
Execution 116 - TLS Mutual
s_connection: verify depth is 1
Handshake duration: 1681.35 ms
Execution 117 - TLS Mutual
s_connection: verify depth is 1
Handshake duration: 38.70 ms
Execution 118 - TLS Mutual
s_connection: verify depth is 1
Handshake duration: 1090.98 ms
Execution 119 - TLS Mutual
s_connection: verify depth is 1
Handshake duration: 1075.96 ms
Execution 120 - TLS Mutual
s_connection: verify depth is 1
Handshake duration: 39.20 ms
Execution 121 - TLS Mutual
s_connection: verify depth is 1
Handshake duration: 1490.74 ms
Execution 122 - TLS Mutual
s_connection: verify depth is 1
Handshake duration: 282.36 ms
Execution 123 - TLS Mutual
s_connection: verify depth is 1
Handshake duration: 36.42 ms
Execution 124 - TLS Mutual
s_connection: verify depth is 1
Handshake duration: 1342.86 ms
Execution 125 - TLS Mutual
s_connection: verify depth is 1
Handshake duration: 38.18 ms
