Handshake timeout budget: 150s (identique TLS/QUIC)
Applying netem rules to lo...
Showing qdisc status for the interface: lo
qdisc netem 884f: root refcnt 2 limit 1000 seed 9576553254164333882
 Sent 0 bytes 0 pkt (dropped 0, overlimits 0 requeues 0) 
 backlog 0b 0p requeues 0
Running ./perftestClientTlsQuic.sh with SIG_ALG=secp384r1 and KEM_ALG=p384_mlkem768
Execution 1 - TLS Mutual
s_connection: verify depth is 1
Handshake duration: 15.36 ms
Execution 2 - TLS Mutual
s_connection: verify depth is 1
Handshake duration: 13.87 ms
Execution 3 - TLS Mutual
s_connection: verify depth is 1
Handshake duration: 13.56 ms
Execution 4 - TLS Mutual
s_connection: verify depth is 1
Handshake duration: 17.71 ms
Execution 5 - TLS Mutual
s_connection: verify depth is 1
Handshake duration: 14.56 ms
Execution 6 - TLS Mutual
s_connection: verify depth is 1
Handshake duration: 14.64 ms
Execution 7 - TLS Mutual
s_connection: verify depth is 1
Handshake duration: 14.09 ms
Execution 8 - TLS Mutual
s_connection: verify depth is 1
Handshake duration: 14.82 ms
Execution 9 - TLS Mutual
s_connection: verify depth is 1
Handshake duration: 13.72 ms
Execution 10 - TLS Mutual
s_connection: verify depth is 1
Handshake duration: 13.50 ms
Execution 11 - TLS Mutual
s_connection: verify depth is 1
Handshake duration: 13.46 ms
Execution 12 - TLS Mutual
s_connection: verify depth is 1
Handshake duration: 13.94 ms
Execution 13 - TLS Mutual
s_connection: verify depth is 1
Handshake duration: 3127.50 ms
Execution 14 - TLS Mutual
s_connection: verify depth is 1
Handshake duration: 1062.15 ms
Execution 15 - TLS Mutual
s_connection: verify depth is 1
Handshake duration: 1047.08 ms
Execution 16 - TLS Mutual
s_connection: verify depth is 1
Handshake duration: 15.26 ms
Execution 17 - TLS Mutual
s_connection: verify depth is 1
Handshake duration: 245.31 ms
Execution 18 - TLS Mutual
s_connection: verify depth is 1
Handshake duration: 14.79 ms
Execution 19 - TLS Mutual
s_connection: verify depth is 1
Handshake duration: 651.34 ms
Execution 20 - TLS Mutual
s_connection: verify depth is 1
Handshake duration: 1483.39 ms
Execution 21 - TLS Mutual
s_connection: verify depth is 1
Handshake duration: 14.75 ms
Execution 22 - TLS Mutual
s_connection: verify depth is 1
Handshake duration: 634.38 ms
Execution 23 - TLS Mutual
s_connection: verify depth is 1
Handshake duration: 1047.71 ms
Execution 24 - TLS Mutual
s_connection: verify depth is 1
Handshake duration: 19.78 ms
Execution 25 - TLS Mutual
s_connection: verify depth is 1
Handshake duration: 14.50 ms
Execution 26 - TLS Mutual
s_connection: verify depth is 1
Handshake duration: 2509.67 ms
Execution 27 - TLS Mutual
s_connection: verify depth is 1
Handshake duration: 15.84 ms
Execution 28 - TLS Mutual
s_connection: verify depth is 1
Handshake duration: 1085.35 ms
Execution 29 - TLS Mutual
s_connection: verify depth is 1
Handshake duration: 15.39 ms
Execution 30 - TLS Mutual
s_connection: verify depth is 1
Handshake duration: 14.72 ms
Execution 31 - TLS Mutual
s_connection: verify depth is 1
Handshake duration: 13.81 ms
Execution 32 - TLS Mutual
s_connection: verify depth is 1
Handshake duration: 13.82 ms
Execution 33 - TLS Mutual
s_connection: verify depth is 1
Handshake duration: 13.43 ms
Execution 34 - TLS Mutual
s_connection: verify depth is 1
Handshake duration: 1074.64 ms
Execution 35 - TLS Mutual
s_connection: verify depth is 1
Handshake duration: 1273.58 ms
Execution 36 - TLS Mutual
s_connection: verify depth is 1
Handshake duration: 16.09 ms
Execution 37 - TLS Mutual
s_connection: verify depth is 1
Handshake duration: 1035.61 ms
Execution 38 - TLS Mutual
s_connection: verify depth is 1
Handshake duration: 15.22 ms
Execution 39 - TLS Mutual
s_connection: verify depth is 1
Handshake duration: 14.51 ms
Execution 40 - TLS Mutual
s_connection: verify depth is 1
Handshake duration: 14.46 ms
Execution 41 - TLS Mutual
s_connection: verify depth is 1
Handshake duration: 14.28 ms
Execution 42 - TLS Mutual
s_connection: verify depth is 1
Handshake duration: 15.21 ms
Execution 43 - TLS Mutual
s_connection: verify depth is 1
Handshake duration: 1262.59 ms
Execution 44 - TLS Mutual
s_connection: verify depth is 1
Handshake duration: 14.42 ms
Execution 45 - TLS Mutual
s_connection: verify depth is 1
Handshake duration: 1044.99 ms
Execution 46 - TLS Mutual
s_connection: verify depth is 1
Handshake duration: 16.58 ms
Execution 47 - TLS Mutual
s_connection: verify depth is 1
Handshake duration: 14.81 ms
Execution 48 - TLS Mutual
s_connection: verify depth is 1
Handshake duration: 14.75 ms
Execution 49 - TLS Mutual
s_connection: verify depth is 1
Handshake duration: 14.49 ms
Execution 50 - TLS Mutual
s_connection: verify depth is 1
Handshake duration: 1250.47 ms
Execution 51 - TLS Mutual
s_connection: verify depth is 1
Handshake duration: 14.87 ms
Execution 52 - TLS Mutual
s_connection: verify depth is 1
Handshake duration: 15.63 ms
Execution 53 - TLS Mutual
s_connection: verify depth is 1
Handshake duration: 13.71 ms
Execution 54 - TLS Mutual
s_connection: verify depth is 1
Handshake duration: 14.13 ms
Execution 55 - TLS Mutual
s_connection: verify depth is 1
Handshake duration: 13.23 ms
Execution 56 - TLS Mutual
s_connection: verify depth is 1
Handshake duration: 14.37 ms
Execution 57 - TLS Mutual
s_connection: verify depth is 1
Handshake duration: 13.58 ms
Execution 58 - TLS Mutual
s_connection: verify depth is 1
Handshake duration: 14.22 ms
Execution 59 - TLS Mutual
s_connection: verify depth is 1
Handshake duration: 18.71 ms
Execution 60 - TLS Mutual
s_connection: verify depth is 1
Handshake duration: 13.55 ms
Execution 61 - TLS Mutual
s_connection: verify depth is 1
Handshake duration: 13.35 ms
Execution 62 - TLS Mutual
s_connection: verify depth is 1
Handshake duration: 14.16 ms
Execution 63 - TLS Mutual
s_connection: verify depth is 1
Handshake duration: 13.79 ms
Execution 64 - TLS Mutual
s_connection: verify depth is 1
Handshake duration: 13.69 ms
Execution 65 - TLS Mutual
s_connection: verify depth is 1
Handshake duration: 1071.40 ms
Execution 66 - TLS Mutual
s_connection: verify depth is 1
Handshake duration: 19.34 ms
Execution 67 - TLS Mutual
s_connection: verify depth is 1
Handshake duration: 242.05 ms
Execution 68 - TLS Mutual
s_connection: verify depth is 1
Handshake duration: 15.61 ms
Execution 69 - TLS Mutual
s_connection: verify depth is 1
Handshake duration: 15.12 ms
Execution 70 - TLS Mutual
s_connection: verify depth is 1
Handshake duration: 1036.08 ms
Execution 71 - TLS Mutual
s_connection: verify depth is 1
Handshake duration: 21.11 ms
Execution 72 - TLS Mutual
s_connection: verify depth is 1
Handshake duration: 20.94 ms
Execution 73 - TLS Mutual
s_connection: verify depth is 1
Handshake duration: 13.63 ms
Execution 74 - TLS Mutual
s_connection: verify depth is 1
Handshake duration: 13.53 ms
Execution 75 - TLS Mutual
s_connection: verify depth is 1
Handshake duration: 13.63 ms
Execution 76 - TLS Mutual
s_connection: verify depth is 1
Handshake duration: 14.15 ms
Execution 77 - TLS Mutual
s_connection: verify depth is 1
Handshake duration: 13.47 ms
Execution 78 - TLS Mutual
s_connection: verify depth is 1
Handshake duration: 1467.69 ms
Execution 79 - TLS Mutual
s_connection: verify depth is 1
Handshake duration: 26.60 ms
Execution 80 - TLS Mutual
s_connection: verify depth is 1
Handshake duration: 241.14 ms
Execution 81 - TLS Mutual
s_connection: verify depth is 1
Handshake duration: 1077.71 ms
Execution 82 - TLS Mutual
s_connection: verify depth is 1
Handshake duration: 20.07 ms
Execution 83 - TLS Mutual
s_connection: verify depth is 1
Handshake duration: 14.76 ms
Execution 84 - TLS Mutual
s_connection: verify depth is 1
Handshake duration: 1295.96 ms
Execution 85 - TLS Mutual
s_connection: verify depth is 1
Handshake duration: 655.08 ms
Execution 86 - TLS Mutual
s_connection: verify depth is 1
Handshake duration: 1277.67 ms
Execution 87 - TLS Mutual
s_connection: verify depth is 1
Handshake duration: 15.56 ms
Execution 88 - TLS Mutual
s_connection: verify depth is 1
Handshake duration: 14.47 ms
Execution 89 - TLS Mutual
s_connection: verify depth is 1
Handshake duration: 19.24 ms
Execution 90 - TLS Mutual
s_connection: verify depth is 1
Handshake duration: 14.11 ms
Execution 91 - TLS Mutual
s_connection: verify depth is 1
Handshake duration: 1277.62 ms
Execution 92 - TLS Mutual
s_connection: verify depth is 1
Handshake duration: 229.19 ms
Execution 93 - TLS Mutual
s_connection: verify depth is 1
Handshake duration: 16.50 ms
Execution 94 - TLS Mutual
s_connection: verify depth is 1
Handshake duration: 14.70 ms
Execution 95 - TLS Mutual
s_connection: verify depth is 1
Handshake duration: 15.71 ms
Execution 96 - TLS Mutual
s_connection: verify depth is 1
Handshake duration: 1056.83 ms
Execution 97 - TLS Mutual
s_connection: verify depth is 1
Handshake duration: 15.39 ms
Execution 98 - TLS Mutual
s_connection: verify depth is 1
Handshake duration: 14.55 ms
Execution 99 - TLS Mutual
s_connection: verify depth is 1
Handshake duration: 21.59 ms
Execution 100 - TLS Mutual
s_connection: verify depth is 1
Handshake duration: 1069.24 ms
Execution 101 - TLS Mutual
s_connection: verify depth is 1
Handshake duration: 14.57 ms
Execution 102 - TLS Mutual
s_connection: verify depth is 1
Handshake duration: 14.35 ms
Execution 103 - TLS Mutual
s_connection: verify depth is 1
Handshake duration: 14.39 ms
Execution 104 - TLS Mutual
s_connection: verify depth is 1
Handshake duration: 2073.35 ms
Execution 105 - TLS Mutual
s_connection: verify depth is 1
Handshake duration: 15.11 ms
Execution 106 - TLS Mutual
s_connection: verify depth is 1
Handshake duration: 14.41 ms
Execution 107 - TLS Mutual
s_connection: verify depth is 1
Handshake duration: 1068.83 ms
Execution 108 - TLS Mutual
s_connection: verify depth is 1
Handshake duration: 1071.15 ms
Execution 109 - TLS Mutual
s_connection: verify depth is 1
Handshake duration: 17.69 ms
Execution 110 - TLS Mutual
s_connection: verify depth is 1
Handshake duration: 243.97 ms
Execution 111 - TLS Mutual
s_connection: verify depth is 1
Handshake duration: 19.17 ms
Execution 112 - TLS Mutual
s_connection: verify depth is 1
Handshake duration: 14.53 ms
Execution 113 - TLS Mutual
s_connection: verify depth is 1
Handshake duration: 13.86 ms
Execution 114 - TLS Mutual
s_connection: verify depth is 1
Handshake duration: 17.11 ms
Execution 115 - TLS Mutual
s_connection: verify depth is 1
Handshake duration: 13.39 ms
Execution 116 - TLS Mutual
s_connection: verify depth is 1
Handshake duration: 13.51 ms
Execution 117 - TLS Mutual
s_connection: verify depth is 1
Handshake duration: 13.01 ms
Execution 118 - TLS Mutual
s_connection: verify depth is 1
Handshake duration: 13.18 ms
Execution 119 - TLS Mutual
s_connection: verify depth is 1
Handshake duration: 13.59 ms
Execution 120 - TLS Mutual
s_connection: verify depth is 1
Handshake duration: 13.50 ms
Execution 121 - TLS Mutual
s_connection: verify depth is 1
Handshake duration: 13.54 ms
Execution 122 - TLS Mutual
s_connection: verify depth is 1
Handshake duration: 240.71 ms
Execution 123 - TLS Mutual
s_connection: verify depth is 1
Handshake duration: 1064.67 ms
Execution 124 - TLS Mutual
s_connection: verify depth is 1
Handshake duration: 15.26 ms
Execution 125 - TLS Mutual
s_connection: verify depth is 1
Handshake duration: 14.88 ms
