Handshake timeout budget: 150s (identique TLS/QUIC)
Applying netem rules to lo...
Showing qdisc status for the interface: lo
qdisc netem 803f: root refcnt 2 limit 1000 seed 16567239339826719382
 Sent 0 bytes 0 pkt (dropped 0, overlimits 0 requeues 0) 
 backlog 0b 0p requeues 0
Running ./perftestClientTlsQuic.sh with SIG_ALG=mldsa44 and KEM_ALG=hqc128
Execution 1 - TLS Mutual
s_connection: verify depth is 1
Handshake duration: 469.26 ms
Execution 2 - TLS Mutual
s_connection: verify depth is 1
Handshake duration: 41.36 ms
Execution 3 - TLS Mutual
s_connection: verify depth is 1
Handshake duration: 41.03 ms
Execution 4 - TLS Mutual
s_connection: verify depth is 1
Handshake duration: 38.28 ms
Execution 5 - TLS Mutual
s_connection: verify depth is 1
Handshake duration: 678.39 ms
Execution 6 - TLS Mutual
s_connection: verify depth is 1
Handshake duration: 684.47 ms
Execution 7 - TLS Mutual
s_connection: verify depth is 1
Handshake duration: 39.72 ms
Execution 8 - TLS Mutual
s_connection: verify depth is 1
Handshake duration: 39.09 ms
Execution 9 - TLS Mutual
s_connection: verify depth is 1
Handshake duration: 1143.39 ms
Execution 10 - TLS Mutual
s_connection: verify depth is 1
Handshake duration: 269.94 ms
Execution 11 - TLS Mutual
s_connection: verify depth is 1
Handshake duration: 40.31 ms
Execution 12 - TLS Mutual
s_connection: verify depth is 1
Handshake duration: 39.97 ms
Execution 13 - TLS Mutual
s_connection: verify depth is 1
Handshake duration: 274.67 ms
Execution 14 - TLS Mutual
s_connection: verify depth is 1
Handshake duration: 1309.76 ms
Execution 15 - TLS Mutual
s_connection: verify depth is 1
Handshake duration: 38.98 ms
Execution 16 - TLS Mutual
s_connection: verify depth is 1
Handshake duration: 249.30 ms
Execution 17 - TLS Mutual
s_connection: verify depth is 1
Handshake duration: 38.97 ms
Execution 18 - TLS Mutual
s_connection: verify depth is 1
Handshake duration: 39.24 ms
Execution 19 - TLS Mutual
s_connection: verify depth is 1
Handshake duration: 1281.65 ms
Execution 20 - TLS Mutual
s_connection: verify depth is 1
Handshake duration: 40.71 ms
Execution 21 - TLS Mutual
s_connection: verify depth is 1
Handshake duration: 7715.84 ms
Execution 22 - TLS Mutual
s_connection: verify depth is 1
Handshake duration: 269.81 ms
Execution 23 - TLS Mutual
s_connection: verify depth is 1
Handshake duration: 37.82 ms
Execution 24 - TLS Mutual
s_connection: verify depth is 1
Handshake duration: 1696.34 ms
Execution 25 - TLS Mutual
s_connection: verify depth is 1
Handshake duration: 39.35 ms
Execution 26 - TLS Mutual
s_connection: verify depth is 1
Handshake duration: 1094.53 ms
Execution 27 - TLS Mutual
s_connection: verify depth is 1
Handshake duration: 38.76 ms
Execution 28 - TLS Mutual
s_connection: verify depth is 1
Handshake duration: 41.03 ms
Execution 29 - TLS Mutual
s_connection: verify depth is 1
Handshake duration: 683.49 ms
Execution 30 - TLS Mutual
s_connection: verify depth is 1
Handshake duration: 683.60 ms
Execution 31 - TLS Mutual
s_connection: verify depth is 1
Handshake duration: 1337.58 ms
Execution 32 - TLS Mutual
s_connection: verify depth is 1
Handshake duration: 1132.32 ms
Execution 33 - TLS Mutual
s_connection: verify depth is 1
Handshake duration: 1138.29 ms
Execution 34 - TLS Mutual
s_connection: verify depth is 1
Handshake duration: 1134.43 ms
Execution 35 - TLS Mutual
s_connection: verify depth is 1
Handshake duration: 38.89 ms
Execution 36 - TLS Mutual
s_connection: verify depth is 1
Handshake duration: 38.46 ms
Execution 37 - TLS Mutual
s_connection: verify depth is 1
Handshake duration: 39.38 ms
Execution 38 - TLS Mutual
s_connection: verify depth is 1
Handshake duration: 36.48 ms
Execution 39 - TLS Mutual
s_connection: verify depth is 1
Handshake duration: 267.26 ms
Execution 40 - TLS Mutual
s_connection: verify depth is 1
Handshake duration: 38.16 ms
Execution 41 - TLS Mutual
s_connection: verify depth is 1
Handshake duration: 36.44 ms
Execution 42 - TLS Mutual
s_connection: verify depth is 1
Handshake duration: 36.93 ms
Execution 43 - TLS Mutual
s_connection: verify depth is 1
Handshake duration: 1070.79 ms
Execution 44 - TLS Mutual
s_connection: verify depth is 1
Handshake duration: 38.73 ms
Execution 45 - TLS Mutual
s_connection: verify depth is 1
Handshake duration: 3200.41 ms
Execution 46 - TLS Mutual
s_connection: verify depth is 1
Handshake duration: 37.52 ms
Execution 47 - TLS Mutual
s_connection: verify depth is 1
Handshake duration: 1108.21 ms
Execution 48 - TLS Mutual
s_connection: verify depth is 1
Handshake duration: 271.34 ms
Execution 49 - TLS Mutual
s_connection: verify depth is 1
Handshake duration: 50.57 ms
Execution 50 - TLS Mutual
s_connection: verify depth is 1
Handshake duration: 47.49 ms
Execution 51 - TLS Mutual
s_connection: verify depth is 1
Handshake duration: 45.24 ms
Execution 52 - TLS Mutual
s_connection: verify depth is 1
Handshake duration: 38.56 ms
Execution 53 - TLS Mutual
s_connection: verify depth is 1
Handshake duration: 37.53 ms
Execution 54 - TLS Mutual
s_connection: verify depth is 1
Handshake duration: 1318.63 ms
Execution 55 - TLS Mutual
s_connection: verify depth is 1
Handshake duration: 40.67 ms
Execution 56 - TLS Mutual
s_connection: verify depth is 1
Handshake duration: 40.02 ms
Execution 57 - TLS Mutual
s_connection: verify depth is 1
Handshake duration: 40.78 ms
Execution 58 - TLS Mutual
s_connection: verify depth is 1
Handshake duration: 1296.93 ms
Execution 59 - TLS Mutual
s_connection: verify depth is 1
Handshake duration: 39.95 ms
Execution 60 - TLS Mutual
s_connection: verify depth is 1
Handshake duration: 3329.22 ms
Execution 61 - TLS Mutual
s_connection: verify depth is 1
Handshake duration: 1054.66 ms
Execution 62 - TLS Mutual
s_connection: verify depth is 1
Handshake duration: 16415.85 ms
Execution 63 - TLS Mutual
s_connection: verify depth is 1
Handshake duration: 477.69 ms
Execution 64 - TLS Mutual
s_connection: verify depth is 1
Handshake duration: 41.08 ms
Execution 65 - TLS Mutual
s_connection: verify depth is 1
Handshake duration: 667.66 ms
Execution 66 - TLS Mutual
s_connection: verify depth is 1
Handshake duration: 262.48 ms
Execution 67 - TLS Mutual
s_connection: verify depth is 1
Handshake duration: 40.62 ms
Execution 68 - TLS Mutual
s_connection: verify depth is 1
Handshake duration: 254.58 ms
Execution 69 - TLS Mutual
s_connection: verify depth is 1
Handshake duration: 236.64 ms
Execution 70 - TLS Mutual
s_connection: verify depth is 1
Handshake duration: 277.78 ms
Execution 71 - TLS Mutual
s_connection: verify depth is 1
Handshake duration: 38.05 ms
Execution 72 - TLS Mutual
s_connection: verify depth is 1
Handshake duration: 38.51 ms
Execution 73 - TLS Mutual
s_connection: verify depth is 1
Handshake duration: 39.93 ms
Execution 74 - TLS Mutual
s_connection: verify depth is 1
Handshake duration: 38.93 ms
Execution 75 - TLS Mutual
s_connection: verify depth is 1
Handshake duration: 39.39 ms
Execution 76 - TLS Mutual
s_connection: verify depth is 1
Handshake duration: 39.37 ms
Execution 77 - TLS Mutual
s_connection: verify depth is 1
Handshake duration: 1344.32 ms
Execution 78 - TLS Mutual
s_connection: verify depth is 1
Handshake duration: 45.30 ms
Execution 79 - TLS Mutual
s_connection: verify depth is 1
Handshake duration: 1125.70 ms
Execution 80 - TLS Mutual
s_connection: verify depth is 1
Handshake duration: 1073.85 ms
Execution 81 - TLS Mutual
s_connection: verify depth is 1
Handshake duration: 41.17 ms
Execution 82 - TLS Mutual
s_connection: verify depth is 1
Handshake duration: 42.53 ms
Execution 83 - TLS Mutual
s_connection: verify depth is 1
Handshake duration: 43.27 ms
Execution 84 - TLS Mutual
s_connection: verify depth is 1
Handshake duration: 678.17 ms
Execution 85 - TLS Mutual
s_connection: verify depth is 1
Handshake duration: 40.29 ms
Execution 86 - TLS Mutual
s_connection: verify depth is 1
Handshake duration: 5263.17 ms
Execution 87 - TLS Mutual
s_connection: verify depth is 1
Handshake duration: 39.32 ms
Execution 88 - TLS Mutual
s_connection: verify depth is 1
Handshake duration: 38.82 ms
Execution 89 - TLS Mutual
s_connection: verify depth is 1
Handshake duration: 44.97 ms
Execution 90 - TLS Mutual
s_connection: verify depth is 1
Handshake duration: 1333.32 ms
Execution 91 - TLS Mutual
s_connection: verify depth is 1
Handshake duration: 40.17 ms
Execution 92 - TLS Mutual
s_connection: verify depth is 1
Handshake duration: 39.17 ms
Execution 93 - TLS Mutual
s_connection: verify depth is 1
Handshake duration: 38.64 ms
Execution 94 - TLS Mutual
s_connection: verify depth is 1
Handshake duration: 1309.13 ms
Execution 95 - TLS Mutual
s_connection: verify depth is 1
Handshake duration: 874.65 ms
Execution 96 - TLS Mutual
s_connection: verify depth is 1
Handshake duration: 38.99 ms
Execution 97 - TLS Mutual
s_connection: verify depth is 1
Handshake duration: 260.96 ms
Execution 98 - TLS Mutual
s_connection: verify depth is 1
Handshake duration: 264.01 ms
Execution 99 - TLS Mutual
s_connection: verify depth is 1
Handshake duration: 39.22 ms
Execution 100 - TLS Mutual
s_connection: verify depth is 1
Handshake duration: 38.54 ms
Execution 101 - TLS Mutual
s_connection: verify depth is 1
Handshake duration: 1340.98 ms
Execution 102 - TLS Mutual
s_connection: verify depth is 1
Handshake duration: 39.19 ms
Execution 103 - TLS Mutual
s_connection: verify depth is 1
Handshake duration: 662.64 ms
Execution 104 - TLS Mutual
s_connection: verify depth is 1
Handshake duration: 40.89 ms
Execution 105 - TLS Mutual
s_connection: verify depth is 1
Handshake duration: 677.37 ms
Execution 106 - TLS Mutual
s_connection: verify depth is 1
Handshake duration: 1113.68 ms
Execution 107 - TLS Mutual
s_connection: verify depth is 1
Handshake duration: 37.42 ms
Execution 108 - TLS Mutual
s_connection: verify depth is 1
Handshake duration: 681.35 ms
Execution 109 - TLS Mutual
s_connection: verify depth is 1
Handshake duration: 40.65 ms
Execution 110 - TLS Mutual
s_connection: verify depth is 1
Handshake duration: 39.95 ms
Execution 111 - TLS Mutual
s_connection: verify depth is 1
Handshake duration: 1741.30 ms
Execution 112 - TLS Mutual
s_connection: verify depth is 1
Handshake duration: 40.23 ms
Execution 113 - TLS Mutual
s_connection: verify depth is 1
Handshake duration: 41.40 ms
Execution 114 - TLS Mutual
s_connection: verify depth is 1
Handshake duration: 39.80 ms
Execution 115 - TLS Mutual
s_connection: verify depth is 1
Handshake duration: 40.16 ms
Execution 116 - TLS Mutual
s_connection: verify depth is 1
Handshake duration: 2359.33 ms
Execution 117 - TLS Mutual
s_connection: verify depth is 1
Handshake duration: 38.75 ms
Execution 118 - TLS Mutual
s_connection: verify depth is 1
Handshake duration: 38.29 ms
Execution 119 - TLS Mutual
s_connection: verify depth is 1
Handshake duration: 37.51 ms
Execution 120 - TLS Mutual
s_connection: verify depth is 1
Handshake duration: 1321.43 ms
Execution 121 - TLS Mutual
s_connection: verify depth is 1
Handshake duration: 1093.49 ms
Execution 122 - TLS Mutual
s_connection: verify depth is 1
Handshake duration: 43.44 ms
Execution 123 - TLS Mutual
s_connection: verify depth is 1
Handshake duration: 41.81 ms
Execution 124 - TLS Mutual
s_connection: verify depth is 1
Handshake duration: 1089.71 ms
Execution 125 - TLS Mutual
s_connection: verify depth is 1
Handshake duration: 39.11 ms
