Handshake timeout budget: 150s (identique TLS/QUIC)
Applying netem rules to lo...
Showing qdisc status for the interface: lo
qdisc netem 87e9: root refcnt 2 limit 1000 seed 7827979793553921643
 Sent 0 bytes 0 pkt (dropped 0, overlimits 0 requeues 0) 
 backlog 0b 0p requeues 0
Running ./perftestClientTlsQuic.sh with SIG_ALG=ed25519 and KEM_ALG=mlkem512
Execution 1 - TLS Mutual
s_connection: verify depth is 1
Handshake duration: 5.88 ms
Execution 2 - TLS Mutual
s_connection: verify depth is 1
Handshake duration: 5.51 ms
Execution 3 - TLS Mutual
s_connection: verify depth is 1
Handshake duration: 2051.29 ms
Execution 4 - TLS Mutual
s_connection: verify depth is 1
Handshake duration: 7.00 ms
Execution 5 - TLS Mutual
s_connection: verify depth is 1
Handshake duration: 6.05 ms
Execution 6 - TLS Mutual
s_connection: verify depth is 1
Handshake duration: 6.07 ms
Execution 7 - TLS Mutual
s_connection: verify depth is 1
Handshake duration: 6.06 ms
Execution 8 - TLS Mutual
s_connection: verify depth is 1
Handshake duration: 6.53 ms
Execution 9 - TLS Mutual
s_connection: verify depth is 1
Handshake duration: 11.07 ms
Execution 10 - TLS Mutual
s_connection: verify depth is 1
Handshake duration: 624.70 ms
Execution 11 - TLS Mutual
s_connection: verify depth is 1
Handshake duration: 6.42 ms
Execution 12 - TLS Mutual
s_connection: verify depth is 1
Handshake duration: 6.11 ms
Execution 13 - TLS Mutual
s_connection: verify depth is 1
Handshake duration: 6.31 ms
Execution 14 - TLS Mutual
s_connection: verify depth is 1
Handshake duration: 6.42 ms
Execution 15 - TLS Mutual
s_connection: verify depth is 1
Handshake duration: 6.03 ms
Execution 16 - TLS Mutual
s_connection: verify depth is 1
Handshake duration: 10.86 ms
Execution 17 - TLS Mutual
s_connection: verify depth is 1
Handshake duration: 5.80 ms
Execution 18 - TLS Mutual
s_connection: verify depth is 1
Handshake duration: 5.95 ms
Execution 19 - TLS Mutual
s_connection: verify depth is 1
Handshake duration: 5.90 ms
Execution 20 - TLS Mutual
s_connection: verify depth is 1
Handshake duration: 5.95 ms
Execution 21 - TLS Mutual
s_connection: verify depth is 1
Handshake duration: 5.90 ms
Execution 22 - TLS Mutual
s_connection: verify depth is 1
Handshake duration: 1490.46 ms
Execution 23 - TLS Mutual
s_connection: verify depth is 1
Handshake duration: 10.12 ms
Execution 24 - TLS Mutual
s_connection: verify depth is 1
Handshake duration: 1278.69 ms
Execution 25 - TLS Mutual
s_connection: verify depth is 1
Handshake duration: 1058.76 ms
Execution 26 - TLS Mutual
s_connection: verify depth is 1
Handshake duration: 7.16 ms
Execution 27 - TLS Mutual
s_connection: verify depth is 1
Handshake duration: 5.85 ms
Execution 28 - TLS Mutual
s_connection: verify depth is 1
Handshake duration: 5.83 ms
Execution 29 - TLS Mutual
s_connection: verify depth is 1
Handshake duration: 2043.73 ms
Execution 30 - TLS Mutual
s_connection: verify depth is 1
Handshake duration: 6.53 ms
Execution 31 - TLS Mutual
s_connection: verify depth is 1
Handshake duration: 6.39 ms
Execution 32 - TLS Mutual
s_connection: verify depth is 1
Handshake duration: 6.07 ms
Execution 33 - TLS Mutual
s_connection: verify depth is 1
Handshake duration: 5.63 ms
Execution 34 - TLS Mutual
s_connection: verify depth is 1
Handshake duration: 5.63 ms
Execution 35 - TLS Mutual
s_connection: verify depth is 1
Handshake duration: 5.66 ms
Execution 36 - TLS Mutual
s_connection: verify depth is 1
Handshake duration: 1028.73 ms
Execution 37 - TLS Mutual
s_connection: verify depth is 1
Handshake duration: 7.22 ms
Execution 38 - TLS Mutual
s_connection: verify depth is 1
Handshake duration: 6.04 ms
Execution 39 - TLS Mutual
s_connection: verify depth is 1
Handshake duration: 5.87 ms
Execution 40 - TLS Mutual
s_connection: verify depth is 1
Handshake duration: 5.69 ms
Execution 41 - TLS Mutual
s_connection: verify depth is 1
Handshake duration: 6.62 ms
Execution 42 - TLS Mutual
s_connection: verify depth is 1
Handshake duration: 1012.81 ms
Execution 43 - TLS Mutual
s_connection: verify depth is 1
Handshake duration: 5.65 ms
Execution 44 - TLS Mutual
s_connection: verify depth is 1
Handshake duration: 626.70 ms
Execution 45 - TLS Mutual
s_connection: verify depth is 1
Handshake duration: 1265.70 ms
Execution 46 - TLS Mutual
s_connection: verify depth is 1
Handshake duration: 6.75 ms
Execution 47 - TLS Mutual
s_connection: verify depth is 1
Handshake duration: 9.96 ms
Execution 48 - TLS Mutual
s_connection: verify depth is 1
Handshake duration: 7.22 ms
Execution 49 - TLS Mutual
s_connection: verify depth is 1
Handshake duration: 5.67 ms
Execution 50 - TLS Mutual
s_connection: verify depth is 1
Handshake duration: 5.71 ms
Execution 51 - TLS Mutual
s_connection: verify depth is 1
Handshake duration: 5.67 ms
Execution 52 - TLS Mutual
s_connection: verify depth is 1
Handshake duration: 1072.26 ms
Execution 53 - TLS Mutual
s_connection: verify depth is 1
Handshake duration: 11.00 ms
Execution 54 - TLS Mutual
s_connection: verify depth is 1
Handshake duration: 2077.37 ms
Execution 55 - TLS Mutual
s_connection: verify depth is 1
Handshake duration: 8.01 ms
Execution 56 - TLS Mutual
s_connection: verify depth is 1
Handshake duration: 217.80 ms
Execution 57 - TLS Mutual
s_connection: verify depth is 1
Handshake duration: 1057.46 ms
Execution 58 - TLS Mutual
s_connection: verify depth is 1
Handshake duration: 7.28 ms
Execution 59 - TLS Mutual
s_connection: verify depth is 1
Handshake duration: 5.93 ms
Execution 60 - TLS Mutual
s_connection: verify depth is 1
Handshake duration: 6.18 ms
Execution 61 - TLS Mutual
s_connection: verify depth is 1
Handshake duration: 6.39 ms
Execution 62 - TLS Mutual
s_connection: verify depth is 1
Handshake duration: 5.92 ms
Execution 63 - TLS Mutual
s_connection: verify depth is 1
Handshake duration: 5.87 ms
Execution 64 - TLS Mutual
s_connection: verify depth is 1
Handshake duration: 5.67 ms
Execution 65 - TLS Mutual
s_connection: verify depth is 1
Handshake duration: 9.63 ms
Execution 66 - TLS Mutual
s_connection: verify depth is 1
Handshake duration: 1027.41 ms
Execution 67 - TLS Mutual
s_connection: verify depth is 1
Handshake duration: 8.11 ms
Execution 68 - TLS Mutual
s_connection: verify depth is 1
Handshake duration: 5.94 ms
Execution 69 - TLS Mutual
s_connection: verify depth is 1
Handshake duration: 5.79 ms
Execution 70 - TLS Mutual
s_connection: verify depth is 1
Handshake duration: 6.14 ms
Execution 71 - TLS Mutual
s_connection: verify depth is 1
Handshake duration: 8.98 ms
Execution 72 - TLS Mutual
s_connection: verify depth is 1
Handshake duration: 1241.48 ms
Execution 73 - TLS Mutual
s_connection: verify depth is 1
Handshake duration: 8.48 ms
Execution 74 - TLS Mutual
s_connection: verify depth is 1
Handshake duration: 1227.98 ms
Execution 75 - TLS Mutual
s_connection: verify depth is 1
Handshake duration: 1058.46 ms
Execution 76 - TLS Mutual
s_connection: verify depth is 1
Handshake duration: 7.04 ms
Execution 77 - TLS Mutual
s_connection: verify depth is 1
Handshake duration: 6.42 ms
Execution 78 - TLS Mutual
s_connection: verify depth is 1
Handshake duration: 223.93 ms
Execution 79 - TLS Mutual
s_connection: verify depth is 1
Handshake duration: 6.00 ms
Execution 80 - TLS Mutual
s_connection: verify depth is 1
Handshake duration: 10.39 ms
Execution 81 - TLS Mutual
s_connection: verify depth is 1
Handshake duration: 6.11 ms
Execution 82 - TLS Mutual
s_connection: verify depth is 1
Handshake duration: 5.64 ms
Execution 83 - TLS Mutual
s_connection: verify depth is 1
Handshake duration: 230.67 ms
Execution 84 - TLS Mutual
s_connection: verify depth is 1
Handshake duration: 12.92 ms
Execution 85 - TLS Mutual
s_connection: verify depth is 1
Handshake duration: 1061.17 ms
Execution 86 - TLS Mutual
s_connection: verify depth is 1
Handshake duration: 6.09 ms
Execution 87 - TLS Mutual
s_connection: verify depth is 1
Handshake duration: 1033.92 ms
Execution 88 - TLS Mutual
s_connection: verify depth is 1
Handshake duration: 1463.35 ms
Execution 89 - TLS Mutual
s_connection: verify depth is 1
Handshake duration: 7.07 ms
Execution 90 - TLS Mutual
s_connection: verify depth is 1
Handshake duration: 636.10 ms
Execution 91 - TLS Mutual
s_connection: verify depth is 1
Handshake duration: 6.96 ms
Execution 92 - TLS Mutual
s_connection: verify depth is 1
Handshake duration: 1020.05 ms
Execution 93 - TLS Mutual
s_connection: verify depth is 1
Handshake duration: 8.22 ms
Execution 94 - TLS Mutual
s_connection: verify depth is 1
Handshake duration: 8.21 ms
Execution 95 - TLS Mutual
s_connection: verify depth is 1
Handshake duration: 1445.31 ms
Execution 96 - TLS Mutual
s_connection: verify depth is 1
Handshake duration: 7.30 ms
Execution 97 - TLS Mutual
s_connection: verify depth is 1
Handshake duration: 6.01 ms
Execution 98 - TLS Mutual
s_connection: verify depth is 1
Handshake duration: 1045.67 ms
Execution 99 - TLS Mutual
s_connection: verify depth is 1
Handshake duration: 231.90 ms
Execution 100 - TLS Mutual
s_connection: verify depth is 1
Handshake duration: 225.65 ms
Execution 101 - TLS Mutual
s_connection: verify depth is 1
Handshake duration: 1016.25 ms
Execution 102 - TLS Mutual
s_connection: verify depth is 1
Handshake duration: 5.63 ms
Execution 103 - TLS Mutual
s_connection: verify depth is 1
Handshake duration: 6372.72 ms
Execution 104 - TLS Mutual
s_connection: verify depth is 1
Handshake duration: 6.93 ms
Execution 105 - TLS Mutual
s_connection: verify depth is 1
Handshake duration: 7.69 ms
Execution 106 - TLS Mutual
s_connection: verify depth is 1
Handshake duration: 5.68 ms
Execution 107 - TLS Mutual
s_connection: verify depth is 1
Handshake duration: 5.70 ms
Execution 108 - TLS Mutual
s_connection: verify depth is 1
Handshake duration: 5.75 ms
Execution 109 - TLS Mutual
s_connection: verify depth is 1
Handshake duration: 5.62 ms
Execution 110 - TLS Mutual
s_connection: verify depth is 1
Handshake duration: 1845.70 ms
Execution 111 - TLS Mutual
s_connection: verify depth is 1
Handshake duration: 7.46 ms
Execution 112 - TLS Mutual
s_connection: verify depth is 1
Handshake duration: 5.97 ms
Execution 113 - TLS Mutual
s_connection: verify depth is 1
Handshake duration: 9.38 ms
Execution 114 - TLS Mutual
s_connection: verify depth is 1
Handshake duration: 225.66 ms
Execution 115 - TLS Mutual
s_connection: verify depth is 1
Handshake duration: 6.17 ms
Execution 116 - TLS Mutual
s_connection: verify depth is 1
Handshake duration: 233.03 ms
Execution 117 - TLS Mutual
s_connection: verify depth is 1
Handshake duration: 1075.79 ms
Execution 118 - TLS Mutual
s_connection: verify depth is 1
Handshake duration: 1901.84 ms
Execution 119 - TLS Mutual
s_connection: verify depth is 1
Handshake duration: 2074.97 ms
Execution 120 - TLS Mutual
s_connection: verify depth is 1
Handshake duration: 7.05 ms
Execution 121 - TLS Mutual
s_connection: verify depth is 1
Handshake duration: 5.98 ms
Execution 122 - TLS Mutual
s_connection: verify depth is 1
Handshake duration: 5.97 ms
Execution 123 - TLS Mutual
s_connection: verify depth is 1
Handshake duration: 3072.21 ms
Execution 124 - TLS Mutual
s_connection: verify depth is 1
Handshake duration: 230.03 ms
Execution 125 - TLS Mutual
s_connection: verify depth is 1
Handshake duration: 217.66 ms
