Handshake timeout budget: 150s (identique TLS/QUIC)
Applying netem rules to lo...
Showing qdisc status for the interface: lo
qdisc netem 9bf9: root refcnt 2 limit 1000 seed 7295725602550673742
 Sent 0 bytes 0 pkt (dropped 0, overlimits 0 requeues 0) 
 backlog 0b 0p requeues 0
Running ./perftestClientTlsQuic.sh with SIG_ALG=mldsa65 and KEM_ALG=mlkem768
Execution 1 - TLS Mutual
s_connection: verify depth is 1
Handshake duration: 33.16 ms
Execution 2 - TLS Mutual
s_connection: verify depth is 1
Handshake duration: 26633.36 ms
Execution 3 - TLS Mutual
s_connection: verify depth is 1
Handshake duration: 32.85 ms
Execution 4 - TLS Mutual
s_connection: verify depth is 1
Handshake duration: 35.34 ms
Execution 5 - TLS Mutual
s_connection: verify depth is 1
Handshake duration: 31.45 ms
Execution 6 - TLS Mutual
s_connection: verify depth is 1
Handshake duration: 33.29 ms
Execution 7 - TLS Mutual
s_connection: verify depth is 1
Handshake duration: 32.43 ms
Execution 8 - TLS Mutual
s_connection: verify depth is 1
Handshake duration: 32.77 ms
Execution 9 - TLS Mutual
s_connection: verify depth is 1
Handshake duration: 31.96 ms
Execution 10 - TLS Mutual
s_connection: verify depth is 1
Handshake duration: 31.69 ms
Execution 11 - TLS Mutual
s_connection: verify depth is 1
Handshake duration: 1098.67 ms
Execution 12 - TLS Mutual
s_connection: verify depth is 1
Handshake duration: 32.76 ms
Execution 13 - TLS Mutual
s_connection: verify depth is 1
Handshake duration: 37.29 ms
Execution 14 - TLS Mutual
s_connection: verify depth is 1
Handshake duration: 32.75 ms
Execution 15 - TLS Mutual
s_connection: verify depth is 1
Handshake duration: 1121.30 ms
Execution 16 - TLS Mutual
s_connection: verify depth is 1
Handshake duration: 36.58 ms
Execution 17 - TLS Mutual
s_connection: verify depth is 1
Handshake duration: 33.80 ms
Execution 18 - TLS Mutual
s_connection: verify depth is 1
Handshake duration: 1504.33 ms
Execution 19 - TLS Mutual
s_connection: verify depth is 1
Handshake duration: 31.43 ms
Execution 20 - TLS Mutual
s_connection: verify depth is 1
Handshake duration: 31.62 ms
Execution 21 - TLS Mutual
s_connection: verify depth is 1
Handshake duration: 1916.83 ms
Execution 22 - TLS Mutual
s_connection: verify depth is 1
Handshake duration: 30.24 ms
Execution 23 - TLS Mutual
s_connection: verify depth is 1
Handshake duration: 268.39 ms
Execution 24 - TLS Mutual
s_connection: verify depth is 1
Handshake duration: 30.34 ms
Execution 25 - TLS Mutual
s_connection: verify depth is 1
Handshake duration: 263.49 ms
Execution 26 - TLS Mutual
s_connection: verify depth is 1
Handshake duration: 1065.44 ms
Execution 27 - TLS Mutual
s_connection: verify depth is 1
Handshake duration: 31.38 ms
Execution 28 - TLS Mutual
s_connection: verify depth is 1
Handshake duration: 1091.40 ms
Execution 29 - TLS Mutual
s_connection: verify depth is 1
Handshake duration: 1488.80 ms
Execution 30 - TLS Mutual
s_connection: verify depth is 1
Handshake duration: 31.81 ms
Execution 31 - TLS Mutual
s_connection: verify depth is 1
Handshake duration: 29.64 ms
Execution 32 - TLS Mutual
s_connection: verify depth is 1
Handshake duration: 28.28 ms
Execution 33 - TLS Mutual
s_connection: verify depth is 1
Handshake duration: 269.69 ms
Execution 34 - TLS Mutual
s_connection: verify depth is 1
Handshake duration: 29.43 ms
Execution 35 - TLS Mutual
s_connection: verify depth is 1
Handshake duration: 34.32 ms
Execution 36 - TLS Mutual
s_connection: verify depth is 1
Handshake duration: 29.54 ms
Execution 37 - TLS Mutual
s_connection: verify depth is 1
Handshake duration: 28.98 ms
Execution 38 - TLS Mutual
s_connection: verify depth is 1
Handshake duration: 267.82 ms
Execution 39 - TLS Mutual
s_connection: verify depth is 1
Handshake duration: 30.43 ms
Execution 40 - TLS Mutual
s_connection: verify depth is 1
Handshake duration: 265.68 ms
Execution 41 - TLS Mutual
s_connection: verify depth is 1
Handshake duration: 30.23 ms
Execution 42 - TLS Mutual
s_connection: verify depth is 1
Handshake duration: 34.38 ms
Execution 43 - TLS Mutual
s_connection: verify depth is 1
Handshake duration: 32.36 ms
Execution 44 - TLS Mutual
s_connection: verify depth is 1
Handshake duration: 31.65 ms
Execution 45 - TLS Mutual
s_connection: verify depth is 1
Handshake duration: 1689.64 ms
Execution 46 - TLS Mutual
s_connection: verify depth is 1
Handshake duration: 32.22 ms
Execution 47 - TLS Mutual
s_connection: verify depth is 1
Handshake duration: 29.64 ms
Execution 48 - TLS Mutual
s_connection: verify depth is 1
Handshake duration: 267.87 ms
Execution 49 - TLS Mutual
s_connection: verify depth is 1
Handshake duration: 30.89 ms
Execution 50 - TLS Mutual
s_connection: verify depth is 1
Handshake duration: 30.29 ms
Execution 51 - TLS Mutual
s_connection: verify depth is 1
Handshake duration: 30.50 ms
Execution 52 - TLS Mutual
s_connection: verify depth is 1
Handshake duration: 29.83 ms
Execution 53 - TLS Mutual
s_connection: verify depth is 1
Handshake duration: 30.85 ms
Execution 54 - TLS Mutual
s_connection: verify depth is 1
Handshake duration: 659.31 ms
Execution 55 - TLS Mutual
s_connection: verify depth is 1
Handshake duration: 1091.16 ms
Execution 56 - TLS Mutual
s_connection: verify depth is 1
Handshake duration: 30.57 ms
Execution 57 - TLS Mutual
s_connection: verify depth is 1
Handshake duration: 270.37 ms
Execution 58 - TLS Mutual
s_connection: verify depth is 1
Handshake duration: 1073.07 ms
Execution 59 - TLS Mutual
s_connection: verify depth is 1
Handshake duration: 31.35 ms
Execution 60 - TLS Mutual
s_connection: verify depth is 1
Handshake duration: 29.25 ms
Execution 61 - TLS Mutual
s_connection: verify depth is 1
Handshake duration: 1904.04 ms
Execution 62 - TLS Mutual
s_connection: verify depth is 1
Handshake duration: 29.62 ms
Execution 63 - TLS Mutual
s_connection: verify depth is 1
Handshake duration: 28.77 ms
Execution 64 - TLS Mutual
s_connection: verify depth is 1
Handshake duration: 1126.73 ms
Execution 65 - TLS Mutual
s_connection: verify depth is 1
Handshake duration: 29.54 ms
Execution 66 - TLS Mutual
s_connection: verify depth is 1
Handshake duration: 268.37 ms
Execution 67 - TLS Mutual
s_connection: verify depth is 1
Handshake duration: 29.58 ms
Execution 68 - TLS Mutual
s_connection: verify depth is 1
Handshake duration: 30.38 ms
Execution 69 - TLS Mutual
s_connection: verify depth is 1
Handshake duration: 1091.70 ms
Execution 70 - TLS Mutual
s_connection: verify depth is 1
Handshake duration: 31.96 ms
Execution 71 - TLS Mutual
s_connection: verify depth is 1
Handshake duration: 29.75 ms
Execution 72 - TLS Mutual
s_connection: verify depth is 1
Handshake duration: 1052.70 ms
Execution 73 - TLS Mutual
s_connection: verify depth is 1
Handshake duration: 31.01 ms
Execution 74 - TLS Mutual
s_connection: verify depth is 1
Handshake duration: 269.51 ms
Execution 75 - TLS Mutual
s_connection: verify depth is 1
Handshake duration: 1482.47 ms
Execution 76 - TLS Mutual
s_connection: verify depth is 1
Handshake duration: 31.74 ms
Execution 77 - TLS Mutual
s_connection: verify depth is 1
Handshake duration: 29.43 ms
Execution 78 - TLS Mutual
s_connection: verify depth is 1
Handshake duration: 28.86 ms
Execution 79 - TLS Mutual
s_connection: verify depth is 1
Handshake duration: 28.25 ms
Execution 80 - TLS Mutual
s_connection: verify depth is 1
Handshake duration: 28.27 ms
Execution 81 - TLS Mutual
s_connection: verify depth is 1
Handshake duration: 28.71 ms
Execution 82 - TLS Mutual
s_connection: verify depth is 1
Handshake duration: 271.55 ms
Execution 83 - TLS Mutual
s_connection: verify depth is 1
Handshake duration: 268.84 ms
Execution 84 - TLS Mutual
s_connection: verify depth is 1
Handshake duration: 32.92 ms
Execution 85 - TLS Mutual
s_connection: verify depth is 1
Handshake duration: 30.21 ms
Execution 86 - TLS Mutual
s_connection: verify depth is 1
Handshake duration: 30.05 ms
Execution 87 - TLS Mutual
s_connection: verify depth is 1
Handshake duration: 863.91 ms
Execution 88 - TLS Mutual
s_connection: verify depth is 1
Handshake duration: 35.99 ms
Execution 89 - TLS Mutual
s_connection: verify depth is 1
Handshake duration: 29.80 ms
Execution 90 - TLS Mutual
s_connection: verify depth is 1
Handshake duration: 29.13 ms
Execution 91 - TLS Mutual
s_connection: verify depth is 1
Handshake duration: 1083.38 ms
Execution 92 - TLS Mutual
s_connection: verify depth is 1
Handshake duration: 34.77 ms
Execution 93 - TLS Mutual
s_connection: verify depth is 1
Handshake duration: 30.73 ms
Execution 94 - TLS Mutual
s_connection: verify depth is 1
Handshake duration: 1256.21 ms
Execution 95 - TLS Mutual
s_connection: verify depth is 1
Handshake duration: 34.92 ms
Execution 96 - TLS Mutual
s_connection: verify depth is 1
Handshake duration: 29.86 ms
Execution 97 - TLS Mutual
s_connection: verify depth is 1
Handshake duration: 262.25 ms
Execution 98 - TLS Mutual
s_connection: verify depth is 1
Handshake duration: 30.52 ms
Execution 99 - TLS Mutual
s_connection: verify depth is 1
Handshake duration: 29.91 ms
Execution 100 - TLS Mutual
s_connection: verify depth is 1
Handshake duration: 29.31 ms
Execution 101 - TLS Mutual
s_connection: verify depth is 1
Handshake duration: 3358.59 ms
Execution 102 - TLS Mutual
s_connection: verify depth is 1
Handshake duration: 30.09 ms
Execution 103 - TLS Mutual
s_connection: verify depth is 1
Handshake duration: 32.57 ms
Execution 104 - TLS Mutual
s_connection: verify depth is 1
Handshake duration: 28.90 ms
Execution 105 - TLS Mutual
s_connection: verify depth is 1
Handshake duration: 29.13 ms
Execution 106 - TLS Mutual
s_connection: verify depth is 1
Handshake duration: 268.52 ms
Execution 107 - TLS Mutual
s_connection: verify depth is 1
Handshake duration: 30.50 ms
Execution 108 - TLS Mutual
s_connection: verify depth is 1
Handshake duration: 29.09 ms
Execution 109 - TLS Mutual
s_connection: verify depth is 1
Handshake duration: 271.84 ms
Execution 110 - TLS Mutual
s_connection: verify depth is 1
Handshake duration: 30.49 ms
Execution 111 - TLS Mutual
s_connection: verify depth is 1
Handshake duration: 273.09 ms
Execution 112 - TLS Mutual
s_connection: verify depth is 1
Handshake duration: 33.72 ms
Execution 113 - TLS Mutual
s_connection: verify depth is 1
Handshake duration: 3199.25 ms
Execution 114 - TLS Mutual
s_connection: verify depth is 1
Handshake duration: 30.50 ms
Execution 115 - TLS Mutual
s_connection: verify depth is 1
Handshake duration: 677.55 ms
Execution 116 - TLS Mutual
s_connection: verify depth is 1
Handshake duration: 30.82 ms
Execution 117 - TLS Mutual
s_connection: verify depth is 1
Handshake duration: 30.79 ms
Execution 118 - TLS Mutual
s_connection: verify depth is 1
Handshake duration: 29.86 ms
Execution 119 - TLS Mutual
s_connection: verify depth is 1
Handshake duration: 29.59 ms
Execution 120 - TLS Mutual
s_connection: verify depth is 1
Handshake duration: 1047.10 ms
Execution 121 - TLS Mutual
s_connection: verify depth is 1
Handshake duration: 31.03 ms
Execution 122 - TLS Mutual
s_connection: verify depth is 1
Handshake duration: 30.28 ms
Execution 123 - TLS Mutual
s_connection: verify depth is 1
Handshake duration: 1282.41 ms
Execution 124 - TLS Mutual
s_connection: verify depth is 1
Handshake duration: 30.02 ms
Execution 125 - TLS Mutual
s_connection: verify depth is 1
Handshake duration: 3183.86 ms
