Handshake timeout budget: 150s (identique TLS/QUIC)
Applying netem rules to lo...
Showing qdisc status for the interface: lo
qdisc netem 93a4: root refcnt 2 limit 1000 seed 5326322881979501638
 Sent 0 bytes 0 pkt (dropped 0, overlimits 0 requeues 0) 
 backlog 0b 0p requeues 0
Running ./perftestClientTlsQuic.sh with SIG_ALG=mldsa87 and KEM_ALG=p521_mlkem1024
Execution 1 - TLS Mutual
s_connection: verify depth is 1
Handshake duration: 53.89 ms
Execution 2 - TLS Mutual
s_connection: verify depth is 1
Handshake duration: 2318.78 ms
Execution 3 - TLS Mutual
s_connection: verify depth is 1
Handshake duration: 52.17 ms
Execution 4 - TLS Mutual
s_connection: verify depth is 1
Handshake duration: 51.55 ms
Execution 5 - TLS Mutual
s_connection: verify depth is 1
Handshake duration: 53.22 ms
Execution 6 - TLS Mutual
s_connection: verify depth is 1
Handshake duration: 50.55 ms
Execution 7 - TLS Mutual
s_connection: verify depth is 1
Handshake duration: 50.83 ms
Execution 8 - TLS Mutual
s_connection: verify depth is 1
Handshake duration: 470.40 ms
Execution 9 - TLS Mutual
s_connection: verify depth is 1
Handshake duration: 54.03 ms
Execution 10 - TLS Mutual
s_connection: verify depth is 1
Handshake duration: 51.14 ms
Execution 11 - TLS Mutual
s_connection: verify depth is 1
Handshake duration: 1736.02 ms
Execution 12 - TLS Mutual
s_connection: verify depth is 1
Handshake duration: 51.68 ms
Execution 13 - TLS Mutual
s_connection: verify depth is 1
Handshake duration: 1129.70 ms
Execution 14 - TLS Mutual
s_connection: verify depth is 1
Handshake duration: 52.01 ms
Execution 15 - TLS Mutual
s_connection: verify depth is 1
Handshake duration: 50.68 ms
Execution 16 - TLS Mutual
s_connection: verify depth is 1
Handshake duration: 283.39 ms
Execution 17 - TLS Mutual
s_connection: verify depth is 1
Handshake duration: 52.48 ms
Execution 18 - TLS Mutual
s_connection: verify depth is 1
Handshake duration: 1108.52 ms
Execution 19 - TLS Mutual
s_connection: verify depth is 1
Handshake duration: 52.28 ms
Execution 20 - TLS Mutual
s_connection: verify depth is 1
Handshake duration: 51.19 ms
Execution 21 - TLS Mutual
s_connection: verify depth is 1
Handshake duration: 50.66 ms
Execution 22 - TLS Mutual
s_connection: verify depth is 1
Handshake duration: 50.74 ms
Execution 23 - TLS Mutual
s_connection: verify depth is 1
Handshake duration: 1099.87 ms
Execution 24 - TLS Mutual
s_connection: verify depth is 1
Handshake duration: 53.59 ms
Execution 25 - TLS Mutual
s_connection: verify depth is 1
Handshake duration: 1111.54 ms
Execution 26 - TLS Mutual
s_connection: verify depth is 1
Handshake duration: 1096.18 ms
Execution 27 - TLS Mutual
s_connection: verify depth is 1
Handshake duration: 1347.33 ms
Execution 28 - TLS Mutual
s_connection: verify depth is 1
Handshake duration: 287.51 ms
Execution 29 - TLS Mutual
s_connection: verify depth is 1
Handshake duration: 1523.71 ms
Execution 30 - TLS Mutual
s_connection: verify depth is 1
Handshake duration: 1541.50 ms
Execution 31 - TLS Mutual
s_connection: verify depth is 1
Handshake duration: 51.11 ms
Execution 32 - TLS Mutual
s_connection: verify depth is 1
Handshake duration: 51.23 ms
Execution 33 - TLS Mutual
s_connection: verify depth is 1
Handshake duration: 286.99 ms
Execution 34 - TLS Mutual
s_connection: verify depth is 1
Handshake duration: 1068.58 ms
Execution 35 - TLS Mutual
s_connection: verify depth is 1
Handshake duration: 52.84 ms
Execution 36 - TLS Mutual
s_connection: verify depth is 1
Handshake duration: 50.88 ms
Execution 37 - TLS Mutual
s_connection: verify depth is 1
Handshake duration: 2302.64 ms
Execution 38 - TLS Mutual
s_connection: verify depth is 1
Handshake duration: 494.98 ms
Execution 39 - TLS Mutual
s_connection: verify depth is 1
Handshake duration: 51.68 ms
Execution 40 - TLS Mutual
s_connection: verify depth is 1
Handshake duration: 1477.12 ms
Execution 41 - TLS Mutual
s_connection: verify depth is 1
Handshake duration: 52.77 ms
Execution 42 - TLS Mutual
s_connection: verify depth is 1
Handshake duration: 50.57 ms
Execution 43 - TLS Mutual
s_connection: verify depth is 1
Handshake duration: 876.40 ms
Execution 44 - TLS Mutual
s_connection: verify depth is 1
Handshake duration: 57.95 ms
Execution 45 - TLS Mutual
s_connection: verify depth is 1
Handshake duration: 51.83 ms
Execution 46 - TLS Mutual
s_connection: verify depth is 1
Handshake duration: 51.81 ms
Execution 47 - TLS Mutual
s_connection: verify depth is 1
Handshake duration: 50.49 ms
Execution 48 - TLS Mutual
s_connection: verify depth is 1
Handshake duration: 50.88 ms
Execution 49 - TLS Mutual
s_connection: verify depth is 1
Handshake duration: 1324.12 ms
Execution 50 - TLS Mutual
s_connection: verify depth is 1
Handshake duration: 52.85 ms
Execution 51 - TLS Mutual
s_connection: verify depth is 1
Handshake duration: 880.45 ms
Execution 52 - TLS Mutual
s_connection: verify depth is 1
Handshake duration: 52.61 ms
Execution 53 - TLS Mutual
s_connection: verify depth is 1
Handshake duration: 50.39 ms
Execution 54 - TLS Mutual
s_connection: verify depth is 1
Handshake duration: 50.97 ms
Execution 55 - TLS Mutual
s_connection: verify depth is 1
Handshake duration: 51.68 ms
Execution 56 - TLS Mutual
s_connection: verify depth is 1
Handshake duration: 2507.42 ms
Execution 57 - TLS Mutual
s_connection: verify depth is 1
Handshake duration: 285.78 ms
Execution 58 - TLS Mutual
s_connection: verify depth is 1
Handshake duration: 60.67 ms
Execution 59 - TLS Mutual
s_connection: verify depth is 1
Handshake duration: 53.12 ms
Execution 60 - TLS Mutual
s_connection: verify depth is 1
Handshake duration: 291.16 ms
Execution 61 - TLS Mutual
s_connection: verify depth is 1
Handshake duration: 53.41 ms
Execution 62 - TLS Mutual
s_connection: verify depth is 1
Handshake duration: 51.66 ms
Execution 63 - TLS Mutual
s_connection: verify depth is 1
Handshake duration: 281.60 ms
Execution 64 - TLS Mutual
s_connection: verify depth is 1
Handshake duration: 51.91 ms
Execution 65 - TLS Mutual
s_connection: verify depth is 1
Handshake duration: 50.85 ms
Execution 66 - TLS Mutual
s_connection: verify depth is 1
Handshake duration: 52.46 ms
Execution 67 - TLS Mutual
s_connection: verify depth is 1
Handshake duration: 51.48 ms
Execution 68 - TLS Mutual
s_connection: verify depth is 1
Handshake duration: 884.62 ms
Execution 69 - TLS Mutual
s_connection: verify depth is 1
Handshake duration: 1105.42 ms
Execution 70 - TLS Mutual
s_connection: verify depth is 1
Handshake duration: 288.35 ms
Execution 71 - TLS Mutual
s_connection: verify depth is 1
Handshake duration: 286.96 ms
Execution 72 - TLS Mutual
s_connection: verify depth is 1
Handshake duration: 50.73 ms
Execution 73 - TLS Mutual
s_connection: verify depth is 1
Handshake duration: 284.28 ms
Execution 74 - TLS Mutual
s_connection: verify depth is 1
Handshake duration: 52.39 ms
Execution 75 - TLS Mutual
s_connection: verify depth is 1
Handshake duration: 691.37 ms
Execution 76 - TLS Mutual
s_connection: verify depth is 1
Handshake duration: 285.96 ms
Execution 77 - TLS Mutual
s_connection: verify depth is 1
Handshake duration: 53.98 ms
Execution 78 - TLS Mutual
s_connection: verify depth is 1
Handshake duration: 50.89 ms
Execution 79 - TLS Mutual
s_connection: verify depth is 1
Handshake duration: 1096.33 ms
Execution 80 - TLS Mutual
s_connection: verify depth is 1
Handshake duration: 52.38 ms
Execution 81 - TLS Mutual
s_connection: verify depth is 1
Handshake duration: 51.73 ms
Execution 82 - TLS Mutual
s_connection: verify depth is 1
Handshake duration: 1691.40 ms
Execution 83 - TLS Mutual
s_connection: verify depth is 1
Handshake duration: 1722.66 ms
Execution 84 - TLS Mutual
s_connection: verify depth is 1
Handshake duration: 51.71 ms
Execution 85 - TLS Mutual
s_connection: verify depth is 1
Handshake duration: 50.81 ms
Execution 86 - TLS Mutual
s_connection: verify depth is 1
Handshake duration: 1102.68 ms
Execution 87 - TLS Mutual
s_connection: verify depth is 1
Handshake duration: 51.60 ms
Execution 88 - TLS Mutual
s_connection: verify depth is 1
Handshake duration: 51.28 ms
Execution 89 - TLS Mutual
s_connection: verify depth is 1
Handshake duration: 2328.91 ms
Execution 90 - TLS Mutual
s_connection: verify depth is 1
Handshake duration: 51.42 ms
Execution 91 - TLS Mutual
s_connection: verify depth is 1
Handshake duration: 1127.62 ms
Execution 92 - TLS Mutual
s_connection: verify depth is 1
Handshake duration: 50.97 ms
Execution 93 - TLS Mutual
s_connection: verify depth is 1
Handshake duration: 1124.55 ms
Execution 94 - TLS Mutual
s_connection: verify depth is 1
Handshake duration: 51.38 ms
Execution 95 - TLS Mutual
s_connection: verify depth is 1
Handshake duration: 1067.74 ms
Execution 96 - TLS Mutual
s_connection: verify depth is 1
Handshake duration: 52.70 ms
Execution 97 - TLS Mutual
s_connection: verify depth is 1
Handshake duration: 1080.46 ms
Execution 98 - TLS Mutual
s_connection: verify depth is 1
Handshake duration: 53.38 ms
Execution 99 - TLS Mutual
s_connection: verify depth is 1
Handshake duration: 1909.71 ms
Execution 100 - TLS Mutual
s_connection: verify depth is 1
Handshake duration: 51.67 ms
Execution 101 - TLS Mutual
s_connection: verify depth is 1
Handshake duration: 1087.81 ms
Execution 102 - TLS Mutual
s_connection: verify depth is 1
Handshake duration: 51.87 ms
Execution 103 - TLS Mutual
s_connection: verify depth is 1
Handshake duration: 52.13 ms
Execution 104 - TLS Mutual
s_connection: verify depth is 1
Handshake duration: 53.68 ms
Execution 105 - TLS Mutual
s_connection: verify depth is 1
Handshake duration: 267.12 ms
Execution 106 - TLS Mutual
s_connection: verify depth is 1
Handshake duration: 52.69 ms
Execution 107 - TLS Mutual
s_connection: verify depth is 1
Handshake duration: 291.59 ms
Execution 108 - TLS Mutual
s_connection: verify depth is 1
Handshake duration: 51.84 ms
Execution 109 - TLS Mutual
s_connection: verify depth is 1
Handshake duration: 51.46 ms
Execution 110 - TLS Mutual
s_connection: verify depth is 1
Handshake duration: 51.16 ms
Execution 111 - TLS Mutual
s_connection: verify depth is 1
Handshake duration: 50.73 ms
Execution 112 - TLS Mutual
s_connection: verify depth is 1
Handshake duration: 50.65 ms
Execution 113 - TLS Mutual
s_connection: verify depth is 1
Handshake duration: 52.10 ms
Execution 114 - TLS Mutual
s_connection: verify depth is 1
Handshake duration: 913.06 ms
Execution 115 - TLS Mutual
s_connection: verify depth is 1
Handshake duration: 50.82 ms
Execution 116 - TLS Mutual
s_connection: verify depth is 1
Handshake duration: 50.98 ms
Execution 117 - TLS Mutual
s_connection: verify depth is 1
Handshake duration: 881.56 ms
Execution 118 - TLS Mutual
s_connection: verify depth is 1
Handshake duration: 57.64 ms
Execution 119 - TLS Mutual
s_connection: verify depth is 1
Handshake duration: 52.83 ms
Execution 120 - TLS Mutual
s_connection: verify depth is 1
Handshake duration: 51.17 ms
Execution 121 - TLS Mutual
s_connection: verify depth is 1
Handshake duration: 676.85 ms
Execution 122 - TLS Mutual
s_connection: verify depth is 1
Handshake duration: 54.35 ms
Execution 123 - TLS Mutual
s_connection: verify depth is 1
Handshake duration: 1112.35 ms
Execution 124 - TLS Mutual
s_connection: verify depth is 1
Handshake duration: 52.40 ms
Execution 125 - TLS Mutual
s_connection: verify depth is 1
Handshake duration: 50.85 ms
