Handshake timeout budget: 150s (identique TLS/QUIC)
Applying netem rules to lo...
Showing qdisc status for the interface: lo
qdisc netem 939e: root refcnt 2 limit 1000 seed 5028666904427088743
 Sent 0 bytes 0 pkt (dropped 0, overlimits 0 requeues 0) 
 backlog 0b 0p requeues 0
Running ./perftestClientTlsQuic.sh with SIG_ALG=secp521r1 and KEM_ALG=P-521
Execution 1 - TLS Mutual
s_connection: verify depth is 1
Handshake duration: 1248.72 ms
Execution 2 - TLS Mutual
s_connection: verify depth is 1
Handshake duration: 10.13 ms
Execution 3 - TLS Mutual
s_connection: verify depth is 1
Handshake duration: 9.63 ms
Execution 4 - TLS Mutual
s_connection: verify depth is 1
Handshake duration: 236.67 ms
Execution 5 - TLS Mutual
s_connection: verify depth is 1
Handshake duration: 10.67 ms
Execution 6 - TLS Mutual
s_connection: verify depth is 1
Handshake duration: 9.99 ms
Execution 7 - TLS Mutual
s_connection: verify depth is 1
Handshake duration: 229.18 ms
Execution 8 - TLS Mutual
s_connection: verify depth is 1
Handshake duration: 236.98 ms
Execution 9 - TLS Mutual
s_connection: verify depth is 1
Handshake duration: 9.95 ms
Execution 10 - TLS Mutual
s_connection: verify depth is 1
Handshake duration: 11.01 ms
Execution 11 - TLS Mutual
s_connection: verify depth is 1
Handshake duration: 9.31 ms
Execution 12 - TLS Mutual
s_connection: verify depth is 1
Handshake duration: 2058.77 ms
Execution 13 - TLS Mutual
s_connection: verify depth is 1
Handshake duration: 14.29 ms
Execution 14 - TLS Mutual
s_connection: verify depth is 1
Handshake duration: 231.63 ms
Execution 15 - TLS Mutual
s_connection: verify depth is 1
Handshake duration: 9.65 ms
Execution 16 - TLS Mutual
s_connection: verify depth is 1
Handshake duration: 10.02 ms
Execution 17 - TLS Mutual
s_connection: verify depth is 1
Handshake duration: 236.60 ms
Execution 18 - TLS Mutual
s_connection: verify depth is 1
Handshake duration: 1057.02 ms
Execution 19 - TLS Mutual
s_connection: verify depth is 1
Handshake duration: 234.61 ms
Execution 20 - TLS Mutual
s_connection: verify depth is 1
Handshake duration: 235.47 ms
Execution 21 - TLS Mutual
s_connection: verify depth is 1
Handshake duration: 430.38 ms
Execution 22 - TLS Mutual
s_connection: verify depth is 1
Handshake duration: 1090.19 ms
Execution 23 - TLS Mutual
s_connection: verify depth is 1
Handshake duration: 13.11 ms
Execution 24 - TLS Mutual
s_connection: verify depth is 1
Handshake duration: 9.37 ms
Execution 25 - TLS Mutual
s_connection: verify depth is 1
Handshake duration: 1063.62 ms
Execution 26 - TLS Mutual
s_connection: verify depth is 1
Handshake duration: 9.61 ms
Execution 27 - TLS Mutual
s_connection: verify depth is 1
Handshake duration: 1240.90 ms
Execution 28 - TLS Mutual
s_connection: verify depth is 1
Handshake duration: 11.08 ms
Execution 29 - TLS Mutual
s_connection: verify depth is 1
Handshake duration: 9.69 ms
Execution 30 - TLS Mutual
s_connection: verify depth is 1
Handshake duration: 233.88 ms
Execution 31 - TLS Mutual
s_connection: verify depth is 1
Handshake duration: 10.59 ms
Execution 32 - TLS Mutual
s_connection: verify depth is 1
Handshake duration: 10.30 ms
Execution 33 - TLS Mutual
s_connection: verify depth is 1
Handshake duration: 9.49 ms
Execution 34 - TLS Mutual
s_connection: verify depth is 1
Handshake duration: 9.27 ms
Execution 35 - TLS Mutual
s_connection: verify depth is 1
Handshake duration: 9.42 ms
Execution 36 - TLS Mutual
s_connection: verify depth is 1
Handshake duration: 232.99 ms
Execution 37 - TLS Mutual
s_connection: verify depth is 1
Handshake duration: 12.36 ms
Execution 38 - TLS Mutual
s_connection: verify depth is 1
Handshake duration: 217.74 ms
Execution 39 - TLS Mutual
s_connection: verify depth is 1
Handshake duration: 229.56 ms
Execution 40 - TLS Mutual
s_connection: verify depth is 1
Handshake duration: 10.02 ms
Execution 41 - TLS Mutual
s_connection: verify depth is 1
Handshake duration: 9.60 ms
Execution 42 - TLS Mutual
s_connection: verify depth is 1
Handshake duration: 9.60 ms
Execution 43 - TLS Mutual
s_connection: verify depth is 1
Handshake duration: 10.18 ms
Execution 44 - TLS Mutual
s_connection: verify depth is 1
Handshake duration: 9.08 ms
Execution 45 - TLS Mutual
s_connection: verify depth is 1
Handshake duration: 233.56 ms
Execution 46 - TLS Mutual
s_connection: verify depth is 1
Handshake duration: 10.58 ms
Execution 47 - TLS Mutual
s_connection: verify depth is 1
Handshake duration: 236.38 ms
Execution 48 - TLS Mutual
s_connection: verify depth is 1
Handshake duration: 10.03 ms
Execution 49 - TLS Mutual
s_connection: verify depth is 1
Handshake duration: 232.24 ms
Execution 50 - TLS Mutual
s_connection: verify depth is 1
Handshake duration: 10.89 ms
Execution 51 - TLS Mutual
s_connection: verify depth is 1
Handshake duration: 1697.28 ms
Execution 52 - TLS Mutual
s_connection: verify depth is 1
Handshake duration: 13.13 ms
Execution 53 - TLS Mutual
s_connection: verify depth is 1
Handshake duration: 13.24 ms
Execution 54 - TLS Mutual
s_connection: verify depth is 1
Handshake duration: 9.70 ms
Execution 55 - TLS Mutual
s_connection: verify depth is 1
Handshake duration: 9.42 ms
Execution 56 - TLS Mutual
s_connection: verify depth is 1
Handshake duration: 8.91 ms
Execution 57 - TLS Mutual
s_connection: verify depth is 1
Handshake duration: 1020.30 ms
Execution 58 - TLS Mutual
s_connection: verify depth is 1
Handshake duration: 16.30 ms
Execution 59 - TLS Mutual
s_connection: verify depth is 1
Handshake duration: 1033.16 ms
Execution 60 - TLS Mutual
s_connection: verify depth is 1
Handshake duration: 1294.62 ms
Execution 61 - TLS Mutual
s_connection: verify depth is 1
Handshake duration: 11.94 ms
Execution 62 - TLS Mutual
s_connection: verify depth is 1
Handshake duration: 9.35 ms
Execution 63 - TLS Mutual
s_connection: verify depth is 1
Handshake duration: 9.38 ms
Execution 64 - TLS Mutual
s_connection: verify depth is 1
Handshake duration: 428.75 ms
Execution 65 - TLS Mutual
s_connection: verify depth is 1
Handshake duration: 1036.77 ms
Execution 66 - TLS Mutual
s_connection: verify depth is 1
Handshake duration: 10.07 ms
Execution 67 - TLS Mutual
s_connection: verify depth is 1
Handshake duration: 10.17 ms
Execution 68 - TLS Mutual
s_connection: verify depth is 1
Handshake duration: 9.40 ms
Execution 69 - TLS Mutual
s_connection: verify depth is 1
Handshake duration: 9.34 ms
Execution 70 - TLS Mutual
s_connection: verify depth is 1
Handshake duration: 9.64 ms
Execution 71 - TLS Mutual
s_connection: verify depth is 1
Handshake duration: 3900.90 ms
Execution 72 - TLS Mutual
s_connection: verify depth is 1
Handshake duration: 11.32 ms
Execution 73 - TLS Mutual
s_connection: verify depth is 1
Handshake duration: 9.78 ms
Execution 74 - TLS Mutual
s_connection: verify depth is 1
Handshake duration: 1037.89 ms
Execution 75 - TLS Mutual
s_connection: verify depth is 1
Handshake duration: 11.36 ms
Execution 76 - TLS Mutual
s_connection: verify depth is 1
Handshake duration: 10.09 ms
Execution 77 - TLS Mutual
s_connection: verify depth is 1
Handshake duration: 9.31 ms
Execution 78 - TLS Mutual
s_connection: verify depth is 1
Handshake duration: 10.04 ms
Execution 79 - TLS Mutual
s_connection: verify depth is 1
Handshake duration: 13.52 ms
Execution 80 - TLS Mutual
s_connection: verify depth is 1
Handshake duration: 10.35 ms
Execution 81 - TLS Mutual
s_connection: verify depth is 1
Handshake duration: 10.08 ms
Execution 82 - TLS Mutual
s_connection: verify depth is 1
Handshake duration: 9.56 ms
Execution 83 - TLS Mutual
s_connection: verify depth is 1
Handshake duration: 230.34 ms
Execution 84 - TLS Mutual
s_connection: verify depth is 1
Handshake duration: 10.80 ms
Execution 85 - TLS Mutual
s_connection: verify depth is 1
Handshake duration: 1053.64 ms
Execution 86 - TLS Mutual
s_connection: verify depth is 1
Handshake duration: 11.68 ms
Execution 87 - TLS Mutual
s_connection: verify depth is 1
Handshake duration: 1062.28 ms
Execution 88 - TLS Mutual
s_connection: verify depth is 1
Handshake duration: 10.14 ms
Execution 89 - TLS Mutual
s_connection: verify depth is 1
Handshake duration: 1049.65 ms
Execution 90 - TLS Mutual
s_connection: verify depth is 1
Handshake duration: 9.75 ms
Execution 91 - TLS Mutual
s_connection: verify depth is 1
Handshake duration: 230.07 ms
Execution 92 - TLS Mutual
s_connection: verify depth is 1
Handshake duration: 11.00 ms
Execution 93 - TLS Mutual
s_connection: verify depth is 1
Handshake duration: 9.56 ms
Execution 94 - TLS Mutual
s_connection: verify depth is 1
Handshake duration: 9.49 ms
Execution 95 - TLS Mutual
s_connection: verify depth is 1
Handshake duration: 9.58 ms
Execution 96 - TLS Mutual
s_connection: verify depth is 1
Handshake duration: 9.46 ms
Execution 97 - TLS Mutual
s_connection: verify depth is 1
Handshake duration: 1262.64 ms
Execution 98 - TLS Mutual
s_connection: verify depth is 1
Handshake duration: 1059.11 ms
Execution 99 - TLS Mutual
s_connection: verify depth is 1
Handshake duration: 229.67 ms
Execution 100 - TLS Mutual
s_connection: verify depth is 1
Handshake duration: 1075.13 ms
Execution 101 - TLS Mutual
s_connection: verify depth is 1
Handshake duration: 1076.17 ms
Execution 102 - TLS Mutual
s_connection: verify depth is 1
Handshake duration: 234.65 ms
Execution 103 - TLS Mutual
s_connection: verify depth is 1
Handshake duration: 231.87 ms
Execution 104 - TLS Mutual
s_connection: verify depth is 1
Handshake duration: 9.98 ms
Execution 105 - TLS Mutual
s_connection: verify depth is 1
Handshake duration: 10.39 ms
Execution 106 - TLS Mutual
s_connection: verify depth is 1
Handshake duration: 9.22 ms
Execution 107 - TLS Mutual
s_connection: verify depth is 1
Handshake duration: 9.34 ms
Execution 108 - TLS Mutual
s_connection: verify depth is 1
Handshake duration: 10.11 ms
Execution 109 - TLS Mutual
s_connection: verify depth is 1
Handshake duration: 8.82 ms
Execution 110 - TLS Mutual
s_connection: verify depth is 1
Handshake duration: 8.85 ms
Execution 111 - TLS Mutual
s_connection: verify depth is 1
Handshake duration: 8.88 ms
Execution 112 - TLS Mutual
s_connection: verify depth is 1
Handshake duration: 9.42 ms
Execution 113 - TLS Mutual
s_connection: verify depth is 1
Handshake duration: 9.71 ms
Execution 114 - TLS Mutual
s_connection: verify depth is 1
Handshake duration: 9.07 ms
Execution 115 - TLS Mutual
s_connection: verify depth is 1
Handshake duration: 8.96 ms
Execution 116 - TLS Mutual
s_connection: verify depth is 1
Handshake duration: 9.23 ms
Execution 117 - TLS Mutual
s_connection: verify depth is 1
Handshake duration: 1251.15 ms
Execution 118 - TLS Mutual
s_connection: verify depth is 1
Handshake duration: 1076.13 ms
Execution 119 - TLS Mutual
s_connection: verify depth is 1
Handshake duration: 429.55 ms
Execution 120 - TLS Mutual
s_connection: verify depth is 1
Handshake duration: 10.87 ms
Execution 121 - TLS Mutual
s_connection: verify depth is 1
Handshake duration: 9.66 ms
Execution 122 - TLS Mutual
s_connection: verify depth is 1
Handshake duration: 9.57 ms
Execution 123 - TLS Mutual
s_connection: verify depth is 1
Handshake duration: 9.54 ms
Execution 124 - TLS Mutual
s_connection: verify depth is 1
Handshake duration: 9.21 ms
Execution 125 - TLS Mutual
s_connection: verify depth is 1
Handshake duration: 9.14 ms
