Handshake timeout budget: 150s (identique TLS/QUIC)
Applying netem rules to lo...
Showing qdisc status for the interface: lo
qdisc netem 8018: root refcnt 2 limit 1000 seed 2957490944279320724
 Sent 0 bytes 0 pkt (dropped 0, overlimits 0 requeues 0) 
 backlog 0b 0p requeues 0
Running ./perftestClientTlsQuic.sh with SIG_ALG=mldsa65 and KEM_ALG=p384_hqc192
Execution 1 - TLS Mutual
s_connection: verify depth is 1
Handshake duration: 86.63 ms
Execution 2 - TLS Mutual
s_connection: verify depth is 1
Handshake duration: 82.19 ms
Execution 3 - TLS Mutual
s_connection: verify depth is 1
Handshake duration: 82.90 ms
Execution 4 - TLS Mutual
s_connection: verify depth is 1
Handshake duration: 510.10 ms
Execution 5 - TLS Mutual
s_connection: verify depth is 1
Handshake duration: 306.56 ms
Execution 6 - TLS Mutual
s_connection: verify depth is 1
Handshake duration: 1367.65 ms
Execution 7 - TLS Mutual
s_connection: verify depth is 1
Handshake duration: 84.70 ms
Execution 8 - TLS Mutual
s_connection: verify depth is 1
Handshake duration: 84.29 ms
Execution 9 - TLS Mutual
s_connection: verify depth is 1
Handshake duration: 85.44 ms
Execution 10 - TLS Mutual
s_connection: verify depth is 1
Handshake duration: 82.55 ms
Execution 11 - TLS Mutual
s_connection: verify depth is 1
Handshake duration: 86.32 ms
Execution 12 - TLS Mutual
s_connection: verify depth is 1
Handshake duration: 93.35 ms
Execution 13 - TLS Mutual
s_connection: verify depth is 1
Handshake duration: 312.26 ms
Execution 14 - TLS Mutual
s_connection: verify depth is 1
Handshake duration: 86.91 ms
Execution 15 - TLS Mutual
s_connection: verify depth is 1
Handshake duration: 89.42 ms
Execution 16 - TLS Mutual
s_connection: verify depth is 1
Handshake duration: 89.41 ms
Execution 17 - TLS Mutual
s_connection: verify depth is 1
Handshake duration: 84.22 ms
Execution 18 - TLS Mutual
s_connection: verify depth is 1
Handshake duration: 1346.60 ms
Execution 19 - TLS Mutual
s_connection: verify depth is 1
Handshake duration: 86.31 ms
Execution 20 - TLS Mutual
s_connection: verify depth is 1
Handshake duration: 83.47 ms
Execution 21 - TLS Mutual
s_connection: verify depth is 1
Handshake duration: 3380.65 ms
Execution 22 - TLS Mutual
s_connection: verify depth is 1
Handshake duration: 2429.44 ms
Execution 23 - TLS Mutual
s_connection: verify depth is 1
Handshake duration: 297.39 ms
Execution 24 - TLS Mutual
s_connection: verify depth is 1
Handshake duration: 95.42 ms
Execution 25 - TLS Mutual
s_connection: verify depth is 1
Handshake duration: 3169.59 ms
Execution 26 - TLS Mutual
s_connection: verify depth is 1
Handshake duration: 87.45 ms
Execution 27 - TLS Mutual
s_connection: verify depth is 1
Handshake duration: 84.80 ms
Execution 28 - TLS Mutual
s_connection: verify depth is 1
Handshake duration: 89.65 ms
Execution 29 - TLS Mutual
s_connection: verify depth is 1
Handshake duration: 98.94 ms
Execution 30 - TLS Mutual
s_connection: verify depth is 1
Handshake duration: 93.19 ms
Execution 31 - TLS Mutual
s_connection: verify depth is 1
Handshake duration: 86.52 ms
Execution 32 - TLS Mutual
s_connection: verify depth is 1
Handshake duration: 84.01 ms
Execution 33 - TLS Mutual
s_connection: verify depth is 1
Handshake duration: 85.22 ms
Execution 34 - TLS Mutual
s_connection: verify depth is 1
Handshake duration: 81.82 ms
Execution 35 - TLS Mutual
s_connection: verify depth is 1
Handshake duration: 87.11 ms
Execution 36 - TLS Mutual
s_connection: verify depth is 1
Handshake duration: 1149.50 ms
Execution 37 - TLS Mutual
s_connection: verify depth is 1
Handshake duration: 84.37 ms
Execution 38 - TLS Mutual
s_connection: verify depth is 1
Handshake duration: 1174.65 ms
Execution 39 - TLS Mutual
s_connection: verify depth is 1
Handshake duration: 86.64 ms
Execution 40 - TLS Mutual
s_connection: verify depth is 1
Handshake duration: 1148.42 ms
Execution 41 - TLS Mutual
s_connection: verify depth is 1
Handshake duration: 84.69 ms
Execution 42 - TLS Mutual
s_connection: verify depth is 1
Handshake duration: 298.42 ms
Execution 43 - TLS Mutual
s_connection: verify depth is 1
Handshake duration: 85.89 ms
Execution 44 - TLS Mutual
s_connection: verify depth is 1
Handshake duration: 301.88 ms
Execution 45 - TLS Mutual
s_connection: verify depth is 1
Handshake duration: 294.41 ms
Execution 46 - TLS Mutual
s_connection: verify depth is 1
Handshake duration: 85.52 ms
Execution 47 - TLS Mutual
s_connection: verify depth is 1
Handshake duration: 1364.40 ms
Execution 48 - TLS Mutual
s_connection: verify depth is 1
Handshake duration: 1839.90 ms
Execution 49 - TLS Mutual
s_connection: verify depth is 1
Handshake duration: 1348.14 ms
Execution 50 - TLS Mutual
s_connection: verify depth is 1
Handshake duration: 3243.53 ms
Execution 51 - TLS Mutual
s_connection: verify depth is 1
Handshake duration: 323.82 ms
Execution 52 - TLS Mutual
s_connection: verify depth is 1
Handshake duration: 1131.64 ms
Execution 53 - TLS Mutual
s_connection: verify depth is 1
Handshake duration: 87.64 ms
Execution 54 - TLS Mutual
s_connection: verify depth is 1
Handshake duration: 114.38 ms
Execution 55 - TLS Mutual
s_connection: verify depth is 1
Handshake duration: 715.42 ms
Execution 56 - TLS Mutual
s_connection: verify depth is 1
Handshake duration: 1990.58 ms
Execution 57 - TLS Mutual
s_connection: verify depth is 1
Handshake duration: 95.64 ms
Execution 58 - TLS Mutual
s_connection: verify depth is 1
Handshake duration: 90.00 ms
Execution 59 - TLS Mutual
s_connection: verify depth is 1
Handshake duration: 299.59 ms
Execution 60 - TLS Mutual
s_connection: verify depth is 1
Handshake duration: 91.50 ms
Execution 61 - TLS Mutual
s_connection: verify depth is 1
Handshake duration: 293.05 ms
Execution 62 - TLS Mutual
s_connection: verify depth is 1
Handshake duration: 1351.75 ms
Execution 63 - TLS Mutual
s_connection: verify depth is 1
Handshake duration: 95.11 ms
Execution 64 - TLS Mutual
s_connection: verify depth is 1
Handshake duration: 102.51 ms
Execution 65 - TLS Mutual
s_connection: verify depth is 1
Handshake duration: 1585.22 ms
Execution 66 - TLS Mutual
s_connection: verify depth is 1
Handshake duration: 94.98 ms
Execution 67 - TLS Mutual
s_connection: verify depth is 1
Handshake duration: 287.41 ms
Execution 68 - TLS Mutual
s_connection: verify depth is 1
Handshake duration: 283.40 ms
Execution 69 - TLS Mutual
s_connection: verify depth is 1
Handshake duration: 93.90 ms
Execution 70 - TLS Mutual
s_connection: verify depth is 1
Handshake duration: 1132.29 ms
Execution 71 - TLS Mutual
s_connection: verify depth is 1
Handshake duration: 93.02 ms
Execution 72 - TLS Mutual
s_connection: verify depth is 1
Handshake duration: 94.77 ms
Execution 73 - TLS Mutual
s_connection: verify depth is 1
Handshake duration: 1161.58 ms
Execution 74 - TLS Mutual
s_connection: verify depth is 1
Handshake duration: 107.53 ms
Execution 75 - TLS Mutual
s_connection: verify depth is 1
Handshake duration: 1363.46 ms
Execution 76 - TLS Mutual
s_connection: verify depth is 1
Handshake duration: 95.16 ms
Execution 77 - TLS Mutual
s_connection: verify depth is 1
Handshake duration: 92.56 ms
Execution 78 - TLS Mutual
s_connection: verify depth is 1
Handshake duration: 88.73 ms
Execution 79 - TLS Mutual
s_connection: verify depth is 1
Handshake duration: 91.34 ms
Execution 80 - TLS Mutual
s_connection: verify depth is 1
Handshake duration: 89.22 ms
Execution 81 - TLS Mutual
s_connection: verify depth is 1
Handshake duration: 85.98 ms
Execution 82 - TLS Mutual
s_connection: verify depth is 1
Handshake duration: 81.80 ms
Execution 83 - TLS Mutual
s_connection: verify depth is 1
Handshake duration: 296.55 ms
Execution 84 - TLS Mutual
s_connection: verify depth is 1
Handshake duration: 93.26 ms
Execution 85 - TLS Mutual
s_connection: verify depth is 1
Handshake duration: 1140.20 ms
Execution 86 - TLS Mutual
s_connection: verify depth is 1
Handshake duration: 1794.30 ms
Execution 87 - TLS Mutual
s_connection: verify depth is 1
Handshake duration: 1368.22 ms
Execution 88 - TLS Mutual
s_connection: verify depth is 1
Handshake duration: 296.75 ms
Execution 89 - TLS Mutual
s_connection: verify depth is 1
Handshake duration: 1165.80 ms
Execution 90 - TLS Mutual
s_connection: verify depth is 1
Handshake duration: 304.33 ms
Execution 91 - TLS Mutual
s_connection: verify depth is 1
Handshake duration: 82.17 ms
Execution 92 - TLS Mutual
s_connection: verify depth is 1
Handshake duration: 85.20 ms
Execution 93 - TLS Mutual
s_connection: verify depth is 1
Handshake duration: 81.61 ms
Execution 94 - TLS Mutual
s_connection: verify depth is 1
Handshake duration: 1173.46 ms
Execution 95 - TLS Mutual
s_connection: verify depth is 1
Handshake duration: 1137.93 ms
Execution 96 - TLS Mutual
s_connection: verify depth is 1
Handshake duration: 282.87 ms
Execution 97 - TLS Mutual
s_connection: verify depth is 1
Handshake duration: 86.85 ms
Execution 98 - TLS Mutual
s_connection: verify depth is 1
Handshake duration: 539.95 ms
Execution 99 - TLS Mutual
s_connection: verify depth is 1
Handshake duration: 1345.32 ms
Execution 100 - TLS Mutual
s_connection: verify depth is 1
Handshake duration: 2158.90 ms
Execution 101 - TLS Mutual
s_connection: verify depth is 1
Handshake duration: 82.39 ms
Execution 102 - TLS Mutual
s_connection: verify depth is 1
Handshake duration: 300.69 ms
Execution 103 - TLS Mutual
s_connection: verify depth is 1
Handshake duration: 1826.95 ms
Execution 104 - TLS Mutual
s_connection: verify depth is 1
Handshake duration: 79.82 ms
Execution 105 - TLS Mutual
s_connection: verify depth is 1
Handshake duration: 294.81 ms
Execution 106 - TLS Mutual
s_connection: verify depth is 1
Handshake duration: 115.03 ms
Execution 107 - TLS Mutual
s_connection: verify depth is 1
Handshake duration: 1619.48 ms
Execution 108 - TLS Mutual
s_connection: verify depth is 1
Handshake duration: 80.65 ms
Execution 109 - TLS Mutual
s_connection: verify depth is 1
Handshake duration: 303.37 ms
Execution 110 - TLS Mutual
s_connection: verify depth is 1
Handshake duration: 91.40 ms
Execution 111 - TLS Mutual
s_connection: verify depth is 1
Handshake duration: 80.98 ms
Execution 112 - TLS Mutual
s_connection: verify depth is 1
Handshake duration: 86.86 ms
Execution 113 - TLS Mutual
s_connection: verify depth is 1
Handshake duration: 87.58 ms
Execution 114 - TLS Mutual
s_connection: verify depth is 1
Handshake duration: 78.77 ms
Execution 115 - TLS Mutual
s_connection: verify depth is 1
Handshake duration: 79.85 ms
Execution 116 - TLS Mutual
s_connection: verify depth is 1
Handshake duration: 78.96 ms
Execution 117 - TLS Mutual
s_connection: verify depth is 1
Handshake duration: 299.39 ms
Execution 118 - TLS Mutual
s_connection: verify depth is 1
Handshake duration: 1390.01 ms
Execution 119 - TLS Mutual
s_connection: verify depth is 1
Handshake duration: 916.52 ms
Execution 120 - TLS Mutual
s_connection: verify depth is 1
Handshake duration: 300.20 ms
Execution 121 - TLS Mutual
s_connection: verify depth is 1
Handshake duration: 100.86 ms
Execution 122 - TLS Mutual
s_connection: verify depth is 1
Handshake duration: 294.83 ms
Execution 123 - TLS Mutual
s_connection: verify depth is 1
Handshake duration: 84.17 ms
Execution 124 - TLS Mutual
s_connection: verify depth is 1
Handshake duration: 79.28 ms
Execution 125 - TLS Mutual
s_connection: verify depth is 1
Handshake duration: 2142.00 ms
