Handshake timeout budget: 150s (identique TLS/QUIC)
Applying netem rules to lo...
Showing qdisc status for the interface: lo
qdisc netem 935c: root refcnt 2 limit 1000 seed 287660961360433864
 Sent 0 bytes 0 pkt (dropped 0, overlimits 0 requeues 0) 
 backlog 0b 0p requeues 0
Running ./perftestClientTlsQuic.sh with SIG_ALG=secp384r1 and KEM_ALG=p384_hqc192
Execution 1 - TLS Mutual
s_connection: verify depth is 1
Handshake duration: 1100.88 ms
Execution 2 - TLS Mutual
s_connection: verify depth is 1
Handshake duration: 55.67 ms
Execution 3 - TLS Mutual
s_connection: verify depth is 1
Handshake duration: 257.92 ms
Execution 4 - TLS Mutual
s_connection: verify depth is 1
Handshake duration: 303.50 ms
Execution 5 - TLS Mutual
s_connection: verify depth is 1
Handshake duration: 63.48 ms
Execution 6 - TLS Mutual
s_connection: verify depth is 1
Handshake duration: 1107.99 ms
Execution 7 - TLS Mutual
s_connection: verify depth is 1
Handshake duration: 707.83 ms
Execution 8 - TLS Mutual
s_connection: verify depth is 1
Handshake duration: 55.84 ms
Execution 9 - TLS Mutual
s_connection: verify depth is 1
Handshake duration: 54.97 ms
Execution 10 - TLS Mutual
s_connection: verify depth is 1
Handshake duration: 55.37 ms
Execution 11 - TLS Mutual
s_connection: verify depth is 1
Handshake duration: 1096.64 ms
Execution 12 - TLS Mutual
s_connection: verify depth is 1
Handshake duration: 56.97 ms
Execution 13 - TLS Mutual
s_connection: verify depth is 1
Handshake duration: 55.22 ms
Execution 14 - TLS Mutual
s_connection: verify depth is 1
Handshake duration: 59.95 ms
Execution 15 - TLS Mutual
s_connection: verify depth is 1
Handshake duration: 57.38 ms
Execution 16 - TLS Mutual
s_connection: verify depth is 1
Handshake duration: 1484.29 ms
Execution 17 - TLS Mutual
s_connection: verify depth is 1
Handshake duration: 56.88 ms
Execution 18 - TLS Mutual
s_connection: verify depth is 1
Handshake duration: 55.06 ms
Execution 19 - TLS Mutual
s_connection: verify depth is 1
Handshake duration: 54.76 ms
Execution 20 - TLS Mutual
s_connection: verify depth is 1
Handshake duration: 1088.77 ms
Execution 21 - TLS Mutual
s_connection: verify depth is 1
Handshake duration: 57.73 ms
Execution 22 - TLS Mutual
s_connection: verify depth is 1
Handshake duration: 55.42 ms
Execution 23 - TLS Mutual
s_connection: verify depth is 1
Handshake duration: 463.43 ms
Execution 24 - TLS Mutual
s_connection: verify depth is 1
Handshake duration: 65.27 ms
Execution 25 - TLS Mutual
s_connection: verify depth is 1
Handshake duration: 54.62 ms
Execution 26 - TLS Mutual
s_connection: verify depth is 1
Handshake duration: 54.74 ms
Execution 27 - TLS Mutual
s_connection: verify depth is 1
Handshake duration: 55.05 ms
Execution 28 - TLS Mutual
s_connection: verify depth is 1
Handshake duration: 54.89 ms
Execution 29 - TLS Mutual
s_connection: verify depth is 1
Handshake duration: 2176.41 ms
Execution 30 - TLS Mutual
s_connection: verify depth is 1
Handshake duration: 56.50 ms
Execution 31 - TLS Mutual
s_connection: verify depth is 1
Handshake duration: 56.03 ms
Execution 32 - TLS Mutual
s_connection: verify depth is 1
Handshake duration: 255.16 ms
Execution 33 - TLS Mutual
s_connection: verify depth is 1
Handshake duration: 61.47 ms
Execution 34 - TLS Mutual
s_connection: verify depth is 1
Handshake duration: 55.58 ms
Execution 35 - TLS Mutual
s_connection: verify depth is 1
Handshake duration: 54.89 ms
Execution 36 - TLS Mutual
s_connection: verify depth is 1
Handshake duration: 54.99 ms
Execution 37 - TLS Mutual
s_connection: verify depth is 1
Handshake duration: 54.89 ms
Execution 38 - TLS Mutual
s_connection: verify depth is 1
Handshake duration: 54.96 ms
Execution 39 - TLS Mutual
s_connection: verify depth is 1
Handshake duration: 261.11 ms
Execution 40 - TLS Mutual
s_connection: verify depth is 1
Handshake duration: 65.81 ms
Execution 41 - TLS Mutual
s_connection: verify depth is 1
Handshake duration: 297.97 ms
Execution 42 - TLS Mutual
s_connection: verify depth is 1
Handshake duration: 453.80 ms
Execution 43 - TLS Mutual
s_connection: verify depth is 1
Handshake duration: 64.19 ms
Execution 44 - TLS Mutual
s_connection: verify depth is 1
Handshake duration: 61.11 ms
Execution 45 - TLS Mutual
s_connection: verify depth is 1
Handshake duration: 69.59 ms
Execution 46 - TLS Mutual
s_connection: verify depth is 1
Handshake duration: 1298.86 ms
Execution 47 - TLS Mutual
s_connection: verify depth is 1
Handshake duration: 259.94 ms
Execution 48 - TLS Mutual
s_connection: verify depth is 1
Handshake duration: 258.83 ms
Execution 49 - TLS Mutual
s_connection: verify depth is 1
Handshake duration: 65.68 ms
Execution 50 - TLS Mutual
s_connection: verify depth is 1
Handshake duration: 55.23 ms
Execution 51 - TLS Mutual
s_connection: verify depth is 1
Handshake duration: 55.36 ms
Execution 52 - TLS Mutual
s_connection: verify depth is 1
Handshake duration: 1728.08 ms
Execution 53 - TLS Mutual
s_connection: verify depth is 1
Handshake duration: 293.50 ms
Execution 54 - TLS Mutual
s_connection: verify depth is 1
Handshake duration: 298.89 ms
Execution 55 - TLS Mutual
s_connection: verify depth is 1
Handshake duration: 58.06 ms
Execution 56 - TLS Mutual
s_connection: verify depth is 1
Handshake duration: 296.32 ms
Execution 57 - TLS Mutual
s_connection: verify depth is 1
Handshake duration: 676.35 ms
Execution 58 - TLS Mutual
s_connection: verify depth is 1
Handshake duration: 250.27 ms
Execution 59 - TLS Mutual
s_connection: verify depth is 1
Handshake duration: 66.18 ms
Execution 60 - TLS Mutual
s_connection: verify depth is 1
Handshake duration: 54.88 ms
Execution 61 - TLS Mutual
s_connection: verify depth is 1
Handshake duration: 2769.16 ms
Execution 62 - TLS Mutual
s_connection: verify depth is 1
Handshake duration: 58.18 ms
Execution 63 - TLS Mutual
s_connection: verify depth is 1
Handshake duration: 54.98 ms
Execution 64 - TLS Mutual
s_connection: verify depth is 1
Handshake duration: 54.82 ms
Execution 65 - TLS Mutual
s_connection: verify depth is 1
Handshake duration: 299.96 ms
Execution 66 - TLS Mutual
s_connection: verify depth is 1
Handshake duration: 294.06 ms
Execution 67 - TLS Mutual
s_connection: verify depth is 1
Handshake duration: 56.44 ms
Execution 68 - TLS Mutual
s_connection: verify depth is 1
Handshake duration: 1084.12 ms
Execution 69 - TLS Mutual
s_connection: verify depth is 1
Handshake duration: 256.19 ms
Execution 70 - TLS Mutual
s_connection: verify depth is 1
Handshake duration: 62.61 ms
Execution 71 - TLS Mutual
s_connection: verify depth is 1
Handshake duration: 54.87 ms
Execution 72 - TLS Mutual
s_connection: verify depth is 1
Handshake duration: 296.74 ms
Execution 73 - TLS Mutual
s_connection: verify depth is 1
Handshake duration: 289.79 ms
Execution 74 - TLS Mutual
s_connection: verify depth is 1
Handshake duration: 56.44 ms
Execution 75 - TLS Mutual
s_connection: verify depth is 1
Handshake duration: 55.56 ms
Execution 76 - TLS Mutual
s_connection: verify depth is 1
Handshake duration: 1708.24 ms
Execution 77 - TLS Mutual
s_connection: verify depth is 1
Handshake duration: 57.77 ms
Execution 78 - TLS Mutual
s_connection: verify depth is 1
Handshake duration: 1314.92 ms
Execution 79 - TLS Mutual
s_connection: verify depth is 1
Handshake duration: 62.57 ms
Execution 80 - TLS Mutual
s_connection: verify depth is 1
Handshake duration: 1542.90 ms
Execution 81 - TLS Mutual
s_connection: verify depth is 1
Handshake duration: 1305.11 ms
Execution 82 - TLS Mutual
s_connection: verify depth is 1
Handshake duration: 60.01 ms
Execution 83 - TLS Mutual
s_connection: verify depth is 1
Handshake duration: 291.20 ms
Execution 84 - TLS Mutual
s_connection: verify depth is 1
Handshake duration: 297.59 ms
Execution 85 - TLS Mutual
s_connection: verify depth is 1
Handshake duration: 257.77 ms
Execution 86 - TLS Mutual
s_connection: verify depth is 1
Handshake duration: 62.20 ms
Execution 87 - TLS Mutual
s_connection: verify depth is 1
Handshake duration: 55.60 ms
Execution 88 - TLS Mutual
s_connection: verify depth is 1
Handshake duration: 55.77 ms
Execution 89 - TLS Mutual
s_connection: verify depth is 1
Handshake duration: 1909.08 ms
Execution 90 - TLS Mutual
s_connection: verify depth is 1
Handshake duration: 59.44 ms
Execution 91 - TLS Mutual
s_connection: verify depth is 1
Handshake duration: 55.15 ms
Execution 92 - TLS Mutual
s_connection: verify depth is 1
Handshake duration: 55.16 ms
Execution 93 - TLS Mutual
s_connection: verify depth is 1
Handshake duration: 54.99 ms
Execution 94 - TLS Mutual
s_connection: verify depth is 1
Handshake duration: 1091.42 ms
Execution 95 - TLS Mutual
s_connection: verify depth is 1
Handshake duration: 55.58 ms
Execution 96 - TLS Mutual
s_connection: verify depth is 1
Handshake duration: 254.15 ms
Execution 97 - TLS Mutual
s_connection: verify depth is 1
Handshake duration: 310.32 ms
Execution 98 - TLS Mutual
s_connection: verify depth is 1
Handshake duration: 56.59 ms
Execution 99 - TLS Mutual
s_connection: verify depth is 1
Handshake duration: 55.17 ms
Execution 100 - TLS Mutual
s_connection: verify depth is 1
Handshake duration: 54.78 ms
Execution 101 - TLS Mutual
s_connection: verify depth is 1
Handshake duration: 1324.59 ms
Execution 102 - TLS Mutual
s_connection: verify depth is 1
Handshake duration: 459.89 ms
Execution 103 - TLS Mutual
s_connection: verify depth is 1
Handshake duration: 61.61 ms
Execution 104 - TLS Mutual
s_connection: verify depth is 1
Handshake duration: 452.44 ms
Execution 105 - TLS Mutual
s_connection: verify depth is 1
Handshake duration: 77.27 ms
Execution 106 - TLS Mutual
s_connection: verify depth is 1
Handshake duration: 54.94 ms
Execution 107 - TLS Mutual
s_connection: verify depth is 1
Handshake duration: 256.11 ms
Execution 108 - TLS Mutual
s_connection: verify depth is 1
Handshake duration: 60.11 ms
Execution 109 - TLS Mutual
s_connection: verify depth is 1
Handshake duration: 1120.19 ms
Execution 110 - TLS Mutual
s_connection: verify depth is 1
Handshake duration: 55.33 ms
Execution 111 - TLS Mutual
s_connection: verify depth is 1
Handshake duration: 1524.57 ms
Execution 112 - TLS Mutual
s_connection: verify depth is 1
Handshake duration: 56.29 ms
Execution 113 - TLS Mutual
s_connection: verify depth is 1
Handshake duration: 1069.14 ms
Execution 114 - TLS Mutual
s_connection: verify depth is 1
Handshake duration: 58.03 ms
Execution 115 - TLS Mutual
s_connection: verify depth is 1
Handshake duration: 258.50 ms
Execution 116 - TLS Mutual
s_connection: verify depth is 1
Handshake duration: 268.87 ms
Execution 117 - TLS Mutual
s_connection: verify depth is 1
Handshake duration: 296.00 ms
Execution 118 - TLS Mutual
s_connection: verify depth is 1
Handshake duration: 256.04 ms
Execution 119 - TLS Mutual
s_connection: verify depth is 1
Handshake duration: 59.87 ms
Execution 120 - TLS Mutual
s_connection: verify depth is 1
Handshake duration: 55.01 ms
Execution 121 - TLS Mutual
s_connection: verify depth is 1
Handshake duration: 255.78 ms
Execution 122 - TLS Mutual
s_connection: verify depth is 1
Handshake duration: 303.74 ms
Execution 123 - TLS Mutual
s_connection: verify depth is 1
Handshake duration: 261.60 ms
Execution 124 - TLS Mutual
s_connection: verify depth is 1
Handshake duration: 71.21 ms
Execution 125 - TLS Mutual
s_connection: verify depth is 1
Handshake duration: 255.32 ms
