Handshake timeout budget: 150s (identique TLS/QUIC)
Applying netem rules to lo...
Showing qdisc status for the interface: lo
qdisc netem 9bf0: root refcnt 2 limit 1000 seed 17610624294441592072
 Sent 0 bytes 0 pkt (dropped 0, overlimits 0 requeues 0) 
 backlog 0b 0p requeues 0
Running ./perftestClientTlsQuic.sh with SIG_ALG=secp384r1 and KEM_ALG=hqc192
Execution 1 - TLS Mutual
s_connection: verify depth is 1
Handshake duration: 50.93 ms
Execution 2 - TLS Mutual
s_connection: verify depth is 1
Handshake duration: 48.97 ms
Execution 3 - TLS Mutual
s_connection: verify depth is 1
Handshake duration: 48.68 ms
Execution 4 - TLS Mutual
s_connection: verify depth is 1
Handshake duration: 48.94 ms
Execution 5 - TLS Mutual
s_connection: verify depth is 1
Handshake duration: 48.73 ms
Execution 6 - TLS Mutual
s_connection: verify depth is 1
Handshake duration: 49.39 ms
Execution 7 - TLS Mutual
s_connection: verify depth is 1
Handshake duration: 49.60 ms
Execution 8 - TLS Mutual
s_connection: verify depth is 1
Handshake duration: 48.62 ms
Execution 9 - TLS Mutual
s_connection: verify depth is 1
Handshake duration: 49.75 ms
Execution 10 - TLS Mutual
s_connection: verify depth is 1
Handshake duration: 249.61 ms
Execution 11 - TLS Mutual
s_connection: verify depth is 1
Handshake duration: 60.76 ms
Execution 12 - TLS Mutual
s_connection: verify depth is 1
Handshake duration: 254.98 ms
Execution 13 - TLS Mutual
s_connection: verify depth is 1
Handshake duration: 703.87 ms
Execution 14 - TLS Mutual
s_connection: verify depth is 1
Handshake duration: 49.66 ms
Execution 15 - TLS Mutual
s_connection: verify depth is 1
Handshake duration: 49.35 ms
Execution 16 - TLS Mutual
s_connection: verify depth is 1
Handshake duration: 49.58 ms
Execution 17 - TLS Mutual
s_connection: verify depth is 1
Handshake duration: 2151.38 ms
Execution 18 - TLS Mutual
s_connection: verify depth is 1
Handshake duration: 3143.26 ms
Execution 19 - TLS Mutual
s_connection: verify depth is 1
Handshake duration: 50.77 ms
Execution 20 - TLS Mutual
s_connection: verify depth is 1
Handshake duration: 48.89 ms
Execution 21 - TLS Mutual
s_connection: verify depth is 1
Handshake duration: 48.98 ms
Execution 22 - TLS Mutual
s_connection: verify depth is 1
Handshake duration: 49.50 ms
Execution 23 - TLS Mutual
s_connection: verify depth is 1
Handshake duration: 50.77 ms
Execution 24 - TLS Mutual
s_connection: verify depth is 1
Handshake duration: 48.65 ms
Execution 25 - TLS Mutual
s_connection: verify depth is 1
Handshake duration: 49.51 ms
Execution 26 - TLS Mutual
s_connection: verify depth is 1
Handshake duration: 49.07 ms
Execution 27 - TLS Mutual
s_connection: verify depth is 1
Handshake duration: 48.77 ms
Execution 28 - TLS Mutual
s_connection: verify depth is 1
Handshake duration: 49.46 ms
Execution 29 - TLS Mutual
s_connection: verify depth is 1
Handshake duration: 1087.42 ms
Execution 30 - TLS Mutual
s_connection: verify depth is 1
Handshake duration: 50.05 ms
Execution 31 - TLS Mutual
s_connection: verify depth is 1
Handshake duration: 48.74 ms
Execution 32 - TLS Mutual
s_connection: verify depth is 1
Handshake duration: 49.27 ms
Execution 33 - TLS Mutual
s_connection: verify depth is 1
Handshake duration: 1089.16 ms
Execution 34 - TLS Mutual
s_connection: verify depth is 1
Handshake duration: 1296.70 ms
Execution 35 - TLS Mutual
s_connection: verify depth is 1
Handshake duration: 54.70 ms
Execution 36 - TLS Mutual
s_connection: verify depth is 1
Handshake duration: 292.08 ms
Execution 37 - TLS Mutual
s_connection: verify depth is 1
Handshake duration: 51.22 ms
Execution 38 - TLS Mutual
s_connection: verify depth is 1
Handshake duration: 49.76 ms
Execution 39 - TLS Mutual
s_connection: verify depth is 1
Handshake duration: 48.74 ms
Execution 40 - TLS Mutual
s_connection: verify depth is 1
Handshake duration: 49.35 ms
Execution 41 - TLS Mutual
s_connection: verify depth is 1
Handshake duration: 1115.34 ms
Execution 42 - TLS Mutual
s_connection: verify depth is 1
Handshake duration: 53.88 ms
Execution 43 - TLS Mutual
s_connection: verify depth is 1
Handshake duration: 474.53 ms
Execution 44 - TLS Mutual
s_connection: verify depth is 1
Handshake duration: 55.05 ms
Execution 45 - TLS Mutual
s_connection: verify depth is 1
Handshake duration: 1527.08 ms
Execution 46 - TLS Mutual
s_connection: verify depth is 1
Handshake duration: 51.91 ms
Execution 47 - TLS Mutual
s_connection: verify depth is 1
Handshake duration: 48.63 ms
Execution 48 - TLS Mutual
s_connection: verify depth is 1
Handshake duration: 49.32 ms
Execution 49 - TLS Mutual
s_connection: verify depth is 1
Handshake duration: 287.11 ms
Execution 50 - TLS Mutual
s_connection: verify depth is 1
Handshake duration: 675.27 ms
Execution 51 - TLS Mutual
s_connection: verify depth is 1
Handshake duration: 1079.26 ms
Execution 52 - TLS Mutual
s_connection: verify depth is 1
Handshake duration: 1097.12 ms
Execution 53 - TLS Mutual
s_connection: verify depth is 1
Handshake duration: 50.37 ms
Execution 54 - TLS Mutual
s_connection: verify depth is 1
Handshake duration: 48.61 ms
Execution 55 - TLS Mutual
s_connection: verify depth is 1
Handshake duration: 48.80 ms
Execution 56 - TLS Mutual
s_connection: verify depth is 1
Handshake duration: 48.95 ms
Execution 57 - TLS Mutual
s_connection: verify depth is 1
Handshake duration: 252.30 ms
Execution 58 - TLS Mutual
s_connection: verify depth is 1
Handshake duration: 62.42 ms
Execution 59 - TLS Mutual
s_connection: verify depth is 1
Handshake duration: 48.78 ms
Execution 60 - TLS Mutual
s_connection: verify depth is 1
Handshake duration: 49.34 ms
Execution 61 - TLS Mutual
s_connection: verify depth is 1
Handshake duration: 1095.15 ms
Execution 62 - TLS Mutual
s_connection: verify depth is 1
Handshake duration: 289.32 ms
Execution 63 - TLS Mutual
s_connection: verify depth is 1
Handshake duration: 50.74 ms
Execution 64 - TLS Mutual
s_connection: verify depth is 1
Handshake duration: 1096.28 ms
Execution 65 - TLS Mutual
s_connection: verify depth is 1
Handshake duration: 50.96 ms
Execution 66 - TLS Mutual
s_connection: verify depth is 1
Handshake duration: 1505.49 ms
Execution 67 - TLS Mutual
s_connection: verify depth is 1
Handshake duration: 52.02 ms
Execution 68 - TLS Mutual
s_connection: verify depth is 1
Handshake duration: 1097.06 ms
Execution 69 - TLS Mutual
s_connection: verify depth is 1
Handshake duration: 287.76 ms
Execution 70 - TLS Mutual
s_connection: verify depth is 1
Handshake duration: 2739.52 ms
Execution 71 - TLS Mutual
s_connection: verify depth is 1
Handshake duration: 1514.83 ms
Execution 72 - TLS Mutual
s_connection: verify depth is 1
Handshake duration: 1127.77 ms
Execution 73 - TLS Mutual
s_connection: verify depth is 1
Handshake duration: 49.44 ms
Execution 74 - TLS Mutual
s_connection: verify depth is 1
Handshake duration: 49.48 ms
Execution 75 - TLS Mutual
s_connection: verify depth is 1
Handshake duration: 48.83 ms
Execution 76 - TLS Mutual
s_connection: verify depth is 1
Handshake duration: 1068.22 ms
Execution 77 - TLS Mutual
s_connection: verify depth is 1
Handshake duration: 52.90 ms
Execution 78 - TLS Mutual
s_connection: verify depth is 1
Handshake duration: 50.36 ms
Execution 79 - TLS Mutual
s_connection: verify depth is 1
Handshake duration: 48.63 ms
Execution 80 - TLS Mutual
s_connection: verify depth is 1
Handshake duration: 49.73 ms
Execution 81 - TLS Mutual
s_connection: verify depth is 1
Handshake duration: 1103.46 ms
Execution 82 - TLS Mutual
s_connection: verify depth is 1
Handshake duration: 53.75 ms
Execution 83 - TLS Mutual
s_connection: verify depth is 1
Handshake duration: 49.66 ms
Execution 84 - TLS Mutual
s_connection: verify depth is 1
Handshake duration: 49.61 ms
Execution 85 - TLS Mutual
s_connection: verify depth is 1
Handshake duration: 1322.80 ms
Execution 86 - TLS Mutual
s_connection: verify depth is 1
Handshake duration: 54.77 ms
Execution 87 - TLS Mutual
s_connection: verify depth is 1
Handshake duration: 255.71 ms
Execution 88 - TLS Mutual
s_connection: verify depth is 1
Handshake duration: 61.69 ms
Execution 89 - TLS Mutual
s_connection: verify depth is 1
Handshake duration: 1065.98 ms
Execution 90 - TLS Mutual
s_connection: verify depth is 1
Handshake duration: 293.86 ms
Execution 91 - TLS Mutual
s_connection: verify depth is 1
Handshake duration: 257.37 ms
Execution 92 - TLS Mutual
s_connection: verify depth is 1
Handshake duration: 60.15 ms
Execution 93 - TLS Mutual
s_connection: verify depth is 1
Handshake duration: 49.24 ms
Execution 94 - TLS Mutual
s_connection: verify depth is 1
Handshake duration: 49.30 ms
Execution 95 - TLS Mutual
s_connection: verify depth is 1
Handshake duration: 48.66 ms
Execution 96 - TLS Mutual
s_connection: verify depth is 1
Handshake duration: 49.19 ms
Execution 97 - TLS Mutual
s_connection: verify depth is 1
Handshake duration: 52.84 ms
Execution 98 - TLS Mutual
s_connection: verify depth is 1
Handshake duration: 48.79 ms
Execution 99 - TLS Mutual
s_connection: verify depth is 1
Handshake duration: 1103.56 ms
Execution 100 - TLS Mutual
s_connection: verify depth is 1
Handshake duration: 1143.75 ms
Execution 101 - TLS Mutual
s_connection: verify depth is 1
Handshake duration: 49.65 ms
Execution 102 - TLS Mutual
s_connection: verify depth is 1
Handshake duration: 653.62 ms
Execution 103 - TLS Mutual
s_connection: verify depth is 1
Handshake duration: 272.13 ms
Execution 104 - TLS Mutual
s_connection: verify depth is 1
Handshake duration: 55.20 ms
Execution 105 - TLS Mutual
s_connection: verify depth is 1
Handshake duration: 48.69 ms
Execution 106 - TLS Mutual
s_connection: verify depth is 1
Handshake duration: 49.35 ms
Execution 107 - TLS Mutual
s_connection: verify depth is 1
Handshake duration: 49.11 ms
Execution 108 - TLS Mutual
s_connection: verify depth is 1
Handshake duration: 49.00 ms
Execution 109 - TLS Mutual
s_connection: verify depth is 1
Handshake duration: 49.24 ms
Execution 110 - TLS Mutual
s_connection: verify depth is 1
Handshake duration: 48.96 ms
Execution 111 - TLS Mutual
s_connection: verify depth is 1
Handshake duration: 252.43 ms
Execution 112 - TLS Mutual
s_connection: verify depth is 1
Handshake duration: 311.19 ms
Execution 113 - TLS Mutual
s_connection: verify depth is 1
Handshake duration: 49.63 ms
Execution 114 - TLS Mutual
s_connection: verify depth is 1
Handshake duration: 6612.62 ms
Execution 115 - TLS Mutual
s_connection: verify depth is 1
Handshake duration: 50.50 ms
Execution 116 - TLS Mutual
s_connection: verify depth is 1
Handshake duration: 48.97 ms
Execution 117 - TLS Mutual
s_connection: verify depth is 1
Handshake duration: 254.40 ms
Execution 118 - TLS Mutual
s_connection: verify depth is 1
Handshake duration: 3178.15 ms
Execution 119 - TLS Mutual
s_connection: verify depth is 1
Handshake duration: 49.29 ms
Execution 120 - TLS Mutual
s_connection: verify depth is 1
Handshake duration: 1669.57 ms
Execution 121 - TLS Mutual
s_connection: verify depth is 1
Handshake duration: 60.54 ms
Execution 122 - TLS Mutual
s_connection: verify depth is 1
Handshake duration: 48.84 ms
Execution 123 - TLS Mutual
s_connection: verify depth is 1
Handshake duration: 48.66 ms
Execution 124 - TLS Mutual
s_connection: verify depth is 1
Handshake duration: 1692.49 ms
Execution 125 - TLS Mutual
s_connection: verify depth is 1
Handshake duration: 256.64 ms
