Applying netem rules to lo...
Showing qdisc status for the interface: lo
qdisc netem 8655: root refcnt 2 limit 1000 seed 17009318222221508392
 Sent 0 bytes 0 pkt (dropped 0, overlimits 0 requeues 0) 
 backlog 0b 0p requeues 0
Running ./perftestClientTlsQuic.sh with SIG_ALG=ed25519 and KEM_ALG=p256_hqc128
Execution 1 - TLS Mutual
s_connection: verify depth is 1
Handshake duration: 1120.38 ms
Execution 2 - TLS Mutual
s_connection: verify depth is 1
Handshake duration: 26.09 ms
Execution 3 - TLS Mutual
s_connection: verify depth is 1
Handshake duration: 24.31 ms
Execution 4 - TLS Mutual
s_connection: verify depth is 1
Handshake duration: 1081.23 ms
Execution 5 - TLS Mutual
s_connection: verify depth is 1
Handshake duration: 31.95 ms
Execution 6 - TLS Mutual
s_connection: verify depth is 1
Handshake duration: 31.98 ms
Execution 7 - TLS Mutual
s_connection: verify depth is 1
Handshake duration: 27.52 ms
Execution 8 - TLS Mutual
s_connection: verify depth is 1
Handshake duration: 27.65 ms
Execution 9 - TLS Mutual
s_connection: verify depth is 1
Handshake duration: 1505.77 ms
Execution 10 - TLS Mutual
s_connection: verify depth is 1
Handshake duration: 232.05 ms
Execution 11 - TLS Mutual
s_connection: verify depth is 1
Handshake duration: 241.93 ms
Execution 12 - TLS Mutual
s_connection: verify depth is 1
Handshake duration: 30.25 ms
Execution 13 - TLS Mutual
s_connection: verify depth is 1
Handshake duration: 26.64 ms
Execution 14 - TLS Mutual
s_connection: verify depth is 1
Handshake duration: 233.21 ms
Execution 15 - TLS Mutual
s_connection: verify depth is 1
Handshake duration: 32.91 ms
Execution 16 - TLS Mutual
s_connection: verify depth is 1
Handshake duration: 1324.07 ms
Execution 17 - TLS Mutual
s_connection: verify depth is 1
Handshake duration: 31.98 ms
Execution 18 - TLS Mutual
s_connection: verify depth is 1
Handshake duration: 235.18 ms
Execution 19 - TLS Mutual
s_connection: verify depth is 1
Handshake duration: 31.02 ms
Execution 20 - TLS Mutual
s_connection: verify depth is 1
Handshake duration: 30.98 ms
Execution 21 - TLS Mutual
s_connection: verify depth is 1
Handshake duration: 27.11 ms
Execution 22 - TLS Mutual
s_connection: verify depth is 1
Handshake duration: 24.62 ms
Execution 23 - TLS Mutual
s_connection: verify depth is 1
Handshake duration: 469.33 ms
Execution 24 - TLS Mutual
s_connection: verify depth is 1
Handshake duration: 31.92 ms
Execution 25 - TLS Mutual
s_connection: verify depth is 1
Handshake duration: 27.62 ms
Execution 26 - TLS Mutual
s_connection: verify depth is 1
Handshake duration: 259.79 ms
Execution 27 - TLS Mutual
s_connection: verify depth is 1
Handshake duration: 234.97 ms
Execution 28 - TLS Mutual
s_connection: verify depth is 1
Handshake duration: 28.05 ms
Execution 29 - TLS Mutual
s_connection: verify depth is 1
Handshake duration: 1107.76 ms
Execution 30 - TLS Mutual
s_connection: verify depth is 1
Handshake duration: 255.27 ms
Execution 31 - TLS Mutual
s_connection: verify depth is 1
Handshake duration: 27.70 ms
Execution 32 - TLS Mutual
s_connection: verify depth is 1
Handshake duration: 1288.64 ms
Execution 33 - TLS Mutual
s_connection: verify depth is 1
Handshake duration: 270.45 ms
Execution 34 - TLS Mutual
s_connection: verify depth is 1
Handshake duration: 854.13 ms
Execution 35 - TLS Mutual
s_connection: verify depth is 1
Handshake duration: 31.26 ms
Execution 36 - TLS Mutual
s_connection: verify depth is 1
Handshake duration: 1315.59 ms
Execution 37 - TLS Mutual
s_connection: verify depth is 1
Handshake duration: 25.09 ms
Execution 38 - TLS Mutual
s_connection: verify depth is 1
Handshake duration: 23.95 ms
Execution 39 - TLS Mutual
s_connection: verify depth is 1
Handshake duration: 24.03 ms
Execution 40 - TLS Mutual
s_connection: verify depth is 1
Handshake duration: 24.95 ms
Execution 41 - TLS Mutual
s_connection: verify depth is 1
Handshake duration: 24.41 ms
Execution 42 - TLS Mutual
s_connection: verify depth is 1
Handshake duration: 23.95 ms
Execution 43 - TLS Mutual
s_connection: verify depth is 1
Handshake duration: 24.18 ms
Execution 44 - TLS Mutual
s_connection: verify depth is 1
Handshake duration: 23.72 ms
Execution 45 - TLS Mutual
s_connection: verify depth is 1
Handshake duration: 23.80 ms
Execution 46 - TLS Mutual
s_connection: verify depth is 1
Handshake duration: 24.79 ms
Execution 47 - TLS Mutual
s_connection: verify depth is 1
Handshake duration: 23.82 ms
Execution 48 - TLS Mutual
s_connection: verify depth is 1
Handshake duration: 1056.89 ms
Execution 49 - TLS Mutual
s_connection: verify depth is 1
Handshake duration: 1278.60 ms
Execution 50 - TLS Mutual
s_connection: verify depth is 1
Handshake duration: 28.24 ms
Execution 51 - TLS Mutual
s_connection: verify depth is 1
Handshake duration: 26.78 ms
Execution 52 - TLS Mutual
s_connection: verify depth is 1
Handshake duration: 1083.51 ms
Execution 53 - TLS Mutual
s_connection: verify depth is 1
Handshake duration: 26.14 ms
Execution 54 - TLS Mutual
s_connection: verify depth is 1
Handshake duration: 25.05 ms
Execution 55 - TLS Mutual
s_connection: verify depth is 1
Handshake duration: 24.21 ms
Execution 56 - TLS Mutual
s_connection: verify depth is 1
Handshake duration: 24.37 ms
Execution 57 - TLS Mutual
s_connection: verify depth is 1
Handshake duration: 259.64 ms
Execution 58 - TLS Mutual
s_connection: verify depth is 1
Handshake duration: 26.10 ms
Execution 59 - TLS Mutual
s_connection: verify depth is 1
Handshake duration: 29.52 ms
Execution 60 - TLS Mutual
s_connection: verify depth is 1
Handshake duration: 25.34 ms
Execution 61 - TLS Mutual
s_connection: verify depth is 1
Handshake duration: 1059.26 ms
Execution 62 - TLS Mutual
s_connection: verify depth is 1
Handshake duration: 27.10 ms
Execution 63 - TLS Mutual
s_connection: verify depth is 1
Handshake duration: 25.80 ms
Execution 64 - TLS Mutual
s_connection: verify depth is 1
Handshake duration: 25.97 ms
Execution 65 - TLS Mutual
s_connection: verify depth is 1
Handshake duration: 23.87 ms
Execution 66 - TLS Mutual
s_connection: verify depth is 1
Handshake duration: 25.22 ms
Execution 67 - TLS Mutual
s_connection: verify depth is 1
Handshake duration: 23.75 ms
Execution 68 - TLS Mutual
s_connection: verify depth is 1
Handshake duration: 1089.64 ms
Execution 69 - TLS Mutual
s_connection: verify depth is 1
Handshake duration: 262.34 ms
Execution 70 - TLS Mutual
s_connection: verify depth is 1
Handshake duration: 36.38 ms
Execution 71 - TLS Mutual
s_connection: verify depth is 1
Handshake duration: 1095.00 ms
Execution 72 - TLS Mutual
s_connection: verify depth is 1
Handshake duration: 26.54 ms
Execution 73 - TLS Mutual
s_connection: verify depth is 1
Handshake duration: 228.31 ms
Execution 74 - TLS Mutual
s_connection: verify depth is 1
Handshake duration: 1309.85 ms
Execution 75 - TLS Mutual
s_connection: verify depth is 1
Handshake duration: 34.57 ms
Execution 76 - TLS Mutual
s_connection: verify depth is 1
Handshake duration: 33.77 ms
Execution 77 - TLS Mutual
s_connection: verify depth is 1
Handshake duration: 27.04 ms
Execution 78 - TLS Mutual
s_connection: verify depth is 1
Handshake duration: 27.93 ms
Execution 79 - TLS Mutual
s_connection: verify depth is 1
Handshake duration: 666.21 ms
Execution 80 - TLS Mutual
s_connection: verify depth is 1
Handshake duration: 26.00 ms
Execution 81 - TLS Mutual
s_connection: verify depth is 1
Handshake duration: 24.95 ms
Execution 82 - TLS Mutual
s_connection: verify depth is 1
Handshake duration: 25.00 ms
Execution 83 - TLS Mutual
s_connection: verify depth is 1
Handshake duration: 261.90 ms
Execution 84 - TLS Mutual
s_connection: verify depth is 1
Handshake duration: 1074.19 ms
Execution 85 - TLS Mutual
s_connection: verify depth is 1
Handshake duration: 26.78 ms
Execution 86 - TLS Mutual
s_connection: verify depth is 1
Handshake duration: 233.28 ms
Execution 87 - TLS Mutual
s_connection: verify depth is 1
Handshake duration: 34.06 ms
Execution 88 - TLS Mutual
s_connection: verify depth is 1
Handshake duration: 670.12 ms
Execution 89 - TLS Mutual
s_connection: verify depth is 1
Handshake duration: 1066.74 ms
Execution 90 - TLS Mutual
s_connection: verify depth is 1
Handshake duration: 26.42 ms
Execution 91 - TLS Mutual
s_connection: verify depth is 1
Handshake duration: 231.80 ms
Execution 92 - TLS Mutual
s_connection: verify depth is 1
Handshake duration: 28.64 ms
Execution 93 - TLS Mutual
s_connection: verify depth is 1
Handshake duration: 26.01 ms
Execution 94 - TLS Mutual
s_connection: verify depth is 1
Handshake duration: 26.15 ms
Execution 95 - TLS Mutual
s_connection: verify depth is 1
Handshake duration: 23.92 ms
Execution 96 - TLS Mutual
s_connection: verify depth is 1
Handshake duration: 24.59 ms
Execution 97 - TLS Mutual
s_connection: verify depth is 1
Handshake duration: 24.28 ms
Execution 98 - TLS Mutual
s_connection: verify depth is 1
Handshake duration: 25.93 ms
Execution 99 - TLS Mutual
s_connection: verify depth is 1
Handshake duration: 1330.03 ms
Execution 100 - TLS Mutual
s_connection: verify depth is 1
Handshake duration: 32.27 ms
Execution 101 - TLS Mutual
s_connection: verify depth is 1
Handshake duration: 4209.11 ms
Execution 102 - TLS Mutual
s_connection: verify depth is 1
Handshake duration: 25.37 ms
Execution 103 - TLS Mutual
s_connection: verify depth is 1
Handshake duration: 24.32 ms
Execution 104 - TLS Mutual
s_connection: verify depth is 1
Handshake duration: 23.64 ms
Execution 105 - TLS Mutual
s_connection: verify depth is 1
Handshake duration: 261.98 ms
Execution 106 - TLS Mutual
s_connection: verify depth is 1
Handshake duration: 31.85 ms
Execution 107 - TLS Mutual
s_connection: verify depth is 1
Handshake duration: 27.77 ms
Execution 108 - TLS Mutual
s_connection: verify depth is 1
Handshake duration: 1079.50 ms
Execution 109 - TLS Mutual
s_connection: verify depth is 1
Handshake duration: 27.63 ms
Execution 110 - TLS Mutual
s_connection: verify depth is 1
Handshake duration: 257.78 ms
Execution 111 - TLS Mutual
s_connection: verify depth is 1
Handshake duration: 32.88 ms
Execution 112 - TLS Mutual
s_connection: verify depth is 1
Handshake duration: 29.53 ms
Execution 113 - TLS Mutual
s_connection: verify depth is 1
Handshake duration: 24.22 ms
Execution 114 - TLS Mutual
s_connection: verify depth is 1
Handshake duration: 24.26 ms
Execution 115 - TLS Mutual
s_connection: verify depth is 1
Handshake duration: 24.67 ms
Execution 116 - TLS Mutual
s_connection: verify depth is 1
Handshake duration: 24.02 ms
Execution 117 - TLS Mutual
s_connection: verify depth is 1
Handshake duration: 23.71 ms
Execution 118 - TLS Mutual
s_connection: verify depth is 1
Handshake duration: 672.09 ms
Execution 119 - TLS Mutual
s_connection: verify depth is 1
Handshake duration: 1057.24 ms
Execution 120 - TLS Mutual
s_connection: verify depth is 1
Handshake duration: 26.32 ms
Execution 121 - TLS Mutual
s_connection: verify depth is 1
Handshake duration: 25.62 ms
Execution 122 - TLS Mutual
s_connection: verify depth is 1
Handshake duration: 25.72 ms
Execution 123 - TLS Mutual
s_connection: verify depth is 1
Handshake duration: 25.91 ms
Execution 124 - TLS Mutual
s_connection: verify depth is 1
Handshake duration: 25.97 ms
Execution 125 - TLS Mutual
s_connection: verify depth is 1
Handshake duration: 1724.49 ms
Execution 126 - TLS Mutual
s_connection: verify depth is 1
Handshake duration: 26.12 ms
Execution 127 - TLS Mutual
s_connection: verify depth is 1
Handshake duration: 2147.04 ms
Execution 128 - TLS Mutual
s_connection: verify depth is 1
Handshake duration: 235.43 ms
Execution 129 - TLS Mutual
s_connection: verify depth is 1
Handshake duration: 28.99 ms
Execution 130 - TLS Mutual
s_connection: verify depth is 1
Handshake duration: 25.97 ms
Execution 131 - TLS Mutual
s_connection: verify depth is 1
Handshake duration: 25.93 ms
Execution 132 - TLS Mutual
s_connection: verify depth is 1
Handshake duration: 25.84 ms
Execution 133 - TLS Mutual
s_connection: verify depth is 1
Handshake duration: 25.73 ms
Execution 134 - TLS Mutual
s_connection: verify depth is 1
Handshake duration: 25.82 ms
Execution 135 - TLS Mutual
s_connection: verify depth is 1
Handshake duration: 257.66 ms
Execution 136 - TLS Mutual
s_connection: verify depth is 1
Handshake duration: 32.03 ms
Execution 137 - TLS Mutual
s_connection: verify depth is 1
Handshake duration: 32.14 ms
Execution 138 - TLS Mutual
s_connection: verify depth is 1
Handshake duration: 1108.92 ms
Execution 139 - TLS Mutual
s_connection: verify depth is 1
Handshake duration: 24.98 ms
Execution 140 - TLS Mutual
s_connection: verify depth is 1
Handshake duration: 1067.11 ms
Execution 141 - TLS Mutual
s_connection: verify depth is 1
Handshake duration: 26.99 ms
Execution 142 - TLS Mutual
s_connection: verify depth is 1
Handshake duration: 25.64 ms
Execution 143 - TLS Mutual
s_connection: verify depth is 1
Handshake duration: 24.97 ms
Execution 144 - TLS Mutual
s_connection: verify depth is 1
Handshake duration: 1130.23 ms
Execution 145 - TLS Mutual
s_connection: verify depth is 1
Handshake duration: 446.43 ms
Execution 146 - TLS Mutual
s_connection: verify depth is 1
Handshake duration: 31.30 ms
Execution 147 - TLS Mutual
s_connection: verify depth is 1
Handshake duration: 1086.76 ms
Execution 148 - TLS Mutual
s_connection: verify depth is 1
Handshake duration: 231.78 ms
Execution 149 - TLS Mutual
s_connection: verify depth is 1
Handshake duration: 1087.71 ms
Execution 150 - TLS Mutual
s_connection: verify depth is 1
Handshake duration: 25.76 ms
Execution 151 - TLS Mutual
s_connection: verify depth is 1
Handshake duration: 26.48 ms
Execution 152 - TLS Mutual
s_connection: verify depth is 1
Handshake duration: 25.99 ms
Execution 153 - TLS Mutual
s_connection: verify depth is 1
Handshake duration: 25.85 ms
Execution 154 - TLS Mutual
s_connection: verify depth is 1
Handshake duration: 25.79 ms
Execution 155 - TLS Mutual
s_connection: verify depth is 1
Handshake duration: 1302.14 ms
Execution 156 - TLS Mutual
s_connection: verify depth is 1
Handshake duration: 238.12 ms
Execution 157 - TLS Mutual
s_connection: verify depth is 1
Handshake duration: 29.45 ms
Execution 158 - TLS Mutual
s_connection: verify depth is 1
Handshake duration: 1091.83 ms
Execution 159 - TLS Mutual
s_connection: verify depth is 1
Handshake duration: 5209.29 ms
Execution 160 - TLS Mutual
s_connection: verify depth is 1
Handshake duration: 29.36 ms
Execution 161 - TLS Mutual
s_connection: verify depth is 1
Handshake duration: 1090.33 ms
Execution 162 - TLS Mutual
s_connection: verify depth is 1
Handshake duration: 243.85 ms
Execution 163 - TLS Mutual
s_connection: verify depth is 1
Handshake duration: 1099.36 ms
Execution 164 - TLS Mutual
s_connection: verify depth is 1
Handshake duration: 25.32 ms
Execution 165 - TLS Mutual
s_connection: verify depth is 1
Handshake duration: 25.21 ms
Execution 166 - TLS Mutual
s_connection: verify depth is 1
Handshake duration: 1049.31 ms
Execution 167 - TLS Mutual
s_connection: verify depth is 1
Handshake duration: 27.82 ms
Execution 168 - TLS Mutual
s_connection: verify depth is 1
Handshake duration: 2052.57 ms
Execution 169 - TLS Mutual
s_connection: verify depth is 1
Handshake duration: 26.45 ms
Execution 170 - TLS Mutual
s_connection: verify depth is 1
Handshake duration: 847.26 ms
Execution 171 - TLS Mutual
s_connection: verify depth is 1
Handshake duration: 33.89 ms
Execution 172 - TLS Mutual
s_connection: verify depth is 1
Handshake duration: 26.81 ms
Execution 173 - TLS Mutual
s_connection: verify depth is 1
Handshake duration: 463.55 ms
Execution 174 - TLS Mutual
s_connection: verify depth is 1
Handshake duration: 2099.91 ms
Execution 175 - TLS Mutual
s_connection: verify depth is 1
Handshake duration: 232.57 ms
Execution 176 - TLS Mutual
s_connection: verify depth is 1
Handshake duration: 1057.05 ms
Execution 177 - TLS Mutual
s_connection: verify depth is 1
Handshake duration: 237.37 ms
Execution 178 - TLS Mutual
s_connection: verify depth is 1
Handshake duration: 34.93 ms
Execution 179 - TLS Mutual
s_connection: verify depth is 1
Handshake duration: 25.77 ms
Execution 180 - TLS Mutual
s_connection: verify depth is 1
Handshake duration: 25.06 ms
Execution 181 - TLS Mutual
s_connection: verify depth is 1
Handshake duration: 25.31 ms
Execution 182 - TLS Mutual
s_connection: verify depth is 1
Handshake duration: 1544.49 ms
Execution 183 - TLS Mutual
s_connection: verify depth is 1
Handshake duration: 1086.95 ms
Execution 184 - TLS Mutual
s_connection: verify depth is 1
Handshake duration: 25.98 ms
Execution 185 - TLS Mutual
s_connection: verify depth is 1
Handshake duration: 25.38 ms
Execution 186 - TLS Mutual
s_connection: verify depth is 1
Handshake duration: 1255.83 ms
Execution 187 - TLS Mutual
s_connection: verify depth is 1
Handshake duration: 30.45 ms
Execution 188 - TLS Mutual
s_connection: verify depth is 1
Handshake duration: 230.82 ms
Execution 189 - TLS Mutual
s_connection: verify depth is 1
Handshake duration: 243.43 ms
Execution 190 - TLS Mutual
s_connection: verify depth is 1
Handshake duration: 28.36 ms
Execution 191 - TLS Mutual
s_connection: verify depth is 1
Handshake duration: 25.97 ms
Execution 192 - TLS Mutual
s_connection: verify depth is 1
Handshake duration: 26.00 ms
Execution 193 - TLS Mutual
s_connection: verify depth is 1
Handshake duration: 846.14 ms
Execution 194 - TLS Mutual
s_connection: verify depth is 1
Handshake duration: 473.02 ms
Execution 195 - TLS Mutual
s_connection: verify depth is 1
Handshake duration: 848.76 ms
Execution 196 - TLS Mutual
s_connection: verify depth is 1
Handshake duration: 28.40 ms
Execution 197 - TLS Mutual
s_connection: verify depth is 1
Handshake duration: 26.14 ms
Execution 198 - TLS Mutual
s_connection: verify depth is 1
Handshake duration: 26.09 ms
Execution 199 - TLS Mutual
s_connection: verify depth is 1
Handshake duration: 26.56 ms
Execution 200 - TLS Mutual
s_connection: verify depth is 1
Handshake duration: 26.51 ms
Execution 201 - TLS Mutual
s_connection: verify depth is 1
Handshake duration: 27.05 ms
Execution 202 - TLS Mutual
s_connection: verify depth is 1
Handshake duration: 1311.97 ms
Execution 203 - TLS Mutual
s_connection: verify depth is 1
Handshake duration: 28.48 ms
Execution 204 - TLS Mutual
s_connection: verify depth is 1
Handshake duration: 26.93 ms
Execution 205 - TLS Mutual
s_connection: verify depth is 1
Handshake duration: 1100.13 ms
Execution 206 - TLS Mutual
s_connection: verify depth is 1
Handshake duration: 27.33 ms
Execution 207 - TLS Mutual
s_connection: verify depth is 1
Handshake duration: 3172.28 ms
Execution 208 - TLS Mutual
s_connection: verify depth is 1
Handshake duration: 229.73 ms
Execution 209 - TLS Mutual
s_connection: verify depth is 1
Handshake duration: 28.79 ms
Execution 210 - TLS Mutual
s_connection: verify depth is 1
Handshake duration: 236.79 ms
Execution 211 - TLS Mutual
s_connection: verify depth is 1
Handshake duration: 28.61 ms
Execution 212 - TLS Mutual
s_connection: verify depth is 1
Handshake duration: 26.04 ms
Execution 213 - TLS Mutual
s_connection: verify depth is 1
Handshake duration: 245.25 ms
Execution 214 - TLS Mutual
s_connection: verify depth is 1
Handshake duration: 1065.30 ms
Execution 215 - TLS Mutual
s_connection: verify depth is 1
Handshake duration: 29.53 ms
Execution 216 - TLS Mutual
s_connection: verify depth is 1
Handshake duration: 23.92 ms
Execution 217 - TLS Mutual
s_connection: verify depth is 1
Handshake duration: 24.65 ms
Execution 218 - TLS Mutual
s_connection: verify depth is 1
Handshake duration: 26.49 ms
Execution 219 - TLS Mutual
s_connection: verify depth is 1
Handshake duration: 26.40 ms
Execution 220 - TLS Mutual
s_connection: verify depth is 1
Handshake duration: 25.84 ms
Execution 221 - TLS Mutual
s_connection: verify depth is 1
Handshake duration: 229.35 ms
Execution 222 - TLS Mutual
s_connection: verify depth is 1
Handshake duration: 35.21 ms
Execution 223 - TLS Mutual
s_connection: verify depth is 1
Handshake duration: 26.89 ms
Execution 224 - TLS Mutual
s_connection: verify depth is 1
Handshake duration: 27.71 ms
Execution 225 - TLS Mutual
s_connection: verify depth is 1
Handshake duration: 25.74 ms
Execution 226 - TLS Mutual
s_connection: verify depth is 1
Handshake duration: 25.51 ms
Execution 227 - TLS Mutual
s_connection: verify depth is 1
Handshake duration: 25.61 ms
Execution 228 - TLS Mutual
s_connection: verify depth is 1
Handshake duration: 235.68 ms
Execution 229 - TLS Mutual
s_connection: verify depth is 1
Handshake duration: 34.98 ms
Execution 230 - TLS Mutual
s_connection: verify depth is 1
Handshake duration: 262.99 ms
Execution 231 - TLS Mutual
s_connection: verify depth is 1
Handshake duration: 26.34 ms
Execution 232 - TLS Mutual
s_connection: verify depth is 1
Handshake duration: 25.61 ms
Execution 233 - TLS Mutual
s_connection: verify depth is 1
Handshake duration: 25.34 ms
Execution 234 - TLS Mutual
s_connection: verify depth is 1
Handshake duration: 25.17 ms
Execution 235 - TLS Mutual
s_connection: verify depth is 1
Handshake duration: 236.55 ms
Execution 236 - TLS Mutual
s_connection: verify depth is 1
Handshake duration: 235.52 ms
Execution 237 - TLS Mutual
s_connection: verify depth is 1
Handshake duration: 2361.97 ms
Execution 238 - TLS Mutual
s_connection: verify depth is 1
Handshake duration: 32.30 ms
Execution 239 - TLS Mutual
s_connection: verify depth is 1
Handshake duration: 235.47 ms
Execution 240 - TLS Mutual
s_connection: verify depth is 1
Handshake duration: 3155.16 ms
Execution 241 - TLS Mutual
s_connection: verify depth is 1
Handshake duration: 26.91 ms
Execution 242 - TLS Mutual
s_connection: verify depth is 1
Handshake duration: 26.96 ms
Execution 243 - TLS Mutual
s_connection: verify depth is 1
Handshake duration: 23.94 ms
Execution 244 - TLS Mutual
s_connection: verify depth is 1
Handshake duration: 25.28 ms
Execution 245 - TLS Mutual
s_connection: verify depth is 1
Handshake duration: 25.31 ms
Execution 246 - TLS Mutual
s_connection: verify depth is 1
Handshake duration: 23.94 ms
Execution 247 - TLS Mutual
s_connection: verify depth is 1
Handshake duration: 437.30 ms
Execution 248 - TLS Mutual
s_connection: verify depth is 1
Handshake duration: 1096.49 ms
Execution 249 - TLS Mutual
s_connection: verify depth is 1
Handshake duration: 26.27 ms
Execution 250 - TLS Mutual
s_connection: verify depth is 1
Handshake duration: 26.31 ms
Execution 251 - TLS Mutual
s_connection: verify depth is 1
Handshake duration: 236.13 ms
Execution 252 - TLS Mutual
s_connection: verify depth is 1
Handshake duration: 1111.57 ms
Execution 253 - TLS Mutual
s_connection: verify depth is 1
Handshake duration: 25.21 ms
Execution 254 - TLS Mutual
s_connection: verify depth is 1
Handshake duration: 25.30 ms
Execution 255 - TLS Mutual
s_connection: verify depth is 1
Handshake duration: 265.88 ms
Execution 256 - TLS Mutual
s_connection: verify depth is 1
Handshake duration: 32.20 ms
Execution 257 - TLS Mutual
s_connection: verify depth is 1
Handshake duration: 32.03 ms
Execution 258 - TLS Mutual
s_connection: verify depth is 1
Handshake duration: 32.23 ms
Execution 259 - TLS Mutual
s_connection: verify depth is 1
Handshake duration: 7270.81 ms
Execution 260 - TLS Mutual
s_connection: verify depth is 1
Handshake duration: 27.70 ms
Execution 261 - TLS Mutual
s_connection: verify depth is 1
Handshake duration: 27.61 ms
Execution 262 - TLS Mutual
s_connection: verify depth is 1
Handshake duration: 23.77 ms
Execution 263 - TLS Mutual
s_connection: verify depth is 1
Handshake duration: 24.10 ms
Execution 264 - TLS Mutual
s_connection: verify depth is 1
Handshake duration: 24.18 ms
Execution 265 - TLS Mutual
s_connection: verify depth is 1
Handshake duration: 24.46 ms
Execution 266 - TLS Mutual
s_connection: verify depth is 1
Handshake duration: 25.11 ms
Execution 267 - TLS Mutual
s_connection: verify depth is 1
Handshake duration: 25.38 ms
Execution 268 - TLS Mutual
s_connection: verify depth is 1
Handshake duration: 25.26 ms
Execution 269 - TLS Mutual
s_connection: verify depth is 1
Handshake duration: 1696.83 ms
Execution 270 - TLS Mutual
s_connection: verify depth is 1
Handshake duration: 435.62 ms
Execution 271 - TLS Mutual
s_connection: verify depth is 1
Handshake duration: 2507.79 ms
Execution 272 - TLS Mutual
s_connection: verify depth is 1
Handshake duration: 264.36 ms
Execution 273 - TLS Mutual
s_connection: verify depth is 1
Handshake duration: 1061.57 ms
Execution 274 - TLS Mutual
s_connection: verify depth is 1
Handshake duration: 222.28 ms
Execution 275 - TLS Mutual
s_connection: verify depth is 1
Handshake duration: 220.99 ms
Execution 276 - TLS Mutual
s_connection: verify depth is 1
Handshake duration: 25.96 ms
Execution 277 - TLS Mutual
s_connection: verify depth is 1
Handshake duration: 24.50 ms
Execution 278 - TLS Mutual
s_connection: verify depth is 1
Handshake duration: 1295.30 ms
Execution 279 - TLS Mutual
s_connection: verify depth is 1
Handshake duration: 32.22 ms
Execution 280 - TLS Mutual
s_connection: verify depth is 1
Handshake duration: 31.71 ms
Execution 281 - TLS Mutual
s_connection: verify depth is 1
Handshake duration: 24.96 ms
Execution 282 - TLS Mutual
s_connection: verify depth is 1
Handshake duration: 3147.90 ms
Execution 283 - TLS Mutual
s_connection: verify depth is 1
Handshake duration: 652.55 ms
Execution 284 - TLS Mutual
s_connection: verify depth is 1
Handshake duration: 26.63 ms
Execution 285 - TLS Mutual
s_connection: verify depth is 1
Handshake duration: 24.94 ms
Execution 286 - TLS Mutual
s_connection: verify depth is 1
Handshake duration: 24.02 ms
Execution 287 - TLS Mutual
s_connection: verify depth is 1
Handshake duration: 23.53 ms
Execution 288 - TLS Mutual
s_connection: verify depth is 1
Handshake duration: 23.87 ms
Execution 289 - TLS Mutual
s_connection: verify depth is 1
Handshake duration: 468.02 ms
Execution 290 - TLS Mutual
s_connection: verify depth is 1
Handshake duration: 25.82 ms
Execution 291 - TLS Mutual
s_connection: verify depth is 1
Handshake duration: 24.90 ms
Execution 292 - TLS Mutual
s_connection: verify depth is 1
Handshake duration: 2755.12 ms
Execution 293 - TLS Mutual
s_connection: verify depth is 1
Handshake duration: 26.54 ms
Execution 294 - TLS Mutual
s_connection: verify depth is 1
Handshake duration: 1479.94 ms
Execution 295 - TLS Mutual
s_connection: verify depth is 1
Handshake duration: 27.98 ms
Execution 296 - TLS Mutual
s_connection: verify depth is 1
Handshake duration: 25.14 ms
Execution 297 - TLS Mutual
s_connection: verify depth is 1
Handshake duration: 1083.17 ms
Execution 298 - TLS Mutual
s_connection: verify depth is 1
Handshake duration: 25.78 ms
Execution 299 - TLS Mutual
s_connection: verify depth is 1
Handshake duration: 25.09 ms
Execution 300 - TLS Mutual
s_connection: verify depth is 1
Handshake duration: 25.80 ms
Execution 301 - TLS Mutual
s_connection: verify depth is 1
Handshake duration: 25.30 ms
Execution 302 - TLS Mutual
s_connection: verify depth is 1
Handshake duration: 261.15 ms
Execution 303 - TLS Mutual
s_connection: verify depth is 1
Handshake duration: 25.94 ms
Execution 304 - TLS Mutual
s_connection: verify depth is 1
Handshake duration: 1347.50 ms
Execution 305 - TLS Mutual
s_connection: verify depth is 1
Handshake duration: 31.94 ms
Execution 306 - TLS Mutual
s_connection: verify depth is 1
Handshake duration: 32.54 ms
Execution 307 - TLS Mutual
s_connection: verify depth is 1
Handshake duration: 27.93 ms
Execution 308 - TLS Mutual
s_connection: verify depth is 1
Handshake duration: 24.14 ms
Execution 309 - TLS Mutual
s_connection: verify depth is 1
Handshake duration: 24.03 ms
Execution 310 - TLS Mutual
s_connection: verify depth is 1
Handshake duration: 1078.16 ms
Execution 311 - TLS Mutual
s_connection: verify depth is 1
Handshake duration: 26.62 ms
Execution 312 - TLS Mutual
s_connection: verify depth is 1
Handshake duration: 27.00 ms
Execution 313 - TLS Mutual
s_connection: verify depth is 1
Handshake duration: 26.93 ms
Execution 314 - TLS Mutual
s_connection: verify depth is 1
Handshake duration: 27.59 ms
Execution 315 - TLS Mutual
s_connection: verify depth is 1
Handshake duration: 1693.61 ms
Execution 316 - TLS Mutual
s_connection: verify depth is 1
Handshake duration: 26.91 ms
Execution 317 - TLS Mutual
s_connection: verify depth is 1
Handshake duration: 27.56 ms
Execution 318 - TLS Mutual
s_connection: verify depth is 1
Handshake duration: 24.25 ms
Execution 319 - TLS Mutual
s_connection: verify depth is 1
Handshake duration: 25.45 ms
Execution 320 - TLS Mutual
s_connection: verify depth is 1
Handshake duration: 24.80 ms
Execution 321 - TLS Mutual
s_connection: verify depth is 1
Handshake duration: 23.74 ms
Execution 322 - TLS Mutual
s_connection: verify depth is 1
Handshake duration: 23.82 ms
Execution 323 - TLS Mutual
s_connection: verify depth is 1
Handshake duration: 23.84 ms
Execution 324 - TLS Mutual
s_connection: verify depth is 1
Handshake duration: 23.66 ms
Execution 325 - TLS Mutual
s_connection: verify depth is 1
Handshake duration: 23.84 ms
Execution 326 - TLS Mutual
s_connection: verify depth is 1
Handshake duration: 23.52 ms
Execution 327 - TLS Mutual
s_connection: verify depth is 1
Handshake duration: 232.28 ms
Execution 328 - TLS Mutual
s_connection: verify depth is 1
Handshake duration: 34.36 ms
Execution 329 - TLS Mutual
s_connection: verify depth is 1
Handshake duration: 24.57 ms
Execution 330 - TLS Mutual
s_connection: verify depth is 1
Handshake duration: 1117.77 ms
Execution 331 - TLS Mutual
s_connection: verify depth is 1
Handshake duration: 25.98 ms
Execution 332 - TLS Mutual
s_connection: verify depth is 1
Handshake duration: 25.64 ms
Execution 333 - TLS Mutual
s_connection: verify depth is 1
Handshake duration: 24.26 ms
Execution 334 - TLS Mutual
s_connection: verify depth is 1
Handshake duration: 23.77 ms
Execution 335 - TLS Mutual
s_connection: verify depth is 1
Handshake duration: 24.27 ms
Execution 336 - TLS Mutual
s_connection: verify depth is 1
Handshake duration: 24.54 ms
Execution 337 - TLS Mutual
s_connection: verify depth is 1
Handshake duration: 1257.34 ms
Execution 338 - TLS Mutual
s_connection: verify depth is 1
Handshake duration: 232.15 ms
Execution 339 - TLS Mutual
s_connection: verify depth is 1
Handshake duration: 242.59 ms
Execution 340 - TLS Mutual
s_connection: verify depth is 1
Handshake duration: 28.76 ms
Execution 341 - TLS Mutual
s_connection: verify depth is 1
Handshake duration: 1271.09 ms
Execution 342 - TLS Mutual
s_connection: verify depth is 1
Handshake duration: 438.97 ms
Execution 343 - TLS Mutual
s_connection: verify depth is 1
Handshake duration: 1075.38 ms
Execution 344 - TLS Mutual
s_connection: verify depth is 1
Handshake duration: 236.56 ms
Execution 345 - TLS Mutual
s_connection: verify depth is 1
Handshake duration: 242.98 ms
Execution 346 - TLS Mutual
s_connection: verify depth is 1
Handshake duration: 2120.26 ms
Execution 347 - TLS Mutual
s_connection: verify depth is 1
Handshake duration: 231.33 ms
Execution 348 - TLS Mutual
s_connection: verify depth is 1
Handshake duration: 223.53 ms
Execution 349 - TLS Mutual
s_connection: verify depth is 1
Handshake duration: 221.68 ms
Execution 350 - TLS Mutual
s_connection: verify depth is 1
Handshake duration: 1091.04 ms
Execution 351 - TLS Mutual
s_connection: verify depth is 1
Handshake duration: 25.09 ms
Execution 352 - TLS Mutual
s_connection: verify depth is 1
Handshake duration: 24.91 ms
Execution 353 - TLS Mutual
s_connection: verify depth is 1
Handshake duration: 851.41 ms
Execution 354 - TLS Mutual
s_connection: verify depth is 1
Handshake duration: 1047.57 ms
Execution 355 - TLS Mutual
s_connection: verify depth is 1
Handshake duration: 27.20 ms
Execution 356 - TLS Mutual
s_connection: verify depth is 1
Handshake duration: 26.91 ms
Execution 357 - TLS Mutual
s_connection: verify depth is 1
Handshake duration: 27.55 ms
Execution 358 - TLS Mutual
s_connection: verify depth is 1
Handshake duration: 1084.18 ms
Execution 359 - TLS Mutual
s_connection: verify depth is 1
Handshake duration: 25.85 ms
Execution 360 - TLS Mutual
s_connection: verify depth is 1
Handshake duration: 253.75 ms
Execution 361 - TLS Mutual
s_connection: verify depth is 1
Handshake duration: 1094.98 ms
Execution 362 - TLS Mutual
s_connection: verify depth is 1
Handshake duration: 29.73 ms
Execution 363 - TLS Mutual
s_connection: verify depth is 1
Handshake duration: 261.45 ms
Execution 364 - TLS Mutual
s_connection: verify depth is 1
Handshake duration: 27.65 ms
Execution 365 - TLS Mutual
s_connection: verify depth is 1
Handshake duration: 27.59 ms
Execution 366 - TLS Mutual
s_connection: verify depth is 1
Handshake duration: 28.40 ms
Execution 367 - TLS Mutual
s_connection: verify depth is 1
Handshake duration: 27.56 ms
Execution 368 - TLS Mutual
s_connection: verify depth is 1
Handshake duration: 29.98 ms
Execution 369 - TLS Mutual
s_connection: verify depth is 1
Handshake duration: 1107.43 ms
Execution 370 - TLS Mutual
s_connection: verify depth is 1
Handshake duration: 32.19 ms
Execution 371 - TLS Mutual
s_connection: verify depth is 1
Handshake duration: 1281.31 ms
Execution 372 - TLS Mutual
s_connection: verify depth is 1
Handshake duration: 35.62 ms
Execution 373 - TLS Mutual
s_connection: verify depth is 1
Handshake duration: 26.12 ms
Execution 374 - TLS Mutual
s_connection: verify depth is 1
Handshake duration: 26.04 ms
Execution 375 - TLS Mutual
s_connection: verify depth is 1
Handshake duration: 25.83 ms
Execution 376 - TLS Mutual
s_connection: verify depth is 1
Handshake duration: 259.22 ms
Execution 377 - TLS Mutual
s_connection: verify depth is 1
Handshake duration: 32.24 ms
Execution 378 - TLS Mutual
s_connection: verify depth is 1
Handshake duration: 31.58 ms
Execution 379 - TLS Mutual
s_connection: verify depth is 1
Handshake duration: 31.11 ms
Execution 380 - TLS Mutual
s_connection: verify depth is 1
Handshake duration: 1065.21 ms
Execution 381 - TLS Mutual
s_connection: verify depth is 1
Handshake duration: 1702.32 ms
Execution 382 - TLS Mutual
s_connection: verify depth is 1
Handshake duration: 233.94 ms
Execution 383 - TLS Mutual
s_connection: verify depth is 1
Handshake duration: 34.01 ms
Execution 384 - TLS Mutual
s_connection: verify depth is 1
Handshake duration: 1112.53 ms
Execution 385 - TLS Mutual
s_connection: verify depth is 1
Handshake duration: 662.41 ms
Execution 386 - TLS Mutual
s_connection: verify depth is 1
Handshake duration: 27.96 ms
Execution 387 - TLS Mutual
s_connection: verify depth is 1
Handshake duration: 26.03 ms
Execution 388 - TLS Mutual
s_connection: verify depth is 1
Handshake duration: 230.54 ms
Execution 389 - TLS Mutual
s_connection: verify depth is 1
Handshake duration: 682.98 ms
Execution 390 - TLS Mutual
s_connection: verify depth is 1
Handshake duration: 25.70 ms
Execution 391 - TLS Mutual
s_connection: verify depth is 1
Handshake duration: 25.26 ms
Execution 392 - TLS Mutual
s_connection: verify depth is 1
Handshake duration: 24.83 ms
Execution 393 - TLS Mutual
s_connection: verify depth is 1
Handshake duration: 438.07 ms
Execution 394 - TLS Mutual
s_connection: verify depth is 1
Handshake duration: 29.83 ms
Execution 395 - TLS Mutual
s_connection: verify depth is 1
Handshake duration: 26.18 ms
Execution 396 - TLS Mutual
s_connection: verify depth is 1
Handshake duration: 26.44 ms
Execution 397 - TLS Mutual
s_connection: verify depth is 1
Handshake duration: 26.40 ms
Execution 398 - TLS Mutual
s_connection: verify depth is 1
Handshake duration: 235.31 ms
Execution 399 - TLS Mutual
s_connection: verify depth is 1
Handshake duration: 28.30 ms
Execution 400 - TLS Mutual
s_connection: verify depth is 1
Handshake duration: 25.53 ms
Execution 401 - TLS Mutual
s_connection: verify depth is 1
Handshake duration: 25.64 ms
Execution 402 - TLS Mutual
s_connection: verify depth is 1
Handshake duration: 229.78 ms
Execution 403 - TLS Mutual
s_connection: verify depth is 1
Handshake duration: 1523.75 ms
Execution 404 - TLS Mutual
s_connection: verify depth is 1
Handshake duration: 29.88 ms
Execution 405 - TLS Mutual
s_connection: verify depth is 1
Handshake duration: 1084.79 ms
Execution 406 - TLS Mutual
s_connection: verify depth is 1
Handshake duration: 238.57 ms
Execution 407 - TLS Mutual
s_connection: verify depth is 1
Handshake duration: 34.64 ms
Execution 408 - TLS Mutual
s_connection: verify depth is 1
Handshake duration: 1036.36 ms
Execution 409 - TLS Mutual
s_connection: verify depth is 1
Handshake duration: 26.67 ms
Execution 410 - TLS Mutual
s_connection: verify depth is 1
Handshake duration: 24.77 ms
Execution 411 - TLS Mutual
s_connection: verify depth is 1
Handshake duration: 25.57 ms
Execution 412 - TLS Mutual
s_connection: verify depth is 1
Handshake duration: 261.67 ms
Execution 413 - TLS Mutual
s_connection: verify depth is 1
Handshake duration: 265.70 ms
Execution 414 - TLS Mutual
s_connection: verify depth is 1
Handshake duration: 25.78 ms
Execution 415 - TLS Mutual
s_connection: verify depth is 1
Handshake duration: 26.66 ms
Execution 416 - TLS Mutual
s_connection: verify depth is 1
Handshake duration: 26.50 ms
Execution 417 - TLS Mutual
s_connection: verify depth is 1
Handshake duration: 234.29 ms
Execution 418 - TLS Mutual
s_connection: verify depth is 1
Handshake duration: 28.62 ms
Execution 419 - TLS Mutual
s_connection: verify depth is 1
Handshake duration: 25.07 ms
Execution 420 - TLS Mutual
s_connection: verify depth is 1
Handshake duration: 24.40 ms
Execution 421 - TLS Mutual
s_connection: verify depth is 1
Handshake duration: 23.43 ms
Execution 422 - TLS Mutual
s_connection: verify depth is 1
Handshake duration: 25.28 ms
Execution 423 - TLS Mutual
s_connection: verify depth is 1
Handshake duration: 264.35 ms
Execution 424 - TLS Mutual
s_connection: verify depth is 1
Handshake duration: 31.67 ms
Execution 425 - TLS Mutual
s_connection: verify depth is 1
Handshake duration: 1888.62 ms
Execution 426 - TLS Mutual
s_connection: verify depth is 1
Handshake duration: 27.65 ms
Execution 427 - TLS Mutual
s_connection: verify depth is 1
Handshake duration: 25.69 ms
Execution 428 - TLS Mutual
s_connection: verify depth is 1
Handshake duration: 1070.76 ms
Execution 429 - TLS Mutual
s_connection: verify depth is 1
Handshake duration: 1114.23 ms
Execution 430 - TLS Mutual
s_connection: verify depth is 1
Handshake duration: 27.72 ms
Execution 431 - TLS Mutual
s_connection: verify depth is 1
Handshake duration: 675.42 ms
Execution 432 - TLS Mutual
s_connection: verify depth is 1
Handshake duration: 32.03 ms
Execution 433 - TLS Mutual
s_connection: verify depth is 1
Handshake duration: 1318.05 ms
Execution 434 - TLS Mutual
s_connection: verify depth is 1
Handshake duration: 26.42 ms
Execution 435 - TLS Mutual
s_connection: verify depth is 1
Handshake duration: 27.07 ms
Execution 436 - TLS Mutual
s_connection: verify depth is 1
Handshake duration: 25.90 ms
Execution 437 - TLS Mutual
s_connection: verify depth is 1
Handshake duration: 25.95 ms
Execution 438 - TLS Mutual
s_connection: verify depth is 1
Handshake duration: 24.53 ms
Execution 439 - TLS Mutual
s_connection: verify depth is 1
Handshake duration: 2114.05 ms
Execution 440 - TLS Mutual
s_connection: verify depth is 1
Handshake duration: 32.02 ms
Execution 441 - TLS Mutual
s_connection: verify depth is 1
Handshake duration: 27.70 ms
Execution 442 - TLS Mutual
s_connection: verify depth is 1
Handshake duration: 233.43 ms
Execution 443 - TLS Mutual
s_connection: verify depth is 1
Handshake duration: 33.34 ms
Execution 444 - TLS Mutual
s_connection: verify depth is 1
Handshake duration: 24.37 ms
Execution 445 - TLS Mutual
s_connection: verify depth is 1
Handshake duration: 26.92 ms
Execution 446 - TLS Mutual
s_connection: verify depth is 1
Handshake duration: 24.90 ms
Execution 447 - TLS Mutual
s_connection: verify depth is 1
Handshake duration: 25.05 ms
Execution 448 - TLS Mutual
s_connection: verify depth is 1
Handshake duration: 25.27 ms
Execution 449 - TLS Mutual
s_connection: verify depth is 1
Handshake duration: 233.87 ms
Execution 450 - TLS Mutual
s_connection: verify depth is 1
Handshake duration: 32.25 ms
Execution 451 - TLS Mutual
s_connection: verify depth is 1
Handshake duration: 25.48 ms
Execution 452 - TLS Mutual
s_connection: verify depth is 1
Handshake duration: 26.91 ms
Execution 453 - TLS Mutual
s_connection: verify depth is 1
Handshake duration: 1084.75 ms
Execution 454 - TLS Mutual
s_connection: verify depth is 1
Handshake duration: 1714.29 ms
Execution 455 - TLS Mutual
s_connection: verify depth is 1
Handshake duration: 673.45 ms
Execution 456 - TLS Mutual
s_connection: verify depth is 1
Handshake duration: 233.65 ms
Execution 457 - TLS Mutual
s_connection: verify depth is 1
Handshake duration: 28.74 ms
Execution 458 - TLS Mutual
s_connection: verify depth is 1
Handshake duration: 26.40 ms
Execution 459 - TLS Mutual
s_connection: verify depth is 1
Handshake duration: 25.73 ms
Execution 460 - TLS Mutual
s_connection: verify depth is 1
Handshake duration: 26.19 ms
Execution 461 - TLS Mutual
s_connection: verify depth is 1
Handshake duration: 26.05 ms
Execution 462 - TLS Mutual
s_connection: verify depth is 1
Handshake duration: 29.17 ms
Execution 463 - TLS Mutual
s_connection: verify depth is 1
Handshake duration: 25.80 ms
Execution 464 - TLS Mutual
s_connection: verify depth is 1
Handshake duration: 25.11 ms
Execution 465 - TLS Mutual
s_connection: verify depth is 1
Handshake duration: 25.41 ms
Execution 466 - TLS Mutual
s_connection: verify depth is 1
Handshake duration: 666.42 ms
Execution 467 - TLS Mutual
s_connection: verify depth is 1
Handshake duration: 1094.53 ms
Execution 468 - TLS Mutual
s_connection: verify depth is 1
Handshake duration: 4138.57 ms
Execution 469 - TLS Mutual
s_connection: verify depth is 1
Handshake duration: 25.87 ms
Execution 470 - TLS Mutual
s_connection: verify depth is 1
Handshake duration: 25.40 ms
Execution 471 - TLS Mutual
s_connection: verify depth is 1
Handshake duration: 25.10 ms
Execution 472 - TLS Mutual
s_connection: verify depth is 1
Handshake duration: 25.12 ms
Execution 473 - TLS Mutual
s_connection: verify depth is 1
Handshake duration: 25.73 ms
Execution 474 - TLS Mutual
s_connection: verify depth is 1
Handshake duration: 25.13 ms
Execution 475 - TLS Mutual
s_connection: verify depth is 1
Handshake duration: 23.89 ms
Execution 476 - TLS Mutual
s_connection: verify depth is 1
Handshake duration: 23.71 ms
Execution 477 - TLS Mutual
s_connection: verify depth is 1
Handshake duration: 25.30 ms
Execution 478 - TLS Mutual
s_connection: verify depth is 1
Handshake duration: 234.91 ms
Execution 479 - TLS Mutual
s_connection: verify depth is 1
Handshake duration: 28.33 ms
Execution 480 - TLS Mutual
s_connection: verify depth is 1
Handshake duration: 25.70 ms
Execution 481 - TLS Mutual
s_connection: verify depth is 1
Handshake duration: 444.75 ms
Execution 482 - TLS Mutual
s_connection: verify depth is 1
Handshake duration: 30.37 ms
Execution 483 - TLS Mutual
s_connection: verify depth is 1
Handshake duration: 29.61 ms
Execution 484 - TLS Mutual
s_connection: verify depth is 1
Handshake duration: 468.55 ms
Execution 485 - TLS Mutual
s_connection: verify depth is 1
Handshake duration: 32.20 ms
Execution 486 - TLS Mutual
s_connection: verify depth is 1
Handshake duration: 27.31 ms
Execution 487 - TLS Mutual
s_connection: verify depth is 1
Handshake duration: 27.82 ms
Execution 488 - TLS Mutual
s_connection: verify depth is 1
Handshake duration: 1059.47 ms
Execution 489 - TLS Mutual
s_connection: verify depth is 1
Handshake duration: 1071.88 ms
Execution 490 - TLS Mutual
s_connection: verify depth is 1
Handshake duration: 26.63 ms
Execution 491 - TLS Mutual
s_connection: verify depth is 1
Handshake duration: 27.09 ms
Execution 492 - TLS Mutual
s_connection: verify depth is 1
Handshake duration: 26.75 ms
Execution 493 - TLS Mutual
s_connection: verify depth is 1
Handshake duration: 27.13 ms
Execution 494 - TLS Mutual
s_connection: verify depth is 1
Handshake duration: 26.92 ms
Execution 495 - TLS Mutual
s_connection: verify depth is 1
Handshake duration: 24.84 ms
Execution 496 - TLS Mutual
s_connection: verify depth is 1
Handshake duration: 24.04 ms
Execution 497 - TLS Mutual
s_connection: verify depth is 1
Handshake duration: 24.18 ms
Execution 498 - TLS Mutual
s_connection: verify depth is 1
Handshake duration: 24.49 ms
Execution 499 - TLS Mutual
s_connection: verify depth is 1
Handshake duration: 230.76 ms
Execution 500 - TLS Mutual
s_connection: verify depth is 1
Handshake duration: 28.89 ms
