Handshake timeout budget: 150s (identique TLS/QUIC)
Applying netem rules to lo...
Showing qdisc status for the interface: lo
qdisc netem 8027: root refcnt 2 limit 1000 seed 4056456062218385437
 Sent 0 bytes 0 pkt (dropped 0, overlimits 0 requeues 0) 
 backlog 0b 0p requeues 0
Running ./perftestClientTlsQuic.sh with SIG_ALG=secp384r1 and KEM_ALG=p384_hqc192
Execution 1 - TLS Mutual
s_connection: verify depth is 1
Handshake duration: 67.19 ms
Execution 2 - TLS Mutual
s_connection: verify depth is 1
Handshake duration: 65.13 ms
Execution 3 - TLS Mutual
s_connection: verify depth is 1
Handshake duration: 63.30 ms
Execution 4 - TLS Mutual
s_connection: verify depth is 1
Handshake duration: 1087.38 ms
Execution 5 - TLS Mutual
s_connection: verify depth is 1
Handshake duration: 291.44 ms
Execution 6 - TLS Mutual
s_connection: verify depth is 1
Handshake duration: 2342.06 ms
Execution 7 - TLS Mutual
s_connection: verify depth is 1
Handshake duration: 61.34 ms
Execution 8 - TLS Mutual
s_connection: verify depth is 1
Handshake duration: 58.46 ms
Execution 9 - TLS Mutual
s_connection: verify depth is 1
Handshake duration: 61.25 ms
Execution 10 - TLS Mutual
s_connection: verify depth is 1
Handshake duration: 3233.82 ms
Execution 11 - TLS Mutual
s_connection: verify depth is 1
Handshake duration: 61.87 ms
Execution 12 - TLS Mutual
s_connection: verify depth is 1
Handshake duration: 62.72 ms
Execution 13 - TLS Mutual
s_connection: verify depth is 1
Handshake duration: 68.06 ms
Execution 14 - TLS Mutual
s_connection: verify depth is 1
Handshake duration: 60.12 ms
Execution 15 - TLS Mutual
s_connection: verify depth is 1
Handshake duration: 260.99 ms
Execution 16 - TLS Mutual
s_connection: verify depth is 1
Handshake duration: 264.86 ms
Execution 17 - TLS Mutual
s_connection: verify depth is 1
Handshake duration: 303.85 ms
Execution 18 - TLS Mutual
s_connection: verify depth is 1
Handshake duration: 301.19 ms
Execution 19 - TLS Mutual
s_connection: verify depth is 1
Handshake duration: 3179.78 ms
Execution 20 - TLS Mutual
s_connection: verify depth is 1
Handshake duration: 60.63 ms
Execution 21 - TLS Mutual
s_connection: verify depth is 1
Handshake duration: 91.43 ms
Execution 22 - TLS Mutual
s_connection: verify depth is 1
Handshake duration: 56.31 ms
Execution 23 - TLS Mutual
s_connection: verify depth is 1
Handshake duration: 55.59 ms
Execution 24 - TLS Mutual
s_connection: verify depth is 1
Handshake duration: 58.82 ms
Execution 25 - TLS Mutual
s_connection: verify depth is 1
Handshake duration: 57.40 ms
Execution 26 - TLS Mutual
s_connection: verify depth is 1
Handshake duration: 1557.48 ms
Execution 27 - TLS Mutual
s_connection: verify depth is 1
Handshake duration: 58.22 ms
Execution 28 - TLS Mutual
s_connection: verify depth is 1
Handshake duration: 55.62 ms
Execution 29 - TLS Mutual
s_connection: verify depth is 1
Handshake duration: 55.23 ms
Execution 30 - TLS Mutual
s_connection: verify depth is 1
Handshake duration: 56.11 ms
Execution 31 - TLS Mutual
s_connection: verify depth is 1
Handshake duration: 55.34 ms
Execution 32 - TLS Mutual
s_connection: verify depth is 1
Handshake duration: 57.94 ms
Execution 33 - TLS Mutual
s_connection: verify depth is 1
Handshake duration: 707.37 ms
Execution 34 - TLS Mutual
s_connection: verify depth is 1
Handshake duration: 59.74 ms
Execution 35 - TLS Mutual
s_connection: verify depth is 1
Handshake duration: 482.65 ms
Execution 36 - TLS Mutual
s_connection: verify depth is 1
Handshake duration: 60.77 ms
Execution 37 - TLS Mutual
s_connection: verify depth is 1
Handshake duration: 69.39 ms
Execution 38 - TLS Mutual
s_connection: verify depth is 1
Handshake duration: 57.85 ms
Execution 39 - TLS Mutual
s_connection: verify depth is 1
Handshake duration: 1080.03 ms
Execution 40 - TLS Mutual
s_connection: verify depth is 1
Handshake duration: 57.68 ms
Execution 41 - TLS Mutual
s_connection: verify depth is 1
Handshake duration: 274.05 ms
Execution 42 - TLS Mutual
s_connection: verify depth is 1
Handshake duration: 477.33 ms
Execution 43 - TLS Mutual
s_connection: verify depth is 1
Handshake duration: 62.09 ms
Execution 44 - TLS Mutual
s_connection: verify depth is 1
Handshake duration: 55.63 ms
Execution 45 - TLS Mutual
s_connection: verify depth is 1
Handshake duration: 305.92 ms
Execution 46 - TLS Mutual
s_connection: verify depth is 1
Handshake duration: 57.88 ms
Execution 47 - TLS Mutual
s_connection: verify depth is 1
Handshake duration: 56.61 ms
Execution 48 - TLS Mutual
s_connection: verify depth is 1
Handshake duration: 914.20 ms
Execution 49 - TLS Mutual
s_connection: verify depth is 1
Handshake duration: 60.58 ms
Execution 50 - TLS Mutual
s_connection: verify depth is 1
Handshake duration: 58.74 ms
Execution 51 - TLS Mutual
s_connection: verify depth is 1
Handshake duration: 59.28 ms
Execution 52 - TLS Mutual
s_connection: verify depth is 1
Handshake duration: 60.92 ms
Execution 53 - TLS Mutual
s_connection: verify depth is 1
Handshake duration: 59.25 ms
Execution 54 - TLS Mutual
s_connection: verify depth is 1
Handshake duration: 56.01 ms
Execution 55 - TLS Mutual
s_connection: verify depth is 1
Handshake duration: 56.13 ms
Execution 56 - TLS Mutual
s_connection: verify depth is 1
Handshake duration: 56.06 ms
Execution 57 - TLS Mutual
s_connection: verify depth is 1
Handshake duration: 56.39 ms
Execution 58 - TLS Mutual
s_connection: verify depth is 1
Handshake duration: 57.59 ms
Execution 59 - TLS Mutual
s_connection: verify depth is 1
Handshake duration: 55.71 ms
Execution 60 - TLS Mutual
s_connection: verify depth is 1
Handshake duration: 2109.12 ms
Execution 61 - TLS Mutual
s_connection: verify depth is 1
Handshake duration: 55.60 ms
Execution 62 - TLS Mutual
s_connection: verify depth is 1
Handshake duration: 66.81 ms
Execution 63 - TLS Mutual
s_connection: verify depth is 1
Handshake duration: 60.83 ms
Execution 64 - TLS Mutual
s_connection: verify depth is 1
Handshake duration: 710.19 ms
Execution 65 - TLS Mutual
s_connection: verify depth is 1
Handshake duration: 1337.03 ms
Execution 66 - TLS Mutual
s_connection: verify depth is 1
Handshake duration: 55.76 ms
Execution 67 - TLS Mutual
s_connection: verify depth is 1
Handshake duration: 1267.44 ms
Execution 68 - TLS Mutual
s_connection: verify depth is 1
Handshake duration: 62.21 ms
Execution 69 - TLS Mutual
s_connection: verify depth is 1
Handshake duration: 58.19 ms
Execution 70 - TLS Mutual
s_connection: verify depth is 1
Handshake duration: 877.52 ms
Execution 71 - TLS Mutual
s_connection: verify depth is 1
Handshake duration: 1377.70 ms
Execution 72 - TLS Mutual
s_connection: verify depth is 1
Handshake duration: 263.47 ms
Execution 73 - TLS Mutual
s_connection: verify depth is 1
Handshake duration: 266.69 ms
Execution 74 - TLS Mutual
s_connection: verify depth is 1
Handshake duration: 63.48 ms
Execution 75 - TLS Mutual
s_connection: verify depth is 1
Handshake duration: 1360.48 ms
Execution 76 - TLS Mutual
s_connection: verify depth is 1
Handshake duration: 296.73 ms
Execution 77 - TLS Mutual
s_connection: verify depth is 1
Handshake duration: 56.60 ms
Execution 78 - TLS Mutual
s_connection: verify depth is 1
Handshake duration: 55.39 ms
Execution 79 - TLS Mutual
s_connection: verify depth is 1
Handshake duration: 1284.93 ms
Execution 80 - TLS Mutual
s_connection: verify depth is 1
Handshake duration: 1340.96 ms
Execution 81 - TLS Mutual
s_connection: verify depth is 1
Handshake duration: 2545.87 ms
Execution 82 - TLS Mutual
s_connection: verify depth is 1
Handshake duration: 61.96 ms
Execution 83 - TLS Mutual
s_connection: verify depth is 1
Handshake duration: 55.62 ms
Execution 84 - TLS Mutual
s_connection: verify depth is 1
Handshake duration: 57.04 ms
Execution 85 - TLS Mutual
s_connection: verify depth is 1
Handshake duration: 1102.73 ms
Execution 86 - TLS Mutual
s_connection: verify depth is 1
Handshake duration: 59.00 ms
Execution 87 - TLS Mutual
s_connection: verify depth is 1
Handshake duration: 298.05 ms
Execution 88 - TLS Mutual
s_connection: verify depth is 1
Handshake duration: 60.34 ms
Execution 89 - TLS Mutual
s_connection: verify depth is 1
Handshake duration: 58.88 ms
Execution 90 - TLS Mutual
s_connection: verify depth is 1
Handshake duration: 471.68 ms
Execution 91 - TLS Mutual
s_connection: verify depth is 1
Handshake duration: 1148.96 ms
Execution 92 - TLS Mutual
s_connection: verify depth is 1
Handshake duration: 55.48 ms
Execution 93 - TLS Mutual
s_connection: verify depth is 1
Handshake duration: 56.04 ms
Execution 94 - TLS Mutual
s_connection: verify depth is 1
Handshake duration: 60.77 ms
Execution 95 - TLS Mutual
s_connection: verify depth is 1
Handshake duration: 1338.60 ms
Execution 96 - TLS Mutual
s_connection: verify depth is 1
Handshake duration: 58.09 ms
Execution 97 - TLS Mutual
s_connection: verify depth is 1
Handshake duration: 59.74 ms
Execution 98 - TLS Mutual
s_connection: verify depth is 1
Handshake duration: 256.21 ms
Execution 99 - TLS Mutual
s_connection: verify depth is 1
Handshake duration: 63.95 ms
Execution 100 - TLS Mutual
s_connection: verify depth is 1
Handshake duration: 55.47 ms
Execution 101 - TLS Mutual
s_connection: verify depth is 1
Handshake duration: 58.64 ms
Execution 102 - TLS Mutual
s_connection: verify depth is 1
Handshake duration: 55.91 ms
Execution 103 - TLS Mutual
s_connection: verify depth is 1
Handshake duration: 1124.28 ms
Execution 104 - TLS Mutual
s_connection: verify depth is 1
Handshake duration: 59.14 ms
Execution 105 - TLS Mutual
s_connection: verify depth is 1
Handshake duration: 276.26 ms
Execution 106 - TLS Mutual
s_connection: verify depth is 1
Handshake duration: 263.52 ms
Execution 107 - TLS Mutual
s_connection: verify depth is 1
Handshake duration: 60.67 ms
Execution 108 - TLS Mutual
s_connection: verify depth is 1
Handshake duration: 58.78 ms
Execution 109 - TLS Mutual
s_connection: verify depth is 1
Handshake duration: 56.73 ms
Execution 110 - TLS Mutual
s_connection: verify depth is 1
Handshake duration: 55.74 ms
Execution 111 - TLS Mutual
s_connection: verify depth is 1
Handshake duration: 1111.42 ms
Execution 112 - TLS Mutual
s_connection: verify depth is 1
Handshake duration: 1567.02 ms
Execution 113 - TLS Mutual
s_connection: verify depth is 1
Handshake duration: 55.65 ms
Execution 114 - TLS Mutual
s_connection: verify depth is 1
Handshake duration: 55.85 ms
Execution 115 - TLS Mutual
s_connection: verify depth is 1
Handshake duration: 55.32 ms
Execution 116 - TLS Mutual
s_connection: verify depth is 1
Handshake duration: 56.91 ms
Execution 117 - TLS Mutual
s_connection: verify depth is 1
Handshake duration: 3446.73 ms
Execution 118 - TLS Mutual
s_connection: verify depth is 1
Handshake duration: 57.78 ms
Execution 119 - TLS Mutual
s_connection: verify depth is 1
Handshake duration: 55.85 ms
Execution 120 - TLS Mutual
s_connection: verify depth is 1
Handshake duration: 1980.25 ms
Execution 121 - TLS Mutual
s_connection: verify depth is 1
Handshake duration: 1348.14 ms
Execution 122 - TLS Mutual
s_connection: verify depth is 1
Handshake duration: 57.46 ms
Execution 123 - TLS Mutual
s_connection: verify depth is 1
Handshake duration: 55.16 ms
Execution 124 - TLS Mutual
s_connection: verify depth is 1
Handshake duration: 55.12 ms
Execution 125 - TLS Mutual
s_connection: verify depth is 1
Handshake duration: 56.66 ms
