Handshake timeout budget: 150s (identique TLS/QUIC)
Applying netem rules to lo...
Showing qdisc status for the interface: lo
qdisc netem 8054: root refcnt 2 limit 1000 seed 550123735138113179
 Sent 0 bytes 0 pkt (dropped 0, overlimits 0 requeues 0) 
 backlog 0b 0p requeues 0
Running ./perftestClientTlsQuic.sh with SIG_ALG=mldsa65 and KEM_ALG=P-384
Execution 1 - TLS Mutual
s_connection: verify depth is 1
Handshake duration: 32.62 ms
Execution 2 - TLS Mutual
s_connection: verify depth is 1
Handshake duration: 2331.20 ms
Execution 3 - TLS Mutual
s_connection: verify depth is 1
Handshake duration: 273.11 ms
Execution 4 - TLS Mutual
s_connection: verify depth is 1
Handshake duration: 32.26 ms
Execution 5 - TLS Mutual
s_connection: verify depth is 1
Handshake duration: 32.18 ms
Execution 6 - TLS Mutual
s_connection: verify depth is 1
Handshake duration: 32.34 ms
Execution 7 - TLS Mutual
s_connection: verify depth is 1
Handshake duration: 1120.39 ms
Execution 8 - TLS Mutual
s_connection: verify depth is 1
Handshake duration: 33.07 ms
Execution 9 - TLS Mutual
s_connection: verify depth is 1
Handshake duration: 263.22 ms
Execution 10 - TLS Mutual
s_connection: verify depth is 1
Handshake duration: 32.49 ms
Execution 11 - TLS Mutual
s_connection: verify depth is 1
Handshake duration: 32.40 ms
Execution 12 - TLS Mutual
s_connection: verify depth is 1
Handshake duration: 1474.40 ms
Execution 13 - TLS Mutual
s_connection: verify depth is 1
Handshake duration: 32.92 ms
Execution 14 - TLS Mutual
s_connection: verify depth is 1
Handshake duration: 32.21 ms
Execution 15 - TLS Mutual
s_connection: verify depth is 1
Handshake duration: 32.86 ms
Execution 16 - TLS Mutual
s_connection: verify depth is 1
Handshake duration: 33.45 ms
Execution 17 - TLS Mutual
s_connection: verify depth is 1
Handshake duration: 475.92 ms
Execution 18 - TLS Mutual
s_connection: verify depth is 1
Handshake duration: 656.34 ms
Execution 19 - TLS Mutual
s_connection: verify depth is 1
Handshake duration: 34.11 ms
Execution 20 - TLS Mutual
s_connection: verify depth is 1
Handshake duration: 32.40 ms
Execution 21 - TLS Mutual
s_connection: verify depth is 1
Handshake duration: 659.36 ms
Execution 22 - TLS Mutual
s_connection: verify depth is 1
Handshake duration: 1123.76 ms
Execution 23 - TLS Mutual
s_connection: verify depth is 1
Handshake duration: 860.14 ms
Execution 24 - TLS Mutual
s_connection: verify depth is 1
Handshake duration: 34.15 ms
Execution 25 - TLS Mutual
s_connection: verify depth is 1
Handshake duration: 32.08 ms
Execution 26 - TLS Mutual
s_connection: verify depth is 1
Handshake duration: 1054.99 ms
Execution 27 - TLS Mutual
s_connection: verify depth is 1
Handshake duration: 1303.28 ms
Execution 28 - TLS Mutual
s_connection: verify depth is 1
Handshake duration: 32.12 ms
Execution 29 - TLS Mutual
s_connection: verify depth is 1
Handshake duration: 270.36 ms
Execution 30 - TLS Mutual
s_connection: verify depth is 1
Handshake duration: 1116.52 ms
Execution 31 - TLS Mutual
s_connection: verify depth is 1
Handshake duration: 33.51 ms
Execution 32 - TLS Mutual
s_connection: verify depth is 1
Handshake duration: 1287.96 ms
Execution 33 - TLS Mutual
s_connection: verify depth is 1
Handshake duration: 34.39 ms
Execution 34 - TLS Mutual
s_connection: verify depth is 1
Handshake duration: 1084.12 ms
Execution 35 - TLS Mutual
s_connection: verify depth is 1
Handshake duration: 34.65 ms
Execution 36 - TLS Mutual
s_connection: verify depth is 1
Handshake duration: 451.27 ms
Execution 37 - TLS Mutual
s_connection: verify depth is 1
Handshake duration: 1720.66 ms
Execution 38 - TLS Mutual
s_connection: verify depth is 1
Handshake duration: 32.94 ms
Execution 39 - TLS Mutual
s_connection: verify depth is 1
Handshake duration: 268.75 ms
Execution 40 - TLS Mutual
s_connection: verify depth is 1
Handshake duration: 33.69 ms
Execution 41 - TLS Mutual
s_connection: verify depth is 1
Handshake duration: 33.05 ms
Execution 42 - TLS Mutual
s_connection: verify depth is 1
Handshake duration: 32.48 ms
Execution 43 - TLS Mutual
s_connection: verify depth is 1
Handshake duration: 1074.33 ms
Execution 44 - TLS Mutual
s_connection: verify depth is 1
Handshake duration: 33.34 ms
Execution 45 - TLS Mutual
s_connection: verify depth is 1
Handshake duration: 33.52 ms
Execution 46 - TLS Mutual
s_connection: verify depth is 1
Handshake duration: 32.23 ms
Execution 47 - TLS Mutual
s_connection: verify depth is 1
Handshake duration: 32.32 ms
Execution 48 - TLS Mutual
s_connection: verify depth is 1
Handshake duration: 271.11 ms
Execution 49 - TLS Mutual
s_connection: verify depth is 1
Handshake duration: 32.14 ms
Execution 50 - TLS Mutual
s_connection: verify depth is 1
Handshake duration: 275.67 ms
Execution 51 - TLS Mutual
s_connection: verify depth is 1
Handshake duration: 470.70 ms
Execution 52 - TLS Mutual
s_connection: verify depth is 1
Handshake duration: 34.48 ms
Execution 53 - TLS Mutual
s_connection: verify depth is 1
Handshake duration: 275.22 ms
Execution 54 - TLS Mutual
s_connection: verify depth is 1
Handshake duration: 32.62 ms
Execution 55 - TLS Mutual
s_connection: verify depth is 1
Handshake duration: 32.08 ms
Execution 56 - TLS Mutual
s_connection: verify depth is 1
Handshake duration: 454.47 ms
Execution 57 - TLS Mutual
s_connection: verify depth is 1
Handshake duration: 659.91 ms
Execution 58 - TLS Mutual
s_connection: verify depth is 1
Handshake duration: 34.27 ms
Execution 59 - TLS Mutual
s_connection: verify depth is 1
Handshake duration: 272.34 ms
Execution 60 - TLS Mutual
s_connection: verify depth is 1
Handshake duration: 675.63 ms
Execution 61 - TLS Mutual
s_connection: verify depth is 1
Handshake duration: 33.57 ms
Execution 62 - TLS Mutual
s_connection: verify depth is 1
Handshake duration: 32.42 ms
Execution 63 - TLS Mutual
s_connection: verify depth is 1
Handshake duration: 271.73 ms
Execution 64 - TLS Mutual
s_connection: verify depth is 1
Handshake duration: 32.37 ms
Execution 65 - TLS Mutual
s_connection: verify depth is 1
Handshake duration: 32.29 ms
Execution 66 - TLS Mutual
s_connection: verify depth is 1
Handshake duration: 32.29 ms
Execution 67 - TLS Mutual
s_connection: verify depth is 1
Handshake duration: 1081.47 ms
Execution 68 - TLS Mutual
s_connection: verify depth is 1
Handshake duration: 33.04 ms
Execution 69 - TLS Mutual
s_connection: verify depth is 1
Handshake duration: 269.17 ms
Execution 70 - TLS Mutual
s_connection: verify depth is 1
Handshake duration: 32.12 ms
Execution 71 - TLS Mutual
s_connection: verify depth is 1
Handshake duration: 32.05 ms
Execution 72 - TLS Mutual
s_connection: verify depth is 1
Handshake duration: 267.42 ms
Execution 73 - TLS Mutual
s_connection: verify depth is 1
Handshake duration: 677.88 ms
Execution 74 - TLS Mutual
s_connection: verify depth is 1
Handshake duration: 269.11 ms
Execution 75 - TLS Mutual
s_connection: verify depth is 1
Handshake duration: 32.70 ms
Execution 76 - TLS Mutual
s_connection: verify depth is 1
Handshake duration: 265.83 ms
Execution 77 - TLS Mutual
s_connection: verify depth is 1
Handshake duration: 34.29 ms
Execution 78 - TLS Mutual
s_connection: verify depth is 1
Handshake duration: 272.20 ms
Execution 79 - TLS Mutual
s_connection: verify depth is 1
Handshake duration: 265.61 ms
Execution 80 - TLS Mutual
s_connection: verify depth is 1
Handshake duration: 1658.99 ms
Execution 81 - TLS Mutual
s_connection: verify depth is 1
Handshake duration: 32.40 ms
Execution 82 - TLS Mutual
s_connection: verify depth is 1
Handshake duration: 272.72 ms
Execution 83 - TLS Mutual
s_connection: verify depth is 1
Handshake duration: 1309.12 ms
Execution 84 - TLS Mutual
s_connection: verify depth is 1
Handshake duration: 658.72 ms
Execution 85 - TLS Mutual
s_connection: verify depth is 1
Handshake duration: 1119.69 ms
Execution 86 - TLS Mutual
s_connection: verify depth is 1
Handshake duration: 32.47 ms
Execution 87 - TLS Mutual
s_connection: verify depth is 1
Handshake duration: 1072.03 ms
Execution 88 - TLS Mutual
s_connection: verify depth is 1
Handshake duration: 1698.52 ms
Execution 89 - TLS Mutual
s_connection: verify depth is 1
Handshake duration: 33.01 ms
Execution 90 - TLS Mutual
s_connection: verify depth is 1
Handshake duration: 3183.53 ms
Execution 91 - TLS Mutual
s_connection: verify depth is 1
Handshake duration: 32.37 ms
Execution 92 - TLS Mutual
s_connection: verify depth is 1
Handshake duration: 32.27 ms
Execution 93 - TLS Mutual
s_connection: verify depth is 1
Handshake duration: 32.14 ms
Execution 94 - TLS Mutual
s_connection: verify depth is 1
Handshake duration: 32.35 ms
Execution 95 - TLS Mutual
s_connection: verify depth is 1
Handshake duration: 1920.57 ms
Execution 96 - TLS Mutual
s_connection: verify depth is 1
Handshake duration: 32.11 ms
Execution 97 - TLS Mutual
s_connection: verify depth is 1
Handshake duration: 32.36 ms
Execution 98 - TLS Mutual
s_connection: verify depth is 1
Handshake duration: 273.23 ms
Execution 99 - TLS Mutual
s_connection: verify depth is 1
Handshake duration: 32.19 ms
Execution 100 - TLS Mutual
s_connection: verify depth is 1
Handshake duration: 32.12 ms
Execution 101 - TLS Mutual
s_connection: verify depth is 1
Handshake duration: 680.23 ms
Execution 102 - TLS Mutual
s_connection: verify depth is 1
Handshake duration: 32.22 ms
Execution 103 - TLS Mutual
s_connection: verify depth is 1
Handshake duration: 273.16 ms
Execution 104 - TLS Mutual
s_connection: verify depth is 1
Handshake duration: 245.32 ms
Execution 105 - TLS Mutual
s_connection: verify depth is 1
Handshake duration: 34.43 ms
Execution 106 - TLS Mutual
s_connection: verify depth is 1
Handshake duration: 2340.92 ms
Execution 107 - TLS Mutual
s_connection: verify depth is 1
Handshake duration: 1100.83 ms
Execution 108 - TLS Mutual
s_connection: verify depth is 1
Handshake duration: 3120.34 ms
Execution 109 - TLS Mutual
s_connection: verify depth is 1
Handshake duration: 34.58 ms
Execution 110 - TLS Mutual
s_connection: verify depth is 1
Handshake duration: 266.03 ms
Execution 111 - TLS Mutual
s_connection: verify depth is 1
Handshake duration: 1487.76 ms
Execution 112 - TLS Mutual
s_connection: verify depth is 1
Handshake duration: 253.60 ms
Execution 113 - TLS Mutual
s_connection: verify depth is 1
Handshake duration: 34.73 ms
Execution 114 - TLS Mutual
s_connection: verify depth is 1
Handshake duration: 475.37 ms
Execution 115 - TLS Mutual
s_connection: verify depth is 1
Handshake duration: 32.06 ms
Execution 116 - TLS Mutual
s_connection: verify depth is 1
Handshake duration: 3168.66 ms
Execution 117 - TLS Mutual
s_connection: verify depth is 1
Handshake duration: 32.45 ms
Execution 118 - TLS Mutual
s_connection: verify depth is 1
Handshake duration: 32.26 ms
Execution 119 - TLS Mutual
s_connection: verify depth is 1
Handshake duration: 271.30 ms
Execution 120 - TLS Mutual
s_connection: verify depth is 1
Handshake duration: 32.30 ms
Execution 121 - TLS Mutual
s_connection: verify depth is 1
Handshake duration: 32.16 ms
Execution 122 - TLS Mutual
s_connection: verify depth is 1
Handshake duration: 2734.29 ms
Execution 123 - TLS Mutual
s_connection: verify depth is 1
Handshake duration: 254.33 ms
Execution 124 - TLS Mutual
s_connection: verify depth is 1
Handshake duration: 36.05 ms
Execution 125 - TLS Mutual
s_connection: verify depth is 1
Handshake duration: 1044.29 ms
