Handshake timeout budget: 150s (identique TLS/QUIC)
Applying netem rules to lo...
Showing qdisc status for the interface: lo
qdisc netem 8858: root refcnt 2 limit 1000 seed 14650860864621462537
 Sent 0 bytes 0 pkt (dropped 0, overlimits 0 requeues 0) 
 backlog 0b 0p requeues 0
Running ./perftestClientTlsQuic.sh with SIG_ALG=secp521r1 and KEM_ALG=p521_hqc256
Execution 1 - TLS Mutual
s_connection: verify depth is 1
Handshake duration: 1568.06 ms
Execution 2 - TLS Mutual
s_connection: verify depth is 1
Handshake duration: 96.25 ms
Execution 3 - TLS Mutual
s_connection: verify depth is 1
Handshake duration: 90.86 ms
Execution 4 - TLS Mutual
s_connection: verify depth is 1
Handshake duration: 332.97 ms
Execution 5 - TLS Mutual
s_connection: verify depth is 1
Handshake duration: 1808.71 ms
Execution 6 - TLS Mutual
s_connection: verify depth is 1
Handshake duration: 90.31 ms
Execution 7 - TLS Mutual
s_connection: verify depth is 1
Handshake duration: 280.00 ms
Execution 8 - TLS Mutual
s_connection: verify depth is 1
Handshake duration: 96.14 ms
Execution 9 - TLS Mutual
s_connection: verify depth is 1
Handshake duration: 91.13 ms
Execution 10 - TLS Mutual
s_connection: verify depth is 1
Handshake duration: 91.20 ms
Execution 11 - TLS Mutual
s_connection: verify depth is 1
Handshake duration: 90.15 ms
Execution 12 - TLS Mutual
s_connection: verify depth is 1
Handshake duration: 1369.35 ms
Execution 13 - TLS Mutual
s_connection: verify depth is 1
Handshake duration: 1747.38 ms
Execution 14 - TLS Mutual
s_connection: verify depth is 1
Handshake duration: 925.38 ms
Execution 15 - TLS Mutual
s_connection: verify depth is 1
Handshake duration: 329.62 ms
Execution 16 - TLS Mutual
s_connection: verify depth is 1
Handshake duration: 90.52 ms
Execution 17 - TLS Mutual
s_connection: verify depth is 1
Handshake duration: 90.22 ms
Execution 18 - TLS Mutual
s_connection: verify depth is 1
Handshake duration: 93.83 ms
Execution 19 - TLS Mutual
s_connection: verify depth is 1
Handshake duration: 90.33 ms
Execution 20 - TLS Mutual
s_connection: verify depth is 1
Handshake duration: 90.71 ms
Execution 21 - TLS Mutual
s_connection: verify depth is 1
Handshake duration: 6486.99 ms
Execution 22 - TLS Mutual
s_connection: verify depth is 1
Handshake duration: 90.91 ms
Execution 23 - TLS Mutual
s_connection: verify depth is 1
Handshake duration: 90.93 ms
Execution 24 - TLS Mutual
s_connection: verify depth is 1
Handshake duration: 741.73 ms
Execution 25 - TLS Mutual
s_connection: verify depth is 1
Handshake duration: 1115.23 ms
Execution 26 - TLS Mutual
s_connection: verify depth is 1
Handshake duration: 90.28 ms
Execution 27 - TLS Mutual
s_connection: verify depth is 1
Handshake duration: 90.93 ms
Execution 28 - TLS Mutual
s_connection: verify depth is 1
Handshake duration: 90.79 ms
Execution 29 - TLS Mutual
s_connection: verify depth is 1
Handshake duration: 3830.42 ms
Execution 30 - TLS Mutual
s_connection: verify depth is 1
Handshake duration: 2205.36 ms
Execution 31 - TLS Mutual
s_connection: verify depth is 1
Handshake duration: 90.33 ms
Execution 32 - TLS Mutual
s_connection: verify depth is 1
Handshake duration: 91.13 ms
Execution 33 - TLS Mutual
s_connection: verify depth is 1
Handshake duration: 90.78 ms
Execution 34 - TLS Mutual
s_connection: verify depth is 1
Handshake duration: 90.54 ms
Execution 35 - TLS Mutual
s_connection: verify depth is 1
Handshake duration: 90.80 ms
Execution 36 - TLS Mutual
s_connection: verify depth is 1
Handshake duration: 92.03 ms
Execution 37 - TLS Mutual
s_connection: verify depth is 1
Handshake duration: 90.29 ms
Execution 38 - TLS Mutual
s_connection: verify depth is 1
Handshake duration: 90.84 ms
Execution 39 - TLS Mutual
s_connection: verify depth is 1
Handshake duration: 94.87 ms
Execution 40 - TLS Mutual
s_connection: verify depth is 1
Handshake duration: 90.46 ms
Execution 41 - TLS Mutual
s_connection: verify depth is 1
Handshake duration: 94.78 ms
Execution 42 - TLS Mutual
s_connection: verify depth is 1
Handshake duration: 90.89 ms
Execution 43 - TLS Mutual
s_connection: verify depth is 1
Handshake duration: 740.36 ms
Execution 44 - TLS Mutual
s_connection: verify depth is 1
Handshake duration: 90.97 ms
Execution 45 - TLS Mutual
s_connection: verify depth is 1
Handshake duration: 327.38 ms
Execution 46 - TLS Mutual
s_connection: verify depth is 1
Handshake duration: 1125.70 ms
Execution 47 - TLS Mutual
s_connection: verify depth is 1
Handshake duration: 724.82 ms
Execution 48 - TLS Mutual
s_connection: verify depth is 1
Handshake duration: 280.29 ms
Execution 49 - TLS Mutual
s_connection: verify depth is 1
Handshake duration: 95.75 ms
Execution 50 - TLS Mutual
s_connection: verify depth is 1
Handshake duration: 91.13 ms
Execution 51 - TLS Mutual
s_connection: verify depth is 1
Handshake duration: 477.72 ms
Execution 52 - TLS Mutual
s_connection: verify depth is 1
Handshake duration: 279.79 ms
Execution 53 - TLS Mutual
s_connection: verify depth is 1
Handshake duration: 100.72 ms
Execution 54 - TLS Mutual
s_connection: verify depth is 1
Handshake duration: 947.06 ms
Execution 55 - TLS Mutual
s_connection: verify depth is 1
Handshake duration: 91.56 ms
Execution 56 - TLS Mutual
s_connection: verify depth is 1
Handshake duration: 1110.81 ms
Execution 57 - TLS Mutual
s_connection: verify depth is 1
Handshake duration: 1548.98 ms
Execution 58 - TLS Mutual
s_connection: verify depth is 1
Handshake duration: 1111.72 ms
Execution 59 - TLS Mutual
s_connection: verify depth is 1
Handshake duration: 95.70 ms
Execution 60 - TLS Mutual
s_connection: verify depth is 1
Handshake duration: 90.45 ms
Execution 61 - TLS Mutual
s_connection: verify depth is 1
Handshake duration: 91.07 ms
Execution 62 - TLS Mutual
s_connection: verify depth is 1
Handshake duration: 91.44 ms
Execution 63 - TLS Mutual
s_connection: verify depth is 1
Handshake duration: 90.64 ms
Execution 64 - TLS Mutual
s_connection: verify depth is 1
Handshake duration: 90.40 ms
Execution 65 - TLS Mutual
s_connection: verify depth is 1
Handshake duration: 90.63 ms
Execution 66 - TLS Mutual
s_connection: verify depth is 1
Handshake duration: 91.18 ms
Execution 67 - TLS Mutual
s_connection: verify depth is 1
Handshake duration: 517.20 ms
Execution 68 - TLS Mutual
s_connection: verify depth is 1
Handshake duration: 90.58 ms
Execution 69 - TLS Mutual
s_connection: verify depth is 1
Handshake duration: 90.34 ms
Execution 70 - TLS Mutual
s_connection: verify depth is 1
Handshake duration: 1126.09 ms
Execution 71 - TLS Mutual
s_connection: verify depth is 1
Handshake duration: 1569.57 ms
Execution 72 - TLS Mutual
s_connection: verify depth is 1
Handshake duration: 95.97 ms
Execution 73 - TLS Mutual
s_connection: verify depth is 1
Handshake duration: 91.18 ms
Execution 74 - TLS Mutual
s_connection: verify depth is 1
Handshake duration: 485.01 ms
Execution 75 - TLS Mutual
s_connection: verify depth is 1
Handshake duration: 100.35 ms
Execution 76 - TLS Mutual
s_connection: verify depth is 1
Handshake duration: 90.55 ms
Execution 77 - TLS Mutual
s_connection: verify depth is 1
Handshake duration: 1331.35 ms
Execution 78 - TLS Mutual
s_connection: verify depth is 1
Handshake duration: 91.20 ms
Execution 79 - TLS Mutual
s_connection: verify depth is 1
Handshake duration: 95.55 ms
Execution 80 - TLS Mutual
s_connection: verify depth is 1
Handshake duration: 1175.27 ms
Execution 81 - TLS Mutual
s_connection: verify depth is 1
Handshake duration: 90.51 ms
Execution 82 - TLS Mutual
s_connection: verify depth is 1
Handshake duration: 90.80 ms
Execution 83 - TLS Mutual
s_connection: verify depth is 1
Handshake duration: 896.73 ms
Execution 84 - TLS Mutual
s_connection: verify depth is 1
Handshake duration: 339.51 ms
Execution 85 - TLS Mutual
s_connection: verify depth is 1
Handshake duration: 1369.86 ms
Execution 86 - TLS Mutual
s_connection: verify depth is 1
Handshake duration: 90.44 ms
Execution 87 - TLS Mutual
s_connection: verify depth is 1
Handshake duration: 90.54 ms
Execution 88 - TLS Mutual
s_connection: verify depth is 1
Handshake duration: 1148.11 ms
Execution 89 - TLS Mutual
s_connection: verify depth is 1
Handshake duration: 91.08 ms
Execution 90 - TLS Mutual
s_connection: verify depth is 1
Handshake duration: 90.72 ms
Execution 91 - TLS Mutual
s_connection: verify depth is 1
Handshake duration: 278.96 ms
Execution 92 - TLS Mutual
s_connection: verify depth is 1
Handshake duration: 723.96 ms
Execution 93 - TLS Mutual
s_connection: verify depth is 1
Handshake duration: 310.27 ms
Execution 94 - TLS Mutual
s_connection: verify depth is 1
Handshake duration: 91.35 ms
Execution 95 - TLS Mutual
s_connection: verify depth is 1
Handshake duration: 308.81 ms
Execution 96 - TLS Mutual
s_connection: verify depth is 1
Handshake duration: 2162.86 ms
Execution 97 - TLS Mutual
s_connection: verify depth is 1
Handshake duration: 1125.44 ms
Execution 98 - TLS Mutual
s_connection: verify depth is 1
Handshake duration: 318.79 ms
Execution 99 - TLS Mutual
s_connection: verify depth is 1
Handshake duration: 91.01 ms
Execution 100 - TLS Mutual
s_connection: verify depth is 1
Handshake duration: 90.39 ms
Execution 101 - TLS Mutual
s_connection: verify depth is 1
Handshake duration: 335.27 ms
Execution 102 - TLS Mutual
s_connection: verify depth is 1
Handshake duration: 884.18 ms
Execution 103 - TLS Mutual
s_connection: verify depth is 1
Handshake duration: 96.19 ms
Execution 104 - TLS Mutual
s_connection: verify depth is 1
Handshake duration: 485.70 ms
Execution 105 - TLS Mutual
s_connection: verify depth is 1
Handshake duration: 290.52 ms
Execution 106 - TLS Mutual
s_connection: verify depth is 1
Handshake duration: 526.64 ms
Execution 107 - TLS Mutual
s_connection: verify depth is 1
Handshake duration: 91.67 ms
Execution 108 - TLS Mutual
s_connection: verify depth is 1
Handshake duration: 90.91 ms
Execution 109 - TLS Mutual
s_connection: verify depth is 1
Handshake duration: 91.02 ms
Execution 110 - TLS Mutual
s_connection: verify depth is 1
Handshake duration: 90.51 ms
Execution 111 - TLS Mutual
s_connection: verify depth is 1
Handshake duration: 91.08 ms
Execution 112 - TLS Mutual
s_connection: verify depth is 1
Handshake duration: 278.59 ms
Execution 113 - TLS Mutual
s_connection: verify depth is 1
Handshake duration: 93.70 ms
Execution 114 - TLS Mutual
s_connection: verify depth is 1
Handshake duration: 94.88 ms
Execution 115 - TLS Mutual
s_connection: verify depth is 1
Handshake duration: 341.11 ms
Execution 116 - TLS Mutual
s_connection: verify depth is 1
Handshake duration: 90.64 ms
Execution 117 - TLS Mutual
s_connection: verify depth is 1
Handshake duration: 90.61 ms
Execution 118 - TLS Mutual
s_connection: verify depth is 1
Handshake duration: 90.45 ms
Execution 119 - TLS Mutual
s_connection: verify depth is 1
Handshake duration: 1148.36 ms
Execution 120 - TLS Mutual
s_connection: verify depth is 1
Handshake duration: 3405.36 ms
Execution 121 - TLS Mutual
s_connection: verify depth is 1
Handshake duration: 90.85 ms
Execution 122 - TLS Mutual
s_connection: verify depth is 1
Handshake duration: 1138.31 ms
Execution 123 - TLS Mutual
s_connection: verify depth is 1
Handshake duration: 90.72 ms
Execution 124 - TLS Mutual
s_connection: verify depth is 1
Handshake duration: 90.40 ms
Execution 125 - TLS Mutual
s_connection: verify depth is 1
Handshake duration: 94.61 ms
