Handshake timeout budget: 150s (identique TLS/QUIC)
Applying netem rules to lo...
Showing qdisc status for the interface: lo
qdisc netem 883a: root refcnt 2 limit 1000 seed 3915699984478150492
 Sent 0 bytes 0 pkt (dropped 0, overlimits 0 requeues 0) 
 backlog 0b 0p requeues 0
Running ./perftestClientTlsQuic.sh with SIG_ALG=mldsa87 and KEM_ALG=p521_hqc256
Execution 1 - TLS Mutual
s_connection: verify depth is 1
Handshake duration: 1177.03 ms
Execution 2 - TLS Mutual
s_connection: verify depth is 1
Handshake duration: 127.73 ms
Execution 3 - TLS Mutual
s_connection: verify depth is 1
Handshake duration: 1190.65 ms
Execution 4 - TLS Mutual
s_connection: verify depth is 1
Handshake duration: 1790.24 ms
Execution 5 - TLS Mutual
s_connection: verify depth is 1
Handshake duration: 130.22 ms
Execution 6 - TLS Mutual
s_connection: verify depth is 1
Handshake duration: 1137.90 ms
Execution 7 - TLS Mutual
s_connection: verify depth is 1
Handshake duration: 921.49 ms
Execution 8 - TLS Mutual
s_connection: verify depth is 1
Handshake duration: 329.05 ms
Execution 9 - TLS Mutual
s_connection: verify depth is 1
Handshake duration: 126.98 ms
Execution 10 - TLS Mutual
s_connection: verify depth is 1
Handshake duration: 515.73 ms
Execution 11 - TLS Mutual
s_connection: verify depth is 1
Handshake duration: 1377.20 ms
Execution 12 - TLS Mutual
s_connection: verify depth is 1
Handshake duration: 1182.34 ms
Execution 13 - TLS Mutual
s_connection: verify depth is 1
Handshake duration: 1202.47 ms
Execution 14 - TLS Mutual
s_connection: verify depth is 1
Handshake duration: 126.98 ms
Execution 15 - TLS Mutual
s_connection: verify depth is 1
Handshake duration: 127.07 ms
Execution 16 - TLS Mutual
s_connection: verify depth is 1
Handshake duration: 126.91 ms
Execution 17 - TLS Mutual
s_connection: verify depth is 1
Handshake duration: 1352.38 ms
Execution 18 - TLS Mutual
s_connection: verify depth is 1
Handshake duration: 2045.10 ms
Execution 19 - TLS Mutual
s_connection: verify depth is 1
Handshake duration: 926.46 ms
Execution 20 - TLS Mutual
s_connection: verify depth is 1
Handshake duration: 330.91 ms
Execution 21 - TLS Mutual
s_connection: verify depth is 1
Handshake duration: 369.94 ms
Execution 22 - TLS Mutual
s_connection: verify depth is 1
Handshake duration: 126.77 ms
Execution 23 - TLS Mutual
s_connection: verify depth is 1
Handshake duration: 368.65 ms
Execution 24 - TLS Mutual
s_connection: verify depth is 1
Handshake duration: 126.89 ms
Execution 25 - TLS Mutual
s_connection: verify depth is 1
Handshake duration: 126.93 ms
Execution 26 - TLS Mutual
s_connection: verify depth is 1
Handshake duration: 716.57 ms
Execution 27 - TLS Mutual
s_connection: verify depth is 1
Handshake duration: 762.22 ms
Execution 28 - TLS Mutual
s_connection: verify depth is 1
Handshake duration: 127.28 ms
Execution 29 - TLS Mutual
s_connection: verify depth is 1
Handshake duration: 332.63 ms
Execution 30 - TLS Mutual
s_connection: verify depth is 1
Handshake duration: 127.08 ms
Execution 31 - TLS Mutual
s_connection: verify depth is 1
Handshake duration: 538.06 ms
Execution 32 - TLS Mutual
s_connection: verify depth is 1
Handshake duration: 127.18 ms
Execution 33 - TLS Mutual
s_connection: verify depth is 1
Handshake duration: 2380.20 ms
Execution 34 - TLS Mutual
s_connection: verify depth is 1
Handshake duration: 129.38 ms
Execution 35 - TLS Mutual
s_connection: verify depth is 1
Handshake duration: 8802.36 ms
Execution 36 - TLS Mutual
s_connection: verify depth is 1
Handshake duration: 1747.81 ms
Execution 37 - TLS Mutual
s_connection: verify depth is 1
Handshake duration: 129.38 ms
Execution 38 - TLS Mutual
s_connection: verify depth is 1
Handshake duration: 127.00 ms
Execution 39 - TLS Mutual
s_connection: verify depth is 1
Handshake duration: 1171.74 ms
Execution 40 - TLS Mutual
s_connection: verify depth is 1
Handshake duration: 368.30 ms
Execution 41 - TLS Mutual
s_connection: verify depth is 1
Handshake duration: 1399.45 ms
Execution 42 - TLS Mutual
s_connection: verify depth is 1
Handshake duration: 330.38 ms
Execution 43 - TLS Mutual
s_connection: verify depth is 1
Handshake duration: 127.07 ms
Execution 44 - TLS Mutual
s_connection: verify depth is 1
Handshake duration: 126.89 ms
Execution 45 - TLS Mutual
s_connection: verify depth is 1
Handshake duration: 127.13 ms
Execution 46 - TLS Mutual
s_connection: verify depth is 1
Handshake duration: 1219.44 ms
Execution 47 - TLS Mutual
s_connection: verify depth is 1
Handshake duration: 324.74 ms
Execution 48 - TLS Mutual
s_connection: verify depth is 1
Handshake duration: 126.90 ms
Execution 49 - TLS Mutual
s_connection: verify depth is 1
Handshake duration: 1541.30 ms
Execution 50 - TLS Mutual
s_connection: verify depth is 1
Handshake duration: 127.92 ms
Execution 51 - TLS Mutual
s_connection: verify depth is 1
Handshake duration: 1192.66 ms
Execution 52 - TLS Mutual
s_connection: verify depth is 1
Handshake duration: 330.31 ms
Execution 53 - TLS Mutual
s_connection: verify depth is 1
Handshake duration: 127.31 ms
Execution 54 - TLS Mutual
s_connection: verify depth is 1
Handshake duration: 332.39 ms
Execution 55 - TLS Mutual
s_connection: verify depth is 1
Handshake duration: 127.00 ms
Execution 56 - TLS Mutual
s_connection: verify depth is 1
Handshake duration: 127.39 ms
Execution 57 - TLS Mutual
s_connection: verify depth is 1
Handshake duration: 126.96 ms
Execution 58 - TLS Mutual
s_connection: verify depth is 1
Handshake duration: 129.35 ms
Execution 59 - TLS Mutual
s_connection: verify depth is 1
Handshake duration: 761.42 ms
Execution 60 - TLS Mutual
s_connection: verify depth is 1
Handshake duration: 127.12 ms
Execution 61 - TLS Mutual
s_connection: verify depth is 1
Handshake duration: 126.85 ms
Execution 62 - TLS Mutual
s_connection: verify depth is 1
Handshake duration: 126.87 ms
Execution 63 - TLS Mutual
s_connection: verify depth is 1
Handshake duration: 126.64 ms
Execution 64 - TLS Mutual
s_connection: verify depth is 1
Handshake duration: 1209.33 ms
Execution 65 - TLS Mutual
s_connection: verify depth is 1
Handshake duration: 130.98 ms
Execution 66 - TLS Mutual
s_connection: verify depth is 1
Handshake duration: 364.77 ms
Execution 67 - TLS Mutual
s_connection: verify depth is 1
Handshake duration: 513.61 ms
Execution 68 - TLS Mutual
s_connection: verify depth is 1
Handshake duration: 127.26 ms
Execution 69 - TLS Mutual
s_connection: verify depth is 1
Handshake duration: 127.49 ms
Execution 70 - TLS Mutual
s_connection: verify depth is 1
Handshake duration: 370.83 ms
Execution 71 - TLS Mutual
s_connection: verify depth is 1
Handshake duration: 127.72 ms
Execution 72 - TLS Mutual
s_connection: verify depth is 1
Handshake duration: 126.96 ms
Execution 73 - TLS Mutual
s_connection: verify depth is 1
Handshake duration: 329.18 ms
Execution 74 - TLS Mutual
s_connection: verify depth is 1
Handshake duration: 331.71 ms
Execution 75 - TLS Mutual
s_connection: verify depth is 1
Handshake duration: 918.71 ms
Execution 76 - TLS Mutual
s_connection: verify depth is 1
Handshake duration: 126.60 ms
Execution 77 - TLS Mutual
s_connection: verify depth is 1
Handshake duration: 1161.74 ms
Execution 78 - TLS Mutual
s_connection: verify depth is 1
Handshake duration: 373.84 ms
Execution 79 - TLS Mutual
s_connection: verify depth is 1
Handshake duration: 6509.27 ms
Execution 80 - TLS Mutual
s_connection: verify depth is 1
Handshake duration: 333.47 ms
Execution 81 - TLS Mutual
s_connection: verify depth is 1
Handshake duration: 127.16 ms
Execution 82 - TLS Mutual
s_connection: verify depth is 1
Handshake duration: 337.86 ms
Execution 83 - TLS Mutual
s_connection: verify depth is 1
Handshake duration: 127.18 ms
Execution 84 - TLS Mutual
s_connection: verify depth is 1
Handshake duration: 126.74 ms
Execution 85 - TLS Mutual
s_connection: verify depth is 1
Handshake duration: 325.09 ms
Execution 86 - TLS Mutual
s_connection: verify depth is 1
Handshake duration: 1173.78 ms
Execution 87 - TLS Mutual
s_connection: verify depth is 1
Handshake duration: 327.29 ms
Execution 88 - TLS Mutual
s_connection: verify depth is 1
Handshake duration: 1182.18 ms
Execution 89 - TLS Mutual
s_connection: verify depth is 1
Handshake duration: 26673.52 ms
Execution 90 - TLS Mutual
s_connection: verify depth is 1
Handshake duration: 127.20 ms
Execution 91 - TLS Mutual
s_connection: verify depth is 1
Handshake duration: 1816.52 ms
Execution 92 - TLS Mutual
s_connection: verify depth is 1
Handshake duration: 1185.61 ms
Execution 93 - TLS Mutual
s_connection: verify depth is 1
Handshake duration: 941.86 ms
Execution 94 - TLS Mutual
s_connection: verify depth is 1
Handshake duration: 127.05 ms
Execution 95 - TLS Mutual
s_connection: verify depth is 1
Handshake duration: 127.18 ms
Execution 96 - TLS Mutual
s_connection: verify depth is 1
Handshake duration: 127.08 ms
Execution 97 - TLS Mutual
s_connection: verify depth is 1
Handshake duration: 749.09 ms
Execution 98 - TLS Mutual
s_connection: verify depth is 1
Handshake duration: 327.81 ms
Execution 99 - TLS Mutual
s_connection: verify depth is 1
Handshake duration: 127.06 ms
Execution 100 - TLS Mutual
s_connection: verify depth is 1
Handshake duration: 126.73 ms
Execution 101 - TLS Mutual
s_connection: verify depth is 1
Handshake duration: 126.62 ms
Execution 102 - TLS Mutual
s_connection: verify depth is 1
Handshake duration: 925.89 ms
Execution 103 - TLS Mutual
s_connection: verify depth is 1
Handshake duration: 128.34 ms
Execution 104 - TLS Mutual
s_connection: verify depth is 1
Handshake duration: 127.67 ms
Execution 105 - TLS Mutual
s_connection: verify depth is 1
Handshake duration: 126.89 ms
Execution 106 - TLS Mutual
s_connection: verify depth is 1
Handshake duration: 532.66 ms
Execution 107 - TLS Mutual
s_connection: verify depth is 1
Handshake duration: 127.14 ms
Execution 108 - TLS Mutual
s_connection: verify depth is 1
Handshake duration: 127.10 ms
Execution 109 - TLS Mutual
s_connection: verify depth is 1
Handshake duration: 126.82 ms
Execution 110 - TLS Mutual
s_connection: verify depth is 1
Handshake duration: 717.51 ms
Execution 111 - TLS Mutual
s_connection: verify depth is 1
Handshake duration: 331.60 ms
Execution 112 - TLS Mutual
s_connection: verify depth is 1
Handshake duration: 1196.53 ms
Execution 113 - TLS Mutual
s_connection: verify depth is 1
Handshake duration: 1195.39 ms
Execution 114 - TLS Mutual
s_connection: verify depth is 1
Handshake duration: 333.59 ms
Execution 115 - TLS Mutual
s_connection: verify depth is 1
Handshake duration: 541.61 ms
Execution 116 - TLS Mutual
s_connection: verify depth is 1
Handshake duration: 127.15 ms
Execution 117 - TLS Mutual
s_connection: verify depth is 1
Handshake duration: 326.93 ms
Execution 118 - TLS Mutual
s_connection: verify depth is 1
Handshake duration: 1196.18 ms
Execution 119 - TLS Mutual
s_connection: verify depth is 1
Handshake duration: 1774.18 ms
Execution 120 - TLS Mutual
s_connection: verify depth is 1
Handshake duration: 127.40 ms
Execution 121 - TLS Mutual
s_connection: verify depth is 1
Handshake duration: 541.19 ms
Execution 122 - TLS Mutual
s_connection: verify depth is 1
Handshake duration: 127.46 ms
Execution 123 - TLS Mutual
s_connection: verify depth is 1
Handshake duration: 713.26 ms
Execution 124 - TLS Mutual
s_connection: verify depth is 1
Handshake duration: 332.16 ms
Execution 125 - TLS Mutual
s_connection: verify depth is 1
Handshake duration: 1145.90 ms
