Handshake timeout budget: 150s (identique TLS/QUIC)
Applying netem rules to lo...
Showing qdisc status for the interface: lo
qdisc netem 9389: root refcnt 2 limit 1000 seed 16052838681060647280
 Sent 0 bytes 0 pkt (dropped 0, overlimits 0 requeues 0) 
 backlog 0b 0p requeues 0
Running ./perftestClientTlsQuic.sh with SIG_ALG=mldsa65 and KEM_ALG=P-384
Execution 1 - TLS Mutual
s_connection: verify depth is 1
Handshake duration: 1102.85 ms
Execution 2 - TLS Mutual
s_connection: verify depth is 1
Handshake duration: 33.64 ms
Execution 3 - TLS Mutual
s_connection: verify depth is 1
Handshake duration: 1117.11 ms
Execution 4 - TLS Mutual
s_connection: verify depth is 1
Handshake duration: 269.03 ms
Execution 5 - TLS Mutual
s_connection: verify depth is 1
Handshake duration: 1116.74 ms
Execution 6 - TLS Mutual
s_connection: verify depth is 1
Handshake duration: 33.00 ms
Execution 7 - TLS Mutual
s_connection: verify depth is 1
Handshake duration: 6446.35 ms
Execution 8 - TLS Mutual
s_connection: verify depth is 1
Handshake duration: 1895.51 ms
Execution 9 - TLS Mutual
s_connection: verify depth is 1
Handshake duration: 34.22 ms
Execution 10 - TLS Mutual
s_connection: verify depth is 1
Handshake duration: 32.63 ms
Execution 11 - TLS Mutual
s_connection: verify depth is 1
Handshake duration: 32.17 ms
Execution 12 - TLS Mutual
s_connection: verify depth is 1
Handshake duration: 32.26 ms
Execution 13 - TLS Mutual
s_connection: verify depth is 1
Handshake duration: 32.29 ms
Execution 14 - TLS Mutual
s_connection: verify depth is 1
Handshake duration: 32.41 ms
Execution 15 - TLS Mutual
s_connection: verify depth is 1
Handshake duration: 3769.64 ms
Execution 16 - TLS Mutual
s_connection: verify depth is 1
Handshake duration: 1076.76 ms
Execution 17 - TLS Mutual
s_connection: verify depth is 1
Handshake duration: 34.72 ms
Execution 18 - TLS Mutual
s_connection: verify depth is 1
Handshake duration: 32.52 ms
Execution 19 - TLS Mutual
s_connection: verify depth is 1
Handshake duration: 32.25 ms
Execution 20 - TLS Mutual
s_connection: verify depth is 1
Handshake duration: 32.74 ms
Execution 21 - TLS Mutual
s_connection: verify depth is 1
Handshake duration: 1084.36 ms
Execution 22 - TLS Mutual
s_connection: verify depth is 1
Handshake duration: 34.25 ms
Execution 23 - TLS Mutual
s_connection: verify depth is 1
Handshake duration: 268.98 ms
Execution 24 - TLS Mutual
s_connection: verify depth is 1
Handshake duration: 33.32 ms
Execution 25 - TLS Mutual
s_connection: verify depth is 1
Handshake duration: 272.79 ms
Execution 26 - TLS Mutual
s_connection: verify depth is 1
Handshake duration: 33.47 ms
Execution 27 - TLS Mutual
s_connection: verify depth is 1
Handshake duration: 1079.58 ms
Execution 28 - TLS Mutual
s_connection: verify depth is 1
Handshake duration: 35.18 ms
Execution 29 - TLS Mutual
s_connection: verify depth is 1
Handshake duration: 33.19 ms
Execution 30 - TLS Mutual
s_connection: verify depth is 1
Handshake duration: 32.70 ms
Execution 31 - TLS Mutual
s_connection: verify depth is 1
Handshake duration: 271.17 ms
Execution 32 - TLS Mutual
s_connection: verify depth is 1
Handshake duration: 33.27 ms
Execution 33 - TLS Mutual
s_connection: verify depth is 1
Handshake duration: 32.40 ms
Execution 34 - TLS Mutual
s_connection: verify depth is 1
Handshake duration: 267.30 ms
Execution 35 - TLS Mutual
s_connection: verify depth is 1
Handshake duration: 255.09 ms
Execution 36 - TLS Mutual
s_connection: verify depth is 1
Handshake duration: 37.93 ms
Execution 37 - TLS Mutual
s_connection: verify depth is 1
Handshake duration: 34.41 ms
Execution 38 - TLS Mutual
s_connection: verify depth is 1
Handshake duration: 458.16 ms
Execution 39 - TLS Mutual
s_connection: verify depth is 1
Handshake duration: 1510.45 ms
Execution 40 - TLS Mutual
s_connection: verify depth is 1
Handshake duration: 32.98 ms
Execution 41 - TLS Mutual
s_connection: verify depth is 1
Handshake duration: 1113.57 ms
Execution 42 - TLS Mutual
s_connection: verify depth is 1
Handshake duration: 2074.55 ms
Execution 43 - TLS Mutual
s_connection: verify depth is 1
Handshake duration: 35.68 ms
Execution 44 - TLS Mutual
s_connection: verify depth is 1
Handshake duration: 272.53 ms
Execution 45 - TLS Mutual
s_connection: verify depth is 1
Handshake duration: 32.57 ms
Execution 46 - TLS Mutual
s_connection: verify depth is 1
Handshake duration: 1086.48 ms
Execution 47 - TLS Mutual
s_connection: verify depth is 1
Handshake duration: 33.73 ms
Execution 48 - TLS Mutual
s_connection: verify depth is 1
Handshake duration: 864.74 ms
Execution 49 - TLS Mutual
s_connection: verify depth is 1
Handshake duration: 34.35 ms
Execution 50 - TLS Mutual
s_connection: verify depth is 1
Handshake duration: 270.95 ms
Execution 51 - TLS Mutual
s_connection: verify depth is 1
Handshake duration: 1297.85 ms
Execution 52 - TLS Mutual
s_connection: verify depth is 1
Handshake duration: 35.73 ms
Execution 53 - TLS Mutual
s_connection: verify depth is 1
Handshake duration: 272.20 ms
Execution 54 - TLS Mutual
s_connection: verify depth is 1
Handshake duration: 1067.90 ms
Execution 55 - TLS Mutual
s_connection: verify depth is 1
Handshake duration: 268.51 ms
Execution 56 - TLS Mutual
s_connection: verify depth is 1
Handshake duration: 2357.45 ms
Execution 57 - TLS Mutual
s_connection: verify depth is 1
Handshake duration: 32.96 ms
Execution 58 - TLS Mutual
s_connection: verify depth is 1
Handshake duration: 32.74 ms
Execution 59 - TLS Mutual
s_connection: verify depth is 1
Handshake duration: 32.70 ms
Execution 60 - TLS Mutual
s_connection: verify depth is 1
Handshake duration: 32.25 ms
Execution 61 - TLS Mutual
s_connection: verify depth is 1
Handshake duration: 1061.59 ms
Execution 62 - TLS Mutual
s_connection: verify depth is 1
Handshake duration: 36.71 ms
Execution 63 - TLS Mutual
s_connection: verify depth is 1
Handshake duration: 33.17 ms
Execution 64 - TLS Mutual
s_connection: verify depth is 1
Handshake duration: 33.28 ms
Execution 65 - TLS Mutual
s_connection: verify depth is 1
Handshake duration: 474.60 ms
Execution 66 - TLS Mutual
s_connection: verify depth is 1
Handshake duration: 32.86 ms
Execution 67 - TLS Mutual
s_connection: verify depth is 1
Handshake duration: 32.22 ms
Execution 68 - TLS Mutual
s_connection: verify depth is 1
Handshake duration: 1062.74 ms
Execution 69 - TLS Mutual
s_connection: verify depth is 1
Handshake duration: 1086.71 ms
Execution 70 - TLS Mutual
s_connection: verify depth is 1
Handshake duration: 33.53 ms
Execution 71 - TLS Mutual
s_connection: verify depth is 1
Handshake duration: 32.16 ms
Execution 72 - TLS Mutual
s_connection: verify depth is 1
Handshake duration: 32.57 ms
Execution 73 - TLS Mutual
s_connection: verify depth is 1
Handshake duration: 32.41 ms
Execution 74 - TLS Mutual
s_connection: verify depth is 1
Handshake duration: 33.77 ms
Execution 75 - TLS Mutual
s_connection: verify depth is 1
Handshake duration: 32.25 ms
Execution 76 - TLS Mutual
s_connection: verify depth is 1
Handshake duration: 654.89 ms
Execution 77 - TLS Mutual
s_connection: verify depth is 1
Handshake duration: 472.56 ms
Execution 78 - TLS Mutual
s_connection: verify depth is 1
Handshake duration: 1062.71 ms
Execution 79 - TLS Mutual
s_connection: verify depth is 1
Handshake duration: 1281.58 ms
Execution 80 - TLS Mutual
s_connection: verify depth is 1
Handshake duration: 276.66 ms
Execution 81 - TLS Mutual
s_connection: verify depth is 1
Handshake duration: 32.92 ms
Execution 82 - TLS Mutual
s_connection: verify depth is 1
Handshake duration: 271.41 ms
Execution 83 - TLS Mutual
s_connection: verify depth is 1
Handshake duration: 34.12 ms
Execution 84 - TLS Mutual
s_connection: verify depth is 1
Handshake duration: 1326.40 ms
Execution 85 - TLS Mutual
s_connection: verify depth is 1
Handshake duration: 1124.76 ms
Execution 86 - TLS Mutual
s_connection: verify depth is 1
Handshake duration: 37.73 ms
Execution 87 - TLS Mutual
s_connection: verify depth is 1
Handshake duration: 1480.78 ms
Execution 88 - TLS Mutual
s_connection: verify depth is 1
Handshake duration: 1052.32 ms
Execution 89 - TLS Mutual
s_connection: verify depth is 1
Handshake duration: 34.47 ms
Execution 90 - TLS Mutual
s_connection: verify depth is 1
Handshake duration: 32.87 ms
Execution 91 - TLS Mutual
s_connection: verify depth is 1
Handshake duration: 3569.36 ms
Execution 92 - TLS Mutual
s_connection: verify depth is 1
Handshake duration: 1480.47 ms
Execution 93 - TLS Mutual
s_connection: verify depth is 1
Handshake duration: 34.06 ms
Execution 94 - TLS Mutual
s_connection: verify depth is 1
Handshake duration: 4428.37 ms
Execution 95 - TLS Mutual
s_connection: verify depth is 1
Handshake duration: 245.34 ms
Execution 96 - TLS Mutual
s_connection: verify depth is 1
Handshake duration: 35.87 ms
Execution 97 - TLS Mutual
s_connection: verify depth is 1
Handshake duration: 33.05 ms
Execution 98 - TLS Mutual
s_connection: verify depth is 1
Handshake duration: 3510.20 ms
Execution 99 - TLS Mutual
s_connection: verify depth is 1
Handshake duration: 34.52 ms
Execution 100 - TLS Mutual
s_connection: verify depth is 1
Handshake duration: 33.03 ms
Execution 101 - TLS Mutual
s_connection: verify depth is 1
Handshake duration: 32.59 ms
Execution 102 - TLS Mutual
s_connection: verify depth is 1
Handshake duration: 268.14 ms
Execution 103 - TLS Mutual
s_connection: verify depth is 1
Handshake duration: 266.02 ms
Execution 104 - TLS Mutual
s_connection: verify depth is 1
Handshake duration: 33.36 ms
Execution 105 - TLS Mutual
s_connection: verify depth is 1
Handshake duration: 863.88 ms
Execution 106 - TLS Mutual
s_connection: verify depth is 1
Handshake duration: 34.44 ms
Execution 107 - TLS Mutual
s_connection: verify depth is 1
Handshake duration: 249.57 ms
Execution 108 - TLS Mutual
s_connection: verify depth is 1
Handshake duration: 34.77 ms
Execution 109 - TLS Mutual
s_connection: verify depth is 1
Handshake duration: 32.96 ms
Execution 110 - TLS Mutual
s_connection: verify depth is 1
Handshake duration: 32.07 ms
Execution 111 - TLS Mutual
s_connection: verify depth is 1
Handshake duration: 32.24 ms
Execution 112 - TLS Mutual
s_connection: verify depth is 1
Handshake duration: 32.46 ms
Execution 113 - TLS Mutual
s_connection: verify depth is 1
Handshake duration: 268.43 ms
Execution 114 - TLS Mutual
s_connection: verify depth is 1
Handshake duration: 33.26 ms
Execution 115 - TLS Mutual
s_connection: verify depth is 1
Handshake duration: 271.97 ms
Execution 116 - TLS Mutual
s_connection: verify depth is 1
Handshake duration: 32.26 ms
Execution 117 - TLS Mutual
s_connection: verify depth is 1
Handshake duration: 33.57 ms
Execution 118 - TLS Mutual
s_connection: verify depth is 1
Handshake duration: 32.22 ms
Execution 119 - TLS Mutual
s_connection: verify depth is 1
Handshake duration: 1069.04 ms
Execution 120 - TLS Mutual
s_connection: verify depth is 1
Handshake duration: 1255.71 ms
Execution 121 - TLS Mutual
s_connection: verify depth is 1
Handshake duration: 267.01 ms
Execution 122 - TLS Mutual
s_connection: verify depth is 1
Handshake duration: 1108.81 ms
Execution 123 - TLS Mutual
s_connection: verify depth is 1
Handshake duration: 34.05 ms
Execution 124 - TLS Mutual
s_connection: verify depth is 1
Handshake duration: 32.79 ms
Execution 125 - TLS Mutual
s_connection: verify depth is 1
Handshake duration: 1046.93 ms
