Handshake timeout budget: 150s (identique TLS/QUIC)
Applying netem rules to lo...
Showing qdisc status for the interface: lo
qdisc netem 9368: root refcnt 2 limit 1000 seed 5599832304480853050
 Sent 0 bytes 0 pkt (dropped 0, overlimits 0 requeues 0) 
 backlog 0b 0p requeues 0
Running ./perftestClientTlsQuic.sh with SIG_ALG=mldsa44 and KEM_ALG=p256_hqc128
Execution 1 - TLS Mutual
s_connection: verify depth is 1
Handshake duration: 41.34 ms
Execution 2 - TLS Mutual
s_connection: verify depth is 1
Handshake duration: 38.92 ms
Execution 3 - TLS Mutual
s_connection: verify depth is 1
Handshake duration: 40.65 ms
Execution 4 - TLS Mutual
s_connection: verify depth is 1
Handshake duration: 1064.10 ms
Execution 5 - TLS Mutual
s_connection: verify depth is 1
Handshake duration: 1298.30 ms
Execution 6 - TLS Mutual
s_connection: verify depth is 1
Handshake duration: 1743.89 ms
Execution 7 - TLS Mutual
s_connection: verify depth is 1
Handshake duration: 2748.89 ms
Execution 8 - TLS Mutual
s_connection: verify depth is 1
Handshake duration: 41.59 ms
Execution 9 - TLS Mutual
s_connection: verify depth is 1
Handshake duration: 1308.67 ms
Execution 10 - TLS Mutual
s_connection: verify depth is 1
Handshake duration: 40.59 ms
Execution 11 - TLS Mutual
s_connection: verify depth is 1
Handshake duration: 1261.14 ms
Execution 12 - TLS Mutual
s_connection: verify depth is 1
Handshake duration: 1303.33 ms
Execution 13 - TLS Mutual
s_connection: verify depth is 1
Handshake duration: 41.28 ms
Execution 14 - TLS Mutual
s_connection: verify depth is 1
Handshake duration: 39.83 ms
Execution 15 - TLS Mutual
s_connection: verify depth is 1
Handshake duration: 1329.75 ms
Execution 16 - TLS Mutual
s_connection: verify depth is 1
Handshake duration: 2169.07 ms
Execution 17 - TLS Mutual
s_connection: verify depth is 1
Handshake duration: 41.41 ms
Execution 18 - TLS Mutual
s_connection: verify depth is 1
Handshake duration: 39.44 ms
Execution 19 - TLS Mutual
s_connection: verify depth is 1
Handshake duration: 277.24 ms
Execution 20 - TLS Mutual
s_connection: verify depth is 1
Handshake duration: 39.75 ms
Execution 21 - TLS Mutual
s_connection: verify depth is 1
Handshake duration: 1300.67 ms
Execution 22 - TLS Mutual
s_connection: verify depth is 1
Handshake duration: 277.52 ms
Execution 23 - TLS Mutual
s_connection: verify depth is 1
Handshake duration: 1100.76 ms
Execution 24 - TLS Mutual
s_connection: verify depth is 1
Handshake duration: 43.12 ms
Execution 25 - TLS Mutual
s_connection: verify depth is 1
Handshake duration: 40.77 ms
Execution 26 - TLS Mutual
s_connection: verify depth is 1
Handshake duration: 38.82 ms
Execution 27 - TLS Mutual
s_connection: verify depth is 1
Handshake duration: 2371.86 ms
Execution 28 - TLS Mutual
s_connection: verify depth is 1
Handshake duration: 41.99 ms
Execution 29 - TLS Mutual
s_connection: verify depth is 1
Handshake duration: 38.58 ms
Execution 30 - TLS Mutual
s_connection: verify depth is 1
Handshake duration: 38.35 ms
Execution 31 - TLS Mutual
s_connection: verify depth is 1
Handshake duration: 38.90 ms
Execution 32 - TLS Mutual
s_connection: verify depth is 1
Handshake duration: 39.17 ms
Execution 33 - TLS Mutual
s_connection: verify depth is 1
Handshake duration: 39.37 ms
Execution 34 - TLS Mutual
s_connection: verify depth is 1
Handshake duration: 40.93 ms
Execution 35 - TLS Mutual
s_connection: verify depth is 1
Handshake duration: 2110.31 ms
Execution 36 - TLS Mutual
s_connection: verify depth is 1
Handshake duration: 42.99 ms
Execution 37 - TLS Mutual
s_connection: verify depth is 1
Handshake duration: 42.56 ms
Execution 38 - TLS Mutual
s_connection: verify depth is 1
Handshake duration: 1716.42 ms
Execution 39 - TLS Mutual
s_connection: verify depth is 1
Handshake duration: 39.98 ms
Execution 40 - TLS Mutual
s_connection: verify depth is 1
Handshake duration: 1070.50 ms
Execution 41 - TLS Mutual
s_connection: verify depth is 1
Handshake duration: 40.26 ms
Execution 42 - TLS Mutual
s_connection: verify depth is 1
Handshake duration: 38.67 ms
Execution 43 - TLS Mutual
s_connection: verify depth is 1
Handshake duration: 38.68 ms
Execution 44 - TLS Mutual
s_connection: verify depth is 1
Handshake duration: 38.59 ms
Execution 45 - TLS Mutual
s_connection: verify depth is 1
Handshake duration: 1286.79 ms
Execution 46 - TLS Mutual
s_connection: verify depth is 1
Handshake duration: 1107.50 ms
Execution 47 - TLS Mutual
s_connection: verify depth is 1
Handshake duration: 270.62 ms
Execution 48 - TLS Mutual
s_connection: verify depth is 1
Handshake duration: 41.82 ms
Execution 49 - TLS Mutual
s_connection: verify depth is 1
Handshake duration: 38.63 ms
Execution 50 - TLS Mutual
s_connection: verify depth is 1
Handshake duration: 1287.75 ms
Execution 51 - TLS Mutual
s_connection: verify depth is 1
Handshake duration: 1065.33 ms
Execution 52 - TLS Mutual
s_connection: verify depth is 1
Handshake duration: 1074.30 ms
Execution 53 - TLS Mutual
s_connection: verify depth is 1
Handshake duration: 40.95 ms
Execution 54 - TLS Mutual
s_connection: verify depth is 1
Handshake duration: 688.41 ms
Execution 55 - TLS Mutual
s_connection: verify depth is 1
Handshake duration: 42.18 ms
Execution 56 - TLS Mutual
s_connection: verify depth is 1
Handshake duration: 1099.23 ms
Execution 57 - TLS Mutual
s_connection: verify depth is 1
Handshake duration: 39.02 ms
Execution 58 - TLS Mutual
s_connection: verify depth is 1
Handshake duration: 284.48 ms
Execution 59 - TLS Mutual
s_connection: verify depth is 1
Handshake duration: 40.17 ms
Execution 60 - TLS Mutual
s_connection: verify depth is 1
Handshake duration: 38.50 ms
Execution 61 - TLS Mutual
s_connection: verify depth is 1
Handshake duration: 38.89 ms
Execution 62 - TLS Mutual
s_connection: verify depth is 1
Handshake duration: 38.98 ms
Execution 63 - TLS Mutual
s_connection: verify depth is 1
Handshake duration: 38.89 ms
Execution 64 - TLS Mutual
s_connection: verify depth is 1
Handshake duration: 1517.88 ms
Execution 65 - TLS Mutual
s_connection: verify depth is 1
Handshake duration: 1329.47 ms
Execution 66 - TLS Mutual
s_connection: verify depth is 1
Handshake duration: 657.15 ms
Execution 67 - TLS Mutual
s_connection: verify depth is 1
Handshake duration: 42.41 ms
Execution 68 - TLS Mutual
s_connection: verify depth is 1
Handshake duration: 40.26 ms
Execution 69 - TLS Mutual
s_connection: verify depth is 1
Handshake duration: 39.51 ms
Execution 70 - TLS Mutual
s_connection: verify depth is 1
Handshake duration: 38.53 ms
Execution 71 - TLS Mutual
s_connection: verify depth is 1
Handshake duration: 38.60 ms
Execution 72 - TLS Mutual
s_connection: verify depth is 1
Handshake duration: 39.53 ms
Execution 73 - TLS Mutual
s_connection: verify depth is 1
Handshake duration: 271.05 ms
Execution 74 - TLS Mutual
s_connection: verify depth is 1
Handshake duration: 48.16 ms
Execution 75 - TLS Mutual
s_connection: verify depth is 1
Handshake duration: 1496.69 ms
Execution 76 - TLS Mutual
s_connection: verify depth is 1
Handshake duration: 42.65 ms
Execution 77 - TLS Mutual
s_connection: verify depth is 1
Handshake duration: 38.93 ms
Execution 78 - TLS Mutual
s_connection: verify depth is 1
Handshake duration: 38.92 ms
Execution 79 - TLS Mutual
s_connection: verify depth is 1
Handshake duration: 39.24 ms
Execution 80 - TLS Mutual
s_connection: verify depth is 1
Handshake duration: 284.80 ms
Execution 81 - TLS Mutual
s_connection: verify depth is 1
Handshake duration: 40.65 ms
Execution 82 - TLS Mutual
s_connection: verify depth is 1
Handshake duration: 38.76 ms
Execution 83 - TLS Mutual
s_connection: verify depth is 1
Handshake duration: 39.20 ms
Execution 84 - TLS Mutual
s_connection: verify depth is 1
Handshake duration: 39.29 ms
Execution 85 - TLS Mutual
s_connection: verify depth is 1
Handshake duration: 38.51 ms
Execution 86 - TLS Mutual
s_connection: verify depth is 1
Handshake duration: 38.56 ms
Execution 87 - TLS Mutual
s_connection: verify depth is 1
Handshake duration: 39.83 ms
Execution 88 - TLS Mutual
s_connection: verify depth is 1
Handshake duration: 38.65 ms
Execution 89 - TLS Mutual
s_connection: verify depth is 1
Handshake duration: 1507.44 ms
Execution 90 - TLS Mutual
s_connection: verify depth is 1
Handshake duration: 3142.42 ms
Execution 91 - TLS Mutual
s_connection: verify depth is 1
Handshake duration: 42.00 ms
Execution 92 - TLS Mutual
s_connection: verify depth is 1
Handshake duration: 1539.93 ms
Execution 93 - TLS Mutual
s_connection: verify depth is 1
Handshake duration: 41.27 ms
Execution 94 - TLS Mutual
s_connection: verify depth is 1
Handshake duration: 41.20 ms
Execution 95 - TLS Mutual
s_connection: verify depth is 1
Handshake duration: 1092.68 ms
Execution 96 - TLS Mutual
s_connection: verify depth is 1
Handshake duration: 41.76 ms
Execution 97 - TLS Mutual
s_connection: verify depth is 1
Handshake duration: 1083.28 ms
Execution 98 - TLS Mutual
s_connection: verify depth is 1
Handshake duration: 7467.30 ms
Execution 99 - TLS Mutual
s_connection: verify depth is 1
Handshake duration: 41.79 ms
Execution 100 - TLS Mutual
s_connection: verify depth is 1
Handshake duration: 40.66 ms
Execution 101 - TLS Mutual
s_connection: verify depth is 1
Handshake duration: 39.05 ms
Execution 102 - TLS Mutual
s_connection: verify depth is 1
Handshake duration: 1070.68 ms
Execution 103 - TLS Mutual
s_connection: verify depth is 1
Handshake duration: 1296.74 ms
Execution 104 - TLS Mutual
s_connection: verify depth is 1
Handshake duration: 240.77 ms
Execution 105 - TLS Mutual
s_connection: verify depth is 1
Handshake duration: 282.95 ms
Execution 106 - TLS Mutual
s_connection: verify depth is 1
Handshake duration: 39.93 ms
Execution 107 - TLS Mutual
s_connection: verify depth is 1
Handshake duration: 479.35 ms
Execution 108 - TLS Mutual
s_connection: verify depth is 1
Handshake duration: 40.25 ms
Execution 109 - TLS Mutual
s_connection: verify depth is 1
Handshake duration: 1147.46 ms
Execution 110 - TLS Mutual
s_connection: verify depth is 1
Handshake duration: 1098.52 ms
Execution 111 - TLS Mutual
s_connection: verify depth is 1
Handshake duration: 41.02 ms
Execution 112 - TLS Mutual
s_connection: verify depth is 1
Handshake duration: 38.84 ms
Execution 113 - TLS Mutual
s_connection: verify depth is 1
Handshake duration: 38.67 ms
Execution 114 - TLS Mutual
s_connection: verify depth is 1
Handshake duration: 654.37 ms
Execution 115 - TLS Mutual
s_connection: verify depth is 1
Handshake duration: 42.39 ms
Execution 116 - TLS Mutual
s_connection: verify depth is 1
Handshake duration: 1547.80 ms
Execution 117 - TLS Mutual
s_connection: verify depth is 1
Handshake duration: 40.40 ms
Execution 118 - TLS Mutual
s_connection: verify depth is 1
Handshake duration: 39.66 ms
Execution 119 - TLS Mutual
s_connection: verify depth is 1
Handshake duration: 38.52 ms
Execution 120 - TLS Mutual
s_connection: verify depth is 1
Handshake duration: 38.50 ms
Execution 121 - TLS Mutual
s_connection: verify depth is 1
Handshake duration: 38.40 ms
Execution 122 - TLS Mutual
s_connection: verify depth is 1
Handshake duration: 38.49 ms
Execution 123 - TLS Mutual
s_connection: verify depth is 1
Handshake duration: 38.65 ms
Execution 124 - TLS Mutual
s_connection: verify depth is 1
Handshake duration: 38.41 ms
Execution 125 - TLS Mutual
s_connection: verify depth is 1
Handshake duration: 273.18 ms
